=== Too Many Twos: Analysis ===

PE answer: 2500500025183626

Factorizing 2500500025183626:
  2 3 3 3 409 28111 4027481

=== The answer in binary ===
  Binary: 0000 0111 1100 0011 0000 1101 1000 1010
  s₂(answer) = 21
  v₂(answer) = 1

=== Sum of v₂(n) for n=1..N ===
  N= 1: Σv₂ =      0
  N= 2: Σv₂ =      1
  N= 3: Σv₂ =      1
  N= 4: Σv₂ =      3
  N= 5: Σv₂ =      3
  N= 6: Σv₂ =      4
  N= 7: Σv₂ =      4
  N= 8: Σv₂ =      7
  N= 9: Σv₂ =      7
  N=10: Σv₂ =      8
  N=11: Σv₂ =      8
  N=12: Σv₂ =     10
  N=13: Σv₂ =     10
  N=14: Σv₂ =     11
  N=15: Σv₂ =     11
  N=16: Σv₂ =     15
  N=17: Σv₂ =     15
  N=18: Σv₂ =     16
  N=19: Σv₂ =     16
  N=20: Σv₂ =     18
  N=21: Σv₂ =     18
  N=22: Σv₂ =     19
  N=23: Σv₂ =     19
  N=24: Σv₂ =     22
  N=25: Σv₂ =     22
  N=26: Σv₂ =     23
  N=27: Σv₂ =     23
  N=28: Σv₂ =     25
  N=29: Σv₂ =     25
  N=30: Σv₂ =     26

=== Answer interpretation ===
  The answer 2500500025183626 could be:
  - Sum of v₂(n) over a range
  - Count of numbers with v₂(n) above a threshold
  - Related to the binary representation of numbers
