56199968
48907636
52240320
69155856
52561600
56510454
66317000
51895935
54620016
66357760
68640000
41902080
48898476
57200325
61073600
69360192
41513472
71392000
71021580
62746002
65472672
55970552
59241780
44468578
56897775
71653900
46052160
60588000
66082380
65738400
73841040
67626900
39888900
84721000
64085184
61920516
55816695
64954692
61738560
45131940
56175028
77280885
63832790
74477376
58457490
48444480
48843200
53878440
54204150
49877100
51637950
56572272
59304700
50220324
64783800
67969935
67313664
70889000
54586350
37584960
58140504
74541060
50277040
49053900
65472000
40199250
45832560
60333000
63137700
63228480
65744300
59496192
47430144
54912000
63138852
86450000
38604672
46075000
59713200
71096454
68990130
37778400
65918600
60055776
41142400
55083528
49302000
46428480
48207744
43574144
48625920
64209600
68707016
53200000
80313600
75912200
64566180
62928000
85484322
32076000
