30638250
59342272
43240650
38270712
37620000
74554480
47825280
44248842
56884100
57402800
45353000
56617704
65772000
49757895
74279205
56644896
65976768
41627520
60555600
58317600
82987380
51184224
58134800
59129028
65198400
73359000
67570200
71229816
62544360
76203491
48547240
47354180
47900160
36900864
65318344
65522512
58664400
47082000
69921900
67151168
68127840
76233960
84870720
56826720
55410474
64099728
73841040
75246300
64115520
58658880
58094400
64239000
42277680
65320992
72243171
69046734
45114300
62733328
69408900
60489990
48034000
58531600
49797930
27050944
45636096
56704648
65300400
33888400
48664320
72837600
48263040
31531500
64078672
49173180
55221075
66974688
72392600
68983866
55008800
54128910
66509586
50328432
71064000
67495680
53106720
46769520
64638000
51297642
60546255
79544640
60790500
83923200
36333360
62868960
60011280
46008000
66036128
46315962
86504600
37879920
