34780200
74617200
69471220
41744560
60747414
44891600
49765104
69089608
60722955
59904000
65461305
55572076
61113492
77854140
59084640
73331082
60775680
59781876
74617200
46224640
59690400
39987210
63971100
65632800
46306442
51032916
42145950
53729460
60593960
51494688
68117280
59899440
46915750
65881200
63028890
57080560
59304700
28597500
65992980
90210000
52406200
78738660
81219264
54638064
47120760
47178900
45045504
49610880
65204370
56775652
56966220
45776992
70432992
65448810
63081816
50615616
68306000
48587592
57759240
82170000
45815040
50980800
50969620
55005014
61916400
54450200
34211488
65430486
74779440
63667296
57107160
67836384
60681600
73620800
35101248
49766400
66409308
73359000
62439552
74327220
63415170
58669380
62298720
54228300
76390216
65180160
60459615
64867500
55883058
52757100
70785260
62832000
56501280
56266790
46671600
64964592
74404000
33538344
52587535
73923840
