Verifying PE 620:

G(16) = 9 (given)
G(20) = 205 (given)

Small valid triples (s,p,q) with s+p+q ≤ 20, s≥5, p≥5, p<q:
  (c=16, s=5, p=5, q=6)
  (c=17, s=5, p=5, q=7)
  (c=18, s=5, p=5, q=8)
  (c=19, s=5, p=5, q=9)
  (c=20, s=5, p=5, q=10)
  (c=18, s=5, p=6, q=7)
  (c=19, s=5, p=6, q=8)
  (c=20, s=5, p=6, q=9)
  (c=20, s=5, p=7, q=8)
  (c=17, s=6, p=5, q=6)
  (c=18, s=6, p=5, q=7)
  (c=19, s=6, p=5, q=8)
  (c=20, s=6, p=5, q=9)
  (c=19, s=6, p=6, q=7)
  (c=20, s=6, p=6, q=8)
  (c=18, s=7, p=5, q=6)
  (c=19, s=7, p=5, q=7)
  (c=20, s=7, p=5, q=8)
  (c=20, s=7, p=6, q=7)
  (c=19, s=8, p=5, q=6)
  (c=20, s=8, p=5, q=7)
  (c=20, s=9, p=5, q=6)

G(500) = 1470337306

Note: Full geometric calculation of g(c,s,p,q) requires
solving tangent circle configurations with Descartes'
circle theorem and integer tooth-count constraints.
