=== PE 878: XOR Decimals Analysis ===

--- LHS Value Distribution (N=50) ---
Value : Count
    0 : 1
    1 : 6
    2 : 5
    4 : 5
    5 : 4
    8 : 4
   10 : 5
   13 : 9
   16 : 4
   17 : 4
   20 : 4
   21 : 3
   25 : 7
   26 : 7
   32 : 3
   34 : 3
   37 : 7
   40 : 4
   41 : 6
   42 : 4
   50 : 6
   52 : 6
   57 : 6
   61 : 6
   64 : 3
   65 : 3
   68 : 3
   69 : 3
   73 : 4
   74 : 5
   80 : 2
   81 : 8
   82 : 6
   84 : 2
   85 : 2
   97 : 5
  100 : 5
  104 : 6
  109 : 5
  114 : 5
  117 : 6
  122 : 5
  125 : 5
  128 : 2
  130 : 2
  136 : 2
  137 : 5
  138 : 3
  141 : 5
  145 : 3
  146 : 5
  148 : 5
  157 : 3
  160 : 3
  162 : 6
  164 : 4
  168 : 3
  170 : 3
  177 : 4
  181 : 8
  185 : 5
  193 : 5
  194 : 4
  200 : 4
  201 : 4
  208 : 5
  213 : 4
  218 : 4
  221 : 4
  228 : 4
  229 : 4
  233 : 5
  234 : 4
  241 : 4
  244 : 4
  250 : 4
  253 : 4
  256 : 2
  257 : 2
  260 : 2
  261 : 2
  272 : 2
  273 : 2
  274 : 3
  276 : 2
  277 : 4
  282 : 2
  285 : 2
  289 : 7
  290 : 4
  292 : 3
  296 : 2
  301 : 2
  313 : 4
  314 : 4
  320 : 2
  321 : 6
  324 : 5
  325 : 1
  328 : 4
  333 : 4
  336 : 1
  337 : 1
  340 : 1
  341 : 1
  354 : 4
  357 : 4
  361 : 2
  362 : 6
  365 : 4
  369 : 3
  370 : 2
  386 : 3
  388 : 4
  393 : 3
  397 : 4
  400 : 3
  402 : 3
  409 : 6
  416 : 3
  417 : 3
  425 : 3
  426 : 3
  433 : 4
  436 : 3
  442 : 3
  445 : 3
  453 : 6
  456 : 3
  458 : 3
  466 : 4
  468 : 3
  473 : 3
  477 : 3
  482 : 3
  485 : 4
  488 : 4
  493 : 3
  500 : 3
  501 : 3
  505 : 3
  506 : 3
  512 : 2
  514 : 1
  517 : 4
  520 : 1
  521 : 4
  522 : 1
  529 : 3
  541 : 3
  544 : 1
  545 : 3
  546 : 1
  548 : 3
  552 : 1
  554 : 4
  557 : 1
  564 : 3
  570 : 3
  578 : 5
  580 : 2
  584 : 3
  592 : 3
  601 : 1
  602 : 3
  605 : 1
  609 : 5
  613 : 1
  617 : 3
  626 : 1
  628 : 1
  629 : 3
  637 : 3
  640 : 2
  642 : 4
  648 : 4
  650 : 2
  656 : 1
  661 : 3
  665 : 3
  666 : 1
  672 : 2
  674 : 2
  677 : 2
  680 : 2
  682 : 2
  685 : 1
  689 : 4
  697 : 1
  701 : 3
  708 : 2
  714 : 1
  721 : 3
  722 : 3
  724 : 4
  725 : 3
  730 : 1
  737 : 2
  738 : 3
  740 : 3
  745 : 3
  749 : 5
  757 : 1
  761 : 1
  769 : 2
  772 : 2
  776 : 3
  777 : 2
  786 : 2
  789 : 2
  793 : 2
  794 : 3
  800 : 2
  804 : 2
  805 : 4
  817 : 2
  818 : 4
  821 : 3
  832 : 2
  834 : 2
  841 : 2
  845 : 2
  850 : 2
  852 : 3
  861 : 4
  865 : 2
  866 : 2
  872 : 2
  877 : 3
  881 : 2
  884 : 2
  889 : 3
  890 : 2
  897 : 2
  901 : 2
  906 : 4
  912 : 3
  916 : 2
  925 : 4
  929 : 3
  932 : 2
  936 : 2
  937 : 2
  946 : 2
  949 : 2
  953 : 3
  954 : 2
  964 : 3
  965 : 2
  970 : 2
  973 : 2
  976 : 2
  981 : 2
  985 : 2
  986 : 3
 1000 : 2
 1001 : 2
 1002 : 2
 1005 : 2
 1009 : 5
 1010 : 2
 1012 : 2
 1024 : 1
 1025 : 1
 1028 : 1
 1029 : 1
 1033 : 2
 1034 : 2
 1040 : 1
 1041 : 3
 1042 : 2
 1044 : 1
 1045 : 1
 1069 : 1
 1077 : 1
 1082 : 1
 1088 : 1
 1089 : 3
 1090 : 2
 1092 : 1
 1093 : 1
 1096 : 1
 1104 : 1
 1105 : 1
 1108 : 2
 1109 : 1
 1113 : 3
 1114 : 2
 1153 : 2
 1156 : 3
 1160 : 2
 1165 : 2
 1168 : 1
 1177 : 1
 1202 : 2
 1205 : 2
 1210 : 2
 1213 : 2
 1218 : 2
 1221 : 2
 1226 : 2
 1229 : 2
 1249 : 3
 1252 : 2
 1256 : 2
 1261 : 2
 1265 : 1
 1274 : 1
 1280 : 1
 1281 : 1
 1284 : 3
 1293 : 2
 1296 : 2
 1305 : 2
 1312 : 2
 1321 : 2
 1332 : 2
 1341 : 2
 1345 : 2
 1354 : 2
 1361 : 2
 1370 : 2
 1377 : 2
 1378 : 3
 1385 : 2
 1394 : 2
 1401 : 2
 1413 : 2
 1416 : 2
 1428 : 2
 1433 : 2
 1442 : 1
 1445 : 3
 1448 : 2
 1453 : 1
 1460 : 2
 1465 : 2
 1473 : 1
 1474 : 2
 1476 : 1
 1480 : 1
 1485 : 2
 1493 : 2
 1498 : 2
 1509 : 2
 1514 : 2
 1522 : 2
 1533 : 2
 1537 : 3
 1538 : 1
 1544 : 1
 1552 : 1
 1554 : 1
 1557 : 1
 1565 : 1
 1569 : 2
 1572 : 1
 1573 : 1
 1578 : 1
 1585 : 1
 1586 : 2
 1588 : 1
 1597 : 1
 1600 : 2
 1608 : 1
 1610 : 2
 1617 : 2
 1625 : 1
 1629 : 2
 1634 : 1
 1636 : 3
 1642 : 1
 1649 : 1
 1653 : 2
 1657 : 1
 1664 : 1
 1668 : 2
 1669 : 1
 1673 : 1
 1681 : 3
 1682 : 1
 1690 : 1
 1700 : 1
 1704 : 2
 1705 : 1
 1709 : 1
 1717 : 1
 1722 : 2
 1725 : 1
 1729 : 1
 1730 : 1
 1732 : 1
 1741 : 2
 1744 : 1
 1745 : 2
 1754 : 1
 1762 : 1
 1765 : 3
 1768 : 1
 1777 : 1
 1778 : 2
 1780 : 1
 1789 : 1
 1794 : 1
 1801 : 2
 1802 : 1
 1805 : 1
 1809 : 1
 1812 : 3
 1821 : 1
 1824 : 1
 1825 : 1
 1829 : 1
 1832 : 2
 1845 : 1
 1849 : 1
 1850 : 2
 1858 : 1
 1864 : 1
 1865 : 1
 1869 : 2
 1872 : 1
 1874 : 1
 1877 : 1
 1881 : 1
 1892 : 1
 1897 : 2
 1898 : 2
 1906 : 1
 1908 : 1
 1909 : 2
 1917 : 1
 1921 : 2
 1928 : 1
 1930 : 1
 1933 : 1
 1940 : 1
 1941 : 2
 1946 : 1
 1952 : 1
 1961 : 1
 1962 : 2
 1965 : 1
 1969 : 2
 1970 : 1
 1972 : 1
 1977 : 1
 1989 : 1
 1993 : 4
 2000 : 2
 2002 : 1
 2004 : 1
 2010 : 1
 2018 : 2
 2020 : 2
 2024 : 1
 2037 : 1
 2041 : 1
 2045 : 2
 2048 : 1
 2050 : 1
 2056 : 1
 2058 : 1
 2066 : 1
 2068 : 1
 2080 : 1
 2082 : 2
 2084 : 1
 2088 : 1
 2090 : 1
 2113 : 1
 2121 : 1
 2125 : 2
 2149 : 1
 2153 : 1
 2161 : 1
 2165 : 1
 2176 : 1
 2178 : 2
 2180 : 1
 2184 : 1
 2186 : 1
 2208 : 1
 2210 : 1
 2216 : 1
 2218 : 1
 2226 : 1
 2228 : 1
 2241 : 1
 2245 : 1
 2257 : 1
 2269 : 1
 2293 : 1
 2297 : 2
 2301 : 1
 2306 : 1
 2312 : 1
 2320 : 1
 2330 : 1
 2341 : 1
 2345 : 1
 2353 : 1
 2365 : 1
 2373 : 1
 2381 : 1
 2385 : 1
 2393 : 1
 2404 : 1
 2410 : 1
 2420 : 1
 2426 : 1
 2433 : 1
 2436 : 1
 2441 : 1
 2442 : 1
 2452 : 1
 2453 : 1
 2458 : 1
 2461 : 1
 2497 : 1
 2498 : 1
 2504 : 1
 2509 : 1
 2512 : 1
 2517 : 1
 2521 : 1
 2522 : 1
 2560 : 1
 2561 : 1
 2562 : 1
 2568 : 2
 2577 : 1
 2586 : 1
 2592 : 1
 2605 : 1
 2610 : 1
 2621 : 1
 2624 : 1
 2629 : 1
 2642 : 1
 2645 : 1
 2657 : 1
 2664 : 1
 2665 : 1
 2681 : 1
 2682 : 1
 2690 : 1
 2693 : 1
 2705 : 1
 2708 : 1
 2721 : 2
 2722 : 1
 2740 : 1
 2741 : 1
 2756 : 2
 2765 : 1
 2770 : 1
 2777 : 1
 2788 : 1
 2793 : 1
 2802 : 1
 2813 : 1
 2825 : 1
 2826 : 1
 2832 : 1
 2833 : 1
 2856 : 1
 2861 : 1
 2866 : 1
 2869 : 1
 2881 : 1
 2890 : 1
 2896 : 1
 2905 : 1
 2917 : 1
 2920 : 1
 2930 : 1
 2941 : 1
 2948 : 1
 2953 : 1
 2965 : 1
 2970 : 1
 2977 : 1
 2986 : 1
 2996 : 1
 3005 : 1
 3018 : 1
 3021 : 1
 3025 : 1
 3028 : 1
 3044 : 1
 3045 : 1
 3065 : 1
 3066 : 1
 3076 : 1
 3097 : 1
 3125 : 1
 3156 : 1
 3169 : 1
 3194 : 1
 3216 : 1
 3245 : 1
 3258 : 1
 3272 : 1
 3289 : 1
 3313 : 1
 3328 : 1
 3362 : 1
 3373 : 1
 3393 : 1
 3400 : 1
 3425 : 1
 3457 : 1
 3460 : 1
 3493 : 1
 3524 : 1
 3553 : 1
 3554 : 1
 3601 : 1
 3617 : 1
 3624 : 1
 3648 : 1
 3661 : 1
 3698 : 1
 3713 : 1
 3716 : 1
 3762 : 1
 3793 : 1
 3812 : 1
 3813 : 1
 3841 : 1
 3860 : 1
 3882 : 1
 3913 : 1
 3940 : 1
 3957 : 1
 3977 : 1
 4008 : 1
 4017 : 1
 4045 : 1
 4048 : 1
 4074 : 1

--- Cumulative G(N,m) ---
G(  10,   10) = 18
G(  10,  100) = 56
G( 100,   10) = 36
G( 100,  100) = 223
G(1000,   10) = 56
G(1000,  100) = 398

--- GF(2) Polynomial Theory ---
A² ⊕ xAB ⊕ B² = K
= (A⊕B)² ⊕ xAB = K
For a given K, we're counting solutions (A,B) with deg ≤ log₂(N)
and K ≤ m (where K is interpreted as integer from binary)

PE answer: 23707109
