PE 674: Solving ω(φ(n))

ω values:
  ω(1)=0, ω(2)=1, ω(6)=2, ω(30)=3, ω(210)=4
  Computed: ω(2)=1, ω(6)=2, ω(30)=3, ω(210)=4

φ values:
  φ(1)=1, φ(2)=1, φ(6)=2, φ(10)=4, φ(12)=4
  Computed: φ(2)=1, φ(6)=2, φ(10)=4, φ(12)=4

ω(φ(n)) for n=1..20:
  ω(φ(1)) = 0
  ω(φ(2)) = 0
  ω(φ(3)) = 1
  ω(φ(4)) = 1
  ω(φ(5)) = 1
  ω(φ(6)) = 1
  ω(φ(7)) = 2
  ω(φ(8)) = 1
  ω(φ(9)) = 2
  ω(φ(10)) = 1
  ω(φ(11)) = 2
  ω(φ(12)) = 1
  ω(φ(13)) = 2
  ω(φ(14)) = 2
  ω(φ(15)) = 1
  ω(φ(16)) = 1
  ω(φ(17)) = 1
  ω(φ(18)) = 2
  ω(φ(19)) = 2
  ω(φ(20)) = 1

Sieve verification (N=100):
  ω(1)=0 φ(1)=1
  ω(2)=1 φ(2)=1
  ω(3)=1 φ(3)=2
  ω(4)=1 φ(4)=2
  ω(5)=1 φ(5)=4
  ω(6)=2 φ(6)=2
  ω(7)=1 φ(7)=6
  ω(8)=1 φ(8)=4
  ω(9)=1 φ(9)=6
  ω(10)=2 φ(10)=4
