PE 787: Bezout's Game / Bezout游戏

=== Extended Euclidean Algorithm ===
  3·(1) + 2·(-1) = 1
  4·(1) + 3·(-1) = 1
  5·(1) + 2·(-2) = 1
  6·(1) + 5·(-1) = 1
  7·(1) + 2·(-3) = 1
  8·(-1) + 3·(3) = 1
  9·(1) + 2·(-4) = 1
  10·(1) + 3·(-3) = 1
  11·(1) + 2·(-5) = 1
  12·(-2) + 5·(5) = 1

=== Euclidean algorithm statistics ===
Pairs (a,b) with a>b, showing steps and quotient sum:
  (5,1): steps=1 quot_sum=5 gcd=1
  (5,2): steps=2 quot_sum=4 gcd=1
  (5,3): steps=3 quot_sum=4 gcd=1
  (5,4): steps=2 quot_sum=5 gcd=1
  (10,1): steps=1 quot_sum=10 gcd=1
  (10,3): steps=2 quot_sum=6 gcd=1
  (10,5): steps=1 quot_sum=2 gcd=5
  (10,7): steps=3 quot_sum=6 gcd=1
  (10,9): steps=2 quot_sum=10 gcd=1
  (15,1): steps=1 quot_sum=15 gcd=1
  (15,4): steps=3 quot_sum=7 gcd=1
  (15,7): steps=2 quot_sum=9 gcd=1
  (15,10): steps=2 quot_sum=3 gcd=5
  (15,13): steps=3 quot_sum=9 gcd=1
  (20,1): steps=1 quot_sum=20 gcd=1
  (20,5): steps=1 quot_sum=4 gcd=5
  (20,9): steps=3 quot_sum=8 gcd=1
  (20,13): steps=4 quot_sum=9 gcd=1
  (20,17): steps=4 quot_sum=9 gcd=1

=== GCD sums over pairs ===
  N=1: Σgcd=       1  Σlcm=           1
  N=2: Σgcd=       5  Σlcm=           7
  N=3: Σgcd=      12  Σlcm=          28
  N=4: Σgcd=      24  Σlcm=          72
  N=5: Σgcd=      37  Σlcm=         177
  N=6: Σgcd=      61  Σlcm=         303
  N=7: Σgcd=      80  Σlcm=         604
  N=8: Σgcd=     112  Σlcm=         948

=== Pairs with gcd=g ===
  gcd=1: 43 pairs in [1,8]^2
  gcd=2: 11 pairs in [1,8]^2
  gcd=3: 3 pairs in [1,8]^2
  gcd=4: 3 pairs in [1,8]^2
