Verifying PE 618:

S(1) = 0 (expected 0, but dp[1]=1 which is the number 1)
  Note: S(1) is defined as 0 because 1 has no prime factors.
S(2) = 2 (expected 2)
S(3) = 3 (expected 3)
S(5) = 11 (expected 11 = 5+6)
S(8) = 49 (expected 49 = 15+16+18)

Fibonacci numbers F_1..F_24:
F_1 = 1
F_2 = 1
F_3 = 2
F_4 = 3
F_5 = 5
F_6 = 8
F_7 = 13
F_8 = 21
F_9 = 34
F_10 = 55
F_11 = 89
F_12 = 144
F_13 = 233
F_14 = 377
F_15 = 610
F_16 = 987
F_17 = 1597
F_18 = 2584
F_19 = 4181
F_20 = 6765
F_21 = 10946
F_22 = 17711
F_23 = 28657
F_24 = 46368

S(F_k) for k=2..24:
  S(F_2 = 1) = 0
  S(F_3 = 2) = 2
  S(F_4 = 3) = 3
  S(F_5 = 5) = 11
  S(F_6 = 8) = 49
  S(F_7 = 13) = 603
  S(F_8 = 21) = 25681
  S(F_9 = 34) = 6595481
  S(F_10 = 55) = 479486133
  S(F_11 = 89) = 204414971
  S(F_12 = 144) = 250497849
  S(F_13 = 233) = 793019892
  S(F_14 = 377) = 870685887
  S(F_15 = 610) = 7837121
  S(F_16 = 987) = 517955902
  S(F_17 = 1597) = 760011767
  S(F_18 = 2584) = 764327681
  S(F_19 = 4181) = 813949733
  S(F_20 = 6765) = 342997943
  S(F_21 = 10946) = 634674116
  S(F_22 = 17711) = 272019633
  S(F_23 = 28657) = 652487892
  S(F_24 = 46368) = 263223866

Answer (last 9 digits): 634212216
PE answer: 634212216
