PE 862: Larger Digit Permutations / 较大数字排列

=== Small numbers with non-increasing digits ===
  1  2  3  4  5  6  7  8  9 10
 11 20 21 22 30 31 32 33 40 41
 42 43 44 50 51 52 53 54 55 60
 61 62 63 64 65 66 70 71 72 73
 74 75 76 77 80 81 82 83 84 85
 86 87 88 90 91 92 93 94 95 96
 97 98 99100
Count ≤100: 64

=== Count of non-increasing digit numbers ===
N=10^1: direct=10, comb=9
N=10^2: direct=64, comb=63
N=10^3: direct=283, comb=282
N=10^4: direct=997, comb=996
N=10^5: direct=2998, comb=2997

=== Numbers with larger digit permutations ===
N=     10: total=10, non_inc=10, with_larger_perm=0
N=    100: total=100, non_inc=64, with_larger_perm=36
N=   1000: total=1000, non_inc=283, with_larger_perm=717
N=  10000: total=10000, non_inc=997, with_larger_perm=9003
N= 100000: total=100000, non_inc=2998, with_larger_perm=97002

=== PE Answer ===
6111397420935766740
