Computing window matrix properties...

N=10:
  K=2: sum=5696237674 mod=696237639 windows=81
  K=5: sum=15441421321 mod=441421216 windows=36
  K=10: sum=1750319718 mod=750319711 windows=1
  K=5: sum=15441421321 mod=441421216 windows=36

N=20:
  K=2: sum=24423119183 mod=423119015 windows=361
  K=5: sum=106718942103 mod=718941361 windows=256
  K=10: sum=202443062998 mod=443061584 windows=121
  K=10: sum=202443062998 mod=443061584 windows=121

N=50:
  K=2: sum=157840250057 mod=840248958 windows=2401
  K=5: sum=869990985054 mod=990978971 windows=2116
  K=10: sum=2769534511276 mod=534491893 windows=1681
  K=25: sum=6960626042945 mod=625994225 windows=676

N=100:
  K=2: sum=662127374452 mod=127369818 windows=9801
  K=5: sum=3888736010491 mod=735983275 windows=9216
  K=10: sum=13950864941289 mod=864843639 windows=8281
  K=50: sum=109335825707614 mod=824942269 windows=2601


PE answer: 783976161
783976161 = 783976161
783976161 mod 1000000007 = 783976161
