159969149
40492271
90462109
38168479
125763959
140354477
158874097
132782929
65101217
146931511
125602949
154599329
25796231
18798881
33515893
82857343
163650827
169992271
31219351
23817809
116903467
17489011
88566433
146764259
51511879
104301289
119240747
53650067
135888887
146957449
170408327
130038401
136630759
154778471
133915813
122117053
124201823
179068381
38849857
117324061
150322219
85974211
92013973
53166229
167179091
175581251
139176491
91066957
90828917
93557669
73000909
124069727
139098191
134658941
165452957
168600671
73203199
23997419
102996011
30738857
27272849
177264709
85484677
50757719
84730487
80173519
85528477
83248157
49376161
37083019
44797021
171809923
164664727
113672437
129695893
93202763
41766713
90860953
98269517
56216521
94758611
32467207
125191541
166389469
33469361
91339597
157864253
88313717
136943021
107143063
23594033
47614769
133758967
80319377
105054083
82328657
168898399
66330211
33971863
164006383
83875343
54001037
146553149
70257911
65647511
170553359
81337709
125178301
76469279
47057531
150415189
109580593
131117573
152753593
120829637
142437703
47211347
107103443
47617223
168435853
44104937
147163631
19219297
168784691
122258021
123907541
18842869
95707709
126696919
32812547
43610647
28558307
125030863
50228051
44842459
43130573
133818533
47211799
56774401
32298527
60329873
114830531
82731731
175870883
88419883
126428087
132387503
91982081
36154687
18855763
96449333
80887943
145150589
166785893
34553699
146536763
119889571
151288843
20431627
108352337
179353987
167578721
79871201
52915477
64387933
147813049
140968511
157130993
52058333
144095617
73656353
70935199
84574613
138603779
61611629
112623661
178827577
39725053
73273831
35150201
73193951
99336737
43115069
170420827
46026223
70855727
149650549
98939761
30382301
24791339
113730179
18856511
58365239
66084709
156397457
47330531
53672603
84584281
174842027
54750587
167737729
177434339
41527771
178258427
158549819
48277363
171215497
33576929
70155401
137183623
134273753
136899989
56902303
162261629
124967599
158462921
89586163
152966993
128221783
170799899
120511361
131436419
56623001
149928223
26397781
51171761
145308259
112511237
58318009
63652657
86049781
157885979
16567147
115550353
84322643
129192881
138220837
176602693
153153899
125832727
175300729
103019489
164248549
46518599
89799713
118636853
84213839
150491743
122641843
116746691
61242799
91299077
150315413
102523507
33220751
30214361
30012947
106718813
58572713
19293229
139205527
41515561
171981703
52615279
93544331
47653223
45756301
43498183
121256671
153136961
113953277
108139747
34695697
54885641
33159961
131964031
36554069
60915353
35933141
100389461
66525989
113566643
155233033
92866931
60807631
105997421
177144941
18420749
113651453
158795323
137117419
131319847
104877533
176586517
39333113
110464447
117352223
102781351
85165247
66004399
32075609
171377543
134178413
67581187
134094017
34294489
56657099
113481967
19482431
156665623
101912243
132607661
49461583
73200707
90074009
94908889
141661369
114614047
162736127
133177663
147098257
56207803
111659659
20195521
132109711
47331839
92954969
148428937
171198961
46224677
139943119
101452297
65297977
172266431
143591563
168522097
63867823
137663681
40114469
40297927
22762457
27196913
16528027
149755741
86361413
65315099
130483949
172554769
172823927
46953913
26063293
150051973
132134137
24487483
23815111
113186389
71684269
39116509
112293451
131165687
139308131
153852067
169216241
159214217
76363667
51294449
43385123
177736357
72378227
178764617
122653541
97764781
163886413
23013787
173479847
100630763
43650793
72881909
33816919
134302079
32174977
104256617
68642201
55748111
45300037
141781487
77774129
40642663
27094211
20810501
66028421
79994371
101474519
160899491
115668857
24957739
160639277
105381781
83650937
57725141
69971599
28639489
68641679
163864801
172497653
176851693
133248457
71051129
27315109
52756309
15640687
67160297
138806051
29403973
45412019
142007059
45933119
44593189
56618293
154686149
23172659
57187523
117241133
74952817
135472009
22388749
92360221
80005319
177430177
92611927
135582583
125739623
35225327
85902841
174862267
79126057
38705881
122107361
176217749
92954051
44712011
50813069
118321783
103651357
30032053
168025523
139671491
79238899
100441343
151523909
77937473
76205821
175651349
41918839
168472099
31459357
130268681
45000457
22595647
69463883
112724137
171640303
54661679
64155881
106402487
87562141
134263523
70510163
85204967
18862033
91077821
122179003
34394897
151520471
135444791
124227569
109570897
143421881
41336663
51889267
89935667
24114241
129240161
51807191
102314851
178023869
114761629
74830537
76381021
128367457
96949397
47773813
137778917
173127853
106770527
178328369
92068139
101361773
39994231
68119661
64123253
159405557
60131837
94567747
158812933
172282073
168570949
150652253
111910991
110792827
172497433
172506479
141712213
61769819
124292801
71361089
163391699
46568267
125604581
97052693
175824323
92338999
162987919
92795251
17859077
126924361
66829999
107582591
45862987
118206103
101290663
128214013
173236619
28532467
93679907
168952543
91726853
31754383
99080533
162265031
119169221
93383963
31248857
87488039
166396829
21057691
57021227
74959141
148187681
132307003
94644169
102693527
49902107
30210623
106199539
40933889
92616751
77063383
36487343
67631539
47412763
53432011
73951519
138898847
92319583
17181103
80900437
106157273
114312703
116304389
151401697
109074271
91364237
159244391
83623961
72064117
25927619
108664727
144507383
73915463
19898639
63064523
156977621
119928229
162792233
41547101
172453097
142475897
172962371
121575239
82794757
78574087
48990233
88597889
65464121
62544667
17366137
54892049
61411877
66767783
177131783
164946247
90969101
118065929
77119979
88900873
99096253
108025397
128236517
107825821
150438907
119303213
135723641
146366081
55509359
51748639
148401691
101908853
136892407
81463699
172645607
104859431
151427231
35128141
70695433
33460963
68657227
62311993
121804447
111053227
128930161
145426609
95805331
157108097
115944737
74819593
136206781
55448387
80176249
65408671
88926169
95226353
62939671
24920383
115808111
88848167
175051109
28577191
92199883
73037599
137249771
135871847
167811037
159348433
116316191
85767863
28400861
44928451
76377157
167656663
54124207
39963739
106278721
66434933
35486291
145736557
145657481
74328179
66416659
83138999
113288447
27109361
147417437
31425029
84498277
102540367
90321823
40786087
102529579
33321391
73434761
61225561
157257161
87187613
65354659
170298913
65120947
76053577
161714699
22012301
109688533
19634917
70930603
174594479
49352123
103755629
125395339
131624593
101662667
120475571
82221011
59142739
94675549
87614467
165430313
139293893
26244781
59751877
84018073
61712309
135508493
152057327
168922099
153145193
47251531
101885909
152834533
160939013
121345883
63196253
23460121
53948987
28381277
44908133
70320161
157074667
17941397
80029127
137534647
158544637
125791999
61990417
130834811
145909457
109797901
38975863
78424831
78189677
55481861
88799549
69552719
48011633
101907947
75598867
30904859
27519839
27830057
57845413
97487287
74210887
89792953
36368867
28366673
46977611
153797471
37831513
71144261
40495297
165792167
71134747
139332499
154490507
21501691
173916881
89069791
128471279
117308251
143479157
132975383
46876793
75092767
160597043
131928053
100792667
75396091
89888119
32572777
34653469
123943891
129845063
57610279
72026011
122302459
69071179
26092091
174074377
30977363
128112353
80016457
19215949
110346407
155288527
49539167
80533771
161722417
72840347
100499507
174273391
58912549
16657019
129472069
133407473
160751483
97479157
43979759
63787291
115267387
156647629
117950821
112883033
35865017
24541051
67085801
170643547
144108421
163449901
27283367
50569361
19882601
148568617
139353287
20285443
37023661
107100437
140340769
31834501
141955999
39521509
94891729
30890773
48521339
38887747
17279833
125602007
17765491
90083209
117604063
149418749
100087063
15514549
94283503
99650219
81736351
126042107
74857007
171078053
122884261
174478607
50311249
22065697
39525721
44003359
46780843
165187259
158885483
117020489
109758377
62459129
114933331
138940441
64922603
68824871
63787109
126638669
81476719
86382133
35264599
169663343
87159407
21010673
38537237
129933523
127952131
18807409
177668731
84879257
163841939
138449209
150065057
167323031
124199893
112090117
49606861
126767911
79628509
113967683
84026209
127988557
101958971
169709987
172471997
128906837
42004073
88356349
58698763
155740027
33776971
77986751
34300949
71799907
51140303
44538973
67675747
83423617
77130773
146855837
99386761
160084649
111729637
34643179
122002337
49175953
110085379
166138417
133580281
113153449
147508817
80350073
16356191
43928341
112352413
61936703
159004343
27525859
123464779
28882151
39253961
69490037
144520933
118737427
99543889
141149201
73257637
54016511
155603053
74047049
65662939
52010071
36906889
43397171
37358117
155787911
166681267
149546521
37654459
36137399
177743179
79148869
114785107
102103409
54983353
33165547
83169221
153967553
55880837
92726467
70961809
83226257
153874733
153995573
50661059
154411639
31711541
91493587
163761911
178814861
69911923
70240627
137984261
122557711
78785851
55679423
52953289
114532823
31123511
63743033
125284721
118950961
21453143
71272763
28959101
73686763
97680757
76073681
31682537
156003437
104587099
53051521
49723061
114788771
31530311
91828613
63269777
38627063
40850791
170288423
53097841
65407201
87192689
127827851
132344689
23558207
120042751
162090211
18712069
96726631
52850879
174590849
42806377
87351833
70843741
57564343
114901483
162337061
84390379
79129489
65848451
72383561
143015077
98317711
29734559
55954799
64707659
92694617
136632827
152644747
114790057
61529257
54053893
81281089
72989429
71095417
65099107
92504723
67698317
59095849
132112597
117371311
78313831
144179513
85014751
114118903
166840279
104124821
107457949
63244277
92620223
173056111
179001139
74723189
79685651
75551713
177434987
64347011
154264889
173894893
52922773
99293729
82293671
152717113
139984963
176814991
168086341
51726809
97426097
85740023
137756863
39847441
113177423
47888651
72690481
30661993
95865559
126121103
17052583
113696111
116646749
81255197
107031913
68906221
81803401
166362811
97214861
91221751
159531517
24290353
35739031
94284139
109505273
79560433
178736897
122383291
18372329
174164149
121049801
32764003
174321841
169983739
17410391
22289471
138792497
139616927
87501721
89453293
75182531
156350521
60378337
31439773
64473109
75140489
126862793
101539979
49321183
170814013
158561369
107126423
42919553
129719371
34367369
69060097
38893819
31502441
73980097
135338657
105355519
141536557
150785267
141034303
110094793
152909171
102661319
28215277
43841437
46893989
96079091
158881739
143006657
64586399
114127711
168483599
108003157
149087443
111391411
41084227
73558489
109845979
29672879
123655463
146858711
74963411
107816381
159369709
78049999
60842141
98510609
114202019
124908853
150785231
167618819
16694239
24598633
152581691
20329339
80855939
19195367
106008559
37016173
32413301
109231553
125472353
175017673
27988469
80635781
61439803
149289277
65454341
28123213
100807349
90231457
149449843
154692029
75766147
144451093
29198527
104845843
33673411
135248363
93857237
166853077
128486299
41706359
94987367
34241309
101315047
124757653
22011151
27830743
54934261
94547143
132221197
134475599
172863947
109856101
62044181
135951887
45354473
85406389
62808847
143729801
110749403
27475937
139437283
159250829
18397373
143471767
177919367
76675337
57180191
64579997
146503321
112356653
47803681
114890639
47100653
65101709
52395353
155943859
63104563
17658491
124257871
137636887
105026483
164227303
110953729
131382421
27931171
87857333
79799059
116169773
177101411
140641337
38768713
178909561
132449459
59487503
155769197
73843373
55555553
28437047
150026323
168693409
18591193
119308837
129741743
36713969
54867569
120048989
116461337
129533629
57829757
167668799
129605771
119232017
67816687
119658613
66300131
28175099
23784311
57423287
72952247
164649971
23269249
23638297
48661037
61540093
76806253
56761339
130286017
29821601
151320817
147267427
123487051
27913859
16440119
107646569
135885371
98321563
126905371
33997619
113623001
168415301
33324611
120602759
83487113
31941919
37661989
51244447
161911433
103371347
91325749
152704297
41845943
176008067
43300457
37386703
75164347
44230001
76608827
173073301
95393191
161282083
124372553
110938403
120923969
177928447
148917889
47327723
104042663
152489461
26100583
86913901
109844767
90427991
105215689
97643323
34659017
161934887
165125113
105021061
129574363
116788141
177163379
44477473
73872053
86502461
49824997
43487023
68084689
39051119
42059747
136975411
112885373
18015479
22585159
17841179
41101231
121775909
81288761
118994263
37105823
178285847
172655323
37962047
84256129
30760057
100106837
166814201
129669521
99319247
150667801
133401031
47580301
127316053
97381849
22440401
56205151
137849183
89625517
96335951
155077631
136627723
138940829
108876331
139020223
21557519
94183667
48988991
171794617
162830203
34682621
25316573
42884921
16088221
71474201
113734213
85335697
152810513
91870151
106394579
147992381
132859367
78652501
138826201
135957391
47227127
158469617
165808561
154295299
123724591
144640459
33044329
28498693
56054081
89199973
19090997
36224261
179257879
27972493
26666119
111696779
89615737
167413999
91033417
84469937
139283849
82439311
91784113
39362047
57020773
154071259
49542373
20050787
120299629
30838217
66225503
52613189
132774937
26571533
122722631
45242707
56680711
153639917
109132193
61063757
112686061
169157707
56099663
87324463
139463003
31658873
109655363
95127059
172311407
46119613
151462117
87321721
152526307
134198201
43062473
87851473
18282203
99483653
173238127
89214259
52890067
76807483
131976473
159596971
155839553
81283921
22366703
26631593
107433803
110095801
89515849
103809709
61271047
100815133
155052727
85802659
123585061
76216183
100522127
175995107
100311793
76565123
99947741
29611753
41185721
84997597
86479919
74553733
105308243
68553091
137550541
58556837
144438823
118194347
140581699
57366943
175749157
44577779
39808297
179219273
22962787
171690559
101029393
44676439
159413227
149072377
52288493
129532217
59399981
33903301
174256903
167589943
21383107
74818361
143824999
30335159
55481807
42058553
45666263
91387489
17140183
178855711
112188803
159684197
108214723
107970143
177765487
101339747
55817963
49683523
74615237
144373813
115558381
58820473
37649987
124400867
83510057
25272799
22203127
139908157
61667929
70700503
110382047
78394669
44074801
110923627
51147289
171621427
141498271
62787041
48149029
140225053
62238257
45106123
153493943
138405727
22395181
135584479
40539209
138744371
88589653
92813327
123407653
38220817
45288317
35165833
21789917
20106601
93488713
160439879
157800791
132914017
21867401
57475421
149227297
103472449
97784041
97677607
176588017
44884139
98813899
111865697
68879753
76637059
41739407
18980113
161643193
59296661
119506601
108710611
177225509
83435399
32661229
85254601
93524911
17015641
25849651
166727203
33928897
48969959
162521707
69157157
38722121
40138919
104365861
29507267
76599503
139881821
20524811
87064277
15680827
158304667
76551691
65221423
104254279
62761397
150434183
98480597
103690031
157674641
70198981
25741147
127048169
156514441
87795479
31784189
108868321
64317503
58956979
149874551
146033611
58570199
116415463
88683457
37844299
90103423
177361949
134654591
164917873
130223059
56064959
70728523
33490843
160974049
156459349
51243001
16949123
120194377
148527059
112565239
170241787
103525327
169735669
40440383
67960129
116552237
176537951
111994123
53034581
120549413
170530219
155936887
137226017
26771137
165664259
145437203
138024703
159029987
88517153
43773607
158594201
164144927
43754699
176368249
152810069
99014051
175444051
128333921
68874877
119123899
36858517
147752497
161238439
161251639
156916811
135341887
80369987
167208271
147337417
100776341
46145543
60628877
17907361
129862987
167374609
125428231
27057161
20515477
26382481
120953951
30669481
109850779
93095803
72619933
162716357
89154677
144086491
84419837
127815539
79634131
122444857
62704801
163285427
25919977
111415253
178963867
37359053
67861069
172829737
70371127
90059009
63642281
111963799
75812423
116520031
158961899
155678477
167379413
86169497
42376129
42320623
89850127
90427949
17326649
19166969
52487737
41412739
41444129
28872707
38126057
94699067
154975871
113250199
71247727
146454589
59000861
154301429
80350013
53048213
49403587
132177767
112626223
131763377
64854719
63816439
52414097
135663371
89966939
16526099
21404101
89011387
68815493
31646677
173769241
30726833
95209531
114630833
75996467
162675377
165117193
84382549
76462361
88565651
115158419
87534779
37647413
153064397
46268071
170600357
140273407
83392433
137571529
178635617
161007859
104277221
112531957
126141889
154153451
111457873
166042559
136911917
109436137
82820963
38569589
61916347
125515447
139912967
100835753
50402491
63465923
163065517
29437831
127083941
130540867
136327727
51420407
101785963
86005819
66720923
169206223
135737773
144723793
147981143
42913523
53641733
77066303
23858423
57692711
165425353
36527107
120299827
20186311
32290399
98778509
156713143
37285763
130518547
99389461
100961183
87154099
37744169
75848867
105257809
40038571
104921657
128311229
30741229
133874707
51592831
172180919
33427643
59758277
135963719
110575783
173361233
56232467
150246743
126664591
76960973
65839637
114462977
117584251
92044697
103870681
157582603
167404631
117553927
134711981
45737771
101434661
169156937
61797011
77452411
40202791
34609019
148308961
159101749
147949603
138057259
127673509
147612151
109428743
176117429
134891591
24656591
171026393
174854863
84295927
76006937
145694053
104136079
120633637
137756371
45965039
107811037
53774297
82341037
166332017
56765509
74251511
122450113
124670701
97840759
23683697
145388147
157695001
119128631
138160859
178880627
35460371
85243003
126352169
79732453
42911413
45841583
45805379
79186973
124260827
138380873
119041451
52315441
91417429
107840581
130825991
27677917
49530847
49630661
44834137
148354849
23123491
32539841
103074967
29587301
160021223
48195529
171182833
148786591
76539769
178480271
155668333
154858369
175500463
85611329
100297039
103584487
31297103
120210011
86063881
76107973
30077783
151265893
175591987
123338503
27018521
54970637
110402833
115011737
150222427
30024289
133010837
79631933
63350359
118607789
48893431
90362143
61418327
151614329
57926359
38218211
91816019
50687237
155350373
96429911
140675077
80866453
73975919
16696549
62622013
122868479
178503109
171853523
99953771
112162109
64504147
84187001
173066899
113251337
146523227
108033313
136136569
25571173
42927263
36334439
177742001
135678643
22937909
102609979
112946761
61651099
55806029
32603797
17208887
38983891
38504777
115291457
118987273
146484599
44750201
112097641
43787927
140708137
15618949
75628009
29569633
21827899
102808603
30337987
86422019
140162219
22463279
71653067
87775747
34613521
73301951
51037031
109750111
64957801
157970881
113286653
158965553
159679061
150944179
170846633
29486599
105954853
156805573
51601087
68456819
41030677
89471231
137580451
57310241
131146129
57696077
53301229
83636353
119570513
60592667
117186959
61837129
141346631
72756743
99163237
107779169
24629953
160149601
21023341
61284721
74026697
136552699
84180259
41811397
93326521
81505507
23279323
158572703
64821193
162344323
148393513
138540323
149925521
45774077
151137319
39331181
40369181
89056939
57953521
171006151
45626173
137135623
17762477
92727473
81567373
142359937
87451187
155661619
72541957
75839969
75557591
75207787
75999919
156360697
67898069
141690821
107038663
151613149
154600753
115038941
92511743
32578967
92352223
29947979
60508873
172065763
152394799
136861019
75061601
40007053
35916931
85385231
152176663
169163521
128841971
125079781
55427759
53691461
37720889
98677651
126213553
99883573
64962169
143285953
61268023
89921609
82793819
115356869
53626387
29695441
126531037
153224399
19185739
69511223
153551207
130977193
98096539
72060631
164502383
94808089
75459031
26674267
142863089
143146793
147535757
23555941
159475103
70800757
153780229
155092741
29081411
16186351
95090147
17775943
38757317
161037731
117021803
159525361
143257423
58712539
30484483
41665541
51424349
109013869
38097739
56865667
127594507
133801489
85015207
101706617
57811913
24968579
16291631
176495549
99591463
74804789
67440869
25811641
115205059
118286437
109097561
108944161
52476563
118760527
120379453
58722479
141347729
124314781
75448573
35466349
148451053
32552713
35783863
52695187
118559347
50572397
44154811
53284499
67691957
16327589
157685419
112644661
92221951
79549777
168534599
37175993
68257811
104622107
49505893
148741553
37218481
88286123
87372713
130684529
156299449
66623611
133636961
103679203
97278163
144288929
99731369
148265629
64341661
170117197
28464833
174082451
72149809
43211699
126225793
42528569
119455871
23288989
91217603
36913703
58992497
71484191
113107339
53757269
165165887
17099441
117227009
155527091
143053921
85089181
139988683
154759439
100914881
112020539
132120031
118483951
168567457
94697747
141603559
163224727
149704483
85339633
169169183
60543997
70301531
47583209
93487627
78775511
143979821
152463823
154783799
94573627
50000971
172398697
19952927
22250771
72069859
81189301
102432997
142975051
48029461
52376321
86079887
21503149
177886483
129379363
25555781
96216941
36429509
127060729
40850083
168484097
67853551
50212031
87842803
128528969
39573883
51896183
94215067
26935703
117447367
44762009
85192201
63077687
47104697
15654361
98083847
73904561
63712079
37156081
49581313
157226749
57427607
152048353
116906213
16966667
95499311
67690769
50941181
108002263
82956901
179368639
45224483
19043239
104213401
58518511
16996123
19380839
109114913
122766439
27000023
172994383
151174733
146747239
49757003
178809583
160123669
119624269
156763153
17532247
107497729
121382957
101218037
30239603
117079009
101069809
17842313
63914969
139508533
125038261
66813949
114323707
73534987
99609317
16499419
103342769
152890613
143860481
32237459
97984303
174321311
40373149
115210789
88634723
90324361
45013103
175087519
111180869
41509483
160264087
175523611
103932487
142040009
27462569
89476069
135135529
21723701
125189653
165988639
55523999
22776883
27113329
68346617
90524261
45941341
62284307
140454091
61891139
118791383
47143639
103546019
173736881
71745227
133684997
47154883
140554753
17626261
45518839
136922273
32260447
71162711
28737581
178759949
17009459
66745079
135390061
161418133
24793091
149658703
135163421
104568157
120669877
19600759
45543431
94072889
87132631
24828761
54817397
57180223
68170079
76693093
174473119
29610643
129893833
69766369
96567343
98555399
106258253
46663613
18289471
101058827
99381431
142170631
51576599
79691093
134890817
32565307
153814417
21043481
148781279
125660837
114175153
50652551
124253651
100006237
175289263
35777633
59036321
77632691
44018717
80802017
118073357
94278601
48835151
54196507
79793347
50246029
106996273
23236613
95413853
136328573
168955687
37869473
75846361
95529173
106141559
46747859
70346711
100120883
162284179
135564841
118578319
167065439
75956057
44104861
48466211
47891203
94639579
135422149
44075201
19132381
43207039
109131433
62266843
34451657
35135491
95180573
30213119
36144767
40597607
86901761
29106359
16555031
104679221
68710769
114881029
60086809
169960831
146073337
118112849
26256583
15649759
117746953
30232927
104068793
54254509
150817841
61061201
61378117
34037623
162154063
81355297
135035909
121157941
122273233
53952907
163708553
21149833
65303363
32566649
60879817
34606141
25235773
114610747
157399427
88328599
65639279
57688487
107464277
68950223
76333559
147735821
126298673
62671507
97709089
18890147
37215047
165825019
48062263
132643561
52148477
92613319
29503337
137353933
136481993
134767733
56671157
154442891
113399381
125365697
33322997
177916861
34883977
56463361
46127761
54209083
66055481
178958279
129330217
125665021
21779447
98781037
141183197
98155987
154689989
60879641
87367697
51363889
171470191
121912487
178928999
158742079
42210263
96874549
79139377
118282051
93040963
78878389
51459077
128419217
59682473
167859971
97291067
108619937
157465309
105862327
154019059
67118783
85273187
55240957
41148139
52324933
155957953
62634529
58968677
179129887
47715181
102866579
63366113
97920643
175333481
67444987
144712613
16543867
155829517
77318551
171753173
113155997
103285409
89614247
103737407
106252327
174723961
15763663
127505881
36836249
82542073
82440643
177614653
84928691
168502091
125120539
17084281
170552791
50949419
101412121
79607183
62170057
65359727
162609851
104988733
109288297
164721059
173922557
89402029
137019937
112232797
26090609
32229961
48061709
18089623
39397751
88187459
45504583
34085279
152126237
159057323
37499659
169166353
147054253
160131149
136022417
18913471
72422617
67651697
101095759
124228523
29582477
74123837
119714927
166813081
149320513
128839043
80955437
99440657
178185247
102036149
104258899
58837507
167757143
26716307
40062497
27687103
156843077
95072027
141683371
61778957
147780793
92983439
73921427
46530899
169195379
138527813
125202223
58979257
18757699
45040397
177254711
24807017
71156857
139190081
153696997
147050611
25531967
35827423
21411281
135306707
179030297
82394261
29909651
132894439
50113937
66350353
20481341
21755009
21607829
90908453
16659359
45094631
161103749
129407321
124684711
68128441
147306787
88598789
95062469
32759651
88712803
141753389
118086823
119940011
150607159
108374027
38847181
152325739
89631833
175727191
151177283
102257833
146367181
164345287
85636763
156703277
120779717
59135389
103955437
18437527
165524131
175586171
131339983
63214769
58674703
116979959
105301837
151207829
53025449
124769633
82836011
168441523
102488681
40916567
65454497
23479259
78516437
49435999
64821343
164144293
110319061
165266551
93849727
108267007
149129231
133774957
70026331
98028761
145747843
113333053
135117089
124322329
103447171
131449091
40400027
173174213
131546047
46061117
58064221
44884003
169182659
131108633
129743123
61537111
116382197
45360767
146612339
120586927
134899603
146224781
18752287
58205687
130933249
80235559
87748333
165716897
144836581
45150557
47863247
77959181
24309107
155721647
108278801
32499871
97951313
18741979
136824901
113341273
24229273
136527619
134320273
91349417
36738263
70717289
176015197
110627641
49745123
31667897
20475101
100672907
155979469
23322331
103014343
170321519
170554093
85872719
44644399
25025083
68242907
167815631
134437621
41354657
83431771
109454047
21008329
150958069
167829637
120427739
150607909
119737789
67167847
126181921
161320193
37033501
63801593
21620411
82577431
61671469
62738461
67043861
125655773
108403699
156774791
93310897
57114809
147306359
66670679
118319329
119556851
112281157
47679239
68766571
74118091
99211961
23624743
145774579
147906251
20485529
26398373
150901159
110043137
156703367
51227633
56459087
112543091
161316811
19848811
24995209
84231019
80819429
122735447
103998541
174784069
85420961
27308509
58932751
67763383
57986431
93186371
44647069
17122487
97124539
101746063
98626193
154389629
151578859
31486283
16699223
83327327
157628491
115454291
132558137
135270589
135020623
131659393
134207173
105720301
48220933
161843711
171038453
35899957
169501393
157280393
33480773
33861403
87373007
85427263
57200867
73205207
134618347
41592367
31972943
31800259
37512443
138507233
170161403
63890821
63909683
47247449
81161173
84421559
132314209
155222099
101139539
129974137
62975609
65860271
68530139
122321951
159673201
21416341
152366633
70926959
87291559
167809013
19120573
33352387
93748933
52251599
129382709
52085311
45219467
135300293
104263547
123537889
50447567
162243749
119672867
170307143
140569613
154082923
18855953
21295601
150921203
19710539
16561049
76132253
130371509
172477477
23012243
78119851
47188969
148326803
63207301
163693099
67502803
84152797
163117733
23439919
16127291
178426597
36414857
170560441
156765431
40716673
171019619
149699201
80445193
103198867
64491577
80391881
110888801
117464329
61249213
148818157
122121959
156364393
155464627
89253613
44601763
56730461
160000937
177213427
57776143
148875281
89105353
33795323
104999953
64820629
167053217
160235783
159519439
178502983
170284091
96186991
166075291
122976773
35161129
56453519
77564677
85693997
24258613
42870059
119650919
71615771
52950179
81548177
45084001
115395251
162778867
23695733
150854003
110361287
28411571
104821733
128293439
153571987
93306623
133480673
61112291
140765969
27845743
172823023
168971423
170901463
86071199
163501363
72406363
37490513
28849349
175962403
133914097
51187711
54122581
153843797
53120549
134719811
20772641
93120347
37572463
132627617
53260301
96665827
21389869
65488669
95227147
26836807
68211593
169063201
123777623
88514497
64193359
161642179
170273281
62591537
73305233
137049947
40661323
72748541
170898109
52526729
137563823
178129363
161203351
81214867
120521783
103251943
165691789
166836991
56012707
21483941
91886623
121334413
142783367
165970687
22801307
118165667
106169617
38931023
160753127
127432691
85878953
117281273
47831471
45346709
19250267
41485139
37183357
170354941
79090061
25365709
129259703
19230301
115630517
25763609
129236711
93314783
109734773
91235519
38586623
21640937
159716861
129825581
65641999
155205521
91838687
91266179
63748499
42618941
76810417
60941921
122500123
132101309
89645821
28632179
70030397
52292203
145005559
89761271
67945327
19410959
158225311
64451081
108820099
61535429
149721031
46631059
108749821
59946433
83946383
53515073
53993119
132177379
85746977
131600617
51683141
152842397
129745769
71860673
178802269
122743619
157884113
25998953
170306921
34798457
79355173
101423149
165596219
61965781
16089511
53768417
82915813
77155907
136084969
151077761
99192791
20411723
93946799
90365227
142953353
50892949
33364393
154500901
118560251
49163767
42043597
130334249
127102237
117528559
63740993
48871723
30934427
130127381
161384297
41530033
93695341
140406041
165576449
110831023
99827033
78792379
174180319
147246907
30213593
39915299
39838679
51183823
101251387
83724059
77632957
61223527
95379379
40565471
42082987
109013753
126537571
177215629
149358431
28334197
104242009
21676517
133613651
116757871
91530013
121896283
96276617
95402387
98314163
87103447
85392947
77002789
72512423
61042811
152825489
38595749
93521599
123491873
33247523
77440927
92517781
121408853
19037989
57428641
68848447
176743703
168839747
134739329
44091877
53114989
107980903
171216811
141883877
152842381
75823459
58613927
61747289
119401019
137224181
176752813
50518621
71717977
114714143
28587847
121570879
67296113
102660611
70729937
121206959
142468127
78065857
174882709
135088969
81223049
60184127
121802663
89392769
154643537
72974357
124829053
117294701
32542381
153769507
168912587
164745937
124420033
92856473
117038729
141209407
153313049
54368299
116627471
62681753
114254479
150510389
31805227
70031671
98229059
175657477
43378609
80466229
54828533
53652199
131775899
72127123
144708523
16025453
105012637
78314321
76171591
48858749
117560119
137125003
55899013
50876857
178249189
129027763
133205819
142510103
124669819
102158207
160029887
79077709
176121577
21400849
161392183
130672639
140258203
81273733
65381471
25237763
178095787
42473843
142846127
108583147
66505429
16410187
21269713
69436667
119867771
108402407
66165367
174289039
122193557
141000661
70514959
162375097
171703153
95644187
53722049
53915579
99831421
159164101
104765123
80023381
150942977
170031647
112247669
78763351
138703693
37302329
177632603
67769869
42689443
51225227
69729929
25359979
54723367
124518683
79824131
97267097
88228409
127742837
38065169
170960921
141078709
33232981
31780757
63939961
23246779
35635637
154493401
155017669
111838637
36211277
78334889
124393909
118579889
128141183
28047307
49569743
120070729
146206609
19819091
45733801
171800939
172716569
177923287
80069861
44043421
27112067
99609721
104552593
115016647
138332923
58683199
120644497
148335937
97822093
164135617
163222229
154296893
93947251
122106739
75259061
178371847
20259367
52673011
86061709
106824349
83612857
134811143
45654421
35317901
22899281
110942567
101838403
70644757
141111991
152423521
66674809
117424379
97716461
89149721
19698727
36279701
61235567
130047581
132219011
160380487
102493739
40891621
65613437
95819881
76102853
28107473
121105423
48902543
67996853
16023823
176842921
42279439
112786403
36640579
162620287
168294967
88486949
166685293
82222667
155107859
123706003
139303357
140863631
122079439
101828873
160282553
106258771
176679641
87707903
20056903
78078097
166898891
146711083
81683897
27382123
109925063
71142619
137745607
173142727
166688813
168946313
151808311
71401129
22323701
135816871
105949513
69402673
124074547
86704481
172507241
156642797
126689833
172834757
141917057
56076457
68861489
38332267
43466729
136207021
109225631
103392103
139646747
55715483
132389963
45701497
50084263
161278673
44115419
20982989
90383869
22820947
107878627
97130321
43132517
77643221
30112079
65603203
71164043
104252539
67739501
34617283
85145831
148732583
45182881
82859759
174771241
37962083
69896213
109676381
69214709
153667463
30225343
123798211
19786301
98817391
103353269
74030773
36991919
42736849
53511559
59735581
118124791
73327769
147494531
130418591
108132259
55565143
114939541
27599987
128013199
136484671
68366273
91358429
99778999
107143339
117776851
32001539
106705259
27907639
46205527
52387067
165263467
93061931
91738553
94988533
65662969
21405169
34432267
127062911
96860299
165238127
133457689
52245751
120533863
161782417
23612051
38330209
130437701
73225891
147166049
73906787
139338887
127543697
48122579
51806101
135579163
160048243
157596961
144594839
51126833
171977297
18601493
166376723
91383221
171064781
20563973
142210681
155510183
51243053
17914517
83405129
28539283
113525429
105510859
25797913
107518253
141439261
166116967
130773613
61040009
76882681
64802609
37129699
152136377
133186591
159548863
125772553
104296817
87708739
118024457
126769781
110828147
70181207
110250689
120867247
66495151
36182609
31989299
36018149
85067221
76475363
102610349
159344209
48111103
69785147
73231313
151308247
68297981
104411341
87650027
22235159
52973593
68833279
120589361
175312717
132983779
176124457
29873551
24322231
164724803
31175929
42782513
59397521
168692039
59939251
140852863
159586403
169608587
59421361
78830053
178041307
18472439
95505901
24123707
39250319
108788591
165038231
67462739
148865239
138724847
29396597
163879249
82831967
147775091
156155449
72114421
144484999
40118251
54582673
114902891
72669031
170866483
21836473
77127569
137541493
67150229
128812379
136660259
106332767
167053903
100903051
104903339
94105411
78595409
32938307
114128941
27953957
74936441
64919161
137053253
42621391
128399611
131808137
147184049
153780257
61219471
154467953
125449133
163236721
135039851
129628171
20944291
133688593
152030513
98478067
174896863
45869921
108671597
15843857
79060561
98341897
109721929
29609299
51510827
82040389
85817603
19145807
110312857
55465559
115894067
40978901
73337443
129630301
121459817
83816099
57484073
123446683
39661367
136849147
110610557
109244417
125518033
82716017
125158043
25891277
77463949
85835059
50741963
86032181
22312933
30620713
77733701
148092677
65583409
176085011
27851881
40504423
120210091
93675623
42186167
85931711
39956363
148923059
32200303
82751387
176952821
117304861
164624917
156249881
167874673
106885021
134209741
164979523
159203713
82066091
125371483
103671853
59026967
132335263
61256869
139231693
99436361
40889041
46724801
162908303
156745711
34419193
126148877
59208887
44183423
101695859
157264447
176601647
52993021
107441681
141013319
56888911
33480751
60360427
119086103
74308783
62974159
18478121
77840299
17534689
138733417
30868811
110427001
157956119
39534179
55025809
158768107
119435923
73340303
84907871
71788471
31989137
83900893
177202507
66598897
79439707
97473353
173595677
179081789
77744741
96198749
119386117
116579977
101007503
45831041
76374241
163082159
95861383
95487809
65251573
101549873
62664691
177399193
50321941
154085201
41028041
62232683
66681061
103711417
78084289
147572459
20359987
24615923
17225501
131489129
79991053
73818383
102307061
84522239
123901801
142566869
108051403
48367909
156264611
37385219
81634907
93554437
166004521
40339979
73752277
18137257
98290261
41772503
48744347
75875407
164011829
81433999
78642433
126463439
65433539
138326971
38283067
30280787
140855587
51602737
90426887
98208959
25031299
102529213
109964167
160871509
58237073
126121771
158713727
24101219
173316623
50892229
41103721
84125801
68400851
171511337
105412231
29138489
161804777
27833747
22935137
128635363
30648823
38420843
47735411
143759201
90400853
55889033
91451291
80949041
163312739
81488389
158716517
108241349
100660103
83863763
44379289
79099663
141421223
25387717
38920799
123957059
18192121
129890723
26678651
44271187
176293981
59152997
121253761
147648049
169401103
141995059
15656831
85020293
42749587
101739581
38499899
45806081
18594131
119095811
111680783
87943241
157517939
83263891
112733059
166980269
78349879
23977691
28057831
109192483
33089689
83014969
24799381
114421889
96046981
111840719
66769543
40669987
132905713
51816029
97860421
129927257
144183383
103750039
105254251
61085411
94820449
21976687
63823951
38744801
162160351
23345219
159510271
69978203
104628401
161770969
61346933
160564777
173275703
64179277
58981261
71582657
111292721
95561231
88008757
164008799
153928123
73720369
90835817
108420967
157619879
83331713
161768681
84309319
56291159
159080549
156322079
96204947
157648121
22623529
139897553
160568279
176454587
87787751
59504129
110197453
100834003
81686009
41793707
54980111
131617559
100823497
142203643
70746847
67407971
111850787
18734563
178054159
158099987
28100707
83168831
52256719
27910237
140279387
30484513
17474519
135655999
39011207
139404721
81389809
107116897
81562561
160392647
147482227
147972793
153549041
57011681
53136791
54978181
90613301
149846233
144330539
22833157
101636473
108766499
148263757
110230447
104338933
50758819
51598369
146181821
41168623
69633827
110989247
109362653
18744461
87014387
147731803
155969851
63001451
112063867
80857313
21167569
58100557
178124567
82481453
132941167
80564893
115068059
154964749
158919617
125599007
62599543
16467001
151719671
21056941
35290093
155896319
94420289
56595059
127675861
136019267
40223011
103771487
66466859
119679611
166038913
25994629
104115881
92859443
101328169
169774931
117879647
164204149
114804427
71128301
160738649
35307037
37349467
129521551
61035421
163489637
147529847
25356029
129810943
173078287
122047229
128339527
40273627
58153919
50237051
103870259
44311109
30560653
172313711
36471623
97545247
49136741
109227823
86922211
45644563
55898449
170725847
108182299
75829277
93655901
158129833
177767449
109501307
26617847
78883279
83754959
77081897
63071993
114876211
75524503
169976977
93561311
144952193
23527723
122386907
90242753
102365633
25636199
22032509
129732983
59085749
53713951
139128053
171733259
43334293
27853171
123247673
89382011
168157459
44704193
143442769
99332393
46542877
44141213
87345821
155586181
95742863
101929381
87979597
45903971
103706359
75227233
170341609
148411573
117257989
113509633
62527429
26341807
26920727
49009601
29144177
108639781
131449027
167761211
58350247
142859921
54016073
139999399
144415771
178393349
39943459
32055757
139606349
143128621
168807391
28880009
39145181
64435741
38243521
119723291
171684307
58194517
136207013
152203033
20963951
151311541
177050147
164488439
81344891
94874453
162245113
156845147
148258687
46086373
122208641
159919169
178178261
21204587
156703289
31402121
32169649
73530827
173732759
71953421
54677201
107383457
46297189
157024457
108798187
145829507
145538623
20396941
58740767
153097781
141022801
110756333
127064459
32885651
156374761
105537979
103408733
119420789
18209753
125857519
109729903
177042451
47811149
25373473
30484973
74470993
154044281
141708407
56307323
58224713
27425179
161559217
178855883
174032189
25523357
62175989
25485013
77794271
51494501
147947027
153534391
115730837
104166299
160327649
164939261
163845697
163573859
152877679
21990131
31760083
114730793
48087961
100439761
97103299
169694423
62486069
130341317
43021793
56317241
72553177
71656801
165008917
114692411
78768397
138333407
95042263
119671121
150671893
30117253
57630563
157523039
114825163
85452379
159030701
174631741
25690139
103178381
95770153
76182979
114233201
110591281
148111423
105098551
28265423
92373473
41287541
42404933
37445963
75783353
25443797
167680087
160739597
164801059
109626397
55535201
165018209
102688627
65857997
173579177
40386431
99512689
171120659
42290701
85111861
36121097
39716759
66135973
123965857
115797499
175155769
129022679
161065007
174688961
109597511
19611469
63109603
174810947
107404727
137997371
24145223
112547951
76321283
152731351
106173913
92913907
117966631
124495951
62114071
161190791
143439419
62468033
139974469
86541583
142563107
23625919
105430123
174950129
26424329
134279881
91505833
151108967
55036409
92032463
114720763
26624981
112758697
88058603
154923731
117886973
89271319
69685351
96091771
126420793
41310331
25109477
74963803
42426413
175468037
68614307
123126397
153123671
55367237
156574463
35135993
55836733
108878299
173374849
96585539
117345997
118786163
157187101
147644219
81796969
89067967
55481597
150160039
85405861
115604207
40707973
82824727
74262967
24279677
110598767
47452121
24354007
136486667
100494847
177563537
59080249
25072793
99540937
58509637
136864271
134539183
154194673
112564663
68769457
105965753
88912679
112929757
122999231
81933113
64089107
151051907
133254637
150584479
94921573
108878359
34243357
154537403
47803589
150938537
75954553
170242931
135730367
44199689
73941893
95160749
95486771
160148267
93480481
170220761
29792221
54539669
30664409
173557463
178267091
110404639
149658023
156722107
96163919
84146561
94820153
160692031
150524723
18318593
103406491
172644449
121515217
113728423
169178507
57003503
117026551
167076881
124098803
133410637
117165901
71038481
37837823
112492661
30898409
98758301
134256833
87065519
30075923
157816349
100792427
20647967
63128557
89284313
138681929
128650867
150693589
39490799
178683551
158639633
108235553
27280349
159912773
41145733
122855233
104541133
22805327
143521439
102712073
97725767
52837471
106269697
151068377
21851813
147554471
45796843
45694643
105980857
134702803
159789991
100521997
52232899
77051063
72475957
137698207
108638513
130185703
118178129
115134907
45223691
29418317
172869013
17333287
41133997
110965429
78157769
64774907
104137039
164348147
150788441
43874959
21394277
39771713
69002411
171409751
133132577
61722499
81768679
123476621
174613739
66787939
85233647
92765129
145205591
165793751
117471331
94433641
91888607
26292359
112609799
58468411
163778413
87427079
113586173
93800963
136910369
68533277
81302839
37431623
78644387
135040517
131583833
117958471
148689979
23527291
40863841
118829129
62545781
132750679
115201937
76854223
53906291
72725231
44558263
103580483
78819479
44819903
136721621
80776453
94239667
111244501
166658267
50160127
108058037
43301851
118191067
39211429
18708091
90060527
63793189
43402031
125951143
122818627
27694789
142453541
16855967
140868419
142023731
174189529
113329729
124787501
149103551
106340539
41401757
85675511
77148311
78873913
120250237
83814559
111894737
50487149
44718473
157427869
49708567
83989271
19603807
139302857
154657901
76809781
121324327
176054077
164774639
27036769
35475589
110251199
38214877
110546141
39263881
44081207
131408699
24366943
35342459
42829957
125722243
45763061
133056481
162768797
149305669
96238507
91552777
26387957
26377349
63877921
25299877
21838513
92619977
57226861
160827857
42411013
54192521
90758981
93518833
39662317
100654469
70261949
41057969
41042399
111869419
125346383
153860437
67874747
72617851
82086661
152976233
52541569
84534323
53590081
51355693
65553179
178730081
166429661
16543199
116314951
150341119
109617217
102417059
65968277
34245037
38600767
96185279
34333553
32259883
135747607
79938883
134607311
68014819
65935637
156731761
91408661
70824269
88902109
117741433
174556451
162170959
30203681
176563579
78116963
32380819
112423481
92100971
151164899
142335437
178469881
86809519
26738791
82398331
124692203
60237563
95418971
89662289
79952471
160003093
23607803
69359491
107936053
131301029
130978597
56173771
53936149
99948217
143688227
168405301
66674497
140572007
170861693
128773553
78212209
125400221
34049371
17325289
87457369
72786391
144151801
40730411
32253187
31676803
175849111
99259213
16599263
125602703
76165241
20542541
49455319
149040817
173694077
16392671
139934317
84653071
24606677
100770949
171930377
26886289
111057997
64927393
146638867
139232923
68120363
115633159
164807761
48602471
126548159
68997127
129122663
62481143
138822487
76938359
150842339
144033259
149368441
118894747
30642277
102717709
63548707
177083527
149757467
55268711
109281881
42918583
88300697
83134151
77665037
83033659
149918779
131193479
63062599
90148447
58592119
111509569
118606567
33603923
42888319
48288991
117633221
147855923
61551157
94887733
146629619
158895559
131787959
26153707
53173531
20947021
45744731
139613687
61556569
91842683
174228469
92557001
161400011
27467617
111865703
167854937
154347763
136573867
63247519
15741653
41004479
40458337
78788249
16055539
81231673
139206539
165670931
55738009
46786001
146405587
72610129
174363143
138053011
150317287
160863511
110708089
168456661
119429987
97785223
64111459
175846039
79499881
115299997
59515727
47496749
76320947
112023721
141041573
118446023
143326691
166508821
60645161
145988671
54278537
141155341
169155587
178416079
56932319
153290981
31634203
41728717
147337693
164304689
92239711
81951217
166282453
32838391
150067553
114702323
17095423
151899409
59031437
79784119
116369597
173237149
87129967
16471603
90757763
61888633
144633589
132857371
134965147
107152613
131357869
158752091
68832221
35619377
118738751
47697697
169666337
125085061
158782079
117310951
108519601
47318681
36131009
177762821
37505063
121687019
132332507
165579119
101170921
106064029
122541487
18636617
90073561
91036681
61825783
30127429
126300833
60155191
73307999
21179891
96241297
47537233
116239901
161787533
93454133
81044231
36225551
110592193
58439921
31460879
110896771
152807059
75390863
75863071
41192533
89451581
47037299
52685989
29200063
101633963
68602489
136077967
46666079
89957851
96935213
132201967
45988667
34427231
45724741
62114051
60705683
138861199
152529439
33509501
167693653
60009121
172583393
51283871
104087743
103242091
153638851
98262971
103318337
178880941
160194523
38194133
158003689
95213771
107352317
40983037
71224529
31186451
42846623
90347897
34757651
165351917
59271767
130246063
149482271
126042197
94978573
23688521
63873353
143438413
21868571
163561847
115420681
82476139
108270587
143739017
109619509
165123671
124525763
94713763
16897037
163425299
102680887
56484937
78003643
47899211
108003899
74716799
100196323
128216887
169195547
145061339
137492947
100050271
75407701
136135771
123548767
99599057
124378147
125104589
36067513
105675023
131360729
171406561
43943569
70418869
138310639
50736473
157680667
54218293
150928121
35096233
113688779
46150109
154138687
56214881
142606847
132278693
36733439
146329949
91399057
40450453
91427143
52583309
112594607
104694119
17867939
75821807
134356021
86777501
71764657
153893149
93900511
149529287
84421903
114211847
112687933
46793237
136630759
108983737
150319523
112867169
120471289
16731983
112337231
106912469
27472139
15630893
46937491
41217193
34993661
19990583
166225321
151347883
111646237
35347547
66549473
33682841
42265403
23563913
149772797
164455783
47775779
16781143
71233997
91500547
139657033
127642631
124097971
65815117
60110819
142480729
82360979
148088719
162202067
21770011
32860397
88344247
42293929
153477851
133621931
130511201
70586627
61622663
119227963
157857181
65471771
122842591
101486899
143102983
137036591
166246747
53032193
157215661
48590929
69412927
47090573
164228473
100986037
147831503
80529199
174399581
93107713
102903979
81250381
163020167
128842393
60246931
143542673
161459671
112598911
131050903
75089621
120728903
107178803
162271337
134720197
102705193
31587397
133453399
124662347
104801069
122793799
26129399
25251757
22125707
154708861
169191251
141947579
105322001
21281363
26435597
22221049
135507607
77574293
166000097
103231559
157390789
39155227
171789577
42026417
80882489
43836467
162814957
40685153
168281227
125356729
162603689
62827187
82564579
64849151
131599799
111426727
83919793
143063359
39481279
16371721
60371713
96234641
128280979
132007943
114064897
131095127
111005129
55695803
62251561
80598803
115476047
166998817
60096053
23648189
136441289
116396963
161016371
18663641
39280321
110671529
61183873
164098007
116698541
92130323
148280023
57322667
47847641
47975929
65639701
137011741
22543501
16195457
85055371
67648849
81332191
67178219
149649931
76894717
46322179
125927509
115694419
109380913
157553821
132608831
29181601
114843557
42594077
149956283
24851627
138750961
171855043
150591629
166523069
97763201
44925157
122218861
63469163
145447297
144966749
48799253
49751543
85778263
46361303
178045799
115572841
130711519
130636567
44251777
84990709
76178209
134036933
46585177
115136473
16821457
32040881
116461549
152068691
113170469
115304549
174867569
61517039
27260587
25425137
52271743
71381837
94289851
62053423
16564831
26613199
28157279
15868607
88774727
74856517
16892431
96065117
86141921
21268061
125848369
48948533
112124983
114566203
55081253
69964703
158874259
44668927
24001361
134126609
132622709
56610083
170465699
82759223
32221529
76631651
44840963
97021039
57235307
70691653
134908517
146690363
120664151
16655237
125999399
149620067
27824177
98448617
27570929
101791771
128463197
97704283
154147223
42543073
50473447
51337103
53012347
173785021
156264887
174750899
87073849
167694517
15949261
95117569
69389213
32651117
174318769
161794603
18788747
79106897
137128157
18061991
173045269
34922137
98853071
69445639
131701723
101568697
43779503
19715159
60369149
122318323
59840791
81067523
36339869
133922641
114245503
102425177
51909569
75025201
118787051
133150583
19137491
140641999
158933939
92527979
66535883
17350609
105188789
78835739
33820223
52058707
52809487
19203439
83827013
77284793
77975581
55774897
48877331
169691477
125626183
145248637
157081277
146521783
89363381
129668317
84775657
83697743
56503171
58797569
50513921
154373579
29209489
83254349
174016049
154213951
31001279
48970231
52052993
24512927
170063723
81710303
16125079
52722953
28215763
102630589
126362917
111311507
86898157
163967393
83426297
33182273
178805057
69495277
174842861
73196927
175979863
28989461
51863267
15552923
72198169
136661879
47301533
85600679
54426907
139481351
39787277
68233523
170290427
178012859
157950197
67857653
69473687
111528533
137702897
38413171
104699687
115593437
132623389
75251347
132744769
140344187
136798699
145405697
114925781
142901987
113694631
119836177
109264297
115351043
98977427
154560971
113496433
82107367
177302273
137439937
171908489
69447551
40319329
57251729
116617777
116387021
98224993
106870961
162540449
23420623
132093781
155916251
21755353
73057157
51302731
28204273
121083269
45023347
49721951
166335373
85948169
78751363
53077291
34567219
37263991
79607573
18240907
86139887
37241639
119712013
23019307
128526397
29054177
65931029
34969717
26758231
75078769
151882399
49343939
161593577
18959527
124094123
128371333
19139089
128276459
85649237
137224853
90504797
99466567
88020281
52278911
56178349
77243819
177206537
96841583
167197409
23230121
81414727
103732693
169229399
80486573
126066371
135974809
116536691
59543551
64495787
69024257
96851789
144436393
23628491
87027349
89791211
52587169
38827571
129859313
155522431
20529959
158113621
90944851
66845453
58584413
80820673
74990099
145014451
49112527
46020823
54546953
151820281
179094373
26135143
153694301
45383629
151298207
26337247
43661333
37624931
64261987
38727319
136179161
93998143
21175031
103489417
157538957
123036503
93777403
17477611
171179581
76327243
80835683
96493637
176120803
118682257
137280761
40356527
65538167
136067089
22134247
50712199
21174319
80681693
25701583
160768021
67543937
68832433
106622143
52600973
46578617
122503837
76338893
52599791
49272697
155516671
73520791
28634869
113890853
167188181
178639481
22673953
50566123
29285957
77122351
103605107
84070303
29193163
123398333
149501353
92385607
17389429
24761773
90696757
124517311
110427001
37803319
41958731
20170477
98706161
124701989
84581011
160253959
146516213
54178517
15761143
17401049
143759353
101003179
163700923
34130773
98948849
91574389
18878927
45421219
134486509
96951073
146609923
85660529
45693881
82309819
90562187
75339623
147746377
175074589
82097681
74357783
104633563
28124209
112012871
172127341
111648193
52349861
85243073
32798239
51067543
165690989
95178253
109941943
23677723
159855833
105893971
82211047
145712111
77516809
168844441
156020281
107286059
74701037
131378147
102406813
146099929
33668617
50049121
47170853
174553927
31486529
120589537
132139157
133814741
118408529
165564029
131391371
158038553
124808477
77799613
153350569
34587731
37529539
173001953
136610809
87769831
97601479
156306701
25790431
107224591
42022093
60469807
36317999
176538049
134105399
166151987
155202667
111313921
152002027
143256439
160812667
139669073
71615501
49822777
51552509
52036427
53086777
162491339
27557377
153182171
157403117
38587561
24092777
146746001
113747533
17879237
101434859
26370041
70292767
38967109
15487309
20868457
86556581
66675157
79272287
151671601
32169619
122027393
169101649
73863473
63505817
49230331
62811979
20478397
143771599
152583367
154246381
119736671
130749791
98245681
146292371
129786379
67299499
59179457
51332377
57897017
94459501
32794283
33997361
144681193
93204079
28161961
43909559
97706951
140085511
79697329
25908791
131282639
28112809
142953523
175893727
71651989
102166331
177315079
53544949
50905909
46000511
23335619
171162973
25169917
63268229
72192427
34735381
55003213
83325643
53160677
17786887
20228981
68567041
133409669
53662039
177235451
165569951
75984331
39333649
19811719
158107403
30703789
123237481
129500881
26030819
69647471
158195711
40940533
24831493
34709351
160917409
24887719
140774597
161956243
123787871
168061477
94804657
167175947
43733891
76523611
121144451
103315319
41563649
106208101
16776817
97009741
164009633
113796751
174546311
36324191
78579701
122248559
115047083
82769083
44205079
131967631
174242267
150319597
115062019
119361089
130090901
115728803
101553061
47109973
152624117
142721149
170558239
110083091
91420261
20419459
32453657
130427833
154668053
55481029
92520293
152470111
151399373
98072011
130775369
157571299
82201907
83783153
118415963
21872789
178931399
41880857
22059031
160166059
119067383
173517803
176129353
87915739
56490389
128816861
73096577
113777767
123619007
134326879
149130361
105153161
85600387
170084147
23438171
88571759
79492811
46481881
88939861
148924631
112013579
53306933
16755691
62540057
113340517
167800327
78051931
17761189
20853619
130198417
150778939
23623511
68821573
42604531
24417187
57024629
128561483
116557849
83252503
33702457
145092971
16702019
131567467
151777609
156061033
125346703
149623447
144757471
48034477
118792253
46101857
109401283
142977631
110902963
179098709
104948911
17120171
25845691
176032279
85136453
45986093
157603903
168219511
129983509
168698119
121358063
115991669
45712067
172929643
126288139
62436089
164093789
159939607
16704161
59834777
17348333
24457673
148755487
93620587
84922043
62571557
25116211
71745029
141000199
65970349
110336669
154470881
95070539
113977873
159372349
95878493
88769953
26427229
17938507
46058567
175981109
33303343
154226801
167646383
127722893
78577651
66707741
98241607
55770593
102709339
134448421
135250561
152649767
31964521
104065537
157297037
152448091
78477361
53745683
125330969
141370729
167851933
140437091
49644341
126057847
59950081
174188059
147816923
161035471
111284279
144952789
125508991
97789163
111495269
99718691
65702207
83139671
115929389
36800963
171782311
165635887
19398481
37695181
22772467
124653499
169463621
99418411
91632829
143433271
54190769
55269493
21804227
124695409
114053111
68214877
25390913
54349909
152719459
179244623
107098031
127239187
47888671
178355581
93597677
78314147
70986259
31374227
160999343
120644933
154829329
30927343
19683683
16937057
36209137
80246669
154028701
117791467
32969633
114829213
70931099
84552683
131871011
174104597
135959071
140249093
160518521
56104021
143719687
34922431
72210247
115726057
133042339
76002161
23713883
24656473
65713387
54745841
96678851
150879427
93587309
121989239
169962797
30653209
141288473
115877327
144576703
109718879
64652261
56266493
114465553
169179341
79759241
73599809
17507951
120204529
147647209
112054729
51521903
35190539
85820507
94754563
27146143
53333783
161723113
132202139
157359913
85693669
106007977
18995351
22660471
26333101
78863263
65723881
27817523
158267717
87293621
40406383
42243829
137244577
86563417
97916803
150282967
101297051
28562921
92439629
96781823
86926097
116325173
40593559
133028171
56055091
144285329
140091517
101015449
71043569
69563383
60685447
54736453
64596109
125401897
121285097
111688229
37726127
44873239
50039107
116334563
47526433
46771759
141241663
92806969
103905689
109223329
144832859
136841063
33366089
61106543
106997053
134572591
135723893
92388173
96616669
119293241
88992307
138134611
15956159
170659091
93022939
50889533
138090289
32757353
37284353
30465367
85139581
147412777
174062849
78835259
135163943
51619027
54590119
142203563
151106623
174962353
101483003
143865521
97451839
49574243
72109981
178494451
29108147
124296983
60892969
117056087
164408863
138983599
83690543
146962727
85638107
119194091
26871059
42851869
23974837
124728061
165644573
21953843
95372509
91038911
17570303
149825591
50010157
22296451
131967541
117934591
107796613
78356431
114992419
104917889
136474031
134659013
143928157
171400973
33885407
152013991
139437239
156701317
93106931
24787459
145876363
58363843
91452601
43331611
79568077
79305769
42668383
52071277
95696339
35142047
145934731
60742909
178348211
26269619
22647517
104273803
144926987
156818911
40309751
146651759
129404609
72710861
178219357
81712003
103183609
98272621
59984377
156696487
75834023
133343993
90342673
68234659
141643933
55749739
114442189
18227249
42125969
76053391
32582503
83619337
134143259
99237989
138617917
83793701
61937809
101609407
78186313
55606531
83922437
110836031
33221593
144764671
112913641
177447029
31037821
19649221
67088257
127545343
122062177
131588257
52600169
54331699
123795379
31781947
45504941
147860567
67649639
123838073
110471017
175155671
91990541
137589761
151554959
20955503
26192833
170919703
134892481
95511979
18851831
90997733
112802959
124600019
110348587
169760347
82627117
24767173
105771329
156330389
131307721
131416877
120705451
129639151
125350189
168721771
44511461
52404197
25864393
110446979
65561603
144145333
58621051
39617113
73642753
28253011
80715181
100816021
67528247
121230869
57244589
17012873
159690217
80279963
67601311
104353631
63059281
160345931
53292277
123435709
117511399
173188921
170209751
161050121
22728091
18210821
118699039
141344491
176713549
45657421
57941671
148188107
112147853
161445463
135236903
53332001
19968127
174798373
131034899
109316929
109552409
101523529
80083417
44624287
147106243
108845003
89420909
70544167
135117637
63187139
21883067
134337571
143109389
81056441
173391083
41083087
172501729
78797281
139821083
107097143
43111259
139985203
64197131
39360973
91520431
47237417
33940301
90721607
59035969
140746253
49232881
26240887
148606039
95734351
59501843
61391639
147569549
85461899
122700041
132471641
78701747
90176357
43352527
60621377
46220533
101533357
50723527
106497847
93271991
45913631
162552347
24543119
146598523
18416063
64454977
44933303
107902933
159758909
57474133
48417587
85085963
118286947
103020107
70417969
134854933
70415987
17121877
112710047
87864587
105479789
169404023
155497129
98791727
59064833
68737517
57147899
71614583
38980093
16836731
77397161
93444179
145094483
165216209
173959111
122003927
145908787
54815819
53851397
59721667
137740469
165364139
16679539
52863901
40031941
36862531
142031167
147838631
64925507
104616089
78815003
55616251
17095207
106421473
134515061
20750837
124448927
174414817
149806541
64086289
100350281
25905197
174985973
157212287
157469471
44973979
80465939
158530481
52923301
121244623
18674489
77981689
93990529
60877591
163676333
154492399
107098613
154308181
95869637
69838963
107400533
139556929
45239353
159296461
95966159
73008827
93832997
53886103
139320791
156026729
168375611
101135591
79171133
109851347
163415201
84965443
100338253
98145979
117682393
122437891
93864773
79900621
178489777
127313033
33252673
65314261
35984873
83361287
93649121
125961733
42164093
63986933
82351727
134434081
86058481
110680499
133194797
43066819
27577889
90087733
177440323
27636109
129702851
175958723
42833359
82436671
114448277
71521013
119962867
95985943
50925629
86389907
108078211
85772131
101238743
44298503
112276621
39051269
55144643
36941063
26056369
38768497
29292773
48217951
65214689
146445379
52527719
93167519
173276399
88731161
55963709
75409673
38356039
103096579
90253871
105658963
115399357
143760307
130427119
113875849
156965033
146712263
64925437
33550313
146053751
48120299
130312981
33073459
121609183
135651437
49178491
49082183
41256367
175782809
32048279
142516057
80757689
142120393
55268263
177360461
176623127
33614029
116857021
123983609
24228863
156816661
18928487
85690711
51997151
42817967
69722677
161902561
130632367
80116207
100476437
74396627
65104439
109520977
96040253
176891417
53655083
76122097
19064933
31362899
91585801
46704719
70054703
121496321
124934287
164020919
129839561
54326869
137421533
166247119
62885239
117743537
52894949
174327271
102229879
19527181
136282807
75451669
154204381
102694651
143833841
54504269
133411549
47811971
140786771
35492081
151456117
158751871
102723143
105544729
170822269
71528419
25090717
136594981
90199003
155561897
92694919
122552093
120298121
75293623
52114709
114933289
107580379
32994011
33069121
150284447
125788513
75285559
122751341
33517873
120398027
142281199
143311901
162940367
46151531
54498313
71107051
88601477
119067607
61021747
145351891
54510697
36045421
145028893
42106787
95016637
161810587
115653541
47682667
67712167
71880197
132059089
117235091
97428521
71874541
26046403
173798993
53791721
155488447
22543793
168662993
154910879
129734357
118128991
148043461
163425089
138028607
19562527
146118389
46747457
81446719
154796221
145488793
98235727
74090299
156792767
24594299
29415979
92825651
54315043
120275599
101682001
106758917
120768649
27297997
175881053
151976087
35916487
130976693
138962147
162642439
147115823
140537777
142993927
106269739
77270309
26274323
65082971
119237959
34541989
170831291
116947091
61785571
151162409
143327189
116379071
121444259
62930407
167167349
91008301
172106773
34731857
138850013
85632263
92530177
30793639
50851553
124489559
86156069
57425287
84680593
20620783
44897491
30737857
143309317
21085087
25775293
34987639
160156033
76888111
166115137
107239453
43337699
145163891
141134597
61299503
159740297
149216189
72309467
122484799
125569981
178795159
29785957
59478319
125964143
117124837
86433667
110769007
87488441
26352961
42909259
60624043
101865353
122375711
104104843
107611321
45303611
32663087
32608283
71207831
50303563
139681181
22500449
138669227
68119193
144222011
85733237
41170357
124076957
139273031
24066617
169559639
68624797
128843573
175145501
122371621
136156843
17767559
37723247
48626327
52978201
77135449
148329101
40165823
71518627
60661399
55659031
31751297
35129543
52113629
37624799
70476587
130881871
167931041
160124243
170412457
82026491
112184057
88545433
151343371
17771219
70209701
157954397
163834051
84288821
73881761
128365309
125275439
141422069
16529351
96334951
61102357
141094787
149691961
127440871
33787519
150457711
80228179
89909441
174176393
144557629
68798173
27752981
104752463
33163799
73798111
172340801
56112389
100000853
29822479
115481591
93043813
47175857
32881441
15709013
128843137
86835487
137455963
152370893
137070887
110081173
88688221
53633081
96331951
119576503
135875687
32471827
56643011
130524739
169890263
136758799
67933291
43688899
113994523
101614003
156958889
150301967
159117487
138696133
20109989
48661409
141160781
16780601
36576341
160903387
105903979
16797493
66783877
127573189
100933951
176598589
48667219
121306973
23638309
127926371
104194421
23588413
68108213
42721111
126779651
100495111
115055891
43477787
117761557
124132919
105418633
124796263
163165753
86286527
46915753
79896737
31300289
129927383
139097401
23001233
18776293
170751121
103377797
26010923
28000151
162908957
157719307
79143397
65853589
55222199
160079119
69539423
74264417
146077507
144212111
42407557
78669533
94774481
101252213
128652343
166138597
62802739
158022503
42799847
173183159
43369127
104764769
111219487
132946901
69977003
90317131
22463183
44826239
145575751
92433073
109504271
167948743
112552571
141918613
116138843
161914189
162268661
92732699
176949637
85512359
58174247
22248013
152551631
41858941
113817229
91253231
102794033
30200369
108102539
144087607
152350207
172359571
26595869
21877279
81330479
50045881
58171417
83197547
166176979
55045007
170726011
59487193
70717181
48467113
151057729
34280843
118995533
151077023
108607963
26651939
22886737
89390647
94501619
131366821
22658617
118789213
86912387
108046531
171606469
21899909
70025209
66863201
70101379
177834571
30826979
65870347
89965531
130031401
20729711
41505769
147880771
120050069
133831787
52480721
174174773
25034777
133761977
65760419
40240237
111881323
170268331
45605017
112397017
48448223
55446529
160999477
167255983
108596699
42148027
20498983
63804407
159275131
75124597
168263077
32739517
50274773
79774781
116275897
161118953
104306221
103610527
124905611
70469963
41489867
60987827
52184959
25709429
103385273
125437861
70653161
16645141
95794693
140108207
139604329
66623099
105187207
73519087
74787749
129013067
165439513
153430573
176196289
101950021
144064621
106870669
59143199
153971621
80113541
129402047
40623293
89629079
138140237
82880989
102553117
48684421
36644327
77735947
127877381
53789839
41655743
94418647
38320003
61113043
96062299
137134891
104194591
49831867
156379939
117627739
31862423
31561301
105785837
105218317
162856777
155339617
34041991
101872559
109996559
27868189
76926043
106768241
61043189
155369957
161213749
46269533
106942793
158905049
136965503
127905851
128339989
115250081
116443573
171772163
100897739
88358651
166093633
40354933
91159903
57956753
69360367
71446871
121268863
66232693
79383593
173387167
125875223
100421687
142497869
17839279
34815661
109724983
80338451
139808899
33665063
24345449
24389621
25590139
82325179
66348713
120175789
28929473
154381109
48144601
64698443
144495493
41678009
123192913
121745251
48716419
47222401
84484867
44638541
89151583
115939333
52370459
176614733
99406313
31198429
29728991
21209807
129615791
25940371
81134357
96995879
19493821
112378639
105043909
77867717
121952053
48687479
103918613
29470547
122825257
129395611
48803387
117561931
110521729
123557087
69503717
24588719
47716153
32509663
75687727
169855757
94860151
129451087
52655621
21919633
114576577
85189967
22312949
126437543
153788389
40923733
57600017
87489179
69131611
27170123
138526021
132563303
81421339
133419571
97559227
106207991
126783169
51721771
40263929
61387169
172534651
150264047
176170151
42188173
84366769
131273221
107940773
90346537
177536263
59489743
102386093
52568603
21543757
145478233
51775091
109822709
72787147
107078581
109155377
102201257
140436487
36550489
109164271
38256629
96910181
99919763
20202113
17058263
150365393
161074169
155811631
37554497
33337043
96168361
91344853
87527933
91796897
77110907
52327217
171539651
42886241
58631579
52572239
29173367
158696467
122355347
23951611
132819383
60047843
50479309
135105727
78136741
55388603
162216143
82758943
18595373
54205121
130024469
178099279
171415637
27232379
166402567
93066613
16661483
99988003
91527323
163869841
117511307
153615521
77674361
135786379
145953779
129619201
134134853
66955019
50074649
175651793
152732677
50426891
102288299
131615189
23773447
157528663
158888629
91265611
148043783
139143553
24009551
145875551
48509119
161242201
128570993
95036957
62676949
61835413
151727879
147044803
137824769
83292641
85249279
158545759
173348713
84271309
95901451
124736999
99547199
55313723
19287599
70582123
83617123
114485461
121223029
106633157
18730273
150484183
57383761
101479801
44680997
154428401
60628213
89633021
119251819
79332857
89743523
116477453
147693463
71475689
71138191
47682727
139369249
138662747
142972087
168553037
116092007
29146489
48304877
44867707
98009213
66238553
21505927
126392423
63266173
138608963
109687469
77765341
137829071
34860521
40372441
166126693
66116623
83280319
74231057
155237549
60193619
56158189
68249887
91413979
172960393
38413267
18933793
120276851
17888359
72559601
118253647
147300859
88272287
127443229
85547023
59098931
165925681
16320803
150040729
143697373
117679897
153525479
118922527
149628047
151726259
59651551
56664851
160916471
129935077
177217813
177959017
80484007
47276563
147689137
168147923
50516737
150714233
137559839
115439659
124529057
99410999
171645163
113232023
63843259
145419019
112316629
100727509
139174933
169354417
21778969
146120677
61891463
160553669
32279801
103135117
164770993
79748831
70271749
76274161
142001479
15506599
136429597
52492327
41189609
30419839
53879467
96296663
117558817
154868503
157126891
53703499
156289999
137103779
126236483
24405949
55249897
133061347
41411479
29688419
90992191
25348289
69885379
121802831
38748401
43608787
163290691
109492979
101070451
128191307
176285491
151943287
62202953
77168909
111656227
154248461
156581417
45573859
71119073
149115089
93449173
52632791
164617723
102281341
158624689
104050223
53206189
113286233
23268887
108289751
70946677
122510299
59120959
146196229
124707197
138373679
144462473
88120847
98104763
101645059
46580539
116774023
30442669
90545053
171648317
93063853
47017409
96774497
90310541
127568219
107927077
87240941
92356259
137649761
39420001
178633523
70292867
29478109
154919509
65077697
119084851
20947061
55821977
78727591
80503603
139805749
169884977
88048243
154614241
102960283
42049643
50430509
165182813
133444807
21032897
92810491
29596603
40404647
32581169
101810777
30310183
143884417
83672653
146604973
26386807
108034219
46230841
83160911
66147689
35174747
91341647
45315007
59422351
69836099
74370151
79792771
174544673
73080677
52968401
62200709
22028927
104133899
169168261
18030569
60000211
112349953
25595543
137792857
163536019
33482987
80275873
146506183
96188423
39039919
67073459
125589253
55051267
29094887
177453713
131695763
108565739
66498659
84790477
147295481
174649333
149432827
120827989
179305859
24593293
156656417
65412199
163294609
81696053
146039147
73556983
89889719
141830149
44320457
58486133
17680451
150019769
160499321
105349691
146750531
96813887
102872591
159202829
161978683
68474261
51740473
167887099
31309153
96097049
17592947
82999799
33263759
42961871
27374327
108196091
113754521
143717897
156947041
35094419
135630973
125420663
112797593
119007079
177088763
21284609
22177429
46335703
45135169
164976971
174242501
26524273
159040033
172699963
55010677
66325811
66509147
40545667
136638097
87583543
67164949
162037361
90853691
154440191
141265919
21728747
165140177
65098471
150137731
51811103
83839367
27279013
56841347
86640473
69742811
17462593
23632373
72839131
40646449
93502187
101387831
87904741
27050789
17421359
134520317
172636349
157148807
57978127
62311261
167967493
55980307
136946261
83886203
35999441
159394801
128965547
24875867
33778859
105097529
106584301
44794051
35728993
157712021
60967187
54291539
124094693
75168011
38787449
61706503
125011297
124034303
171939059
157459451
151283597
144302497
107717941
94576087
76332143
98038097
44830193
147410623
63433327
154808441
133999069
44198093
66549941
51132793
67105219
31197527
132609977
105218987
144801199
69212639
36763723
28103497
112018259
150318797
126892739
134536273
149303747
171541813
77160211
22047007
133897397
27096133
177930329
111566839
42141133
161890033
41373061
62485009
126895267
151769609
156283087
65929163
164043563
116546993
152561113
30832819
29152499
147252661
163427809
28520251
156850751
49180631
153286919
15504667
124176919
114599747
126653573
175423201
76815769
70645297
36110491
126009361
77539963
176053321
34947967
107548187
83863783
70499903
121415011
98751979
73951177
145335901
177999251
60276553
104767763
82945217
26466793
94237333
159090551
138215719
74717977
79242497
73554839
107898457
176910683
171668089
46292563
142402201
114422137
24907943
109448509
126670151
25051003
68157319
39409303
18846979
73404313
176699119
120412417
151280839
153829063
83728837
115466849
54197159
101784019
22980521
88371901
63296309
15924203
177903031
24968663
106602313
50241343
97594171
26190287
69489751
117867973
104975023
163227937
45325391
169194533
136076471
162710827
97933799
141467533
106154329
19462067
21127609
20992247
100163729
103579547
35481437
164343541
79783969
107806943
34206409
164908039
41899549
153506161
52068449
141634601
59703139
16071401
91426397
177206639
109565693
128970643
22754453
177595589
101835919
79914299
158886269
46004999
174975551
51988819
168253769
161736671
16037731
121156771
63364871
128807507
21498511
58959959
15600331
45365123
111599083
71548003
156036583
38666669
26988839
162931597
124419527
57167573
92379611
76757119
54412619
150216713
122342309
169349027
94753231
163365409
63455089
43547689
177608161
172859989
33762433
157059641
66037627
101633179
75761527
94449851
158081173
168053591
144478447
34971889
80390753
17339209
164823811
177005333
54373181
122594833
150686141
123387259
62306941
115612963
42570233
174683797
76528961
41077403
127172203
52419901
36385061
104222231
66560927
57008093
104366803
63389033
26906639
55184273
123308839
50415697
106558951
37907491
166317917
172261273
27019127
43094599
32055901
120621707
160625209
163312613
105664289
53639177
148771933
150745333
38355701
124637449
136360753
154608317
176244379
106472963
161380757
146633189
33312899
86385053
37196069
124783331
84386021
15888767
168082007
128847769
170094853
134497397
16880477
79356091
37399759
55907471
104651653
81149899
77935591
61040627
57736837
173317939
125503319
34207853
18908663
54405917
23896469
79296311
31225913
174559079
128994409
80594543
144736679
70076767
176625721
74891129
41372077
132685001
143872877
34651579
54992689
32752393
78508421
25746841
154903747
81083077
113051329
160126543
42548797
32337703
118064459
173892487
130080793
141788443
42978473
105456713
116739361
171008731
108050609
156143189
169934707
33216649
59568911
34628329
52699981
162335717
144205417
154964207
33136541
36286379
165723559
80225071
168540739
152925191
39260467
147642317
28367701
32745971
118509691
146759783
111877981
178117463
61477159
79098713
174132533
178922017
16261939
20695643
132007181
24101003
154578871
117900659
36954553
35082587
88465417
101765533
110416459
166331701
50906021
135696409
60998087
88040483
134326301
166890079
154908991
61891457
117018637
117268687
51125773
117199669
147585643
108485029
123596857
132853103
19151723
27751447
136907941
113521253
95977997
81904169
159178627
62609641
110797529
120983371
121085813
93081991
50183843
150103297
66034417
92823779
41979727
148964969
79012259
35569481
112573103
63064619
70550251
168773389
130884113
78564253
139398379
93649799
53038289
67515023
89474461
65841151
157412083
134373193
25468549
119813237
169799423
132695539
100693459
75837967
61469539
99938479
112945843
164587957
112299347
167655419
126756037
170944603
94021817
119311663
99200819
61330991
94389293
79937827
71793251
63771803
97644187
143371609
85952957
24341813
164111347
36317767
120437351
77239249
147473647
47558899
119426183
146078003
95497499
98832653
82371181
69376471
34304773
171815971
136554923
154429391
178435781
109435091
39023071
168551891
16580507
43413709
87154241
91940593
99504707
95374999
131019949
169108967
16603241
126230869
149193773
93253739
109702091
135870139
67224721
59289821
148596067
176066383
114763003
80247439
39497071
167891687
160643533
146943521
136581509
65778331
167778701
167781577
138508361
127885141
103450639
35363567
175025273
114547057
149348803
124563739
29788193
64767917
52756283
28399447
137581601
158969509
43929341
91189123
15552587
15890687
162567187
123047537
67275097
62845421
45266381
112850191
171295037
174002671
93345353
53319731
77733421
34273523
86534681
72790181
36997039
61142707
132345331
19748941
90270689
49336657
165825151
87366683
161253233
85327397
38367293
133711219
171566557
87993187
146673361
103999681
138639701
178365221
95467709
133708703
125207897
44162947
162111311
179164591
120600367
79181897
104832631
52922437
140225689
35317831
148262773
74847737
112546631
24366197
135348971
19468529
143362787
177323089
63429979
66180343
75993041
110004413
40247477
84424931
109287991
83631083
154540871
97355879
70477067
142068989
128651143
95961097
89396611
174658409
84653579
72262417
19617811
105650813
93818677
122651219
170287631
72587533
40977487
175869061
50346419
80743177
117235039
70869077
33240391
20432383
172068587
115673893
37600931
107255587
54883013
79068611
151407667
75018809
67064579
171695633
110401117
58619531
78732659
37382791
133383493
178348129
129196079
113837411
50551301
103003609
68072507
136195427
121311349
21575117
18809443
84115897
89595349
175384163
71447197
92761453
24672523
100368581
96801073
81309713
92549213
158943571
36624589
150663679
163999753
94274759
54169849
48489187
113466289
109318711
80795833
65978357
103391719
36874183
108469597
37464197
77534741
172579753
120070793
111599941
96133333
46267069
143726147
36362309
112171001
63925591
23022383
141849067
135113039
121945147
25567177
143478211
165195403
89815333
94286789
172867939
164613101
65858083
114305333
117175687
40461643
174456323
51799903
117086687
128126017
74509663
125304899
109948067
74086613
29613763
75902843
164846173
50001239
145052899
55882093
119392981
122030717
60222083
150435707
88903417
49155481
132033787
85286261
138384563
70074259
58434133
24269351
162871463
57031493
135665011
39637607
43713077
95824297
133864793
91503949
145790209
164570501
79736131
64189693
99241073
139280549
41596979
125791189
26164049
113066867
71906147
163441693
162911831
73373371
125301151
92995391
137856959
77400413
45506393
23625697
28720189
156592277
147331213
131831471
177745651
132319399
144891407
37915679
135697231
81038953
78429437
90436631
114781889
76324513
138132011
46949921
47703697
147267509
152115433
56506771
138915253
67553593
91529551
148137203
122615533
94539559
26226671
17477693
46663999
176338301
73225241
158717357
121497601
153768191
69755561
134189507
165905569
171887341
40430183
96481949
147373507
144018599
120188183
34348537
22981801
28967101
104689199
25190947
145912981
133702711
20566369
147676993
158227481
59846327
46450609
98227981
76544423
68567167
32515921
82378459
90649231
30682789
38458163
38686771
73827499
162993359
124574179
27833291
88076717
37295761
103264787
100981057
74231819
56809757
101871851
113045797
83484293
27138913
118100179
143850911
34122871
142545259
159558857
134090533
122589527
52124327
118059343
57668309
62851457
125205313
45757639
135924721
80986391
21466633
40777073
153265561
158531299
162372649
169195181
95126587
21274999
109677371
98988479
86017601
73151671
177860719
154580369
40607597
119552077
59381951
85183451
104035301
115404283
32051939
37088899
89751157
92124481
22719721
123611861
37205123
85412507
147887359
175186397
93804989
132947963
115995833
149018777
157080083
171481157
107141719
136903483
118724503
90815993
82913261
134899873
146217823
30350711
68310521
54001273
138700759
82741739
92230451
90020591
52940539
42702533
35457493
29797499
136958153
24764899
163174559
123646147
73355617
162200593
122834497
108535213
155060933
113187827
18211051
130384913
83713027
163161451
53177203
43587521
74875681
172305689
176875627
28422083
173832671
144607091
167542789
151700093
98038477
76556629
135680021
25055143
65728303
123538127
156052151
98974163
46017161
157613527
79882493
139487059
148000297
76792013
28777139
96429077
90220079
149107913
152737883
17761291
55726763
75369683
88148897
19605077
144805909
90627113
151456147
55763531
140980523
67234477
135664223
93120649
23754721
117724151
31379819
20122807
131996519
70449461
59374043
61905713
75144109
93418697
93900839
93323359
114672907
169541797
102679013
77316091
127618333
165963289
109581211
18459611
125905499
83233621
144295741
93333403
142760521
141645667
156199663
97735327
62719907
126129349
80788571
50801753
84393097
128627771
137846477
36593693
112157791
24133177
95692843
52481279
90905179
41234363
50113681
165279883
163365193
136764211
23320111
149856349
165507883
93603233
21777199
151331759
21178579
102190259
106131139
106895693
123537041
113066059
158679673
82339273
45646961
158840177
81027071
147454103
70616957
172536989
136644301
26042441
52365697
82362389
178919621
23322841
30173597
55566701
132716813
145683611
75207961
138557479
43739819
170883781
36138007
136305317
146549801
109048187
82787249
70544629
167585633
71865329
121690853
27737089
118057169
161079109
172751543
38879989
23726221
74360527
115277479
52646483
127070899
122867369
140718593
42489331
174919099
134804401
153234001
68757859
74784821
134785597
152146921
133955581
151815689
123986209
26342609
111551179
146279387
17470009
132180523
23440631
117824099
144583717
107677529
112527251
170756981
82357547
100320299
179358811
147342421
21650627
38306039
122384501
135149293
53104757
166955969
79776943
105280009
25766959
131456183
63234097
112950647
154944217
29468363
169415291
178111513
94544273
144656579
169850491
90620009
143654191
66964939
82133813
50520181
80213141
16010207
65155507
148130063
135501859
35237383
25924903
31292231
168344419
52913743
157012673
30880963
61424767
143687503
80801771
151987991
120411359
110832811
40527701
84821351
73334893
84665179
169776307
148860781
133105403
53139379
47521967
140703863
61662389
65027203
48421201
141821921
69104597
115371931
52077761
38954231
46651841
137810767
22204541
95213527
65942189
114996437
113218951
118099481
122122529
126567983
103037021
161741821
62770717
113651621
114979679
21080159
122062553
119242393
144428143
100561639
72181397
57644017
26225737
177327343
83208667
101336723
108785827
153566221
149368493
54176167
17750539
119365013
173896427
87785123
55364737
57120311
114405689
75293417
83882899
125754533
85329967
131049437
146474459
154767709
112239467
109099607
141456617
100198303
91702279
130135787
146626391
142410727
168428669
124766123
40315763
159706643
37937369
91253341
55748699
124350481
118908851
59973989
141129119
131130781
153039421
154073009
135782917
79806017
51434479
68338553
154942187
172458109
136152701
178716899
85347517
23144591
126734297
105176303
56311273
173093821
177751471
81022423
48352411
28620797
27120361
119327311
146945437
42945293
72960271
130099961
137837573
85731433
151873543
80167817
85469383
31911527
116295301
134497439
164655839
121364561
162431573
177451553
173823193
64392989
156009829
100465033
40049047
100510687
159516043
140699473
144394139
153831313
114320659
116799281
33434353
157481197
78939589
70122277
145332329
73782259
148871551
42235679
65281999
45654629
32573077
131386063
62155189
92249347
131557301
67089793
46468627
17071697
156621671
53598527
148669603
138649877
162723289
150671813
147726347
60294079
125687743
78475883
116552209
118864099
34406423
63014459
47118341
42728479
128842039
53733527
107944579
153961289
152277707
28973029
172539677
132645671
64723639
140179609
52472963
38646373
72586729
119113837
72789313
86907367
40307609
100654361
63820513
122126369
131904919
161520067
38015543
85197797
31027093
72212279
176520307
80339629
44554457
154888303
130197311
46564303
149419769
97240007
56060749
138775009
50446777
155336611
170806663
33518449
56314663
143826209
16182559
158888207
34863641
166186829
129239171
165163577
32078561
31832609
117643753
80595209
175403089
138355289
88443463
52338109
99146867
171385769
140842151
168631081
169509979
111714131
169087693
172789987
30177799
50981219
110699051
74185123
93720859
81811417
43281023
52279699
130716493
149268029
107558807
173320963
118738247
108102341
19256057
40551883
57707641
111926653
140229839
75767869
66270647
119207849
75534523
47601509
173355431
47822941
84772223
106107691
19759013
46626079
113476267
149714387
55677997
75722263
48402059
138944851
113789521
171306481
126734521
97200109
128411911
50520419
121298497
76785613
103411687
43903943
43913657
102921163
104579159
22040533
41459657
120612301
110567741
64885837
136004779
146878183
34045411
141683417
77558813
38138809
101816669
83474507
58721353
124597247
123730279
131639929
15650273
157896439
47235823
143397473
158601017
35168293
143244373
78307211
76177721
60389741
41887871
37185287
175231289
68684171
160392497
41550779
178088987
55458619
58212509
31397689
133448941
17833379
135625759
155511691
119649359
49179859
116927119
55835203
62592337
58891619
163447891
39143227
79031569
86739119
157757183
113275193
159626069
66854329
90516953
83705747
107563441
161893651
86058673
54176071
17266681
111506729
59778181
139731931
86455861
39229403
67781657
63994243
136840397
66652499
74222329
89710307
173153297
105043907
69990689
34012997
156536239
49707127
111056479
132962393
53002639
76657657
21831863
74875081
171549667
71900371
64776043
138055663
48625607
143252881
24111877
128638157
20590369
29898569
41291951
34961879
46455217
22704023
169575907
35030249
75190877
20561351
110632597
113760953
72468037
67507841
176019917
51677051
54060239
138532501
23942431
177550853
76163771
127158041
109530259
128658001
32429119
24590597
78988667
109695389
68194853
20010811
125242459
123757747
78276031
163977679
151218971
120281501
62865937
152531693
155255011
87432391
68416141
129897689
121353593
178194143
52567577
21101617
27466979
46576949
31790519
127515809
138763123
105566347
154974361
21648421
139939213
72459001
32292773
145555457
38879237
123104749
67382659
72674929
139454353
125783243
17353913
69659113
108894283
169363079
21861809
100453411
95073799
41291339
102820691
132971737
27348589
41479103
56009171
159422689
52537027
73580119
68755307
82132621
141985847
171780761
40273679
31130399
47224327
86137949
46835693
67815071
70996903
31393763
167916913
109236121
40437433
177839047
73224467
41371219
58184653
68238491
148292869
74468203
42703153
157022167
123589831
69520489
132604883
166335251
38746879
53042791
87708529
112155059
77821273
52349797
27569029
84565223
138712627
170070077
148272547
153075553
97198847
81856759
21708103
146446283
127773983
63077899
142756111
126860023
110288551
139161361
129022213
89241809
69444229
109672897
67217639
136970413
81728221
144341987
32264081
70972157
149080991
106081231
51517073
107271389
76483213
178293259
80852713
100937779
119353301
47160859
163620839
135396341
117474113
39800171
41496467
16448987
141158911
76384967
98234011
50641819
123488423
122766431
124041629
91459349
149357311
143124271
105532121
98174821
35422337
150713159
48413861
83442847
139389241
81215963
65583289
45264881
91377467
22179583
148419569
130695277
147545449
170300987
116371553
113430461
25367191
169217911
165136981
56258723
116336513
129735887
103372961
83299613
32591803
45830177
79413589
160678361
135097769
22845743
134664559
106216463
155430329
177994259
96549913
29611819
80356069
124051007
23254327
165289387
70333069
94274773
145696387
171894869
153910481
40231651
136880189
98920021
132644789
62614313
132308413
169756907
19300823
155398933
140497127
108020161
111747187
74888993
86939869
81539813
88744417
68747297
110677283
99636619
33383729
111375049
158689361
19660001
26063311
81364373
110170439
100243727
149248963
150482141
31133593
149102243
177680537
160419953
152043581
96347807
92783461
25981799
83719943
91656847
108771743
178460377
34186577
37695599
16991153
69693137
51552577
144496867
151874669
120149219
153249059
51548537
157090103
64048987
99195227
36040861
126953201
115835911
82709647
21162541
60381023
154325539
119181833
145061999
90168347
74475647
51284483
163918613
176034751
145376479
56889029
70184869
133877521
120802873
50962987
138766051
131122919
62009239
113831441
93005713
107695169
109074767
67667839
157317961
115637369
130031767
48858541
21696391
64055671
89788561
30281767
50220917
111225833
35844829
36250573
82942817
65917447
148696019
65659651
145573019
121609171
104626091
118472363
140608651
172102009
52350401
105089141
140953633
69686833
15792013
98915471
105342491
86235209
131756101
116633197
161676257
147425867
126958679
25662239
48026689
72235129
156470621
28319321
117349087
52236169
139081331
103195999
20774531
138285419
156484429
129067921
143970907
176761843
52260931
67422791
162926573
69195871
160037447
178843501
33307229
40009969
84537919
73957907
70613297
116155981
53978437
66575521
61221361
67963429
56553421
98385347
127237697
36676943
149000021
165784769
155799659
133338083
80709631
22180547
177470851
104351447
28632089
163139693
127304027
117375931
151015283
85906069
36664591
66868117
95219479
147292099
41338247
40909741
148101617
81077057
31781843
131351501
103430909
98550269
120271247
42523717
164758093
31775309
173137199
48844309
58187287
73873271
93017381
73713383
43157897
174695753
90979913
50500903
24433723
165858601
168905509
16318399
148287247
158741549
19582889
82331831
152660983
84363313
150236197
158880151
166353241
98252447
49049249
54525131
35637169
88039001
63979711
117681689
122113319
160188397
54701789
61920421
104499257
158272619
98348527
15585287
133671661
34026847
21263399
92449937
24786413
150706123
111599083
61923049
57429257
154586167
57552373
64017103
84863131
74666783
33257621
40921217
146717843
74361289
87137339
64198369
149096161
119397259
127342889
131147581
98532223
177792149
107797631
35110913
178636573
157247369
35173909
43459991
17291777
149031049
24177869
173090303
90902659
24063049
26381237
95387879
134732197
102026933
60247981
145249067
27851641
35754863
59974787
160588949
134474863
35641699
162166649
154339639
31644461
93474709
34572739
166469761
94088767
100067867
149888573
171631969
43637149
163392679
145520959
33763501
34669807
52692209
76070677
149034401
34493749
149031089
117583327
152525497
171609973
143240477
108598613
108404627
117613247
140455529
125564183
100588391
137068999
51062491
79989863
97335437
117180523
25881617
48928993
16889839
155424119
82881527
95554951
124684871
154085777
98508409
137477917
105003601
97952737
22505183
31796377
174516851
145042433
46862411
34794623
26321747
17642329
175817297
154535599
174772231
32513969
104365103
78320233
173777543
150530833
157849499
52341053
21385591
83428589
130459093
132639307
101606951
67395481
164268463
64180007
23151497
145361999
32545739
155179931
131169397
52000139
69491881
142856551
49109449
36202037
158435489
69470983
99877697
46879751
140293609
129708863
163358539
136795091
111210347
58013281
119143249
36968231
63940573
134541343
89022103
120800593
140459773
70212841
21500231
57712583
70605707
75974279
117807929
66707593
50086753
87844781
43207609
166818139
130122919
120705037
33364349
168251089
105525493
161219659
106182673
91637041
103000207
172774289
91613747
110423809
119973179
52607057
106990211
72640091
96798883
162414997
46997347
175130621
115794989
64612759
102342293
151169131
54101273
171732581
119854927
94328303
120556781
80281447
80251993
29415697
129353639
157188781
53942879
158984711
19042489
62629783
71801083
30767267
105995647
118151821
18890093
90392161
48770797
146166197
53911889
142566959
17040293
16794931
91381859
25574281
122490721
176346281
59748307
55848409
106359377
157650523
139375289
62436893
55130209
107941529
124546067
33130589
178356259
33071449
149432743
132763333
107704021
93257627
88811773
17788051
71439103
60120691
29037011
80914753
128231303
105586729
51544277
147773723
153072767
157366771
110351551
125991707
135035501
144795929
103013753
122429891
44253763
26899681
81170773
106234259
157340233
151400773
100691653
157740797
125124799
114158909
35117041
84110231
113957933
20866723
31287953
147034087
171775843
57701131
87405113
158226067
168145321
40520071
171814373
57369079
165167671
99208051
90505697
62712631
43206109
165191093
18406771
22269953
111975953
60851723
139329713
155166643
17396369
134253109
61633001
83853947
160282249
62344487
128512387
53223007
22428733
176107093
18069313
66326389
142986047
142527353
106430497
143773283
177465347
23178131
78071053
106546337
58237967
157706299
61772969
98466371
144340927
68026891
159059281
41138299
140525771
16847249
147808477
45276809
158798951
177463529
76955369
42644639
132433087
85405777
45985001
107343641
178852969
74555161
119924843
109255933
40830697
22439693
82471219
29385749
70387921
70576777
54684599
168975097
137922991
131728171
83511557
101335279
140152951
137904751
66030619
30157247
124560451
27072389
50287561
89967499
100724089
42815989
96729509
169294603
152548247
29682353
72153239
113299091
18176471
66552583
141972659
90568861
160222213
101428841
137156359
164444939
20191657
171067693
165926641
169706923
45704231
152578571
23471597
48959189
46340219
45330179
45829039
57585079
67230703
146040911
44058977
100909477
93328007
40964227
98790641
76148951
173694247
52578611
61758469
88146661
53706551
125608213
132722929
162343451
163880251
38750707
157296641
86743477
65087359
128814199
117844757
91670591
59590231
93809267
129616909
173067877
79907363
140133677
16631249
137671607
47401877
125211377
156308777
169041673
173590649
27653231
167760023
154877747
33470113
99513283
89104979
108503063
72641077
89798759
111389269
63239107
132213283
126441397
33797663
52013957
41668811
105721123
28371869
101033927
94631249
122620781
51705187
58448461
158629927
17254661
143279329
69648067
79782379
51310741
85043243
126272137
83000903
139171103
177567041
36451351
111195341
19786813
52793969
163246987
58204607
115920953
18586163
54157711
96418279
69396403
22785073
134807089
86985133
20313383
150174737
97756921
68904967
105863531
116640079
123858271
52228103
82421359
76048211
133009181
126612197
85714063
119903297
120244177
134943257
43747859
122778653
112329059
148935863
18554311
103262833
23195317
142433183
73710977
116117509
109132211
42231113
36746309
165929011
110378711
65969921
73262071
170326951
127646749
109738579
168888323
30229487
69975161
148321027
74086699
161993593
135312181
170984207
72085087
149608243
19574039
123482819
143553931
61082141
22176331
126371017
82555537
152077169
66042139
68491327
51142187
41504087
60888097
96875951
137018689
68996933
153433433
156728563
121181293
160877909
53778997
166037587
124844593
72025853
28257781
136882843
