57895231
131474117
69243527
115705067
121904077
142884941
15677707
160717717
80921933
92148421
19099097
141055127
76310887
20764039
113225383
75717137
116497219
71880511
129055273
68023139
124533229
90846269
37000367
126101719
154590103
95808833
177967499
138449539
152006879
115530199
87679447
111035047
37329601
143228611
62513119
166475497
39959561
134275217
147290167
55730557
104151629
78925391
177255887
141833281
126117911
166922417
48945077
147344579
74229461
114735827
129504673
93472061
102108481
25430611
21811927
24270601
114934273
146964263
78687173
66922699
143126899
127088167
165970939
135093851
41744089
13383421
63000349
3426113
44312297
97093739
109955491
175810567
80100011
64753477
145902173
91181029
122158511
6729313
50925587
121922993
77338291
124967743
49937297
176457559
53814757
14540261
84329981
96322909
167255531
82752487
65103791
1367393
118201927
34302221
164293223
124712971
116905111
78828161
83859301
116622937
163085693
136860109
16707029
38512759
59201117
152730827
137774977
34178453
18695371
129296647
122245579
54748459
118660907
91209401
168399019
5991757
20273261
112330087
92674909
172115057
147864553
10198789
112600717
4267693
72248039
156755497
156518797
29231
66481691
27249709
37010159
78060217
10184393
144332701
46419899
60656501
60989309
50123959
93251569
100071931
100302649
13363019
128994863
1115987
37533851
13500271
116229991
245083
39815099
162550891
11187677
106325147
175457873
37455461
12502069
81230543
93118799
19831499
53721497
23670839
148697243
110645869
160610027
157514779
77989601
142664713
132028591
69052703
92988169
56780821
62901901
130080187
57574817
163178173
123884063
25183601
14145863
178846777
51653167
36348943
14187241
57334021
142466743
36952327
93677267
44578169
55266697
151953911
121766467
171689009
69353491
70392689
18957889
79126961
92670437
114933043
156639793
47246431
162499213
169476017
67936313
55545631
93151967
41927657
97829161
162123629
51553717
118545659
39988073
128026999
93625531
92445307
81580489
170516473
1786339
38441497
36706847
165995857
160739903
106937489
7278389
106986911
33153193
11984299
91084129
76003561
45669163
89673893
28286509
151099841
6691501
171351157
126153817
91175489
18699137
82955981
142771679
50372687
171874537
56516903
25108301
96825739
98928139
82519249
6864811
127541683
115456669
145478899
83235109
155909287
137427421
153460369
114792539
109435969
115074851
143568023
41009609
154135367
153906301
138528833
90767353
149735753
109671931
82119071
48213713
46415819
52610143
21926341
162745853
50057641
75736387
28078937
169643161
89252413
179135521
167560787
14259407
89645891
66392831
87570377
149335369
148911281
112815719
49354687
83246567
3633919
47329663
119238943
46963603
173207161
111593863
138137927
11950153
73968179
169111361
106486423
52213877
117739879
38586533
122773109
70804121
124945853
236783
69927031
173114713
43351453
49732373
16532627
38869631
39034687
119341643
155303293
145848509
84779503
178860883
101472869
147662149
23801563
29210009
17131133
80983157
58205353
175135439
102303647
100876547
82882441
61569661
74289041
24582967
97949231
19083241
129502007
169728841
114368533
126695123
17979229
12345479
30668887
100869079
75913477
26917067
6960299
122146229
170119571
160365209
67735919
83066729
134167687
64399429
77838433
154820441
72071333
131491511
107184109
154320779
148903297
22313981
57152021
135071459
87099329
63618047
29652449
56215301
31765763
45241181
128315101
130728701
22226999
42932003
108606821
59622089
133866437
107164097
90260693
86937581
162470393
96347021
65642231
12213469
66348911
75891527
33790153
149560141
86587903
151992821
15680363
10897441
91967027
57807779
84917267
177367607
83898047
170771927
87638399
11659009
170828443
109672727
145224329
64879457
36473119
79720819
13395859
152227249
36552469
19152883
91623827
168980359
7056349
89899793
124413811
98972851
134261807
14751739
99045197
20747303
117362117
116487713
169057703
155219297
45015319
148945759
152263109
16403369
27595609
7815641
139396729
65831617
158896901
38394739
3875551
22366417
4891333
8057183
128934461
53693141
14946359
26942533
52479787
172531301
103667387
127222897
57800881
19388519
118063247
19535861
80399437
61691821
143373871
89111213
121751701
1222831
176520161
90499861
56928007
56949553
79307959
104349439
20370319
95135087
90752951
135946271
100018001
104993129
61854811
56820109
142447117
75366761
28115309
22802179
90721723
126995299
161736947
43291649
79465511
71444699
60320747
74538991
135258691
64649047
21615053
44332933
66908797
58475639
110857049
72586853
38289137
108298079
23298589
160021111
174770671
173531551
64477213
46626407
55910051
4005971
146925979
113050423
33950771
161310761
118314037
103214269
133978643
570181
114752119
20653489
153709879
5002637
89819311
173606221
117158089
47531389
156802637
925081
128072453
128333263
18800843
38219947
36265667
26867909
80248087
89913133
77533399
20865017
27046333
24851963
107438567
157061213
59128211
140775653
7318543
139398067
26083061
120478933
38727127
37385333
10997711
136414199
89377447
115862623
24987509
59780827
161027249
42292799
145464659
42810127
6064397
8930297
117393911
43959403
149411441
2782279
138848147
117973433
8258093
167124481
20301287
161947157
19160147
76306063
21269177
144779347
132280403
87055141
120601081
158722313
163810021
64160659
5568791
72018161
32930143
43243451
22223917
31165891
103661641
74983193
56623687
140696861
77454161
90374129
46861393
145811591
64235497
42682811
145821101
24278897
131908781
137928883
118712521
81881929
134905753
69114179
28623403
127209913
138882067
46605733
128734117
22906679
39036031
18277901
79611401
52009603
22827137
7151779
129835369
17331481
2750827
18373093
126006637
145089383
155355751
38600231
116607181
100327321
132847063
55573723
101087257
36683389
55594927
72594283
157088341
52229719
146335327
8870671
85824617
128926927
7842677
101558311
107086513
101610329
94797917
69513607
142692479
73209401
77860417
149313881
161435843
140378057
18608363
119625641
121665829
1285481
9494633
143275931
73924847
19115807
167865197
136245931
102425849
58528429
69407483
18515491
142940989
154896901
88448557
138269567
178976183
58508993
105067217
18141659
174241829
102371099
107347459
48679637
149042057
1906831
129173147
77630473
52602971
112304029
94563883
29563021
104062429
157183261
64369951
37208221
112459441
80832107
2932883
74048237
26184001
5387077
10201663
160871393
31729723
6733807
49338943
168501521
34361507
49325093
162470647
53777407
69899177
49361087
96072617
152425601
116546537
3918359
32411411
12300677
16931927
118338797
6551581
38635063
166800691
179383499
120955147
134399627
22882229
96817351
105702169
121771297
126571397
131544001
160157869
142474799
7436411
68081129
61881623
60528241
119124263
161819689
89452879
141616729
5177363
92645341
21910169
167668651
7377943
17635609
127189549
178999991
113269729
90738077
135551237
23531309
50408381
48687127
142511513
158529079
161506861
88303577
80770139
64236869
40096967
84906077
134043109
57040727
79186633
1098397
178116023
152791097
55201241
107557267
136458653
5478827
54543953
128183183
143141293
50597347
121958971
18566689
140321591
51602437
1442669
83623703
64212299
126551197
40890061
120981961
63423593
18117899
140576363
87391771
41284447
6577763
30880999
107420881
120145763
87150227
125914193
160617113
128645177
53523823
86574107
63313013
74933731
142331747
62579393
165082091
131222033
43115609
17288009
16861877
139188149
29499143
100486069
161398931
36631037
172060289
146862701
177551377
157446347
109217963
60293549
50691481
6903913
52065829
93532501
5894957
4847291
4100011
91138727
153365699
159255637
150605069
29285189
121693711
134553131
173987777
12146843
14371867
19821937
70869077
162070729
46828367
72580411
92825693
136022011
48101359
166067723
131398733
65156717
69766973
94267517
12698243
4580039
158096507
148564807
12403543
165930991
159339913
128936461
11858311
7831643
4260457
19247237
108979141
10773013
73475729
142583953
60617677
109041941
5979367
9334747
26994017
13106633
51120763
14547233
57925183
151177487
17070791
62874661
91035803
17925977
174333121
54640351
151281469
106734731
160588877
23300681
148680277
58736663
160154473
40083259
88426159
85380461
107093689
102464753
94800149
126176317
78521189
145257193
178929221
41327437
37558723
89984633
80885659
157245419
167262863
9947243
173829527
42669329
116730521
106905031
55874173
132647953
171552067
29088977
93816257
22493869
118668779
41926411
30234593
97916513
111074879
90074951
2499793
22814521
26996677
138482191
144066781
69091159
25439179
112996727
11084627
36368999
32654539
140281573
120919573
8994637
178421753
75625013
872563
80341061
44762323
43967141
50290837
10615921
110602399
7346167
138225233
5970847
75766967
91162873
60306823
178483889
124374959
30849223
85845797
83847329
92791169
97368107
136342939
93088279
26588519
3139321
133066543
73457233
83439673
50960927
128404739
55436333
108855217
90075533
82019551
118382227
37838831
133644307
22692997
10534387
103495747
99797669
103378927
156012707
66797371
4147483
24942481
28624339
162200113
20974253
34278877
15949673
154051351
122430631
156653723
63207299
178196399
58574387
16324909
173316439
175669943
78962441
52690991
22115243
8443199
35054953
15495617
20257067
44424599
143514703
106358023
92408999
99702833
169793303
117241169
41875549
161231831
34076981
89693573
57596551
176255501
108634181
26571541
15664211
108384643
130837901
79806241
88050623
54278177
119557469
68400461
66692557
3165947
93326749
100671947
3248303
143299627
110791661
77749739
128956589
113067047
122809769
76472959
2441189
55976993
26171813
102074311
42379549
27966307
20165017
32667227
155718749
5757421
89019341
16282909
39344759
58285327
63461009
11180371
46313929
137768627
111109519
3812477
92802763
142387327
97623683
38404801
64514591
94662961
144259277
71372981
176199997
151078211
43669739
60703789
167016523
92649761
11827897
7386061
141585839
35987561
13395383
42653801
48010409
9284117
160233071
142492529
12842887
84419911
143092669
104833019
84766807
138090769
55009037
26965681
118061029
27122731
10677587
87449393
163272541
177828811
116371313
49707709
43187387
143591213
93833237
131354183
12172019
81447701
28299697
36835061
153303197
7626613
148540471
25187671
93979673
52802297
61023871
171732581
49350097
37982677
46279927
9772979
75153511
3598141
14881687
38393857
7544227
88919323
88499179
95063567
126948203
72677623
35933707
118776887
73321763
55088557
135400721
30962033
176258107
137631997
22011461
93427721
166330487
16073633
163173859
72891613
11470609
63650579
22882471
69179501
152338519
38142001
4596073
10039297
153828379
22689833
91715621
80849831
78846529
26118529
141558217
94411127
33435197
151479227
165666433
45252083
130854749
162620903
65704697
128034601
70749713
47073589
163008463
73769593
53505857
53532307
148259591
135415817
77742859
76436963
73279589
2581417
20224621
167396389
150562261
158106139
112681703
109867951
147834529
66596351
27112139
172272409
12172933
132382007
107868857
93162031
69304091
137760019
155635049
168540161
170626901
99094319
43372361
3104669
30883889
37822571
48169871
99764239
78420301
131516659
176689769
115775203
149904653
5984263
137098639
775633
13457161
170469851
78449311
122704093
16074319
167774177
89131967
10401421
81919531
54211813
8641421
67087693
45999061
6673379
52697591
137565133
2009831
87502073
29240963
31009721
56924069
52765513
32540171
4643711
51815593
163716011
82101661
46982207
83692951
63965689
64592413
72238993
102090187
107839463
42734323
44203261
9111709
72165671
57403189
140033143
71905609
150352283
116602147
164658629
12396487
165156773
42856013
98689421
91399229
101587621
88700369
12654923
75612553
56783329
123567779
118249657
106521743
49059601
66622097
65726873
16125757
35307451
52225729
171830497
134007403
39672001
1318861
154580753
111954883
976211
96893039
173030353
125499613
117495929
59724097
169799197
36196807
93425623
79077619
162670999
132645637
139735679
162345517
704419
92259667
179078281
160384759
6423821
157447501
80004241
60208861
120393193
117579983
63729587
1358939
106149731
7708007
26500549
166551367
77151509
29596183
146641559
123701041
131204527
53252539
49274083
132889511
60784991
70686431
12797879
28333651
88104343
12402961
56574281
174447059
56462009
125138333
70075333
148457587
178541513
51189373
70949323
118024939
86576471
30102431
134167477
157470389
122426279
121717223
51814859
146526973
13915339
113548261
82879087
59663749
150538651
37685803
144674147
169908547
175626743
59414287
135155479
28668313
21859199
117307133
110767469
87228437
160112651
39702337
91407191
104407817
142022273
135378197
142078691
76004381
96830533
131978261
103683557
14327947
153627139
63563623
9892151
62537711
117055229
66910687
98322227
9258959
662281
90452623
46504259
115274231
124781627
144327959
108527117
2302067
41054197
126977887
134676371
81481501
130285027
59100919
72068543
17203783
167511763
120451717
29306441
125947259
129143479
142623209
156410561
105580723
143331809
65050151
106509679
23413109
132001399
139038919
10061083
34492417
79075583
5818951
85925237
52246993
56023307
10161763
159701207
164936339
68065397
109278643
33983311
92652739
29368657
2208737
7025831
118874339
20152493
3576359
96356003
150644621
154192861
51553091
1573217
112522757
89838583
29882641
133920439
68168761
54113819
121888577
74330933
167089267
52875101
82647101
136219253
106954489
82855139
24451541
60809713
168222557
89762411
20049413
100275389
152771369
135898457
70711723
143272343
63126367
93540767
15348097
51934279
10423709
157902887
157753549
15597193
95196341
27497203
27218119
149623609
46372013
102861769
79207223
159912419
85165187
44069149
152426899
25773757
167308079
17421007
127368083
93354553
140140933
176558633
123688771
5834999
11956103
153756271
71513149
123929339
39501961
71481341
123666923
137821829
157767943
79171003
101818177
72484157
99052783
177194197
29640277
102680521
69842327
64123327
5561099
71308507
9526073
33807439
66420863
8196217
99264917
41972377
55700639
16753433
102262217
125626103
104619457
86683577
96328741
174803753
163206349
54512681
90679669
115061803
84181367
157592959
95860069
47831879
111522353
163278361
3955673
40713347
126977413
120115103
22379881
79521863
12335159
43584857
144667819
91773239
83642983
108079067
27610619
28605691
93524891
163867961
15926857
1139059
151279741
96063371
44612903
74548993
133461511
137297759
135365729
152619143
97977983
32153483
56931397
14378387
114514451
149644427
30498331
147891047
178517071
276817
136696361
31335257
156138781
81640571
172272223
6790897
176606371
38157241
87727877
122444323
24734891
177128387
171311597
152972299
113994241
98945411
9368621
104040793
28177819
55770769
149976067
34989499
1762399
116585489
72814921
20661583
107861219
37485997
166231099
92459273
151723489
145188961
29004883
28611911
42351553
150773963
94467859
150305821
13977889
52638653
81389071
23599321
172814693
173212681
24381523
129600227
126990151
48098857
43945921
127843087
15091001
70748879
93745441
32217287
82902553
162841373
99456571
52296463
8245147
11726683
77448743
110039387
111827461
88455733
127281491
135078173
76749131
101369363
132793849
52249193
16396001
172006847
96773123
689131
158774377
114736579
59560357
62663647
131159477
124695449
162441967
69734671
107066303
45224453
85072237
56742887
25637179
162725237
84328757
37357403
435973
32479123
176177107
96302933
153388597
42520133
126018149
155701937
9443191
87155069
176861411
45909431
152721077
33461399
112387973
114442817
118185797
100532147
92129243
41015399
31265401
176554753
36151021
147827663
27599921
943231
96148727
11875141
13846513
112228793
66779507
56057747
143055937
169896809
49292219
89050961
139457173
118729069
127712371
121149277
101778097
32587153
125440309
48724369
28502989
60430771
120858719
152940173
89776397
176621971
21064031
52055879
10906043
55081583
42665017
100009913
126387607
94164727
37597403
119301829
172156519
16210373
93402637
96093233
22969213
74095037
8720953
78416311
95046857
37496819
160388887
31269737
14680909
150842371
1875953
27238747
89086243
30827089
100381861
137210431
92603653
162090217
161458223
17114159
75169123
85969003
159726667
105905357
54183697
131408527
48521059
21203011
53946817
52298843
103891729
155590739
175610797
112743019
120099131
13460197
152597699
24412319
91730077
109914569
130665923
110409973
93266893
176546681
23156209
167632583
167010457
158392573
23715529
173282077
101156707
155464103
124402601
21519857
83276717
52623161
60681329
105109507
81140263
145358497
161942621
152658151
142339783
132935977
122752957
74693027
17071687
123547939
166133581
4872293
174471931
138861623
8618737
15011231
139807141
8804387
177664867
171225983
132335587
105244921
147953303
69768043
29244323
67151137
33096967
91848137
46062493
77079283
173494831
40183673
6307559
112278293
23542907
173187761
111041963
173354761
58636343
83353103
103781959
147597953
44462399
64224841
104831329
170335159
15250519
16038697
82170901
54798703
60879353
16453559
100187531
114712597
175236301
1851539
31524403
35236973
148955731
9538517
81009937
132200087
170083349
113445587
106531609
126305009
170228813
155677499
83651563
161654447
6383371
57663019
131827933
103006649
103984627
150176023
51514271
23665799
9564059
62676583
40174133
101016913
67278713
28634693
133854551
47086121
71006987
151222397
110687989
38292949
143653127
147281821
87081443
146846027
11562961
58508537
47118551
69394751
52147897
26306807
77770237
114862547
97889261
124857287
47191301
75765839
3266293
125243551
12303209
171105931
122244497
134225323
151033609
120203959
34895753
106387481
99563549
126875347
42177917
88656419
8493631
81824293
144094523
173329393
175906603
116127217
69206933
75773671
92467393
165079261
9165781
145038709
152072611
143530111
48160283
15666901
33023033
95475649
96340367
79277189
29904353
67780879
111075431
7147757
134559457
139046029
115588667
81054401
26299579
125208731
86233603
38751233
151171357
77310367
112884281
127243723
132636277
102005363
15063793
22309093
121139899
173034319
105811289
67380373
113213257
96740453
52932463
120562213
29364821
10642469
32251399
124172849
141180719
91225867
104434721
87474953
162586409
116309467
80693191
96594997
80060593
157847237
43842619
35236423
166721279
124564669
113348141
107561837
101002861
172909417
22477051
20721611
33840451
170120131
165634361
80389273
126375919
6769313
27347027
223429
25414981
178726699
86944129
148210141
3316277
49948289
27570581
106008521
18362557
41691499
172785377
59266663
60778099
165291311
4251157
6895279
85597139
154095827
128966263
80470391
46992019
26108087
156381037
150890029
158267983
129212969
11091187
277903
11544007
133288567
97234019
71307829
98884213
39221467
137012063
153901369
168958967
143113979
126867383
15891497
42612827
51594581
5198551
118481183
81888419
83844613
143414917
14111033
103174529
99608959
102187037
135098363
44271989
171958229
69360061
13955969
149061439
49653349
132098413
110812421
42130009
119420527
163814797
96752939
18200701
47075603
17856529
70774021
73549141
82041623
46097707
12907429
38296031
28120643
85499861
61492481
149899537
159019501
13318441
90472381
80440961
85584313
117200747
164297647
173281921
119383057
29511953
135665291
7929907
23411039
141735467
170178457
598931
50149117
80897051
143913569
138342353
5781829
23052223
45646247
66764143
102595873
143144951
85577489
18676303
2878543
125157671
40807493
20811101
4775591
108668867
171279611
46007887
27315523
101903987
177703373
21046859
60153811
118752811
25796591
174599179
169981481
29462291
70382491
176634487
7279157
114634241
178868321
92082143
21101459
111793193
108603127
134479193
146883439
176194673
141180269
44943221
171120727
21058259
533801
322051
74352349
16000759
102853771
31552999
178841329
115742461
63763673
172508729
125893193
11036099
134407913
109065623
170307901
119850373
78433637
38050109
67602739
164431951
450113
28970243
150707357
109810699
105179423
431857
71605663
167430749
147711713
81800513
78521899
87203063
30481483
75576019
19078559
27898571
29861861
8438093
86459141
45707491
165949153
173130917
138319037
7057537
169145941
100268869
176847929
27377351
60335201
62481773
82336571
963341
14019637
156495221
64366177
93641183
81289877
122611331
32995933
79932421
92207377
137998607
26808953
26788319
124480481
165893213
78532219
52065259
106667903
90523871
130296581
68601697
31167947
33129337
107761127
59546537
77126251
156315079
87169021
24284609
150197087
123386101
98890789
109473389
14051491
92559037
154319437
157244111
46483111
11391859
122529937
70056893
149137291
169699577
159928511
19419649
47549393
8302153
124474027
166577717
143967431
126275707
12608291
136541227
55769761
95130157
135032917
129054683
98875583
61604341
178286107
110464591
127652209
88742501
66098741
51454681
156089467
176303111
29716339
26219693
93508153
87933649
150417811
162162683
42591697
88385809
124202983
171603727
135206387
46108339
147530129
41728747
12147787
131617267
61682869
178459703
160995353
137169811
14488723
57787943
24609493
81416747
171807547
5690317
95423201
110089513
115838311
76666727
63735487
40074877
120508463
113611103
25703347
85801879
20388107
40458199
40561861
42383897
160704301
155273021
69750497
24546259
111051037
120955801
168496871
7442507
99206711
50471791
157325789
45419057
42866599
19403287
1101253
123505451
37653701
152863981
99389993
69199643
145307441
175379363
81843067
53087213
104733323
161753173
123426481
86163793
157573369
110891981
118019329
126737311
68930779
79839283
98549533
2578943
93632663
51149471
126272387
85620071
112085423
151802863
142203739
46093133
154168771
103786913
16372427
174922817
177120431
146667407
67555601
164982397
4413053
37287599
22409771
109111213
25902677
155849873
117308197
62785007
106921013
48974447
33703429
109819051
84113087
172076357
155928103
134830987
87278447
102202211
20010467
34258157
108904429
26138131
175754071
166363627
138845999
48830879
95647633
84539557
164756341
158006441
51064049
85610909
79452619
11512541
58924477
151351589
173063687
15318419
56145673
114472301
170604787
172499791
4801309
30641909
129198871
42585377
34689209
56831239
7078301
79363733
133593767
38002037
85969123
120351991
84642013
172851137
27053959
83888137
39405323
16008571
20895473
90702679
160223473
163757149
8826551
100051373
110746583
8085307
45792137
40463443
118209281
5939057
39142951
91466143
98154863
8954921
129858961
153249247
16178783
22967939
108756889
65467093
72886273
33377867
118079111
104629799
37492043
41541221
97036013
127941493
136986539
69178159
17436689
18953537
38629771
45935557
99630031
143294813
48887819
159199769
121944611
158512721
127194887
25441901
112276601
54443927
26092181
96802127
28511713
47116193
119841251
3953071
92084683
40389887
47276837
13928333
150267961
74690969
61729013
150966707
68612177
134629247
22398839
115754663
38102903
91508663
91044271
31744939
143964253
111926611
42347803
37336099
39917963
12836801
65335957
24016141
12367723
99340889
95861299
32363743
33211021
6496943
19059151
100230107
59689313
107947187
13579589
50121217
13815209
120068147
121960087
19245827
21084983
25023469
56229197
133350143
27350129
54856973
94678009
21803857
106018343
59948387
130684751
121876373
159829741
15388567
112813691
110168633
3084721
172978579
80714287
128492957
73468751
7658669
97537907
125117423
140913083
173242583
59636939
7700519
34621723
162922789
168340283
13767587
134651857
82296629
44193493
43615721
72806029
151513507
106482217
18309671
59980937
172095467
137890931
169686073
112586483
125454773
144056167
32929541
15254983
65065081
93048433
162748763
177083617
51727769
173152229
84913627
109267111
18286057
68802949
122126993
152983777
21457853
123248353
67461923
41779487
172704617
77755303
128740481
130975877
141039163
144806719
108325453
43968671
7524397
77078987
72482497
104601881
106054973
76621847
93427793
145810681
90695327
4815389
111403549
177028303
109881581
174998353
154749901
87161671
112339121
165280463
10228741
174539557
153110249
65111117
113906887
167210357
25759081
58105279
98501701
38719609
149497189
112542239
127711651
107185531
70394503
96286103
108595919
22037341
151269913
134867287
153520987
165863629
54562033
1193119
133560419
5108113
1263239
74511533
39936313
58210543
110690479
19042061
18891881
136637317
136346563
105479779
114536893
68186257
31097083
11604767
123113587
35255179
153198307
31961009
62071843
174705499
1694281
92864269
22063337
96121877
89225363
31591177
177598781
14773111
46545313
71540323
142617289
52047487
73754311
35550367
165862423
46317223
85620919
106310923
65877587
100094339
89808601
141076189
98940157
114616213
25396619
1124239
136543909
111428777
13859491
134938393
43024963
29265391
137521987
76378961
159474373
11928779
31037927
12431327
150204629
89570683
70301753
42788129
74231761
51194887
154744243
119085133
168569069
133337657
148333607
98991973
32357693
89320961
169045381
10781423
13442309
49473769
98975431
7437761
154462811
166979069
39858317
95177777
10672397
84463663
163695569
120407767
121446859
25876603
167852371
84647257
39033727
78606139
52285633
112826221
107824433
26435699
23306719
97015609
88074713
150113627
79195973
101581321
136061207
138632993
149483011
65723849
86548129
63585307
56317537
9529997
91993373
15446803
97748333
109026539
54865301
173344939
104784671
118218281
74318297
172955633
177729569
45832327
157572271
24663409
171392201
119088133
123115621
10269407
161175607
144813133
55367909
21498419
131251103
59501311
117947503
66251441
129017519
76760843
118707541
41044027
172937669
9444179
107350781
80753261
54849413
153674701
170219603
170152907
15465953
132396907
90539861
1240307
135575677
17057219
124500889
163139677
166178843
75735859
172828319
22617703
990287
107837453
102481033
34069369
76620449
90717577
116626709
33881387
113966969
352301
39871841
25358791
69734227
174534713
42114617
90879317
4967309
18003787
95197259
176622769
29394997
2151337
32942153
174151741
25433477
73396459
162265693
113352557
146550473
145582819
93071359
21980429
147690601
132001123
19758289
20495339
65766889
102628111
115998887
76471511
2919841
172000709
24671069
166803841
94511369
158793289
157300349
69530089
147706267
124925561
104417329
157968973
168166711
135229739
124770433
63386027
105476513
77858927
80367809
145977989
105097717
165523361
173210027
39005641
148545367
149243797
149866799
27361519
63552119
24463783
6243469
33773083
149943631
102050519
125550121
133700089
18967933
173524727
51839093
124623901
125234183
92492987
66083279
117887893
6547817
123011827
144664313
25203127
138708391
2942243
69604313
155256859
5995699
166798153
8401993
147308983
101631469
132413107
124489361
176226389
94645717
41177753
139200037
120686089
102206003
29833871
135126053
47994979
20624699
22850381
142394033
111991667
15721169
59343853
75804739
87031157
142382491
13685029
9364699
58664201
121547483
43138243
18703441
110914327
14666833
163968029
21494831
25824299
30011161
75246559
146034089
133913789
55880861
49185373
116864351
70985987
145467601
113699017
70660859
2178151
48582871
30715687
42399239
47887823
100676879
100308227
38243879
60224869
178285847
174477791
171115289
73366327
24637741
143939981
88248691
140703449
59353867
11706883
52092721
83218789
162139633
74986399
179076571
95941301
159563563
27703337
90274273
4502873
115742009
138152797
52185031
103688957
136341763
31557857
60532819
57805841
123259819
87829891
127083413
81399821
54764027
74004809
20503459
82586761
48312853
177065899
47878751
4521817
612377
11494723
77002789
28922633
123295031
4052911
66885857
92280469
24470773
22098053
46169593
146745271
154352983
44793157
49887139
151553537
126026149
171831817
59622631
178173197
69995719
158563763
167947399
40306069
94157669
170474263
115487191
115972973
143113279
19479451
107729243
172489547
52694563
12551731
141963131
6476959
127373797
138417691
12002777
30072533
158395931
87709627
33673249
31599703
13809949
63426491
41449591
60592481
151257341
123776519
147984931
110689169
157879013
99592853
53701943
38911969
26358217
71394013
16289489
69172237
8449439
34102807
148268011
84760279
140273963
28300271
130041341
98027353
174968987
177090461
129176513
166942673
90473057
40456021
150906647
40273631
23881807
123289739
75314033
27473899
35026597
161809799
48613603
143705717
55396769
69702953
68776963
61666763
14860663
103159373
44425291
16442917
125312647
101048159
35648083
54860527
2181671
134754127
20293241
111356909
121735813
158345197
89521909
127787353
125703187
40601069
78421919
171564011
33742117
58335439
64203163
86906371
45880519
10813577
35464753
88347871
60238063
100719263
13718693
59398127
141163303
112869199
17093003
125075087
132353119
36193853
28025383
102974393
141466693
37753819
104611399
176215631
61187117
87663817
48787919
40754201
15596767
83758013
90274061
137092433
162807683
130564207
79221941
114879341
161078839
134515267
178435379
50820247
109059371
80439859
115707523
6228583
89068267
105184823
51218261
133787029
121308041
64736809
31258301
64582013
138514307
134155391
98497849
68119861
70908263
30396001
89929019
65667941
18050861
162419641
162198689
39421229
130293719
39205393
103553293
167726873
99370417
317419
128728531
124291291
88347289
124081591
159188587
4198049
96855149
100940057
53449729
18540779
169357577
20341313
103174691
944077
27613171
72497479
30692863
33053959
65083609
17074537
173908873
128552659
60478849
137050061
143170033
174668093
151714501
146479033
102058087
102867169
79330799
38952283
33435439
101270549
108087937
78227407
21695129
141893581
47499917
78520859
27767849
34807013
7395491
21801061
16901351
42252923
106305091
68750093
107942509
10159601
50907839
173496761
57824359
108144889
75010667
18345683
88442941
71285083
80795893
93153469
117469333
148083421
123913373
110776961
64604647
4679627
40625467
18729397
43230767
12782947
163406041
57235351
85610543
29059663
77056327
44356061
46407983
27967637
14603107
108218273
131323259
141435353
18723203
155132039
79899811
44334013
131286341
84256441
22092101
76892489
69543193
26899517
149916937
158023529
131242129
90687343
3568307
99704621
108585431
62142589
161291329
16997861
48042083
18909113
63458713
81063809
82312889
125405747
31449589
150422561
108299329
104715103
30582841
40091927
59539409
61599541
141518519
161489407
40894523
103269967
56682827
46091707
106229533
149303701
19918097
9286261
76047233
29574007
21084083
60139439
62330111
167978543
145422847
95575523
85336369
24162251
71016137
72426551
157608527
142691069
101321527
3880091
114840911
174867619
5034451
114500993
158444449
2295071
58505903
52207709
59546369
36792671
106575101
107446649
95160991
128129747
145591031
93013619
113275289
90035359
173272549
49371167
58625729
51259951
55465591
41118887
67402843
120255823
130067579
57222707
127280579
149199013
31836569
149249587
2050357
4424083
59788213
128039969
121254649
127508957
38949689
33666491
47338007
93157607
156191741
130960127
77558059
57515747
164954171
11237801
29688259
55593787
64216891
164315357
82828231
4565191
88976341
104832029
48807907
115175231
126905699
55814873
86958121
149034859
172774513
70826797
87135751
123180229
61948127
87012763
2895421
109554253
79669867
95470237
162523903
159084727
59917993
6293153
89093089
71240093
66320327
78854257
41529641
115788661
164183
115845127
8668073
110984429
103791323
28800361
44211703
75460067
139397651
142702237
6068549
173616161
99445939
1089793
108393127
124589347
171021271
163509721
170585929
37246343
124147981
48815339
1918859
159192547
136217513
81800281
45706151
152279381
25254221
26968349
112359227
73333933
129998119
40486681
21696149
127671133
176505557
12845849
71457773
152305123
8446253
85916041
48521873
29490803
174389953
70240307
135901067
58383707
9454297
57907769
76424893
92935093
137164843
176535679
168903907
133937527
46152179
72187837
83275723
105743243
133234181
92922937
136946077
171280199
149892493
43219997
133977773
165908207
1840673
55656421
17906957
112290539
134856637
701719
33332141
131066713
79163341
2103781
68010749
5599369
21530471
158460671
49993091
83290903
81216209
48021097
161124059
56860931
22035967
40061869
15305791
73437979
113291177
61106651
13676153
55753303
40354207
90901999
78852637
172643771
14940571
165213359
161293633
171801527
171946583
2253557
174476767
40597409
137576987
177272393
69714649
14236721
48959011
28088903
123811283
142170227
70122277
144595993
121384513
76263413
35266159
58091141
10823837
19048369
16044247
22628057
94379837
19764851
122145097
129263
77591959
173597003
16542373
42030601
28528189
189253
127289377
95346343
134232827
100283489
39013549
8577743
147568363
100757231
37082263
127692167
13968811
56816917
78882421
120782273
145419613
139964263
32413363
126417587
131841943
131802959
97671523
100587679
66043267
137892737
96606623
85904053
26556001
117009757
18270041
141819179
74867917
162388663
82347053
11211247
185369
39305969
150606149
104888083
143367941
72691061
111430283
164813263
131382683
129648737
89473459
35080993
110064113
101035589
155466611
56008613
178079567
70032863
79832087
89991037
21719953
147748507
26614153
151206659
37298771
177608909
77936273
96526321
168639199
110710049
156410437
133956217
168564241
81449723
149460151
98413241
129400559
170707469
49659893
123384851
134537591
146937797
29049341
101065399
112021411
108076403
152489021
178773193
88171021
150949423
154387187
103445723
114647453
36862729
121360787
113952323
63187213
56128207
105930337
156482789
111073493
135981281
113529877
127696559
111249727
51402041
151707499
127861933
140110057
108939899
120005267
106067639
57051383
71090093
81564023
67081691
127656413
149220439
41127217
20675983
2069989
133834121
101871533
141007001
69817051
53160553
161326019
134089873
127049389
44992721
117115073
67378393
72712909
35398453
141630637
94423247
163926331
14008139
132761107
86586223
135208013
101493199
48725527
111972937
146152841
2564609
3681151
76154137
78739049
113688359
123922577
145550297
63648379
157387231
103966451
132216277
37973051
153477847
164347009
14985881
119468441
53893573
118310519
163283041
66260993
35521141
67815151
154488557
2658913
53556469
11226931
11072689
147467377
120941159
120082903
90343441
4946351
128964503
134204711
31782731
88618549
76737187
40020649
145739059
160563463
170644457
20060263
61591249
65313667
4379159
158228509
91221833
135577829
112884229
62134117
140731631
33874649
122644063
40383131
48266303
107726791
92942981
43576691
144327493
12917981
5564747
42730459
156216857
176699491
133856467
64006097
151596343
47222971
89662739
44177269
174458099
102189119
13875217
153013261
165307669
109269397
90371329
139355197
163603483
64309981
29008043
44556137
111143317
69845651
54714389
94260611
14875837
24984623
115429763
4472627
80358791
146953549
14754073
44213683
43549399
150355333
57651653
44934199
87210863
139261547
168005291
80448449
18424877
160021409
4464949
86035513
60976417
148069073
12859039
30431257
167336929
161330041
151703329
109990651
49843147
98682809
36310909
124989017
107390287
121946519
68435123
64978307
145030997
26736889
154136831
73982533
69396287
143182147
128915789
139130969
58614817
162155731
88021057
108233963
36488261
129149819
154909459
2863403
41562119
92644663
53353787
43093703
112755757
120315529
100701053
39688741
117855061
61367953
97625989
84339707
167773303
124863289
28740269
44466043
2719933
152316887
81958567
111334781
29797639
119497969
166692997
84312223
84586721
4747427
5176667
3169237
62494639
100032991
121419497
136908007
54535297
65810023
14845393
90828971
154860751
71674541
93663221
30653993
123197677
14322907
28360333
152195521
103088159
120636167
30251069
118609243
20994367
53215777
113734847
137168621
39147257
41410883
178996819
19808731
34856557
137810201
67319423
25386079
70321633
40022711
132161873
12191297
9276181
100909147
156364709
21275081
70131821
17566609
115978043
175518107
114589441
84724697
15966427
8437973
170107771
105617261
82219451
125884961
171795731
144075637
62843897
120386593
164932667
166693097
65401069
173495107
56270881
21073991
86375867
175694551
152640431
5820883
81877043
150773237
125394041
149790071
5703307
67735697
79916471
67888427
161074987
61648957
175690331
4046993
3136769
126066209
144767411
63808663
77170829
84303599
53592941
60023911
4147739
92810321
37675279
46282813
159800477
110652769
40555987
140580823
68835629
73176119
66979877
155798107
71116501
88407173
48523513
52071479
45252913
35200681
103408183
156592097
131920837
23018689
29110933
156076859
82398461
178962601
65074693
24196327
109594201
23278907
158669747
5835773
66791
1970867
17222357
144958939
93251933
4671773
113462477
124424813
18529727
43767749
100279757
154868309
29363351
171400877
41979479
140419777
18073519
22828681
57722407
62161219
119325667
77827111
545213
47911333
153036913
15006421
52080617
92132609
19720639
44906003
75996463
63172013
9192329
133761851
69116521
159814091
87132527
29856971
60860773
4481299
53115631
129416711
89413507
124259419
71232643
163811057
139269047
25116607
85142353
42651451
132543401
47155631
175273531
176228033
73517747
134241559
145653191
156983501
114274217
177034399
133093981
117940409
92975093
11045843
43464623
151153661
72048917
134213423
177977257
26245937
102803047
80793931
51254429
40809059
123560999
133824461
136680377
59108381
37152589
36906587
155522309
7773673
32114491
38794531
48755479
11525869
149525171
166154489
848857
49490921
29990887
84597571
97131679
126039833
8726587
86525669
19829393
96290947
129428413
177946393
135701453
146001481
106687751
137723671
179212049
75995827
157464079
133500313
97242979
17226889
7823759
165442681
104138761
121524197
155775247
64741471
141796799
174563971
166899143
132620429
65716429
150842641
100357667
138797969
99055093
119990851
80076253
19708697
150739321
164361619
123665621
103506497
39130369
48904313
145272749
82238899
176459683
4596143
42716651
71598953
34409239
169051913
45128459
104920111
34063123
9919681
22082623
31085723
111441377
36824561
175178623
31108733
157172003
164308681
117150949
97677673
141423397
4428859
163335197
30820091
154080701
149109551
93538451
157286279
60364877
34420717
130190257
32477537
96831017
68435779
168913709
74959607
151604209
82055257
19338581
119964521
4147417
163722899
10504357
7019123
39763099
162008579
41762927
39299947
169064459
161771689
25464073
37819867
25098019
64236527
72914327
158452627
159072763
12262079
141237713
177211997
173331061
22851107
127708631
116463097
96172189
159364859
84991019
53911411
44570657
122320489
163643537
142596917
124637377
11691451
38148653
50854831
1773911
121970623
160906987
67391063
16037059
115527469
172066729
102307171
117417991
135606197
42076057
17224211
10314727
76493723
35243077
10466857
102718751
133437977
171288967
134878423
115992101
17514337
74823461
121986001
123506147
141466903
77905021
60553111
82151197
166894099
23249861
42443351
31280693
114052571
138868439
156322577
22575251
21641167
70832261
135693937
147436307
84948893
92086277
100661377
72876019
28579687
141618731
94945057
84471139
8339867
108719021
127921333
31167841
52239763
59979461
105701069
160054703
74883271
117465583
67681633
8355749
91913551
149712467
99725909
98829733
12584399
156499949
5703611
11712989
97552267
158177389
135021181
72257839
103695737
114382573
87482399
147447589
51270353
112567393
81192269
91116833
133582307
7289543
56520301
16946927
38230303
12920381
59114281
2381311
114173179
42712129
118370597
29898289
13219889
9761309
173970113
133681409
167820469
20295967
9865993
94453181
158350987
151193759
78339721
176618581
92500367
151602611
61335191
62991109
64241669
7944931
79270019
152268013
3951209
99237311
110708503
73981933
124881539
160633309
21982637
75504817
156900407
163446707
40751149
162399581
112016297
121114571
14012989
127209107
111476041
100994563
108683719
11689193
72350543
3981479
21657689
79261937
23774473
14369657
133649063
141736781
88969697
70071103
27144833
21969641
120855881
139535267
78334301
7939543
115960151
145245631
28434839
39450613
174567223
48547727
143377327
2599847
141201937
44855347
81156871
31937999
29351759
73876931
100887883
157586461
92982871
37675283
97022657
107168723
10688809
58062919
5123683
69519773
133171309
25059091
175936391
80850563
139233301
162908411
80449871
36067877
89269753
175979821
132445811
114052889
6028417
97453667
119716279
69616409
92934059
11409583
24691937
132118411
15301553
47796997
113914397
168667963
88930637
151227781
103754279
90422743
92163857
93807587
53393393
41504387
40381603
107556179
160683379
34732963
28494293
57003701
163101023
92611633
41195761
175677329
162937693
139121623
121030457
172466897
138377257
142063423
135183731
139041197
104103757
152553911
138040933
179049781
173717959
114655733
6963763
124124821
50338963
80000329
120239167
138510527
117816533
118919909
32784859
158304829
109403797
41173829
140664883
123976901
3853151
83169731
22412629
136424297
150051929
41160697
32368367
2702213
1249063
105275657
115399327
8772013
145335581
86227357
104601121
66486919
128316131
32966863
100328729
6457921
15952897
52337731
48935749
47105131
115570237
68549363
20048761
12361493
151067909
35305009
21853379
163630601
67615573
111731489
91441309
38451949
107963509
73442779
171187243
158095919
125434501
98465693
84603047
83222173
69899371
65660887
144834167
171591209
146334239
166658741
137221783
21533219
157218241
1981181
61124599
177855247
178471529
61927319
82021897
97114711
122377777
68170057
176580029
66946541
27701441
30269
166869589
15533789
81439181
160949959
74519617
143611577
114241969
129010867
38426503
718717
166940209
79826863
88606591
128903881
163831963
6177989
155936041
168437051
5392223
134268943
65476283
56784187
84375881
125888801
177678161
123193171
135165409
4849249
16846079
89367701
74453569
63701411
22075349
97131407
35314339
78640189
105982243
82948543
43389571
17687363
98783423
42304349
75110603
24469481
105941513
22751977
111263209
143226661
146476907
137356001
101904541
120932213
58448219
143309981
9665393
20323013
91416907
81927739
105859751
122094283
10821631
33011357
167094329
25246777
66780557
89673229
157173019
28450663
11407523
108531691
172933769
48642281
106909969
27236527
35521373
104225347
119657761
97142917
45690973
78934657
157408247
27191639
36580967
41998837
175467833
19929587
176784281
90821369
126825191
159973969
55392121
155729869
62185381
90194887
79816981
161149669
20736431
137157701
121704601
28569719
81179503
152477909
27428909
71982613
19025311
8563939
17968369
146824889
119621119
155188351
176006599
150510541
29211701
141936799
9094919
179005637
8398543
17301923
80776249
72766943
31535417
131684219
25639693
15214897
59622887
135891887
63754181
54827411
111640439
158446993
120933667
154539013
23819923
64937893
133639549
77972351
119204483
157825853
87030743
127186219
175548689
18194789
111247517
3789743
43744271
35378561
20679499
19679963
81487969
30096179
113903467
50336911
127412869
47787599
110124127
138660083
92849821
38916809
136095097
55004023
131804093
124574927
154798771
95327831
63159521
146458201
46946761
152505359
99051529
23374367
93440863
79410599
129859979
126041207
47576423
138052183
61354759
125996627
37294291
156767851
39661423
10218707
62787499
40226083
80585903
138797941
110888951
77601313
178194461
33778799
28875653
160189651
119795791
6314081
101763583
11266961
135636521
81528023
50821301
129090023
155203673
74645941
60548869
61283363
53342659
174812453
52017983
154858943
171567379
177900091
133089643
136820623
20359847
40776613
31946273
125610761
77088223
82681969
129790723
16219391
112923557
111277723
52358569
49858649
65843989
95048407
82429289
154534057
101116151
149730263
17116493
67681883
134231369
102910151
114289111
47901661
155340337
156168433
70048417
144716513
36330773
131524387
11264213
103268951
57022019
84161047
125137373
52277837
114162071
160734499
99064213
144268253
152322571
147128119
111564749
155467259
111316129
32978923
95896817
48960647
14958869
7781231
133457119
27819703
53850077
168505619
86534401
134860637
3703747
130960829
157351729
35780191
24692651
18458749
167936051
64427533
121920917
832633
59549669
60588443
31674361
94982143
59167019
18259081
67720729
94312837
155234437
177578593
135567121
45696727
164497759
57459047
68068531
70670339
10526567
164405729
169067711
3431221
21192233
111411491
161653043
152533307
142778267
101593697
75956983
165545929
108194843
26758489
13355899
148674529
90758749
75478937
61724633
135908869
105633691
159414341
97120169
86086489
68559377
10859903
76358813
93528349
25874843
105766117
120922391
106205857
177227879
168386419
157129757
32364043
173735041
84862763
31507361
166442893
147135707
142453847
133806581
47324129
78957937
45693719
2640317
41416241
59341811
88120883
73416613
67051367
7217731
64227971
130134637
49780673
35251721
32558117
3066617
130093021
176068349
65804131
135162757
94843591
87282137
153280271
1931957
79462069
120859897
106776689
156178931
3671321
143246269
132089369
60805099
132371579
86876393
133286999
102692713
159410267
4607893
126442751
10795397
179286271
76376057
59080673
38215283
76567597
98645681
26187697
83901547
88773017
101377811
91754483
42232499
138691009
25298479
106367777
155016287
124442237
41710943
148051523
140556061
177385319
131076133
92441399
9748049
25716797
129059981
151958509
98533451
88050961
144226517
94004173
144657673
82005779
143501791
21405607
111772159
60817733
78579827
54541709
8211689
30525673
43241753
11542793
129256327
76492289
42169549
12152227
91628531
51757903
170095567
14894237
142800803
160719287
51613637
163349341
94805699
115527911
21641393
141509707
165049901
92279779
63571579
152423027
137539669
112841431
128346151
49470919
21038467
144119611
7452521
145899631
97979129
157094291
114191411
104367749
105637261
120021197
107867317
3574927
137127259
122084953
110585473
135411721
148079669
149504743
22617563
74840251
175744969
15099089
58337089
120623147
5490389
156418981
26732269
21362881
10749161
165021473
99790511
80703631
52258109
157384219
163782601
110117057
124136251
61945747
109491461
133689007
110258461
108821509
167137651
83439673
140522843
52695677
40137373
120800909
84721579
149069369
132758929
105204689
116394907
78127807
149194321
100343669
153144793
149329529
3625619
68413687
147946283
57699659
116883941
13301699
6389281
130272677
30937409
136398079
64433939
65943359
157830097
30250471
99275669
43143293
146991853
87628003
49300513
68809021
134897351
81734911
147266671
161454893
41997673
177983921
163480259
65393863
91705711
154557721
125437853
40279397
108564481
145503823
37882591
130179683
107158603
96888793
166434239
19291633
92387891
125286683
166245977
37740103
63027023
176313061
155764669
73670777
95194637
112713883
100187419
53730977
150695591
54567883
47788969
32852759
31973861
71509519
62387989
64292213
145982167
175160473
24627137
87305423
145661
152703533
10309823
4829557
155004023
26284691
42038797
96078449
106775743
77021669
74284213
153701921
155028157
67591159
9192431
113507293
99263369
83818027
160094059
6986389
78014491
131607503
18214771
148987183
17488147
9980143
76448851
203309
23205109
8255123
120288559
19609531
176316991
23740247
128984143
82239221
95984353
25671089
87909631
137975171
30949319
66314887
60664759
29519393
167016011
111383737
18408179
113691317
130176509
29653829
48341857
38669797
4220473
102682561
117796457
112388201
152216069
33535967
153147571
58783301
103405591
37385267
61548743
131989199
27262693
83411633
122813791
79111177
93656933
140328583
29600429
151719371
109760953
61941617
64359151
17307067
161628427
62980493
159677521
107735543
164966491
2364881
151732093
125478169
68591261
53180419
45818117
135357869
157857151
120373391
22466989
132092813
115279117
38747321
27518509
16189241
79178969
46179311
63963181
34672009
32748091
176265091
153086341
64519457
171094507
105130427
118136371
83362579
74209229
43674271
42023567
43605103
70618043
73062389
25138999
155306029
134846479
142237993
30754051
18185333
92976619
139292141
172304387
95734421
8964331
40187899
6485329
93374453
108013909
58789223
165867983
67406351
118630747
113155309
14958637
172691539
40412707
76085029
92698259
175984727
63169783
121378799
168879881
107047949
147812531
55677367
112944289
9267823
92945597
129498683
126663571
61301029
5893141
151681583
141585923
119402159
85735751
103682959
110480141
50527717
59461343
154322293
10482077
72560567
106171603
174608729
69436447
36457747
79173917
73011121
108293473
3213101
52627847
97324067
73039801
375407
9714493
91760261
150795119
52270451
104368643
5799569
34276189
99592723
107987003
65452069
51550693
95663287
126169793
63507559
65953369
171500183
43322161
4249807
122000873
33112213
13826003
97721189
61432703
14525471
162067553
112792711
38592611
175652671
83151443
46003583
27609619
80748649
138976391
45642679
107015947
73387009
81721799
48624493
27891421
81897161
159715247
124350407
13738391
148809373
9471551
64088581
30216323
99826423
138503531
176381573
55289743
123723469
111022151
108398053
7001341
151332677
161576059
41158651
29620139
171073979
44511353
10241167
143330333
38422201
114407939
110808263
146926463
174692927
34951537
72286537
59720587
96740551
173110027
170905321
5366437
68911211
13674587
85310339
163567799
144713399
172060703
40770563
158713391
151323547
145623329
145524773
174687431
46135949
79003703
101727793
74564029
20167079
148424461
144948841
172785253
19763179
65008331
118481921
111137527
119854699
173755201
169856917
88749517
13707511
45022147
8055499
120868213
19944187
171133267
165503189
75385991
15644591
76724651
14140751
39735427
172538273
126712913
176624473
166941223
126928957
138324103
17183611
156014317
114999649
33090037
10737379
99649657
112271063
77259503
116644861
91345759
87185899
164743147
23911211
4153469
103387261
104152549
101583353
61948801
13015537
117815431
66512951
47849023
28830643
159120103
101761307
13536779
34964261
26550859
30195887
159635137
25147037
18006137
67465403
118610329
159954349
54341899
60421217
2560939
84407209
70446407
165088607
83503529
5497021
102417313
145674167
10163359
88547231
77679263
47707531
54180701
92554289
130744283
145809047
44388829
178375303
104111789
94235509
176907949
113309101
20551247
41816741
157455773
982151
173976631
118811509
24515047
161325253
23161139
108548113
16012819
100659191
19417217
134799199
51216031
21671983
127851041
71267101
114554491
7037587
150950419
73488413
60400313
171760733
119852833
107860867
26163959
27427727
110393149
35171951
42943193
148880057
120203507
105884761
173227381
50692417
65785403
47959099
17478211
52493081
142189153
926963
80443001
95603213
18484667
17006897
17263871
66384757
94014533
59650223
132568157
130698257
169891933
132962573
131821637
66066883
95425111
112180657
163601233
24997073
41219833
24274199
134446519
149494937
55167169
61675909
142260719
19481239
48150407
493897
13796479
23890787
34637263
1309177
35760623
8790841
5584781
41024603
90824509
139600207
126293291
172893779
141018841
128851637
165008131
77370341
15974873
107383733
166352909
102821149
80429477
118382491
116554447
8002843
25464787
42327511
154801027
153810439
170617037
133850447
20578799
170992411
69566797
36960949
92796581
56212883
143538121
26248471
3390061
136007849
53743021
127711547
160376893
46310357
103777769
173199529
15502813
105078851
66541883
56821703
88877027
140686057
28338413
15450077
38214881
145540777
158805677
11730091
168716021
10922893
161499517
17127743
65889221
12828719
37343129
51244867
136860331
55171321
72259183
141329897
115334761
146193941
164120687
105392479
68745961
37545947
14889593
78392773
118095937
105680719
101447237
4348217
171506351
122740819
101826419
877907
95912581
132590951
95000293
61009511
85817443
124785361
20592821
120402827
34605071
44365421
126109367
167670509
14265829
101898637
28712641
153693229
153285259
69262541
423097
98336611
74278199
27359393
178076363
5401267
3069757
26920037
94732447
172316113
167198777
97081379
129835801
51044453
94043231
116180723
5453111
89159009
179136079
31553833
153145913
121559717
68584447
160940501
104009117
95403457
41160499
157978313
10129363
13081153
62468647
145748737
151755133
109733131
31927421
59215757
64787873
40994869
87630463
99815123
168310451
132159163
125444087
58275197
104023721
34195853
28722079
168589781
155657969
40508917
24592879
3146261
45261143
147180109
40511453
124274413
136047361
153706661
87315073
50376113
89168951
122117113
12780307
154705883
76504529
72425999
35789227
1934131
114281753
25835297
98691431
95173777
136029403
45765127
176907707
97533721
178537921
156131257
62106257
9342341
105863657
79245349
1741541
45732461
26525663
72278491
132470929
13220551
56678537
14358613
49052461
73557373
23903171
147120529
25577029
93787517
31543009
82432213
20654791
62119069
98146859
166356389
167427811
28677457
91560473
13259513
82032493
20062109
25986031
48334211
170916509
17062777
9679399
126584729
7199809
31998647
11707763
156760237
120994543
5173957
45909223
105524009
61884983
24352637
14602111
99708233
170684113
178543927
83621051
72622853
5271521
65865329
65144143
13432229
102961277
34549981
49377157
85255537
126428651
167960069
155288347
1917571
39762139
53795947
122834773
3547421
177359687
35415997
133006637
58637729
68211581
175252879
12498641
160940891
60766001
52010593
3487699
9977867
103354219
113919293
50397211
90880043
18849049
11880203
143737301
32488073
74232877
7205309
29690473
42464629
85604921
73248167
164777023
118788623
64633061
36947291
80145953
86496661
4659449
128842559
73402363
21569003
17094307
73923067
130965721
113574953
60935689
164515693
65091493
144104579
63921409
36338207
169636561
143792119
146975789
72202993
98226553
8430349
48776023
9628207
49500179
157723051
169640041
153566053
75049127
151019801
88200149
123447119
20180627
21207793
54001063
160737487
9665891
164695259
82078163
97282351
107015053
32608519
177215377
79793023
92402509
144594221
47533279
62055907
27958841
65512871
43465783
116757923
57257183
114411833
50284649
13776167
50646371
67492463
168121511
115389389
14101141
153279083
74535731
3306913
122741039
14714353
174157561
63091867
50435741
90371387
115829731
160385941
44316403
110473483
166879969
113270713
45785771
78463753
144730583
153569711
116364217
44663027
77006777
99060109
57066143
78657641
150495857
36170293
126573973
126337243
95967743
17395319
63065689
85548737
145914137
9247741
143902709
116131243
72116699
101537153
126677723
50451293
89789851
85855183
54078781
151687573
116489539
46020521
32450083
49895239
110330861
97654111
11626243
166601609
12532313
83977519
25547611
13266761
84202337
9013699
58121221
31792253
120388369
33931771
25361933
116596043
61156127
52008241
44574883
26880481
132081463
173821643
153007313
99781163
161042153
165123029
147804593
10121819
154806671
67452131
2007251
58950233
153401767
163163941
1447711
113444099
142038329
97195391
26750657
92496589
92658227
41696933
13227433
64957573
161238419
33013951
53842583
137439707
113895091
2133533
149960357
123655219
54190847
7998763
141107299
23739763
38460349
102886211
40668629
62389403
42941351
34766813
70331389
9287573
131265287
29243
2139493
136643933
9581699
112253467
137527937
164982607
142166879
36688271
73689199
38932939
43200539
118889851
117610469
80375821
115938941
132198449
80390707
111872531
27393631
65644387
50048909
86120743
11769743
178050011
157153897
90204899
19434161
89990951
24578699
98745107
15325207
138760607
40537867
36835061
162922241
32547217
105253459
149701547
44394569
136514431
37746221
65892023
116915807
2119487
161616419
33209399
53429969
15423181
57130247
10257277
89635069
173065019
169741513
50144491
114377441
95236943
162478453
35333449
84542869
83739049
99609721
116729491
177172517
16940569
79129027
45082777
9573043
59872693
85413989
5695681
163570553
6416177
77410523
31718417
79945651
175536533
26164357
120054239
2284147
24005909
165603313
7949009
134683753
21409733
73464913
163702031
59786677
6724373
80243771
57264593
155666179
83895437
58253179
142311077
25562473
90314717
17942017
30634951
103518089
78538987
90498833
87164579
7457243
31589407
58737989
124601987
143705519
107081263
48353203
61250237
81585139
48112289
137364551
29534689
109825159
155005423
43006259
50120039
70388743
40158169
112132583
31333447
69085411
61665407
67524973
104743567
124932919
89073889
34777949
90818173
178305389
45307271
42649729
101597779
126721499
3879943
53152051
6641977
152264741
21990517
114212597
77905249
177051857
173429447
176268823
107808347
11014379
86841607
14937569
23630807
165890381
41996863
57723563
99241267
6800903
117696833
70183541
169001377
120774113
65264467
24661453
156073403
127696313
108826189
2660087
75993019
36778097
78841417
91908541
55182107
74815661
132334907
17200511
101477251
141101839
2125111
163109563
15784331
92305987
155086249
21987479
162755477
72035527
26373923
31031081
117013073
35706421
104398873
62365661
652667
49069261
93539671
49217797
24791441
117741383
120049147
97092133
53085667
145189529
167298029
114982003
70375559
50703487
121660753
73918283
153762607
179149291
18075557
17975011
44703073
110519683
160359103
147974201
76377607
142901593
22101113
77558081
61659937
3607991
10634641
75244097
154813123
138610987
54480073
127056893
109260917
130344469
118289833
134777933
23770499
112124359
57430547
111609053
45122681
159395051
25066319
54811109
40014239
35025433
122992999
10924861
8066419
167289289
128700133
97351693
167202173
9453817
141647419
957247
40596223
126635881
87057823
176757241
172528457
79919027
102834331
18690029
87360947
6844031
121623401
169099127
103837277
93178739
8493103
69950389
3838777
151196761
69218167
10839271
136777307
60808633
58830391
19924921
88344491
22425517
90686503
165488773
5619143
56520647
160279169
159922727
105769897
119202263
158188937
11076371
87241381
28325573
57024427
10384967
54330719
18057491
74562613
147424559
65249861
108295469
81081731
9671059
113945701
8465867
3276983
23442493
43084519
55212463
17514821
147562049
159975743
12049573
56215309
139504891
24291769
48560779
150560791
178417699
107336057
31638851
43972363
86846099
18145891
83624161
126604823
81839243
179082929
15518897
13787759
67377113
2539093
133732793
175273121
68042707
132120551
28701061
109274323
89730703
140948471
91734061
85807511
74986789
50489759
122690189
129104659
64790227
34245007
105378281
135101521
64829747
149328593
5834797
35987713
41580677
18610853
99186169
127544383
100123327
155545127
145296793
8001163
162829613
35097641
89198149
135014141
87333859
152565661
115817459
60919393
62870909
41735831
101876501
31357867
117725021
126562547
91895159
87033691
131938357
28741381
118796927
140625481
64941131
96214471
25859879
96162023
174544169
110450323
131030171
90887501
137136521
111264991
8315987
69323539
106798477
40778327
2438173
90029447
96579107
20110591
146499359
165704293
146939329
171590047
28859599
55380019
13080283
106802617
104601689
151179937
49289353
167671373
94934839
36398113
176830769
74720531
46648067
29314319
94847749
35480677
65960347
169146847
34448521
79507187
119487311
68605337
17320649
61890281
129380987
147385649
30134059
66129683
20665067
28732003
10351553
142745263
8869919
166781003
84135419
81983653
143781509
163125527
46229089
119271781
3151129
107627249
135599263
12716371
110376859
50074831
13077223
15368621
9979577
143486573
9452809
10751857
25987139
122742449
28734919
151471919
39809509
2062913
56389471
117074689
128725313
109932073
40074061
143696051
141962351
84937351
179368073
100354697
115495381
114065219
18237727
35619581
88403489
27321083
112144321
167403227
22699871
176875513
167704519
96421307
2288771
23485981
8799463
106935637
144126043
57494803
73053667
178238549
67195907
27967201
275699
106793003
117111989
111132397
171135539
75311809
57236723
138207523
130090267
3287521
125979751
164108843
57883097
45328463
141529363
60314633
126393779
18066133
27836903
153277753
140786647
44362873
150364987
35344333
80066621
97626391
26037101
22448669
51800579
52236259
75022823
146612651
157881617
5305439
36622039
143813821
81470957
169914091
144594011
62989859
17805091
1864649
82510847
76986593
84693041
178760557
72577303
38635127
28983523
8111923
103584031
110869531
70666133
100808713
164862539
88041097
19835261
32100791
137189939
123830813
39974567
56989081
83230139
105957253
161476559
170473409
58725781
73232869
40283899
153895817
65693731
99010441
9266197
109066549
168649813
170751421
94314373
21019549
72796369
77514551
95333611
29275607
44692801
142340599
115410439
39897677
146591551
145662983
118132297
128444779
168295417
91563673
65614573
59433599
8457391
28178461
68010263
59466601
82158803
22565659
137774519
59882083
117912073
139741331
30724537
139835911
56124569
97097449
91634633
124527191
115476773
25262407
116550041
15851179
178937741
41649053
57629659
142285097
116393077
120149957
102569123
36459721
67290703
13263143
93300863
31005941
82974797
54524803
81010367
103653271
150893273
10907917
51366647
115983269
115074623
92821903
156264403
17123453
147806797
146847101
11675591
39075851
104813549
130462781
149520199
29773153
131574589
99741623
167903231
120830113
74225887
95741729
40500329
53823787
90998987
128197441
156722617
130811869
83568827
126655547
46060481
126923023
9744871
34239929
110159383
21432673
165791363
121539079
61118221
169603073
150197611
5769557
73478863
142130981
72362033
54411043
127643897
62366687
154763249
160197397
788387
169734881
45732019
105417857
148451461
75807863
136778149
82286357
150790891
57498547
43061971
151903099
72152741
19034749
136866871
66347011
18339329
20619169
12213991
80648377
32665873
98967419
39856679
70309913
14173277
69999947
44461667
152765989
143587721
32815547
117183889
110032603
172712767
176785859
29957467
17622797
59866591
172596349
68425219
32722903
100952821
91053367
19094651
79603151
150119971
135564133
69147761
18978601
135635657
115017437
82860137
49805179
59432671
119425951
116308963
71658121
99967013
63013789
83359019
120667627
12387293
48567859
156916157
64444517
40196197
46423939
45989
81770947
15434579
96237301
84497209
106879651
178964063
135443617
76056059
174238549
120097589
93915443
73047883
19422679
153095617
66902989
92734069
164862703
21733577
151464757
105491437
107336069
128742737
100164791
98029343
133129621
113546767
11558101
140906203
135150341
37127087
137320541
149573507
964693
28251281
98920457
13590053
40800443
99849683
4132439
84792083
109948037
29991503
109847393
88460693
54165653
84951553
137496769
151741637
83906621
132730643
102548759
16170631
129890633
40577077
4796929
30346259
175484279
125955191
38699173
113366147
56121797
100566283
54524539
31245421
83095403
66658483
27149203
51383147
14714017
142330687
11134913
58909297
69378311
4009319
70728839
50261311
144909647
99376889
98387141
85732499
63640699
82028431
47884933
138907031
47313509
161862101
146231017
35736889
67471543
104778337
157954757
79478123
517169
43126609
169582423
12681743
28251007
178029161
58444567
48423131
150275747
166991567
39183511
28967909
17009717
132700837
172668809
70500077
38164387
178837157
22810663
156995497
92163931
16506803
47130959
14747981
57966707
30071203
7726907
13518521
23580437
15351769
125825971
77887991
177013897
167189119
131601803
61211791
116883457
127911353
20021759
53708119
64235471
42699959
175449581
97592647
169023599
172428491
125439997
69030959
93432319
146925589
91716349
32727001
80587841
98573507
174079877
168046783
29122447
138808063
49571413
158205907
63270791
34321577
102045739
7183483
150203969
16230061
115510217
122237923
172247879
10747411
48888233
135508507
10291703
36596459
73490897
43080077
20805011
125066551
6103439
108425263
74803637
1839589
63492493
49568111
153498463
124700111
146269639
148175653
77478487
134185801
144996883
109514827
65192627
105293861
138978911
53937271
73247131
130215697
108291467
149092043
50427847
141905431
107493791
34249099
19488979
145731283
36632251
68551859
15227077
70146961
28293259
41575043
114352201
8799781
6259193
156296887
106067023
173396059
13980493
63538117
5589973
106707841
48599323
90997877
54731423
49326581
127738279
55069297
31111391
36913867
132098903
3493583
55802749
80176237
158544461
121396417
67508599
7104127
63382789
73820939
5334733
24405331
154908599
55372589
138240673
118335397
80479067
89813813
144866867
148878557
54194891
170062313
56375873
65482433
55465037
28586101
139825163
50355289
13648247
93595367
158550631
34190423
11872241
96516659
22529567
11529821
49938193
35182363
160551173
110759123
55552531
67341031
56666317
105143671
128631589
48362957
15013763
13727767
52235321
1673953
20292667
20515153
119632823
105288517
46228373
5228329
134508247
19888199
4173241
172158793
152219783
50347901
67166293
119526577
19407959
6397133
106144193
124827641
129310661
2843221
92502107
81772247
59472157
113034563
83005721
21200573
150216103
5561819
116832049
99836327
54060533
36213007
140235479
47177797
176253527
70799291
122926327
27439549
106612549
73902503
4718947
112727371
94498637
151338977
131504617
36502163
61985783
72497857
166054513
90399371
27177487
112020319
20848559
3258467
54758881
110737141
83758393
31250039
81641909
52473623
46412599
105463913
142116649
1437389
161970157
21626963
45807301
120392219
50058361
6250393
162197117
33796123
93780877
67204217
104152381
13666843
127800797
177735043
146632873
30450073
169452533
90282007
157172987
132986429
137359891
175888709
53981839
102992767
37515827
7915399
19450477
34655329
59597287
141359983
9565291
83847763
153177799
87314407
4107487
135125183
135814403
80932249
179283277
112672081
132184763
19375201
127740727
94585147
145372681
51315919
139396489
115539037
134487383
65103739
5243093
90695783
22829701
62124289
32589559
111775711
37022261
163150601
67867363
134236799
47948939
109426337
149226403
175728071
58014191
81027241
118307677
165250249
669887
139864247
154303417
53730361
11880493
70884097
178421827
106804493
48514211
110320339
13746067
130429997
91368001
44380223
33288413
32922847
177110473
89424827
37505771
90045523
51765521
95647543
136900397
112494301
123041531
42808637
69456187
173728817
119860163
36056029
139307029
138007481
14765041
29002307
113578747
54789851
172843477
92215681
88444949
38238413
424597
68002381
166953443
6181363
75795079
81669701
143541179
87310781
102517249
156231349
151159199
34969549
3101321
174649633
124896217
54043909
63227137
115254131
136492801
152419999
25348643
176505073
9516337
20511509
127922183
101945609
170472329
86138809
108970457
187843
10665619
159418789
129838091
126002417
98886517
39841069
141630611
174527273
31170233
167100127
83049287
136732109
32471983
74092009
49579507
98604391
39644639
144828451
87760147
163524029
74786909
112625533
21383143
105563903
122088613
139278523
103850449
91064917
85763749
123013351
137126243
59428363
44262047
5234609
34065947
82311521
4176049
34719911
173929909
99609311
41155087
141433603
155599981
66519731
26255813
43800221
62134837
6419071
47498593
115037389
59841367
62596829
143015599
159772727
69804443
121700573
116265013
23561851
84972089
143725457
30282821
108107009
38011063
27427357
154504877
63822347
124536859
139592549
78611789
42695161
23271289
143750281
58225499
40566341
122265089
179353133
83476009
144887629
106362307
70248397
152930117
116580041
93847421
71455957
127189451
111150719
121102049
24180623
42189067
175737053
89977187
3980857
53993333
41422753
54676771
163306447
160544389
38052941
129324523
156574651
170078687
52320907
80470723
9522749
121205549
107465531
135203897
170271163
110491561
76930307
131992877
138861509
3248617
80954651
29184343
2753549
27498109
43481497
33064247
136450753
100476169
163575781
136430299
59392829
95244491
122274619
161338847
149668859
60075403
21757013
154147657
49722889
57837217
59779297
142305343
18902771
162555793
111005171
5448523
46076839
125234537
111908711
6695959
13529239
34421903
27297637
173978347
101306869
105811001
71690893
56828047
14601737
83897963
107434291
79121501
128177317
6284627
35342633
172930271
57730999
66586309
168171349
65867657
102213011
53474111
107631581
10997797
56782853
97032631
18491219
128826661
175226563
5710993
68412989
61674061
139633271
2873711
110951569
65262941
125520467
86567023
50687809
93075821
164879579
135964993
165288769
647627
116479229
16146499
116302909
45066289
116174419
114001633
120201583
19311311
161121377
552787
141420341
77210579
21582749
137654371
72284431
1433011
145185013
33239783
67383931
67587343
39560177
119570989
27753133
147772673
167203237
62808527
172116323
44018693
159858509
5483879
9022961
8002639
1487989
139954961
166115021
48076913
82697521
30616321
111148027
115438363
481513
77535811
133224761
22485809
37632541
146126371
150163249
47845151
75469081
11883343
113522363
12003437
52477939
22817021
97160783
123746603
40956697
32025029
28338571
119093309
71463157
72213913
78742733
69034547
33010519
31931791
28159897
118723637
127047257
84823703
28084247
138601399
119481013
75194683
149562533
36930349
111029573
61503131
138875927
56810417
30547897
66280439
145952533
112287719
28523903
51309677
124828471
124222753
109712371
30107933
31769443
131815577
131128687
33756941
21720247
95577233
122340223
104174899
93584773
84231431
96317219
176392549
21778703
121945253
167368441
17675963
138038399
104196199
86477099
64984753
90724369
69848587
143449963
111185873
141098681
40824947
57925631
5769703
55721707
111735269
151321229
137273141
47301367
151241423
128702543
147200371
113997073
60313973
133316153
83986933
90499069
116262581
97686139
153946537
174697223
131242901
95184763
133111369
124339637
3424241
173829569
3472769
105990847
30461777
40363231
103452071
81307579
120801223
80029769
26889157
11557541
121687439
51518903
9969221
15732481
86158843
44436107
68848309
135974651
35522983
45953137
128868647
169345097
53454073
64122881
120474973
12340199
34206097
178431647
135365093
121062427
145558909
16993309
178943431
1274929
127799123
99473167
115379587
144192043
74628727
42833327
137246407
76499029
116427029
101390551
41334547
110390099
11221247
176270291
178434559
159976717
63567011
59795389
26888263
43291597
137269877
167995741
106821017
59565157
38110693
72755477
160865239
46203173
173872729
134392813
134900807
93552359
64030699
163145249
39556483
163145117
35265961
151239919
15770017
135491579
148540391
87345809
101903609
175705157
128536951
4552573
151606303
74543309
60813757
81506881
51659911
138260443
164922937
33891521
136805401
130783949
348353
151471609
134066587
67641109
122753377
3733637
176972483
103778219
95397259
2145707
172794497
101980861
158866079
38258543
58872511
13529149
22438019
26426189
86314621
121429163
7752683
139746931
11241169
10245401
4680383
67608689
179417891
152667877
25571057
112628317
121869067
121790519
31627639
106200491
157722241
121867507
2038177
30980479
171805409
153281881
97587047
147584597
25434989
58467649
130735723
33397501
152169343
117443269
10179733
144396337
176411857
28333307
71679757
121086479
124374611
47918341
49118507
29021029
117158477
22374743
174653953
67721519
163902337
125643937
88065301
177402461
142239281
139399109
119775247
88130257
124073353
21008773
49436237
149973829
152326387
74289109
166860821
44623261
152911357
144632713
69677609
142379333
14534437
18106177
118890649
5679481
38510233
154094453
76315693
83060779
5202773
79183829
65702759
116622487
178517441
126097331
108073193
143648971
16132657
18419369
92223871
10776413
67379863
60543983
3741541
174148609
161510509
134266373
123357679
111311303
70013179
102402847
17353913
120670789
134313119
25563389
5157557
103970519
49185779
29602421
72158579
167675909
101898883
4064881
159111167
9603343
92749681
138287447
5648927
90020179
137756207
118670147
65487269
26742797
41620759
106828871
48211511
176296867
86644021
18442187
22594331
37555121
140409847
123436289
158068073
30891571
120822409
147175187
128252353
79711393
55293727
167578927
172214323
1040447
160369241
102923771
64806083
1577767
35830147
16151609
4869143
125870131
163062833
93426649
78013669
25727549
83395211
135468787
120202249
45262783
177823769
160978313
63488741
5822149
122247023
22257943
1652459
125279603
67759507
167652707
12226309
69231859
22867531
24013921
123185921
86650909
145622299
22076281
90805639
88428943
50772871
45765529
73793899
51611459
106267619
40663603
176522399
7714409
26231993
84497323
62207113
81742231
110013529
2263423
69093617
32406247
77612693
62115293
54354743
135500017
89600327
134095211
31184431
40350377
143325643
12805729
6742363
10693301
156094651
68908051
25261079
8178559
140826863
16300013
16304567
154487363
150474377
3723227
56921833
79915223
8744711
61315673
34249091
177006199
14069723
79241207
9633623
81834791
177200963
36525683
95506069
20607527
43418341
28553867
20073997
4248901
56471897
81292517
9065513
111135007
175805341
21033809
15243083
3384817
138171769
167682023
66800969
129459619
68241479
64157059
33110719
123413687
33026491
31228789
98908207
173083489
7261063
57038327
56447147
174488933
83055337
29526547
169005349
179097613
134012623
154760699
82273643
151875023
132543371
102931567
149754967
47119609
116327401
69433631
11758457
19515943
162687353
160592363
174916421
149843131
7123957
152806811
32149319
109186111
9900923
94854311
144572639
1296007
129773503
148763009
91916179
23449303
46149773
80931881
132745853
116065679
143326991
167906797
82179857
115228721
51595979
36236297
160136989
108831847
79380229
52206863
51480797
34131599
146984291
14509151
79381229
62668223
109880893
91322141
101576971
91169959
33195599
5545069
134650669
37265171
126379969
105768787
163530517
49817189
174922093
160099799
105913921
174651881
48534433
142880687
63794891
114025321
12161011
121882121
14019491
148204073
123472213
167982329
10685641
134772917
125344057
167764403
30956917
70968763
5621159
19454779
32069699
72238343
46766177
166573307
128301247
28412911
158847149
49820819
87848933
14586823
59509607
32216641
13478779
160151573
51349283
170134907
94352983
39693971
81823319
54575399
30272471
158390731
96350587
87484427
128051999
92876657
16476017
95960149
128779603
68041189
32335109
62695681
22004887
3125959
105405583
18658327
133420513
65194957
10770871
19283413
4316201
52019749
63849083
147689887
26216413
67643633
103995109
69580249
101953261
9734069
56232817
162513739
96255143
17638069
137371873
153945997
32384293
85563301
137454029
155224301
61659419
28649563
58762211
109652171
116472229
122871907
150688009
140757839
107005799
149292919
143157529
119418977
93206669
81245009
144367411
15628043
36121739
23558443
144825061
61193329
152058143
42451373
34967203
29657891
145880597
26347417
88011967
109270199
79122871
64267729
8594431
128521199
74799217
74058377
21256559
58673449
45726151
26680741
173735851
125835487
74880271
1361803
33426311
141168257
91070191
4843831
26914189
152680013
104493199
129585089
165861559
83301893
148109879
50080579
64703657
27802829
106586933
78781271
94945559
41388167
17675843
168930299
118782577
111218881
53854841
56358647
148692877
79666493
157266367
100712429
23319983
61281041
138869
55563091
108890581
98759429
2479913
58793003
176237819
35754863
25083413
65447353
96535423
84411527
6301721
146807939
144800087
137876581
94245311
87490111
78328301
47968649
164861321
152421869
161679407
92814109
137234477
26894759
64753541
142451329
122155861
41754337
30922127
78350023
52772347
103437643
165731677
129247271
76129631
30106327
130483637
104842193
150699761
118480009
126276197
80311799
62460493
27643183
4903999
24894539
151075607
177882337
29074219
113334433
152858261
57389693
54010183
92591033
30391771
155548583
112644893
4282519
107115269
150579703
133224451
97672147
120538997
8934823
74088181
40944811
155563669
42361211
32577829
88160047
17431507
64276523
82498327
140420993
49894543
101322971
52540399
162117323
138690997
58334711
165537941
126113791
54692669
3296723
41940083
14729851
15105967
29965477
133578859
80053933
31911767
167579101
8761789
159400499
7830593
6430223
82465501
114318559
107934349
23265239
70568143
10218041
114859571
56634733
136931933
169859681
27912613
76461691
116505121
87899711
98790983
148563209
8304271
3759643
158039759
175759403
130476167
99150197
153532537
105405277
107638147
150780121
130768223
84138217
143122411
127104587
68316337
17697319
82460107
81899617
93189779
107635651
118243967
148253507
90971299
140964823
41837729
55485907
88701607
53340451
136223821
26543773
66818677
75294761
48185591
37221319
9964439
161270023
43527581
94967311
2969059
171941827
33623101
61707599
14205313
7507481
163983727
137913101
4210807
49998521
32321519
44735969
79450597
131639953
139677673
101157317
86707807
31399451
71395567
9815737
14591191
49537451
27261847
130501447
73988561
50158351
74541853
174901841
61953209
58301651
130480111
20883823
86745283
33935267
124360597
29332847
156328279
147249569
85985443
130076633
141531079
72262153
147857117
13227311
13504739
94958593
44966459
66043577
62015479
107688563
144302537
131867933
25901971
126406741
81129497
127403449
16249411
17890549
125490731
118329257
169937597
141987877
12796909
54099343
117896017
95722841
94333513
136022443
111120319
91732541
128599363
30502139
156637913
106302793
2618761
16153769
42622253
134824927
61637231
135215537
106778467
126253481
53717231
159820181
94327589
89138221
150538433
64512737
168831683
45804377
91420141
33821077
91548959
21445183
95709017
34249213
72404347
100172321
174563561
37418839
140624677
36522917
30143851
27931097
131703821
157327873
126175243
57100777
108790309
178284097
16856641
11158267
17816507
68537633
32798911
33218687
41377807
19029847
61571999
85007827
102503069
38016887
82987493
25206607
75737407
146153831
173269177
21275369
39325513
76903313
114313943
178305581
143426923
19249981
93080737
33710933
146583397
116125363
55254761
17575583
106901909
124456733
66211337
135324223
101792837
119231087
49202639
70821139
24070117
155738371
34896569
167374351
170637359
94935371
65020093
50550557
82931309
17078051
2042647
58706507
149449903
148925669
17658073
47985859
150827671
171775489
35709623
101534441
113190461
121094431
26302421
28773709
41924881
125680741
55617691
100934599
76390021
89255059
49749551
32781031
85528939
159053359
41229931
42597713
14215321
124996219
32461111
94294601
164973307
116627617
59339531
2274739
10891549
19635277
21006641
150830359
58153351
75185921
85208017
113363039
19382863
103769069
110197541
3353393
41517781
161432501
65814629
164552753
3114509
1992031
86037223
37790629
159632729
56458691
63225427
147713593
154907993
111813323
31441573
28746667
64650899
3603623
19498109
52822589
119659831
140174011
164127629
160466591
25990099
137205841
157263017
84764587
9358799
32497453
149333819
57213133
177855889
150221749
93566617
71011481
112145903
146976289
42465559
42885047
113402453
11522611
3696851
60816043
80323489
123463801
8371739
143351071
7771529
73956083
113983183
133690867
139215977
140158423
142886087
146521423
7892491
118083293
30468433
38391263
136873769
8310397
21522337
155435197
11331473
60580517
20275777
41728091
167923939
12920309
125893853
113056679
96141581
152546707
72003751
69934049
112529713
3235261
111547201
162864803
6849769
37322711
138602203
11600977
118669141
33094783
74370811
107434729
155833453
95421133
157969081
105397421
112841837
19042031
60913627
128762423
137709353
118459303
163811891
108501241
137917817
178051649
134397577
40215991
124398317
165620407
60482329
83734829
119751917
66395257
13043561
141132137
3207079
28154437
28063411
7848839
101405021
11996837
122922979
66057811
75881303
31874441
35898853
101597747
178835669
3655849
157402723
138740923
166586993
42408101
19361501
162229901
18555269
31422311
97571281
71582149
53576893
93502403
50440757
123601817
166249627
150238789
46281899
35558683
53058077
170326907
130820171
133745159
53873669
10867187
136850617
11883427
133569179
21847691
136285109
84198173
60599351
62338103
58769729
18875477
174843041
22808419
26644789
95993213
135308293
129226411
1280309
63804049
164175943
171823121
44625929
166363931
177174121
48443441
6719983
139890371
145781023
112951801
119153149
147970943
28790857
152537057
1585313
85883891
61166201
113106307
106973599
105319229
40854829
51967609
40528009
170240573
143830901
177184907
87458737
108443311
8468963
40973641
146956463
118113089
55520681
18244469
39374927
67644979
10504553
64805857
88363763
146852791
171274127
145478017
65108803
106812757
70876387
3821263
7869881
5540279
152211253
169912423
162711569
53593031
14758901
124031821
5859109
162606449
52610161
81709249
47567909
112489843
28393357
51524653
8492557
34249583
55318603
19426409
64678513
1886389
150017633
90515363
125556113
39186467
5326229
4620001
166035421
51676357
24014293
1442869
157671517
175482469
36904321
152959321
171867491
54805879
39745801
6169921
59139259
129508259
55097879
94495733
145703423
55348061
138666973
22554247
64034221
81547541
118285591
74872319
80613083
81437117
42767477
61647323
149776937
147705703
100264909
46581133
18700321
146191751
56817457
57120647
79348681
24497113
29357257
101593451
109201229
62211151
172315571
102678319
81724619
36325781
15096889
774023
14594303
21372787
4736513
75216293
69663631
44982383
166717361
52181509
107107289
110397323
93792067
144161477
4166341
76912687
125167949
98512523
110075291
148349479
52297079
118848803
78209141
130602203
63883291
114211259
82363013
132649007
167229851
140525339
72910007
12005363
99862327
106394399
144197923
145571509
88558853
137201231
123382123
46495879
13596083
52310861
114280009
91713137
32353913
119461847
116764103
81236143
20642509
15199361
2639303
83519441
149993381
73144051
25383097
99471761
165013319
117256103
92428909
36380473
91181009
87068519
102625189
178711019
100701331
89710273
171060221
23519987
62584759
15017729
125341819
32826103
24738239
109001029
150739157
121569419
160852163
41865899
36148843
38771429
27236497
120435611
11852459
105270281
110990701
6222551
125745649
78670001
91569041
105965957
39662983
133748851
114593509
166224797
142337101
76285799
29043101
151869233
26460361
27719789
149090213
118119047
112695211
173375329
96456629
75398207
164634527
88394539
141047531
105242063
140249951
52659713
68336461
122608393
156478241
115850129
12041791
77639413
25381327
161461177
72376363
41642387
138915827
158237903
138616991
161343601
128547427
96649277
73946263
22160407
96459617
85646579
106528399
4786267
147239713
3198553
4302131
1688369
29930317
103174507
166545997
139609291
7850903
75454081
174339857
161078023
86721989
121176779
149935763
46544191
161261153
8667979
39679459
172271623
63830881
143329409
155840099
153504479
144272197
36019961
142044017
100860971
128581903
5086087
87814373
137503787
173858147
88424227
107903101
96338213
117219251
151649677
91114399
61740589
77318411
36301703
10548121
118437041
141613987
59141837
169260811
122060377
103267429
141471623
160448389
175956437
159375683
171257039
63512539
80577929
41901149
30237139
11884273
74990789
96166627
89650139
148858799
108378437
118024007
155718247
47592551
146325661
38249777
68402627
3729809
5561459
66057241
160305517
138851917
71241871
134663281
109096739
89322011
116238533
53958101
78111577
81136763
56878897
37917899
112106207
50670007
38773291
80291773
43550239
34930867
108675893
159974351
171538303
160951633
97185469
53627389
80376979
178776443
127369757
107998019
132882287
53926381
150588629
9442481
106603349
98767717
46867901
154411421
137936039
167738939
90112097
33327013
132445591
69728251
77490031
77724869
77953633
8708129
59256929
128672857
5959133
17656657
102166919
14489327
60510929
48134419
14469977
136546981
84017729
35935013
135398843
125530337
158624563
85489927
22088057
46093661
106813799
23300533
12871891
55351319
36922289
102103697
459749
41947693
117042797
33619007
148974101
94005763
44912363
172873693
18012041
31920253
116007803
103359853
121004281
13228951
14700559
98320603
53915383
89951527
40410023
117333289
138550019
38949899
4681763
149417713
39071407
75695119
110195629
165759961
104584813
146628931
82758037
141261563
130234259
92812091
41836903
90518473
54182459
165686341
154651451
75795463
179271049
176044387
18678607
31344767
104962243
143763349
9253483
101703671
177077279
150760931
124155869
93600391
41925337
39801367
89201837
174067507
51799507
381323
146282789
117986927
32493599
44416573
118814063
43864609
4545209
63036773
45282841
159941461
64770301
155567341
57834211
59071189
65075819
94696201
109617239
97122617
134742541
79150231
79641437
117175871
7608467
150413539
7944991
33466133
81960421
130279717
87875881
145983469
97320449
179216369
151691723
126266687
89927599
32065993
167235581
22316017
36266183
92906899
134097013
47818073
155977433
110606281
78576241
75737579
92995963
43137989
93603637
150561119
6396491
94093261
72908159
98636921
29846657
8553793
6416413
162654847
91273573
16917559
38664631
4701583
38150027
70331321
59963903
13637809
25514191
38282171
92413051
30372847
142169347
104158787
152481257
101923967
107648171
105378041
31017167
51236333
131396189
107780801
162370627
82694231
58353011
135486433
11903273
114671269
177772571
33602531
36348553
10137233
161561327
94160831
169016677
72034379
145062923
52306379
72282439
51967397
150532819
77532761
23601521
102056299
873319
174417247
149758421
165031487
172887413
46637803
55176479
134156683
123353467
87598111
75403709
5366219
132970681
91634953
59953363
3400091
2174647
115345583
14960167
149302091
110931473
63032699
169228331
8551891
9296251
43710287
48698389
12039487
121277389
170083097
110716027
93085511
86247751
86841637
33232559
153915457
94693817
54891659
63562039
73382201
137997371
123625679
88865369
124961413
29606573
72336163
160291253
33135481
53655479
8148947
62618203
134621731
167127797
54129433
15826529
95951099
69221437
52357157
24688463
1823483
10163303
106863443
121691761
90685873
5353883
132778543
19003151
60191707
169186657
160102123
68692469
144905921
22862311
136339097
153397067
73554347
176928889
111398743
28225891
129240607
118795351
122536991
154052033
111865339
93108913
401087
135219319
34367027
147804131
100206809
98201041
147717149
72166469
171131203
116478221
11964149
6025969
46021333
58263463
17350573
16921369
63158863
151581253
934277
129733603
112301279
165040237
74685671
139625659
44671663
83600047
99867137
35872367
44351647
101610137
137096293
114267389
107288897
174151433
51564719
152767129
57966767
109002167
24955061
128149187
469031
97702279
83187479
89390923
140848013
175562389
94794449
115130933
5411051
118308263
31024859
122906999
8889149
103645967
80986667
138315643
65353007
64703641
25427273
177720469
164592119
173106371
166565173
133643119
72398387
41138803
96783221
140087083
13481761
51691877
138204593
153913951
84031609
174699149
112957357
168880501
106487489
38977439
101756311
130315441
13864997
111134357
20625799
135152867
13176781
29472241
10609019
163409471
15518843
24127679
98745403
139073063
77318947
21938387
173988037
122740283
50297459
55942553
102571043
3887573
40545313
28575901
17620457
29813429
147062093
35056409
174220363
66994201
605023
77126653
27285341
27291367
4048433
96575641
177271859
91419131
10497731
153964661
19175521
76214279
8959981
24901193
6127313
126888271
164044003
49405751
131289581
174831017
22109093
110129941
168752971
67690499
91311263
31033537
30349849
67724081
82659721
79173541
55251653
151431821
104772869
139431527
139091273
141654797
165715141
140144731
162916367
89915767
104218921
45250159
115121593
111439903
119024491
134696011
110006329
86794373
22882339
71713093
130114541
110623297
64593401
45144623
38762519
120678343
97582139
83229143
109229137
114392923
6845953
21486161
124627957
163641119
19296073
89911411
99216977
62162311
97803037
37693037
117737687
61620463
67538927
60669619
27548201
83736349
13208051
24216977
60097481
54555881
52207889
84467137
48615043
24955913
17769419
110432507
126989747
165234841
118342409
2435231
2202631
64482701
73122821
173266589
17789539
46024169
6567961
66268361
100504819
27302239
153318547
61698919
95681111
58043441
6744469
7076327
104496017
142270693
67991537
171998947
111825899
26880109
57673127
129268021
3297733
20279653
14986871
167064647
135207497
92169953
141377699
8800403
39503647
172823809
134687167
127348391
33743167
95224967
25785833
31792393
147051851
61932217
54970127
1338109
140840467
103351021
75835271
21805283
79582567
97803899
162813503
98396437
146885779
158528899
135290587
121085077
129045629
41952829
29015681
15819217
3319957
69979607
161036789
163772333
158059351
112852907
81113407
7120163
91545239
101712473
3822493
113545891
37254521
62456029
170159089
45959621
141923849
173964853
101481091
26474953
35871131
31682051
126088931
111336551
171866111
33179561
48790327
12372047
17277877
90198929
3372979
74426423
145979773
144443137
37439887
158874011
47648611
78590173
7042229
127817857
28184251
108092213
75345749
54097777
143503109
3564259
127378673
124004081
20469233
57287827
74402617
151759549
139324441
112660451
84218009
178156747
95684917
120945281
95790329
148284673
96406637
10520179
103922113
61350143
118761431
1995869
102008981
112741999
6987251
27697333
143410229
178043417
11096333
95384843
33965251
14951609
60478903
137058109
133110529
176628833
95961233
105956467
167012459
126863677
43378669
62861153
93189647
17029703
141614797
177796907
111164759
152501051
16308209
165424681
87973243
153423047
121177289
133251697
111366611
121969537
153320257
151451123
168196253
152818781
22418287
119584357
3623987
70822069
21459937
96081077
101637563
129603611
130769843
94204897
72708179
105552743
53857171
145256047
165651679
65570779
27366551
60005999
129825667
112911647
142637629
99787421
25724467
94198451
118100663
117273847
177207089
157924139
121910599
94268539
114248021
91611497
146026117
101297789
106320847
27058853
172064759
43971001
157379633
82953967
93934831
177240913
154204307
91669537
36233957
169566043
143989061
99316379
27337927
125323489
71682859
31356541
114489247
4264901
156280829
150698503
90787283
119579753
124325231
112314509
11987453
114214999
147218531
55814483
28336457
144779177
45723389
148381819
62968259
137663927
177827753
4196371
58596199
1929163
144213361
36241669
14066903
699211
6516011
167271889
172557547
115890079
68020697
138993451
178464163
68655973
89138921
141218633
122568583
163673203
562283
97074071
62561773
34117621
150311597
42853211
15959807
24037579
127328197
26154209
110138887
123168167
30327763
117572821
31232419
38613329
89218999
50329519
32958061
91624411
61681489
147917569
94410989
45557233
39627019
23724643
8556521
173816873
30796697
82563857
125323169
43459543
109713661
17827937
57238861
78047509
147762599
97585381
128686567
120656281
81435749
95673763
41003537
82203013
110040883
170114621
38275717
137298193
177876277
140729711
32485373
120592567
79742473
39419621
105425867
1280597
33643543
51457891
12344929
18578233
18251797
85515569
8060593
82530361
103959631
37747993
166896617
54557501
138002281
129723943
98309087
138162763
92977673
135210421
126119351
137669803
100692101
70182253
28578721
89973773
141036089
134345707
177085837
157108559
46338547
1873721
169680211
171886487
121942217
83272799
36596449
38977541
105136103
157435921
134334611
101610359
162246563
15666949
76940429
32420561
104730079
137561797
94237433
3281393
165309787
88497001
127927243
178618423
150669017
150305921
27907697
166550023
141849007
120692603
47619809
145616923
37657289
27731371
58588861
17697103
140268647
64318223
79391957
91743019
12941933
66966421
177226277
67626929
58814911
77728631
40655863
107936743
61089709
80370973
66384319
120152609
83863909
61103429
97318601
93536593
109064623
1792849
62757469
107085647
138843961
85370099
90190489
55020737
56307071
103431091
57108097
24899911
130561643
7849001
37765591
163794143
42828377
150229847
18160871
136656941
22057481
98712347
2730179
111677957
3425197
48515371
156882541
121734673
4134437
172198981
115014131
177999449
27291673
137033269
72954373
154798117
171481853
65323649
144268711
24013921
174147199
117782363
114655663
27671183
91973549
132776863
27419507
23219039
27673423
6786683
111463787
1811179
114874853
140144239
160478233
33879821
53222489
49038947
81724189
124368973
57990431
123240763
173770811
154480687
13666483
23484091
174723413
170791391
69181727
142384133
113767889
5295343
2189639
138557897
133498457
28649713
77606747
124742587
101070499
64872499
19852453
44227549
33040789
13565681
135579623
109215143
51887317
16300717
23830259
82371907
105696289
126454303
34756597
101386499
116074927
99946501
67970263
151927337
40661507
78179267
140153857
10829683
82774339
170789737
48901757
51220159
30113891
15451999
142723331
24036689
71220511
38126969
90972421
14636527
165537781
109154483
133113049
156668269
124079353
156780017
109923391
13185607
94110221
43569917
9996659
67305059
136992893
82391471
17127017
23975089
148291243
85547149
2569939
13366649
67194947
163329223
29741389
162485831
130018841
136724113
56027479
77945401
118220351
101965271
156516961
39774937
68534069
178558547
87883703
125845487
20319329
136792751
162023857
62715011
97884907
72806333
123234743
78437591
158309171
32752567
6303071
41413481
110670233
167438987
36489151
177491491
127274221
13623017
63913063
139594573
129564679
64857223
114039521
178524509
8244083
170178851
7426457
75278981
145532987
50688661
96798661
103392869
51960317
97756517
62710283
46099421
127221379
11810629
1766209
173641709
16658701
101927201
138616117
90865031
79511473
119888477
29957089
163985431
147647587
40512253
154786039
87943549
125453189
55995367
28539557
83785613
6229547
40997161
39852179
143154101
853843
15642127
127219361
141279659
175430809
30795719
21929669
170713363
142991213
41950039
42634681
39388763
123142693
63392561
80522773
11426887
148377179
26008729
138324169
156385769
4113203
31963171
108831167
7706591
155819353
83453129
113875669
1588879
161089931
162615967
74889713
13200797
140910461
14009993
9329807
109418117
11900243
150341329
111897991
131552489
157635299
173459711
148154471
175736063
169513723
159774011
174304147
53770183
43059587
13838941
171114787
53721779
65966617
59466383
71780039
76011713
56807119
29545739
