66632663
136225543
45770999
135828619
99019259
39073417
140937221
78607709
144844127
96692773
46013711
175836547
7180897
38860901
112172267
43832389
17655529
111900973
58810777
96412553
107727731
135103223
5027651
61512487
30670279
53877547
31221527
81374599
135111521
69873157
124116007
15522281
75100351
122072369
120256789
62324513
157161317
39121363
131126053
102450493
166248811
114134921
117241031
122173559
138135449
151723063
32333209
105708259
136034131
178149331
44409737
122776609
82557401
4594921
9602767
84902647
152337499
54536477
124005601
172414313
152936209
53714923
9093017
21265781
117623917
91467709
112973683
163586099
86607589
64253347
164051233
122085091
74258407
149166361
67044301
55998919
7090427
114059821
314807
85860349
45930667
59393573
156490909
167839159
100349059
140005121
96621737
63507889
11919763
128555039
146346173
104269981
129147653
138280477
25547477
157609979
168934811
179105461
152831351
16686179
138001261
50401453
120415507
71046487
115965833
30001693
35835461
83994997
56434429
6027149
131724163
76839701
14431463
109117999
160267441
178575967
6515513
36540139
122621749
83211571
21522881
83851421
150096857
16654003
24032579
125956603
34638073
81061147
173317037
13934741
92665141
95619157
113150003
20103191
34319011
105406901
175053089
4628101
128890313
150683657
124876541
140450657
54075443
43345207
165078461
30671437
167389559
81854221
165211339
49963009
104988973
157855927
20067917
14975071
131551177
59020873
6034781
16876919
95676953
167224181
169712281
158836859
94235509
53311231
68817443
27661639
57479893
164266831
50239243
68545657
140813857
10608503
4937509
141195511
56705921
60317827
46979189
71734997
151951229
20733563
116974441
3022681
155917681
117163523
97835197
155892391
40912213
78956051
35802929
163902143
63502093
48942821
41420791
147284639
86324041
52332481
69357517
77448281
56998969
25780991
93426481
82132159
67178063
67232369
90991631
136760593
84300547
18903377
102640481
164947781
152282267
110982979
123910117
26383667
40125227
78685759
108097841
14347727
20500897
26939389
47821069
38157577
77937919
126699941
5435909
54591973
54261937
152934973
51997223
158434921
61422113
2366939
43829831
2390191
157838063
106509401
91347721
71945677
13204973
47179553
117832489
42756953
138083653
91372621
149246753
32983823
47266217
120705407
44772977
22262083
18572219
156305789
136226837
123165487
161256673
69830989
175631971
54325969
123133957
169837379
98656153
42734137
166040621
114681221
80691781
23467601
15179117
101690249
80579039
1885309
60659173
127870339
141466243
152147393
96977329
140930509
19433353
138365551
114521123
45000827
107638277
137407999
85008311
126322853
14652773
159581479
135271867
43896253
89583083
91562521
30286871
135265561
131226857
27022003
1757401
34327
65010269
63798701
52538183
107530609
120619561
9063463
10732877
55949107
109927469
39510883
128896699
68639689
110902567
83240603
38092709
86875079
116356367
160534301
1564001
107227301
41163371
106831741
56243767
55526231
126023537
142791353
109860011
146954789
131631413
152576363
129387691
122063659
139123591
73091321
130687639
46545797
23022413
176385373
178662433
70442081
100735513
156315293
95366233
128602717
104523889
175171363
16665023
5134721
2149993
152118523
23370749
179282239
160528421
145994539
170137783
127968037
71635609
92733007
42953551
138363769
117710729
61609123
6924251
36180619
17281981
27922693
113799319
25564349
154121857
9619219
170425271
16503469
152282749
135918683
10695859
116037697
172488941
140056759
26818837
103127851
140706817
176703911
14089483
34773887
17378243
16628387
118267879
30171359
1628947
26219399
43410889
81388093
84119443
98826691
57202757
103841993
174185989
153522349
97503409
107673311
44188657
136926497
42578519
143635631
10373947
52555883
136098143
116492417
145431761
92559197
165033859
153319703
4490509
38931331
139450667
153140707
71729887
42803659
121427573
71128831
62320243
156008663
58143313
171885851
48191929
72842131
132233771
164111473
160394413
15909329
130038383
147855413
155024867
112051547
82504307
143244589
158969141
127157957
111983551
21890213
17628211
131497997
8856307
49308673
166974713
1458257
122218121
138020357
13180429
86760067
53734657
77928113
92063399
162171271
42023477
30154013
161677357
89656183
170453977
124283671
178779709
93909997
78028931
161273773
70987457
81461453
30891479
146760013
36021281
50921329
17742931
1938973
94053803
149147483
1477139
126092119
167182933
27452683
63678431
3785681
75550463
122327917
166438817
118114103
139071721
64871999
2266709
167095127
20518073
23966893
160641337
41967593
16759817
174583439
158836123
34877237
98830751
12044243
101987177
154368497
145417933
42663613
74748757
150522469
128700739
114891709
2341987
158304701
16058723
62182663
162994679
19427131
10747367
32978039
156162943
117308197
139193357
160586957
7093553
96292663
12207647
57230683
146480021
24902957
49168829
96397277
9807451
95403097
24242773
111586529
25499429
41720089
166087877
113062211
117620119
48963391
25579049
1620743
130834213
118711871
38448197
73957393
53520151
113835713
41829677
9723667
29836217
43328179
177061277
175838651
81109681
60996751
15301219
103810739
60737437
138365299
143863697
126541201
143441093
187897
33986081
96309617
12882973
150766279
153596867
10545383
130694843
166362487
150464519
21688879
103471793
46292333
162484199
90533831
73912021
96426361
30967709
56841611
173708917
159009299
51519043
152328391
99239209
3089561
113677367
112672981
7873799
33227357
19946291
1399441
174513389
117167093
51862747
50555611
30226121
138059743
115457203
87984397
122099573
103890223
43053029
168596149
13643183
46509157
95271613
127622549
36016531
63783697
14562601
81475943
7552109
149467057
52168111
45892003
7946473
131162699
119781877
92882401
90403633
163220881
71973199
80935889
38960731
146665229
23205779
37708963
34113229
157834531
177848269
87137243
68991521
154712491
43360283
44749759
84322603
73847731
172523671
1317131
117697331
78565693
92402539
170511587
64042549
146202773
166573027
59485037
38609579
28419701
13206959
110328241
139490189
76265351
94865857
42474781
87858649
92740943
6081259
51578039
169259269
153869489
26848079
144338951
141288601
131780323
19465213
53952967
60512941
80867627
136608781
155919791
50211563
123296527
142322071
113279951
168268721
136514387
12400907
154801769
72143707
178926889
32074283
154623167
45315119
82797811
10307849
161061469
53499553
39412949
17252801
166968127
85218481
142381363
37118491
157336259
43358743
91669447
48748643
176050541
166564421
165888623
28976399
96231293
169748273
1756199
124246313
54611903
79313197
6955357
128197957
96282833
115025011
6028571
63217043
65710153
146489669
165764891
51814397
69302573
178089893
154714481
107237927
142423343
148284919
9154297
15694667
69338131
68006657
18620659
158358041
77301089
19436017
57459989
78890677
112996951
4221223
20698933
87212341
160641359
147945979
24314951
32595847
51120319
889373
101572001
135107887
59308159
25639981
117146957
111787717
68275877
59128229
125916551
50158931
132774373
49812977
13863799
175762177
14688923
29807933
13833713
9540203
103624211
127552391
125767843
131008963
75797881
87981869
76990159
65645353
113380229
1939381
157980811
139515139
15465893
53519489
172755251
69861151
135977581
6599951
24198521
115931083
158795999
106279127
89044859
124944107
19994413
42839183
120671609
10330501
117536119
140748149
126040283
71520443
113816767
84191207
161231593
30368497
116711339
60452123
111631073
106079219
53108717
2859793
175798699
64659443
71364809
41312639
174953657
113718043
138970067
178127969
89044999
9264271
179133599
33222643
143847797
136194173
47166319
176674877
5666819
176370109
28528529
121005653
139561987
26567213
47809609
31864853
36746711
59333611
165767593
46779067
101981083
40614947
158836859
70388783
83309201
52956427
16142827
158263397
73765063
99908689
21876797
67613731
15799529
100950599
40834243
11798009
9710191
67265479
124766449
107664979
63664721
150989161
30682387
76119583
162687377
134298733
28779847
106904293
44832443
45738389
157937203
37079891
92887339
115187713
157600369
143170033
69760279
99963761
1557653
31885519
104210047
19988291
136055657
87605701
179348957
36130477
144888587
109317289
147910541
155035873
46730777
152200019
69298079
107932339
141421019
28392673
52863599
125743069
3863837
74634601
12958733
93048551
23885671
17086603
157860917
83973719
139555043
30722141
176875537
84202009
81014033
175574407
63072869
145190579
160339219
81089861
96459859
131711341
50188993
103091293
177399731
177183397
163523263
100432187
124663303
146082359
1366597
62429357
54132011
41097061
109804067
82989769
40626281
81544163
46144009
119306489
111181183
111432031
165938671
75708187
106542983
83928641
53157773
58104581
22846709
116199487
13780313
91493959
53242517
133804423
71334763
94399489
65582977
103332907
107794877
72484157
156700039
127079027
11990533
106651219
36790651
130456439
4285961
87020251
3989057
150881699
31639277
43115011
53459893
172495751
38131409
19426013
103274819
170862961
4610387
125967953
108949501
74189527
83211019
17760047
170239613
100098007
176953057
83923519
64434989
27492809
20177999
30775037
21904061
131737937
83753123
113489813
121802633
82361063
159002573
111389263
88079759
8071421
14275931
107073779
145117481
133589713
73560997
4498283
104176019
8848621
120191243
73392019
16279651
42392563
68264981
44835803
81477007
31881203
119438273
30095893
102357259
48315437
10900963
31519459
14595277
95898203
176158193
19565411
120692251
6313513
34728853
21506333
154673399
30194243
59345981
105203239
69479407
102112607
127191641
94733071
88175117
156437257
91954073
98512523
29586727
13321837
4230923
7398091
77835551
111097799
166999543
3134909
791851
10247807
166292881
146266801
46223269
145902233
113535619
108266029
16622407
101061979
107563867
103054619
30996941
22979893
126610531
1923049
129822449
25262557
91039387
20059927
15794783
70676933
124858579
172339913
54496727
47330821
17049551
6333277
4399679
84138781
138728753
4886069
24793729
34621247
33708197
75152789
56091131
81440717
43619803
69539077
104653849
149278043
97994179
164556433
170436709
156942139
16829221
173279347
92095357
124517153
63009379
98024167
28369157
79349791
137620471
64259353
174625901
11197723
78107873
143702011
77357677
72620293
88734467
54364021
71702881
82828609
17677903
110192921
29541797
178686689
137654317
145485409
131921791
47339081
176870789
106911479
63763723
30579091
84733279
49652003
132010973
130832201
138401629
176531821
134051663
66794983
8239519
31433431
68756731
36436189
86049181
10640251
28647559
100953613
109695161
167925997
77809183
113766161
10795913
119363509
117365693
76942703
126528307
106971679
79676617
101204153
174077567
7400923
109868701
23379197
39457511
62083267
43075649
66776803
74121673
130223879
23536859
30507811
46559087
81334853
134731811
89463119
3246253
37754347
137230967
51517909
60340729
151889989
120605377
66482641
36712519
163910377
79528139
54545327
97623329
35974901
92048459
111775451
167479541
18131783
10696177
90015613
72069169
89183461
84101071
44438831
18262313
42591739
120970361
74165129
11525993
108840733
80392159
89382833
90527291
50522341
119404843
151526723
33461851
157065521
6015131
3813401
15133819
57818777
56009053
44694229
35750713
130566349
135200101
114517591
91735283
61884701
84320569
69783229
85270321
38280547
127391057
152240861
164931947
77815667
152108597
128440999
2477911
13322669
71095049
32271259
170328377
105576439
135032831
167464741
173992327
48722603
147681767
136252157
135748777
120813907
32690891
53382809
105990377
113844103
108580957
123992903
120096311
35831557
137040251
37781189
125266451
48626311
100211359
125452493
52030633
3989009
31668479
27443929
44046307
130954207
753079
94273433
30822917
58146197
108681403
84050917
90342943
7041373
124807313
163835857
110807429
45231233
93278617
30169943
106856489
41822449
35200433
88331851
93777913
89788337
117649111
60894121
41404019
65688709
169863151
45204409
91522967
109696927
82851997
22800571
154964489
34543721
67579817
59972443
177074081
76406597
77416571
107789081
175629721
126583939
168974623
55790621
165978013
90896677
126700597
1533307
139320127
94287203
155231509
131461819
61497599
154507337
90234043
35642041
79211021
121733321
73562161
65153173
90028553
37786591
46194229
4040921
47758127
104381149
135110999
149706923
168760183
27169847
84901249
140017357
14813791
107989339
25754977
66385589
15738199
71698111
143666129
25678643
74716907
23062709
28084099
12325711
163263857
143606563
24508871
147873311
17535341
35008747
79681153
146519333
56053121
13861439
172717001
144195299
109586749
84990511
59611187
139894621
132103109
147225341
29755279
4027787
157800101
166010419
177117329
114583061
26511311
19968587
46127929
66895739
104203153
63834257
20648711
130189603
1250099
47164781
153187327
75728269
78257261
10009871
121314671
42252569
152649599
128519063
100194811
121111363
67282849
63180773
24488939
31153531
14550971
61856939
85724767
108094627
39250777
28159489
71227787
73655873
107691527
168708989
89509499
53421419
16150609
53715353
133704671
126230407
22031927
74728673
98580529
139787371
30413729
3292369
29390981
73620073
37568281
139654279
52983769
36090547
96245417
60550181
63468233
171360803
139703873
66769019
46098889
97308181
117889349
125352583
115626881
22601521
93465433
98204371
72187337
137972959
124401859
138337319
13012787
132513377
74682763
16762189
163792091
52880129
99638191
12222211
115200259
165743159
127660717
13832389
102866287
23062499
166241597
16448777
127946837
172348147
76274117
168610903
138617321
95699701
178493947
7020361
149960953
73592731
148105963
43011569
133023949
6799517
152681533
45121513
49265737
176070673
5902411
149964167
90065623
32352647
85856581
58412579
49850621
67341013
98016481
139418347
14197483
79643423
20611153
122875759
128789539
41269231
71017673
86915189
50619697
161378743
11063113
110435207
175278461
56859709
162322357
6860587
60041171
110905453
118877687
8464451
45191281
160496113
164199293
26079743
19785853
112938173
58630679
11682487
57523573
60195383
166068251
165399053
98621399
129153499
171195127
124485107
51090503
170069621
51510509
126063631
46843271
95002979
151003081
159552389
102119387
121108903
17527117
175653559
152871713
111405509
166487381
12768137
6260467
95360333
3300779
104234197
109546483
161419259
25392863
70233967
42203659
147340357
86815187
40172273
100001719
171610573
113943023
86109487
167449367
13317971
158918581
45904109
133998881
40476253
30134177
34043881
152578801
59255531
153752779
65908991
169931929
66242779
159865241
42816589
156513779
137315197
42442469
36086987
1548401
97746767
9692311
65050331
107628233
65777357
175141321
134708989
159310897
16362373
29769791
176823421
71753057
120015073
107955149
135229261
135177797
14988551
38421373
27670873
81728189
105758651
81231121
112730327
93752987
121233109
71489683
168176707
27153127
98639819
104700559
58546871
54983699
153525041
8395931
63129631
94212077
100625243
174184259
56306123
8311811
1736821
154963157
114761761
84897077
140342201
25297429
7290971
101977223
51088241
126136111
48321983
93810043
6081731
147122203
163190903
108496471
31375609
133466483
83270153
6199
57185881
67347587
8387063
73373549
6524473
177664831
162180341
81927491
144823607
34652041
11840209
89192249
103324267
132630187
23403701
61707179
166924559
11063231
28948987
11362679
16880161
124744483
49914079
83600753
139025969
99197101
104997703
29186897
161279777
120333431
111249779
7610599
81619273
152172341
97132927
43969511
101521177
49585271
6861377
111571769
112849739
58740943
85597609
74172841
63985231
107684813
47832151
73304851
139399003
64759433
115757449
133472233
79881289
117198457
2622733
49697831
76395623
171000391
64996733
90461537
79767353
91721521
49199971
95233
11992987
27515951
102408899
91040701
39150569
59200199
8586593
131215079
104980159
145083691
6214981
176076493
1722319
160785487
150761651
142053631
178644761
111791777
3087479
53715887
156243823
10559947
19640779
136786031
10750829
148174469
61140071
153918073
173558551
134170217
146128669
104071027
155112431
20871013
163113149
71517631
11737339
38441167
86888231
70877831
57287471
85076539
94482979
156468677
146414963
94622933
16043551
74820511
39361253
63891043
130430869
87182419
123723157
69299011
68561929
43087669
159614849
3495179
12683591
4753813
64499317
115714649
92881097
153574523
113314427
130901957
177758797
88307257
88524767
137518091
63738047
50334341
41391529
25371881
132356929
124985899
54187559
63655997
101935891
129403033
3609493
8050439
81115667
15730679
16254923
27585937
37467191
102009823
76016159
29883769
177428843
129091511
169382933
92953543
76802207
54837703
38464163
55022263
118849649
129480037
6838529
164536711
154092137
6416117
43392299
91317053
72186019
121597603
20567137
173668081
37965091
3377009
26011721
101057753
155345717
127467283
55980857
135678967
171236993
39497387
156924749
17943683
135352271
51532147
59444729
139473629
103357669
148871869
113047163
36098407
148247237
171899831
35706703
83792801
77091263
83321509
155675629
125754793
166884371
90470473
162766393
115066093
120976633
61310783
108070163
29331707
51195773
6954383
44796883
53889557
141920209
52035149
151469821
139354717
22414837
82959259
91114787
173572787
23284463
126945569
66380947
28679249
26012213
141713069
159908531
61146193
16816589
132463259
96605459
104478799
24366299
60589811
62292221
125572079
29353607
60783937
28284661
145677457
2139461
152436967
84011621
37477057
12474461
164487709
116093567
10523501
153361921
172871267
140625559
162536641
37707863
41624393
21177421
179077211
131415637
74571509
46253729
411197
2044831
175290547
11528753
165548321
162429143
147973207
123047293
65552129
18186331
2648917
3279743
38005351
88724333
48506539
54106951
163898909
123997733
600289
111939083
47362177
146806733
178036301
164908577
49734983
60068257
148083461
68356931
132095479
50320217
37441511
121982621
44618323
172976809
119702393
56683337
106841323
130242649
108513319
56834539
124036909
80650579
169260629
3031169
165785267
6405367
51958591
150152417
174856559
17989271
15698849
32078743
158751863
85507187
33745343
139572989
108306323
54305179
33825401
31926077
8737943
53640523
57392219
50914093
36266669
26918131
80099707
52385083
22862767
34487353
83440817
161459329
160366709
8909083
99538091
157063813
65095309
65022299
106718701
75527087
25584883
176717161
39551177
149022091
62272361
44239397
91412957
98556943
164486779
143637761
21749447
144930641
151359227
26818199
46525387
112719907
56079943
174466003
139686329
176817019
42902063
72719323
14679079
165445873
141084617
63404381
34875439
3717149
12260867
84197077
118533049
147003721
78170773
179288309
89879723
110599877
151413131
94195067
43215533
92563739
51877729
153981437
68188787
8240213
110553379
71299279
115830977
27291569
132125263
157685179
158822137
26155273
59207
1935917
60795533
40546963
88919801
98845291
85610069
31856843
329657
158900659
21368489
103505177
163941853
142441489
39861007
125459431
110913941
134937217
68764039
29204731
14916833
151708157
29952773
8144627
173350283
113047969
149881679
13736903
104954183
93579181
168581429
71989601
11270209
130501663
24800813
124779143
139804703
177721963
44228099
139146701
100335233
66192331
131576449
14307967
164450873
16161623
75687713
3537847
133071349
10780177
47624201
100672619
22149251
43157801
133731149
92175313
157683373
15541507
65070179
1807913
76868503
71493259
10371583
136055021
1595381
138228109
30054043
37403479
120871903
144665681
109939177
10752023
151266113
153592147
134803807
170757277
172653619
131113637
137360543
15644929
38414683
130611839
138525883
3518863
174014201
167548657
147523171
84749681
29679647
47800769
170760677
80822891
35948723
139572791
103082977
114750793
14222639
5609951
119264371
138221353
49667129
31769161
23652799
129541163
70232119
102937427
163259309
708899
136155133
111102359
63410383
62886533
3319781
9494603
20274641
87568363
3793019
117525461
57919039
18880867
118917811
56005541
104487209
13300153
78188557
17176433
167681873
139052929
171895631
83309999
157592503
55418897
44049377
75244751
84793363
59523361
102743059
53247203
85756631
119602279
31727459
46360789
127416167
103865323
40771573
20909789
166727221
106918949
172659037
153830753
108520387
27684011
15465301
174440243
87279163
129047519
50625499
60894151
121691681
44154697
64355801
93821951
65198701
100834529
1149469
62173597
123595937
20547767
78881983
1467863
120167581
96950743
101877917
126601157
50138917
2161787
133375741
102305513
76410707
40441901
86633119
126374747
126331207
10081601
68965147
49180597
137977771
97095169
47230487
79174681
129773473
118752251
144288559
91823353
152033971
93599663
146267987
164264777
16891429
56184797
169707653
77887837
37298087
77630977
132665149
166104247
109078271
149262587
107237233
82899353
5076569
28826179
13862179
26209133
165898477
49353833
63261001
164763343
134397841
86977207
89174347
30916469
35312539
17196841
170079449
26194843
175812631
174263539
110114507
140282269
131941829
90735847
98588843
7718299
83067431
160373299
132667453
37270691
25528387
112722499
62629741
150382201
94360687
11568737
23409739
155087293
95226889
84845429
3262139
118433753
58153397
2214679
28598371
136607773
41838161
121007969
70481381
17380829
65220761
138646843
48171661
106814341
97501207
73316963
159392351
81054607
137954951
49200517
29951231
88069717
46514059
76728893
56455457
41519629
156408599
62180057
143318233
44124623
5775349
28215071
9095729
20157941
97765229
100910093
48171547
162032791
117096127
74211079
18822721
64364857
31906939
54562747
102358699
106034399
61595707
39371119
176734849
107902411
75861407
175214141
17757833
28658429
107375347
5667703
27205811
34993289
58143313
99284221
153036041
105949973
147663701
14230211
156853217
134340259
145278461
58639621
17479087
56396623
139290527
91458643
51218597
16442131
43450177
134701939
113662433
49733029
46199833
74917967
98336587
48653951
145827029
116889029
105707647
41038121
111295829
4530277
95545297
179420201
148586429
149537027
47989663
20063611
45942889
164867821
16142099
60292313
103340591
50824537
73124263
88947919
720211
10741309
2668433
139102147
164391841
88478983
55889123
175736233
4181183
163013297
33316763
108395669
47998471
137543177
71302151
18176759
2118269
165126911
31905751
59268337
64386319
119751787
41780953
26947517
23161849
160607003
134261273
89907619
114548591
3688543
64249571
67444639
73824199
122571797
123523013
168471601
149028233
105423161
13847963
175407769
38197501
63893041
162631957
126930161
174931489
15962047
170632907
163237619
176113937
885991
32010331
133618213
75554293
2895913
132659269
122214689
176407771
4211659
6345139
73531639
119446781
84217187
44234537
58054987
106670117
19090549
79466927
87804467
109965209
25001827
160585651
58884547
131006851
48274427
17072801
160739701
110392393
149374649
37507531
94993489
64379537
87385603
76606463
76764263
160613459
82865737
38071097
18793349
22446997
83074283
156630137
144386201
135640081
137659321
157696657
62224093
85687333
127259417
30734783
95003759
38073559
101469803
113313481
86180161
76626119
72060193
32105959
8363129
68634343
118761413
83041627
70573333
176011123
127654199
91208333
110739821
153875467
29173999
162375757
158952949
45532651
60273949
7319623
94690801
179005583
99311551
94560643
20235547
1375109
45188791
16992671
91847479
159426439
23728813
173907259
148668847
108888529
96275587
2587499
55896811
133098613
150517669
153164269
24187367
168254249
17536633
117116971
20469133
34798373
40421123
104456659
55861753
155587153
1381967
7089749
106742549
39632633
132996631
162174239
37044461
2564957
83604407
48734381
75169219
67935059
36262619
97673137
94963403
24577057
11173087
11907349
11511793
33980951
60551483
170286829
140757647
122617199
33401717
88760291
53508659
26009003
31627007
29225717
47821337
112150373
62104661
77043493
69121903
123433043
11176309
12567397
18417799
99313219
10112831
33092971
123001633
124694873
20178077
176430139
59894843
144255689
56286943
118738783
82092047
144572657
141870227
124220443
43563167
19723537
9101441
15712343
96347087
64551541
121540481
93015451
135160033
91438517
59909539
106449163
87832219
136268747
163616909
109777133
98636497
35618707
159429911
63792277
16456417
69190339
169743257
39942451
110433289
110404213
24526421
136548857
123953363
3789127
8298071
134318269
118936451
62113789
141314681
22761443
68410357
94560563
33293243
167986109
71044283
163046077
112277287
118084991
76441327
53264989
50567563
62641721
143255257
103855639
9442781
38721013
37410697
43942891
129564697
128103587
59173703
112846897
39110689
108917993
141582863
23760109
124163579
137282669
124058479
3349999
156134921
167887849
175831091
70843
71946859
59111467
150458299
156041923
25704491
135036331
130036633
19161943
68456789
23280949
114058169
132470909
65525143
142547807
49838837
77836207
118630013
6062867
129196663
36930251
104675743
71423179
112278871
63871229
64377197
46024567
94966483
31722329
177036833
110003161
111741473
70598527
114079657
171687389
129085841
61659863
32445199
111369173
113571349
7732213
104834923
121600013
60744793
162289003
169476301
41001139
10370531
176282867
5504663
6191501
126132949
102231713
125234077
84333091
6829397
175339127
175172651
108728201
161881801
103237661
164351101
64930693
3391877
75665099
127541683
33303707
138043817
64924817
101659603
108746149
139163597
1998127
116255899
171298117
32370713
107422339
83861773
97448951
168198997
14029237
126501797
51452383
81148567
163279943
50086417
19972079
48052661
12910397
171643607
40459651
42583549
170036239
18556007
82821989
57578237
116965601
166888889
136321859
96929689
94932697
84540763
157797811
38435821
38151241
55758247
170485351
133807789
164228773
175742387
39154751
93272603
132815107
158403463
15798791
52446533
124224557
49574947
147431233
119017081
152189717
146693381
106628257
42527917
1818457
1940069
119700299
109244417
15833309
27409561
173620121
151656389
34509991
42892987
38793607
105459973
169413661
120346661
15886237
98898427
69500059
33866257
92853283
30544567
38262347
44545957
114196681
39801479
44992721
168358579
122122999
31268221
6121873
39219779
12024211
137294173
105034957
126631117
78542609
37025137
127763513
144959383
14693449
128952331
135969013
90427949
32052773
135310699
123545207
8630113
37626847
29159759
166037717
10292147
93907831
81719917
96333593
65908901
144966959
48884699
169639493
104034103
18858677
69845927
70272221
175887163
12373117
162981149
133001371
141662743
10272869
96050677
70141979
159205093
63288553
97226189
92187523
55268923
131360443
52795801
173694533
44686781
14412091
60771731
143515661
16603877
39447533
75695551
52563811
154177567
22677409
97465453
30725839
156642553
1839653
114337297
2930831
149354941
41905771
83480899
36671381
101795879
11998717
159999331
111281299
71771507
136606667
31608319
32957621
110656153
156000497
174830147
67525043
128345887
79389263
2928829
156757219
91051397
152805383
74898367
96027143
43108907
72378617
91445807
164344991
162275753
103395049
11845261
61064147
32443757
51615601
56986883
115685447
179034391
157161229
173198483
95151649
169505969
38233079
85931273
28528607
142797307
142149391
162351347
167769067
139706233
138167083
112843903
56118341
23882231
131262427
46128613
34782809
141414937
161111813
68041
12319511
13874339
92056847
131929997
58522771
158751311
79955563
93280081
46768279
74333099
11281301
20864587
168168047
30925847
147286981
12708277
76675523
162285107
67980167
86555149
66731633
16282397
133977821
91292759
125076253
115786007
141201563
21239039
117812579
142686821
151115929
74999651
66197123
4741019
155198929
49904837
27720193
109386547
108530761
89068387
9279953
59745607
92820241
28913743
122032837
138481283
123776281
71988901
120019483
159217447
83300297
138655747
75688069
22885741
7782779
84876133
122227397
78485653
75554191
137950949
11120279
65965657
80519567
88490573
93018641
7623713
52533629
157815523
99285961
28716271
75972451
88036649
170958863
49769261
124661891
57594469
86416223
116215597
94382599
135099407
89744231
22701277
40313551
2310689
149466497
71736961
122356781
96346669
160628249
139691323
70075541
3864821
134313967
7825757
147168517
4697723
101498899
169186487
154501211
127872821
130715177
172272299
18926773
123714611
90885229
131416433
104987843
122744239
142392013
46312523
143721343
105322853
5964701
29909923
27027659
163815797
19805479
106278187
177095549
106945087
21867019
92358587
82991891
124737083
152803873
64309387
48631573
104495201
93601979
165766373
116538067
98763409
129724769
12081523
74609221
82901587
102829219
176586107
58154641
126787373
84010469
39987817
76775087
98051839
156901421
18228593
143223697
171780379
13600921
109607957
42775529
145952069
149659063
141258751
23594489
98578583
307189
16843711
169234447
41730599
159947369
58631711
86615117
168938071
20327123
1044697
158398181
126881257
87219463
77580397
90586967
63469577
93026341
59369249
28752043
154208387
165072643
94909757
78032527
177885607
19396171
68404117
161010221
103464017
144357067
16635389
120381887
109948567
149043943
24302771
51646723
138290573
163925471
55637977
21441223
43733981
52435751
5678521
120333799
103068151
64910837
92520773
115345261
130799833
134115239
38969977
47669437
102675823
31603381
66634481
133974359
4429457
60851677
115971179
5251247
128894057
29467663
9299369
38446249
72703489
92329871
116498737
176616211
117023303
52479793
27208301
159717323
34803823
108345221
54348653
42471307
75996281
31364719
153536239
125743199
16246649
1157201
983581
38863333
95415071
50047969
7135831
133310029
97241461
47632157
141098059
169682771
112241291
94024993
113210863
123153697
110390689
156144389
5813191
165987617
168838847
18518039
148083847
75100579
153266629
174327077
92882759
38132957
129206059
117500363
31954579
126739007
133345117
97880437
5356867
14221511
83378143
142852951
162264899
174293723
151698377
102275909
12320753
143240287
71062181
50167763
176350787
98333747
111649819
159027691
175115753
16787077
133283089
171354223
25201457
75015463
126687959
155812729
32572039
15807907
82694713
2918561
147212297
60370217
16804397
7757231
102075349
58382899
56333159
125353099
86850481
167824807
21875963
22279561
5480617
59907101
17533111
97515169
20645033
165301967
130778149
179040473
121372301
38186441
31605877
31643671
163475047
53922269
117635129
126761171
7706551
42896093
110555111
178309751
124020409
154192609
166378361
73144537
28341569
145720819
168094099
107036351
97880117
107065267
78473117
84155867
98292143
32584051
56999597
8639459
18420251
114453529
125435341
3745543
61260347
87717677
152351009
129507611
65034989
168933341
120634153
145502051
86629427
112645151
117621979
122758553
178955369
6384281
114802111
154249309
4107533
138811669
143697601
114523499
173690383
21150083
29181913
121601329
82206511
18718171
36552493
72204683
177629791
39188717
53010511
117979651
107161343
50012309
38193787
4904663
27805501
70208899
102366049
27494419
166972441
153651263
148679449
49343719
68624009
150218021
44024977
163873531
119158873
103687459
104340809
38112457
152578913
26972683
96096439
159517493
32186597
53513461
89946653
29586581
154240249
40143289
58855607
112200911
35337947
93807941
12333707
107278433
57695581
21849523
126275491
37055273
46593119
82090579
99523409
113648783
137203309
54713443
144987317
5833829
101251597
15150323
150845417
38655829
68908043
168410141
82993927
162492929
47896669
154016761
126227917
50041097
168338801
3998773
151546877
138968729
91732913
93552859
71807353
14470187
161073433
22203521
143483737
169761131
74992079
70544759
131169371
146399863
131302069
59961961
141645041
144270419
10392901
163180763
38955577
68770003
173560631
64548937
35853709
829001
56211913
68680849
94450849
65171203
113272249
87691459
132253477
126609193
7423909
76737449
64539439
182789
120385673
146164289
31046467
92308837
70610993
76964189
89666237
95504369
95422303
87462239
93639493
122030677
64633747
86352733
16282391
148061923
171253463
39181679
157836257
122836699
94387507
62107499
165249853
39545971
120549019
43687337
46281679
150187049
50045729
79915609
133206901
26296489
44400919
142215221
97258121
163521481
176183957
7719427
166471471
75639467
18162721
74268811
42494113
127117253
124746233
119601011
42291551
33512279
2435803
72189121
85154011
100355869
44872669
119926607
81101927
154166099
98238311
136074083
83538319
2406083
174077669
57465679
76764697
114959113
79822049
144394693
22081273
77966491
89541233
149956291
83933483
42075359
17962349
131939617
88886879
79687163
161173711
102307451
129602689
120607481
88411291
21122419
42142823
131352791
14963609
170887333
20789023
112937347
25686733
62675653
174809267
32808967
81562289
107937671
159203167
108643441
23258867
2683147
18296897
54525223
176752819
41768689
25971877
22899143
170260291
67892599
92344631
157470191
173848711
91048709
64798891
88338631
31265491
140763787
24484043
147119051
52595129
125078543
51900377
62434643
124729859
117422999
108191411
107205823
3796063
99857827
110976769
6930047
121024979
169695067
74758279
51689903
108962341
58599899
168077137
176382853
58222057
159113819
42639419
161594117
83767543
71010469
27333737
69331853
87466229
40940681
142537459
14194379
101221319
32734847
122388907
172818011
8731111
67361969
116951141
34091597
34608499
174810599
70660103
11349769
107406371
165838139
174365747
8137979
11870011
154808021
81895787
85688047
124233491
28890167
58044247
171746761
52020127
128037521
114595889
156098353
46014877
3490183
56983453
70318553
15339923
117426949
58589351
95258749
56133283
107094359
115944497
125029717
112310987
86687803
115913741
110708561
12387877
78172229
105530941
114323557
150404123
86011001
44958209
64199299
129080999
64656379
72187769
40918531
41320789
70710883
70581859
63863171
71386993
28167911
172931639
135417691
13477799
132393757
124965161
90746633
1922563
173324819
93792103
161974471
142456669
84699019
23859557
18566921
53136151
66571207
36289481
98065301
31717417
41504237
45721859
16238773
20279561
134123611
80573153
3868093
11913179
15595277
129387703
125056367
69774227
177115579
166115801
120923347
318949
157470289
40928057
103449739
72748649
23696987
131812451
93969803
86525497
31651097
84787399
151019221
141434983
167390957
122700587
43072501
100199599
4049987
74456489
123052753
146660827
40318801
77285207
124316371
98290183
82481389
95665747
119601991
67168873
124401701
115299487
41145607
14748043
145233157
22739083
166207163
177354757
84770731
170439667
86648927
31803677
147926173
174066517
107036711
171949621
20533241
348457
38654333
5200439
176338619
52560371
14481869
74168617
34902233
73202189
131611369
58879181
72141793
133395797
122692429
92898109
125103911
85911547
170499883
153033487
31746073
147734057
130038533
127083797
110005043
30378119
6169021
109751413
94914133
42615827
15939433
36159479
75522617
15470303
145488661
172852319
136419047
46812229
2576429
111696161
140593133
107325833
119211601
37845277
161481223
145327879
171582919
4328833
176608049
130413649
25178519
9277201
101037427
11483639
96206827
86337233
39717857
146216263
10423211
27939169
2620901
147896557
166329881
66850159
95732503
11790209
51508819
179304149
105321259
165517609
78026129
16238381
96563347
136005361
142000759
134193259
121038889
105955561
86296739
12009331
34486099
99770141
32583539
115774891
107799157
14541143
110615893
61907711
127585021
22293191
19260487
178826539
138717707
12442201
20526221
166114229
128626079
152840339
158009413
116789069
16209629
54221743
48866669
64967789
624233
147485207
111654643
78745631
169360111
40902067
57044107
110139299
83965613
173496887
170864711
50324987
118718947
81930227
276389
122309567
64662113
151774981
76347991
153074563
160689031
807127
162718301
165762287
165924497
143060371
150481369
125135333
8038379
125708873
98648521
159835573
72413791
2305837
163830859
27571343
168960371
77669231
135325319
144192131
56935577
16453967
140308451
129616609
26062123
119637533
51066151
83424571
626837
92865173
125271907
82720643
58388887
15511807
59679281
17612201
82101847
139906757
159410093
42974933
164937109
173752157
3798343
92434549
16672267
12996271
79693883
78757879
44329123
163649203
79154657
62467199
4244129
50133157
8962321
95348377
31756147
123062593
61039829
166631693
5627719
20379031
115876693
157191787
47387009
126959939
174378773
114359593
12725917
161193997
63823841
57705419
35929783
174401993
110074823
80324641
40098991
84502153
129985507
32768543
27961849
137661133
30017969
62699731
90631613
11552153
132936281
44699927
121503139
54119939
87714733
64794049
122784757
108172541
13413311
87018167
50052643
23824013
155613839
82457407
32418013
18793297
155549543
25119877
152193029
77524999
18633143
165727697
32046983
17550161
117953723
31206023
120029407
47889949
165254809
139847489
118042411
84421189
52637437
86175449
118284241
149129983
93169873
2669237
178619447
105429827
113035051
82464493
21968927
101700853
17636077
122894197
122441237
174652493
66789383
2823361
77325863
100018019
159398227
132134393
41529671
68809639
145509713
113994277
12693671
71496911
140627437
164559383
162954943
34482793
106096139
5964767
116767771
2633263
90020419
126920869
99624689
117507053
8631769
101631377
11416189
170634791
166442581
92249501
58198381
26697949
117091823
150098813
125310929
158610443
134616929
90563801
169851631
169639993
51608663
5668997
3446789
113808571
37562923
107488103
27522419
121109761
3862013
16936793
41226803
93913907
106183057
113136347
129671183
144694729
144866651
87849409
82027181
71967107
34823363
167134519
101555099
21261187
73046471
136843891
45257533
104017469
126970759
56300443
157965113
38706601
99010181
128692561
95435083
36125717
115770979
163651547
126522239
20769649
119077109
39013307
132056503
76952479
158213683
75148027
127091051
62297449
34896577
79709347
166579031
132110113
2861569
156808417
59189839
65389297
126069283
9144307
38402447
30851897
143319607
23522729
151787689
7649783
85990469
146129801
79943723
29371807
67843403
52312427
161761393
7658627
136190647
28279679
173924633
131129087
94342187
57150161
15737641
148073363
165011999
74848559
96768493
120639521
168570833
87820547
5205367
174156011
115401707
58530503
25729283
3074923
127248851
103450931
100046263
113540239
134385743
64883773
45777791
48582883
168574097
75293623
135932803
175213111
55975853
29074343
100248857
36544537
156387587
146810407
84995887
130693253
129317537
31458587
112015573
94169693
165300389
97559003
16427693
17761033
147494843
9662617
120712951
138532117
79679213
98731727
132778979
42833209
126340001
92915107
63605383
177415817
50663059
5946683
127400017
85687579
20016827
164638997
28329181
79454917
9121397
110177719
173795099
47565653
170604887
91259243
90548771
36022873
21232459
106520207
123311647
123566221
7541141
13854637
139465673
40376137
55708069
43154939
2249309
142861099
39174617
61523179
81534449
56256527
115229929
32071597
83202697
162018499
35353529
111213503
9415207
99867497
46928209
63815291
32467397
9203653
35062003
118652323
7902589
18711617
28959647
160441649
100506997
96318589
88098889
100281229
62404429
63604313
155203733
117276641
96041909
163770521
17596703
43291279
101812093
63523693
48880553
27423287
117637781
26213741
178407767
15384601
127158131
84719881
65705557
113306651
80416771
8942117
63449879
117297473
88251377
140759209
30460943
69252311
136507219
44582897
120133361
47111083
98286011
42477931
59865511
55587871
105052781
121867871
77597701
45173101
7608737
106583419
104170177
22625027
154230931
21382369
4974443
157526989
133744619
77120971
52806241
82286497
120064237
170760973
20973791
63008767
112670303
141725653
59581
15941633
112103503
138382381
2570809
155477243
72224051
81985507
2525959
48241199
170689423
159125231
83238983
130541599
152124509
17734307
101974907
102095501
116317837
82170169
95955121
82497461
124992173
133713557
155939233
13396517
136078783
107297173
39621151
146380903
133916417
91700711
164470931
47437627
82397629
73278893
7567459
136312333
167308367
36487459
176748683
32857733
801103
50797111
10884121
6580019
70448837
123319033
88115813
139341277
37285081
22541899
36157643
70351861
150332279
15799957
175765687
7415209
175118467
126299249
31998749
150911647
145748593
94657331
60057871
147767687
68974727
17603779
116792749
48099397
62072431
74794417
74585461
17414729
112015027
130129217
85093433
110361707
15824279
16000403
62505587
5402977
9194659
107404699
110405699
43198087
103889887
62613557
177702661
174087503
32761411
9407227
57354301
119580239
145551619
61635989
81967129
87265141
107845207
100502579
67280333
11116921
99083437
164607059
32832161
94078081
18766637
99381283
80724257
37542623
125829307
1181
105482477
76286927
55107389
81010001
132625673
60596791
106348973
153465049
95274089
58633657
97991359
152680643
72064351
158122141
112025777
106252537
114430399
52406881
176102281
80577737
25582357
79133161
56600597
71192987
141044191
51398441
30869239
66579323
99604187
8449139
16875347
102646897
25740331
175529993
32188601
10582937
7522981
10760909
136288721
173618233
41390581
131732387
78699461
33731119
57931297
99528343
133587983
7670303
11058217
61252973
62542561
74299111
114453523
56607709
10868353
174159341
144535711
70700249
132679873
71320993
30666901
957991
172361509
151308383
107652229
107530883
11116187
150189049
91401169
150870943
154592077
63688753
103806491
90530149
68441899
145878223
50450921
110741317
17270837
61153613
148791857
95324431
42344333
152499253
160443511
40143007
79841233
88126033
72645383
48403577
152206039
170549857
105101083
18636881
178346137
148669739
12545369
134364947
99905593
87318607
24034819
36829993
23020757
58696151
86542507
126661859
129487801
178501703
61814369
54106093
9770069
91062113
137237767
12959677
169573597
161891071
162804883
31066823
142521101
7208699
17053067
8030441
92287621
23153579
105939707
58446959
155293319
179058779
35899649
147922009
164806207
5001707
54806237
139883141
145295861
70664003
26513321
1824331
51933367
87883457
28265467
7423301
32243231
100074473
92958223
17293547
119412421
64230289
83346587
174308639
100519231
92885911
3238337
21774631
99850409
90254149
9629681
127969937
114754163
61905299
97159327
166163009
55711951
123399083
111781309
160055219
155860193
150482051
168881701
21599719
5512733
131618009
37046533
59496427
131981651
152823793
34841771
77324563
70928353
37278407
90209621
149277313
135112559
18086041
10303211
129502543
173434687
121973821
105280489
41463473
115599353
91211639
141199243
68986123
55396633
166441981
174600913
122779633
16272013
102897317
149590541
64397167
30258889
46287239
69761431
153191287
160347763
99192799
178645889
49310069
90923827
35996333
73666399
105153991
51812701
27919657
69681413
169910707
107794763
50008547
9096587
6880099
106739599
10257041
57164509
37750351
154043189
178459747
42074231
147812233
104636011
152815909
110309333
63893707
28329011
141852713
127152373
140066011
139786369
116355797
101394481
168539893
121202209
58084031
173037979
143027233
36733759
19547279
98313497
93398801
61786607
57927281
35069263
149428703
3918797
168760883
24443113
97005901
74249503
44881091
73468789
53158657
168589207
83485811
47269949
163390687
172802341
2667601
153470021
121959251
159253279
74008703
132618677
11525953
172474637
142860269
130455827
105202007
162475627
90226369
107748967
55517557
157698217
60538151
157935031
69217433
131599679
75294787
138624107
113637217
46545073
170919559
97785319
76685123
80068103
160172227
76032617
163234373
103788821
164671909
4181741
21740347
91971493
8618893
61106809
90999407
81435469
178591139
172388717
107368139
116043827
130745129
18453089
55054423
11261891
106970867
45996443
101109257
75826637
16438243
142530547
52793249
13348007
179197849
22913983
119140349
109656389
172832747
57910103
158169559
176680919
25998463
31836911
140389693
28835431
168470369
85378801
136381417
85706083
125550179
51188329
122642123
17118929
156396259
124959301
59662549
35019301
72472273
17606579
25487393
62204221
13250959
124163573
69655697
141693737
2271257
149537519
57657623
83238769
8103761
171818191
43659013
15216937
129225977
101243521
139132181
68406281
127859327
131383627
100430189
95500411
23562683
95735009
85696111
37902407
69814253
164569841
38590397
85589839
36566891
37609529
23039431
112589333
62199187
3936187
9828787
95967901
105040667
1248673
51514271
141506369
129327157
115615943
99811741
116682641
151106951
93193567
153841277
144789331
40243849
147556639
52969363
162885089
160650829
51862537
143478151
90990181
38431819
167411423
178017443
1256711
38654983
164147629
36239683
96338909
31653047
8180693
162245117
33694729
40641379
12223501
74800027
71269493
146744341
74113583
48985879
97206163
85632991
150032629
16511009
121904759
1033793
100713227
114435151
164952937
118184177
106472407
143455933
177414551
108837397
147822559
144703469
130467769
165650743
140816063
84329101
153580073
142010243
119716529
88437421
71520083
105353797
6956387
172431353
73176001
111902897
18427957
57924637
97816613
89358701
164723467
155856581
23606309
28613477
16055953
16269223
165977843
62672369
171369269
165967981
123461431
123096397
146571499
102057523
4530821
32308667
139365377
130552739
152974307
47010169
51476419
19731791
61097119
1762087
37103303
139477409
118019921
61816831
52675303
109757951
100809067
31086023
88429669
69112201
154922107
149319493
90570281
72330277
6937193
36036271
19138531
86325191
15366347
155819159
108305311
105108973
137144993
62426579
127969169
114487987
50760959
84469457
174776617
76438289
101582549
44983339
148484279
23716423
166423541
80699491
122671399
178479913
118923061
6565807
98655541
40704253
164157179
168443071
143566229
2912213
27122239
150841927
61878353
17421113
90571729
174071813
44193683
20559433
127119973
145845059
86689567
152214499
8595371
108214669
42859031
118418023
56911159
5798959
99843769
129455923
73277033
164652251
107611487
113174233
16407637
149034169
49475989
64796089
95084903
42661039
31101899
59777203
22063087
116146087
44518589
34758637
100568893
1792159
122056127
37242449
22213819
98416811
157265029
90741041
76699211
72021701
138203459
26686921
1186147
5943551
69073553
9930587
70386181
118775257
149848663
28276271
78599597
128741999
7587511
3090653
4008769
5802547
16038823
11685937
66353251
141357599
7399631
67084387
15581837
15787327
83207323
97605421
14727017
134948479
88777361
94430981
23938723
79042169
96845171
58089721
66148549
149771539
14857243
66344263
37708501
108100579
157909777
76498561
42440963
86376203
45335531
132959447
148945739
76889821
95190377
119267549
85462387
165124039
12129937
172675453
174586183
127106167
166287521
141527117
75555869
84036947
102333323
87949021
6935587
129807313
169410649
82814999
76646807
36105343
98602793
87266741
19244083
120120251
49596629
38481239
94173097
16963157
48494321
96663031
162447577
29191247
46041139
111644777
152528141
124469861
119827649
118210559
107849953
40641427
167449559
124719619
114313261
29616677
100504013
141405197
135880727
85624421
102860827
16957133
101083187
23340697
70243441
84682201
125767861
148978793
97665713
14193043
142397461
4334749
123824891
121738901
22227523
27368573
111763621
107203501
164531669
137486819
24382157
113158411
108141049
68451709
40527299
146505199
49885237
161108863
45975401
104379529
104025391
92598547
75981629
166690943
73523311
89523043
139399283
170653733
158472191
169840919
82700437
74688553
164315219
6488551
76482359
70671257
162726953
19843897
132721009
10783511
32493061
62748397
5684141
100421437
117786899
146098067
69212509
7487573
101103349
159596869
27213779
20876057
177052423
177765097
99979417
55347451
142569529
2870669
53872789
122897941
48276707
128898493
141910331
86748287
82863479
121222859
85508389
69364717
11461139
142240409
66227453
98500481
13755383
85004489
130731521
118236659
72693679
114037993
71816809
67680061
1030069
159370853
94412833
117026027
31992097
23564087
74386867
45668617
97005647
91080401
40290337
14560691
89043007
41753821
153295957
63488461
30790901
131213441
136406539
87440959
123394031
1555573
15148201
55284127
31234591
165989353
121137629
13636681
103214341
118403693
79490839
116052187
46230383
105018937
168573599
165852803
30944093
25485337
127078499
14123939
23987603
62915569
111444791
69320071
160057187
151618211
27078091
24239209
54727139
101831269
97212811
125685773
72698449
140738029
20512517
89493167
83541377
66186191
58556419
134073887
19936157
141735823
153171701
168431477
122662481
148554167
98796517
18582947
112461607
175741169
175054493
89466997
168343457
9418369
109415287
17710783
4860227
37588319
18502441
141187951
48867131
15325703
106591987
115131371
54287833
9336143
133563923
21097057
59287807
16372729
157584241
42714107
41767673
150145043
113277743
73072123
11658629
153936737
36926963
157670449
102984451
118230569
85447877
71296103
145456697
76698199
147398291
97236827
10935209
20173427
169249309
31515557
151971371
43684649
34125401
30215293
92397079
114710593
123342823
38181631
39894499
51375823
167499817
27264317
157747483
143650123
77425417
131465099
151748867
27963119
164099729
20823139
54574339
26807227
19861411
71900359
29806331
146548139
69405013
65793127
111544039
153011377
154801271
147138599
109845557
150856961
36238967
153821813
46317091
128092439
5121521
100189601
9385471
39203743
88555583
60146929
8802841
8247089
75043937
177234971
159427189
175709543
71821151
86315441
8556277
99800971
68017331
4078771
14991679
77287417
75651383
39461339
172017709
19439873
87663559
30687077
59717809
33513913
54025271
60192137
146292271
126187741
160856989
39612983
86937283
153486127
42586937
12594481
145236269
84335941
118124581
70091543
83612569
28376839
115775633
110259293
176724959
123208363
42023741
17410177
43639163
168368689
178750513
18067681
115245899
92279293
133031963
162046733
90442661
161366467
155956043
110556031
117955091
24298081
100998617
72198289
71703343
16611011
70847971
127971017
64898101
48197689
67851943
89460541
55518313
136956689
110387089
21066319
29573021
90871553
84493889
55272263
154535131
1320923
18192067
139638311
37288763
26011177
110972429
101846161
5906881
65303449
66789103
94350419
154023853
45718727
130236991
134095769
153519661
145626259
153874621
95312051
39157717
152245153
107763053
61350607
130127513
108856463
62015203
63964877
92860799
122994811
66337793
51909227
126282503
172842193
116370503
121681939
35419117
70991941
138949021
153292169
15846421
116018809
126231499
65475329
12112361
88993123
87640277
14900773
142126123
63753457
116489173
138830807
148146353
123276679
77513437
160547897
167839783
159044077
159369247
52674443
81462751
121246897
104611649
34523623
71123449
83635381
8982331
82958027
42913363
155845243
177372749
157413439
59892799
62187583
134892523
11281913
1300553
126773989
85483051
97435181
51988661
82023233
125300453
78697217
154474357
81941809
159598463
109110409
156101999
121696447
38069509
102868567
115948523
159841637
25693769
84094349
121564441
44080007
38616013
111542653
55222627
76982209
92664347
53499469
104383843
28157053
132260371
110625943
131454083
11004713
41886373
40095071
1049611
153968861
127445699
168057917
15117359
10752617
127750391
63289007
128971951
121513993
99938953
104504977
100053511
122544647
56186737
62109919
50226791
137855699
56152909
144682723
28217473
152173289
45461803
104615681
50985619
121940051
43861541
160302851
114251983
99578711
148890047
140935127
5920169
129366647
92154823
102807521
151010603
177855893
70792331
17778443
42273929
62399119
11593331
171122953
75375133
93249809
135376063
70710173
78470309
73563397
2032711
141399991
8040503
140951351
80523127
161829737
35119681
140806753
78509797
72320557
88430669
22763849
128120921
144690661
131795207
46017313
51187271
61107157
28557241
55902877
177290669
112543687
30166223
139765771
111032323
54399487
106767107
55476191
106718699
50655593
58330667
97855789
133962233
19930609
126207539
171640607
5209901
124793531
127159369
120226349
149124149
124752913
170062969
132015271
178124473
166040507
59013769
3821387
114769987
110334683
73575863
164082839
146246201
67940063
97930201
153538799
85962271
33663523
67626193
158053963
116293691
86555291
2688877
25269773
92356489
15578159
59015779
8338667
4095979
6193181
16319603
83488981
77238373
157130563
354973
162405343
151635613
97974223
82431047
68600681
144324769
95173703
86171119
130683887
128813299
1150769
33062389
13406017
36767197
146416483
144609611
50706379
123206543
90267389
33073421
152008847
112796063
114169103
134413337
43181753
29684299
38467489
57149591
58784093
135010471
89178851
132913091
27884711
140467673
144204821
45870983
108873431
40928177
141031799
143528839
174286493
99559853
64978261
7009921
22779811
73121
160534651
170471281
83063983
27393757
18841061
172277179
7694669
159839171
80052437
48349211
3900943
6473011
147661411
117415367
157504969
177905059
3977527
72679547
76461887
116741981
126064567
35508433
157826833
60567139
177808909
144328771
36150001
110718743
22280471
90306077
135198067
118688789
17597117
162136921
18052313
125491019
132613619
61165081
71937851
58981511
170278279
146190661
161886203
39664607
57939649
103112483
108375769
117729049
29382259
100394519
58172143
14018167
3043049
162201337
124175341
42330793
169704631
8363989
100720777
88281763
6856079
11136569
47113279
46173119
88264303
89929429
111027953
110458483
30155009
152324923
74859839
87716669
173514491
64156289
23918831
1567549
67323341
75768383
166637879
34847459
80008067
41144729
50947727
32684513
111161933
7741999
165503161
178595719
131530969
148420621
77569697
54891077
135373429
84807497
27034159
62436991
149569997
37190579
152451449
151397137
33162823
96463547
53122669
4556263
86150059
138605839
94820137
50734279
108816833
164378479
10999489
4101263
98164889
37676237
102607793
47556583
67111987
44775583
60884867
147541139
173222783
101584783
64457083
74522863
164248093
151088921
144740507
111575741
171571087
75370927
115069679
63523553
1899683
116489827
111072503
87151093
113256487
779249
222913
69807467
112234039
77341543
66519529
146660011
138486661
141251179
5910857
63032713
90815897
152736223
28640653
81280211
84788491
148775131
55559087
128021357
153090317
114592993
120345011
56819527
84543001
114838387
97132561
170436709
141626131
157730143
24775213
63608761
49930247
171930923
7476559
77241847
167331337
23796271
623977
55286867
13196299
112815827
44655307
113734429
94241857
48106913
63475847
17129501
98565653
44331179
96669029
149914927
71786833
94495351
24605759
17062609
145858367
169675951
51823169
80458699
124681483
9516281
116575793
14450749
92082097
110929009
138848987
95939771
151152109
104323619
148011827
176760079
4337717
61846201
56680619
26657539
130371971
19691213
157225091
3887393
145116991
60228677
30403799
101197451
34798837
141741923
5559121
109786639
138137383
71279987
142560367
124341323
132563819
62369683
100877267
173379097
168908353
21404183
169486033
176527849
82629791
54597559
35513131
129271091
108055501
62474131
96568763
127724951
126052813
7095503
20978569
125601131
38842081
52113863
88019683
47504767
12661183
33306151
64656437
11873131
146030851
121270631
107299079
16197043
91295383
141698773
148927423
7266313
76398737
43725659
47952187
2184997
113420393
122447749
1479451
46618549
2687953
73283657
94700107
46464679
116513819
39587293
76629401
145841497
143575057
154462921
28151537
154575077
74183183
19243079
71740307
38059361
33944983
80249399
175481231
79082083
3206171
157818821
20647111
173127659
78600079
60725117
20282837
127980767
167417177
110000327
117884467
37119479
155373499
48262597
157407443
102532621
14079493
59775013
98205973
151575629
154570019
6194117
1275847
1680247
143003867
20329121
28623151
51759599
109971151
4908181
19852297
146775533
87012973
99139757
130980247
34037617
119408161
1926187
173131381
171636287
174536591
52819699
519161
57881519
64148549
109760351
64145801
150357397
93782147
166076993
141492809
118410913
106957553
65007661
100964891
116021033
52077211
88431829
60105193
124462859
18934501
136094737
123673393
41961793
67542151
148308791
148819943
92813449
14676503
28324981
77313227
30463501
89007899
137314433
34677373
128685853
120700907
35862181
30937561
53758091
126527813
147715871
120983699
128396491
16089767
81928949
16732139
36613891
74081233
21416449
43168393
171382381
104228017
154749479
82618559
63296033
102726499
139517941
47782817
114963803
169807529
65633483
29793719
65652677
103035151
179030029
8259703
99217969
69466213
50320069
134599463
63043681
172721503
79241
157785281
77337317
612817
89378981
169017209
149372809
79045331
131719067
159138379
73902607
23546407
83917973
96678247
161091391
147956041
131970299
177687787
106230049
151003649
166544353
5990581
129252463
161489821
40756117
13009721
56520241
70744991
101701199
144923839
52259393
23857397
63885083
177433493
42136327
39995287
21773621
81796783
54681409
135261433
9455867
107682989
176668153
24005827
171273943
172888273
65389781
119543329
57475867
94479311
161618647
82931543
136196653
89213741
78599407
88460531
95069123
83929133
121274947
6937363
19563827
57591887
174545057
57938269
155028611
176599153
120172991
7296827
19783711
15832919
49814591
129140887
102884213
105621143
43080949
70621037
162808301
110378981
80456027
64915699
110697709
107450179
156842837
52354201
63419357
170949413
16772309
31254739
78141253
22570193
67338097
170575967
32302471
86013281
159575659
110180237
169196857
104484733
90682853
75469091
64753069
114043543
32181817
89310323
47509771
53763599
97032337
134290699
23010619
108730043
79264769
119907097
110759773
60304121
152066891
136113259
114956423
72969293
133781783
34094663
65163239
45127763
28987253
46322753
77585549
47061029
138267499
155330083
49805033
43784551
7820249
32484521
173001481
137548997
159138247
129265663
146795939
23520179
87455321
4981549
138430027
137027573
33234601
155730041
167498521
54286997
167351267
120361009
14602103
22583179
86966981
155677843
57225251
45385103
90839453
173569871
89199541
98836069
96088037
154437391
53452613
65424383
124319887
33534869
140875789
127766693
87591677
132078659
106747129
37733911
57038881
89472611
155668649
71823083
150950881
24524449
75234353
11072059
52994441
83393309
82698113
129975731
94488973
28817993
134637647
112934711
135095299
63703547
176163227
23076929
146968039
87218479
149850979
24011551
67644593
37079629
106283293
15143137
145770397
65284441
7986679
34004339
135667541
45107563
8584657
87513757
115355753
40094209
144212659
16975009
151355287
100732901
92742953
67366729
88590739
74012623
37348543
165336317
49663379
34552031
79409119
83628887
118980119
74779631
71950523
27972023
48068983
113103919
27292061
110869439
137982241
20876771
101930359
157469009
107142701
178760479
51302063
144867031
89068621
172607009
12839903
47898671
589349
148536301
70596247
138458357
99977863
123801913
103934153
8669701
66340567
39330397
51624241
29275087
172003687
125101597
37231261
107285417
44014147
34092637
118461467
47072159
69515287
89525731
177306323
110395771
162763873
117150977
129214081
35841331
49069721
5500067
70619531
62859703
138194857
36562319
121135589
127731049
129726263
112921993
37767883
7398037
17008403
6768661
26403131
177379093
41521489
70705177
14727709
45764311
109344659
137087441
77511991
132279793
145763291
67871563
151292959
40419833
2702449
127348867
19666631
128675747
2273503
171330371
171067181
65883137
122733277
169387349
129148927
119760341
26042843
8794997
171117517
175658669
149416829
103977701
76865227
37677947
127780973
36812851
127350523
111834797
158955977
111556889
163973773
139995019
64774643
14653447
42588107
67985179
12143119
415949
73174561
169821341
135079099
136255069
133134593
88999091
150630091
146435291
157383313
641819
157854029
53151233
52229479
120054001
48763283
114708887
28372417
106991041
56943533
122687639
178050547
54477083
157521461
103811749
175886561
100095263
71279717
86412577
20977951
47704073
148539733
63554333
67088209
66430079
46700117
163806683
82673761
82871147
166445171
155080469
130706689
14665103
43502281
142412671
105645203
13458377
66618917
149828351
172559969
166040117
22605347
113392649
114008971
11719921
1885867
24772207
138730547
84512837
37411987
136906331
161563057
52389679
142093351
70302917
118073129
175613521
44137319
148313689
123019747
114294431
62748229
121607287
115113241
24914557
131467417
19523587
163152137
68780897
83741843
54086759
111134449
43576667
46923917
157156759
149773709
78823013
28711811
125376859
20423621
106988197
1775171
58292123
57406303
119875451
114759803
120566909
77044873
40620607
143486417
162173329
34554097
77937557
165125419
38014013
93133169
166313747
25445149
153982397
5005639
46931903
113312987
168870239
115135331
150753989
96479051
1505929
173467013
14174863
96238651
60439991
94999529
104554033
67335109
126317189
111520999
4210783
111838429
161473553
61965283
144005119
148326257
71203907
53698829
93364823
107276303
97345277
163692527
144455209
6775927
49646017
177394219
138411947
154696639
40114099
116263193
149265911
13627553
125449073
159036179
72055121
81675617
92074189
19358441
140241287
152879899
124221073
24286247
78474691
26637599
10048001
34708007
163374997
149540999
47577749
108945493
38381591
16793281
87839581
122489999
5017079
29746273
29160289
43764863
136324351
50096203
28580017
3479909
25058227
159861587
167500301
167287363
23728049
127878497
163225259
12446789
117141919
141366761
172228327
174750311
68967733
29608961
52834889
147996049
1728889
43019897
18470321
170533043
143260253
38641319
91659773
118481239
62168053
7447333
66566593
44248861
169391767
4894601
8925841
11726599
84985657
122426089
68553389
71349853
29916917
162650107
144563387
12766289
10482649
175762837
6488987
172423283
73656551
3980971
47908309
104946859
151719193
30499543
23010817
83398717
124071533
135662777
135337871
146386679
122836499
99754439
158656787
49400677
25851247
134127703
120890873
38113087
68891
82516921
12562421
41614621
50192521
108279191
32542009
164108863
153897973
131944121
30652619
32584231
139720517
115885207
83350151
22216769
57295439
121049413
131265707
36306019
63922277
43981177
165899837
25597331
104250439
46244189
14344027
109447787
92375707
104617423
117014357
18138971
93126571
136691521
94392919
91034551
109441
29525809
59331953
179045597
144196609
97722181
168202031
114624919
1466657
42773719
100456051
41128051
33255869
28151059
86653999
16975661
159275617
73592359
41018543
6168649
90708217
22066613
73142203
137357203
42503203
18405743
116674969
18798397
125507827
14859503
117694457
27354589
158213467
7907563
2017471
98425693
71449073
23098577
162273949
22162073
121766159
47223419
32877797
134726653
77878351
23672329
15907249
96891413
2401111
158354827
39831829
3136229
174176111
6213157
169313299
119007839
4672441
24875153
50280991
78339091
137878019
94989919
127514279
129631483
35686589
112814111
147797399
72028063
100159421
7426541
83193013
76548727
104402003
174936313
15646321
144830267
2310481
170950783
174690193
125297171
4700359
20394107
173501191
80916181
84372551
17630047
52397393
63275803
177007309
14627279
172164079
103272427
26520509
22517221
160357271
54145397
33150907
40806289
37919969
81131363
54383591
124200269
12635801
18935383
78622847
12664579
12784951
5720761
57983333
707467
99158107
105180839
83480209
158721499
101885629
146192159
15680867
163529203
149474021
158980499
137587789
61108219
82217449
35700979
173118707
130149809
37571771
45487279
986801
123094757
152795737
82769083
37689671
54676057
36524011
82303451
48928723
78867431
143284541
119996141
154606679
98539963
97700381
86143751
84485537
110351191
66140351
168121159
133043381
107415439
9114197
161796979
146436271
2254691
46122721
43885747
2586911
29633741
40100663
61305341
5649521
148913867
88121197
32020589
94980947
77302021
55027163
76535603
25098289
3391631
46624009
70827551
114196811
41734783
168214693
77933081
32645839
137799847
114675403
40683823
75736601
108761531
74722489
106918003
16363577
21967397
22225727
14293021
80264969
64212503
114364193
74108329
172760503
22003973
31292543
86999791
77619149
82001867
144246481
107767483
23598569
168859133
117717421
54469391
35511197
119168389
92814313
155994539
37691981
176908861
146800699
143649307
31516889
97919933
151862983
16720217
14852599
15988523
29497973
108782867
104241281
24171863
61391047
74715149
97537487
47241443
27239741
17540069
36770017
25889531
139395409
56452873
128747189
92396429
44680541
79245821
130567399
67825337
135164131
13457533
28304641
60712781
105087553
142431739
79539203
18364259
18861209
32933891
96837197
122269159
115758239
168849701
5832553
118443037
140650187
102896933
11191273
168114533
162234767
61608601
96393347
157119007
24014911
20690591
162370939
6375401
148469963
64625923
99333953
135108047
75165851
169148897
33275537
31847659
67849511
38680163
118479503
128605777
63992083
149666339
39560251
161475593
5842687
121928707
167126339
145060661
113556203
171813199
119471369
59024701
18869029
17485399
54619459
82570151
158280037
88384367
60191401
47440313
26142509
68242613
85918139
155086517
85996121
166140899
21605417
172868747
123196891
85988759
106206691
125094107
33935431
35412929
99808847
80153737
64758451
20915963
77592019
67911673
140543311
55907717
63960271
12929429
99889343
36745913
117190357
149015431
36055757
134885603
120145723
17532503
21480889
171922859
115944071
94060453
164033699
107862673
128451461
29181653
26280509
52465381
122717603
119692961
64511729
46125733
70678681
144999809
21738407
35268209
2725699
133630877
104137207
159958657
105382489
112052921
53775361
53278657
61403
5135653
115554511
22726667
175170881
172023223
168559151
19975721
148848811
54820169
91279403
29837183
100573303
44752667
99007817
68806033
157282591
145754969
119088187
96508271
145594327
45420731
90779959
48859471
14686393
19000519
169326373
167765207
138241267
10296401
80082337
62987053
173179003
73571611
155688457
55978627
57439597
133836173
173851099
133149493
37227613
30291847
157857493
173050313
68224441
81952547
147100883
143809063
42962047
81882971
94911029
132368777
29126957
134237501
18042221
79953833
73429211
23366087
163647343
63292301
129497773
158228729
163989443
99227561
12663743
143368559
175101799
70073989
143907791
7169581
99688861
60907967
22385837
116852591
104807809
26784881
37625173
93192731
73967389
177264631
110289329
98218453
24673417
48814673
124032287
91486951
155156693
19049801
99468793
3672881
45823069
131796983
21191279
150333751
158334791
147278933
166626659
118248029
77727443
138080599
68963981
85710473
93475087
135178289
150658327
141697081
133826041
76023719
36829817
9810413
74934773
137549483
119900047
111827759
47878793
60247391
53805821
67995001
40030217
179033549
3387749
111268537
135142081
173243033
29707439
17659067
68027389
42036779
178741547
29528749
143852809
18180719
88365617
66899401
24107329
36001897
57205321
73911709
115517627
87428191
97722631
16812247
156142267
154273237
122499851
110356711
31467251
175986817
141793081
112930747
68272849
175331969
114372827
23402959
121673327
43442249
53980193
95477093
52811251
157146611
80154491
172861649
52284059
173444317
86382707
108127963
107854057
89950697
169491983
108235111
75855251
78934487
111373993
47726281
96970163
166285121
72724493
120466391
47396423
35386229
655157
166622167
84760909
23496251
46027873
18568651
87756161
170697481
37080877
99255859
67324597
17486059
17007737
57044797
66232631
84595037
4700767
8926613
142447567
12798413
171570263
90886619
94647907
82453309
69631249
93298817
154374973
84782381
34113803
127524743
56221327
116046977
134346011
77670217
156664381
55191953
100162037
33637217
149518631
93421873
166799267
25559081
162326023
7495531
77638531
122594249
120918877
162205469
14502877
61363297
158677957
25394297
142173503
172465211
66134477
41758019
20895403
4477061
66227351
38492053
145340071
27947749
23352947
167078479
48932371
165102059
44275817
162790633
34428721
146039813
43491499
30385543
176613763
8061013
23626607
51395051
151230437
83031041
59876629
114257707
48372997
126921247
4971019
78218557
160664489
112731413
120558323
16157329
99172643
177133069
115433603
49986641
28038401
29482919
67114237
170989411
140271629
26641361
169390553
58613921
5269181
32301289
145533497
79747771
21412499
72750319
107179507
5742287
148784219
74808803
138261551
129143221
108782369
21604669
95598211
53593021
65416067
31093369
13182359
151180487
85898651
150689299
49590769
62142917
81759991
171975161
81753521
129428413
39279641
153583069
78855307
146439407
13349893
9430273
110311517
26076109
115298899
275837
150893863
106402981
141394507
14405213
95858519
81322993
48534793
168094207
160137317
164927101
171343079
179083837
73000579
8373983
101924549
5012719
44301767
69037741
104356711
50986049
131407537
136710989
102241313
85197899
116920733
138557483
140221867
66553813
63358459
20606429
119711003
92845439
84477391
15015103
103118623
79739047
17778359
775477
7151453
90134549
21289733
75257239
9751321
139761079
111837763
133775171
35595401
29964001
61866199
137576477
102183743
157356323
77006477
124728187
79622219
79495279
154125353
118199881
14521891
141830977
19201201
17877547
16029967
151679821
3226309
173251271
39265711
152799191
35448617
16880701
127279877
132410711
112416877
163419863
175352557
41805769
56595113
112279061
45294661
114524939
32628587
31239163
103378661
65073091
54803813
214589
57839381
73955359
168445093
160454779
126379163
14646349
32841383
32239253
87657043
8632513
79114877
4921853
144747817
63731627
135484579
85813219
135319001
83567573
130134421
143902877
90242857
56058703
114704503
59727959
175803217
43459279
146417653
139445759
13582273
149383579
147053581
8903819
109664777
34028399
80881589
144364783
39296563
80093449
152032627
151567849
41727779
36641281
88807673
151684441
55474109
147551489
61409189
22068659
71860193
71808853
33757369
15344323
42877411
51655913
45438661
7101163
49578427
2869613
156619609
155779469
93521159
43701337
116845343
100933033
172506167
172065373
11126893
173200921
24050659
65622299
162515173
16332623
4572437
64983311
148355369
102344639
138947539
62891203
125359349
81423389
81134797
105708787
41767573
71886071
71587027
109528477
54212731
39149141
150659149
16435123
176698297
81037867
169917317
28739587
165011701
31134277
49692977
159983387
33372233
20887861
91014653
134453521
116929847
65634629
117833213
133168589
12874171
173484043
21000779
93567109
14827297
145506527
162548467
140609167
146956319
8995619
30404953
133799461
120530617
47266957
111177893
171567467
151178393
7448317
86717339
41278661
69022411
59073697
87583051
37099969
163791659
34143673
134023147
103943429
124572521
39332263
67494019
80805037
148004959
145720217
116826547
106415627
145172603
153228731
75957743
114075757
83952119
26519293
27989651
12361883
92853557
1940047
151009213
176331931
13350437
5604113
177877823
138437927
13980731
71195797
99434227
62582999
51314239
93661159
154447817
69458881
149439091
90174869
114997199
177082237
33840371
167620139
23111549
86207689
165414061
158420719
39438397
42097277
30992279
60157879
5763733
76357429
103195723
84696901
149708807
51996229
60206977
121093451
56830687
13624753
29437913
44024983
86581189
36491471
81556261
130128991
33560767
46595917
166295527
22568251
127978861
65540243
21100909
126911459
149509837
173071637
138467341
118425431
82387447
120284239
11077069
31524839
80455799
39593467
146666831
80639003
12874403
621347
4339043
151865429
94886563
156648757
175074467
116111657
60154771
109011229
144125749
78269197
118955293
165586633
8393929
3414011
9347879
94002107
7039693
143878619
20510593
148725121
21496661
174337921
132771761
124180541
139308307
116355443
2427473
35204417
163388689
14890289
173059301
37014931
11284363
7871887
58667689
153152297
137879933
35209357
11272211
159873761
165996251
113859301
34572973
89258761
178248541
156694063
51175777
69776209
747323
18452243
43125427
158649119
80618701
73635047
35165149
139350073
22122427
57212321
170538779
77437001
114865187
62537201
31406959
27885553
75621037
115200289
95280037
117228211
87684301
73456069
160934947
160250969
162995093
5944837
62330923
92421731
85763633
133143641
95595221
159202801
155348953
61599283
24028219
43372229
65267387
24705007
168941789
113566703
125266103
145472027
174711073
69424451
157780163
47719337
21956971
145772911
111266777
155659949
171457313
78599629
38383109
104897719
108077987
168764027
111939083
92476603
19574977
64789337
55560809
143269787
89960989
17265263
101049161
109134583
64307899
15592501
8386603
24660191
120100711
163910833
39104881
164250019
86619367
37250209
29704043
155389669
15325151
48789827
26025257
57759671
77174431
85835857
54881513
117527759
3931177
82514983
63064051
20702597
98382301
23591881
165720883
92707051
93981463
29877797
17604149
57237461
76304519
131050811
32697391
107004251
131249483
109962949
177998861
54763673
99395077
142438889
174277531
132339353
32088403
122155723
70878271
64093999
20302817
80914753
41113753
161566597
87385433
106191671
168808183
159915097
119271071
36137693
154845661
158989469
123450023
118967039
124415003
106513679
72274291
47761387
14346377
64500971
136558099
4466093
109818161
123882767
135028477
98132077
138233377
3784813
1359097
179019751
113584439
106723301
88824761
32509549
136749269
148949837
30421921
17656501
29428163
168799849
85469599
144408127
118706191
89216353
130561877
106401371
137434699
38495231
7885289
121380043
14613773
69438437
157631477
35994251
137416547
69756227
76753373
140907257
92423267
144730393
74762887
55721269
134536543
152133649
173455067
101955911
177987379
152316907
46829143
32039593
162482977
120319477
93475409
31406513
53301559
11493787
1153007
177594113
103396231
16304941
131009479
141502241
370597
53765381
76655393
113762833
43974199
28141153
62860459
28468469
163298431
53925269
42148999
114001817
162836369
23619877
88039129
13615337
179078453
5857961
173512961
101017001
113494867
63255461
143403397
104101031
7727201
146273857
109515641
65754371
22060693
163277689
156762433
130182779
92766197
91914703
38404099
9346663
73387771
117477827
102296917
15821227
35589373
81876413
159720577
56881597
134698063
136454399
95522227
49086137
75004687
42341249
142320979
160595473
27641413
166427311
28569053
53105963
110341547
178620473
38196889
42617021
58371361
74400223
78732509
157718279
77002417
111285047
50256523
103109407
131421467
90957323
88634851
111461099
9556429
75394463
104426213
54907319
121770251
49746143
79820393
19960943
141231641
92756887
40450919
24512009
70612427
53526247
139686083
1384343
92912189
122414429
170861371
176205193
146919163
26989751
10679887
72513587
162652223
127494187
90563293
148885657
58371259
22540361
66732041
20728759
24136129
11458819
159080963
109685419
80423947
157901351
94285643
145320731
56163593
73995281
142304023
50397449
129317443
100498513
150302717
159033613
54137849
18549331
3654809
169339213
125269283
74221487
55639061
23853679
103073983
84236401
20316451
97571321
13007171
100429843
142840861
36467279
19240937
163535027
139611281
164205299
170408603
40394483
9314587
43614391
87584309
23933983
167836951
114439669
120173281
147876853
7221161
143068691
104960539
11637919
160370447
82848091
85745927
39655537
114683873
43367783
158832187
6279373
61720657
131505641
39079213
160292749
116997161
32062237
34408709
135236749
72543283
71126851
165241721
41811373
88085633
25056751
66102451
31052071
107924659
133456937
135589361
28470737
89152733
104998039
177051011
112903789
27593939
163155689
143781619
112393187
124742147
144451613
167278871
13658431
11454523
989119
57211003
31705031
140581307
12668881
123022651
33744793
153553097
109441993
148909877
51634279
53862383
119244773
161844797
94722857
140459771
101366449
174514583
141774911
6190141
82989719
125417503
110297689
43808021
27467351
173342017
116371109
167383529
167861531
126140389
143064323
113744693
56763061
82428839
37148119
127445117
133834279
167932789
122541071
137847023
57790861
139531361
48501217
70779067
95202917
84625481
3333469
114763877
63475081
108737033
137603737
4190833
85549081
53419039
35325487
20118523
81804893
147690451
36779713
46917811
179319977
84799951
79704377
173424133
171841591
100551641
141294401
65532763
38248369
88493617
136991971
149858537
82915123
144367547
169170233
106955603
31623023
154901359
87650779
43640869
85024403
39015211
107595349
99657821
56570309
28686571
48580061
123695717
11422247
158547887
83893291
17933059
104547293
20591617
49849411
127846739
108656689
121721363
19413187
148476541
5636731
62670757
47755691
175340167
145440557
128933911
13913869
163734491
79070311
149266493
58856123
113962759
112485091
147289321
129319469
54820457
101777483
5928031
99448127
50670733
67553141
15153893
159903937
73022441
49049101
155598389
2971883
10039541
16232873
139766177
107996069
155268527
125580289
106962379
166311553
71852887
140682419
29320583
111735083
84054623
99654647
3565297
71388931
24780383
18367199
28143679
99171827
4756373
40806067
113674013
72497501
54189887
146731801
171470963
119817517
170694833
22823729
169571989
33631571
26055661
138634207
133921763
105381167
4112051
177640643
164964269
51324839
36406837
95776189
89484761
36629393
167796913
167169643
69248173
154198873
156249581
7680763
42261629
31891331
174907001
168862703
100577101
23348071
77172749
167779949
156305117
160893527
7025509
137317423
163566827
96728699
30313429
116164319
53585351
110208953
115390643
41069993
151852907
35902897
151457333
173204293
177996223
87799637
97027867
44034763
41907433
75442831
125616299
107343169
5656297
89204369
132165863
105196523
96164413
87627161
141526391
124446233
21207731
167816897
37512467
62563099
63734401
114589351
53175601
66562051
12278869
130225217
171302381
122681551
11141869
73684781
173929837
108116419
45946141
90665759
25075577
108504607
77734441
71686597
54778079
27861497
85355213
108037957
52304713
122583523
1682987
168668993
1306757
55390373
74191739
44074903
144290683
37445183
50435797
18778079
169254013
54502831
30790493
74760997
73731587
96435733
81714979
135399791
10934863
38996597
164168947
79723481
171835667
59661893
66702791
32737883
64233199
144392111
61837753
69180641
105968767
100234279
72183401
38258009
149334541
59673323
169975033
24580211
108358717
47523499
163334057
30001847
67163647
64748399
27532931
94631213
154635983
125238353
10897063
121247801
115562159
23500693
15191329
50844767
124731221
21540817
13079323
167983619
57011939
94477781
92063053
38393363
172568867
75248741
11702281
658309
96796099
6953581
13572343
120580279
149131597
114509639
163496563
175082801
115965139
76144063
144245977
96575489
131150197
164328049
60247391
133221271
51933031
104824813
156488767
72128533
18961529
145889383
64419317
149328181
177585767
39422059
167680309
46324457
41051921
72310039
173789579
44836147
38317483
6369889
154902439
172274437
151657313
87301519
10528523
113724977
124538111
35450263
60149861
46355747
124425139
88207129
168773947
121217287
90303953
118031161
57147191
60772627
31253161
38537893
145010513
158172691
44201579
168805997
62010349
31276169
144314843
89719571
168155411
146462087
171336397
109846271
166337891
116600117
40091747
124275517
12580933
82641341
58007119
94866049
89710769
132480277
160582687
98266999
90013967
161066189
127042483
45263107
94927849
111221933
86289361
135927061
155439439
21327727
60583337
121321769
119235329
159075661
129854359
30584423
164024893
67195279
52886989
161089091
152522947
108221611
50895179
114686821
160035607
63200069
7109483
88840867
158102617
91308629
74106257
65572999
31763881
178689569
16943483
170929841
114559013
61634717
137959729
125702183
25453073
103170031
165641647
164079169
77176007
26970179
85112707
96476689
34835239
21084689
101669609
176504033
67385831
133556827
74303507
71628749
177567001
150018749
137732789
155187491
120764069
144636749
157136461
51489679
124071511
464371
103666709
30834281
177279199
123986903
24659221
71562653
59033581
88094701
97182433
32192527
167794853
24480371
43342213
88345393
134371849
30092039
163029103
87514631
86601001
33479737
13236463
150321319
126852563
28217243
107861399
15470113
150921283
47990773
53376133
34012463
51357233
151595659
105241417
175858247
116461909
10779781
143196811
26689427
3424469
73480793
73274291
110387731
151895573
7428877
8696573
1095173
78163483
111342239
169348771
66668027
153501269
13107719
68868077
45420059
22814917
134766377
2668849
30786199
134081021
13015181
16852051
145749119
62541671
112828519
95046857
5268293
104293729
61874671
47234599
143922113
155414177
2012027
30790219
48108239
3255803
41257747
121386667
109618589
99110359
102105371
86446783
26287259
153167983
19045573
94330903
76123217
175069099
31812701
65168053
76577393
157380359
69088777
44384947
103851607
164421601
44757437
99710041
110590549
133377067
148096409
111410009
173537041
172119667
14946359
81992563
113255999
86092219
138860329
31489243
103226857
159826697
103819733
140177347
144434203
78335359
160130143
29809547
115274611
28294501
120076709
92501609
66397549
146756921
75475579
159212981
2709257
88834751
100180973
17881579
95941757
147774677
172764337
20466863
40112339
91844717
123271627
69987059
112917583
84700751
73929697
119411297
134060263
105330193
93118279
132695399
148750607
23394697
29169929
123642619
57329147
30115187
81946201
93253561
132817693
145592333
85890619
32507987
128712691
797053
65225053
22795099
119440931
158922913
140749979
112690313
13492111
177118463
66325643
130131137
68565307
130362209
176583331
98634617
105231703
66910607
116604269
133033847
55183573
167588353
139568977
160775387
61397129
102003287
106746019
176954797
95119459
87982439
28912517
48809039
37885873
142292243
174575927
54220427
176965643
76222829
64500151
45413867
81062539
161687111
40613399
20634949
72889699
168773963
156453587
113975639
33307699
140288263
74360021
32796497
165512959
176033771
24266071
72469219
136982143
119616901
8442299
95437091
155152807
57215437
9816127
150901241
102912331
37111661
144845119
166235383
95784641
90301817
19792039
14573827
72865493
171276197
128123309
6613979
81228793
132268039
103428023
162869561
158356169
92943967
99225913
155030273
28098233
126171707
108472201
122518111
1280113
111607801
178098233
8895209
91822943
19580699
100645901
17562949
19093163
54868103
129848099
121744717
12560929
31984921
87718811
49577173
62291351
9310681
91490513
175969307
26774203
8885183
10777853
2098051
55368583
135970193
98556149
117987047
8692889
50933329
57463121
11313931
134884549
41612771
65106739
139012231
111128569
144625139
108968603
11798477
22895459
166048871
134698141
17733011
21612623
119865101
64349041
151553881
60005833
108068969
43667401
157390949
94150321
158564333
64883627
43531511
131189587
76295321
96742829
35704549
62876423
39648443
65583851
110352521
12948277
146951527
94595177
7541389
172609369
162178799
24349607
108622361
47980633
6381209
38395241
4462033
82197733
122981273
14258609
47761081
91184911
17602919
126371117
90368189
123101387
146003441
46792699
9103
36750529
117953291
109831301
31039651
155994653
68047267
146785523
53567477
141650303
53012321
111360439
145868977
159491333
155569343
62788013
4473971
80817727
4079857
174840221
124940707
70778839
125038777
87667109
77006903
34007861
51870509
59154587
24250861
101189411
96986137
56984611
136929269
131602447
1980911
7940329
140239223
102250567
113132413
83348381
117459457
36114223
148636039
89345303
33960061
59903917
59521783
5718827
142035197
150665377
15028423
25698623
23390569
101331931
16358003
55000549
165288157
110549567
142802927
429599
94490273
134125697
175938509
3262591
146689007
163399091
84849143
37628501
113318251
24356279
15242797
112346369
71395897
92170847
27503419
102044947
21972271
103919063
84519691
122067559
51831919
120173467
112290137
139697179
104103431
98964839
35647159
7544629
26619407
170818253
52703669
153440687
14965393
2595287
170199137
69197081
91677461
114374809
174989839
15031909
78015229
157760443
86356873
128347621
127311659
52462373
131917757
135967837
175978181
27560867
90619871
41709947
110000531
55453963
147315199
32143577
99474383
8631367
62950633
140059657
131581111
56051393
26061059
2443993
142459391
164331049
99560411
85839863
68143547
134110733
166216417
122357311
156673369
83821877
178498267
12060137
51065489
105892103
17679967
43959143
86183807
33440549
136602101
77977073
122346859
171673643
50162081
86704477
8761547
120440897
63889303
143405921
158436647
71739851
129054119
114172781
152874317
71650687
139689019
66014491
6830513
71497163
127436861
129483059
59512373
33866957
83874667
83470529
121884293
102758849
23631631
90413987
23295773
120383033
155894329
114908687
12180631
100274159
27913757
29418223
948287
112553011
166785049
121749409
97443713
111101423
55079161
119551721
64662331
176376631
71874953
67767769
83721769
110596483
51647389
69472127
41939047
117363473
174087751
8765503
143446271
90341683
37825343
19992029
57022463
4925707
178874483
107739347
129610207
152937079
114032389
94608253
164463407
91131301
133032961
58458133
17449583
126997523
2651611
62800687
35816029
122490437
148362821
1810607
76815659
106176113
102274163
97897147
141353783
139439071
153296489
142210333
98912663
65475167
57415753
165456167
113483303
137708377
92949247
95340001
53357039
99817097
152135609
34776349
166745987
66965293
36063091
37894657
87429341
121765019
79707461
10681403
56505347
17585357
36301787
88002457
65148191
174179309
154428089
62773703
38049503
174840137
84414361
11592887
8276311
25519433
53389769
6991129
142461157
140078123
109414301
65958449
4107739
117229793
68306099
141684299
13098149
20816507
36634517
88254553
36728147
118770151
11955599
58143929
60336877
36593569
174695039
111915731
35265317
104814527
141972907
16739963
149899951
125665447
42056173
96535009
39984403
98729971
165250061
173914207
78071317
90457729
47971571
152677177
164505947
155280491
153919499
174396941
88813099
30912701
47664469
115301789
144226573
116354789
28188233
80753293
95117887
34758673
48152387
54650363
55004189
14524309
76587883
54775463
27068729
137323973
130315123
72610721
46628689
124546013
155707477
177167203
98052869
120381337
86968789
40631849
141338077
141031169
156075107
13378517
108302021
15751319
38876881
24499687
109366811
52560581
163471519
21542153
161877437
143522437
52770317
8295113
164544749
111708287
16158257
61981537
13278497
61896871
86306729
51811073
138897103
70509367
99867239
34966567
163609937
131595917
78176479
150067133
170128643
35789147
62290229
15307379
131137777
104850523
173037857
40850603
18843401
37200523
32810191
82076573
135682747
77480087
30565993
169654741
26927543
79051807
79717193
91100341
159030371
158123969
150404783
115928959
66765533
121953137
6642709
5778571
153478583
75411221
131581711
77020171
125826637
95253779
125270447
5429551
121026799
10218119
107610563
10794151
71284831
85657687
161905357
128997937
80574187
35723269
126425699
139380011
69626737
166666919
38902447
94558187
35161663
178673291
74889389
8517893
102365867
178019213
12876079
75150419
16790303
90639799
13632217
37339637
160888037
53489809
7059719
159281519
178288493
140090341
125845283
39751597
91813123
4635977
36225869
25459453
39413417
63679243
75002749
65854993
158849279
173829287
176412437
120276757
153393073
56009719
116051059
24538601
60700163
22648603
79603817
114523427
45048307
63864793
29657531
143566219
140872423
53072653
57474211
66930329
94519757
99199291
169558637
94768787
18828037
65172853
79789499
42876679
89084921
159653017
117118303
46654207
158557733
42172717
111206057
135469877
14555623
15149413
35908487
171957251
10310329
66190349
96565709
107452907
147494119
40899233
14124361
128532493
85952809
70740953
13275959
126780893
24408443
3306631
54770941
88332931
88260089
87008029
150102497
39488747
39243401
89049239
153112213
147036829
84394829
61325743
13378619
27813439
126288341
59876813
152098567
48455513
55390523
176919439
133958707
103245479
163854589
74182211
110112473
95222027
53298307
144099479
90231013
45888467
73194871
105881569
22579061
147524863
156797759
32638097
104707087
59966521
170677033
95038357
125113259
28113983
146504821
164024657
56573017
60452893
11984957
158222159
84402613
154166377
122087297
121071679
46000763
168379397
76305419
65500399
77498717
12096709
32589241
148306271
35393669
87819437
20044667
122829389
179317169
62607283
128937023
157979407
16020157
32844059
59787311
119870329
40916537
98651411
81583451
136030051
55781261
176443559
13639217
82031827
53205497
142648739
25430677
114000791
2879999
176173639
14969737
109291729
124277999
65754853
34727713
88899581
30696431
170947061
103929509
142291441
15214669
145807411
15584099
167428423
25159579
79372661
125305597
64304243
158990071
144655411
117402437
112480201
70527949
69905293
155850931
6971123
154308757
176522413
24499931
160424533
127350611
140656837
126825679
118373681
137758459
12278633
133083521
52608229
85367507
121246973
15537563
19694921
1849877
57260183
78752423
115917911
53838131
112110569
85057837
97868389
138497923
123268583
32453803
39858649
151039249
173036609
44562769
170002199
86542559
42145291
6083687
111309707
5149841
55660981
117040697
91113107
126659579
63803629
154149943
89771711
168126391
93739799
105587219
1077311
64453507
168987569
118199363
20227607
59493809
149633611
160868287
174032143
34576609
1226311
153992389
172383317
1908239
45865529
177158599
76234943
89822041
50902619
46386601
123070289
5038133
7690541
72024107
52928087
126290917
123002959
15490127
146163961
69312601
51152323
6847871
21913951
46563911
165979537
22751191
101385983
20529799
148480817
161940209
140797487
3480031
54297149
33300121
156630499
129790723
99948701
103684639
177813917
59450647
163873201
15386729
54495229
81565307
53599849
132582767
106212739
179235799
177311417
103778383
20483737
154841447
139865729
87597973
115050053
115414879
65491549
54006287
80950189
906391
49741079
26788669
158123359
51332663
101554301
24280397
130781719
45813787
26524651
141769763
162854551
91671439
16678043
167808293
45454267
157463213
13595027
95924341
143318827
85584901
126682999
62150251
4179587
18395731
15744503
37238269
71308739
46924819
152278801
72419297
124452491
42856871
117731839
32749267
73860329
44170757
40287781
124502513
5357351
141012251
82564789
8762179
14667691
58940347
133357853
146105317
103495127
165486133
60751751
103545581
44685871
68412181
109736839
54423493
172815619
157859411
119239073
23092661
50869243
30612499
90342389
70608467
31566389
66127333
49558007
20560081
161470919
62950999
28376981
49989593
116585969
47748817
132698161
18532757
120128377
38263613
54058769
160544653
53564113
142579889
103656677
155982517
75687541
136573999
147425519
57211387
92080553
14255669
4990439
20058893
104991181
64492559
166274177
38448481
32554079
133286113
126134207
143506579
150361339
32673913
72670681
93914897
159095491
75041929
100965041
25112861
171773911
163146923
100765397
47917291
105827801
56636543
155530889
106735609
3425629
160089583
50034427
11312057
161927939
59011889
62312269
104831789
174601793
54291221
134264729
57847591
56371829
92585123
127100767
157835519
16233431
1859479
74205641
57768727
86228413
46735357
115058971
41771231
107841947
94586179
50066771
132791227
120960401
128962297
103278407
95289149
134958337
173408749
59573561
119479727
177413239
39733543
49188427
94785451
7733771
113732837
969907
107270419
7917587
64551919
52074173
172834771
45893963
64808489
149069587
153358991
80297033
104397541
112208573
153810661
56190989
140007799
67059841
7818653
92883551
26028467
103656859
54077917
91870067
68219341
39723389
135458879
81157523
126521471
38347321
177330031
128646811
173936233
178133201
163993777
63254417
138657581
62524211
39891281
4650647
106314743
32605021
176127839
69607093
143411573
49202441
7183511
77800433
145472389
124367599
83595013
144575671
65354389
54815641
105226699
111123893
70502837
44064341
6166339
156932467
113905201
35020691
59469521
103276847
122871823
143043743
44829709
169520213
120174841
93711187
117144449
36189353
4284677
18955987
9118771
102874559
48975221
175202101
42019339
111996113
14461553
48553367
141531799
150744949
51510827
142174561
128616973
58984879
46526983
48746927
113994119
16137581
58684667
128193823
23944967
129840077
178586167
88552441
33143827
121443209
1773143
87976211
127731301
110375563
28293823
91542527
109785773
1927297
147196807
85215547
119220833
98501941
26724377
149336659
130336279
75816847
52945999
71603359
81463087
126024071
89047481
107527283
86555809
100029763
165665329
23226691
30985919
102132967
12589873
19855943
84781849
32234831
97073897
145710203
135320231
115013513
32757889
154562671
60947617
174945899
147293281
168491347
142970753
90534293
72851437
27068231
123070921
57365423
27465209
172856363
49487239
114511571
165167999
8534423
25325669
48903571
158213053
114420503
72040013
142499029
81169391
142794073
140904223
140896277
10099009
135262969
162512327
172170601
73224989
99078479
140285039
27004591
65290697
33707473
61440173
64006237
58713541
157164691
11134777
117400289
149051843
81648043
66682411
143613023
119040497
159664997
128669
92359763
108407209
120693127
5642999
63834119
153501079
64493591
152818801
138687617
136541389
135891571
95785661
141629473
125184263
70946833
170059339
105196057
145283833
34237537
47638417
163049581
113157367
127520623
68733337
136955393
134857091
112954643
171789329
36498599
20997989
148550287
145232953
162283349
48542471
7693513
141633461
60060467
85654031
166509251
23634349
163278389
50772437
58035643
97373737
113075839
60915103
138824009
48777479
44046929
132673091
149145037
118401253
85424509
31233101
144995293
171227899
64148363
71449507
1598651
40171121
140344273
165503071
22618199
12219421
164130509
85736029
30647411
154977227
58249519
150928373
141335329
28270159
63266647
95905471
125700373
91823819
19951837
12281947
9780377
67200313
3644699
123414493
134615683
146605001
7580569
159238067
172649033
142407563
109609337
23462317
4913677
14572301
159526877
