59907647
129469289
69894481
8372783
164992141
121905479
69465251
86723083
121426037
146402569
114257249
17867149
108931919
93131881
161579609
31382861
22832189
160957861
47871277
115101907
16947761
70026557
88244449
98765621
105515213
163502569
77885953
130973281
93032273
61992289
174055627
9256501
93642091
71846893
79511909
78526267
130693597
79646573
169291361
54875759
19092049
131087273
114739253
133680023
144906163
26718907
53785231
172604309
122196059
174499841
64007401
37852403
110428067
158637967
42198571
69104479
107008687
127670657
127635727
10810663
81749953
171110711
76868527
140675651
54280067
51022997
23810797
168106297
140896739
34911139
7698133
164928041
77779763
34408063
73615327
78929737
155595637
155094007
88352839
71812589
36314101
24399149
95613233
151655467
123870793
854159
162868213
137294543
90568087
15521503
145820789
6109837
43468739
102656849
64481129
22896967
21643117
50318413
54995113
86985491
9758933
68190443
55412519
76388449
96405349
120731837
93706099
70381777
27132397
97211927
28707487
78545261
12065063
124286573
124732057
171780407
73442419
119470567
44416753
21608497
103898579
148234153
37495723
16416217
44526227
78185249
29217647
146044607
63260033
107828923
101695661
162418457
23187851
92051837
139829563
162922559
122766841
92841503
88933309
132903019
102862999
78475027
83893237
63544693
15445753
177741503
87551407
143337979
120801073
55024157
124280381
4255157
159215467
21334909
58864459
174889457
29318801
101527949
25642433
86512841
163140521
81348931
55663681
156675599
164568773
59807597
105512299
145819631
129586001
177140371
10245073
54970043
14399003
62740333
75154813
88583393
35529667
14093213
171912359
104103941
1576499
58067687
51621569
65315351
111692663
117613679
169317887
124892749
4830223
129214837
165596903
123455687
163294723
40373153
152417537
99050869
27287111
173068141
13700399
143891357
66900437
29657587
38063107
78407863
45053677
23017661
91736387
73718429
174501011
20657543
39643117
131946029
163030691
61798201
83643803
132899929
21758027
64913243
34246169
142027943
42931391
107078021
24419809
117300539
157984049
45587713
44429887
159615293
17765707
104037961
147129613
30664741
36074767
134484683
112809997
2973277
70079279
130259407
119905469
56586799
46403729
144697873
23917277
110414243
50487781
106877401
155594203
159172109
1044353
143116423
25080217
81602867
113575417
94244873
50840773
156152341
65898407
81953161
43936567
9707111
66992707
39858443
77562929
126527381
18058583
76982821
131695667
72515087
78455789
153091247
99298847
54067051
130804967
12821551
35694383
26889449
36235117
58563161
115385419
74577617
67234213
12305017
54954959
37722901
8650559
164021567
61158569
22424249
91658711
100663819
130934611
157319749
88970591
59255123
23553031
15400867
153934741
59595253
63174803
146398541
142513219
39749573
80630423
122261137
52476503
81733051
173755667
51971659
153936491
123308711
54942179
79380053
132855113
59877161
29016077
114435011
54464783
121764589
61226411
20181631
84645863
170733989
90237577
127694719
115717001
131666747
144608437
111991751
136822583
137315861
205759
163354453
113730871
56730517
173260117
35131193
98903209
174040771
10684759
17638031
51915667
82945087
38562151
153818887
55224677
94053671
36776617
26946847
74692483
105594131
11178103
22113353
175139689
146530031
133348261
6519563
157367627
77538889
151278671
177459427
32922397
11280427
75088973
7745539
129830689
22862011
118673623
128931827
113770963
9301819
32067859
12609353
161364949
21570431
3324199
2187421
3823459
61865731
9663403
159666809
158582167
167351479
171976793
92112169
50192393
23971691
4172101
54220501
57999673
138570319
89082733
105940147
51508789
15955699
75079181
144965629
8940991
2753263
29149387
74863319
12417721
105084467
136469807
100112819
149317277
11796199
58965133
59448889
29144723
22766599
85286197
1699651
62475209
154919449
112763891
76098991
113795057
54418769
41332217
66562637
53116573
163200067
155493193
170762209
146189389
7423049
7999993
46204313
172201423
68718701
157988377
178268567
58882333
19294673
83337421
130413133
86279191
4925399
28176979
111492427
148572517
91260881
49576873
163049609
135853369
82415657
144277447
151836437
157011769
34767149
27425623
37429789
159247159
149790301
119205197
109553603
71706353
167977883
130356619
93908093
25245301
35440091
62666711
169321081
35747813
177593413
46279237
100040327
14569469
110591207
84584177
131574889
29178637
56884379
20326307
60506527
151764703
40427333
36939869
66515557
111668047
142508533
91162583
141463381
168050147
165690719
14637569
2715439
4251691
85746187
73770373
146811559
74225617
5624191
97801309
120400393
50923253
116637361
32284519
167601361
145314613
155708897
75511721
145330457
111230513
5183749
20171813
125920127
144560651
128765981
5643137
143424661
145399979
87030863
114190891
144229153
137482193
169674293
5296189
151073887
83435563
82020167
32857873
52444709
174587291
85549699
161012333
82095799
146321407
110784559
90198253
143112829
67613053
30752339
109072801
129225001
162043163
17454799
43129759
67787633
161466859
133419541
45098737
164036413
91147571
164386207
20993437
122289877
90153289
23430343
133183993
70464857
20016389
17641369
96925649
124395743
87256363
66341641
98097347
61639327
102370717
136398721
163042753
30056861
84531833
78929801
3634789
154881137
38720897
146505913
107625299
79493023
36692879
46315847
153480491
159628853
160740341
96240673
53489417
156005393
14768653
1409851
6541309
174719249
118654037
80413441
42162377
122554141
43611277
10879871
113411107
47539319
122499373
61266097
63937571
171085097
161781779
161673271
30486901
43920089
31722091
26042153
66885773
40025747
137876507
160077409
146969983
73428023
64175227
110020049
21934889
74617027
159900107
12541561
50399807
170860201
17796827
141527063
156537571
111309119
170150821
44615563
141963977
140625169
61204483
155473163
16951313
168036013
8821819
137836003
150297643
55097177
152893177
163223309
97492903
165025793
93877429
99895007
15269239
61286293
8467609
142739867
119521559
126278099
43978633
160819513
103777291
156552259
69911731
137135641
42455321
17372389
84551281
75287941
125782421
91833619
20581469
69229847
40864091
48313757
88268533
51964063
93189881
11259377
107791001
34859207
141390737
45692971
165772883
113716661
143095063
34727339
154668053
136036643
102587039
57940661
69241163
47301521
18948893
35667431
11081137
67957067
39478897
15565801
80864867
173112319
98360233
150135541
122266829
78422809
109431247
109730471
63202231
64694057
6732521
10350589
127433561
19129717
29214631
20220619
59333759
63467597
175137793
73075073
137477803
125066453
119970583
124824157
156172943
132230041
74946043
125559593
125310067
35907569
80539783
177995357
47273797
151672007
29686001
64578197
5408719
27703253
29335277
69291041
19058477
116657479
28814831
9596621
46333351
10974973
69255079
36352969
61582091
115969663
102729811
91587737
165041347
33850361
175399019
94956553
102866689
53731709
143843339
48481889
39424663
66362447
103585067
76686497
100351087
7717247
37396363
83179637
91516987
137202707
161623897
156694313
92332283
46374479
103856729
38260577
102212987
138342977
21282953
141165169
176293787
126217921
36358811
75447677
145282073
7557443
34572103
139669147
54382613
73687973
159166229
28837927
47674421
79047169
105541229
35945281
68446883
39922801
165369151
125217667
135820031
155041127
6365483
151879349
127440463
41250637
175658929
42852307
78719063
58025833
165554827
169992617
61934123
2599237
116072603
130696249
26270371
172678381
98143081
102212543
76379999
168341473
67159871
139017209
173644067
39377711
141032813
163360381
60072473
14159399
170117377
148194199
8396411
16947089
140545969
159962591
75264209
59713783
68176733
36059039
32612737
174574063
440023
124954523
90736993
68002661
78304841
14245057
3029959
40497577
161366197
61843777
170775259
26865887
232189
14951297
7544233
138164101
127958837
1901147
136165889
2500159
7730887
160275607
125762993
36384559
178282127
94463129
160028129
22621871
165500689
91040023
51798937
44220751
132175097
148757923
33630637
74371411
88096213
23080333
170582359
10530673
45203957
55233889
138079709
115242109
125548069
166962067
115426453
137713151
98339939
92394437
5152247
28033961
155231261
96288809
126949447
139002139
71821679
504311
90442367
7901989
108816739
116581123
33553633
8032489
4676461
81657419
96286937
62233673
125217889
119346593
108510667
138067271
7722691
105971351
82777727
99162247
51331897
52881371
53085911
159682591
2372437
153963377
72546707
1620461
110257577
152945053
134405311
44230561
76485853
95528681
137814791
20884033
104357069
101230279
4950703
135329981
6711641
137313203
159673747
38792443
23540347
19152083
93072541
59481619
155713781
67505611
81626719
153340063
124642949
121126163
141845779
68333653
56930021
142318171
9183101
35510869
1097729
87968117
131258021
169217891
107930803
125772727
168942593
124981957
5250353
56509507
131049661
60031883
179029289
149001871
60714923
112750109
72504139
78812429
170828863
96479429
26963341
151936427
25434197
154711099
17464847
33730283
124557883
92495209
115029757
32485919
102972889
163608631
102233707
131280493
178340249
55351781
88121213
124798543
49723319
23778467
98830937
28007803
38850671
1537169
139312021
12755581
155559779
165664789
15909499
138268397
72401377
153389701
16361963
11255693
90565141
170864593
26989531
10147483
145665281
46983709
161659763
38992409
24279611
82567987
25695119
168334627
67391507
175957699
81700891
2467459
160841657
84136147
157137203
150073709
137771693
145993021
39564823
67783973
57844463
170591959
99111017
26066549
29781581
62877077
100643117
107099689
47726213
137814559
74611151
162336371
128011969
22412123
125037623
38439727
13690723
18648841
50176361
84319747
106791227
163781147
178005041
932333
74228617
46219133
129658349
70473853
124976869
6859093
46836523
46857023
108436373
6246859
118191977
168739889
73753943
142345069
33918769
105413129
73270189
130724287
48098077
126569959
162298681
29064083
5189159
55719247
60319663
52108717
43025863
44965157
62103053
150585749
45713413
97955239
110737307
94118359
51174593
151037903
132526993
30363799
138969539
63017387
159906323
14745853
21933377
131955157
103350389
27108841
117391361
121886509
56357297
20127893
69109841
66719083
147268327
129007243
78488863
29515099
16482787
146558987
54359671
5035651
44931343
130805977
169721873
19901521
113321987
154457449
141715181
99660941
76590991
45718901
45216761
131427301
106084331
127730611
148921811
131363669
80951047
20393033
126516659
54381139
109119799
67623931
160117303
111889303
80173721
44847679
70240757
111791087
53517511
31211641
20545181
123075397
20996959
122904437
171514801
133788029
170660267
142098013
58892681
74910937
176871977
158678257
36033763
101908721
76212361
1937437
172803313
38056723
41098319
170113549
105730949
132614387
157674467
27184349
154314673
56383321
1907053
156564631
101176391
179093281
46470247
36120353
176337521
11390479
16941149
124578959
21012457
162058811
112133167
13024931
141786349
176421769
50821997
14079991
166981609
112526083
75811163
148290937
143695273
159775223
107826559
79267997
18142921
168809639
91120049
89784041
25357019
171456139
53593103
7108811
89842747
155873749
33719549
122821381
73057009
19235023
136994587
24616979
37431707
95182069
47040613
93526127
57675173
61819907
3200149
122502179
20822941
1557707
147173773
131302189
41761661
33699829
153958513
105502781
5244319
163523029
147926029
46465319
66486617
100647787
46039051
162164279
36277651
93734371
55514491
155437973
11755787
102979967
82805077
130207417
131107607
21374293
2228687
154061801
119259479
120776587
103816099
78935863
161558401
77093927
134111203
28203943
143696279
17088881
66584989
68613817
36881051
140945797
170447573
7242733
27946241
26054113
49351543
159684061
27753311
107311441
48000013
153641381
147913739
11603069
80563157
81932273
135444779
16301591
65682217
54613547
11025283
31660429
93380743
93388727
168424057
123405349
105692347
116047907
39758599
120519079
35016851
105460609
125331587
122759309
125354477
126699047
100547891
131696647
37390453
116926891
143315357
129692179
51877109
123537959
58569023
53723443
43660681
178613693
150939197
64452299
86019449
28116727
142794919
7498273
33120473
49943779
136882307
162087823
354973
136696349
92158061
93062147
42170461
118231429
13166369
62451089
58796957
20333543
145565197
17109359
22787309
72449521
91151483
114392923
75332251
42306757
78059827
140984761
94824767
111895951
141553079
34078349
144001973
111232181
131693707
25558067
10250953
125453443
148076941
76048529
142060591
173651791
19609309
61016233
145372607
3086003
101415289
76635877
176738707
71782651
120659911
24897893
123958313
134457247
85399493
135285671
33330839
76142009
50642479
73822753
132709271
152226703
17250413
20171449
77930939
68999629
50465873
97512511
439781
58369679
5632709
91517441
174083873
145979201
145040353
35564413
78219857
136217369
168788591
94201759
17789087
39988657
25897061
6527537
127869407
72860737
166506259
22146101
173659091
104802371
44422619
168163939
123904889
34638601
96741383
14193359
125784611
26025859
116915083
44800079
19329097
45401737
173115961
47709967
116422583
108264599
135458149
129938657
119864099
166370513
20679833
155679443
119040371
122840269
106229687
92352389
41217881
162740041
145811221
150780953
44692981
162321167
87453623
62137631
54178511
69488269
124367401
147594481
46588063
90949769
176947213
100311091
129341521
19571821
83713937
53036449
86055677
4643417
149295929
83296517
175747997
123531847
144778771
168124283
80539097
153465259
88848911
5265401
84611537
99774601
176303059
131935369
61985173
140043913
61583761
61776259
36069569
23905571
37776463
157632733
18474487
91787819
144183359
6840761
3763063
154438967
167971121
102089761
76305391
33403129
77127737
102977351
7150027
84601183
164225617
159670957
31913929
66027851
118410263
96448369
143083691
43511053
173284459
169135543
145982539
4855699
169085491
16970861
7705003
38915417
57054689
152204449
150643499
101128369
38903611
8167847
132914807
92327899
99716597
87510497
31737341
43322393
54000827
90350077
132874529
9790631
131742641
98125267
98659147
146265863
108742691
7284647
78100609
174857863
93773143
113400059
147740107
93837473
54133393
173103779
57443717
40178003
75422531
74025911
120366739
64106429
152586307
66864139
58351771
33420559
178130033
75316751
82087331
57286903
91884311
60621061
178283453
48644041
42181081
163856587
9976937
86802589
101454979
78949631
133322339
29775433
31662581
136438333
1608283
140431259
44092117
98591431
65468569
34585469
112510207
205307
151484833
67299949
145665181
93862157
61514879
43773857
70269547
92667961
123524033
31323329
133050713
106301581
67814161
147672341
12124423
154310251
146517983
167566967
12415163
114090047
29883769
55025897
161306293
39070613
44412883
141395173
29433913
173175293
2252353
64006259
36655337
66934939
3926959
141845563
78475399
56732447
124653649
9626509
117129487
25272943
89709143
23393641
123738067
89323027
45796031
126081947
82199561
126440393
52763747
90452599
157505077
153559279
165591703
21314771
20706061
109482733
64102949
161496451
135473603
91347721
126865117
102316099
18744877
6436211
57798383
96574213
40722139
45497737
75867037
72969583
67877503
139071599
172637653
118963147
20198803
15522253
179392267
143842553
63892043
77734243
152525927
56190989
123373303
137061751
1630771
152372621
169541129
13340711
175914017
143415241
120829271
46365841
154601869
25995427
169066699
66884459
63359047
101773313
61177057
74845261
58081873
141581779
161337559
35630923
19935131
68158399
94672309
167729213
115518419
57310493
79022849
98107067
172201247
135160771
136284737
162061817
150420901
35064283
70712101
143297527
166512509
29347691
164181533
18860323
15063023
24386363
117804187
56779843
388961
65155499
684311
16073657
101570081
95013679
52060193
62650297
111503797
84942799
47725421
51113693
41714909
63453679
49967077
35394571
160783867
110707063
40541911
13119797
39793849
108799991
136635089
62340013
162370843
54342187
7583209
139297381
108035971
49346057
12629171
75634943
93385387
101367979
143106541
94438681
14487839
57010973
23835527
17180831
33099239
141757907
13602349
112535383
41771621
63445549
38925583
62524081
128174051
86362853
159807559
5062661
23109661
157105031
174507833
83103913
33319831
33216707
33601319
87000427
53883509
155856689
28917181
9773051
8319221
113149031
70431407
23496911
29776057
23323819
12215947
142963481
51140203
164095123
135762827
589903
15619673
173923069
109450189
59876029
25210007
161892371
177718591
99922939
174763861
84012343
169347953
53568161
104182361
132346859
3597343
145672127
28905179
164167789
27250087
120347827
22157593
172039633
165401363
139579103
125173813
58708399
5067133
118873451
72124109
47490031
138447389
130142851
33039473
170867863
12192979
14565241
64346573
102038351
178775537
121330787
63819919
27819179
77762551
27593617
77864491
118426349
133486387
146297689
54763097
79881569
65992981
62607823
133929241
108110081
118608851
95850353
17129339
81929021
61368877
177489761
163106453
166345169
46908497
93726767
140470931
57764309
98464837
17717801
133795369
68032621
105277231
116192077
112092857
74449381
60680381
65441479
154051699
154043077
115476391
30821563
74850637
5215207
43251463
95643707
120386587
24332029
120414037
139222487
63007079
155709581
90208843
95271647
94576459
90819853
123895579
57048361
76597133
87155953
66322169
81707641
164946091
47471131
24927359
97986719
76343143
178727033
28452497
92378579
14989603
30742193
73404769
111867799
31876093
165995537
5184857
178129103
160228331
179068313
173899967
121078619
104855407
20359847
114586081
31640839
135760607
71810857
73840201
118008349
68791427
136180423
173778739
40544873
78530861
147517621
40787293
97954231
58035353
106587289
35313827
1718267
67595291
165893267
75553553
71056459
153348037
68953211
177899053
136654909
63561217
18344371
162414997
25175077
43806247
159446099
135010807
143438731
68011477
62111963
71085887
37126763
24445433
911087
14640181
4175131
156309737
133626079
120165883
170072011
58095203
92419051
75431599
34111073
138433111
143949241
107575943
122908153
27991549
160349731
134376727
49405793
27009287
93138641
37738717
77172463
171792833
85661857
130341377
138031141
25119131
158953363
112908181
66724289
27811403
83990617
28227077
36314393
60803569
30934133
17689487
59800231
58048313
175719209
4069421
72788861
4521973
94303373
86573507
150057491
176061643
12461509
124078001
100290391
15949831
110839049
612811
148187839
43604593
15673909
170520131
21946517
39020543
12638767
112273849
16702303
9984071
171688421
104819567
108578849
8926439
88184741
168939709
56359249
23918509
30285883
24251167
13707229
98081563
35264897
36008263
12703681
2822377
75599717
101426417
76151749
163817309
100646519
135429289
38679143
142650421
94691501
35935579
153321107
150036241
109690387
122866313
31776053
12921583
47104357
2657483
110267791
155014429
67994557
148257883
2948873
28279261
150983471
156357931
144418039
23650709
94915907
124223003
135218401
87846841
38482649
12170783
27814009
154076203
58897529
152740661
163648181
125261791
41903993
21400823
76444549
21826999
37562821
170429951
53595991
108251119
6431297
43922117
158968373
126489547
104566981
59720693
54315337
177913627
150565867
38559047
95109607
94982677
31586689
92522953
104983649
110419979
4661851
15158809
97390981
72617737
114022651
159585073
50211023
53640467
172991843
92207431
51597577
91737487
34789003
74962687
32502941
77388959
36099743
132683797
48957541
105028613
71100229
24083831
29697803
161581129
23230297
142537121
33552691
176416771
34655213
149578271
176503
24809227
126303299
10389913
96439633
122615117
96858761
174655343
87526721
24179941
81330113
137808497
173057783
116733641
35371129
111554483
39102983
109237657
35114279
64926557
171734891
136310033
109609457
9447271
133883507
45041281
174083291
98532151
46059019
77987131
144922243
40131319
161602963
54562559
132247039
4432657
104271749
99080767
171865451
176531263
57015443
135132227
146581709
53492783
5891761
133786063
77077607
18361969
37488943
62735363
66221497
162765721
52959919
116277793
139615093
16774201
138399323
36378257
18037291
104998973
25371653
5290573
1751719
55133483
58564447
93455387
120944843
669391
145482577
119211091
119065129
72168781
59413787
69914101
119564867
159906751
1519129
126997879
11242859
93612877
27487459
116010347
29624393
61345363
102845837
164480867
172515727
3707777
148292743
101302961
49588951
89841079
37586491
41069101
61951543
147163127
32603687
177321523
56083373
134988263
106732697
121539277
149741783
42731749
88860319
82411523
139762261
159970399
167192189
175774847
55946743
12780883
96453419
24232613
13295707
57679889
93619501
131812361
114750143
93668339
132842701
44631773
104191729
134900023
106104143
107697389
39147841
118809631
12917479
48499391
57213829
150965033
98533489
46660321
110988979
145560517
50629307
148701263
14644109
78935317
56024461
177816803
110011597
61073863
89614523
13354483
52832831
111207983
121201859
93843619
40795061
170967931
136502111
20146627
6595177
48560011
55611557
168542581
177444749
109866343
122769107
143655623
95535751
12503573
37548283
102599741
33106321
139596143
73788353
51079547
121643077
158891657
45692239
127005763
173567741
41747479
55071337
11996927
156357577
110667803
11027119
127347683
41608453
159862513
170205881
134668913
30377071
46914493
42929137
128442499
117763241
149736109
92093189
43505149
33045497
143648399
37394921
36936983
65081521
85151537
32610169
73481059
82098701
42697631
96797681
160082437
132527471
69629587
150428521
33940741
161568103
144125869
82259351
82584331
93094297
127839871
58539497
111090157
129440609
55326769
73642007
49136617
145919471
142349407
93192193
128893057
72253133
158535103
41580839
26774689
146309419
77951891
76394587
146633609
177672959
81347411
100686389
79437161
106455101
77859053
10579973
94751647
70297933
15213923
148949149
158510113
13538353
21369043
45990941
11117629
88491751
116549023
102344623
45868997
976601
48048493
20900773
70714207
77303537
169245757
19563539
95656087
162115559
124247869
4426999
103844233
19500983
148355069
73766351
8874253
69119203
30950173
85171687
37341919
6161279
112260689
89177927
27863533
17179627
66988487
173513597
102025837
28563113
16531321
122477899
89347129
26954947
117101447
120168661
117999577
46070623
14141383
29364793
133952449
64284533
7479503
88807811
102165961
97713601
50448787
43199161
94115159
150815627
108282593
42918959
23410997
175244051
91765127
37945927
66857587
164630171
144511559
48055607
122028119
101583793
53885423
108797483
12760733
54292451
112892089
20118653
119264491
165234911
152018281
89839331
31665811
103708433
70535561
6833621
154011371
161961461
78489497
84390233
166446001
93253717
36280963
159713227
104083589
142660961
123285103
40348201
111426767
84476429
89497357
143259451
53479337
103015103
147233507
169664389
11811301
11089877
58255319
87379907
10180913
167806307
60067933
111255289
70193939
5068757
148620509
34585267
61948963
132307691
22952101
160736573
46634977
110350381
109252849
23725817
86951401
162751157
161941739
148936171
53517949
88600231
14964307
122657959
700673
21524483
96552653
177021331
161242423
55585879
44472683
151730693
117806281
90248863
124074829
74085421
174444779
74181193
99309367
152642531
4841401
163835263
13428449
31984471
28523981
38812097
34501301
43179503
55552949
166708777
23188643
127611647
41434951
36554321
23096069
7823771
132953539
151110779
3959089
5126113
19728017
38569801
85258001
92014679
164212547
163777639
5700991
36482351
20920061
146781721
111794369
115210747
114993227
71204537
48268163
60424411
163747117
148246513
66947201
113653129
93420709
177503387
42841451
157145749
41912723
140010413
154382803
64875739
120548107
12394133
11890591
127923779
25543481
169259513
163997489
7761421
92469617
53595209
5982577
94760969
172567883
9997201
14127613
139332397
5041661
154095449
88921507
10088707
175478291
82230787
138005837
108739
146606429
78138871
89494939
178277327
38404721
62048491
174579703
64765739
22319503
179383811
170632879
94591577
104602361
160925203
9676969
62857799
51304523
105210613
69723257
158027567
142200941
82763609
76259657
155586749
167918441
82385293
175569587
149908021
18595921
21790471
10412117
75713219
172668127
30617207
22777129
111021409
67500529
158602373
105864643
140487827
36850129
18212743
178636741
61741651
62304257
124417487
148168807
87854509
92302169
16907447
90971533
50808727
8056291
141729121
89335447
603283
175656659
134842007
85297873
111831977
10204589
25866887
8837303
158330891
140575307
129166117
129408673
104479513
150904421
167943889
98753531
139033693
132255187
372277
75169411
73087541
65035391
36336697
140010631
82379137
82586321
101977471
72871781
3540203
67322939
139646893
163689803
79850557
142072181
136422179
151672159
74349529
138092047
43705007
110924531
101479031
119639939
21025189
14221771
2414021
81419599
34690441
106746499
138962959
132798983
79065391
67255099
79614341
139850033
133312957
135393121
146530897
8225813
49961749
140309837
20378933
5431369
30970273
39484849
99580337
66269377
120640769
113773151
5339863
49846829
116950129
134168017
48649031
157366927
175577767
25501423
90841537
37058783
152862107
107737723
32597813
69952579
138298411
121363691
112685603
28803667
174246661
154667329
176627053
44859613
76040659
60590911
33434413
81616879
45348451
9119909
26060819
113151211
146408263
123019007
17244169
105734861
47983651
105889037
95185183
53868587
138699931
138749063
165530671
91532279
164925091
83676899
6994121
126871681
9897809
50158337
50185829
26488349
61169947
121796849
110759197
2933347
117084991
6994583
64288649
5479697
129904183
57455131
82955237
86404991
125853059
77510099
165016469
174285101
110990597
14391613
47008561
87122081
114248507
49611217
46422109
44593163
20661463
70650179
163105513
106109617
121575557
152487347
147781847
109133737
64033003
81491681
16554053
22099169
15104407
114933773
146709263
174808267
171374743
110443591
30481679
92900879
1833697
141886109
154995193
6933203
1417303
107928659
139801699
110991151
100278391
160959167
162775499
154369609
131304961
93672179
152837143
103508159
17076739
65537033
37590389
14979319
123162713
14304799
97423661
113220529
40677941
112382639
99609691
105775841
27146677
128359703
46195969
165540311
25660759
27952543
41180959
156871229
121689901
139301153
178322663
138718529
13736839
171217889
104605763
71887117
23431607
32438893
143929243
166102613
41133487
139638053
158644571
141093503
38982569
150280121
40506001
38098127
43640183
125669419
124122223
153197881
170616781
118896611
58057877
116710603
124799341
116054167
143034971
43385737
31127189
176022643
59757319
147544091
120118951
167080313
146848903
72556553
128506913
26999641
143192339
8792891
154404839
4635821
26949103
9116207
160135537
86847989
116204159
53287139
73143767
158515519
31861607
148850171
121491677
13523821
32423759
79285697
99802559
50131201
45323521
27094799
55119791
38685671
107034797
128159819
17779747
96064303
53158843
173904767
121325873
173912087
3990169
55056493
39788569
118437413
6983971
56800283
123898213
30907061
154207483
174647731
116037307
56644061
112045319
65619457
42268451
44343029
165005479
157037359
167533651
79607839
170879729
162526711
156033877
81264917
67011929
68601937
71915869
39047219
136539499
72578813
10340461
178858549
165492623
12305311
113727223
102108113
7503109
117655969
138377321
255803
175346491
177571907
156508843
5347003
37514747
25835587
54359707
24496421
4375493
140202133
31557833
158852117
71928487
116208193
146137279
82856443
49756997
96634949
3020431
158636287
52103347
169843313
171101297
109708567
67559339
70142309
156035801
73265747
44831249
80964599
92469997
100048199
91682441
123570947
130567897
96784733
45924611
78769477
136306279
33684883
96719893
73971761
173484967
25534337
33553151
83767837
143024537
7290341
90214973
24539947
5767877
100905463
25325681
94638959
57736541
37978709
44013019
51852751
122710891
4721609
140566039
172382897
90394561
35958877
113655271
89280773
77324147
178580009
55897159
162805373
172783817
86726681
73172443
61361939
167116177
40564481
19418129
7978237
121569577
48391253
35721337
102025871
13672987
122849561
146326247
21677923
122999543
115843199
111595739
87034229
168211027
41221711
148939939
35662967
142831111
28532261
112586351
59823157
76978871
13979741
47947423
57137939
139200461
90149441
55540559
52311767
4307161
150361009
156320971
154489469
167899547
102952477
136697917
17335757
111930607
46423609
122119163
102347197
114127841
24106699
44011483
174038951
105427039
72977911
54302929
80475121
161391059
78642173
107549279
157107281
134452777
117069307
169789951
173173811
32153323
37176571
52659743
115651519
137682863
174794369
169446779
105165527
56854373
101220157
142934873
30382733
52533071
172245287
23791921
156462223
166869589
24031607
119263849
173172583
77534867
36467617
70669559
15293821
24687463
78455917
112118429
68477891
11119117
174682961
76131281
178045339
172082111
100380911
148889347
154682579
72226291
146503843
111175243
35670977
69502717
163877713
63906389
2016493
144727507
52758371
1985293
19432423
146801327
92645477
110645869
40014839
177501101
141403709
120333779
97285933
171855751
143696263
94232447
78403043
61581941
100108817
55240013
40704373
50743523
174202657
71175683
9359069
77753353
127552591
167866973
163995521
85375999
67552231
141931991
132135277
131900389
478139
174926993
63403369
110587559
47690921
110657191
111618743
49365937
84752177
58732519
164561063
17892419
162312019
147018611
147134231
77812177
86578069
40984829
118240649
12405331
46187839
111488849
73650571
46951117
93030541
71824139
70829173
152044931
22332109
1999007
3628819
119971801
99267527
3686329
107241119
16314763
79416241
117295823
141157673
125010187
133584641
57841961
129737017
72659953
129840443
163775173
55322933
141428291
143863847
175917407
44735543
38397857
175209863
51149251
37170043
55701973
147185387
89232361
20064833
100390421
92188199
145108927
70555703
3411893
153311359
166109773
28631873
154040699
170877199
32323189
23091857
116968967
117661781
53960293
155980343
121235453
171821911
68313587
20996359
20277469
98505989
110489573
76674739
171628823
115162469
111806087
70079333
33617477
168014347
90673987
173903777
97747021
112259393
89843311
96447469
169053617
108886423
7073747
59657603
49131317
65323
77707499
137199109
128308241
55291079
106735523
162012419
96851017
98098001
127281757
118078423
32447057
39492223
77817281
128839709
129962597
168489721
74380543
4255579
23575129
130231357
2041729
120728791
141518929
136902761
145890047
98254379
56239397
129376157
57501317
6588233
154610693
5448013
18299041
130208791
173261771
165619099
17926373
115839809
95706041
132970709
46873787
159857639
98501321
126919817
63004181
139152581
4810343
96116681
28577027
44203099
31606051
149848813
9403753
154997939
29487961
66147553
135750947
89634179
37110107
56419541
170547107
18517189
138398593
145917659
99954091
124612729
140980907
150236831
120303541
2296247
106193341
69439549
170121667
159328487
171716399
136294003
127146251
123394967
156591313
105691219
109067873
48239003
153948233
85311769
120624271
74931569
45033467
133913449
144326681
117448453
58959287
49171193
44282879
96190447
12447343
24417203
16409929
63424373
134292871
119828171
115229971
158157299
132055829
167903459
163694423
153197729
132827951
149857853
178825289
93439513
43709767
178178851
78588143
156956879
41608951
16159513
141201353
68885543
67195013
8233681
15275167
16190521
80389723
99831209
127029443
104056619
80637941
30983819
70816489
47558449
136873661
169332209
111567389
138608983
1346039
145238281
67386421
57410099
118192589
162811661
162523019
157787711
84037189
119337571
127088231
172242359
138211831
2770553
49579273
81803521
18383581
90539857
81506473
17398247
21897559
46118131
145841431
31234001
157230341
121414247
97041317
132023189
78340859
35764151
159245531
53415701
134841281
116582251
62774629
154898213
17838101
134080643
29581667
94133077
112571401
179284709
75614951
78889247
39501041
58459757
25248877
34446119
106979881
10915871
60854791
63912857
125666803
17314793
91657903
105253417
20921363
65238517
25406803
84892111
141352993
5979079
146794409
7005227
119582759
153054287
173879437
52920941
96778427
121152509
58394573
36043739
123829747
9702151
24296873
131834069
290971
158395673
106963387
133322383
71634841
143745229
36665803
121642597
59110823
42863659
96047041
20740579
177504199
172486673
129523729
52943663
34304273
146877301
33437627
147319177
117067289
112651387
130278671
10926557
5347291
134427913
73252757
28776227
117711131
97185797
15538993
132794681
51938617
112982633
20149891
16785011
155998519
146380811
24094649
108442501
14064761
58506667
103020677
23924521
162510853
475441
125200043
84992689
73568137
165900239
171243571
74272717
113485367
101449471
37145183
2646901
58573513
144034937
41399753
160314409
10717481
111751789
157327901
643303
73591031
160919503
137398031
168000101
128555711
125782933
121257079
96418703
11508841
95814421
163484509
84338993
145015649
164516851
27079537
89022347
147325631
6138467
101936507
24238199
140272969
62335747
134322973
137410513
14198323
123173507
54498869
69925657
103338259
173988271
76678127
18981343
139161443
165936593
75882337
173388979
20516803
12058097
170848063
134905391
102384713
3926323
116914673
59197339
18876157
19306619
65342021
117155023
171592877
52623853
81938821
161830091
108809209
107881171
104380361
82356341
89155267
80827763
75899521
33764693
118725617
150795187
85531609
7287991
148682671
113967761
109102801
95942471
151018459
26077867
57146681
22747147
25088993
113244179
44931869
300821
63561217
89723663
22059647
3350029
49732951
68125403
93364681
145862597
17413379
106706471
137133299
58767881
37851727
117003647
120151579
16709219
178169449
175985701
93098039
142716583
69415453
179362319
70695137
2163703
127302821
38916487
35762081
126593443
800171
172638737
123762073
85689679
166214063
37290353
65737709
43713079
86433091
154240973
114092141
2655799
96514021
104536279
43527529
120168647
50142143
128698291
144346093
128468377
55361393
50429893
138359873
24162239
63626033
8922611
127970789
91633753
179142031
16915319
17154541
175471931
174154697
93018841
870691
33613339
84440303
177404069
74837473
72632431
82024127
152242933
133863091
129245261
154621633
126958379
1185127
61634929
53142763
105521519
145165477
63723523
150806471
83301913
141205879
85022569
150043427
74951057
17216363
89966293
80547491
95504687
158210309
118231199
119960069
99304357
61023563
172545787
109814219
112018931
13939637
110253967
121442443
1313771
151850053
62474273
178589783
88079113
160838107
509687
89719447
58580099
130516591
49463509
116385487
13142111
82756589
139946117
113339431
39130187
48520181
160236773
145900627
35318981
138894643
53851771
103549861
6077693
23761693
64084961
63376787
84052013
153269477
20506543
161962607
157185601
55735429
972319
116228521
93926269
91402723
148791557
59504771
97108483
3398149
27923453
82637473
176868401
78461723
52384883
175815061
174723697
11513939
89763041
107013229
154456361
29017799
161518607
13046953
18093343
112932439
178099231
17642033
2538883
125875241
80420279
44640839
80659993
13827337
117263071
70870507
43583329
21233689
49883243
2986531
10969069
104765467
54921701
97247321
135519113
164883569
171068309
29147323
103665593
47367449
13219163
49547227
51638669
156001429
99553033
126595187
20942381
108545999
73484101
54709799
157559063
89746057
37665769
624311
65333923
16048313
100149239
6248611
39766933
55186553
165988507
22893599
90538367
20726509
48311713
68882699
47914277
171508621
140507707
91884623
176709461
171694681
96299219
23970019
29829587
7482701
67145899
11473097
151489517
10525597
15902863
72174101
158952319
177779647
30465403
124668097
165811109
7909313
147168089
92841313
45765191
105685817
56557469
12825737
48465017
60012487
146294047
169752007
128266973
168970309
22125017
64353073
41608109
18088661
127786577
99679253
20826133
89791441
171287099
70158131
85284289
14968309
76341389
172839427
140005141
19644943
178800473
48941699
37690021
173769361
135729637
92399893
133866827
179033759
20963933
135853843
61673803
139195033
153576047
89751097
23874479
12469129
121973881
130857563
151736197
3155777
110843627
127398377
137465117
173630201
42868201
114113719
141566791
96015079
102652909
109058399
170095259
7987541
138380873
21011791
112937101
51954241
46670633
139933901
148598347
140964787
131009467
167387743
27246413
24978199
66307607
177594509
14462093
49873697
56224241
2306627
23118583
115045873
62315107
35137919
108217429
159677689
59964143
165036577
42413669
67144249
58063541
163991669
32527331
7030811
9585971
67179487
68732171
148424641
114773159
165682229
72295099
105470903
59793941
75619721
88821841
1120459
24472373
21971623
16504693
15912301
150011503
73816037
91998773
179386021
37224599
74556301
163647161
3827071
83482543
148984229
119073193
171473609
14451623
156717401
72678071
43343851
39101941
52183909
52177717
142367857
141888323
74325833
38382563
55671947
146387603
133141933
55842541
50820247
30508267
171833251
101613689
169833649
4721441
124189237
131113093
4994723
167538023
109917133
96111677
33996227
72763909
140679619
7016213
27115441
109452743
127995151
123902693
65755399
156078737
90495667
168979297
170848217
30788507
96109243
170414683
34948553
26032217
6400987
105534089
133896827
3579529
98765923
21985823
155528731
153537589
103081273
63242651
45463987
120008717
140616271
47547889
64327663
150504941
932431
45749581
16681787
162593261
104368051
53449313
23036203
94059463
169657849
2262233
108407951
140455361
133299643
139695181
51754133
24501173
96893759
98558321
33727181
103553939
83769163
160824253
30334663
606743
138978601
144058897
40521157
48175427
11627051
165678551
155162779
77573047
2030527
65646643
45680633
28953599
20699519
170694131
158689241
30287993
85325281
8137333
175417873
106622639
32807119
100005431
54869383
138613879
2493707
39488621
72404881
66686539
145136779
107479399
122766199
156393241
109365037
11286631
65340383
152495657
4405501
136194403
160514503
84381131
62646487
103999351
162269273
74084557
43876927
37138657
6212243
16138861
130114577
12414383
63085439
135441203
176356693
10622551
95115179
84133513
66674317
167854727
121614047
110221171
144990823
51079219
92361827
42552707
41775991
94373809
170259619
100359361
83636869
49570667
18550333
108158593
25975009
156865391
28379363
103876271
130916497
160523383
1910611
63136477
115821521
26207227
132472727
67828811
46856417
131472259
165075817
61841321
47348291
12319399
84382979
36060679
135867971
48778759
137997199
175202927
154588061
23107787
130583113
93623297
50542487
33208139
3376939
62661589
16171159
69715627
163840613
75529291
124858819
31459553
120513607
104780177
168651653
48081703
23183309
165762719
15371143
14445887
146716571
160055453
17131441
179357323
29525831
46652461
58834961
88101301
161992001
140855437
18458267
86428619
150603137
176640521
157315987
172409117
129116693
49048721
5282371
77849179
137656991
16721239
106071047
14690561
70904303
169797721
104635501
145861073
118469917
97822567
81113993
108870011
127542749
25043917
144553921
179115289
13884397
100193243
123780143
103786307
57570907
22497403
12065993
27375433
63110219
110792119
22683229
151521883
113765177
147861127
136718639
131232631
167874227
61076207
155843689
7109083
33012673
174415651
86365459
89614541
20011067
29399483
159009919
77339629
170293313
128504801
44777767
107352649
24334241
169830763
148184119
70983299
109653233
120897083
143949803
125378191
5213501
77780957
15111571
66395941
54189703
41629979
109920103
121859671
9994021
132357853
62022361
79768841
108128203
106524389
65780027
121202623
68033467
109515473
175285543
18328501
13260679
103552531
165480347
99243407
113374201
176946403
25747573
16210471
101386751
83880059
138325633
93503087
15538583
43862711
129596443
104931199
92725511
124619953
153049277
17730653
137696557
45651653
28539523
175037677
88250881
6989599
178675591
121538783
55411
12100861
2765117
129178873
61445383
80895097
161999609
146412241
151025657
6436769
56114447
44915147
110942791
146224549
36169429
23457911
63520493
21442717
95882821
95131061
169784723
133853843
141129361
30335299
17896807
142073801
56882743
93586781
64592789
91151699
94069567
47624459
144858251
123416681
107684747
163351939
90459199
176688979
114082889
33637969
107812301
55963937
8236933
23946827
140550517
104736157
73823669
14571961
153297479
86454917
101149441
109614319
115092673
62744141
79605661
9187007
137153329
164500243
138972677
19930549
171229819
131038013
173927137
24576379
115294931
103747937
26583383
127653707
87092657
14536831
127575493
26020109
83800529
151219763
152076941
81318997
78830597
166032721
110183863
94269731
21771251
126577589
81026689
81367163
91355219
136976003
134608211
24535447
23953073
69661673
142713059
14581967
31050521
72116327
4817257
35112479
94319593
94197427
110961127
131163757
53527637
132313201
113313467
164022931
85484507
19482517
42187423
52003109
25062151
93384323
80897963
153665653
79399007
102146699
26458021
125192129
7866611
82599773
120742291
76526071
86797031
12151177
44388481
167705569
17383259
160981081
106311719
109384999
144200471
56172719
3836171
8426701
36635317
130578113
171089603
152389603
35551843
153665731
51366067
63553817
98254181
67222861
144868397
28430539
127931653
13214239
142334953
12902803
61333453
164645623
139767997
99749603
97118017
41654941
158878519
122815339
61882151
138343417
140937227
40453879
137674877
65487203
176700319
43685879
158988217
140390209
3984653
88594237
130399963
50508659
103954801
136822877
66173671
1302277
40166887
115272083
125616697
4259909
8445739
90141091
50140319
1344169
98585423
74667239
100280377
38912833
68210159
149047681
8383007
160952563
176353
67504859
49973263
55135271
40063249
102702527
99998551
51682951
85696147
15656189
80133149
82572907
62414839
116297191
30675529
115097189
30879103
130026979
27609889
14293913
17525477
24487999
164525971
101804579
84429629
106507547
13609247
145647421
173001947
143670193
134629619
140094139
22592047
54990797
80034103
46111931
105148243
86965493
1363897
33315833
44457697
87615523
67787569
44238367
8777357
69153431
35295877
31436413
131959283
82982351
16325233
143578367
86028277
48165349
179056877
8596109
11815079
37038943
173884603
100371373
146908031
106254847
129994297
87306629
6177967
18494551
141905867
24339701
114561221
84366883
102402011
133324133
46501739
43380017
141117071
142838329
42427501
165217043
121590037
28939753
112219673
166623671
172765133
49654151
31550587
155189339
129869087
65679611
13820117
127137719
49305499
160280251
75489313
154081121
14206331
124073381
118637773
56570057
38272589
7777369
10850447
865483
113240161
153104741
56225497
59968261
21772207
101695463
155513777
134317081
91505639
11551931
27285079
127201031
164859451
61301407
2704981
2444119
122130149
99601277
156881953
98528117
154344781
45433961
151103363
41352473
102937837
12537121
92843701
120251141
50717621
10330867
159594139
156473617
127778711
39994853
110189813
2469331
91344797
92490709
132210073
174821161
93436631
65340437
155917499
92839007
151239953
31651567
25026349
58775593
26959069
3985099
176123209
130160543
118215217
39023717
115417019
135064529
932483
31941281
148939501
125303641
9042881
79705291
168870379
57149893
110610107
152759279
171963377
177908257
11647633
67439261
70895221
43003211
40923107
35057863
35330839
42615061
163341467
20756807
56055677
36699331
154619963
22109953
48474451
17581007
10488629
141082741
106841767
7917443
39421223
159085603
144338093
65570429
28225147
35660897
83193233
81154153
166939429
70283221
55058587
73887929
37472317
49262189
8120573
120131279
2374837
127408709
61516381
26208613
7380467
143582827
89893483
53043563
104856443
134364641
64931117
158370607
88197503
61524217
77824783
244463
115775441
41368009
99999131
100457801
132363079
95940239
50265653
100001329
15145183
146416163
129327061
160102513
119381623
46309847
40182619
140021173
108281813
90394517
65895503
221227
2658989
156473243
13835659
153579263
101920279
90749459
1052221
148040329
98708809
157514381
179375657
16302233
136108057
165032671
51293603
32817353
95076809
55819529
75557893
127488929
75930269
90946091
31276279
138014861
151316311
66068759
7051711
90148447
109806317
129411797
90726931
150505321
71915533
168126677
114295217
8114641
17308339
22871699
33564731
80022869
20918399
18045983
25699543
54128939
166156229
59294617
37867787
141318803
164103881
60681989
45977149
40223279
153345121
72402637
160813459
29827253
173885693
118156013
101866693
103107289
117743579
1813939
87586963
26795323
145201873
1324979
16748243
76963597
59519351
43570811
72826433
96592439
69455809
122546399
123146341
142368799
119479007
108289817
75359281
159040723
155374363
168513533
89383883
81592417
8024047
146835463
92718079
98919383
32959687
58034233
134960599
104459627
77015371
91929373
35599807
7053587
32697241
58072093
69658397
39542297
56906281
69772831
41471123
15823823
175070881
139664009
74817529
97474259
103495333
115873829
47395679
152741429
4374913
98630639
114002747
45204157
166348913
35550829
112110919
74038397
73053077
4854989
70280461
81921467
28697519
101353727
52812719
175869181
43214329
177830077
132481199
1208297
56458877
9576971
126414851
138983693
27384031
52689391
120187231
34014863
150096019
53927551
55791133
85593289
23869441
86929889
39809233
139761697
109299467
41583181
164468263
124092637
141193513
23660647
97257163
28009441
164030233
25405309
53241197
61490621
153359299
60646639
178674571
108970913
90403111
142106623
7924187
46440367
87140671
107256427
48593219
101629729
50593321
15913679
60516259
95491351
115689073
87148207
15232291
2700839
140733011
169890667
17012033
59146189
57637387
138457177
79981079
148209361
94939927
129877019
33437143
105762707
51456257
117557821
124210571
59554309
48229627
29304749
6852623
63821029
143746453
33201283
93109223
13757983
4431227
79514653
136062763
106374599
17451647
19645447
45399049
115646123
93913691
79073243
164930281
55159009
103377161
129031477
147221537
170578267
111572221
101769211
96455461
161649847
98955587
99080789
71881289
69048901
12281323
22944643
76935077
112866437
48917311
124018183
71025179
93210773
164550677
1392527
39023657
8267681
155177993
118822351
4424677
17473663
78327919
6452071
113777971
54710167
36236191
131100911
121736281
148320437
12405299
116498951
75284981
51556933
81363559
57216193
22063919
83254183
30784261
8906369
128467349
77393947
144284401
135531299
176684467
131425117
72925817
142530691
66854651
174188873
105585407
26325883
110587153
111882527
16856227
68481617
40319203
162019541
65554483
29201941
64139783
132396167
114922151
99070669
89463497
114284057
96532649
128088799
57486587
160254079
77480071
35809591
83844659
179386871
157825853
175239353
31878923
726301
130909847
119637779
145505293
21728593
177355363
173782561
131700749
111596609
107247857
86036791
142896653
67802351
104648939
75227921
76607539
178976093
22903633
86408221
115549913
143893829
65905393
108569737
151691291
38649727
148009801
146156639
92549417
37275083
10739083
47211691
79134833
125468731
52824613
33095737
97996799
144652733
171123571
40400813
1484911
51534919
53390471
132418859
171203911
46142003
136109947
95050847
149677259
77833339
6092441
37316107
157264853
43327001
122953393
112254239
117758461
107368441
9435661
33663769
104710807
6964259
20435171
20288761
104916397
53718421
98885471
85019507
56392337
58985821
110284849
101156519
64869137
149733047
66135659
163680329
153752329
152466109
80329801
44476441
163584461
85118129
38773421
40629373
167534593
150204323
62686079
33540797
32022167
162892091
118464719
170041919
170010719
70143553
98763089
144858437
85970419
72465397
151801603
31849921
47963567
158561797
5770487
26602439
96900547
51147589
69537287
74115707
95623097
163631161
32041939
172272329
30492257
56518411
95538811
51285259
158888099
145614031
58862527
126096107
12656069
14825429
61161239
167740849
163144187
163613777
124470811
61591703
30572963
71268851
129559319
8392693
67930561
141174263
15599383
137605789
74427163
101736043
31288973
125982887
50183233
137524391
9914071
102646807
89950181
109447313
133624691
75201377
69665311
122174233
72429353
175457987
121583207
103599449
16348231
154470983
120518921
37638823
155468759
26789261
66856973
68203237
70654789
34426939
111918853
74917957
135844081
55535951
31237639
79348987
10564793
107953229
156773017
157955459
64451297
150443429
81416087
37376299
36464699
117376459
62475887
4811171
175500463
107119147
65210801
154656839
161089441
53440657
25356329
144358399
17153453
127758083
74301361
40584091
167034011
152979769
46277071
45702259
15906641
161013247
1649801
103169119
5724221
81605543
114712847
19622441
19281629
115519727
179120503
19330459
56459219
93823259
62263343
118911313
34867381
136871303
104572969
50572321
51142139
33450031
46988363
51959603
24989669
120930743
158856083
11387549
37365829
91415143
23424403
150135269
141900389
53100107
52791707
28796881
46400909
81041143
175591547
10254001
113001821
157353239
176580773
113699951
91373423
66903457
40237151
2134549
128846677
108684647
138076373
143853443
128327497
36692087
22490003
79888511
6601223
124657061
4829449
117066713
45943019
101867257
64304563
119691269
49674437
788531
101899433
58499561
35688481
89916979
115526221
18480347
1698233
89380751
19622479
93257639
110642563
8426381
160016299
72516599
130147057
114857779
97703357
160380307
13960691
172399067
28109321
80648917
71159287
100307083
177127201
81992189
103809437
34395457
85161481
6389443
173637901
144601631
49032463
31490497
149815349
99830243
90922747
140625461
33378001
159087419
46794983
4920887
77192413
91479341
113053999
122341547
70752641
125435371
114449957
135972079
139462151
114282733
57690361
112624943
168917629
23212067
18460301
113824813
1390813
132116689
106351589
48455371
83285357
76116199
19414183
63764081
74258623
69486227
88613939
145350253
138850469
120483833
106438049
30572887
22021429
60765737
10129087
168860669
147814171
21829777
60193037
157892389
176782079
112149727
146018039
66526583
136045603
87720343
47440213
40746289
179340169
10642417
76662713
121976801
160877291
41521423
70064833
131518441
85068509
37753117
56526229
166636957
22497247
39527393
105456119
166464877
109933973
25060117
79882499
41206369
100532303
124637509
87923123
109264073
21682039
145908223
96491687
44818313
100209899
129361123
77359519
36938651
134479997
87548939
46564741
42592273
75753983
91277287
110485913
64775653
115528681
176216081
162993707
90557573
3266909
107853079
47644697
145508453
14404021
159342163
95558557
63869777
119052169
90478027
169822799
9862481
96281791
24675373
38043493
111428983
20795023
71050723
143003893
35953651
91159297
83230921
79064039
146912333
152918933
138988453
172585453
137253911
84310661
174075749
125535427
125257723
110906219
98529659
3715373
105737633
157830977
140124797
8450363
23849149
160698919
160686107
2431439
109488791
106707157
141300977
128834441
100700491
31609583
34378171
79102367
143379781
134370307
28244059
6593371
25081057
35512571
3659657
123783941
12169039
63377081
20794313
22307333
172557019
110281747
53370763
45121159
36790189
131291507
104099521
169081531
18522073
21872537
96872669
24942703
172193401
125235199
80112509
80558419
7203941
8717689
110357371
12296509
170004323
166068667
30749977
28172437
151558037
15912053
134087003
93240439
18725159
150285493
176964899
160997261
56957717
93141523
117401899
83840971
162700427
100574587
139246993
98245349
44299337
2230511
58116161
122704693
154611437
95912137
140948243
112821433
46308293
55041193
39283129
91189559
64320437
93943643
106657589
11913347
41997559
12679157
19475993
117558769
95564921
152535499
170527111
116613709
29826187
79847771
135866279
166253123
156864299
94295491
95576981
104722019
33754277
171831941
127540291
161479247
84374141
91043767
39455239
172860109
116310661
19444757
110888563
105273097
34252271
53832127
29693497
140399927
54121723
127039961
17470703
3521299
76240877
19835603
124116887
155562707
151446059
25571339
84025861
151755001
142134683
37588787
48721969
28873921
60782857
59019473
113419897
69927059
74442259
166874441
170772827
87388877
141006067
72318619
99218731
69047663
72512819
132228559
73494191
2508827
87768137
91647929
95530789
30178541
51111089
9146309
2200313
79531
128415109
66757267
117789673
12541237
85655653
63529693
167157143
154549891
62437913
90937073
137952923
136784861
54512021
63825767
28162273
108230453
87886091
9133559
32734811
70424423
22367977
107192971
5109583
18966371
66638303
118244569
15615857
40309081
30604477
79430821
39495103
107093087
75553391
118841269
10323491
57271553
70809457
22632487
39334201
47861617
147179051
164319271
39089867
119994107
113742719
73847693
54712321
150232529
21330059
86844151
11829049
144464767
11014501
89837989
47564017
27034673
125786113
153081737
145463327
34438043
79705607
33590983
99289999
25908821
17807599
130966789
100578857
11597393
112335929
94622981
31844369
40305667
11514829
28314739
77002949
165402443
116417729
82155113
92265731
77288863
139616311
158775847
71365529
122444957
88637951
13119811
155843893
58925371
147942541
33773569
73752979
69714067
149065183
30018047
112644013
143541179
48174271
151270373
112665653
139977181
45373973
73561123
172186199
50853043
27769453
32367733
30711379
42521579
37354211
110418943
179273047
132479953
12042287
96324191
165797167
63457727
29351747
20056291
21755021
146897593
124108997
7370609
106470797
81820763
3068929
150165601
571973
117588571
56542273
149630783
168950417
67609309
1433539
105803891
47197973
94376671
47730377
148244189
151034251
18180583
135356189
106833047
91045723
5893081
17268227
135185213
133249771
95464753
111203723
52662829
108083819
42602701
27096571
86397673
135483533
27296083
64014631
16519141
87193657
32382787
47982359
8525833
102129529
61460983
34193077
51243373
110452099
175684183
114340819
158428243
137392699
20510669
23059039
125604389
96368191
100473781
119170741
169452827
130436489
78307861
13117471
128245697
113160193
33691589
6750001
165083059
1535311
74138549
114927101
17156341
82643263
113697019
115549397
70014983
63136849
73881397
37249411
115482371
41417149
68699369
177303559
2539399
70898731
143046601
3016337
32462603
138535949
153266957
13718347
64962109
4125593
171728983
110016041
84160801
122863399
77007221
107386141
104449801
58686791
109186633
45215179
119460673
154527533
79180669
45139499
17879707
107029969
172490621
104762759
130047937
174265877
175348001
88766369
144367753
169152857
56251313
111370789
136491863
174236177
161255417
40300903
166865261
119578937
121350847
72326101
163944307
79281487
10055081
38515909
44676199
68220629
108269713
97946483
25063817
123720797
99890237
50002213
123719801
130247801
17049089
92437427
25643113
70455919
113046743
41134627
130572041
87153593
69425383
124564639
75967637
179154457
113527861
77011973
134414299
102833657
112593409
3354641
68565239
178586011
56838533
133224499
36848561
93618013
75192749
3053789
108283751
148112023
81630977
96750113
161707619
93590429
75638671
141292549
34404397
31781069
25995787
28119701
149318249
98647427
125568217
68334631
110334737
66299641
94087909
5792263
21547079
65778431
167920793
177059887
137671271
54401393
48956503
111015169
2941573
101498207
73925867
74046341
77188369
72004021
108047327
90159887
3289567
8654713
19542871
88124893
136993139
123982223
164744669
174097507
77058199
104885197
169550609
85136791
145749553
44003023
162881611
133712441
160392139
91103963
126351677
64220479
75756073
41222747
2184409
120303721
151472119
25185269
21043207
97141799
50324821
10267
116486179
77594087
168920909
67191389
112980611
112351627
62224661
27716413
44493331
697079
148619623
25363103
119454947
66002947
129782693
154320941
155410271
111465203
135882679
138322957
59801321
17666837
107211721
24097847
9862961
154834297
64149907
178245673
69679699
36298201
150274213
164716921
91781819
24510701
163915651
127992479
115312117
83270933
17380093
113874991
146467931
98478631
62577433
84796141
123601139
39965561
5310551
137984239
85796201
4256167
140001427
11487403
74297789
49226797
94396837
42491399
171191771
90709889
166540963
31235609
84597277
114032761
84189229
17027189
122361439
34176017
167114669
5744339
78227269
6273691
149861197
30848569
91476989
121720927
170009069
111810823
166203691
65487599
137775481
178073969
122169127
156558799
140284541
91277231
43319261
105562063
149944363
107136943
132159673
69584569
165956573
24858349
18822781
4057769
50166763
48363101
107557987
25999949
17547239
31585469
22288589
91614449
65015921
137819921
106680449
117969743
58537373
112990261
5091937
83132897
57973829
63965087
155172307
82977029
5252147
28142827
86437691
106922567
172927397
170771203
149604797
120080459
103441321
106377893
6137797
21998173
146448413
100660913
64483061
3235717
135948721
39724301
163714511
575119
47451857
21815011
86940547
4627459
112298657
29486629
4442639
114685787
48583009
145505231
90499987
168270013
66126769
45974003
117044183
35050403
142049359
17383103
56243419
155179351
52446487
42019559
112687789
178367929
66326041
118050419
169423519
82643651
147636871
27769913
9518687
109418927
66476411
172792309
6559667
56832863
51442427
110409419
77705029
84038683
137255857
43849447
153802427
101423639
65215441
19707871
56888849
61266481
160879157
89405059
7975637
170828653
21605531
57240401
25865291
173682413
69394261
123924257
8057393
117888247
71998177
4202903
3037259
54499969
56775959
121802389
84753667
163608271
125330041
56856461
132878693
145743959
63520367
24385001
95188823
110444293
146579663
25018207
94411169
155267111
114126541
83147123
36700997
151403821
39243653
3717149
79006183
43933853
135475133
66712937
87932881
102783467
22867027
170022917
35914327
42641033
144843599
1888097
142967401
98345657
171785959
48038779
134954077
77289679
26162377
159836063
24790847
129717943
84970891
51658247
13969309
163007687
150846767
161228581
11208671
129602267
25519297
75274781
125086487
104163781
37232411
154920239
134907341
168814969
33112363
177093047
39138569
125412971
55565969
1056971
87643669
158556257
45060311
164368093
97180843
96035663
61442971
45460501
113669329
10524373
119901403
78062531
177235001
74500453
41266513
161589011
37768127
35556589
82675339
72838193
81663479
104027633
166055567
49052489
41730401
173659207
42944303
65061859
134680529
19065289
171053801
167783113
4806419
5534891
159195347
146282701
96352063
48091427
43259681
121327781
70145203
127651049
41892287
63163223
31592347
55262723
54698557
40097933
16310143
176519591
4271173
50600113
118903003
112920713
13853201
58705043
72063851
88076957
104067443
78668081
20806741
40848571
126973811
73923959
121324319
6880693
119747731
81956617
95254871
35748763
20428217
7518169
114779719
102598907
59622023
26065643
115183129
156171839
131640959
35448599
153924731
170528251
110312641
97652147
156029207
56737003
105227411
497417
110227459
115552237
175458457
59454907
160033493
47074603
66016319
53281
84432281
170061193
98824013
67084753
108998731
161636599
177438949
168628181
20284841
8780171
168835133
3320363
122700289
71383601
83261779
29289517
7855633
153974273
88809349
80082593
99951287
17654239
140821547
50886263
90431017
122312299
11914289
86410741
135912571
99037907
133735541
88992581
19412779
78345929
88335239
45690779
122803543
172213021
35106271
99828713
12558229
116784391
86364413
66191791
169451011
49655363
126730913
87707413
143866759
127294907
170707351
17035849
10097363
145826911
7452407
122258053
96505163
23459861
72862589
54995911
33896081
102319081
110173669
11993099
23078579
135135653
168339463
14890247
132241427
75439201
115483073
163363303
117940003
34499657
105300043
123299779
99353411
30237821
157829297
65857789
66369847
22899209
56978003
32475007
65152733
163477163
24470977
123032743
94061777
145299373
21436091
137120531
80084969
19405301
25299361
97025857
4093961
29615263
66193613
22623721
140875781
98273053
46428773
12165893
45948649
60625189
106865207
178099703
29001989
145418279
44358101
30686471
85603901
10034113
171102863
72671831
154603643
57199283
73338037
169788517
67238749
34253041
10158593
13743031
11558087
157905617
23285771
46102841
161984281
69299933
28225649
81211033
69112201
74114263
175227571
6688337
12315659
11170001
143415161
73571941
150419369
137958181
140208427
78342889
82178093
22678967
74405369
89925931
153350333
143622701
62344127
81736873
37963489
2309933
57763187
31856171
8851069
85522259
95609141
103016059
119025877
175800851
139004809
32174689
43504271
150744067
150819673
43701337
3673861
174155441
148593619
44657687
28715581
168153563
86836837
94420457
146848937
94188691
4264817
42570337
139472941
115209889
177261757
14718241
82211351
83617507
166810079
165548381
75112333
117544751
84141391
72374761
60012917
49313101
107908727
27580471
103520411
9017627
24413209
60126967
129740329
94908883
43906781
67040927
61910851
141218729
70159669
169676791
7133969
8114383
161060969
4245469
116499959
160231391
161123839
112799683
153220103
112650229
26546951
131053441
96439909
27732611
82767901
167763767
131044063
136083391
109466491
4122731
51856471
168028447
61169957
169844693
65006983
50119393
34351277
172712483
162100397
111109189
89008001
36036751
142123379
114031241
115976579
40140109
171361121
141783571
135482563
55175017
63912307
162274363
64648277
15416419
100832393
53021653
97033877
157930217
28217701
19007147
34348541
22554067
23234179
21411317
91577081
30056413
174855697
1941659
57943243
140472103
16184863
42219817
18428857
179092201
84356423
388961
108405239
60523763
140064007
161390947
13176869
68705179
4110341
4464841
163887067
103614529
3776369
16643351
92710169
104229487
138196847
37367251
23038781
125629937
132903193
52334251
44391329
58420919
42361577
73349753
35953279
28362619
51075449
158248799
18405733
158641289
57252677
177726623
6160003
135679223
34344059
71908259
127135067
123478937
31770103
68603741
86903317
68644567
11889659
151527161
79667249
34410631
48891119
26873347
79691369
1072199
145951567
2282023
150214861
138327557
171068483
124751743
2530039
1038727
22527619
32566393
64433783
113875213
47807407
103899101
71070977
86200759
22207193
44882287
10300739
81474329
138612311
133348979
17935933
57488869
57943393
8495969
85717469
54287221
11468909
144212269
125795357
174538267
50263529
142642729
56498237
148534619
2339921
146433787
16606363
143573
141129077
57956027
127471243
58431077
70873921
178385071
26974609
178620901
152595203
29698573
102650927
174562391
21362533
105220649
63148279
122033209
165886837
119231089
10562371
30731609
37900921
31127881
68892179
161569823
30679037
93002297
93839773
8218447
131424493
166266713
102153641
112988899
112054141
6990463
23794807
108246431
46216871
121918619
163347439
102822479
20771651
41615143
140170139
61966361
20319011
80895019
43374277
9699853
61136311
474163
32857399
14211623
80814229
84430867
160477661
45347377
19605841
56638991
61781651
109862327
45811327
102814037
82175341
3687319
100465499
158703119
49135649
45744277
49103533
76830437
162359543
80934361
36782231
137048981
60986437
92530297
160148161
172712689
34816393
122310193
84776843
86728003
140366983
122669291
137213743
112866889
1181881
63752629
45705889
19874891
80752697
84585847
3387961
6297779
37043053
170809787
130759103
11459447
178218767
159479147
8937109
156636637
43430449
59159291
66270487
80370557
125558627
55958521
100496059
63580469
59280317
173056759
75156443
82616279
130404797
69775351
120638741
157499197
109854023
123042749
70554683
116764019
130004197
131449
6486079
81701231
38316767
22327937
60525301
126826169
80572697
158464781
41676347
165142591
166113907
46310909
40360681
45533339
160905083
95358589
139468793
28138769
93710263
50155949
102369049
59620663
68835289
75574393
23193193
165575897
36675713
10108229
173711029
83115451
27430427
63200143
42621079
79158917
71563543
47691313
38228473
95813383
150580853
176038549
28046087
12206861
64755169
153550151
24832637
72267497
46019023
8182021
67647793
90561241
11997179
153322193
109886417
105384907
16189939
33038519
67921859
75916523
33909431
177094369
49068653
103044559
86811317
5601943
1093751
118080377
140257097
78386543
99031481
17350127
32006603
130777183
44276489
109389029
171265079
172193521
89255513
63674887
98888663
73228621
121792303
108410077
34626979
165407311
20687659
38746439
68981593
167464579
140904763
8970497
134187791
7165273
110119159
117127727
89579561
27721913
148901833
4725821
140501891
111693233
48475507
21414089
138773993
1701827
63935357
126462697
43339739
120435671
150538601
174720661
159292657
81558523
147580579
56120629
137000429
139212089
53446787
170699447
12168421
174806581
36066049
45102691
164974039
138102479
39083911
849923
3675743
115696589
92714047
79667537
51032077
174418619
164793929
96200323
87428251
70208813
78252799
14000059
40445123
138721151
160983821
159228877
71553217
84057101
156128099
17450479
74490503
3930767
142571711
46411121
78219787
127653307
37213907
106972549
36708733
79854239
65087053
20204231
96328031
5936713
81959473
126572857
81740297
49321477
162330557
46911833
146678003
68847557
78294371
149209939
80109131
42081883
53826869
8851363
156920347
106844599
11624699
16333267
98540989
25599193
84147737
41685947
164514841
70948279
42843331
15406189
115644827
70342411
170761519
74765731
17604449
22011049
133715221
127588463
41206499
4282183
56237639
4207277
164205841
19141897
116112679
116113241
107488861
72626711
76537189
3702791
136821823
80183687
15942211
143798497
3158951
70714927
116813009
115572043
47150009
143852563
132034157
25583849
12860873
7169837
37827343
153283001
16321219
25778209
97677599
126158621
4070219
148991831
4849279
112505147
115891189
28537787
129252511
29588311
25843771
34307569
100462561
63619229
34701397
107198263
36829063
52643641
32745457
144547849
150055573
144530767
75634121
36100079
24255157
100830749
4928663
151830941
67538413
139146211
4538257
163071143
111516017
174391501
93852041
90217639
164560453
61214113
112393247
175968647
12811577
1202239
157157729
36121873
1698857
61371979
56918569
127767137
62767589
7095457
90714889
77805499
170920481
27405299
171060157
62244283
171771203
113906629
166839017
154194413
3596573
69285373
105249041
169961797
10454179
175879471
150605293
169908073
159139411
167824171
93068461
41473721
138765163
174371011
62877007
16912123
67645733
135673007
27061421
148299643
5107013
93904253
142477133
147618013
149835407
22255951
161830763
127563647
67362299
91338131
125395007
28883773
29085877
67719259
63742193
72910949
124398653
26502961
807869
105935561
58596199
161291509
176420989
178240723
52576207
51512147
65289761
88313461
23085397
97608443
9596933
143986487
179225707
13827977
27762877
40206857
8047957
141686093
73241237
15359489
166485359
169091623
103405727
136570459
68174153
16724501
6462487
177913861
3134801
112820663
82530997
161697799
65066269
165566347
95480087
93844171
63962491
146953607
40457653
43725629
154942919
43420051
82185919
143930749
108770939
68565569
60354521
150384623
116592743
98638997
96244901
13928723
115488199
177822779
18160949
161470951
143160923
160668659
64374589
40244803
28258753
4894189
61297417
108919981
31565041
110659529
121106423
2396311
58725421
41807039
56779963
9309491
5481401
120423731
177181727
966491
60138593
152484911
63330073
134681917
84660179
38299537
146832149
160932833
121486637
10002191
12545333
78282487
151178617
139409579
94729483
112656121
63995111
111790163
160947289
79751887
122679829
146647349
4275511
97795031
41576071
66601277
144879607
134463031
28643863
26596021
56899253
37242193
121748287
57191633
154820443
18959537
166767241
65426563
169032533
124291637
165261779
138441323
159692317
147989389
78033233
67353757
36402551
109229867
89694271
137896093
138977051
76954667
116836493
157089689
25452619
142776563
47681857
14357969
10243427
169512989
64738217
108745103
9855367
38337889
137701631
82672561
79856333
175081289
114756163
136464841
20253931
124470529
162040199
25463947
29652067
33357251
139456901
14794327
28612607
65364331
133712581
44123071
83589739
70725587
28325071
122275099
58171313
23993833
178054091
54523687
17652581
89997659
11511953
138906239
152998709
119291617
117652231
38433401
83155577
178730687
60469373
40957003
28690699
41814593
1170397
124973117
158363659
20295167
23354813
25923377
72021127
135833963
103543043
139462171
22496189
25131331
40972829
75349961
168902549
166953253
174224411
80073761
102249607
80240143
107042869
112090183
155122843
88972607
60529213
62396869
174952163
33888103
93581249
178751999
53849963
19209139
29211691
159561527
8008453
42304529
107969167
120051011
7693297
55707343
2977231
171236071
145349447
70930049
101814403
95257787
116654897
81068513
147974657
113385913
18393833
89315393
123925993
51724681
27006409
138102859
117251339
165079267
50624677
71709863
24543569
159071821
168531329
101006249
7165021
92886659
12227309
117987143
161930767
35914031
3745543
107797369
49575607
150848317
105505657
171473791
164327743
171570697
144228043
90981097
174591673
44787167
86273777
86427883
131038213
98627227
68416343
174769927
90206663
58999529
31839583
163070377
123716743
159098119
113553317
8302673
7838041
61899011
645529
119899817
120582883
108888203
123215839
57538927
110519977
175555561
13575173
19229897
13601407
85389121
114741317
25051469
108295361
48116357
133998407
69141143
160053889
132852227
71283733
162642097
46741537
119731133
98823287
142373629
162026153
17557343
43636843
132089431
148231493
117006947
85699351
124855037
85980289
1147127
79511287
495791
154019861
95045387
99268291
8300893
155408293
84793231
158044037
114114383
49408487
159308059
135389467
155297663
174338741
83195549
130125763
78655597
169932043
170851181
123331849
8118623
138043019
52681163
39605921
143816591
78645311
35451973
130487009
64943597
175813801
84892231
21087061
141573709
45684503
95293073
43592971
9446081
33262087
38331959
112401719
65116991
146790113
76486139
28209653
9293969
41043127
153895579
52496551
172403351
133514323
13097261
104843383
46321391
55739609
6140137
57605309
158326603
67529317
12998981
49189757
149414149
114508799
43870391
6349139
161135291
33502033
75595151
93641539
25596643
139499897
117609571
31317751
58015411
125130791
48833093
62152087
122119511
15895141
67173727
174409331
16407373
159307823
29252807
163974773
19575697
142145513
128878237
169000889
171101473
105748861
118532369
19390139
24153653
94941887
86127149
109700963
151275461
21596437
40912637
155814017
88528159
44534779
11416861
134813677
116767741
4926743
40440019
178298909
37652539
61868473
176603951
78249469
93134497
163907461
127146269
178644161
170978837
5942047
45390353
70861403
62332033
94742777
91086979
26327767
98996971
38534647
37881997
171477763
67899379
140245253
20923687
176606359
96862921
2825003
106907719
98026549
46420069
82677233
161846033
12403519
53936483
73281421
178630759
91584007
151861363
16695827
109957657
73033759
166659853
32056399
107566367
30372403
60480697
124100771
119088569
72401801
142202857
90154529
118166299
4253047
110333351
116963461
113470883
97711247
139335193
121025213
107068993
24620117
73192529
9346907
131545391
126658193
41134133
143546471
53491621
174569429
58200427
143812541
50037017
44614861
165399989
85834703
99330857
50215811
69205141
133058251
103153621
103661809
121838837
146351753
149386877
30228929
151685647
76287401
62415181
145123669
154875001
30184699
78483151
157590127
43799419
23816909
167532269
19290533
61864147
75566737
124735213
99473111
9358423
64269187
141285737
149447791
70028327
157746637
122141053
145823417
112897591
120108739
122149871
171270217
27357509
7147109
146726311
32053319
131128097
74156809
66298409
6502733
149789897
97895507
153650963
76132061
22724887
23022859
9842297
117159103
174473591
116350901
98271377
152738141
96989323
88244183
144560597
34037551
9314603
26831411
86957803
158807843
94686497
14925497
23743921
174486097
73851599
73110383
130973131
2451419
43555409
86910217
27144683
99925817
112739479
137055727
136570817
151554839
4116577
132926713
124616207
153699883
128830399
73718009
26858599
84333701
106643767
4677451
23143801
33212401
12891547
29601151
28757671
55000507
122904601
27108173
114814061
122245043
22369531
174833203
21631573
95908093
124280029
157105063
51229247
147691319
121982129
178009877
4858559
8746459
15923891
81724919
148190591
114946301
137008591
153710873
44193109
115341749
67884263
98433877
5826827
158085779
141139639
159535811
174810529
45015673
171188587
46165247
110044747
161463791
78728047
174905251
70069333
176261047
93227723
71660089
82229293
147578159
5486531
12513869
61166603
111014021
138371489
112320491
74143133
126109187
19467611
116196097
140793559
92472761
29311193
91145867
138295543
36812033
109870193
63731959
73752923
65950189
65699047
157976993
86406413
161724037
36069283
52429843
87074311
139114021
74450083
21690157
156992471
124290469
71401949
152715373
155077229
54262319
121096309
36557683
139032407
120272959
129078541
109578779
42880363
122138293
66483401
6538997
38665391
68278339
2360321
136206899
81024299
173697049
84719611
19370893
178619797
117648241
101902951
125554841
165806681
95112323
158632583
171889037
24998287
176093629
109020239
112683761
167825657
102245617
177857789
19407103
154910941
108937561
145479709
11220541
42488657
28339937
131991953
148628171
119225801
124070189
67793441
137573759
85311053
113825477
177345437
91763611
124077887
111903751
69913819
102557233
87244159
96064139
30627529
159753493
49040993
108778073
2545993
34698847
68794339
140043011
136108981
68485309
112350673
146660251
62614639
66196639
87397577
66106967
86128253
121146631
73130983
178151749
83512909
64273423
119900551
40952869
120732217
96328927
35941753
109522529
120843637
136381547
169299743
130971793
60286973
91897943
176486227
73120087
11174533
114174517
36533251
89743243
156811363
113884963
16658699
123928517
123303347
20848231
56813209
138404957
112989211
129790603
124308071
99569297
4006763
69123011
83280289
110204401
162220189
117042853
30555253
93018559
105313301
3641461
163905349
95839189
149460667
88713953
152358229
125753449
95764423
17090299
133991699
177413441
99081161
138675457
129306319
126335003
116716667
52586399
19864067
50926391
3301027
88944953
52893541
11823443
61317989
92088539
98275369
25426039
24871837
36474311
5439409
170685133
30424133
175414297
126095303
31178083
137593237
18347003
122011289
140704469
121763293
152268691
64701853
127238281
72264947
121191331
135345817
56136361
153117397
71024911
25757353
17202403
67330271
77870593
135916871
139496629
67406657
40398377
36682241
26630509
19435061
17565943
58977599
70207741
174858979
120918689
125612777
144272539
117107981
86282593
48564797
91655153
128731487
176688107
73910671
10087219
57728353
23509049
134795461
8255629
169328927
83621981
173753483
135010339
113155261
153348991
178869641
91601141
150540623
135395851
52350083
21240179
101210611
161288311
32663663
135801857
148582387
37649519
74744647
89158733
148694363
138872659
104100551
51293899
18004369
176610979
112390363
13768303
8817049
161380691
15351937
12667597
176514467
75063227
74554019
112369483
150762841
68185921
5674351
156594719
92112047
90708283
108669773
132875411
34307327
71765929
147577271
110508019
159916979
167156333
113999189
168746111
114886903
146699143
150279659
42115589
49236547
161618767
21098461
165314081
77464379
61924979
138344933
2671241
66877253
129560903
32366797
50416277
89346637
5734681
7827569
30082687
5456159
168044651
2874629
133115443
5185267
24068701
155470561
160271807
32298527
150061937
149624623
15635083
77745529
153453031
146197063
136389073
124914707
151920887
106257661
73538021
99001703
58575953
113577847
50053943
41586133
47608499
49483331
43821181
64625447
110157469
56115803
36675761
138395599
65712197
142349423
45134407
173300867
138328633
150937921
139430783
119279099
123622867
60825239
103396411
174729307
172721719
93875461
32143
156635761
76384141
86351861
176037551
28063043
65080633
102206183
8511037
81991531
128125279
51795353
86786743
62350501
54905491
6325783
173572433
14282371
166670909
3620159
74308783
144650617
2941573
34604747
4775219
146489419
105736931
108765961
131892869
126506521
137264107
35658131
153497077
144155267
34305497
167964737
10825531
37037537
122144989
172813999
29728561
151358783
154285289
49118071
62182051
20283463
94920841
14244673
72104941
63718931
40924693
115111229
12402491
131734711
125172029
22023457
40612849
72352447
19132891
18957769
148338139
135778571
121368881
36546421
112756979
86737883
74584663
77134037
140273927
11159573
55830053
44438399
98338573
94750651
122665079
1877479
124164401
31510121
16394429
2561833
103222291
32668709
42734693
8293471
69978977
68509159
15566093
106966201
102835709
2568869
7491749
172594141
112746709
126574381
89671759
125806423
17497397
8164859
126693233
14869471
153103127
94833031
18927113
167896717
4697279
160225927
127604539
152861903
34399769
79184159
25507231
44450677
2607581
62228011
4788517
92670973
168659177
78158359
163456661
124951289
137600369
136336513
48472607
144203779
159353099
52460609
652567
124977397
19767269
42833821
148316699
4389041
48519973
20933071
29978027
23656169
68721007
46000547
7213177
166697737
43874431
163542221
92412451
5762413
27364879
17709719
73782043
150362101
19240093
81411481
123059213
14949721
162378553
91139519
34909961
8336917
109658323
150620497
137922233
43806481
117699199
113503417
109362551
123456757
16849687
168200437
88105217
29146597
72183829
14844787
115603769
175731739
169359017
96542729
177775963
71379937
27559871
162115159
155864161
91496681
68855623
165563227
82278523
65768621
92011351
117954953
139127419
50240629
134841221
57055589
152276093
77819239
35816581
84423419
37853513
27193723
69819307
39309383
4081813
37999837
23266043
13703621
172737259
151836943
157075417
159602263
176781211
106626133
14961857
172651159
25768949
131338637
158735831
153877109
95928379
130308797
147835531
176319079
21019727
3428977
6450391
74725207
19976149
39437173
125811239
28632959
139809487
37552831
133278631
11725403
134874281
124381339
161551307
53277859
59416673
158737291
116898361
19418251
17566921
34090691
82743767
68174173
123102671
114334043
156412859
64596331
56446111
178664107
14179777
22885153
26750947
163056251
51927157
41774741
137936509
22028789
137117083
74319559
14202211
52259209
30558169
24214867
125184959
8474159
158991863
48520583
19901059
138272171
51806351
171874891
121252793
55836233
93689929
98262893
169632733
67791173
5884469
40789513
168123283
32691557
124181063
47478257
161245549
294439
83143813
115446761
176796757
46132483
127311991
159055577
147014779
114097993
62295271
167887267
71644267
54631139
114245399
37222013
75977519
75628249
99637309
115721539
14964253
120094769
103541387
114610841
168530693
171102731
78335143
150738011
163294093
81476119
1660783
150786967
155710727
24595841
110105999
114394367
38962823
36617887
114973247
44596991
143227181
61218307
143131099
133888927
13609483
150487817
22369601
82823519
81188717
158313137
52530353
38714341
28693373
19660591
162245371
5034917
61191379
48719089
100217987
165812329
133800847
20443853
137887847
23737223
64020427
126866147
47514793
102443021
75070529
34838957
102677753
135094577
7788853
151799371
86575261
58455307
150731291
125288753
166514203
173985241
96121657
83838983
61028909
155968097
63050623
8440063
94188583
5987677
129897619
149149201
155007901
52500839
136347817
20044841
72588031
177611029
38740907
144512279
141539129
52631021
143863211
794009
117949987
31693591
61013551
34314911
158612053
51185339
116385733
4530353
823483
83216209
162543859
126861139
102810413
10182967
35928799
73552751
61853369
63103861
79241359
60569653
94326571
10524067
46339427
11178473
34025009
102135239
28459813
35720753
76589431
143195383
64038833
150346177
1494481
151745263
149424637
47294503
130800049
49134221
100966781
118226561
92136763
20255591
107679907
50570701
151592351
36792671
137986169
4495013
33264593
95574137
174016303
48027127
122056577
89011927
54866827
72310519
126466309
32783473
112075949
36049633
110706721
58867363
130330309
3427687
112559633
124821691
57704831
37615283
127102519
79579399
108545687
89431343
99313301
7813691
101350577
109471171
159449291
94876451
50249323
35031631
76896737
9369277
5112379
22538273
54325289
30126683
63319549
82168357
130058779
710473
50748917
13033333
81522911
78888911
28256131
64163107
169675309
109019243
164921633
4171883
149832847
159576019
148958713
126149431
62255209
31135267
174991657
100675871
138128147
26357467
111359597
164700689
148962523
36149417
45416827
154676959
111727453
18124453
6561991
160218733
39727783
161012053
80118509
174590821
26379901
106503049
159977033
149791541
152962727
81127261
157684003
82188473
95379743
57977281
89204483
111796439
151650179
140762801
93401863
159736963
153799027
128796883
106176971
134707009
27947761
162841643
18333983
93463583
89614529
133678747
84333391
35970017
55353013
140866549
149479651
93443243
109153691
66195557
38839949
163191641
99631769
139897553
118761107
18635459
96857989
69240289
165557309
82595257
67730527
145540469
27729349
40469111
109314739
82911503
125296991
85963819
24867433
144031127
91179511
155968711
3309083
151546501
62304013
82814309
31357267
87083627
25030289
16772797
72665963
4094281
100965089
43334099
97275449
45693881
15195013
151804453
152655157
10623131
130499129
39867803
7569817
145172683
65023129
31379591
166442579
68445071
57334709
15457447
31071863
55509593
110415127
37349131
77983351
117434921
139954603
72703217
21179729
29933087
23115949
156086969
120700891
113640091
27435469
136210363
167244667
59864741
93599423
62133527
174827353
161741311
93297329
63884207
83175923
166177663
90885973
163231571
167219233
57528179
50014373
154266319
29131859
115175287
65065577
27991519
141758653
98320861
119466409
81799987
149293351
113434991
71839877
23465891
156696437
6136219
173900761
88344731
152693833
157056637
140746849
50962463
123413359
56699803
37097807
103992181
153259441
143445209
56294743
53315359
177022463
34118009
117581599
125426801
127947817
175283389
146010653
93328217
26707619
92016559
147397697
137367233
37278083
105687083
150043573
11340023
92419489
12372859
40908359
167182567
53466137
98226211
53854751
144621161
74762797
96317797
53404187
174664537
37140797
115471387
36147379
58619243
18114077
4885043
111250319
60599261
101578181
48235373
169706591
147199697
2937469
73040909
154519331
7719227
146569237
59660303
84586769
101741681
77235503
155473937
4368121
573817
134791331
87947317
2363167
108639383
110893357
70341503
63461089
162918221
100926601
21379117
89919253
11103577
47125697
33699737
175238857
114237547
161828291
148789363
168104527
178602113
4886639
88231837
125134901
134847259
39700343
168430739
96459299
8384993
68854979
95083661
146780489
57883451
53160677
112419121
57956369
130261847
24720811
55762103
128409527
128970497
143024639
149175641
21285113
128675489
113460517
96794881
85929517
66896387
64917553
94285531
144677119
132647881
72884303
179023951
71876923
177404737
3020443
112900231
78111799
73049549
118111667
20234969
136812031
7817393
119074591
35174779
30763541
68390701
55016749
77934347
18167561
91018717
136201529
56366581
134640197
40462063
111212609
122507653
6895991
60466697
61788851
34029049
166311473
159904033
160549507
87470959
127998523
121990067
145357189
134931583
77413757
1300727
53358883
16133111
175192807
153231343
116432059
4122973
13590971
64786913
119952587
67150931
89278823
57131897
9085309
67184167
12011149
135724661
128326651
102194303
73124677
50936107
95165219
178442519
80463283
99304441
118997201
76498273
67572073
138219749
129973309
144168149
20574823
117578533
128328923
12234793
77270267
177227201
52626107
130684891
95135189
107348699
116966041
58084547
43147519
138217579
92368093
25435127
162502357
110060399
169769269
7799611
41476619
158809331
147082681
8903681
163843601
146267599
51151
63215303
103763761
154445747
119349151
160844269
70362893
43390327
143312879
109791611
134675813
78153721
160254131
81738043
87910741
1632143
88851799
152947661
110115451
7782013
2491547
54391003
99712919
74982679
140950261
176555609
138221459
99373187
80855063
69089549
148211143
29772709
147376699
72134057
42753539
131625701
338287
57812693
43066337
170471003
124377541
70655807
73798801
113719849
36445693
140847559
102976583
133286113
75755357
54704399
56585411
51198419
62189719
22638659
119365849
177983171
50160827
177756307
165318233
94028083
3924593
132309641
132831313
48073513
127546381
16265437
19780351
15834461
145917439
147521443
176927911
32815073
41568479
80772071
7265593
111167867
77231207
126993253
167990729
6617581
162006197
113029261
45984359
306049
176551619
76327249
29652611
102366757
94147409
142178467
131978521
24151097
12082319
107394439
65474153
119820049
129709927
29598617
130846537
115167839
132263101
143091643
9830893
104689967
142422911
43740713
122429317
103274909
52344931
12092173
118963079
125614987
126432041
20812699
61536401
170263297
66478183
24278957
1143949
105956131
48584603
78006667
93181423
98184521
87753551
14176373
34437719
90020479
11419829
61338353
150142297
122884087
9860789
108441371
40562747
83243051
80023897
164656111
11453899
131597461
146378777
121727549
52431941
147818617
41516971
163330093
92207719
1937603
35773393
13641319
134673523
24154391
110109011
77251487
31887881
49773257
133466227
27562571
153576427
19756679
17810311
170596073
160337083
54634561
29058103
124849651
79711901
30304091
98686481
146452417
63144013
174144601
133105943
97431073
12376381
92472313
160756243
127093543
170067787
102535009
64850887
114671617
33785179
137095589
134141719
130906829
19260883
70291387
107399629
83653501
94467959
73896941
50274199
121471013
151859243
43479907
106414709
48071059
108286933
39345041
127242781
164096399
51367541
145193471
52443043
8364911
66354713
110681147
164798251
129619207
63922039
6304453
169192613
72771053
76886659
25778167
4120577
64674419
160987921
128734037
6747887
17808121
151909507
65993309
65206087
165061327
52707253
140405729
95243531
129611437
149299769
50781223
31787971
16699283
178782587
29193167
1293247
84341203
61071337
79821739
169927201
88903
129975379
144625667
177759851
88317013
47984263
125601079
17954009
146877079
122415037
47595803
167321887
167918057
49517389
12676733
68180509
154697353
165502219
151159133
146603573
59032151
91046383
81809869
15200201
50353519
147429193
154988633
155869411
93086131
73490077
119413573
1129169
110586919
111184727
74114321
92206871
107819617
69828113
69411131
152537101
145490929
73151107
48534469
103966099
23964793
23716991
104426137
25117637
26960611
33430123
156042559
41523941
177546029
87100967
174142901
63729247
151807259
31725511
156717551
34749391
15831251
113541209
49469281
156756163
77469319
142934221
174710449
130089317
59099749
71399177
157713373
94397893
94301743
28920149
163367123
62533931
28428859
109131037
131585569
95817427
116132141
14964253
2932183
68514671
113449223
139245247
5323147
121512659
61508983
42662287
117382619
142806233
148884349
178881631
79990861
76592689
67609043
173169523
20466377
109596139
151842211
130512257
81248833
63788423
88097923
109964159
174709057
41843671
110952019
168200671
88476119
148837151
6999023
24030229
112538143
114327529
61991899
66792493
4772797
7842787
45687601
38684983
127548677
152256953
71216909
829273
22280927
31648993
12181051
112499701
159568847
6366947
58736647
43120057
30647011
71586917
39796957
85003027
131118587
157073321
173407987
156928073
149895401
48531569
33493373
1441721
76084499
160224301
77479811
14099893
76207451
28260109
108715291
138176783
67669171
73248797
127967863
18518651
56323121
76403897
133764133
145182077
51066811
152512807
50229871
82826591
37083713
165355529
2083643
53552747
160977053
96131551
167579483
80177323
116605967
99047567
148871417
54581977
89066701
3107861
103974649
45502417
154729439
139347401
118092629
14475521
142291297
114789541
64863523
151191451
86507389
6333293
115508633
12490043
113131129
174456937
18209861
5860321
166270397
113443361
59862437
32928229
110540603
137905883
10832203
69276107
20090251
77720897
53572331
33862649
26042983
42032387
106899857
81568693
52347293
146691023
156764287
24230123
129827921
169492769
158032331
159562771
15365881
48076271
4553981
34812293
131488811
126653687
97460161
38576233
82630901
154572043
114278893
38355631
112833367
18614017
61271473
57748073
135132841
23425091
113272739
45243907
143565419
96363299
41132909
13198547
51882763
2489119
127790249
73061381
150871769
50876107
34020391
95911661
96307051
10355413
33108767
178915637
80390579
26523779
34608907
111150623
159717409
22999099
158562433
149047637
60355507
100397867
178488001
175898321
118298519
48210907
101974907
135156911
154950407
78759991
138767177
18809887
61646239
7762967
124434967
163747877
20502299
56806153
123841283
83610781
134280607
135397771
72971851
158454407
153389597
41127217
84798911
24050779
177725213
149430331
4942711
18831011
36525617
97667539
2093279
102355027
75889511
142974941
107674981
179323451
164497189
76881047
85316513
105057817
27727709
53020453
124253011
52749343
154911661
42916631
159659273
80547923
74686429
101718619
172417237
12134929
138735991
70301659
176970251
97831081
133583
47416841
32187929
17986469
107761219
153284093
112124653
103036163
43300781
91371307
119281417
3941801
97983581
70712861
63102311
7447889
90359263
3297871
99799439
103609643
45292127
109870003
12484261
57594539
89654561
24020911
8179813
41093113
2023027
104547439
87514393
94575191
151110779
158180851
86628329
129878081
18482273
177717733
122469329
13641989
61548983
123689911
27936409
11761007
85642049
55817903
99666169
47413211
76177291
163608443
144284821
122299223
115783253
76231297
73637491
19961857
120159271
72897983
151239271
146007481
42276239
166855841
46920373
35086459
46613689
108475849
154166219
169363303
123353551
151357949
20874817
25139507
105407443
175588753
142811813
121310069
84635989
133533839
132873721
43246477
60501611
164000227
45331439
63366049
119705743
122293051
161307469
66663599
155324233
170153257
156538729
11807723
144439619
32463451
5685887
105726031
24634349
131798393
94592713
62283779
88671313
130302833
35507341
12843049
4007893
10644911
106013107
36021653
119390693
104011381
172631909
122242651
25383731
66780101
127459873
74478161
58953701
63273229
46798709
61342243
21306247
97072243
20172157
120140521
126844723
14243791
59782403
101090153
139539263
163935929
16234627
168571699
6270391
80209627
145943989
98187511
178316527
89156147
94429633
5112119
120983171
140240533
61986217
98395793
113825857
87789773
52027511
92883643
4847861
143684419
172656893
65154559
177273293
159391537
120407219
13906769
23821379
81092933
47091631
90851573
111924389
70864111
105130327
43151191
29194931
80153537
88503221
114630631
79577573
70289699
136410377
8451517
87890311
66585731
105937453
179321357
3264749
21860429
118856357
178434079
123517949
20367731
97418231
169624099
48133951
9275381
173114917
15206671
15053743
119026417
59143729
141215933
12843599
106542871
114522469
64671323
9817169
38876833
87726649
123613621
127964747
28352393
71915497
159275443
84067187
100548619
115507739
62369843
84121901
8108713
153127987
15541489
102108401
145259833
77526739
91469099
127969133
36730871
70084681
131894767
15189157
34653161
18729103
13233569
173383841
76157713
58344857
105608431
68064119
110221963
67205627
63252023
24576317
115399957
83813371
168937291
149446757
20776069
135721343
70967651
85685669
37809049
26403439
81327947
167771
97896187
77888977
153422783
21046549
133957799
57553961
102601657
26670089
90818951
52252943
3721559
133570397
170079097
64337719
19383257
73121483
140832677
77543801
149517139
173781061
129319703
71678021
75917789
108400961
47046359
174086947
107704411
110029657
142471933
73637813
15578933
172174291
155581
11516677
3515363
160151597
62280019
83788207
75008669
17413477
146538709
126167089
98436977
9519773
161143523
7054139
25365397
7072811
170047883
25691459
120963827
84457613
80274157
116284111
129815759
103708433
123477019
91561339
148719793
134177189
85771867
86763007
127201141
58217833
110793107
52001297
177401011
129194999
74790979
169042897
127865833
138360031
123324263
38357653
104666843
15755057
11433607
23136467
116185099
146361377
149940367
130296437
66674227
177677977
155806097
151368863
49451123
39302779
174742517
52630073
88933543
103355437
111970861
32449519
124898713
150345623
67260733
168213169
9747349
35090369
33325511
164482303
52084807
117618133
97010519
35323333
43895239
143130901
146806397
95777729
55928219
98744977
1821371
22942151
144450659
108799043
8586419
117378007
128485177
162039919
152229929
167602327
137279669
15507523
173968793
5606929
44738357
135969409
112076423
134043709
30094217
6244621
10151333
104266139
132152051
38475791
15130699
171915959
169430057
100526311
155655917
62605637
71329949
171818557
158335769
1816403
37570943
89670673
40887529
38529077
66306901
129366443
88684901
4100731
17185087
75111793
164265691
127582363
35859169
74888699
115365059
107845847
69729469
134747227
35054693
174529951
12116011
26491807
128249593
106555919
123630737
69490363
66249641
35338283
150716989
109989163
16826597
83181713
54401587
102657829
157722283
169266121
26786629
85370009
127494649
127302023
178988533
140587243
38507143
40479947
172958419
64871893
146666477
50312797
134100313
55268711
38205331
41469787
92787337
36303191
77904947
143887111
39849401
133221827
89431457
111810299
95873803
178109419
124155509
79815413
42419809
66360947
149491613
67517809
178625411
1602281
172882249
66608323
143241899
105501619
56232467
44869091
91433323
33696977
173829269
56590067
84078779
115608817
21863351
108757949
8603057
176154331
8361449
15663889
62164397
120159959
178917419
