89615059
172854947
67169093
126937021
74125927
120138803
43987213
84044633
148009679
122802179
172671991
8968871
51127121
76942087
86975261
63794891
115735051
23716393
66404207
161020081
71510057
97105577
169912601
307687
18671297
4100641
96375263
29054149
45161153
63204341
60800111
119208541
36471433
21631517
164999951
130819691
52533739
106087403
50922481
48979759
39237613
124098911
49371797
15186979
3101437
157414427
19909073
80965393
114271939
74975003
151481591
129139097
27579329
118185839
152818793
75227813
48316493
5211667
110172511
151112743
129226841
171383483
115998607
48505003
121820063
62802617
69847961
165541993
146885393
72855949
42479197
174630923
169866209
113603617
90285953
121634083
20865541
145549387
67797179
56285573
16676017
12059459
80588953
44974271
92080811
156967661
146030191
38707553
102428603
143343523
22908751
74337563
123812957
121790197
55985429
21287531
17772193
68779813
66304159
56747881
39496867
72077969
98671129
145412009
100663009
48951433
97549217
39532679
6570241
30225989
42016939
91160623
75419299
124655227
2763643
138719261
28104761
16113787
119158733
131633063
28016897
40841909
63095111
176675579
152182619
31252813
153125563
152027917
62329529
150651089
140506117
109246801
30922369
78360943
100710073
108286733
121743467
107560459
147157949
134003059
159720779
148924459
65851171
26786791
37717621
112242761
27974567
90080609
147708017
97357531
102774611
92937881
52853993
64980901
13166443
130223437
52113563
106578443
32642161
168626371
407923
34611893
140478853
112487533
142272527
57201707
114183071
11695571
166902689
8685197
157908923
108063097
33707143
72952463
9999659
88855037
157844047
49419283
5054383
41482891
111158519
56841529
116812183
119118479
23582033
90278831
45339487
53743603
147151531
10161589
103612139
61308011
100834187
124254337
4024583
132795293
66102823
163670723
31763411
109701029
51491731
75847589
114338407
103323299
70661233
6600431
27040697
36797771
60084653
67363601
18182683
61961017
164883751
163133017
100207253
160487221
77736247
134632933
157535551
63765599
22144763
42217277
169095691
130513997
134321263
127891447
100645367
177503003
71916727
77931941
143068357
156315011
97770203
86136223
143316167
6721739
169106227
172558901
161269391
111113809
112980863
21878849
169771033
40058101
29233429
26034101
41786461
155802827
65988889
150715637
146428951
118499093
22252049
7796507
63756569
60204671
28206301
100444987
37225543
50561669
115588853
100774189
80037007
158965193
28644233
100036621
7057591
91717141
48229861
5666251
90598223
71720039
95883829
99542231
50942237
66603703
404381
121026097
6685363
75269269
142867567
43482391
28500683
12599683
171217069
78530821
53189131
178790341
167599847
26341613
165608251
101596387
109500319
139634237
170426441
61830163
167872357
152788369
69669293
126742757
151357693
32823757
102239549
16747831
170025221
140153023
90315157
102955687
146472413
55309577
84676153
170437457
115944611
35202773
161432197
21218413
158400467
148905919
169239661
78987409
103419233
126226013
138449209
147389633
172485353
32131051
47369683
27817301
25758829
159774331
109718429
63517693
166417037
153965509
82891049
35407159
18229621
144698837
168339839
102679301
109921249
16742353
59324693
166658183
99440093
103057499
15196141
103120841
141677797
17930141
56790073
64200641
5557469
92407349
76026889
80380907
169659317
98715473
124968317
6311323
52984961
135885509
27478211
125633687
125805373
48462031
148830443
114492737
24053741
11905139
135894959
103037507
97960157
83020703
125785613
106924141
14786221
54295211
126318359
164854141
103655533
85085569
24927169
97234463
75092867
6460709
157383847
107150497
80197771
71643163
168055337
163887653
35795537
73729171
15167869
65606839
4412893
130471079
131538581
77242219
128661167
107353471
52610057
12726001
153806353
17672167
46552927
4124221
81517757
55239271
3764911
163082917
44953459
170736877
117322223
21282571
39762227
36001723
64899749
46785269
38890699
128672749
130383361
135808727
100229993
119999057
110538101
146786447
251483
20939687
87515293
88902607
134660191
27815129
4401259
21613577
86808089
41063573
40226167
40344971
143484659
133687289
14715473
174078889
48387419
173231957
106906769
60442243
80012087
86699761
99875249
16209691
1455847
30888497
37146181
21234007
5832529
95377679
43169221
151989883
58194581
7355417
10881593
32308637
110893141
98944361
19281511
169598371
49523543
147581659
86855339
142031161
114540901
13030793
123839081
36740801
85559911
150989957
54677113
29893013
139887773
178215617
126406061
177656777
74997919
126023663
127248197
115790497
147588673
176444461
174264851
106780321
129509827
1460729
139141897
97685507
28836751
155683289
101708021
139406213
48555839
121607573
88290203
80122843
26781721
168662113
32560951
95531113
53789167
41780887
80368147
60054473
105912637
41790787
124821329
8842027
84883853
11197117
52831693
161667791
121673579
95780837
152175181
89168531
59454991
144350317
87825781
169412813
981797
81484763
120996419
177342491
130196317
59679859
97614941
145787413
140223329
68710661
66053947
29863391
55553149
130915709
68587621
127070701
2231609
147573161
53973559
138640037
75661043
141813901
119050501
37406113
127215281
148522709
167739841
76001437
69557561
54873449
75734107
41636423
108454457
14423687
105031879
31977403
144652433
76896887
30950021
146441369
121925347
84019651
9743243
112700983
166875607
67892119
12038113
88609139
69623269
13610431
54349651
30702977
31450789
57303473
85060793
73869317
87281543
17690177
140780513
33517559
60087121
79946609
24229057
138394939
86755157
22981367
76116457
31879481
154399489
126033667
20664437
148603561
90468971
34691303
108843323
50726813
148127327
35705353
24305591
176572423
123333149
151209671
61107143
165943907
30369109
115081151
47105371
3230477
7760609
150322033
89255839
131193649
11714663
153462929
131865809
135742907
59931367
173221561
15652603
13610579
25923451
159692329
6418189
93530287
28814789
13183201
59405767
74675977
157144037
128656711
51525443
129053303
139711711
131332891
179330233
42548329
81746263
58774697
113730983
93861331
172033507
145584451
91705963
55764083
163478857
145096031
70055977
159698281
95672527
141772963
111404941
157785577
146785433
146676137
13154761
67462679
147546097
24239119
66977753
10824641
35070799
47927623
106291877
14344349
130104509
28841591
1195723
68776157
71724871
119510933
30816859
143536093
55717307
33392663
144162269
114393127
76683613
84636407
80924567
153957827
45884459
83226763
49897117
6151669
94308821
18191363
110958391
68350991
88223417
160035683
55750073
86312197
90759091
38707901
95604797
5973161
71019379
53616413
32044189
23867663
43683701
79015697
92180233
13754641
166431919
30845593
152792663
17837377
35558399
83941477
105102947
28083373
60019079
59164451
4676051
3308507
127952491
12635603
124137191
88108847
19708937
131117807
165566431
153850097
145062923
153916537
145415563
18989293
51575831
110639569
66226019
147251477
104101847
172710053
139543739
147871037
118118597
73123403
59965487
166137793
29936449
149491159
13792931
146222371
78808321
100050079
2174479
168401969
126343601
45243899
69361541
55038037
139285667
30197159
93984809
43062557
109756417
124949953
90141683
167705113
13243463
34119989
53709527
93387017
54588623
100663889
76149091
117902419
15852049
47635333
44601133
65344387
85911779
84735221
82640851
50897669
94531603
176104121
78449977
72411767
17539901
141820717
103595647
96647483
141458147
91805839
155081921
18452299
63709031
80332313
63755633
120139403
138284891
8685601
39295909
15127417
54056941
20186857
13415659
64728283
15899129
150891313
253907
173032471
167444569
159749921
108094403
72861559
139624423
1475203
86268289
162892439
26570549
116134201
29924501
158533231
172467019
147260077
1472167
96242411
26194529
157159967
163931353
154899931
15260939
8368193
108503449
150667369
42496393
9289321
58265243
133130867
84688127
123186451
125548987
138690949
4542323
177959363
38501389
38265959
48501517
34683163
82690429
69340049
99001151
173750923
116086177
31702171
30329963
112786301
54252547
65215393
67266461
12539057
177980267
52817153
82277267
76871027
122033801
58154561
124571737
116292181
88765217
108180169
4007023
48699649
66797
135661447
9193837
61731139
166860979
16929277
113608787
166391651
125878147
91312307
90765989
175737461
139770131
108489743
81619961
1657801
156666581
87985493
152780113
57136861
108722839
82385959
163028507
66051523
131038717
130178749
15360043
67540919
97731721
115364881
64137001
114856409
129153631
15800209
177142633
146324977
171366131
15028513
164318281
122390129
128014441
67327943
50555537
19526131
107756861
140578513
67655099
102569419
50656381
127001891
63686101
54690193
127153067
49522901
16425203
67292833
67801303
127232447
5863261
139245991
36151477
13023961
73120499
3747347
41027549
65564683
84933847
69805919
150787027
28681871
76691711
70027933
54561043
22872037
179173963
76495201
32489167
63917239
78830153
139647227
31544551
13530823
13458007
76975321
89582609
157476971
178771501
171103993
29817409
18590599
105731201
154133981
69191599
163166387
5500829
38460691
163782271
155013223
134228389
84100747
37942339
85641541
85983239
6286081
70042519
137075221
131761813
132678071
15314179
51970993
72741859
58456313
171590827
21566141
171379643
112943549
158809207
88948219
3157277
18079627
62137373
50103289
145275959
79952869
137830103
1867897
157408261
104899063
1649111
105297187
51575509
172910369
129618637
72027737
23492767
16628089
45419399
149765377
119306917
160548637
53833243
171002243
113533241
122074493
57304967
136416871
52734137
81654011
73460227
38150207
68886239
92610247
161015873
105003683
77320721
9550769
109261003
152167579
48686329
32458579
109333463
129611771
172827947
19689517
101547877
136717709
135387641
87361321
133382363
55188779
149323901
131419517
136009631
122742871
47115161
150147311
153368639
140638039
117487171
19957549
44239709
105029633
81527707
27967543
107056897
60755327
100872829
18205601
84905299
58225241
95876579
33424213
25546319
106794223
98580557
131193107
155869067
128831011
100978093
28310417
114966959
161251631
15609823
143714017
82970191
161226917
137420281
97363753
125083219
159506791
72468181
178483861
118226567
80076083
102143749
86584063
3233653
9227051
56088761
10593097
129190577
130232261
134109233
144957031
102152327
21032339
105914309
52680779
100710053
7974073
102538489
26843441
51656063
32710949
131408371
161924423
76549387
41122013
154380803
82308403
28331279
161323109
62002571
166888307
23630213
46175671
52208969
52644593
106498061
143705327
101020643
111580757
184577
97439687
15568867
150326831
119305421
156065887
42266057
155709353
124285597
152269207
71777861
58095599
111961481
28010387
90596459
2326283
21086963
76815107
147574411
90939397
110680331
66101957
175912309
29077739
148077037
107125327
24562147
99124667
153894947
6574531
101136853
14932811
164769719
70751537
34351729
24250979
9698783
63951971
80184113
133016327
39148663
172475269
81560113
112264897
111442081
17916533
29898941
110616329
153951011
22660669
30470911
131049211
29990269
43079867
173346959
29126681
126347087
126381439
32023331
70974623
174685351
7967497
22703029
175629721
49014799
12601153
192677
133497293
6736511
139186237
7017611
167161229
94356407
18732829
148453609
39674477
67127299
111297049
116712209
74210809
38510141
146772341
101498071
70402433
8738767
157227919
6775607
65890247
38678429
42702137
108254089
34419457
52756201
71278651
20719471
177791723
24637337
138709309
4135591
28489597
170447077
8378257
69497047
175454369
173423941
124498709
60766999
128735381
178859557
45178097
58693463
17303723
152436979
113075873
82481779
33860237
88595099
8913689
111816583
176924773
115934051
143091731
32588903
132367063
81005963
164165489
75555929
68141243
139447411
172381441
49255793
162528251
138721939
143081531
125147401
120938263
67428787
161468539
47533399
162858667
156275909
148700807
94269713
23800081
139313879
24531761
45530741
69985213
95018533
3898549
123199501
14692553
164008993
169114073
52690739
118498909
120568181
113799617
52153793
48377839
109646993
163672819
56012609
155021947
5418233
25014529
49958723
139101091
18087599
41536037
162293449
73395547
66472607
140928133
1330501
151949069
73382189
122421979
64297789
148790009
58812727
116132101
135274171
96404813
44460631
38895257
124079971
97733897
162256453
117529133
172985959
66438469
54865703
21257767
2403551
43854493
102809297
45530773
83578277
141375869
127581203
138223181
85607341
36504317
99779881
143000387
125981021
77922497
141865793
55904437
158959343
77611109
171044057
7495307
76653743
6631477
62745913
91337159
144572861
141378893
176789059
25814083
49782913
100860127
49196239
112892411
163770821
175349311
112547263
27509957
149181139
157930601
15786259
20341313
138451903
95044063
57950597
68066981
104235097
154738531
144883433
166499779
147999823
142357801
100959659
75900113
151632823
141603559
122048947
142322569
10587037
61446611
160355827
30873677
96291469
84205633
127958291
51759797
158441489
81243313
135661417
108426859
116892311
158995027
119269993
57539597
110398489
171080243
53729899
82460179
137757937
71032547
19461133
143275553
157899233
101756597
216133
150101803
145807133
137624281
17961583
5655131
113032351
5067619
26440543
28501141
116075821
167011489
105221693
160758503
30231823
77324573
44865841
7694543
40744127
170964181
67619297
108717971
21784699
53451707
34521299
78402229
173523331
77546281
131435599
132883297
159575473
11277289
67876183
64297133
25355257
47033939
82709353
137678171
159989561
37629979
168956947
127774519
149873123
35332663
32463601
35953201
97802161
161989363
73365841
149124557
153650317
97714307
4017023
141221369
63160519
30354839
136821959
167610041
101676689
28839721
86541227
30429701
103978759
98858983
30489541
84605177
160233131
9251353
76083071
178705591
4662137
146518663
175465187
12615517
105928117
99091427
140729483
149064247
118540687
107700907
169034143
1157413
15057967
119603069
130794439
149040349
110373551
138831293
20245637
61040857
129459259
77494349
12130049
90564323
79158347
14403149
171563891
156430223
65068651
34202947
9386339
11454269
66109993
65513003
174581021
3315349
119124211
115472437
60609271
25895593
79038943
163540393
108578489
88575913
2253113
54193171
51845413
125486461
178906801
57259871
78524627
1322693
122493757
99482897
21810121
129114277
9529823
127314883
33520147
115446601
146552479
91583117
92827037
89466677
77649503
96594943
169138517
126462139
164247661
152380831
125129141
69779903
6848563
28997873
159326749
112657781
66391781
62456029
95268343
98350583
175880407
3671147
110128933
64704599
55460527
46102843
65163013
8159419
120019489
28849241
88457617
137490569
25944829
130388131
119202299
163645607
88543199
58912981
90003359
140445661
80301379
168556459
50781169
93751589
102763811
149355527
8887691
42438917
125872217
90156223
11992037
132244331
125667181
6835033
156675107
148049117
5847053
158446139
58685453
93767497
61085659
176958143
66015491
134071709
162927487
161541637
133139711
34689097
95004059
1568221
39945341
73658863
90134089
67237693
137071447
143786381
11863151
156450937
150725489
81414859
177153869
133084019
146210699
158731423
35958877
119374337
137262959
97609409
14937563
9159499
83410417
179075683
45961207
172311661
97763903
125624777
116059897
155208689
111513253
114443501
40271447
99669599
143770061
123225517
71013893
63222793
165795527
147476297
10215433
139259201
71343869
177338977
6893573
115465393
12250463
122145077
175957979
102295027
145709581
36224411
5658043
174391897
117374599
28025917
12790571
151561493
102987223
49045417
177770419
68218211
75593803
48183169
15773861
136626673
32621581
26850337
136226011
160875529
110433041
93725857
149749289
28835003
14667067
27715469
175202239
164509441
42348583
58876787
133263913
41968159
9711883
89158607
128211163
131838923
2758829
103766119
148855673
13570223
90948119
70549333
10013863
96357553
176157511
108069427
82669603
175331803
29909081
155127983
41617883
114009659
155109667
14937887
34219121
111618799
163972141
61335559
143591989
33487261
118682983
112413757
70920383
52084369
126390553
51453709
54902677
11158981
50237357
74515733
169772123
97749077
3754973
56218597
50416417
169818617
15334903
120018947
11228227
126504863
161670347
124514641
49664359
67241177
8187769
115387693
99194353
89362919
159983501
112889761
33611821
102033787
110833741
59295479
39458681
46180627
7456837
111248183
75504467
93976517
163262903
114713957
162399613
5719913
110912303
43961933
75557017
88064321
127563731
50190521
20522741
166313339
118624579
158724829
102312253
55249189
162585859
143964643
128765501
136907413
127801981
85586597
48961531
99682711
30405211
143683457
61046701
12704621
114097651
1598089
78739769
143334553
116701051
118197029
75414139
153818891
119991881
17611597
159425873
115522081
20203301
91953661
157379623
67353467
160677449
68895199
26180491
166647269
53231887
17891983
20475047
101684269
43461259
167497727
44916481
63761297
3988087
99362257
153830219
89525123
140483033
22506247
36043321
159963577
84677429
136203377
98075513
162221993
47373071
150480829
173316421
69168439
137510507
1252187
87118579
79274749
83651333
42226421
101730169
910207
151825799
117186757
137622517
155052727
44697929
4098709
105122741
37580533
134019917
50972491
96509737
61482293
34835767
6846247
91997629
100174181
38464199
49747387
48485981
56145919
105823777
122266337
47578813
111026533
43233161
149330617
6125297
2360621
54871301
44737559
18126221
3435059
156026939
74406751
140311001
139572113
103253959
45690191
35124911
40228343
37215641
156504679
122022137
58584433
133261867
149080339
10261597
129068263
102248371
132955259
50640857
115678867
160480483
22502609
7421807
26914781
23264203
79669297
125915701
79990901
3430951
1184317
60756277
99886873
12296749
130554617
121125377
91337483
37040933
6248771
37294249
71799983
44132173
5507023
124636277
108529789
46269929
16290191
34845227
178507919
114864077
178472543
112264853
3503881
845809
100177507
114818443
55183339
161304709
163209439
13600063
30662327
27886297
136258169
163911599
145796407
20436863
9721853
172284043
110445857
11526643
15362299
43880821
46471583
107513599
45397109
105677179
166184257
91665061
149894587
69557759
172545757
37532839
163044389
105825479
47170621
84437579
94247539
52607623
136922713
161552147
27727373
53463287
150906859
162977987
38480077
24610199
14047199
52797253
114431689
69847627
19859629
149781349
61919629
90308597
156235561
154280501
34995343
2555027
52371103
66617869
72045037
86282461
136135553
40369687
171546691
38031727
107660351
161046859
61420181
173384401
43868519
162890449
104516417
96475033
91947887
131881943
138134779
139751263
89645791
87405403
165616819
73190713
86756581
34336573
10223113
165615049
109108663
22486309
16011733
33149423
27823661
30870881
68384453
24278641
107830171
78630373
133421263
92949677
139678369
122891729
89135933
101981921
147435661
172708469
51174479
97791467
22650157
133909757
93546239
169160701
176023621
7544939
103912649
62066747
100865473
80439431
159016841
68880733
10903583
22260607
25082653
109435493
88465589
118082213
18075817
31640599
48801167
59647871
174971897
71712887
50782189
41834083
109314497
2371709
170007209
102361309
23043703
104298421
16693471
87242209
50341831
18784709
46920397
3465949
6590833
125637641
169988123
113470073
85186877
11738711
93458363
118485179
67693693
15260689
92964737
20830169
40352197
128125409
88988303
152038829
142548559
140340509
67893799
112722539
90027713
13205891
74382403
178116371
159764573
155949077
162393419
48513617
159819547
173886677
161131909
106449781
45301213
17647963
1600789
173693659
137740991
41654989
21231143
84105247
35072483
143290067
175240907
79138513
75461753
129323347
39350527
146248019
29592613
12175879
68912771
12683863
61403299
29900371
117254281
35397853
59543917
93293443
8560813
4272659
23306131
148099837
30521209
83575253
57249889
80758019
55314443
166277131
120847093
78352733
50076163
122819189
54184087
129852427
40911293
130447397
94888139
61375841
153957809
31752139
130120181
114796063
69624169
34396829
84848879
39475039
19133071
26008727
27703433
20956261
109610477
149435641
31276321
34333007
41125691
85804951
102957653
60507749
17167547
163783027
1033337
56365807
68839387
40707119
100104617
63327301
7850891
38322023
67493497
43382489
67211077
89275519
143369183
133008521
128539507
78531643
22261697
52617347
36186961
145748737
134310461
63114647
123002959
60074087
41749231
151222147
119391917
119570267
32407541
78381473
70713637
99322133
91676267
36877957
49618627
63521221
134931527
160844441
69076537
78512311
120278867
167288831
19162837
97622957
122795909
109615027
147214729
9331199
48752357
93934481
113550377
6500177
17201941
26039831
172104749
170366269
133194689
104926651
83029007
72068911
39873481
43373179
36474811
14662393
117199633
32454533
43604207
108234587
168103097
100728869
93240863
11741011
50580737
140696519
136510477
107684813
5635219
170930029
48397103
52591793
91746973
68658041
143100943
150885529
109481831
79899409
175392149
32334461
59135309
113402687
71687191
42973153
11652049
145634977
170246033
81124177
139573081
42450607
164401189
40786201
171592009
6382847
76718783
165112919
74306509
78452329
42640061
85342973
14668723
64442743
72381877
147482077
5844053
160524197
26207827
12540397
104673551
132420707
106976489
291217
50610619
36905261
24037787
96416729
167998067
29008697
142173623
9015283
21098191
106246183
89085823
125443337
108847513
115146233
13168853
163236649
41464919
116674099
29074537
33317939
154953787
57298729
33133741
149889769
143289947
148361641
109125389
100830679
133623673
112912201
103425677
19651777
46630253
177688949
20682499
54096347
165425087
39382019
168612907
27756073
153369857
37323677
28416697
174516817
7245619
133822951
53642507
101059523
71171053
40347551
123002507
35685197
119930807
56286733
176731537
170339021
176436713
13944703
77816933
43618513
2517133
70935847
158896657
69860671
176150827
115784441
98953069
85219391
169904257
1089401
19626491
55803641
8395151
73129103
96800527
56084999
144927319
11400667
36141019
175044619
121206307
91800679
69053767
19174123
149217359
172733471
19886171
73473793
173977423
36480107
29905331
81658777
37696177
65433097
141089219
122591251
167984291
113733593
160609507
78670121
167556293
72558217
141641099
152277299
136398373
80888051
21602033
89188237
27993913
136114591
59735537
34768189
163437343
136619243
173200817
24462617
99911267
23656343
155225867
73004567
10461461
100023991
99937391
171679973
7432277
118103393
148153777
110094791
6028177
150471229
9944377
13823231
96293143
127655921
46911173
87495679
82841497
52028321
123873839
45584719
87176413
93334277
67653583
9649819
11061773
42304597
5912581
70914071
4776599
1573081
107316127
164395571
170818129
125778413
33261937
103750567
47583031
48294199
16482209
7785823
125649791
167943169
26579389
173238739
175074811
11021183
104153503
14765987
29436109
64957973
145925291
29179223
124547279
173265569
4868833
159825811
174009707
126026237
156194923
113045213
148689131
82374991
46093241
3253937
87864617
175622407
62699641
103130957
12713011
128284339
29008937
129391733
119809169
81324289
159839161
69061823
164953849
142456543
85339781
8696617
19687489
58885973
161120677
39374173
101701489
20851213
103735969
120798973
138771587
30260861
166730783
157377887
16774139
71813167
17377819
42855983
54364097
178641817
50503169
12448187
12749021
22011817
78295961
175249961
164811037
14038553
63700789
160351133
113745959
111178423
78409609
155023259
111163513
15999037
10509949
102420349
4331489
44860553
74788621
179356393
131590111
29383427
112212437
173443559
47116747
116063377
13956413
124598443
167415301
94609763
37115279
24107389
24776233
145267781
68520341
17692247
177571447
48566333
27479203
4320919
95789081
157034693
70186297
88113061
133032821
9832033
87530461
175537883
20348903
54823619
7435499
38454067
34561199
54401777
109479457
117617299
121000697
122762099
96370709
45334013
29885041
145254689
20009537
52555631
65172853
173535491
47891803
102064817
170808437
95165569
20594557
9757907
167244391
25447957
50800819
78774911
123402241
31544207
104024419
34615741
19354681
105660109
13970239
7460813
7585463
178999531
87865693
76424473
30572093
85842989
107576263
43989157
110493419
150304519
91285661
54632519
30413447
61246369
50526403
53744507
25936049
18909773
10434901
10728481
163562297
64208141
147493777
148784897
143157503
134109233
145611289
54726073
31967581
157500821
132714433
114049393
10256327
80714009
143066453
7227229
86081867
173725369
130703927
11906761
104665013
155540491
8662337
170936153
102782287
117543469
10343647
132511147
173212891
103430981
158607487
58001299
136851469
46888013
109832609
50506867
133757671
25698367
127105309
172720957
52127209
97889321
87636919
162750803
154774021
170173259
7095437
50737151
130314017
130742957
95605747
114774719
175666441
86990011
167245229
50403449
115228937
40291367
157713469
95283847
59832343
109189403
37133501
121607359
73018613
72101683
22170011
150724127
143568673
156316789
135500177
49326779
176674429
34779361
10305007
156820949
14139551
94509889
31288259
18605227
121138027
137312543
93852727
97275791
75974323
179352911
98195327
139781921
77906459
34645081
174246287
150813491
34996471
87091793
135330799
67902643
34337983
128053501
77249327
107210599
56017739
46809221
74581189
75466367
94448881
113037167
10528619
83803747
171887341
48144367
83859697
172613579
15128741
33910391
89149063
30460217
88941731
163939487
143414671
82487749
34808791
127432049
108436873
167738713
23811847
37561091
17520131
145633337
2493221
30095419
129971377
99658829
116984929
63095731
82784677
55411093
29206423
165929573
80105119
113584567
120899663
51433883
32225731
109869241
56570279
144852749
730619
108082487
14064733
118592207
146989981
81969227
24257399
76974407
69885721
178632599
108012767
62307697
152274259
47757691
72148169
71233969
99433819
160785787
93653123
178307587
164535253
99196901
145596547
17962583
81149633
31457383
145128817
27272347
126534271
84752693
685747
17827423
59976229
98538017
16961647
152544937
145618673
29375921
39520111
171111937
167064497
84797777
7411771
138871919
137122709
111123527
178174163
35393873
17365093
37434941
129016759
124624063
102652423
162054799
164309779
54444263
120377083
85490413
78102163
27077689
125546027
149086001
141993311
89046007
170940691
25008253
139685009
66192187
59978381
171220759
86526677
91604017
29651683
14299273
100088797
16502221
125454649
26385913
81330791
47449679
23851657
156227219
95435581
65422433
39623513
84440729
24304963
172244047
22666417
146088533
16242101
111859261
177644771
77452783
109635611
145783709
94328989
70019
169315793
134323297
56543507
97735369
143555129
92173001
76951319
63418081
130979861
37210211
95429297
157085329
52793203
71445767
146241169
77637881
27072599
300193
5125927
163380361
67042097
60563927
67038133
76249379
20704727
59343421
142964779
81319621
151846753
31272097
157391569
33978379
152349437
23506583
77853929
24917401
57395929
92771293
179060683
129725087
30584999
145391749
124108307
54372389
47554993
735919
160678603
140412023
11356987
169494617
51271663
11651033
47615833
54653959
154841059
141953897
151775791
37202117
127722181
145785589
116723917
71545807
154032083
62113411
57067873
126069319
132560327
26257171
23787371
105936767
120778981
90170471
133226101
67932791
132106309
1983649
116419819
48781553
69397567
173504077
128098363
37793809
104943617
135672371
178829773
176757611
148613929
17536997
41094281
175559627
125119639
131731889
78707261
135693457
115802251
172845107
48176243
53249759
149305241
94495567
61491401
58641967
134878987
88358989
163661809
57273311
68023289
1270433
1515719
48723583
81076571
64140889
79532399
146750789
32050301
13041463
66060893
98925149
106407463
151763459
162691169
90155957
33686173
78555349
53158661
139622597
2633023
125730221
80089367
30730211
174804193
86338103
10921283
88363459
98303873
169706473
98288173
53523059
95921323
99403061
116298251
3397873
31882507
173507051
79934857
133819471
70487761
80717099
95211269
123111257
53882173
49139347
65363203
157799
90166183
159412901
35373727
58999487
84878831
134894743
125198167
38942411
170186659
93972031
79277893
145364587
168528629
25042687
71262041
22118951
107751509
113095079
12261181
14627317
116374123
170284031
43793279
96920731
84093551
114893953
98164751
28205509
81111967
175499507
100551827
39975241
167227513
117250631
56945159
162873691
41266003
137871869
153355507
33824983
136166801
129894293
59961259
150101011
18457343
166362191
80936761
177324041
47482783
90561781
60373961
140646677
13318471
69664741
119207147
296183
102730343
163235857
132999071
128937719
21090731
111520687
152656997
160226089
159627233
68932949
92654651
167023931
134202347
3523231
156688583
108728777
136521757
22708093
103254929
133242643
179357623
172268491
39526801
18159851
126615197
149893039
163850399
165848747
121990483
172679203
139959179
79272101
98917333
41867129
118805459
39024611
22908073
157629161
171571969
147614461
15350267
154772017
114340241
21201743
153165241
60179149
156816533
76500313
71522471
109498289
161185601
145833943
90241531
143915383
72859097
133198337
120961517
53171731
55682621
140564947
135302449
109134899
78003539
42506693
21301711
139529389
138402721
112805027
5743219
147744643
5433287
31673071
7443629
59975843
108169319
151892029
135352757
153818461
53224267
177233951
155553337
117887303
136453673
125557931
12838057
105828967
5180101
94059307
136593047
104633261
7997303
161857733
36647879
154501211
764837
106777949
14098621
141204251
99532957
135325699
49242497
89447249
54603907
79767409
10050013
177812851
156317989
154543139
114618919
61214479
2223037
130270549
176948143
179353271
90093709
109404961
27380923
119540329
53919559
119729747
108240467
86221439
71729747
17963717
65480201
83700949
127093537
179399903
4936381
124676953
176243719
42127903
53684863
175692997
8234773
7812361
144480823
3232469
56873569
25203803
157775539
31572763
21743287
128942119
165686291
59449393
131435281
173142253
153744589
140242589
24568871
132679171
129213659
81082121
56585201
51353993
76426177
68191043
62020633
32695513
49806161
162111373
76071623
51058433
51147521
152940917
112566319
61548103
116675989
106467637
13731119
121080431
48670067
68311877
99486587
97495903
106279241
62749861
145058413
122832071
125877779
73397743
131571991
163158421
148375753
13671607
12931393
82134083
154522369
84976267
154004857
112043863
102840593
174972571
5489129
154462717
142887461
90909881
42244981
154726499
96813551
75390533
151310179
105597199
79281859
53740691
17578037
102154639
34710649
159177419
36375043
121492247
172282507
75001051
104478349
58747561
171730633
136779371
166714571
153144989
120203191
37407743
148435741
154152737
32838317
81027391
86671771
88666549
13048249
131223377
17879263
54287587
78553169
111819061
60609119
111613267
128713757
12445781
36928817
150978791
147818227
60428773
10652021
69006871
129626011
7523863
23292263
85338859
68711389
64383173
113969143
117952447
159051517
62269591
51387019
53808497
43494257
30231197
85534063
127007737
8130779
52178431
154604057
167902817
51791923
129168497
91196621
52115881
65555209
37061149
16583869
28964539
58537181
125740133
134787043
2611009
50929951
59169349
169242979
53803247
75325373
122607649
126930949
31874387
4354349
7537571
25437773
168101533
36893833
108377299
34497077
3179027
92272309
12121787
8434213
108631543
130154081
104010289
149762267
157614713
150319751
19103921
113707813
107940941
106761023
50175451
132751897
74016413
72503617
72031649
146466029
166431983
134682161
23028121
159543971
117198689
109782137
60597331
108842101
171602203
18372577
106844347
46153951
59330983
38755039
115724461
20259521
95012531
49639141
143119993
174674527
138995287
113558747
12750091
25458737
98091187
139838921
126899117
174600539
130603043
9510509
163200361
144818987
34720327
156013027
110612101
12078323
64309309
46876471
123995723
66024941
108018721
98069791
83241167
26856601
32437949
36600121
2612383
55742513
160160401
53513269
122402039
45066781
132251657
121792283
130392401
42521341
125673137
61450183
73560881
15130673
74174377
170442473
23259011
65705839
137296189
176367943
28900523
106168369
54451729
20260547
22639619
141503339
61132361
148267663
145874383
99990329
141069421
177717161
97495543
51116413
172155869
34047047
114189263
41425333
24081271
88765241
56158789
50011561
72133793
37483687
86302889
119867953
62275841
45334693
80762167
156403627
124144403
33532969
84275551
29705791
33037553
92312383
48711283
97249147
63466609
63667337
101828263
4224131
63877271
87951859
145000987
50082317
30877697
139502497
157305649
36969661
25863067
33619219
95087981
63879853
48349723
61542053
97447157
131223149
93197887
122914087
63827303
164582777
54597061
172272689
31934101
21621961
156987619
32512387
165648907
14734277
132600749
135747529
30631481
14327851
80198819
105512467
51373403
5850319
533777
53081549
126067307
80260597
86865673
63404563
34235099
154571371
162832547
119994311
22847567
73006361
27752233
174266777
134333117
59137151
69676331
17203343
54646847
59232791
90212249
23340901
143650121
131038603
9022159
162993899
169725169
68386303
47390191
9700573
16220917
138249901
96580831
66652549
120083783
98957671
105047389
96708853
60429599
144190747
135509791
50422529
11375531
121067291
36883403
111276299
78078947
72889589
20259973
176702443
178029277
146282701
65974591
121067809
176604331
120205297
85561963
37260427
55390889
29611969
68411929
142530559
37671701
168597227
56506319
28682671
82631371
152180879
84148423
110389207
1268797
92650759
14228869
30355253
143891809
102778799
102949589
129816307
122227993
37407509
119026519
105349331
172087793
73903751
109694009
113903359
3769331
123291283
162854843
95172313
116717747
6740473
152935291
72518177
64311347
148902463
126259277
24398551
50356721
141624817
26153719
54153929
65401277
176086429
66642311
19110613
76932703
145440629
49048313
105719717
170512883
44884769
123290213
48384871
118983721
21993541
149267099
42052741
83137069
143415073
171810491
108539279
34175467
119597843
148324073
131406001
71466053
15537773
135476413
30442873
62761753
142372123
173469671
133771271
140228567
53868959
140159783
152448859
169359529
38851513
63759121
147113023
43804841
174757489
150675929
167311393
169995773
43630883
152245607
152199217
96437269
86234689
3725753
103683197
145311557
13148857
135507131
47895059
35176501
135334867
75935569
17220781
42098249
111905399
102177223
132690133
55086289
142481179
106224343
64329821
126785279
82363987
51163459
28690681
120671773
101591663
119311877
142815203
24161701
40262591
139890613
10899517
136484191
96925691
84928087
4679383
123858193
101077583
93437579
32092139
27915413
132125579
60504259
146890553
143862541
119035243
40126523
169742123
41086307
60358919
92412679
7995373
53761943
24933241
60511441
81448331
85399651
62300129
34307869
118865063
178419259
89220959
75172267
40516181
197837
3350027
174061673
94861097
109439461
29558029
123113533
157823011
84024461
161611049
63238781
72245477
86714267
134038199
157789679
124233803
60174397
52460459
71395837
17769533
99598657
92987129
51553157
13798451
58996027
46044497
145416809
57539197
49702363
49008493
129085367
46901683
11379961
6125599
121815377
35940137
59296249
119923301
88310857
135274903
177233591
72743947
109215121
123599507
26870231
67189313
5802143
65033897
105711187
24312923
103052203
66725287
151578043
92004181
145741963
48740831
8097833
154544527
5159447
129460363
144664313
95221151
104577097
18779503
42893069
168989479
79535381
6096439
56092867
130199857
140194337
105800257
176440711
150736679
24990319
174727643
148549523
73744403
6526789
2817091
26712067
16270391
4361689
57041899
170901923
64079549
147681271
101690999
5940841
120714457
116866349
54853453
162113299
126489287
158556679
97040501
153522797
141368167
62175359
151728581
162540571
178514927
136072633
168355729
96979013
11686229
122229101
84441817
137225779
14730407
121444129
86543609
115033651
69511411
157302571
160602121
30691301
16994657
16259389
143828231
3020651
87831683
96626137
135985051
2555989
70565491
157590619
218651
90366053
101486887
113233151
102528077
70076309
95662747
76799603
91919083
161471003
6175237
72686239
48655457
128580119
20794121
2325881
55276667
1101439
170699807
91688713
61887817
175873837
179226821
9749141
96691381
34969229
48686537
157853009
10420549
135183833
93139037
170565533
79670147
44635963
133192259
148540019
104517857
50024833
45216121
27673189
98889173
7748893
117030811
6021887
130870367
127676807
80157877
34853603
146462377
102862343
157909639
91267487
12613333
50433199
114386851
153410671
103609007
86050691
1631573
80253101
103660201
17050009
100316581
95149213
64885181
99993211
141700543
25741633
93507703
108019447
25120091
92825653
174225907
105861697
30167957
119405311
30174961
129952259
135501059
87614873
75029189
15645053
84113347
176474513
138961373
9199171
60279743
72498089
139321043
23757533
2507003
164090071
3609637
71275333
15017833
20682869
10453813
86161177
165508043
399283
127335451
34752941
39919409
48778507
38490769
157021811
154967899
98902649
93064441
120535787
90788641
39469583
133917527
67298839
63638947
102259789
19295477
43760207
152931169
139672619
142086719
2313539
114263327
20556923
14702509
83834759
19724477
79811681
165424949
78484279
127318039
133967797
95525383
175598429
118448633
136331753
63196741
93925621
29279339
68634103
131754457
50653331
160734347
7405477
88076113
33605309
39148177
32294887
61771573
69751277
45862309
35289767
57081067
65459837
122136031
166594807
128332459
179263867
65225299
13161047
130956467
95456117
107816201
10115471
107205443
122489023
114659749
26888959
89213419
128728297
38309671
150970739
27329849
163041787
84701077
102974297
96456923
177556037
122049209
13120799
89526769
32084267
12694327
115412161
90128677
156360227
89923723
38852381
127910593
81435833
178608923
45885911
151553201
17012077
115783439
165342917
27175153
30487393
96162301
83170609
63577763
4619893
5596249
85249027
10754339
130933277
81374833
93335377
5427781
118418207
80761171
122240309
100339279
174144521
46539043
57312839
126010889
157826059
157443679
70058297
115606079
24206047
53568457
82544131
49265911
18471793
61625107
1208777
9817117
6089869
175363703
142530217
168830273
21850333
70138963
38738629
5181977
38599459
62725181
91744229
110683253
146304497
105608861
145318009
54981491
88023701
39775807
83364517
48152761
177291839
141690823
126070561
117641861
83115503
167647187
42835217
62250329
97467079
51994711
94277423
166860203
164594707
167532733
72996557
38364787
46265977
129654071
40244053
56781001
46248361
164081353
49065931
12139151
18163331
159177751
147104059
149108347
148216463
85802797
42113707
152517451
81685369
75303847
28402483
23819713
6977461
147223441
152933953
107102129
17023169
2844931
101096341
53769167
126766811
47869961
108875713
95483291
150657907
14245013
10244981
57683519
85894663
9119899
14412173
34466347
63798211
87657589
8161477
97702853
48098959
8893793
88926433
90115583
3087943
118579411
89641543
57475921
154692833
47517409
23061559
159294053
75128077
150291217
163032511
100314449
83349839
59962867
4277639
18350669
170122879
7307821
129851209
73289059
26655647
185753
61734817
173946049
69074729
104301553
79713707
62775707
129491347
157139033
156857693
101928971
83617477
87621623
167865223
91120937
67090411
147606713
174374131
53990971
22409353
83868353
167618533
1160363
150330317
136562771
12769609
67593913
28818947
4783451
45302489
121187071
54578357
78167669
48994109
79848271
138632771
105512167
76793599
35341043
160929257
33783361
94299089
144281387
43646303
97739849
41791747
153387811
80185969
69551591
155882303
143931527
161086661
66779981
159045737
148831811
91326199
24084649
99471461
95016191
19604407
156453887
47873687
53793497
13345379
125898763
41586451
24131447
71260663
37071961
97517261
57934949
13555469
15505043
35540423
134045959
86066537
125757839
159603517
79622219
109902259
63792889
91727821
40758493
12286861
129501149
148555993
24552383
93181183
110164673
76895339
88475857
174163463
74539459
178317739
131088341
70555259
110882209
118196899
55162039
139792099
50910269
138334591
103268699
71741057
113922071
132747211
113368369
110992109
42793039
149140973
30652891
133387361
167917657
68861161
167797897
57112963
87185093
46789451
159276443
156691607
134557439
121400231
102646781
144350293
23627209
165152629
26821061
3675079
46691467
168734063
133844497
47819747
121649719
91929029
17098751
30758239
34206989
36231521
65480377
149797211
86515927
87247931
23432141
24760367
10679167
18260989
51166667
120195709
173301577
130970137
3921991
65785439
58502207
64819003
59497549
151634911
65843347
50324543
152599883
27137269
107501789
81282767
140439799
52159279
50688233
162467033
1632821
75520639
165459719
25509947
139775861
128243567
63772927
66133607
174163057
154618393
23400929
178487461
116149403
98627279
132282043
25158767
46082149
9070729
126618929
79645183
164363977
77324383
84285671
3995671
26826949
99914513
78491173
168632921
152774551
79771163
8986403
167342173
51276523
104981753
11974619
106142131
36550847
84429377
119308139
11703103
321329
111296657
165520441
19030919
90220057
30944899
34890727
127169941
2652623
106057253
173142071
132237719
5805973
139604189
81255397
3993911
69334943
22042661
77300527
59160229
121075403
48566519
150074671
143144779
84346001
32376317
73485007
158616229
84241217
44475617
142497239
65370131
155378089
98521151
98111191
78879323
82697011
178981169
95743951
75690689
22518889
25879081
109584733
155325683
136447973
175408021
44227553
4070447
58490891
119152147
65002151
153610973
131757181
140835691
40860923
77582497
46558957
20701649
93900377
766531
164751439
96166003
155630131
154301297
105579587
82654681
7502567
21911297
145364171
4310561
975053
124930783
104245147
29838217
123931783
62209429
55631243
125556461
96674741
80012957
123089081
8660161
108860573
118576049
6785111
34107503
25959881
154165079
85156021
95731171
92940413
77753341
112373881
47251511
35408291
121651583
150002821
136025893
9059123
106624883
46388779
129029293
38589497
76884737
76533641
9731101
59890213
22348289
39978493
123141763
47985031
18154243
47763757
120531347
166735409
67960933
22186067
89889977
61118693
49205957
173669567
132032839
23164733
80136839
25528813
97475341
155007421
25351723
5970203
17692309
42392353
37078837
136079621
147876551
85181183
135550451
115335959
138280547
155376079
45560923
174403373
178296203
163753103
70179377
27092281
114013451
58606661
89251469
5299457
98512919
28088989
82371649
57595393
25510063
121377653
134695931
77776487
30092479
39024229
39039079
130655431
86739659
28805597
48452893
19312133
10174783
31532497
128889997
154320967
20899159
57353477
88042121
116621249
37851647
85448581
99065441
32602601
51224249
83544551
16763203
178114999
155338717
118418347
106393213
25489097
156613559
157403023
146633413
20635633
160224179
177961499
85122151
127646749
169887233
27463057
20958529
7719979
138722263
134501747
88647157
23507233
151320661
171579713
156635761
140806417
19966069
118694827
47728199
99861823
75002167
165214057
125233177
176080739
31801841
26320927
19148651
37398077
52373117
42240871
74632949
63763541
91092223
72468113
117870713
137700551
52790119
96956957
146652733
162924493
44727769
122966341
119815561
48323399
152912233
145073419
149063053
151992821
168608701
88951
167461579
18563557
135825449
113465249
177708823
57135581
78532679
119915053
20846461
82548199
97421627
28473937
167046697
133442063
106204783
177017179
101841833
10690639
153210313
128016107
130609537
126622343
9763547
151536907
70139177
139646627
93922987
18498617
112843853
99163021
154642879
29403667
31702613
158802431
85360339
47278877
37884767
168186509
96967391
139225517
310781
57222647
7578227
122388073
96387281
143695297
5023121
34653809
53351747
98200241
126914423
43003811
86452481
128487763
58064161
123896963
122702201
149432627
171502717
77846599
153931441
27842807
62516417
139387201
152954303
21818449
20228489
110013677
67141637
129627997
18681491
96568547
24954409
150354107
106805681
98950519
12927331
22260167
145754429
58387183
76310503
61714027
145826777
31411687
156695131
46351387
4416553
64712969
90760547
39978073
30373663
169422049
160753531
36318281
15439783
71164607
169094047
161723207
96719033
12309797
62623039
100681283
22927519
164644699
72925337
7399643
93735731
125720459
4496099
114676733
133797011
38559767
106013239
38870723
144806989
77469989
7899539
90449603
72050119
85407251
115491107
119391589
98447029
47544983
69830083
142480049
161401811
134957869
59283317
8678149
168691049
113955299
53728153
41411933
142684093
110811341
39596131
60152189
147699457
91963231
17087353
60480071
96735983
3360613
167231447
127833457
58794539
106729963
36012671
93564941
45269339
117267431
36160181
5573999
30217093
106020073
106247651
53514563
23429027
4424191
172117801
67897801
173674637
14870161
57734591
12547091
169523671
133377901
77603717
36906367
64669057
63922291
58501727
123959357
22763407
68500799
4407367
8695601
89938363
120523001
177611279
62545657
32920189
112122889
2874721
78943517
47933477
171732439
152281303
102374677
96317747
143846083
92091281
64651511
141752627
91992521
166374823
120974417
140089577
36700141
86417059
82742147
83035753
55005521
148977421
49647071
13519361
1248691
60414349
74992843
15891541
162180769
48692071
110597923
29393009
101834431
42958801
10771049
155679653
4659881
41906869
163489229
113463323
138217213
33371539
104401001
15674093
53601347
169039183
158458177
151058027
57892789
121990681
150230299
66038573
43598077
56849297
29356337
115712347
56973883
63616381
178490981
31998677
124192681
59489831
98533157
39476989
33410009
168348233
172197511
164929939
168842651
118624637
62376781
145365323
44937461
61093013
77142053
112197691
20765413
69388463
148832797
38610193
59070203
17591333
19992881
68346827
83762059
7990823
67375897
153535961
48672521
728969
82084477
177363113
173863307
41202803
140686159
63840451
45839819
153522923
50792473
88419497
13539319
141548129
119021963
167648179
44086577
35738119
148379827
130182119
32631017
80156227
68318051
29555593
126526573
132828169
62282719
19704331
44751529
112544983
92665607
45019603
172135309
66793513
149960243
87038771
99014131
52378481
172455901
31325209
151499251
70843681
25503437
89694413
154345649
11569703
29530021
82410233
139783379
127571533
36869171
151583477
165298337
160275589
4993379
127236961
2930267
118096423
23760379
1489403
105891109
16028743
64513331
43249477
96568163
8496517
174735751
114508741
107745551
80685053
36144401
16061093
46718443
47575313
33143041
74761667
147267871
86374957
170028277
10387469
93927989
52305733
83575633
99299449
157557773
116725877
110202293
37262867
19167913
16300231
26841601
171526177
35253301
100012259
13851791
5363077
71280809
74349199
98063737
88615547
113214091
69724579
85599377
23207021
46028123
23801641
11335873
127439453
17796563
155034499
12514417
149726873
147246661
113650601
13682789
163413097
105303271
2530111
106808369
8914483
167122513
44158001
28679909
29203151
178660217
108149803
53948749
97793359
170625373
43084519
87827227
1728193
158254561
56542097
21760679
45574651
114864149
1310143
146321671
37311013
112155871
120554747
160885037
53154481
50744821
91373743
117740213
119772791
176067791
71341849
62102701
15766831
28495807
26225539
24637489
116429077
40280783
26368267
82959139
106699141
49965233
158088641
87383557
21582251
113759383
172976017
118941101
140170973
9865021
152290057
129298261
76905793
9301217
117383153
26275261
124424527
25306273
41668199
118830377
8298137
88855531
23931283
82962223
10178933
81850519
6358021
69500843
101805709
154498271
10602607
74762711
16761331
35641121
10181767
15495223
130640513
73915561
7993679
153750581
45928829
70266727
80662919
126639091
47689333
58450673
100819291
74681371
153085367
84137861
123463547
13447639
7247699
32599291
64115683
41713787
118600189
144968587
50858069
5283731
140592901
123145261
63029129
10472771
25068143
133476611
162744877
37566829
105545267
168814117
159693067
137165909
60356701
69003359
91791317
127248227
64615823
132972841
153683347
139971497
24263791
25052299
66314021
50928763
55913383
34159009
113498677
131517359
160915879
68231419
78929881
39405043
22947083
93119773
9985559
43635667
62988407
53609167
20495473
165691697
101005991
59248639
36114587
102124751
115666277
72430747
56963689
20250697
29690159
120445141
156390727
9536353
165034673
23845351
71825899
25886557
172539013
166035899
11147041
82850633
119941673
138682153
25866767
53636461
140592833
67959469
94121
163133723
147455563
174236851
3503959
37943203
46003403
126584443
150569513
178051277
177247099
9509867
141840403
154899931
14263399
2722801
101433811
114497717
84224939
65708879
119635291
44022089
118793573
120070339
126703063
111143239
55288643
15884423
132313981
140696669
29181541
109201181
151395953
68753557
161705261
1604557
175936763
136942651
172903051
76157791
84450829
138184451
10106843
44970127
157004797
19678069
14524789
60907789
165667963
117604087
22035929
174953557
122928263
55565969
12260123
9421733
81908689
68956189
129285031
178214117
59577269
12661783
110763949
164924729
143820571
119052631
36310049
115242931
396533
47010209
166754923
109578353
46510481
38968157
89508527
69093371
39809369
6362479
149792413
121347301
108108983
41831759
10957801
108299701
154829977
29672459
175686803
89749421
179398421
148654277
141411379
520411
162656807
128229061
16789391
100912913
158373841
75178861
117325121
133232173
35777023
31086137
4674883
5082313
169598717
71815153
95853067
110229653
4983917
59973401
134880469
62808001
53869489
7828841
151605749
151470821
17644493
137213771
62996599
146223997
26267831
98243063
173900957
59984921
175258373
92435857
104960279
100201391
20054897
77889521
107903897
68452141
70974349
87015013
110207411
148831861
87747161
13297619
101479757
53258383
90150143
34978409
20857073
11558711
24685261
168778607
57026909
147473581
88033261
134665441
86112007
102739937
72558323
165334229
46192891
64683193
26635621
65335093
67148359
25158739
108193091
124049743
98756467
159663731
159718639
20985617
99447553
169480481
123532943
123874199
41687137
122430491
172070051
137691679
107971931
176351171
65865707
13773541
29702857
64197229
175520881
141848513
102165199
110970551
156839257
94830361
132242969
109095937
146142739
71867759
102180511
92736661
105542807
135997387
52212169
62823797
80694701
23357827
36653663
101776471
135885443
111652019
81158951
30642281
177263753
134998373
85312177
22561631
78397031
100178707
15744761
116322673
89354647
131378077
130145797
130803707
52747687
156964433
174101483
3572321
118971719
166239433
60756151
12343099
68237651
177888497
167370631
154513343
164275123
8542777
23651263
90405071
9585403
12705503
158296939
34949701
111889781
44117267
71176477
21026581
42503453
115630271
166967371
156709753
46848017
136818827
35122559
99841699
33637711
134360207
30110239
80052683
107013013
109435451
146039813
44751481
14749411
173552591
152404397
164789659
51309943
21428611
55443979
23717753
130721369
51098693
93074999
96439177
33900673
53615293
139345517
104574139
123054901
87156583
156830197
113666603
157991879
178758443
50922353
40593451
70354387
56744881
41843873
46187497
5879123
150865621
68654497
84612569
11280377
165595741
143561129
95101177
25535483
175904557
119365229
60166411
53188957
90768221
117149257
151251917
30620753
153528673
179031511
64277981
52251299
87381769
2674223
74325833
43470563
56717887
79044377
15803791
43382179
101241391
36682351
119547907
40700113
153501749
35824057
163139521
81397781
137387207
104405929
40180849
4468927
164695723
79408243
164815333
32099647
28326773
23157313
4565563
35399209
159490843
132430489
88924349
148918937
815831
109619291
76366721
99215581
31441931
12862301
172717669
12453869
7048409
138576419
14569669
108483961
68893663
116370983
90219907
103408801
107321831
125042833
42993491
97085647
108671413
20504053
65525027
94919521
83365159
12329209
113411719
167251003
55873427
8910301
114073241
123645649
28455313
70191211
89920301
174170569
9279887
124507963
19767317
17481743
173737217
80895643
4159289
150399499
148319317
110696291
117907381
25923679
76969163
163739129
33495941
41888207
177950167
131858509
119085257
83759933
69738667
130854371
114001751
131229281
35008201
111194609
4642171
35827157
27203161
6233719
45767471
51060439
80747041
154502563
948391
89570981
49975333
67187573
26511577
33081967
76059913
54624091
78260947
139768021
143134021
23139157
25425977
30916309
85774309
31187369
40654499
95209841
113883073
151374019
134455591
143939951
29985523
147392299
71689517
124434361
153014383
157096811
51954517
58702789
167280049
136373071
78644773
140984533
42231359
4310711
41629351
65791783
142866943
27691019
29434189
23012519
53384021
89901121
30685367
114702803
85969199
28930721
77331323
17420483
104353609
103338317
54313739
89169953
107710039
52053773
104373779
14843999
63202231
86295113
5423401
110501627
93788267
4434539
19830563
294029
3957829
4720627
150157871
17906921
154399429
129710303
67200401
32441653
124899001
174455971
19603813
66992633
150353573
46228723
156155239
158182039
21353417
106198693
169210303
86214347
125804951
111855061
51065041
151913561
88217929
176134949
146852051
86518577
3069119
88276351
68774777
168992059
30994879
8111149
112799587
72088943
150389923
163908181
10157321
164209517
57293867
109782593
49269371
173088581
156508771
131385053
171943259
20598881
21613673
544099
122166043
100816031
32352637
75711157
65221817
147200257
113611747
89195489
147985219
21659153
115364497
7743217
173804539
138102311
45946613
54859169
155647201
145273351
57986351
169805509
155109553
24027121
110664193
376373
129275569
21402163
102863393
164041043
30477397
67566509
173581489
73284677
55014341
171119539
10667333
120214513
58811947
175012597
151708169
33290143
99449453
99620033
33315629
52120381
69889117
72833881
177588121
79434461
149260337
115468861
36512759
13203457
80220121
92004929
14915491
71397761
63672797
62324459
26246281
96719033
4181987
93277141
85464817
121624277
145405781
129024349
163040711
26253919
97582321
5526481
109154959
56304617
49016743
115994471
8155309
176865643
153525661
138926663
151894843
62967907
2131231
55417003
93791251
40935959
145217783
46615297
52082117
3354391
154747631
152033317
41732423
114646799
157571111
37896763
51443417
95869811
32764357
55071473
4201817
46429307
108321181
84365293
110745251
174065387
120766439
122278991
126559549
144422647
14107363
40956401
50106967
150728087
163260557
49660763
122184341
111405863
106180517
7704289
101622173
20157911
61122571
52099823
157762933
4790063
164458517
1359499
11921087
49584533
88246673
10210399
114519719
147254623
29490871
47111263
115511057
151523851
33672577
88840799
58888573
80334461
56962109
55599343
117777421
141296417
20482039
150502223
10785119
157511593
80319103
20479919
106256131
139429039
59948521
45166327
7174399
174364051
105845137
112064647
64003391
162482869
139301017
95132701
142422541
131779643
112599647
57417523
28426087
161108329
43423921
172075583
2471173
110149679
5163001
168185627
13309097
11702417
38379703
170634601
31887253
167584897
118400791
18414139
128893871
110456657
130910621
15295381
19749689
148607777
138415481
52892621
15532117
114288379
11294981
106287161
172891249
158608469
174829663
58854209
169805851
80012957
48009641
18199609
87517817
120761579
48081379
115820057
65772071
78229637
53572499
85556213
114301219
21067391
48889453
29624369
114265079
135412369
111813323
43192411
176024449
6050747
158260397
18538753
58484927
104486209
3424789
123073733
36234329
118729249
150654337
110501537
71715029
3244613
16973513
39786391
80085923
139660819
94918303
19696051
74583827
96404137
108085973
151508759
176849311
131688901
105289273
162198077
92929933
132321401
10616029
88787983
16540471
157279747
92666443
168380161
21713023
167337109
133621021
59867947
121871723
45821933
55936553
157490341
119440931
96034693
122963933
118544381
9634633
89636557
143872849
34852879
92084933
102415169
49872631
102479323
123638797
145350137
7985017
156521809
31888867
124358341
138259151
99279497
35132809
126407669
26715503
171376237
171524963
94762333
55002317
113860013
164103389
85813993
49656049
140951269
108559163
126387797
116271809
61277243
103343179
92976817
111312193
138763769
102480701
90864941
156770191
90965153
128064463
132873617
150794561
10646387
93839971
2342071
3137567
144569189
164386483
48676319
38805433
9312707
29388011
118101617
163708213
26136437
141817223
108763661
66778841
49105547
91564457
43490039
157033411
94445641
28021003
70051697
50751229
174177737
18611657
37641463
55451701
86576377
10546153
41758247
93862403
91599887
67289389
9988579
51351637
68946277
77248909
2256197
36626069
176894233
64624493
99168869
144222049
93094513
111656197
97509821
57310283
80598811
7068287
127423259
36733453
34156831
11772587
169523429
130558013
169534571
171593131
129205837
138406349
165513877
123911651
112098001
88536863
65053661
139482137
16216111
158397563
174463637
17093333
100375843
115885061
145709407
125457469
29981893
113333371
168832381
154898521
16383233
135135113
97867397
4250767
35264753
83579311
46502023
22435619
32711993
50566741
150639787
72695891
32957581
11347253
59097461
20904293
156140899
63914597
93180071
4441037
118041181
96890539
15314531
165465439
59873089
84028937
173808601
12735743
128670937
67326319
148903747
74055593
12944573
147554503
150205651
128311723
890531
91488451
167730029
17206379
24570487
138054151
160756391
126202861
116239297
42001601
21969113
38918189
143844223
51913327
103444207
95612227
24519883
132206917
167219333
9196339
56590007
55067651
5954749
90130393
84601037
90080407
137767921
63562673
25546519
111360229
77512243
62716387
48598097
159684197
153832897
96564073
155405447
54780197
138441097
125923799
93466741
87770567
25106863
57879037
161211779
38715889
54258769
75074353
87245099
56108267
74968577
102290393
10887917
82012829
145640689
159270043
173995637
12932629
70315871
153393469
57320723
136116557
63853001
135297259
70711409
5903621
142256623
13248061
102181273
168033209
17339587
130772627
163483717
43809547
59122499
118315721
161173343
138129353
75975043
149017357
34849453
146924227
65318609
139830893
60166703
85296733
163022003
64242169
15244921
31679029
7874359
122249789
71840611
117141263
94067767
41028947
178043611
92739509
40381751
166950577
9901019
170737913
121864849
83966669
40466843
100212419
114921463
98950487
152663789
161703029
31271563
56484629
3990073
80262991
50622343
150890599
146861989
32978831
1394753
65077273
49485559
549643
45178153
144978437
130260211
95051189
75299737
32850589
147760913
22412827
123346823
132509653
78729593
128888867
148890223
94031953
117815393
21770701
153280667
129004199
9028519
48632863
97455569
124138919
175746091
108115079
49520971
31935259
40155361
950423
26055709
121993427
67541171
146993687
154348079
154414457
64971779
41150117
137782063
20980699
56281003
147724133
144644671
80770201
46998779
6829549
140914303
86392093
173293739
7192057
164811613
155348183
130178837
96104513
52879373
114727783
38775887
76007297
104982893
65257853
128584349
112147583
13546153
38724659
43699361
123267827
20915387
43816867
19914173
17280691
164264857
136859587
131873611
112558777
47658673
65926769
156633329
16728769
128076313
117838199
107536343
135714133
136445627
124398511
125738423
57700717
95523889
11732789
38262943
59935529
146312609
36356479
49207
139466851
80357681
131759713
52101373
169432069
118293503
3832657
127041287
108222617
59198459
142284847
41158567
160778353
54064159
114354839
78673853
127118183
49739293
82980221
92662237
153432679
157256951
149729911
81055613
75091721
50835283
110580073
169559837
170225017
10215503
125806487
149171677
125334071
2116663
101309573
30414337
64178591
83609881
124505131
37683983
9279301
90501329
77755861
58577891
140307649
137988793
125370787
45951209
54217661
97512137
84362639
32510873
150892019
74873569
60200243
7548587
89186707
163924021
21540437
129046717
106850407
89437013
137750999
24795791
112274837
73765291
131073521
147783421
93947941
126374021
101662637
30930023
72154297
169790683
69564557
173902889
75467291
23684231
171490327
46376123
57545291
143156561
89414573
110290837
23784883
120064561
109177777
169543093
123190973
117969503
58545049
135684041
138735593
59561
137886011
45125569
169080347
110718211
154959773
118860767
153272633
130684969
26529677
73556611
12395989
102569377
109128473
175333283
10145683
114186223
46827481
116935459
54452759
19792127
6686051
146855791
73562057
17288191
151688917
118948301
134514427
146295059
5749531
66303277
177377087
61059659
139424063
110699999
97948153
27850489
80790821
32780519
172800997
147963797
49201787
105417857
91536899
154060799
35254013
29166041
102739033
31864213
158253247
31334929
124563293
76425721
158076553
54746701
64031711
56548111
162070093
128996789
51724879
18963079
136924691
120705881
13338329
169285463
99924863
63452471
62273249
89097079
38108251
173315851
129203479
141466967
106135193
122617723
111120307
2726461
87070271
95908973
23655629
177398929
37584409
97445401
23591969
47168857
24307541
80640403
367259
18341129
54841153
124509809
31440733
132589861
129465901
66451081
4567193
958327
77392459
144013487
167311609
16929179
32075627
1546357
135041171
138142931
25151171
78312821
82505417
114739811
23749171
47210587
15748757
171892009
104810281
61901459
51699113
120580091
44196589
159141907
118191713
14754139
80755537
136003639
18417661
44316271
61499059
61577071
43803313
84730043
136406689
31087939
101238583
10944529
11820521
70238263
13542301
116660809
117673733
128595661
39435839
162904447
37320499
177814409
137515747
73387619
19124591
89064049
146437537
44617267
58268671
90192797
88579289
29127181
72092849
119638933
34168331
28673009
88179313
154057481
173607307
141726691
101356007
3390427
135280087
960983
38824117
125718343
31426657
38169889
42368791
72403427
117446713
5642863
19870951
144446387
122723879
56726147
142120079
155991553
148836361
41853377
57696547
1625321
172829047
6156599
123038549
9193543
38963027
59993027
110433901
9771373
155738971
92340293
175737209
46071911
109026311
176528003
83326961
73685351
4281679
118060289
62059583
136300823
227707
128404187
156424379
167240531
52365427
136204021
24448201
86343031
8839703
1761857
168189331
109218721
173065051
26057077
156723617
171764773
10365221
7050067
36863969
147910597
29950579
79195393
68403607
80520163
10553947
176107601
59155589
6198443
50065739
21974479
68651827
70258921
157106617
129601933
176550557
37045147
17137777
52459321
2032879
141929033
20157593
2092537
113073577
14327713
145840951
27536659
8107577
15119021
112250311
102224873
6247277
9634199
99206983
105445709
149261401
67133713
143102213
36042317
177627341
109872253
64655011
61667741
1960877
73003741
134258221
48269581
103508819
106744283
109511341
132675449
106264273
80752561
150369827
87434203
25931431
144535939
145379911
161413411
21947371
44415923
163432499
86401787
16115089
137399039
80017649
42391339
53699369
148075891
176008639
38469913
54622133
52866743
140460631
108686239
94431193
96210043
103620299
101134247
80456209
28368559
179380723
83397211
66409003
44770507
86948941
171391993
143419943
34160167
12715939
107649181
112530707
160085077
91176643
142656847
25641823
20862307
31048757
25032521
103144801
145801283
102238571
177770911
32394881
11771831
78016999
31951919
107547823
142021739
31016497
135050249
136225469
84729461
148171741
19101809
30247853
11750593
22377871
110199863
14262049
8121973
38813947
169936997
74788927
159702293
113143753
160968539
157145117
21297667
169908169
177763241
105827681
15946951
89214547
18407227
120551191
111956461
73807037
2329133
138265843
156142027
143767493
117974869
144206593
179199491
163121207
23160479
53890601
54505421
22967863
16258841
5330719
24130277
83081443
99822319
93913613
153242723
122792671
81638101
70698707
94565479
33918187
13947341
166720651
117701537
120128453
79344583
9044701
168341713
172826659
102706631
39732103
154201603
100735153
87330163
11318059
124325329
74979323
178784371
116706839
99128417
56724593
59323631
169248361
47593009
115228961
93244589
165915943
106447007
113047729
37503811
51483763
124939361
86692997
98192203
120052397
2505407
113859377
152621747
129811499
715123
1685581
38280703
48025151
175176679
9752191
120448093
79883977
131184451
87808499
99333449
1700087
63463237
159051247
74565779
41601883
75944521
157610987
8907443
4712237
26788033
82261043
11263177
107897093
126176317
51876199
14122651
58270873
16592791
41892163
48579911
120995053
19956887
12312359
17413447
81169789
13051991
164890357
75061499
69737747
164879291
34361053
34000529
73635311
19559201
129740977
124214663
20665367
64937
111894547
68376613
159101639
168335351
162800579
70696127
178650811
89066657
30279031
161621443
58035563
133994261
16445053
173434607
69335801
75903379
77504789
130206683
54179087
158586377
54268549
162580393
37041077
91410931
77693683
162699701
132658843
66303943
179379373
32460811
9458107
117600929
123493061
60793181
89586251
167169407
30340007
79076201
19610263
164247511
141106639
82518701
149348897
74635843
172034539
147181897
10090981
30718907
9481723
69423157
28850083
21632879
108800507
110716369
45490223
167930177
134329333
140172401
118726871
67424089
112075693
52168663
51529571
99985009
82696013
32924173
87797681
125413121
62903831
122753537
74847011
75390943
80437381
7118411
160480247
48763987
29468729
107618669
99193013
20322569
48678757
151022581
24225661
114087109
27306193
7434997
35685751
50823041
94112267
131716843
114543673
123044443
145124351
136742189
135258923
71297801
83510509
12356647
11993519
90712709
104779877
81440461
159647207
49905893
12499561
126124373
154203433
112418261
165356227
119267033
62810857
1160567
24490351
103393967
106311103
118647779
37250131
17578039
126648271
67553399
121645609
118602689
61845613
35954419
42838511
75957107
156832433
124951727
96144127
56035403
52042217
109063681
105805867
124388597
160649633
22764107
152160521
176603003
141669049
151821479
160861189
4663513
67074569
132676079
13471889
131179193
17856593
20101073
116967199
108103481
34750831
171170551
112872667
134259943
157899593
164955829
79398677
103962791
1039477
146713993
43005689
85673713
154364239
6983387
40333141
30463087
149190047
35049803
49644703
31968791
53882447
162329213
68365321
86473183
176515249
98120489
144406919
29958821
13929809
74549249
101258327
11835877
8706059
31565851
66176287
50782177
117574763
66074831
35540161
84991909
18582523
163991833
80640467
5219603
11332889
148270867
176482741
168913163
141713857
55348921
25413937
102292579
174283987
4799999
95682641
161935211
68276839
8659997
59769131
138424283
178491541
142755149
164544727
34688617
55651853
107323963
26773183
40795357
154121771
130619933
7387733
95854471
173227519
58649933
89675699
108645787
145617559
23795441
162010307
18725033
105714563
137773001
97739671
89498099
137268343
77008559
83287339
18900419
113299247
65583241
178852243
58932127
94226711
121305551
175669163
6467471
175042607
103237117
81158263
106069109
135261241
168878797
103109033
32758171
30327749
178002901
109113853
145284467
46438267
15011641
125377199
54480373
138198803
163830809
110618947
517499
27571039
69263443
127970431
75869293
178197049
99501329
112925089
136280791
1548577
18316187
174162377
65938973
74642671
124178267
178818649
78131411
66032569
57421123
97981711
144343877
98549653
20359099
149571017
65422733
103831003
144325793
119246461
19673023
98497081
8164991
22717609
55385327
71095771
170882401
111107351
121164481
101000747
56838161
62630977
130156993
47253113
31874963
80518481
47137793
18424613
13109197
176034241
48013663
93799597
46032869
106878691
87099349
34022363
36092597
52800323
119477851
51424229
161276233
6979519
42054697
34191797
40558523
13309771
162770089
3414679
79712723
45206801
25909237
82922449
15188291
100697713
111937519
136671019
66693581
174542491
50607461
21560479
131857301
51857177
90685831
82635253
170080531
119492719
105120259
108633673
1673981
60950699
28047091
67309427
148439839
15159743
123585013
103486969
114142603
103759673
115507109
52944251
133574489
4144739
149906311
10397117
41815471
106694239
127539043
175046147
21244589
103817431
159578333
18784613
9855233
8191903
138064093
111131611
169825949
102541279
5993699
56061091
115488017
139968457
102231697
152122211
144382379
142145197
11406127
3533479
94852013
114064289
57883979
23912831
76554727
37626349
55313191
16867489
141528619
170003959
60298361
82357573
40321079
30947431
8360221
37158449
33037811
124303229
103140049
158843579
154953017
155883083
72374551
138608747
76578011
59829379
114556451
150864017
86773331
1751353
2196749
170899429
125688649
11975863
5141869
125589161
159023807
37124149
2662507
107812391
40694677
157868741
76762723
89817773
60425509
38939371
131645441
79389593
73839193
130930939
120920209
102128237
66395429
119930851
19373437
146975141
123309881
47370643
162332101
136179359
123861743
79835597
44796137
105920123
121188713
19141781
10686787
2207983
117947813
24237727
49101281
14670311
84131609
157817551
123527659
141736313
103849523
138249193
144797923
6021203
88738201
159755747
36000959
64298749
110890817
74147123
63908059
128392631
69397541
153993649
9333407
30734783
133134527
23614999
2117719
115999027
114460243
84522587
171720083
68639971
74570359
2048027
97926497
91117001
63204149
138822107
122539691
88109017
13105957
76562323
84117793
121489261
120186439
100561789
148765637
85286423
93795479
82690117
26773121
162659309
152139349
136593461
178135591
59091059
31789183
150181201
41003147
175681063
49080991
167476109
90987289
76557671
44313371
158923693
24310151
3211457
105998873
55258597
1715561
12269941
88135627
81927691
58038919
56908513
136034537
66653113
145193233
29507377
60189133
11438897
137563093
123326171
87498413
7071283
14243221
110453597
20248427
27826327
66054437
48731407
156559609
80395309
56795741
143475487
81070279
60465971
79272101
9176939
118015193
129050063
149402819
144202307
59266523
98612387
173533673
18148561
178205471
123807647
3913397
111805907
4459841
7815799
57210641
120331903
139667069
115118911
99085739
30163531
136630517
158190589
94065533
171380827
34873757
7039223
152018239
122747231
49956791
131092223
137389793
91154551
121340803
54675631
155453999
136922711
67041203
105074033
60445261
97413301
147774871
49661509
34566793
113553169
161044799
33619517
152722993
156140449
88829311
63741869
19717547
58945903
39402367
153758873
3894101
95901919
63686789
162392333
813707
94268131
106909151
172605151
164334887
113273821
50225743
98632951
149693471
85126009
91142827
14257651
131064061
125464631
125780833
69450929
136249249
146622919
26518777
98560607
126431603
90024133
49268459
23711509
165006977
59949349
161339147
6259901
77367431
137395829
40853651
17267521
179133629
128812237
169447807
126450547
77547233
18391123
135260711
70637423
6571729
52750387
57935153
71610257
20364431
112567463
112982599
111773689
23488331
141035623
30594283
12007211
24082901
107883469
149751769
41401933
177300323
45776161
58118611
76441
142733849
141774961
67764181
66300071
34316167
154440067
40267657
91584421
112426859
149854079
130431641
158658223
20708497
67210811
97031863
58754233
110369509
5113007
141195143
78567107
14650099
56800673
64454149
29965709
18902707
119193299
114266987
13181401
141236321
135342173
16789831
28327837
143499359
152954293
96668303
84698729
172455131
121858927
134312281
63215821
43486159
148568909
106856903
37298687
178632847
41889559
41993141
34734211
18398423
81810373
49911773
72705293
52691333
117245981
78970271
129837793
87359563
98064409
68677391
69351173
115527479
154399879
112948621
169489517
43132849
115444951
17246377
120756557
21823589
26945797
162866147
79746391
55435459
36136981
100500163
112014407
6982033
128365619
87101639
116534233
52146539
11944759
175553281
135771893
9051841
18370691
103932319
5096999
59910373
113508379
4551233
74315827
115713427
58587937
97372603
160614071
148720009
146136217
60008381
159235589
55064809
77511769
160740191
44743123
160440727
9279037
150122369
88400261
87878311
6721609
7894027
104264263
175737817
121603259
163921489
162759881
124485721
174239543
71984291
107650337
83763461
107205523
135343057
114585799
129179671
102270481
149720383
172720703
23404879
75615857
87183739
80773067
71447203
41061373
73377439
16157441
139156531
95551129
162155951
115684909
27604693
158472137
87736489
67640249
69106969
18756313
86909903
59737061
116709133
17621269
46575677
166951633
141094043
128756629
81039733
175543321
53697529
72602983
34171729
172774583
137421469
137567323
74750957
155995481
81112531
95362291
147159713
143252869
59158409
44499563
16221823
161299373
15423127
46447319
82552277
163321931
1958683
69487343
134568067
4262561
118516529
153915199
121466593
26088697
134453287
60711089
91934497
27597331
5723491
154635493
19889897
24926329
139418791
75422209
102151843
49885273
2726917
114587861
30754817
51020471
145867571
45864677
7305373
70306987
40434761
900149
71234227
61880353
63487789
92240591
12392741
62964467
30478697
90141371
175176049
36993427
114484973
72982321
97163621
142760867
97972573
91612531
133536421
90504569
6191849
164245903
77684491
132515657
61530767
45333731
81295351
60160781
116183867
165546071
14595319
16432747
71206711
105374237
67851989
20046839
166634813
28711
104409709
173376419
70315121
76526689
129436729
37045913
155262643
11321291
34473463
22337291
35509589
86831161
44788607
121081229
65520083
37888307
109308863
61294949
61939223
129392623
75510791
39952747
129574297
144436889
12952633
124699973
16748107
74953783
60852481
154515583
125527429
38165893
1272079
91538089
9200327
23349101
134495659
58807237
169125277
129581189
31257059
20118029
56613329
105541123
162297511
1481801
87723743
50663099
30522397
15215531
125628443
170379133
94062511
69384439
167943247
116477549
1388837
125983031
14281823
152979223
57129593
125086499
95459333
122637709
131670347
1080077
87211933
60047017
18800609
8361853
73718597
68024591
71451521
149102969
168320717
28931869
105542911
11089613
30116041
10053191
173292323
100443527
90399979
89451619
18035141
8954063
78955861
57459319
64267771
69301403
24351571
2343241
107802517
24758117
131503639
155806621
24935147
102125071
93442343
115678637
101947273
61999591
569623
120412951
15939899
35816441
168826519
125611067
94337083
109894091
103758689
18331549
114050803
39587437
107407903
111684277
146240179
147684751
65585731
50071277
140403623
86275529
133339571
132671863
134747773
45569599
133418497
14276231
156033919
172291913
82785499
18889153
76371637
69558539
143352317
156796583
77864651
61563751
59240407
122494703
221201
169886723
97717253
41134663
69070333
90123119
5482097
12160751
105175831
8476747
116390083
146693273
153321307
169106347
56204149
51730139
134722333
58775279
50711489
28635017
20666783
175482907
139924517
176809357
20786131
35250223
57483731
162958217
127289017
86559199
144002879
146098541
148590193
115193509
164074297
143487299
36029143
148999933
136576241
64124881
82008019
17511929
27710693
175554439
159231109
59566219
38090513
102246889
76307873
128084227
24872179
160572301
21531953
131509453
28582159
99394849
35778031
34879633
160909459
173567411
168199007
142464857
86688809
144496987
27694669
119973439
12118969
172349431
11245057
64925089
39905533
24586831
10871951
102783209
35455853
89207617
74158001
18232657
162035443
161962513
40599919
103682353
115472527
92737789
3861223
134428447
172923437
177720401
56858107
85611563
73463483
48269131
27097957
35514701
99198691
71731927
18025283
55947809
124158743
36057239
145196369
57417281
116977579
128224907
5142989
80186999
39030307
50064359
45796433
171483457
29162269
176398219
153392039
11602439
18382873
159704539
143566979
18360491
69789737
46744279
58462387
175134803
8453987
3257269
46517839
66027883
119959601
54816011
106332419
118836371
814211
103563769
48505783
175350503
137204033
28457203
177341929
174908579
20941321
27503557
88144907
8861561
59970649
133581509
81079367
42079769
122844961
112036633
16307129
57209059
31563989
173995837
88796957
46240141
177078287
159405149
45688127
108946259
174101689
111464957
58085779
44334559
40751539
30640637
159464959
78466727
14099009
57818647
105532111
36947263
2125751
99255179
38937383
21366907
129385199
114395893
82726649
56506673
22259551
26755753
24070517
154236221
9651913
5892937
114146849
144757927
111279851
59273833
44460281
39248329
76533491
89407051
173200271
128009939
120726031
19769693
24511901
127459459
165156841
54431617
37703261
54910123
114184871
56897597
102174139
114613451
137778007
171072221
90089327
262681
137764867
122318419
141375361
168332261
70418813
63671039
6789017
37659217
119992721
151731901
106746491
126799793
175521029
14337599
58506691
15998621
2442113
35294687
23993773
170709491
169423453
173528051
138404771
89027797
88653839
154533499
19379909
89492987
27095911
89170841
95221277
168268211
177987037
52571111
150483251
31866719
109990889
129420283
172923193
77843089
44548193
45819791
2808079
141146809
100540793
132697679
110936737
18631841
71330263
141644947
150488257
82177471
71370983
77411093
159809261
147188029
30020273
82265717
58102607
128315191
115529951
150555929
59036071
59221891
34647097
45228961
69355753
74521309
138508627
32911199
145042327
25211261
152339423
93489283
61667341
163954969
41490193
95935717
50886167
20176829
89683777
9918199
136998577
15803581
38786381
132928979
157713349
36223507
4414703
131234281
164023933
152380901
20781931
142067357
145643387
46053461
67603357
32905003
116285327
110118793
80898997
115780981
6828827
16073063
139365043
90120347
127395857
178891423
110953907
52020721
156576109
80796241
156164311
125462783
95828839
96557341
102522379
85810181
17190031
41027053
126676889
110182799
42398501
175802309
142120463
10793551
290383
49434421
108374429
9628127
78885299
19257551
78297409
167555599
75747899
56054363
129473327
26382133
88276081
75585187
118916869
172148849
123133211
92183419
44288953
13039097
132326371
3995429
91460251
4091771
36633101
125877841
56920841
44715527
107399599
36056809
45024757
171045949
36789461
87281947
10628081
142657439
1187107
20479553
73337153
101890147
116903807
167985413
144029477
134930899
72782261
141206213
95524409
19922293
100531253
116108819
99973177
141144979
90565411
6086387
46048213
172190783
126149521
164142109
64199413
87619093
78224519
111346883
27031363
15964951
166707773
5505037
105252193
22401031
39835997
14555323
87653773
118410473
17522353
73843073
165438461
10715387
25816709
102217177
122560883
16927541
155385497
23263781
44922583
122462297
124915279
54070813
167776129
102317879
152944577
28747981
26682151
70477991
29802769
120289693
127969393
39786977
48017989
117642823
11994233
43733477
37922341
163280119
71498279
128991991
10333789
3275599
20321237
12390541
108839323
30887327
39479917
43033399
16301471
13086037
22445741
55980829
100726229
41732473
150074663
53122247
25365287
93493249
10093843
129663019
40499033
137777281
39053957
133348543
129690731
40195921
60312827
69913433
54957941
151263407
106331941
111157769
148527059
28693081
49310621
106879753
141065219
34441423
60179699
27763157
73998817
143273477
92335361
178117339
90864799
10555211
108086941
117917279
68792849
168514741
2239807
44766541
9239039
12890659
1744609
835721
34967633
156982627
157347079
95711023
176623103
135858439
122472667
1741447
142264931
72450353
64090639
2208991
56482571
169385941
22534933
167344319
19304573
14793797
84975601
104443601
69155341
52197601
121463389
45460733
19568401
30838547
86220557
24596063
82737331
167398207
113154071
154418959
221281
73475257
140164811
57052693
102360439
95702161
169122563
116822767
53845889
173198911
74112019
125979461
126218891
18016157
129464239
130807121
133902169
119151701
47620873
3747329
41642941
169139561
76744739
99776741
147551813
43769567
162742253
63725257
19392983
140799973
44618003
103859831
74323217
58517257
24768193
86420647
151607857
68763559
92756021
73531553
16331069
141879799
104411737
145118867
155370181
58849003
148802491
160702793
29363717
136530991
162352721
87037397
105258319
37905089
166126021
37157837
132874579
168658487
51628931
143945227
166689877
112928617
123757801
178730561
161764919
28182989
116844883
43915273
1289303
75645217
56836889
103334669
5827439
8907331
130835233
2652029
134427581
61897841
178566763
21559261
22679123
130158221
911681
96588139
106375847
11926933
44299499
41120311
32077559
38319271
73108909
81361433
7278151
37117631
46832743
41017703
23361277
15452747
112684861
52247087
77545003
68055479
152382023
71796239
22688011
161018989
122740207
29681777
6216277
96031591
15466021
45217141
139811033
95931691
77774029
108428123
72773777
123853337
164329933
160055713
69009761
127814227
23280889
49583887
11100839
136404943
135560479
31268141
133218413
25227173
163320559
96637997
116148023
111569473
136928107
176071697
162185483
64491673
108588899
127298173
7516897
136367687
17753227
89688371
150772529
126346757
172930073
166951667
57565759
63318161
120425243
145253413
62827727
164157821
48602009
63895057
66275927
66927503
170885669
87463603
24495397
175739203
33397207
107942467
105231821
23544529
141633971
79264921
25890097
5603867
55425263
104435557
26496601
117734219
67273897
61963523
25004719
66041083
55879339
131088361
139127077
43149947
161507113
36900239
82787387
115155223
40533697
6043151
15821371
3956941
128620967
134210047
123855019
54430609
40419077
86986243
61349971
5562119
36245849
89115287
15982121
123795533
19807829
59999369
175330121
55096747
26672759
75302287
156258161
21738187
85590961
138815279
95016917
151312619
41106113
55981853
147737237
27021199
173702747
1364239
107087257
47635447
45620947
3152641
72246953
106890313
104147371
153718157
28069597
8476681
114122293
138347857
149611411
118046899
134923967
33272671
136091653
85287607
134216783
175487887
37060181
10039433
51360779
17651737
14925433
34567627
58157741
82131383
91853569
43779397
81594571
23631131
62452219
84816227
30642149
74502581
132965863
20484683
137486137
150381079
80471969
74787803
89816957
44243411
23373733
7449811
50331277
91794631
134701709
2322763
28644817
161003173
10160233
36428027
143596267
80236181
160572827
107637373
28520711
33975083
111494561
100626079
624839
131296103
21984811
38567821
96615179
59953291
135598609
25427999
128657689
61500757
119170769
134205047
80857349
132724693
135665867
167181197
15590873
144494711
127705393
50619797
68584363
34280749
16167887
94978531
146433113
88237967
95139269
104059493
25630457
167457151
13652399
155969269
124978999
117676453
37324117
39270479
169831681
26842889
30059891
135711157
107249143
176234111
161617567
96572939
159245183
54842383
43240973
128731553
28592101
80658607
148892269
91275689
114177499
62460449
116465551
17099669
85346929
87157549
14595311
78478567
170441917
15992749
175482589
8834629
78612697
123492157
157963753
156783961
92762077
8696609
97282231
85400243
168828047
60918211
149054443
148219439
73551847
40879087
12062257
111478109
110454931
133558807
139653797
29760349
50474399
20775211
81171509
29149733
52534541
8089339
123802949
11276917
80713393
133895219
35087461
114828089
107876057
107847319
39556703
170471183
167265071
117927671
91541407
163963847
29998181
139282019
13665623
32289703
18124373
4517347
148059451
133082617
85651037
10074809
60012731
82110517
128525471
66675949
151717243
33827371
110872367
79651573
90052667
116194283
16607299
111766927
168907043
42071171
84809147
81314531
123081379
69516661
171066817
159065009
154152319
98877731
60618029
684433
117172577
81197437
75795329
44301577
70216189
175782049
85041553
71828467
154964879
175286021
18097019
10588427
34976521
78821789
112569823
176757883
31390627
156594091
154871429
167469143
169329493
54348781
131455361
118768501
84361847
51454723
48673433
32075921
119099971
37095043
134066993
111153983
163464491
123492263
158565377
104378269
76736743
35490467
28426631
92001851
92510437
57506123
69496769
143634769
65608261
76458947
36331931
100556579
153408881
54901423
159332581
119735831
11289623
146569067
131174377
84163697
173837011
84537647
163386893
161966969
149309059
168372613
108339893
112064647
71630357
6171233
136714777
15752657
161289049
178255061
167310527
69070831
152239099
156768301
99073463
82626821
49243823
50953501
93376099
89024413
5952673
75145241
136248041
157820459
167857517
111885383
128234333
55097981
8493697
51009001
16642217
168133631
83519209
120812101
156172201
46312193
153053519
78876181
99107383
39728123
40376723
130009883
72010501
60858341
53941123
47386517
169535269
6138191
135161963
30179411
132748391
123436087
28814521
9597799
94207177
49186847
149996159
27650353
126224101
79922543
7590301
85288793
120588691
130153663
139349279
98249471
121026571
73268809
3739079
100063091
158438057
60820037
7851751
89116967
66604999
67982459
7209247
8067139
71562769
1123511
134637323
30342353
99381379
167826391
168588991
25497281
20593453
66843389
120336973
50715487
73031869
126736829
24329779
8920069
76108027
6715249
87995581
75121769
169478107
172119209
23239501
53168183
11386381
121958987
157502717
56844259
69001423
145691423
122429449
119644067
105507139
160028101
165264661
126006649
124742393
56420009
105988769
164550623
81297113
92159203
54366751
67140989
91788793
167877011
175147261
95107973
97121839
61454537
13702769
99165091
93887159
25857211
165521453
14760157
172782931
67113437
176037629
163267339
41810477
85421423
133200563
86557453
25073921
130441999
88627087
45372539
158987399
64855807
99640459
35621189
11109187
65690371
111032833
105881141
158538067
36078157
42969841
135248857
40647077
17193217
87851879
104290787
169720357
143449231
141429983
84327671
90893389
74690443
100722703
53399617
3157981
125756707
116134363
159168923
167150531
62739601
33173213
49398431
161688931
54967313
122767553
62456087
74637583
53935081
145051483
163967233
59968939
158389667
27661867
42570799
50627597
56628179
158633291
110924743
153286183
59312419
169470167
17838697
52412959
55020193
40513619
61077361
38673119
161505521
130073869
159489919
78073211
69438007
97358753
175007473
124523083
178441411
154135717
98369377
47699419
61968029
34035049
52329647
111556537
72426583
167880731
82326919
100961587
146926469
123869663
63355031
81552013
5672707
41550361
3629123
117761197
52327489
74090507
71696399
159690499
25580033
115950301
126259741
97502833
18770303
5894179
164267119
76404353
6307739
164576693
59429137
116701463
121910773
155669453
78659557
87222229
10611319
23758781
73509061
35410093
45364853
116473261
127767449
175643857
113407787
48899297
82454291
88138249
52808143
64319683
148434739
67600691
109651231
65895983
100683161
42299351
77189947
10676101
98644009
135841177
10362623
5512357
8486377
115956173
157763843
29000197
105045203
48052723
40440131
159058451
85616581
173740163
145130263
175870697
26062807
110478413
92913703
72917987
63387671
49805411
95895193
99073267
133949903
20931377
174458363
70386301
4420601
130145833
24706837
37822199
136825837
43457153
135645217
21807589
124641521
124106831
36720869
13227317
42421957
117602477
107338031
77591263
118072627
49000937
146108219
121877773
165344579
45367561
112538579
77015077
14317577
169707803
68639101
173389199
116736577
51890623
62445433
145531381
161758159
109334689
15438767
107436491
90169043
8005211
722389
26380399
29763421
69424349
146290997
83537387
129503711
66818399
142177907
139143149
52458401
152884741
158498729
175767211
123318253
121971799
38039459
121410517
40893257
39351113
19514683
176870569
91519123
156981751
25008169
27917623
60164107
83433451
34799489
173196479
178285291
43186181
140653111
141369559
112668821
144650711
48724451
12108181
104847173
3490183
71483677
29758991
14838157
30415997
174605779
150933481
178387801
85251319
7248317
151357571
176426617
58591343
170078437
82313243
49933333
109960463
146547547
13321129
34222049
171043657
90036847
11213089
21695837
129810563
163067921
61727711
132817031
69300743
157040903
36674501
62833319
140639753
21176801
6986729
11945797
122223341
69259789
92508907
117021439
100640621
140963111
171155827
104264449
170774921
46231349
156117883
6001829
15819431
29797589
4623211
119937187
157795711
79391729
130869997
60975527
60164119
17103167
16248307
56905229
145658827
43913563
29298121
79258901
137309089
178307963
169102183
138322973
155765803
89404061
46807379
117423227
89541071
23012813
150833797
107837201
111608537
41638453
18848021
87718381
47719601
14755511
22558247
22494487
43419163
104584853
42319513
158329387
165950251
156463441
142275697
147972259
9698251
13843673
32199239
57556601
55812851
65747251
89795813
22909631
36001243
40546699
70511981
3206261
21299851
85059809
1072039
28182677
120656047
93936277
127443739
27103751
71093947
132932329
154657843
89198861
126860119
128516071
170152153
58599953
15746257
35902879
61695901
169157959
129174277
80146207
177919369
34083089
161833531
149287361
80723893
174352271
147260147
81301697
71844827
160036907
78660947
24940733
62633203
153402421
129040993
49816961
168079921
89836937
22369601
46898419
111878623
163424441
37910927
85355687
165727049
27812923
69566323
117681923
18149501
75134617
148979333
28912781
19950451
166898803
45941257
143707379
33489073
165038183
24968401
98456977
146115163
165569731
13135379
20571359
146396389
113327329
50173909
77076919
101523049
107385041
82554401
35537039
71767513
67347337
2681521
122766653
27814123
37700969
62410561
65940493
88027787
98927321
159393629
74854789
121387897
103529897
19844059
99463187
110847013
63978179
51824021
153326897
169840597
105109429
25267327
19740491
44230973
53252669
46159277
176273609
53448169
118417163
26581937
19963381
44891633
23918717
175555147
47774863
21228659
151489153
122037371
149939183
25496533
47080763
57672469
125372473
135221033
113906263
166490327
75772159
96699709
92971783
152054249
101349959
157040353
73425827
71141671
5786509
170596253
149710661
153071899
177840841
164944543
161860711
48175901
136681007
33212381
129415283
145056133
88827421
145482143
161023763
34994087
142991171
5848783
27283
29496847
170212979
29077439
154457921
46180723
25535557
52536839
108125419
135553609
128828647
57909713
34249627
155758481
1408087
112333387
106759027
23693753
105956167
52798987
75529411
107934499
92370263
85824547
152014129
83463841
116656229
127164827
13328129
51637301
31655243
7001221
126045097
115879781
169138531
99356087
73918853
85288997
51847933
139562959
166360423
56630303
29518631
64294889
48114841
58955887
57777977
124308637
87930391
72405479
134347553
145325701
79982363
137129827
90690583
89671487
96430157
67810777
166009133
68846803
37055443
87074671
112853717
178353821
113283683
38865371
8234593
58624259
98556061
155575843
96022937
27894733
162052529
14288693
56771977
10017101
7792207
42025447
99845149
87832567
148878679
35189491
104051587
118563089
103782223
169850939
127471231
42125119
56377877
152138383
118266311
66885499
82424633
72051757
87767093
36348161
88712993
74048371
64426123
27558103
42694367
298307
37723787
4671973
6535223
25110719
127063861
69991289
70962763
99766237
22445063
58827787
151377011
36522917
34092451
57052211
108878867
33130679
26078509
4895783
118511597
24281437
113464367
92419181
146241763
151860959
61473239
81994943
149173049
4213843
154993477
23498201
90449171
53118647
36525583
158659849
105291691
157571719
7270789
102401891
101372287
15651221
153628001
77273851
24010729
37316287
8203777
3781367
151030381
154138093
149608471
95117291
63714743
28286821
146981489
171189197
117064421
166479979
79435313
90325273
105858017
34165267
112348447
154463909
27706087
74022577
166750361
114087509
12985703
44010257
86023747
131182841
25154683
52740697
116227369
57577381
81487207
45112241
171537437
132637639
145589467
59652289
46194877
167514959
20983607
53045683
161830549
107938499
88053587
164856359
101046059
57139003
72143251
76838873
105730693
159770561
17921263
8315927
120539413
59969639
169235063
15450067
74686771
42293761
159738097
168112709
61492373
51946091
56053661
6507511
8962237
62276777
22796993
60847247
22556761
59396173
49314043
21802531
44096483
85838813
6175333
54596909
38009537
92800891
131510009
119140243
130043483
153773629
85031873
158643767
135415327
154328831
68174753
130913143
150996239
69959611
15018277
8103769
156298553
118521523
104954147
139532297
61495439
159684571
30546289
137121641
164283467
141267767
46252711
63957347
116485949
154563623
65211127
21879743
138873577
79036393
102346099
168893969
70213651
155150263
60459557
137204687
39020701
163393121
42516323
64193957
24774221
36821299
150931813
13442677
124381849
85970063
128300441
112608071
100419559
56662847
3938383
6116603
55866523
16119517
51732403
176293129
130276513
113970559
167792929
107962079
31669837
103976473
135540653
12230041
67493
69277049
107495797
56699099
137658293
156742711
66021239
168740447
45746783
100628597
176657417
28415207
58352429
66120227
129782309
3355831
9887179
154176047
26113249
28090351
2481233
56873357
51736309
41547523
128874407
71613889
164515991
17495831
95385659
154408049
144069427
139667113
144313121
114645871
60583169
85693537
17127059
99272267
64759379
3986729
1750127
153122839
106305317
48749263
141056449
174058853
84182543
147450019
35376463
122477963
87142247
16339229
127411667
142264531
125853173
168506659
78409787
54879089
23647681
92069507
27482813
89903039
62881153
128750267
113698309
120851483
54538409
43739323
62955287
57427477
19718717
19641367
5591021
58766177
10347443
84370651
91296839
73947749
71788363
46869217
764261
22603237
125429167
29613097
138384331
70075301
62540227
2110951
112668553
151480811
30502631
120546991
111088513
74630863
86448107
168550321
108436121
169198481
125352839
33633883
53834219
78971621
79024409
4053971
9779321
72981991
97755337
