15180857
138706021
156408293
125924807
90041327
14267927
87060661
165063413
130713239
24485213
27788701
82455577
88338829
95369633
75661471
134251349
164876419
10565453
146512757
75376969
52831157
103432321
41888447
81062039
143794753
122632163
27766133
43473413
161551147
19625251
129312529
2165551
7804439
80336891
70763887
176436511
139938749
33659207
65437039
101747551
73777063
36812161
32407187
135685201
138923341
163015373
9621869
63464227
148629539
147458039
167024477
173091067
110857403
56462279
18995863
24184627
48116389
35095339
80912869
119889169
85735579
54082979
88169317
21434453
103299113
132224377
106353721
41382401
59487781
173244191
164216387
152689741
24932681
139612801
37093981
178463353
117690919
63582661
12387521
163050409
100711753
25697963
105489071
119849927
143716127
88525999
38035603
94668883
49153417
11284241
166553071
118263529
68373113
147058973
130824259
137504489
32716141
23578957
3139261
138992863
35287507
26528527
79250519
4763459
18212119
167035769
150188777
8112821
87234793
164747977
16637879
107540467
100554221
150799993
25694353
144394193
68821639
135414703
94594873
105891677
87877103
107593417
47382623
97806703
142688177
61913893
78315163
158208163
149897633
171491809
64592881
135170663
127625441
77718427
58662377
73058071
105424177
74569967
76607029
100503287
45804901
62025683
20059903
134027497
13509967
173216837
176208673
26442307
45591191
44178773
133428017
28950203
112352143
20521001
165530863
102216683
46576793
21918329
104070599
6344809
139851773
114972271
78191731
72380851
110268659
19606303
36473207
171550469
176927573
63333761
79878229
144986987
25356677
71316107
28504387
1195031
98583593
98147549
133216907
141481453
126240437
48264061
42163729
30821093
3916057
148601627
149900873
49119487
74137967
125440423
141234097
3012007
56471761
126993221
71346259
163717261
67639577
157383049
82469353
46027229
54226891
101335369
64518647
111652087
126243437
106488457
13981801
142199671
28498523
53590073
6424013
44696501
105222023
39118733
10371007
93931969
56903257
16920263
172461533
82130557
22579673
34823521
67427681
136587293
162536041
138977803
129602269
134140537
3023821
135281947
11267929
158528789
53128147
30137551
93813761
135902821
78843283
165624689
173170559
84704987
165849169
126352459
61029307
772403
82950851
149271673
16563409
177530527
94337599
159905363
67341787
136928819
80941873
82668577
114152179
69547333
1894213
35994169
144567263
64421719
73612639
142466777
40743337
150698029
53677781
2115433
1889743
167931839
119588621
143702057
109443809
97638161
172404161
118055629
31984751
15284453
42279079
75051733
47663893
6077329
114958787
95300677
116777467
158782681
22174487
42870931
28278587
132033757
165063307
136685957
176306539
158096221
139271009
39787457
126214369
172118927
92866171
62242277
115434659
59480273
107535139
37520503
5378699
108827753
95380001
145323511
144708307
51770827
172937059
91086887
88536793
68173849
165753439
86349869
151401931
54519841
77413177
82307741
41023837
123365513
27459877
17494661
82862089
159812839
174324277
80577719
170751697
2472181
174695251
163844797
74081123
50508277
59906123
171989977
153979207
18974647
163933997
114494803
176013599
132163453
20592301
76761901
41339609
129446357
82880341
19951493
25831979
67275787
138539081
93434681
56006441
167589647
30607859
60696329
150859321
148390633
141359653
14805253
137832451
101504717
171464543
57315691
34544281
100705967
138899791
969757
13098697
85061441
9656611
113653121
35174927
60692759
178041307
38024351
74424367
127137529
87389387
177735281
98267879
19177237
146256581
25763873
85948619
45631211
95214277
48451259
109960117
69267311
11216239
128073697
19479221
50477909
71749037
168288499
49055371
89278993
142014241
104933519
131089559
115102861
82928969
17734709
23912599
156709387
165628577
159059281
11532581
140640931
112848259
139964651
858241
138535247
169849391
103898933
35480147
16538251
156159383
49968883
139230541
56904481
20086111
144672617
122137033
142039091
95693641
26266103
91416907
34688383
171652969
114026179
48128693
3709633
36516583
171812731
96926603
36358117
56313107
171468281
161284957
3736081
106948487
179243137
160925377
61850809
40394317
43364903
157436347
140039087
156195373
100800593
143762357
35256293
105371953
160131889
81243907
12080459
123756421
77915809
6536591
26353739
103071337
175466873
89660869
113685991
70149787
110175931
169850749
147766901
28259293
13928351
125989987
4520101
131073157
171527849
154087939
134055121
138436139
30897697
66680189
129926491
128745871
115914977
88306139
48263141
153247651
60138073
135100319
157167203
44201863
168256931
117889979
60663011
164141099
68615933
28478509
110631551
127738861
12582593
103662079
25095857
55909793
27184237
131644577
79529843
21962893
49526201
12993821
117934693
161405411
94677347
139528079
147590437
112012487
92653523
120870259
112801859
29398703
33177181
141688069
41846369
71486843
75330251
26407639
1146179
177555347
33329641
50049047
162079681
13158671
136727519
153418127
80341601
10434881
11821753
117920357
122901703
160358789
30307283
137367173
174440177
78773281
16014497
171682591
152058967
172457891
149018489
155110853
163745437
64196387
129182413
121031639
86369891
73299001
121698977
178914209
66360941
127997161
65004299
160468069
12020431
149592973
132908723
2980441
22330949
80668733
156477029
171590801
113987857
86974879
121188841
78206263
114692407
17823067
153362383
147806123
18877337
20678291
8984903
90538601
22076447
176855953
151894931
130326991
172601573
15833089
21538169
117821911
60915643
40474381
132133021
14651839
9051947
59942083
46393621
10780337
138002971
38943329
27056867
174120229
86657111
12627607
95826293
64841197
83616791
12701441
45325799
90632383
20010239
16742111
32987873
3257291
134306299
157529927
21862123
77164991
7468567
179195189
120073817
134121157
46991101
103785791
24953993
5516209
91172749
69034403
126606301
95328991
147613231
52508321
46992313
57221807
165611
51184709
4841593
162502381
178217569
145266347
149859197
75405511
117305921
75500993
13711133
60245723
69910333
82951417
81894749
53179303
119309737
76369679
44552881
89594551
8104909
129683923
16451921
152150489
117285583
173644267
99141353
151905181
51556591
173609537
117324211
72649183
55214539
156017599
69786803
146658703
132761093
2522941
99890437
1525747
72293777
162411229
170168221
145618397
116562437
132563929
38029297
22765961
153214471
169161463
24526013
89663941
153796169
99167693
161470357
131113123
42706271
141318017
103016321
91755479
4424801
14770339
25732943
14274569
163340677
41275463
53111809
4366421
23342107
21034543
30510247
121616219
167073661
132715511
29458349
150469999
125402363
3893657
148108453
171502543
35665429
42553583
29775859
27443179
102146623
161237159
62823269
83277443
179360317
40982737
45059477
103934777
134455889
107452463
1715741
80441503
107285411
139821263
43631041
53036017
85313
167460739
37668563
157357097
97781081
46107769
51215677
40982401
126738181
14482211
83912791
2771963
163378979
140599447
72811267
71434613
107227487
30906409
102893953
94956157
119688703
118784623
160548419
147124361
165357631
148491173
121484899
122711353
122558983
145053977
53875421
146471387
136168171
1510933
60058721
149283803
67832201
112256167
169857407
162917009
39991909
4278499
27923999
17070619
173343311
85174547
144022313
45445181
102565907
150796207
119326087
166350029
71039377
65079691
174941147
53633009
2599819
76666483
50548109
163697033
11986127
34319507
162616403
52464991
13108621
122212543
73404953
118727911
45289229
11058559
54387023
153581513
85080379
10211053
64810063
140306191
24298453
68844323
12014209
7793111
21966781
68766403
36436483
147811591
164971601
36496351
50342531
101996647
168079913
168323689
2343661
136284259
125914667
73103201
125206129
89181791
84186691
100992457
148774733
80868611
63278179
156352117
46259153
164686729
64898551
32004653
11934133
76739737
113389901
48142153
119624177
159506603
52284847
23696381
54982831
114404683
108095549
45455747
32819119
125512199
65653547
104941481
77134039
177412919
135802039
133929311
97025389
72825029
127856459
16534333
126487819
177955249
139458757
74283683
88181657
120378367
32306597
109250849
147940603
117784141
176989273
2443531
170435687
6242759
170943403
80238709
20757467
147453541
83828383
21798841
91725989
81591563
27207277
174191117
109404187
83145277
174702079
127261151
8297831
63003047
85381711
146266621
88967401
107328521
26293187
103875833
135863267
69641113
47798627
64024693
114664097
74354977
38853247
56292749
40522943
8986927
52768769
88588177
68473201
153140167
115442219
9240421
159897601
76509947
96550921
27960773
77717821
172704073
2259371
88091099
85213127
120191483
114170933
173761487
96189967
164443243
59603911
58213613
36029879
137547077
103288831
8315201
166677391
73813403
22379789
95093701
157215763
32401543
54165061
88097539
41443139
139880759
99048353
51503827
167850857
140101651
89274979
30323233
110539697
173342987
94668239
132390317
81857341
84459163
1681621
13946539
59930977
42550831
94433849
1942007
132773567
156014743
43000213
46996793
126138797
106207069
106921699
179262823
39408659
142812343
137096737
110606527
139937393
101198879
44368073
114838267
98522267
172946747
78368053
109791239
98929213
144987133
128366239
43867613
166966379
164157881
36850189
154361783
71071621
76091419
108970793
116980541
76340587
96883883
165407239
40408237
42131081
140424521
57687859
34241833
109864901
138156803
153902167
69975331
70278721
86012551
166870243
126058687
169866791
67221241
30361663
37401281
95904397
161195807
141469313
112521821
68256473
153695309
93385421
147783161
108447181
108116839
29236033
36894797
91525747
157728121
60241501
28020241
87749689
59735581
36789787
26433851
16874513
135236119
87984371
168338453
156440083
72494189
82016897
37493767
20774683
93690209
92040539
88512343
129431201
102246751
158504551
125510293
136414283
48372601
163488271
152555171
54275983
35587913
98121869
10525517
68044399
3840689
174365309
7054001
11364359
12722393
144592867
113000963
49337219
134962291
15507467
97571641
126353243
140452733
146365333
124012831
108392191
161023679
70761329
69358519
2805989
55480121
69988459
1541779
22116727
34697101
71272613
44738471
132584017
8233033
100629383
60357181
93181547
31094009
61935691
91707029
8446961
10019609
110477291
50314897
82915033
11188657
136074929
128637727
48952613
790567
41339429
10262753
165615049
156791321
156902617
41457659
51362063
156661313
78152989
170422403
104278831
102574091
115569589
13802083
30975863
80082349
68701337
134850301
107862451
89178203
85416197
106233739
18013841
159058723
108039287
16034983
137547353
79201393
8120527
38606593
53626141
23315323
32059609
161236727
57284797
80033357
100792859
155488009
143191211
89072419
142566547
138876289
78454913
57051419
133962709
162818861
100869731
72217471
30871663
51279707
45380353
35880473
78476891
99187849
1334563
144667547
73948111
33336859
153451723
28806163
102188641
29091239
30963089
59516383
42315103
58929301
57914201
19854941
54102199
16449883
75256057
32188459
160398221
10314881
85425761
93239287
12315383
86661671
128197117
76105859
63794309
67352651
171561629
77794891
70777979
54712379
62541757
159920363
91619113
76623073
64493677
79909727
177079051
146944067
1370311
166060723
86451263
88236391
159303941
114060061
178884341
103374749
173153873
2319727
110951053
23524729
161032607
90919813
63882487
148740611
70464959
122748931
9462487
64365221
126625777
168592381
145243199
126326009
121841513
177095053
85853711
15170941
48629611
75502309
4630231
66575237
84481469
14758063
125659951
79149899
458407
129978557
111535573
140652367
67783787
20370149
161540257
113490149
45544777
112953149
129424909
132279377
37198037
46718443
110532349
165277741
32124181
94398529
48225271
93237113
1055269
112986019
119867863
165173959
141479911
24017453
14141423
58314769
37791569
35105507
165502417
62146367
9811687
19022197
154152287
174419467
133290419
84743947
2569201
57991537
136139629
67527643
105271351
52664149
170142829
78808307
61890779
160156079
144354307
53147551
3934267
107672377
168510571
167129387
87575717
95859773
120560579
143299627
63882869
146719271
53985391
22869467
92149789
141113989
100853521
1878623
10469099
88903121
60176917
127273483
42037579
162427193
36318721
153918719
88641547
170522809
67806113
53323147
83019941
173474879
14806249
150077773
22123877
146817889
65100437
45394721
99137351
177200323
117170267
71257273
108063727
7903937
6344617
95793787
35632133
38732537
170787611
28618013
59877443
37395481
2668301
164816711
125330113
177794963
97412561
84552239
167456543
49836433
122974793
15736043
44214383
4408307
122782357
20210383
83670347
101537353
4277179
3756517
137318983
118896311
38757373
67881013
132018167
106369723
18718697
93876163
141107063
157907023
139520503
142159639
104765741
142366139
90263141
102283721
46138273
50827349
146552513
150518657
145872197
45685811
81945139
104755951
15661783
38262769
31373051
124929589
162278569
76552591
98565959
47370859
154730621
122787391
40185281
25733947
63146819
8275303
143823857
52150921
77877769
35093119
109507379
111282097
71500141
140172379
57516073
148252913
119157589
78235721
136380929
9476717
6406973
58053461
22807679
19850891
65439197
28651823
19702667
98422211
11813203
159583327
74966527
71016977
33444679
31256201
25484549
84228377
17001863
62381729
175666783
21257651
121867021
46465561
28192453
70781309
56847727
41853367
52990097
32143429
40369279
115806109
162517099
39619003
11463509
116965111
105488857
169147357
70733459
663557
122154611
63092647
77033899
172400299
10556123
111529421
49169227
35292749
63942157
135076231
177723761
78455519
147293959
142959457
55885261
178812727
46891751
154324523
30503251
161945071
29826241
94208167
135405929
163454989
127757587
105789373
102457337
44852911
91276271
157543769
13558771
108965477
116797649
56693423
12473491
54157781
116902063
19783537
18743159
36298133
69168487
79133311
13047971
35145683
155137639
18468251
85240559
118168447
164694473
56254069
60466451
107653103
43118863
98000261
118160983
4713883
117860101
146452571
61099561
60730301
84008359
63207497
139511137
42395489
117578269
53911973
132550409
110387471
154912321
59405519
3678109
158600027
131131307
46267241
124765891
127982629
72874237
150187931
170937643
122011733
50628979
65293727
19427777
91926847
4172579
132859303
162192047
92208377
169268887
132827441
30261677
83290267
61728287
123316343
118859501
64768577
121877143
77462771
133043321
34546223
110194411
37738849
91243253
70428503
136194581
79477753
23591957
116417593
9182981
39382373
7284371
63855919
85013777
46751401
149317471
153271127
48801497
9687299
95278147
8337647
73842617
122090897
57062987
172318127
23309989
109177459
78382729
132447197
122937713
150686773
131012207
165562193
71171467
176797367
31404937
26572687
176177201
38719349
146078167
85066313
133815827
27180217
48460147
170251453
56613209
139932371
119779073
149533927
21632417
50071741
16680617
99048461
85729409
58418777
70621129
45134753
165418037
171570697
143703191
116420351
12028337
8649677
128652103
97768999
39708707
47276497
121962041
126184469
40977689
127891889
33524089
6238319
107189441
8596657
72422741
36871067
34831133
121320637
68652497
104253517
56856923
37617451
169369381
26452133
81459199
141389957
53680097
46945771
15253603
86169449
76375469
34613549
39555673
142131179
35814923
69955063
116599139
4276627
99427303
9554653
155225179
47393063
94973759
178775669
147165779
82533401
65987993
138088277
156355861
139724647
134507731
126773341
151754711
5597231
128249039
118128823
16532849
32112823
56487307
115038199
36774371
160444169
1166027
149743553
136098167
58534363
170377849
138463921
69605947
164181547
39711157
19152113
117524237
47133043
10578419
122521613
172397971
72418369
60008677
29013571
11804399
90255103
23295367
25155413
127620107
99742271
176099213
77704379
109941889
103230889
28317491
121106101
75915967
64388341
101132293
107560069
80708399
4109929
88231463
27108691
176803423
101625481
92600341
68420449
100008043
170933197
64597187
133541867
48365077
47744419
52314677
103494529
137323643
107436331
57128191
81124259
3831119
120935461
159040499
145507951
121910059
57987341
84880247
161357341
88659793
77562319
8372543
144450961
25726609
90197621
173582599
35769407
141228229
140025493
162870919
52381541
130780373
124628857
133563557
51221803
170874161
48608699
112064881
29442151
51177271
85843321
140568499
56047543
104479213
98517313
54551531
61891301
140580019
99937667
24452203
34159193
88000963
137450069
117782527
92443459
154092611
147774841
144896681
14293393
111553931
1847897
25711319
107861269
39129667
113551541
72265357
3700133
125251579
140263439
96178193
18508339
129532111
7256047
97969427
64589333
59821373
23335759
111383633
74158999
80530733
126286289
26866153
172780259
91104919
55094087
68081969
18100039
32129519
58199
137519779
27563971
50136979
89955457
177701759
134541887
101653597
53097487
165046003
38266721
161305393
55775407
101398901
106285523
66665023
131011747
78671959
137691469
61077943
61398401
14959751
74001583
20511611
78070033
30894697
164836877
165654053
2921861
47104583
7510387
100426721
133241221
78998011
178060361
174516851
358373
134810789
30273553
17129599
178706579
31631323
68821607
121345559
119617637
87759571
174362479
146092871
155837389
161737309
12117317
137938363
21917633
82620437
94512071
58061009
62670169
129600907
3789739
18686567
80266883
73816741
56184641
175801783
89012947
116703371
141849011
66341203
39046339
157834819
25878319
25119569
4705117
73647503
2052199
71631661
63740401
62730299
76427419
122036773
124278863
122664557
138023773
142311853
43297279
651641
127118161
143684329
109695389
36582041
58060127
109825841
137838313
2587957
101488099
129503923
35448209
172841161
17095843
157697333
19485707
130027201
67921033
41678261
49003327
168038473
43690343
71306489
93928697
45474061
128116099
145322147
81323777
16937513
81577687
117262589
62833453
176161357
70013891
63219701
83621917
61337753
88686517
122085443
156460417
16799603
67253213
120392567
106277107
72671693
32384237
4832851
35539501
16813117
127033279
68621411
129468791
21476261
107624081
13993163
73675799
127621913
33995513
163780237
104084027
8429423
51232157
115524341
15720973
129129587
140992133
138070241
141454351
135442259
40953463
48706369
71179271
79782617
40279747
116373941
52891451
74343293
42854333
18789257
75639857
35835307
40935773
52196531
147692429
67507639
142910353
71420123
120447953
47099777
129362131
107108893
34934311
104943317
77767919
167776313
34073639
68949667
79532419
165973013
64780819
157972363
164998643
153429889
149317321
168417127
96707081
132100583
170759881
50734457
161752289
80638507
25537249
133234037
177642347
167049427
45159113
79124653
19980553
41916569
39603371
102211897
148395461
152578603
24126161
52423253
64970603
86049281
141881647
107177207
87898297
94671919
150161261
167857919
91698499
43582103
8618131
50462147
158244809
63659269
133113241
89715083
10888049
39146363
13765237
17282933
69649061
37711189
70645349
74872493
119008171
132847049
87005591
96151219
143095291
178231429
113074727
45970411
28354519
160410661
158599081
164685943
82186477
146001829
98562463
8135461
167003183
43749323
108484309
43023679
53802647
160375843
28105001
129577687
171470051
49915639
104454863
96986299
77381203
44966209
86333641
105519571
50789483
44394989
1881343
94951687
141874267
26796361
178000411
66199361
57368747
135774973
35262581
14347121
114398441
144542791
14330297
538723
16324247
90327383
102944729
177788239
36315329
13420747
64216543
53842189
169701593
86738177
98390027
126205397
15438827
20936387
26071729
15213973
64778689
131630773
94915019
126186691
45644971
112563497
151103881
7527931
10394647
157161101
62692247
78489473
121487189
22094461
90514091
13059763
149396573
5039773
124718617
75804763
60682757
21749929
155296051
35999233
6585577
120975233
35878949
111326801
163069547
131882953
99564239
51515221
10501921
40912397
49196177
39470551
51408079
76276537
131756609
54446929
90625973
34308083
29847457
35470543
119085719
102955873
33739021
91215721
33036517
167608523
125951159
160899143
114318289
60947423
157897403
160013131
14663413
55593037
113306521
118879273
50825339
167623591
120447487
17859593
2685587
13196681
62591849
42282623
77571919
83681887
109427887
161573143
142884457
157541401
80282569
61109443
96587747
97891567
147172549
168991541
55384741
165760843
92485777
110585611
161603791
58035469
91676693
25838999
135918703
43700749
125913371
29521873
81726737
159978893
57488443
66745249
3248891
121223959
47974397
100116403
49543939
6378563
165223159
47227519
65119009
8709973
56133461
166854091
167875061
10206083
155376791
62033003
167077
6685927
129627721
21951071
11007487
8192269
78252103
143463913
130066973
29113199
150674603
139884911
57348169
150844739
81519169
108269503
56455109
88932929
39664979
177377237
111381983
67465193
56064517
22164733
129102553
33305611
10560299
157023901
34677107
71495059
47137621
89909749
129707551
78199229
157345549
170441041
89831503
100126517
15247931
49248211
177934061
168463663
144927929
123715469
65436389
83326423
78729083
137785127
64010861
101691641
65429629
35229449
47287271
76617319
39912907
24345791
172173481
15236503
102106937
15545449
121807877
108004801
133213121
114374399
56538619
18913709
113747989
31291471
159713783
66015361
14692597
175794499
124127167
16744807
163127051
139154311
10650187
127024927
151213649
146231513
79926599
93200033
445771
38078273
151681349
20571511
3322747
80300131
62881571
156934189
85355273
134909209
98280121
68378911
141982891
131899883
149272133
52096169
17652163
29082203
146364797
70604201
69249953
28352677
107523401
28401937
148780693
84609829
33000323
35872237
145633021
171624443
89050253
80141419
119992907
123207479
176659633
106085323
86421091
165436487
148752269
69643367
149920763
163709683
144115267
61891889
116959793
26973491
10796333
118118017
139885043
42416779
58480363
62909113
155782267
147377059
160565401
13519603
14490869
137661989
31912879
164862949
177664373
62519213
126425399
56141417
81920513
112446679
144515369
120309547
79691497
21960811
27826033
23162599
102001349
162577633
112051351
2633581
84410353
34013627
29128303
46847747
138064691
116766329
176044513
1590229
13399637
66328433
41080051
71841017
74977169
155034083
120111811
9520807
97836659
97522643
143242237
46487291
144347083
39453871
128248247
29248169
141934591
35961677
31521311
130481489
164102123
114389257
80686429
43037339
104794649
77604977
169319009
104827433
80289841
59691757
106687661
11360351
155891759
58177573
76629001
113529271
89063857
13709651
1753151
99494429
76471459
80091953
6323173
72224749
61914467
3233029
3854167
152578567
122155993
67896601
30115237
11323471
44518571
138029029
98461421
62673223
3105491
110459257
121096907
119816057
113746687
155978593
113538253
56931713
79890901
91417231
14104613
121961033
178945847
122710669
43287469
98235097
157217129
60878179
145855639
7627093
115987199
50896511
173761883
168994967
42048859
69027397
155599229
144280687
3748559
83453417
96906389
150286277
81567859
13250509
163714597
71480503
114863513
70776089
30578381
48317051
83183927
23175227
70269607
142952993
62900819
93173503
166087193
168287687
88880213
106738103
11168539
66100519
176170321
31655593
174627493
130294289
15607219
172919347
27828467
66018493
101615089
107280847
5238809
83989891
16091687
41604701
106290517
38715629
59425291
159058463
97588369
154991203
787879
41941441
88395653
128649181
93615329
79124363
50645671
58504717
98474711
20734589
92930039
120024347
178606361
134085043
76722287
115330507
112965217
19027429
38860093
73672537
67339271
134634013
3678131
120972011
156054263
105373523
79610689
87362687
70201063
1335611
69799421
150383969
73467833
3107303
28542713
35549783
95286167
95273413
13304569
105115069
177715579
54761341
131217677
82730363
62046497
107648171
143281769
21509261
19792979
23296003
5562761
125298083
105862019
100503701
5503549
112365497
12596533
129638263
22762319
38330267
20580437
40561033
88686049
128402441
159911651
167799581
102317927
172990847
17323249
73168283
153954149
174823963
128833487
82553929
142370687
48289363
59700829
50283949
141438659
107139413
127392767
134175341
76014473
18164579
61327297
8276993
73386553
32246527
175302173
78243967
4183639
48349183
179202769
12751043
118078567
148818701
84977093
14127199
165441719
120255767
111276569
109586819
121698823
46472773
156096511
75980329
153536599
14173673
170103121
8250391
66897307
137085667
168803617
175406243
37683473
141291121
85792403
16374593
165794987
129394079
70758937
152659499
166262273
2016361
53917477
49833439
23110991
142365551
166529431
72820291
139400389
155995921
36312539
126591497
136723579
73613443
133410947
9604631
22268173
60238207
35045207
112917733
19467841
67847713
116850907
107550491
75613169
113141753
99330947
5887421
18163063
63526487
98572423
73025947
172466407
175566161
60020377
113315327
111002917
121468597
16451573
106190809
2966519
71388001
176455361
74463101
57071293
1958867
98824711
119671901
161757929
164338787
119435599
17715749
23539639
9991063
118425173
29356259
36736621
41654281
119734411
62832907
48014921
90330797
171577387
37430971
9089323
62044753
44055439
147292829
147634327
68215489
29529869
137372513
176603363
15639581
33481361
85172183
6331849
52767061
143806379
153951271
42342491
93021457
43837163
130355977
117893687
41939719
98087659
88626649
25776857
140497783
45329831
24813749
21302321
144858599
75012997
95719781
50196193
21664109
138363163
39268109
45835943
14202917
20134633
8856649
19932853
62470381
19299713
97590917
125273287
66185701
152367013
108701861
2676761
55111787
41430401
86706853
159056603
38444563
177757897
140556929
71068729
167957759
8516701
33291917
112878203
11598589
25334203
60441487
39736549
41625797
75123403
11301559
178666217
72232021
154639493
135061111
127370497
85837019
38246261
87862427
141624563
100503157
92457223
14742127
151029733
88318799
6114767
81330173
89722511
165255193
128651797
7966429
77695903
48700823
166184141
20806243
133884323
79883339
165611
57108769
20004667
118901347
10024219
148717453
47614613
156694609
33589379
133561487
31471681
18147491
62506991
148480697
17344109
155562149
131317247
172269731
151029313
163747627
177913699
43759169
90816149
104829503
84077339
125762561
105121127
76089787
139066537
155064961
33871163
18292451
123308719
7508647
38316767
3361091
162556463
36732323
166334639
31934521
176117443
159602881
150357631
105309877
142487899
7655693
174399661
117284137
140873569
118691483
13664491
25353227
7240279
156990059
35120779
70228811
161101279
81496937
4956893
71899799
79153237
64995349
61524803
35649347
83176507
157581889
127770047
106903439
172366429
49920139
106555087
140745383
150993431
55378591
59150261
176013179
176734501
73036519
57868267
108956333
194521
87453161
172656817
85910053
553037
3028667
118518607
37810099
112191427
9941467
53124977
110641331
93887401
9740197
99784127
1630913
91203251
45028259
95600177
119324143
19270963
118754803
113863417
144369031
89479373
46735081
8437421
831431
56534003
4447537
24788219
6080381
152180263
81607303
37041547
59728511
62160107
81820163
170038541
80940047
34266733
16602281
59019067
59158189
24855811
75048751
56681137
60558203
19085893
87046769
16453499
22415359
94480489
147217849
164362199
63224027
68304053
66469901
79565771
106242187
66027517
70356631
15215873
82892479
175982773
145679803
53871421
96701441
19320193
21648799
103737019
86402579
66596879
122558707
83341639
63951023
39153181
13373219
77851363
172048537
94412533
102837673
129357191
65783869
115632809
11984299
97141193
48571681
68358791
79149911
165761179
104943169
52959901
53395669
162688319
143486209
5047501
156548131
120013979
74860717
73584311
23821367
46150463
19577447
121845011
73599803
142167569
117369191
132166597
93992593
46356319
75436267
11419813
169514897
4158211
83404421
77744203
144497351
52136407
159367981
86861603
30689177
124992367
67743031
100266043
35789647
83052967
135305129
124072493
141420137
142332227
12823207
58610911
48545909
75442531
139348267
58167671
152690653
139070137
158333951
42305831
21902227
152083703
102267989
113757443
105748771
113008241
142454789
160422499
88254899
2225059
110700641
95541077
56006831
77292067
159686237
104127697
179307137
168288983
25927351
157380823
19229029
165762043
85451087
150183641
31491149
42196477
51551117
142192261
75748489
89630183
28495613
131089663
53842699
124997011
77418623
8442151
171364093
61155349
91791457
49031839
28673507
92731297
117713903
9341117
125224061
149995049
24303179
46905659
33020231
135640783
47552917
155289559
15582703
63863477
129339883
91107767
102046123
66809027
146943061
83231933
35050709
165989171
80193941
96417749
88514311
174250129
101810087
88519247
11749061
33941711
167264401
10106773
17388017
142901593
32108683
167320739
48156323
83695757
46157311
155967397
109433963
24551507
149125103
174735157
69657587
50943793
73320001
38383853
100408327
66191101
158376649
91797803
43970947
42502783
78552037
167605943
89494463
116501383
165322247
73209707
108677869
159477049
112581011
149433313
83401379
46847509
67494587
33252467
15523679
153877631
153019609
20591729
112362643
97898081
41531753
116982413
138844171
150772631
39930257
39257929
132768859
42925573
177451541
34646819
139868983
39866137
103435351
176343581
41243549
29705461
31135571
157548407
108784187
92863429
81490769
27986963
43141387
17108977
171956453
101735593
75829093
167876221
96159211
5691893
14298061
98005811
156767449
85404299
68268271
74469631
95472859
11055523
63382219
32369531
165381221
24898039
65812091
27145241
130139761
33608581
139028269
98183243
150553373
161227513
125183941
21671861
114737141
141593759
126105521
122163161
111625357
131134529
88217861
25274779
100065197
153856909
96676711
92095027
94869769
981037
19520311
146159291
260413
59973799
69079441
107915999
74263591
54222803
104893273
1237279
19184227
114156401
139410419
28477039
119103167
13625779
112768451
18127807
22013399
83431889
159260789
66436451
138140437
38309389
64107343
34326569
143939827
8260883
171550363
33493283
107679293
57390233
81941179
140787019
155099423
175036997
83831669
94248757
97469213
125117821
172261223
88141919
57393151
129403007
94803923
32234603
59965837
165457603
104604739
168682561
14006219
9977633
33703121
155190389
13309897
161096629
155857189
86658307
166335787
148307447
76174057
113547197
131221009
5436113
106897711
38380187
120283403
129447623
142275407
74289613
38246731
36118249
3494789
128386117
54545287
26173981
140158163
140037797
9588281
39697687
151815971
171898943
9012181
114079993
7966001
14895863
99105443
162678851
131349479
95699441
170669809
176978231
12990311
64656281
35410819
161187107
124614617
103476781
14955667
21679127
131055761
19845491
177328763
1309117
123365933
115430141
94296817
171085121
19341571
114240457
16857283
81307949
167929787
127404883
92301271
143127427
21007099
4989371
51230303
65437181
121510687
130929343
16365653
133621529
51077393
157291249
120507767
84509351
158344481
24886073
177395269
34213261
144231523
123890419
130057549
98630629
158914933
72703997
149355821
116603141
8002003
74735839
44867111
47529413
137570957
29301071
112349969
64331291
160823261
178465657
82823927
134632033
161381477
804341
111580421
77288863
8237629
121119533
52312517
146640331
25888081
66430297
152144453
63717011
147923771
152075549
152425423
51128239
169035619
20865391
73363021
23516611
9266941
117782831
8338199
60675497
82791047
54735787
130180657
44103641
86260751
125599897
164961703
68655007
71727751
44561999
85889801
171375557
9720031
124286803
158819741
128614931
7583579
37494851
68761163
133615819
41913019
143770349
9139943
162136979
73340473
51341029
156261631
2056987
23473183
56745617
98591989
2110751
97867481
105988643
154899887
92045893
9646199
130912357
6995353
158593619
9097003
146417639
164320943
151911443
11085101
102015007
66250291
90974167
20235869
101103983
77213579
21364853
166844423
14325263
12402613
30996919
47481611
11541427
17768603
128621791
112148921
87422107
16175683
86719751
101481851
103009729
174233599
150856039
40871833
53084063
77133209
135904543
41145373
127521847
148662301
138907789
148729639
90151339
156301741
162872783
178386647
162579139
52589249
72087469
157206853
135797509
529961
95033909
52356019
84819359
50099641
41564009
26402477
91720523
50649451
13086187
29351081
71353903
3627671
98330929
171855043
64700891
129718651
97874723
132539053
85181869
41676983
52881511
157121287
25336699
5551919
45741847
51736691
49577453
175602683
35939129
73272713
101188903
115894421
148416629
83984333
41949833
339991
70866911
88878007
105715591
135883927
58277587
45820961
152970317
10643417
172109039
109218583
28613003
77037437
107194453
12807563
105804239
82110827
178798349
99336221
167349697
171313399
111690959
176104889
157787939
4420753
97433893
171836879
178616531
4318099
164266789
120539917
91246669
60903191
9500191
146069039
115888499
31048909
75719213
130429601
3784943
2494447
169821779
118991183
86246813
102372163
92922163
118984469
176906269
37309693
13108279
95023171
138077
4774921
151901957
99763343
36992927
38136739
5798213
19032203
80556643
175931939
71374903
10761713
157967947
115029913
51845347
76896923
25736549
36549529
44582903
174842141
142244561
4502513
82537069
108762097
96628733
87616493
109895393
146300533
23580097
9454589
56477401
116750099
58030519
65137841
88693753
164199293
49589873
148108867
2697983
116687101
9977909
4171411
86701553
13165921
151479701
129534731
170360189
19088221
11056823
162014249
30206537
58821821
118402313
151991677
14973523
42374531
87705833
117854551
98426323
158182457
40913599
18169477
84274273
23542811
80933357
57088357
13309061
15801809
29136839
145461557
125449237
5074087
120611347
93265847
94461047
127443551
53017007
31882801
27753389
6394559
58270643
139490893
113312189
25109159
93122441
67064519
152629063
153274879
2294491
20842837
111505039
114529927
90896881
4745087
27432001
151980607
129432221
19978561
40266683
24857369
56533969
39547687
74732941
75005603
96090413
16820597
35381117
28562423
139017173
166692011
111929249
141726593
82399189
123035359
381401
103123883
72054277
64046987
136864291
150275479
92511847
51115657
87612919
143577823
87380417
83182949
5891471
61696127
124479689
43820471
172778819
1697957
27760253
4624877
153781531
12892883
46806197
33607843
130959929
84799867
162294929
70518689
65221657
129289123
19182109
15092533
41122457
121554253
75810223
33384809
11504249
98634409
166846027
61422499
26892287
49241833
23583551
78737123
91584557
112167049
177592969
119071033
26154209
18960037
39047707
63691447
59958599
26156437
9238069
46210249
125031859
177251623
94732811
55473359
31565693
100483337
23165137
66060121
5273921
94472197
19209173
15479473
26766937
15357731
55473437
111672601
150752249
44255509
59117297
146219891
85036817
60819593
79893731
9665339
7405667
47497027
149081909
145220353
25547741
29352083
83291357
161937803
3602527
176292157
163358081
11554321
89360521
158061737
7626979
67717003
142996309
159091087
115545377
6647747
145116421
162682349
112038259
76735289
145279283
106560827
146891803
97478699
43377119
112714891
121196297
15963611
69163609
172617409
129184981
139934233
123768553
39317737
132787891
118151491
21714059
129765469
117520043
25674343
5780851
127055857
9845897
84413779
143886059
151776797
152949917
118269409
19137049
173100397
26589319
118331813
35200163
171589843
160654729
75926287
37317187
18249299
21378419
99663929
67075243
83402713
78070331
98675333
4692383
133405297
120026461
22466557
104409509
127368281
170482799
116251501
163477309
55620377
71854501
23484731
45247537
134657753
155105453
177181349
116344831
114732239
95920397
73766971
53723861
7734029
164292217
42434377
144021949
140346251
170627381
26118259
138015011
1561159
75316369
166039031
71885791
96227711
112964213
19913779
125576653
2022661
47909977
110196269
101750543
43177241
63145567
153188813
107195453
128116763
113827031
44467141
143331283
50959607
47497339
62074477
164292707
116533751
24793631
85050877
143644651
6764587
33003601
25423669
44739151
119465543
109101953
7347709
178687189
176544923
166068449
95221289
113703703
100931179
123810107
118230443
25586443
55383509
10737631
36666683
139314739
25013411
149425163
107162687
146029859
170961697
70372901
3972697
155413849
134171789
106578001
28400153
147413977
16156867
107220079
155922989
88795771
143020817
136989949
106814023
100424131
9796289
62255293
145451741
92689837
72960721
15161369
73716421
56317511
52256761
30215711
172302989
53452387
82963303
70339721
141478439
93480083
114681629
49280981
93781141
65566889
105942869
42636383
44950049
17000689
27551039
65961773
140007451
155324599
42258143
83420111
61437661
14339159
139557017
77803573
75515381
34581593
32537053
154972157
109269397
142517467
94655569
73766743
78308939
147263009
104527153
90643733
78348367
28102871
163049857
29445847
24715183
154442803
54653587
121632041
42439757
162998399
33949103
116692531
175732091
66939127
8156023
109444133
148802221
175240603
24489379
108435997
90568069
58653653
43207141
67966753
85612123
36294319
100918439
106771759
62475703
113354117
58971631
13409101
84315761
19812277
125658391
113740969
173975573
125220853
43347097
35207203
177016139
99147023
115916369
55219699
13776017
31085321
126237421
139691899
15885371
48888487
159428473
103245617
11643887
147146071
145593121
161758717
170181383
76182193
69437689
157470251
133399087
176842727
18865367
111819991
33929711
108598307
68191517
178886999
148317773
24141199
104856049
129939683
112189237
68304629
19077329
23919449
28799821
82504817
23854301
159736531
164463479
76214797
170483009
153560117
135712417
147938633
69096043
131375483
145604441
129622453
155062981
4802461
114134021
41251703
102410479
98804317
87127693
53744167
117206407
120062069
45891701
19405121
42256733
68319007
104839069
139525933
21054353
66908027
138826349
170699381
57656717
60761291
153064403
168615463
65271763
140136917
25623973
31520479
4224739
17582119
31110787
44586089
172053709
99733643
38434523
176515511
176967829
116319367
137319709
33859879
129186347
582499
42372761
178508489
106276319
151252091
52876141
85254803
29452403
2717177
161140271
137491787
43155457
172194179
142623191
12587143
146036699
6659
130491007
152019269
147129547
127354061
60340781
98211569
83674769
49700311
2063741
52612711
30594269
91519801
133138409
123151309
75930181
108729589
25578229
105284503
164755933
177363653
46829669
23769023
144443501
95674517
83784013
156377497
111470731
80918143
109844153
127848569
100200487
131346181
3506123
110471939
25808789
99084611
15692629
157728239
79832479
166214309
3342509
128706527
136167139
74992901
4867631
163698257
138782717
149093101
40351099
132938753
4384979
153144023
18308987
72526243
61771141
132154511
14578099
116757551
8458123
156098923
56691013
78982093
143493037
74932327
134176247
99602359
154957807
172174463
31884829
165650297
32764429
87529643
45687247
2255723
17644631
96912433
114371137
51309287
120826819
60121637
24261427
39104341
769
117795169
2249069
79787473
143845571
76731283
104413451
76608529
124581407
1225097
105441467
76257161
7762771
155423201
3689311
10242769
132706571
76607513
85965349
106426699
78536009
20576719
67487809
129611813
96414793
110193277
34447051
161266331
96911449
141773971
16160213
36585677
33490097
57621481
41587597
11331857
78477137
132326813
67995331
48526301
51760873
138703657
49221797
98293229
18800753
73203313
138812771
31225633
33428611
91194557
169634447
147384109
19369813
19252969
101919953
85450831
70282649
50517007
75650831
130883983
21769831
85332901
48174701
147168517
110014483
70052131
11406443
81287023
122527843
124057463
50409313
168466343
125733029
49128883
28045279
47855513
27279647
44928431
129442783
2422229
129876961
172957237
26793659
65775503
17671727
137963869
108880549
45506407
110882911
70070783
113534303
67146353
21319687
73413647
116946793
73738079
8861261
26946097
21354667
51085787
125705887
125860253
10844437
118536233
58812379
61844669
19008131
101610599
43570547
657499
115663403
94881691
43695863
39799
3745939
125612951
97500323
177088757
113849657
88201331
176869391
2171963
114827171
92254333
24425981
18988111
91224949
174577621
108505841
102015349
156076147
112797829
40326787
1049569
82087727
118588193
90473479
129431699
103159801
165089621
121006321
115359889
91952249
4045997
9660353
173343089
137672683
137571121
38445643
4522123
151125307
136237769
770981
86151673
173111321
117317591
100329797
160061119
46995511
159054139
24891959
56547019
61383857
167644363
90428567
115048937
54035467
41097743
7527551
81962753
14432519
151050989
176388059
147487673
78982577
28388809
79741603
166593841
60346879
46300447
156326279
52456993
136791001
64157563
76359539
100135121
134666359
178268609
41802161
7461353
147595243
132667091
89277451
106868387
160661261
12749489
47041903
108280013
116219053
40693859
173111209
173290223
39776563
153444517
130380457
152018963
46439143
150285671
171365563
86241929
101961473
91359407
101367809
60639727
172621861
152045587
32516941
10286747
122200069
29667523
38485121
57824203
77309957
37696273
164671937
77887721
72343753
111835183
158013731
143982929
52456981
10196903
36398533
44767747
117062329
23884517
63527467
15115799
1665581
81855227
14708027
27686759
238639
111695161
123828923
51149009
96503731
157812371
36955327
133555061
35642357
106814261
37114271
79802137
44787817
75036319
89661851
166374739
111120367
110205749
85472227
172757119
55304257
77276291
55638509
117976247
148685737
32183513
119774167
80003179
176646791
52041107
124173587
103868491
114386747
64438217
149629001
100551541
113003161
71331683
21011839
104233781
53111161
175699451
121967977
62328943
14200877
61517723
177988277
170833709
66109339
9137899
170264389
144315169
144846463
88500749
109992973
127597273
20858231
39867173
114697831
162658633
156998029
80350679
138656261
115657799
73398317
136273847
53359763
79424927
129391877
57710113
163016401
176319839
179198311
95138539
162460603
71857439
121660883
72900637
14894623
138530621
24054469
8659009
161329607
92446583
29195291
167321249
78276277
97456309
176605441
63345577
60537923
64753279
3592879
90930559
146366791
30856433
80118287
178719467
72145397
55101323
24268561
87926549
6071383
166468889
148592089
70693321
20252761
102694469
127760509
127658723
134031581
72415633
20275181
104903111
170271043
15834947
43197461
114941857
97372763
108228983
47912759
73229899
57727991
25384739
108118711
25103621
50584753
74873437
153329521
3004361
156008003
46439131
121480651
22615553
120437693
32870363
2673061
160080169
15924989
132991571
153807649
32223091
135706789
137714911
95205647
136096967
78062921
72030817
32076727
163180891
26833459
13729099
104154857
122210663
2483099
97616269
93980911
120817033
135922999
4115987
151261471
155173129
166361837
177160751
170945857
134788153
38653421
71425889
143858089
168139183
95991899
13415851
170371811
96098801
38847661
170092919
98315687
126608029
154745963
31594907
92536699
135284399
93025937
21827683
96146723
17809349
131556037
36876277
144042209
164176379
11414569
6227567
145109717
96146777
170922263
4968127
134588977
55936213
100828009
77034031
128260169
156023353
34475821
56010587
151922003
30360959
62757803
150816119
175316159
86692757
119530681
153719099
50302631
33739369
154528117
52482193
155750027
16010347
176842727
62015509
146360161
85626731
104698817
105476359
84889523
19945273
54178199
55969237
73871779
43924187
26973361
133683569
114491603
135870193
8557531
112846507
7586651
31676527
76338169
83286653
99406513
98425693
67363783
3163297
119245591
161467211
74801437
100169999
62557667
98333381
72728671
101354453
167197727
127713821
82243727
87053159
120123629
87196541
141124211
73154941
134418503
164769053
69084863
165415207
75149117
80318201
66212411
8186603
39520573
70195331
153697529
105037813
118666903
112655423
23280889
49124909
120418171
44275841
160442939
160273877
123037927
88186211
91985501
147350141
27114799
121240289
84925147
37300979
137402131
36812917
141874853
42658793
117259699
55814809
101805281
87735493
179414867
150568237
125900407
16557449
177828017
35768251
20129927
176409853
74472071
21116297
53663689
102016553
93651251
113362729
97107397
116999221
26891411
25593719
80238203
133449431
117322637
115971517
66602077
93369403
77812171
10910891
31949059
117110099
168731413
136163389
23754221
139828411
179123851
30785621
91992023
148201891
70111933
142035083
37848329
8168939
86012093
36574063
107690449
49279063
22179149
154034743
138007109
54907883
72533413
124944571
43603543
20526449
156975589
25820321
105778157
154324127
101359747
57480221
134080979
60150481
153958687
51775249
12083527
3441509
87368759
154948369
7406537
47673191
11111509
99134863
103915531
35372021
59985239
113678651
65046281
135567127
42198707
80673917
7557127
25823159
14543059
169003859
53477453
14315443
134510041
45900473
125551901
80149843
111363433
121408159
57511567
104405459
77788301
46777019
124408807
94412711
52126133
117189571
82844263
17802229
177023993
95488769
99202027
126588421
2190043
136934407
121296739
51582581
7945789
167653951
104329807
170440493
30449437
45332171
97297507
48910957
19347353
165664073
36053417
115937527
109312277
10031929
67488823
36938857
24931903
95256373
62476829
3565979
146221487
134531063
1653293
91937161
86913779
10474411
67586521
54987353
163517633
58632331
68860193
131152061
76400867
37209863
39627943
132449507
77793497
168933013
141969467
106108663
121364203
142608727
77788027
114924421
119065103
26126609
9624157
115244543
1282093
39158737
153864233
154083089
114076447
10159559
164214313
52156193
131521331
162619973
34734529
95770637
3327931
45673603
115135277
118355443
15552443
157181317
13261771
97554761
8815321
82018513
6485741
96476141
80932303
4174879
82977079
22093531
127291669
45122977
120844411
76637669
25331641
131694193
97004617
51922571
108037481
55215089
125788997
69207319
32884933
133085009
58954279
96407243
28156493
72283777
73762151
59098861
161707267
35987267
117128897
144954149
63212887
16133233
39464329
23583173
86054443
43061633
19997317
169113349
69356647
115669669
167662793
86302873
3331733
72928169
157593593
178392911
152727937
173065561
28065353
56753383
52935101
84287719
105826459
124898087
154868941
47216209
139018237
4341263
134803267
15582871
4474879
51139007
22141909
122614031
45665407
124219517
14155859
89833703
178814569
60804643
11756257
158249599
102882077
39956827
75445063
151114357
10106477
76562041
129549143
594103
171950029
70018409
72259739
120901733
150829741
79320739
131668597
56523209
116381557
100150129
99576049
65491243
68262989
171997831
158333191
603503
137594321
113673173
71295109
29567597
110944973
75549541
178671637
54498149
68600159
144743827
83662127
112752701
66353071
40697887
150983551
46870427
21911003
68613229
73978783
104597771
55872779
120441289
10746031
28876157
14315971
120141953
147250769
104952973
148240559
73161061
156311459
69349831
165068243
153298603
49055417
15500027
11927449
41952749
16846243
13159793
31580231
144474097
140359579
4481707
95577343
154610737
80426557
167528369
2543459
6124541
4861799
173100299
5901767
38616989
157006991
105717127
125824873
158259173
149120833
59984677
147218483
155215141
103850843
1723291
106145491
104602627
148258079
11084477
141413771
93006769
42419569
135806107
17227493
152673641
103398749
13480991
43839953
111605623
57222083
171798167
85335307
62301287
95621269
122489489
63626239
115029227
102833363
12537953
122216147
160115191
45770833
65761649
17812933
98056109
148234991
131873363
172096987
157041763
111646811
113997077
9433027
21290167
92465809
128300267
175479659
12168067
105247133
7601413
127466741
94988279
128715607
81747059
28092349
126091379
29551853
56067889
61914529
18776273
165798337
160077487
173542207
126820627
33720719
134174071
72962359
43863707
85220587
56510851
30856939
102817657
2509301
129721381
100728869
4870651
48112793
102196747
42461953
41062393
49978387
13239503
67500649
102653237
47523029
74500837
136956797
32160967
103982869
50546497
120405377
143650477
111946403
67491029
3287861
25599019
105251441
16221061
85215007
144822829
79041373
74573287
37473181
65507347
37397953
171923293
105660391
71427019
168285041
8986843
94213331
40177387
12118349
129883661
171176779
158287247
72088241
111903991
86397887
10147243
156385241
148798187
45623489
37968349
14559799
94170521
91174729
525397
147877523
10276751
165733081
1938577
93137311
137828861
43607797
15448241
13929547
76497821
135200419
168747697
6537541
157068851
1514099
91013777
60287921
35699021
153425047
170338099
73174693
19689611
2266223
173713417
26347151
62277251
109700963
142273003
148966957
26778307
167905849
174752399
170377027
28214707
19524707
15364421
65155823
146667427
73270679
130499071
116351843
165379037
140166179
146505763
70192651
22217561
11315903
159036817
133277849
150316379
129872261
100262093
89953741
11236559
82946033
5302771
132703603
31886893
63088583
88028449
76447817
101944613
85600811
1075241
174529951
73696237
156726289
170323477
138617911
63304609
66976219
174303449
37002571
42415693
26451487
107064511
148512257
91573759
95884589
13924279
167021263
24188149
12064253
169986379
162898189
39062663
4905269
22342217
18604837
123068411
125528339
32916547
174324433
136139957
60247177
22750919
104754613
35482801
106531793
37351177
31063367
163938953
25301761
17845021
94217521
58995407
152733857
152086043
135389959
21241837
179249453
56992549
106469953
98075491
100667839
112872301
134328391
7559333
130351513
109511819
161553619
31000063
140752453
97796441
112396853
77857847
8300057
25140457
131568509
19434071
163813201
108086837
170596597
174933203
95381249
165776999
33377033
131692313
177954379
30875167
713149
55248173
8049023
125523491
68044547
77492549
176609429
50434073
158319719
81578243
161724547
31302269
24119021
109551373
168944189
46261261
141977867
166274281
59673113
17864723
38042261
130781597
43859987
124195157
119339951
163642123
97627657
11453023
5733823
61141837
69634121
84285563
83039189
149420779
126522079
137738819
141111413
78161221
151262729
23263469
71258437
145343239
57506993
14348813
28309949
85403519
92882071
156515531
111357359
89795507
97181731
3677119
139978583
140532793
37093817
24728777
256441
8300477
58476749
139148441
100219967
137717053
117731839
62749283
53162783
175410619
93899929
52164523
178714097
45973373
114863453
34856737
171940339
7273627
57530621
135861853
141169733
31228781
30573227
40213933
14979791
169616833
23725753
148364737
32251211
107640487
127029937
29606839
82280899
74356703
167118817
26423983
460531
69435131
174903629
29286409
147516619
68611757
82777117
53239999
177044279
49700641
32623081
69780247
31658819
119137729
44852543
142399507
137981849
80883457
147637313
38932147
135973183
72881233
136688441
132051229
81250529
119330437
16558963
6614891
93313699
6859519
141351061
177336331
160870139
74251907
62068157
76470203
131316013
141570283
172333289
127692827
143423443
98922787
12880289
179307001
32900563
125055097
42681139
106387199
104767213
128922179
21403931
42882803
81798247
12395869
59509277
78310447
133056839
11816773
177733817
121655491
78334667
96271129
12727243
52593661
4485139
84814789
81666821
155424197
122450389
71266183
150612223
67404319
105638243
90863371
38692237
124101899
36227519
158276873
100289857
78947903
34641821
5883919
43875031
126945677
98776243
166818997
124412363
19844021
9566621
66740627
167285999
110939797
111630919
82657291
145020593
118722557
80087927
132052763
95134153
56645249
121551277
116338631
166032721
79129027
67428469
111932357
166595381
124795457
153893671
112609807
95770529
56840431
24344519
81877777
26815489
120404573
148764793
90437911
175643953
157650919
65673259
149712961
139248839
155342261
59013949
114534767
133271989
15197243
162439831
105291023
89057303
134077267
3447709
50840443
52787659
83053837
118578631
19150147
99012721
92876291
13807273
40412891
60146249
107863687
151042459
93946807
143870581
12263431
11378099
65471881
179060683
54777971
113879111
29572201
21799879
100801979
6601891
48121019
163613069
27933973
19466969
377137
77780041
106413613
55576127
146322073
18431851
4613891
43510037
162751469
88091837
161913923
134485679
3445873
117938903
16700479
4498129
48835627
21780779
103704553
57255277
4607881
135337967
16347197
49344593
78358031
34370729
100778833
29535587
147256777
90146909
62049271
156736337
133953361
66698921
94654601
26953301
160772669
73370411
50835131
113776097
136647193
908821
24805981
83102653
136879177
26652179
75995177
113366983
102082271
121110289
115196923
159468319
535793
99275287
142621541
127571993
151411567
39631817
38392181
178999567
81542093
31043141
24483439
140797169
138334571
45082561
171832853
68710393
148173541
103586999
89755681
58493341
860291
167449691
66816917
100548737
112705063
155974289
67166101
44572211
16386233
20664257
76651481
158564501
91339223
135924137
3459779
14851547
148094117
105487033
80471507
170604727
28701811
18573211
44036963
78699493
72252589
10242761
98380643
41643293
99379349
174055823
137088997
107867029
166970579
52522619
24448663
118987273
2183579
158530549
9663629
6984209
148560241
79813897
160195909
81701327
65773579
143931773
20242303
22460159
125036053
59768123
176976617
157071269
19361107
89390363
48983603
128556271
27150727
65487869
92363749
121529081
174585553
120267617
12926873
136570009
170080949
74821367
135731707
172062809
9682339
136607489
47679427
136098419
44693819
172161169
78224411
47323649
72078059
35390669
65284897
147718819
175675793
218069
81619513
12385279
16023937
67764043
35096849
75505319
7063799
21493243
34927729
12551789
83165351
174312857
156357743
145096813
156496591
47859521
75598993
154530829
48386441
82918237
173508031
13574699
23173181
74603129
139560959
160680341
107214533
137288527
109575553
168254341
108979609
169493201
172596013
6380597
102471169
21152753
66533171
112755259
37614271
76231613
25442869
112874303
175441759
81962299
105890879
121180667
23083831
146572511
104274139
107663209
163442159
26895347
10573357
21900391
111879221
17672813
9878203
49258789
29307977
90405187
41453539
65978923
22888517
148069501
9554861
55622327
9960217
158589049
2449177
37853993
87551129
168176003
94277891
125626427
92950229
127645081
144897827
70746833
177215273
34514867
131297
42037201
18148331
44256221
133509121
35270737
64200707
44627221
75003917
131512001
14802589
41496089
60399697
41441629
106195387
171489937
126261209
2543441
138607999
21088621
130164379
165441377
159799807
158977843
110760817
3890759
5929961
79255039
126458887
47252963
135463421
121207201
109855253
30499549
96000349
71313791
134124491
137151149
49178203
28143433
175991617
110991229
87606737
30847477
97132297
37529783
111874699
93422713
30435919
37934609
146730443
168560783
67682359
70235839
65366443
87451087
156426229
126149887
41455963
9267371
118038353
36400963
147320533
66789439
62088583
66132541
8823611
151007897
101264231
108449291
7539761
169223413
11671117
40991141
168034219
62281717
102796409
50144959
63055691
847321
151850051
74307061
151760839
156661529
162904493
96516929
141078601
153773027
96254341
126149357
101607481
86816239
32350181
73876091
48117103
93908383
160535839
55294441
168881137
11983507
83543639
103428179
37762577
38976433
87389369
163996607
148006393
32684513
118257019
136064309
53830027
2156251
31061497
9072859
155489303
49393147
165729563
173763299
35496049
132644801
78177329
22621793
22527259
21798067
132881453
67292389
54666181
136586881
108321371
21680459
7095883
9506767
171610163
146489009
174408347
2076331
114947977
8857687
50659669
30699527
124822903
15679439
88289063
37537289
112082011
121590827
22262249
44467931
117478093
3867649
154541147
27655363
130395497
101455873
26307821
75987539
77347363
15487991
68690873
110301691
164986363
167912821
74970083
40809407
22748459
21354451
70032311
156555803
69370891
66906089
75281611
36060547
25250261
65086423
79438543
1874003
119561401
42167663
24797791
6315557
159128633
82338143
122585209
165811249
7272929
173023091
115787533
151315223
71119231
61621837
49144033
135849001
54290471
80916349
50586301
7524631
139256827
153861179
145772533
53136557
174078187
32793659
3442217
43953863
77590609
141598307
7721947
156126469
23630147
32535527
58699813
165072071
138749341
36790339
24002479
111507251
66574961
77872609
87892237
32068537
7725881
93401879
118955857
13459351
22610657
11084033
93983917
160725451
107872307
108509237
100540079
20561413
11045861
48260903
104813543
105049639
138685667
87237907
68390957
1629451
130599211
167597363
6501721
10914931
172346677
2794453
80675131
49810757
57488869
43448761
1000667
53260379
84799573
29866619
47676851
104849027
30636637
33791963
16364093
9369949
155396327
74960023
173083667
116595551
50887751
97682267
148119661
53501251
96458261
110349781
118034629
175411231
6674821
43457671
133336657
47627389
66710401
23635351
62008591
40890541
173948501
172983169
123039583
99143909
140465539
45421547
1592963
9149293
109105903
138093031
117413969
39029593
45202237
104571023
32771237
74941037
42299627
169926929
80634353
12736883
64047947
132074599
130465583
136527161
171864767
150745079
90215423
152078111
98944973
4560013
105860633
177524023
56348311
86935213
89662277
151583753
57183671
94855613
102594047
12128393
1628227
164639483
4990327
20867591
136875659
64130081
42300179
107347847
169458349
113639093
11638273
29140259
166522397
101908717
568151
99797603
85228421
27388181
22976101
36985379
132070867
39169579
5150161
31264711
96003841
128996099
145554257
44232299
36960251
10911391
121993481
149349371
97538279
26498491
54891301
68052163
103688869
102239603
121281749
1894729
7362917
53021767
90895733
117710981
4518427
54395377
93905663
81167263
5037377
65335139
10477891
90562411
168040723
71512879
153441193
154721863
143760943
87139369
85111861
152109751
34911203
97233379
127271531
150647443
84618029
63671719
134161421
54080363
158094529
5638183
135023107
15010571
137946131
8341117
74491049
107084507
145159087
62778761
7306613
14282273
52305511
142600531
50326831
7354811
158584091
171340597
49955623
108849683
116188231
134674387
117934093
28623389
1704169
90823121
116781167
179379281
83603257
72765191
130421981
68105881
108161771
48070369
6038297
498613
179077889
66511493
92293213
179095247
63179069
117187387
27827887
27776447
63294307
93899579
21127241
177016963
66946093
60927211
145803253
42714857
55866049
46828603
31049567
11773373
86025647
145432423
149662957
101673469
48655463
156120677
36212633
81629927
133525631
135157069
42481651
15600961
149401723
156989887
92902463
57865681
113491657
34296551
167469713
50576627
148607731
135170869
45893963
37800449
112849127
13445203
37198541
7659149
126415307
139896709
118367059
93865511
117573271
6182177
56816731
175687429
37157537
124511293
168492913
86665871
10832917
20159509
176820989
94260017
57813479
38568337
171783697
171606317
130917869
149566951
153368497
141829031
154380251
89693711
71695903
89516113
157235053
44688383
168863927
37645999
48169817
23400163
59664587
45054077
162757579
102651749
13039483
165011929
2890889
91141627
40976413
23096291
105106487
112647037
6263501
108828397
4013543
154044817
7060553
156198961
140077939
47778229
16624609
157230391
3132263
159442529
9365599
133341119
86410859
141493283
1151203
157546897
38157731
140899981
33508147
157408429
79996171
147972137
81723857
107988577
91589033
38615233
128212829
53766697
125150947
1671961
9618451
168667987
35816437
152167157
168488339
44218451
99637361
53709581
148909003
162722501
89514017
48714823
10773013
85813103
81697579
58798871
158891531
24436133
78647521
105659929
123172873
22468283
101618921
36341303
114461197
161328689
6238909
165452533
7875983
178964791
78881029
5886481
155992159
71284777
128214269
112665401
135094781
141370601
2130671
115174123
79413079
116048677
45447863
135007757
121138081
76773349
31118567
136581143
54941693
113299471
30954431
173773289
28269841
35314883
126746273
86947703
28488023
111020813
78787831
158281157
50653861
1743569
56128159
126621353
151472317
33584569
55328101
43273561
120124171
49917499
31265173
138281419
47033141
157741499
161173609
165174283
34897001
56438477
132981263
67747357
75254059
69697763
44975743
38805959
104527439
65413951
95242157
103698187
176347999
65171039
17542781
104835509
131204189
95185361
110471989
102932587
169635943
145479947
108482081
128760257
82733659
90706981
7372303
38734261
40169179
101753783
65396963
34157779
103028579
162791501
101372849
36735539
176761861
18000751
40121747
32050009
11838713
132486097
67724621
152079299
171425153
61743841
157464103
50297309
11912269
39890437
46400567
153819559
17050433
3164627
22729943
135057773
104318143
130620697
32274167
104764031
83120519
114124987
52516229
40977197
82192919
122736353
19260679
176358491
27394193
143365939
171998417
52943129
26071447
9963739
62266927
21233363
78085409
121458979
106153031
115379933
169365173
76568717
43349909
151104367
116788241
6582193
97242521
76756033
35521847
138313171
159868871
167694799
29754863
134302501
57563983
18052421
53285591
130674067
129114197
162774061
115111859
62184653
57007337
33550201
100094807
160431301
28829257
32798917
69858757
127990547
124830311
175971973
79169383
53320583
43520041
122268137
171552473
107181619
50410601
39111157
164695877
77880343
103753219
130294363
17487629
4691957
174421591
59147773
65002703
153522997
114718753
18946901
114214049
10846727
131059249
172114879
100467767
94322093
7332863
8241419
112343629
155269727
1940053
166110979
95719079
14990207
34104767
46611811
10351441
176866867
56450227
157679953
130027831
91650257
2186269
12055987
130633297
164545819
35117743
67320083
142774459
151875469
76200973
130746029
151793563
168906473
69899281
81085091
130117781
46315663
130490777
14792179
162614677
48473149
95912303
126714463
103643363
89516971
43604311
56208589
141676363
167550751
142388453
34687487
121384259
17312891
71749541
128439959
4138681
171199409
94457351
21452071
146548651
137756497
160421171
118728517
2649613
164145911
711041
56201111
174725417
133626509
96045317
10597397
81733087
1709131
146050799
27910907
77517689
13960897
136705847
126604759
107615513
49990823
13618471
125458061
73352621
52961863
2128303
52670243
133948421
83414977
128175227
131414429
123317839
170440687
17226073
67431803
45049649
63762217
137120021
125468779
159605423
23884279
19022891
35628977
20878961
108113197
136280783
108808013
60220483
45039143
130794809
92349473
12977207
89704691
152481853
21607151
40871473
83167771
158435867
65436401
95167651
24439981
131034571
3263131
113072569
160180213
151412453
22309319
104961613
90763061
63606611
1085753
74551507
145484239
41170231
33708149
50441147
19882127
23847529
18166801
72198883
139224923
31739761
7587317
179314073
144331469
156112393
158997967
97299227
136490573
21662209
51035849
141750023
96365897
52981879
173340281
131337847
137645411
76928573
174904559
138810227
36183041
85620203
13045391
85488643
74470559
42756391
153116659
36610009
137384483
25313861
165489833
27195151
119964553
48272473
147188149
135223709
171127673
11254907
11806867
162934883
167099549
41636533
143231047
18453637
72164153
27248233
142798511
165249727
5282983
81350779
178619687
52920281
138763523
122053051
146500807
76210447
166364351
114075167
136176113
69615691
116482907
151125977
54666319
110652853
129498679
85572589
66995429
178919963
119954203
17185613
149509103
74994607
43156699
153174911
149836601
177070429
96421189
55703233
22390301
60552787
152887963
118656581
119791699
26551957
139938871
71688871
38809387
67734617
76525129
137898331
67078391
109606001
28925291
170223731
63394021
18664319
144191077
129701267
167987777
63764377
178017509
35620391
152300851
116647621
104998853
143046341
37533941
174931489
24232181
126753281
93651637
164738141
84730207
173288039
72919081
118929257
50488447
13319689
22408151
114489077
132140837
59791153
137145373
105507053
38503349
158872789
124100503
149588771
36512491
32916799
46168601
10077541
76259201
63206197
159688121
177378647
845983
84610793
114385937
60370381
47273099
170294209
48511637
76485679
2938489
81339127
67900361
44011091
121986311
67976759
156078073
99193993
50089673
160275251
129572789
163957709
120917249
90378047
16799911
6256309
107644123
39921671
106553731
51932087
153488273
135673411
175146599
157483351
4928971
9646969
80666507
134267963
73911527
60064289
128152883
172790909
157680931
56651317
986963
128642533
122825767
134396767
11823023
70701899
102729863
108644141
95302751
80046361
32644849
99525739
2416619
38271469
167868991
104666369
27989453
173613449
47271053
111546577
1709
87217211
47386013
111939749
30456383
69043529
41646881
5141273
95604323
110544407
145175083
13946771
60549667
175111793
116042077
118916111
39717637
92107409
118605203
154927081
92821693
142570193
143403037
66444803
173787673
64348667
147589067
9251413
159262907
34594739
171730159
44837797
62680483
86091041
170115527
72533189
110494409
16369763
107782613
144868861
129593797
138810829
15445253
53725349
110030861
35032553
155280959
121274407
135908987
11045429
8509751
35553787
112874093
24738097
123745861
115401289
89697887
93864553
63958031
96533573
90745891
28173829
111238987
1348223
144587621
157572047
162357493
135374377
99588163
102754037
22999019
38693929
32314783
151968743
172171969
136309399
21762137
133895771
41252333
73503973
73708571
144333011
124890307
163001393
139303127
2269853
3935879
83837807
111789283
124666697
126426067
3102727
112458673
5105671
141088823
21170987
30068399
124460477
28271239
44152967
168818261
83027753
152475691
43146353
107653309
11177503
9028519
104122121
82007399
21150523
3458053
96079307
156062957
67870259
155910899
141677917
86688479
57574523
51240373
40018739
143638307
58003373
20914769
148599883
51122063
5158031
113456573
176460611
106636007
163367077
36302657
174851671
33556711
100854359
171449909
24894799
155755739
312709
88762483
84656113
65744347
107353693
18662041
54788729
111308803
83912713
118243843
3391489
8081501
108808429
12198889
75289
44005909
23059529
7178077
112799221
60100811
42434017
100649147
70524799
7556117
42905341
134225141
66094153
27624761
132458317
36746491
22800559
98449319
105634007
109518757
74065997
121522339
47865071
8173003
97127423
64832923
87245183
81448441
69110081
66805433
30055621
146308993
110623999
7635899
46662283
32730683
174261247
109016783
81881669
22677749
163060811
36023177
173501387
58384177
134470009
54023887
146132099
157029157
116104939
9047851
20051893
100782611
125357233
44228021
67918511
70733437
153945553
52181377
140079869
85737887
78371077
11204797
71402203
78211531
112549861
108992753
55316801
128815693
101503019
360497
32950891
9637093
132369383
113254943
113384669
171244253
74551507
177569473
140112853
13510331
171031877
41615837
36871537
98033693
61987169
110427113
99648079
88419203
111414319
151264427
31483889
137245919
71129677
58216943
73674361
139627057
117512399
75820333
144852541
113496287
176897843
143577023
43921477
125618399
123643063
166629161
164883107
146708641
177589501
87573091
132134201
173130707
158120023
85120643
20925811
99378047
25398719
142363577
18808819
18297359
70606609
115267067
834811
22627447
57600259
88961563
28092187
158489039
33892129
130272091
38680553
116061433
31949293
18543023
143196947
121476337
125770901
123689249
129869611
117604777
58559663
89517353
160403077
83199427
108289931
133410083
91790507
4231261
90552317
174825587
57852787
53029633
174286081
175769071
35295761
40946291
129704347
84760397
13860373
59600441
20563363
165665167
66229201
1498993
107470589
161961739
39066667
83799571
60111479
112843919
166946189
34981171
14791303
37675531
146096537
93113843
179150399
141687037
53964973
6466729
46525951
96232159
79661767
65648221
131192323
33950869
108121933
129763247
86084857
61886711
97828193
157230089
175188283
64326299
149627069
99930841
16713467
142122859
64379363
155793991
37759369
53507903
116169479
108986183
15220663
105359227
61419797
8600101
147682831
12923873
20637479
1557239
153811283
6225677
72690587
18085699
124539047
119543141
5720447
94701059
4713991
27221239
14785373
8888213
28811327
10366087
48262789
71257171
58315459
42752051
86583643
150549823
105689653
172298117
28868629
10804351
99873149
75245011
165456211
47399959
105850861
38216443
140603299
130314203
174880567
50246681
8105059
18664651
8200211
168530443
43440119
95832103
176995493
44032379
71668393
73213123
36526411
55958827
151775119
139476419
20758289
59876849
29551409
178096003
156229693
97714273
82881299
149103737
21727723
16521767
29522239
154807033
74172103
44589647
65998651
6522583
142646233
99097487
107312083
32264689
127923749
108500321
147901541
68561993
125778773
42902707
68516677
39134911
176576087
69253927
105069073
33663239
91362307
158450759
83575087
63543691
39470383
58643293
78412813
53073043
108392521
107723503
73673707
40085327
155649029
32956739
87600827
83524253
264487
169993613
146438317
71739841
179164663
20890349
88850231
173931047
118967371
61151539
122215897
125267803
90239993
8807951
32281577
46295371
147254893
116872831
61902277
1946081
46426087
147227411
117000337
171132763
33392693
65819503
50216039
85711567
46215787
75231227
110424079
119233243
140198503
92597369
121999103
156926387
83091103
128287801
109944479
36015857
130325863
75765773
65720059
101033041
55414631
69444719
72457871
163608503
102789971
161449109
105080293
39897677
29025967
131970649
171243307
42676493
88566781
148898501
158565551
154676383
140010271
16421857
137038939
21360083
146735387
13480013
48431293
58319311
91996039
27849071
37165123
95541697
20129251
149757451
87618457
62801527
147673231
148046267
168131773
20737463
134703809
76823437
159416791
572941
168578141
27132499
91011031
175403071
110854517
94718413
126352357
108016973
147986957
112170229
107766947
148192087
133913999
65999639
60601913
29726657
143732581
5637823
89682553
34488187
7245263
154552273
159311071
428677
156029147
82226971
16213997
30377299
175149001
172566049
36953159
155581121
125182529
99116839
150082969
340579
159575489
52842463
47268673
41685703
37711889
15542509
69652369
171848879
114157033
56459383
148030621
52430111
86106763
16136413
57944387
146600737
104765387
37741007
55129427
152784131
82799441
2293847
44221483
173021921
13215911
133197863
127026299
119101687
115958761
69438769
112200779
94634063
28702481
164353129
92550313
168497587
84942643
3211127
116396009
100257799
100358143
15507379
70109527
163412573
141578089
37950709
22337993
98743481
77250749
107122069
58914797
140303351
138012557
62134157
62072771
163587157
74758379
29173117
98240273
116830759
21104921
171476939
160008491
116725909
114864583
58649911
24854353
149043109
21540787
50475779
177301681
35235001
26495159
70087733
143445187
22108613
170654389
107379967
150759211
105690763
73151747
27115163
164070623
49527847
33850657
94303883
41951827
107346929
48017
60333737
58522201
65340697
97638239
88107967
35305703
44425973
4065473
121878881
137187067
53635919
42189757
112472587
174081659
133761371
162371681
170094703
14698529
175646927
144334037
171665803
1118653
97307239
147094567
136952359
95412089
53797999
98988089
107355631
117096509
148853009
162192179
56130467
25752787
75124597
156653699
104032739
92551387
150845537
27843631
24027547
35375611
156969973
62576533
55365397
111355913
48382177
96828461
64055647
3758353
42533471
85042801
160572073
15177797
178113899
118500269
95122613
153562993
15275891
177972749
70502869
52907683
27595937
146220463
12718009
42471361
89914463
14091877
52751273
16370093
129663617
1958309
136918547
111873907
99204607
62671099
57285691
16374269
107394223
73250533
55505581
164021731
127516943
68255899
144958579
8319407
174529081
74870231
158551907
151050293
81347743
138632801
148051493
46602481
128131313
35515681
85370479
139686257
51068299
40293317
175397863
139628729
60815159
73080463
4012549
49617559
133166897
154740013
53588177
101670181
66796607
51604471
154389931
156178513
117993937
144976883
91281629
5324789
144446801
106162327
129432103
32868047
106229671
33835717
46411031
6971053
16012049
150290887
115940519
28973587
126429601
119874691
179055109
126275893
75430801
151460849
34200611
105003601
61655441
29550767
131299919
89157433
33239959
123412217
62439211
82815487
76899413
24830753
4317409
95068247
38608543
21826643
40904951
55732433
158039171
138604819
34351687
37145377
102827629
3268787
84521057
39371831
122202973
144219767
15885109
121366291
166710253
63485453
79209961
154222459
74856521
93609833
137699041
48270109
81563539
110057173
163551821
118195681
99654311
80650223
153917287
26972681
50162249
6764939
61505659
50462231
60888379
170195881
108406667
38853433
74511937
40668781
34316419
40593463
43877291
116648047
1249019
95191651
25980397
47729771
29696461
6867743
176956991
60570229
104950399
38724979
142499509
32454251
209311
66331589
141678073
174159631
37193881
68458573
78399071
136586929
153446443
145393057
84273661
48029461
39586957
12581473
72615187
123189019
64891201
165365287
139603769
162978701
52542023
101100257
2551099
64566329
25279409
116482493
108549163
106351781
68221553
165557401
131860409
77814197
21134117
112509857
159003829
48134993
117450323
117774359
136626599
155242333
88552831
69631567
127647167
44529223
121818133
178428949
46963957
83779153
147010063
50440009
15765413
100516841
22472897
75618913
138476851
62337721
57231533
19979941
15991993
65029873
126415543
4948579
83485211
26138351
123328481
80351941
111603959
7054127
13384577
95722493
135148081
42604151
32095771
104222197
24979109
9094639
36093007
37024783
45421213
74938753
24512927
31879049
157153301
157709771
1217089
97129717
132766363
169915817
148266683
94547339
165985163
35678779
139839277
49945639
80282509
79991111
143565437
137098391
15554639
4100167
150342677
138061897
130755481
69817739
179120147
34800967
38822071
84377677
174810353
28751417
148826317
118369441
166260229
174566867
91082441
109157639
30345079
165999179
1072387
127617389
124074677
137885353
57613747
90364997
86847653
79156667
36317597
88133657
62805713
178060763
105851731
160274953
95820887
165371489
87957073
109510633
13044439
45135817
103040753
150893723
139991213
45278747
129196387
78757559
173016763
62233813
81238847
148668029
130025131
34093621
100901413
120706301
27139109
88358323
154032997
102845521
49235777
148705367
123041417
152388121
23406839
129053831
83289623
92661229
169452347
101762761
115872481
133216511
50788433
12252391
179199143
121661369
77530619
71484461
39101941
45864397
35548609
137194637
44075821
44660339
131239579
171460873
124349389
78816289
5321597
60478277
51221699
82846493
104232691
29016587
21168409
54043243
61573441
7443911
121133081
34964771
171190039
30526817
111097781
101353871
25705871
167536631
6071579
117289313
45225701
85304209
6183889
5977843
84478469
109914509
30727783
6432869
28077271
74017817
57327923
29287861
40790479
17034607
34378763
28713299
101281361
152421407
156542521
7192711
147578831
103533839
99556411
142378157
154943587
73405183
129390991
129853709
13127141
117892997
150580583
529819
122599117
117276091
171305861
123977951
42058633
34539751
16193857
40388057
136800739
170287141
143372059
144331589
147716561
150021667
15662683
85091203
20467991
120201617
89556977
152427313
19818751
133797071
49758799
102828919
74134141
155571041
17499043
35054597
92938427
136631797
125990461
46802969
33947651
171774023
145009283
1957441
149825899
153079757
24484309
67881601
107121863
80412281
134083309
55451761
147159967
102944771
58218397
129573761
100497451
100347281
133925993
105503663
146026541
176267843
71204863
121013449
8215247
176740183
110755907
131109113
144534959
148780649
105472901
50707229
67248823
22263679
44310977
98036249
2042459
95786839
142908593
118961467
96018809
167605381
137921261
97551977
10346057
98572427
12635407
108594041
39864389
171664631
69306947
149232329
14890507
170498189
6762011
100516781
126328211
177320959
101915557
59616233
75637669
102501611
935827
112087043
144966727
58738627
35218199
153781919
178539293
88856393
81707669
162186719
161000347
73177487
171706849
77084143
51992071
109769563
97625329
30973741
84866347
133795133
65911327
54046087
108560993
111632243
135236303
126510803
7639417
154720711
38878639
35692667
156838001
179175611
135410161
65113849
131039273
4455223
1890617
113820283
14937599
150193787
26995363
73480643
18274759
145423571
138903983
100078457
15108881
82003741
23237183
71413373
85755773
13164517
66983513
100589087
72076877
103871419
178664147
176808421
115498601
83866091
144692909
31613783
126951911
154037111
735083
118628569
177002027
882659
3877283
11825797
13492307
178087913
167721707
18618343
34035667
119880157
176895973
156543227
157136227
57394303
41329381
116134147
1726477
15868427
34843087
167087969
26236157
106051157
133916257
6169763
41507899
121821913
43258087
96556711
50072741
68371141
150423913
19013251
10005997
42771683
26240771
133071973
15089213
80191649
13174741
97270793
151139591
72183151
75040813
53305411
95360527
106149289
16333697
77632403
44343847
158205517
153652901
59471639
107464943
70792013
63263227
104962943
155038141
123145961
74860967
72125057
26737079
82425043
107841533
16266143
68217007
166454263
11058623
69551269
87498079
174488513
153925909
63100963
63063919
159587933
98309917
107956063
46260427
35835221
2271613
18483299
106035907
159444799
39115841
7171259
69154403
153666677
81845131
161183431
16219523
32568143
64135823
178061617
106723787
150643573
58468451
175503047
43865687
95766607
33900661
62277739
159662329
124110551
149843521
131069017
144190433
98321423
162978619
146013871
106760491
65816227
128845127
164760823
37725299
144517631
91571747
33344957
13761431
149989309
172149559
56971991
173637883
153701921
7529933
4886617
36863221
85079023
113812891
74671853
30916129
35868103
45064589
77728837
124794239
70776793
130388563
159206959
29165827
126315641
79194077
84071461
52109023
138686539
24831019
26765269
2639107
105189899
112604971
119830573
26362043
7035449
81033299
78812813
68824843
71097101
12854711
48023363
72405439
45990211
179217499
83258723
5857519
109703021
100473073
53499689
11245973
122127751
100516487
139381343
32061181
91572479
176008841
152299541
107711381
31126289
149648413
92889131
125852231
15075223
154129709
88173149
40107911
133552183
157833721
24290281
140769661
15318599
172958287
45035351
66145141
91944637
67428377
178917397
142367633
49574741
58245731
102810737
176054819
97029553
3333901
106624591
54348013
88386833
21963287
72504457
174312857
123047101
70596023
134975413
171040759
121561397
11971637
93313981
72006023
135121919
108390287
34799491
18266869
31814843
125725231
26894713
39885679
92810863
3501731
8281979
155167289
122507813
126986207
15642617
72465619
164557039
18536159
126565489
77681213
134032399
177623489
27188741
171287953
123931183
159702349
176136431
68925419
14478701
25549663
163606411
125448313
72914557
87292679
17302609
28292609
93729739
136224637
40892671
74497811
19826377
45982303
137787989
176487887
9851431
68210459
6499859
124817557
13333213
174207223
141160193
59767583
100759447
48778601
160102529
152246459
128360137
149159137
136573831
74577887
68370241
41419099
19233209
91966757
23276489
136455433
85823321
100523299
24531379
148882249
92126869
158267653
31337539
80334169
139167943
54394231
154478981
28510403
51653897
142855949
35507123
60245753
137512787
3482693
11304311
51352253
70623233
105015311
78979189
6906527
103016201
177855269
127714793
27637843
108368551
1572323
140531921
2594677
26009647
108647233
89898587
165867127
115358813
2541563
90632483
56656441
53756399
144562729
82677073
98859053
55671949
153038033
18951029
26037721
29712041
121288049
1600433
109977221
111209093
3497867
93876319
27313463
11267929
136924597
67150337
480113
160494611
134353733
126520913
69281039
167741347
27875311
158712641
60311729
158016349
139675091
84364001
128818159
80999297
123220157
25683173
146601941
132316487
151367171
166636801
13970353
91674431
131047979
52090201
71686577
159400217
102898027
70656809
27733427
154958809
6273101
17709739
30098573
168504893
142165489
108361067
164267539
76022873
78987743
61217957
32662261
76867807
86512931
147452827
129826871
145141709
178927949
131802389
142233097
56096791
23352551
175058383
177718379
8424023
143796767
2798321
83914979
111703759
34788007
3417551
24236473
60744599
19342397
88521611
6102533
112827161
26447843
139772729
61173023
167670647
64017197
136422833
114709057
50077771
137359583
29254451
9351709
64529999
147975391
51505127
155541193
109853431
25582019
116728021
93318851
173358749
17139263
58026949
94966519
153960329
62590289
117788507
164822923
57233291
16936793
129425081
43391339
77552729
162208511
83626397
129914413
103236701
84490529
131426657
4025081
31310011
114580903
130767097
22871969
87256333
74062757
2496911
94767017
173636741
177662437
39538799
154350887
134303093
102277471
161651387
154905701
53271947
13166173
156904351
131868679
137048497
91891769
84708941
166729601
75321503
135731929
33594959
106205609
82772143
169468283
130678937
135418271
64873313
27583789
21624971
3984457
18505703
100295707
134761103
98904457
177311179
92615827
3472771
36042179
114422377
161435579
171442489
127153007
144517129
2376817
11683883
139291991
60166807
146131207
169837951
6899687
36345373
14013893
77091383
19877959
119958203
114287119
83821721
173173789
103801409
175614427
10511099
127944301
142617127
43913167
15064163
1267349
30145597
75549143
80466131
18990109
158826191
54677419
142010317
158887513
148285931
129971887
93210773
145891019
73208419
177553991
111486449
103533589
132030433
127200631
72931007
93008899
65090419
53917519
31747601
146767021
97667149
122181523
177216229
69208421
72977809
69015917
124709383
64002061
121964179
18999329
146430409
137112277
54490649
154462873
16075627
87352679
9363931
114864097
91173739
255617
167652169
56157091
113116547
24468329
138349219
66474047
2718613
123578621
114985919
50894551
25135793
179056819
20572817
26900659
78991849
45017339
132810061
51213881
123257063
176078431
3989891
80728793
98965903
17042393
114326533
92328337
137965559
23721563
88285079
9931063
40134911
69657839
79665013
24425603
32867963
23238329
164995087
96515261
132017351
129140621
162927707
56224843
12737243
13746907
153282599
165876617
34526659
36779593
156812519
13082617
96597409
130034627
28139911
83850721
103699553
34231699
27148729
111679993
56418449
13225229
4419469
178964129
95316373
32147009
105810701
29363869
20150063
1371017
91708961
81538997
112629263
8435729
13553051
137479549
73008373
171888697
106786489
87551923
131666429
43905007
162168691
161040493
61428091
160121597
136394197
69372907
145352131
164655107
23447849
12265171
41841551
85517603
4744811
95432971
5525293
54958919
161145793
32522807
160370213
20341933
103711687
151687147
71703959
96701977
2484113
177724961
93191867
118317181
138509237
42449581
104592881
122233597
38939491
124865443
10554779
164841653
61223557
96558743
150331193
126002413
81300287
85480181
131670043
145674371
101411183
32478319
7811941
1457501
56546197
45946951
100270241
53007991
148420291
109777747
117165047
23173081
41898161
175111789
131591639
20701327
30249283
116702029
142110151
110491723
68313383
86627543
68498713
31907
40300411
37385627
157257349
49121927
82151623
66731491
37402121
11674829
66930181
133007909
49668599
128651119
93245569
135922807
99026429
50760727
71035829
156860339
132124063
26709743
59351627
70726429
127977061
177876301
104221771
61500199
118255771
56936221
147872033
42362857
40451903
35393051
64263461
38435399
65255551
166621457
173694211
560297
103906969
47739871
120790499
158976947
152908247
69352721
97528703
104904607
109339457
6136379
66622883
134571427
20177603
122206871
40495769
136327487
32324641
54192143
101091113
8701951
67822283
114778241
49479293
20529569
43950919
4396121
102130247
34475921
109830983
26195693
120191713
27105263
163589347
163010587
130119817
110938007
169704499
177481441
89516783
113934311
163191403
12719809
160409231
73752533
14563739
56255249
148230367
23805469
72115049
80010499
3885967
2602169
127128517
7465303
110173253
109925743
45082159
119870591
124441517
72600497
25431713
68433803
69112961
143079679
133945919
25565237
157620091
757409
68577181
59984359
173131949
34524683
127988671
106309663
58427111
20379521
21685231
54327263
132203051
120262843
3204283
66408187
75622933
54368789
100332761
161776781
52536151
108438839
79330123
49258931
147201713
63143863
93537539
5696741
38266961
98277463
59967907
79556959
50527601
46404767
140016683
55548037
149930177
69312239
78511327
39574883
72260459
2884109
15883201
70195537
47741021
176137807
177778429
83338421
55266143
4203239
133407713
170997811
54408713
147024557
150776849
171271561
123446483
148785997
56591203
142694197
117749299
145990703
130057273
141836551
18566423
81773023
149507213
137891071
147414689
178478437
68038561
52986607
37835477
64163213
19482343
162145261
112512173
138454049
156522329
14647643
98649989
85710517
96981293
2918891
156884513
85475917
165183461
174408209
87370993
63372653
92731351
53822693
159180209
25528331
127720867
20326919
157887907
34589011
37251197
15675047
11178179
65205883
63895409
21694763
100685411
132892699
16452361
149662979
28960361
171083573
90146207
26961281
1179757
155984579
43920829
164006561
123547583
54129697
5621249
497069
30052849
17310833
26870861
93033121
88596967
151610257
114431939
119139613
148641803
177070891
38696309
92977457
135414647
75072623
41330309
63216653
174669409
171047881
170656957
4740667
107692883
84439409
70822931
42353669
168673891
156143531
157792111
84300871
20093401
60826303
29036197
152964971
154546727
15316517
143819153
134581417
81727553
97719767
139130489
61636207
68048983
178643119
43518869
38970973
82082251
65785459
53745701
113585623
97545577
158609461
105526991
35185229
90164953
88840429
115433867
140373391
139812707
149603269
129384847
53758319
39105809
70884661
63525001
98430769
2293
71221259
83926873
149004679
39445751
64387657
10925881
24301129
51549353
135030787
20597107
124635529
117669647
142318769
176196247
49450813
130885543
15569
81800291
127875707
1406389
148337851
94512101
120393331
103057399
12858767
90336509
159988289
176903501
145768229
44785649
113370073
82795553
7367929
108757373
127096381
77003821
126727151
53901763
12593467
108026917
24461959
23335729
55192537
61427617
142781231
68766839
135840203
169482553
64473491
167323451
126076477
131710801
68575781
91496897
175908223
68897603
83396759
5012653
136518581
115666601
35170987
65852639
71323249
97396933
146306093
168244229
84060451
1239481
121878781
79948871
15802559
67986211
152154523
122809457
35931481
130947529
7183243
29551799
173291669
55752733
143791789
84711049
12568351
94287953
169284887
30765149
30663887
148664597
132818593
90372047
178895309
103417687
172782473
3952387
73064821
55112821
118187611
138823757
40129511
37645033
104125961
59834581
153344137
123800549
176634253
112365553
140261923
126410807
41440937
177120407
70546453
101647439
134961109
31429427
124261849
40246001
95289239
70072859
178580659
4377677
5436979
35575873
86777881
122909933
44761681
134738983
169675087
24219199
24628277
173052653
17981969
78443887
24811807
163835339
135081559
62275253
26138669
147500777
42773153
168020051
76856627
160536829
94248997
73734469
77210051
5994853
28135937
107810231
21061129
118403797
120216721
42231311
62656709
54501149
65662403
118366883
116255969
50042347
28898953
16918381
117354547
26995127
75501527
32645141
74372803
138543641
146374337
16865059
121069127
135035729
133906231
115157137
75988313
136177901
19786409
42208457
68500853
83931053
142278167
26430689
32601893
9368519
138785293
140411423
103641221
115058609
71772863
154134641
50291291
115395499
156611617
139706507
137093183
170140627
149279987
159333613
62898959
132529039
31705549
79419349
76201427
60208691
197207
25092247
122542757
131406029
5555827
113945651
155849819
98039303
106389121
95295121
142897831
106356979
119810023
154188107
18548977
133295333
46122301
83761099
38886439
29938451
99992771
54370787
136605263
141431363
59490601
96249889
10279099
129707561
50711579
21580037
114219977
85225027
43538111
73362493
169548443
92482991
156653293
84652517
26744849
147873109
49595537
13494181
49963603
126763069
106749803
74212921
4698157
95820913
132716699
125409707
113887243
171806381
61302541
67529543
47416139
72954437
87907229
160406633
117141083
154800851
95747161
118477687
20976167
12992411
117142343
47524423
31945031
58055539
16416091
113296741
92913991
137435929
77461973
102842659
171105287
14517131
45674039
160452293
131512607
53904727
39187409
133363319
6048661
18611273
150025061
31226549
80667577
113371913
6286433
68273633
149555831
122864821
136618399
131812133
129704593
94951739
112944079
167920189
120255259
125733947
46170847
138190271
43884947
87587107
157535093
78396757
58820273
106550107
111594667
78969953
91058713
71249779
178895467
117344417
12774101
150890359
14644961
36654437
107139239
175783841
45120347
145992037
109320461
107650867
58153691
64787467
25769503
47800507
177740993
67505831
35849951
95183003
125097941
151760699
58985483
37792901
13841921
667361
48373709
48635399
40322641
98748883
71522653
1882313
73250153
28897237
167073979
71975639
152362421
79688437
96251489
170220179
54333341
76777009
103694159
37935013
38635787
3646339
139269719
111141743
136056649
114987241
112371419
143246113
156096947
23718601
130315573
4455851
25853279
50422241
30544933
178296689
128799299
178430633
46362289
140693197
58552007
66409411
109774393
146617063
124522031
146346049
83621051
139769323
48881011
72073951
151848397
31171351
1586773
70575161
44779507
62024461
8033117
87253393
85073783
168668767
59527759
81133183
162164161
576461
2128051
60604991
105941659
87860779
45173299
11838707
129986419
38939867
131194039
32337047
25452341
5814131
17720663
50069659
130292203
65703041
146286949
145869419
77516359
55152313
43619341
27299927
30215869
107513509
34075079
100065659
108081647
116299927
148387621
175305043
161281243
129260611
41765221
116754641
115306621
77870069
40422559
31780163
13941929
105095183
172184209
20841089
2761007
157709087
19026323
31130261
59150057
109296419
129165007
160147033
95259557
158665961
156673849
59264279
129320381
174105359
95273741
172366013
12996119
106799621
7065649
100397113
18886327
13461979
91837189
49208287
141097193
117354323
36205067
66526267
112376263
133904917
65717653
121624777
160441747
56942597
172661693
27166613
62994229
612229
89438641
30804803
88053341
2288057
173694211
77257993
30075739
129746711
141442667
115441519
55663051
93058499
150301553
17846749
86000407
68821079
48224387
12930107
157305089
173601289
139050763
62831257
134634827
114227461
38822929
9601609
169971073
79313963
123822689
101448209
4819733
84885083
7070879
102956107
43352117
62178769
21560251
123079069
109889287
146569897
115068253
79403999
3198463
100150889
26198737
158463181
29374253
159167387
44072849
62400991
164473039
103623907
5864687
168838669
99503479
108425441
175737739
54286019
86547061
111910283
55988651
91269799
10959173
5766973
114080587
82079509
145626991
132863021
28438483
36303359
116708681
12931349
42859847
119925241
101218979
32290207
63253093
156219929
27685069
156275333
88630667
152758129
48039991
64227697
161543951
72731123
7015039
107175413
95189923
36322213
122765453
60030673
51964571
33931243
158372953
84017699
116323763
147227719
176694839
170420741
130282531
159225851
145787729
38251027
102079099
102320293
115595089
163924093
178319143
110132317
12240947
105277633
41606443
166632083
102762223
30781943
16243837
172079773
173109631
12124097
35993443
2082947
48348631
119793997
75529957
90645791
24347083
85210757
44483471
174904637
80074583
60688447
1640809
96369503
155554979
4091777
801811
156555149
127336679
44049451
152756921
105327041
23242931
152359573
125104223
95257061
11670671
106452361
158235733
167040091
83455651
120378877
96159953
131029477
80474077
109077547
82540649
96337909
18161993
82002031
81847243
90453791
123374143
28448521
57850789
30512243
156956089
28573261
34513837
43885013
136866053
20150197
117522739
146313757
165500549
143281573
150516391
153300241
110309057
169453013
90136237
72523463
116160613
53148547
27330727
19045483
123514121
82254637
156182797
52148263
110479393
99818893
146002903
114358487
16470491
105644041
161287457
60353743
166918837
160874537
162997693
953861
157364803
121437149
100808531
120658393
124687391
119020763
96343333
17045081
26484061
16505477
79504861
75357119
98153663
75472919
115122941
55527863
67751209
18542129
32212553
85749031
36580969
170408873
76080091
40637269
1002709
68106263
24610141
19479527
43040831
40826297
77773429
159549931
1008607
292801
53167397
42438917
3396677
45433567
122482849
123053297
86153959
2860307
92716159
120144547
21871331
92690393
39664127
160572431
134224999
151664683
147533713
93219611
179397641
29689291
18324073
90386753
164445767
28498361
95555927
3473773
132288967
138352871
121117049
28004939
101727403
75492059
21910391
2954453
130159697
179270461
66117589
121518739
69001367
101828479
96954199
64536697
48265531
161946893
12479
112460837
26570017
115624517
55606657
59789861
142098067
16243291
111805259
104712317
147561289
149476147
165329687
176859103
100155719
130474301
22378819
153053651
37101703
177617093
49079167
59354417
151100419
104276537
9760351
39877381
26483647
132898819
135585119
150686863
12993907
125260007
149151703
20642593
41807179
53391341
72420463
94464809
124052219
54119803
141766393
54417361
166927373
152892197
97627289
65236469
109946143
73424551
97547123
135000617
53088181
158243
141958717
105028267
165773549
164229743
135232697
133893707
89329973
56230907
576377
67567459
57331459
20997511
155246059
40120513
156375017
171848219
44628223
21893107
82921919
147292631
106702627
109911493
140224507
128655599
9009769
72894527
22623479
1364239
172543681
169801927
50397143
75542693
148918981
