78987107
138488431
32895847
41082599
24360799
71020891
40872163
18157669
123551849
26607869
27263023
140207029
134955083
131095427
103644833
12616621
145477441
59029787
19876771
105065137
31437079
145764481
78081677
68210213
23832877
114258203
101326769
73394687
177516049
25640543
93414931
56337607
37312199
97565597
90411077
72559801
119724001
97464197
114646403
60013073
161660969
6969791
102317939
140065241
66974387
120854341
90856901
19299713
6573533
15487973
9096397
154978883
155721647
102163679
42348337
30824207
1360759
103194809
164053343
104640821
2604821
149436187
29044471
176638057
81663397
82300447
145897127
129576281
53217737
110375513
91754723
1739207
81939089
104928679
70336969
17067733
45466349
92742473
33467701
26127769
161624653
43363279
167093207
30771277
14811299
160181173
19176161
173511383
82667653
9879239
170247383
17397487
47505883
65316413
92726281
151622659
56596597
40362571
96580313
86540819
37250903
69827419
128015887
146874661
113736013
883241
80853623
74617381
163379789
165414581
171805793
160119233
104364619
163513261
144814913
46079563
155878699
63428861
131809739
157402057
5020019
46998569
147577141
152436727
68248951
41715481
119452349
33212261
78874573
6421843
64483
131743789
167879053
125687593
63544709
66855317
947183
104315359
59024311
170348137
131987533
176958773
29781461
167674499
7919209
8460677
151870091
51401377
46708729
29796649
110307523
93836441
73300013
96632219
126377687
111339773
76689281
122729591
58045103
134115767
86402677
9892661
146204923
34384759
119642891
160974467
17015357
19362041
90220747
69365663
138075673
140637283
121029533
864707
152705207
176361481
173921623
140000717
137793923
103055923
17389903
41792117
121622747
39702757
95570119
145300601
11614051
103541117
104946649
132505949
127101883
77908669
33253579
120796607
12377257
78775969
70011551
15343619
79933397
85894483
62303467
95446397
173584363
164665037
92971367
48832001
162716963
163787279
147621503
7289339
61078859
43686179
29081791
174199127
37724143
169190977
24121067
108968647
17961451
12368021
81290879
151908149
126223043
128107387
142552811
155896079
20013347
120861617
90780097
31316699
106599487
42360751
10726447
152541863
1890523
17122691
49821787
93097687
108131399
167186231
152147407
152694287
155360753
134257763
64831099
52118113
155685209
40445609
79479769
76508647
51820577
171511073
177072587
87870547
52463951
170872873
114864943
90808583
112570061
28028141
114575533
148588459
49481477
175366151
42901423
64572401
96450313
13221931
143475797
67754431
88077233
14749297
4333531
152401201
3156991
73965131
40131607
172416133
151156199
128268709
52133729
141717617
5328277
73038569
144781303
77315597
102871799
86301583
139203353
143957423
8669411
119571623
48515449
10203827
4231637
4821451
3779509
71344877
116788883
81650827
159996113
102550067
90103219
123874847
121062577
178019327
94987637
115707859
172318169
70413991
58199879
175212299
77969813
170629691
34854497
147359287
91259617
4414649
73339199
17763547
66184427
159286847
59638673
20131061
60277069
31411103
108131449
18823229
669527
156435119
165037823
107088221
50874749
19730483
68294081
137593517
20700817
88934107
135960113
78053839
95291951
93130361
112336079
58846939
4968707
151703023
158858719
3250631
24476533
118766413
168575369
114591133
91873961
102593441
80463673
121839791
41941001
163899599
81215657
12872591
9103847
80451781
179045899
174210989
64165039
61200869
70262831
5454329
39417463
141101969
131997157
56014307
139437931
97057699
9171881
78028201
68551367
125165927
160639277
116422237
178319683
109407271
123337849
169179853
54567917
141047281
87356707
118551859
67322429
24269537
147119443
36554017
75196567
158136379
24470851
46215217
46112237
86515277
95373053
55798111
14420521
44893817
1640689
21003869
160836037
58202099
142738679
118739353
101753671
9938309
156936287
21959837
127576123
177963601
130426217
115370657
139394617
94476841
39154883
26858597
107664331
105126689
71567963
4880933
16681649
10653089
128987231
77195221
74317891
20978701
115372723
6119719
93892537
115531681
5264657
15552937
176699603
61870051
3549457
157932847
106594361
77870413
31112359
99814553
87300209
29677001
22514311
56008441
134706059
91738187
155006843
64465823
6304057
38189623
99115493
177085837
113524891
170959153
56519833
60000683
39495067
128991007
95707333
691651
26930461
57000089
174344081
80237453
118236143
59108381
115555457
177417047
17400463
82942817
40495597
90840031
35459519
136945139
108266449
122268973
169153679
156483001
146666869
173696527
63847643
36452083
158823551
136381151
22169579
144318667
64598311
178836557
12622871
152839201
164496197
47624627
144646267
138968959
73212089
97225501
83734613
9063107
85175473
59027807
101966819
129021499
138102947
130028263
21922169
127130329
170425037
82303733
59960833
106000871
152277757
141363119
23410613
176096159
31026421
164147129
70228811
82491023
32846447
42357179
7180717
27973711
112880519
133772437
61050739
89615303
89080843
135896701
118713391
156439391
44029903
90361087
153074923
159493267
158635369
2083897
115659217
137142527
58432343
37648427
13932781
86604899
85708631
112348009
6461123
32391253
123335551
51118901
36926767
18308281
50688293
98041661
70195637
168360811
134260507
150892331
40446947
38934923
26941351
76539191
108865409
110388931
93702013
90733649
104817709
70311151
123512069
147582749
156208477
94987393
10665971
84963661
83786701
92850893
107686739
105967453
49444961
5992153
51482929
642157
174463517
117760697
128634263
83203247
140521219
11160953
115756099
58490869
91813121
131140501
146295367
24168973
9737971
82101373
119072887
96625157
58903333
108979103
3674557
176571671
177084133
83384809
177060179
130212629
59720413
23145271
93559523
19422127
160358383
47896049
154890959
14463439
166175239
58522253
39385417
97362751
41476451
81866179
177811559
77379749
135512381
121100821
163633139
175407769
164137697
33746483
96206129
125423953
110162443
127139303
79478051
5879021
55648519
158211899
12601993
115588079
39566719
24548431
18910861
41843951
79214567
143577311
96553861
119919689
78770957
176165039
118591661
161622749
119515027
132780157
146346887
12793871
3365539
118932871
165275837
44785649
141155563
99137657
148790051
9823579
99608633
114401459
12328319
148079279
40145953
162524753
34655521
14562799
23373137
63253913
110715821
166919113
170048441
117263827
159456293
102803663
125366929
159419857
7223261
119910353
166148963
111356909
164524189
147164737
2009783
58120919
5926187
113283617
51175133
67490377
13730161
116486459
8483779
9507863
18783731
67365031
140875333
90666553
55511461
7570331
95079659
37784051
148584881
143631767
62003129
59783093
86264993
81364277
2797523
80180161
55836227
106495489
49140277
170151089
70286527
65248559
94212869
174050909
127836383
9418667
116963167
80683961
96876427
28619579
137786317
5506717
38461117
20345231
35841319
60279743
168579239
38021141
167337509
146606671
65491229
4880287
127285261
141978541
8062321
10438193
37260071
59836591
13622737
61217531
29909447
149805673
176121157
73908071
4753003
160534307
65584873
86721461
62099003
31100479
25677349
77609101
5134369
85041343
162219271
98606383
15126247
117645029
150329143
86911003
61985549
152668487
46127233
33806093
178549729
7233071
2347439
122309287
139873057
130311673
115127027
3588919
7194023
59207983
173948603
11308369
85366727
42721579
1196401
163751209
86168983
89063717
78804997
33157961
15836677
24125599
30873523
129000973
105496483
67954273
98213939
16462561
133294951
80889307
17679749
122761999
109352137
35478409
177132239
91666387
121114289
77691101
62124263
66852943
133400359
44380247
26241011
139744799
125739491
8084309
64273207
116186617
16753897
63297149
13775009
94906213
112420163
109698683
47390221
163754147
7295383
169505717
128341729
115907321
108616523
106478921
94665173
155464103
95996993
110253839
16054243
76415741
143573713
74538991
178865611
60793631
175083619
123999193
78148597
65354557
31708921
81126061
57554023
17679653
69822913
10785143
115523677
118953473
117830569
156020573
14808119
41704363
15042101
150773239
50997857
167808427
22840283
47433143
14376301
34170859
179252107
22983173
111934861
14246261
167701433
158812627
55455403
148016993
153154189
83470147
147252307
77969657
101203181
14457791
170881853
107407543
128467463
22798991
78887719
142317289
17955797
119336759
77135831
71518241
89660827
130120391
160204697
102012187
9622517
67297649
22311389
158364589
17499401
106883521
35682611
55156393
143013491
60354169
145913881
3724307
167024029
51783497
124910207
20630543
124854101
113550029
13676581
49535141
85421629
117266587
10995301
113511337
97352389
50423677
87048547
41247649
108946129
35918159
49288579
96787807
54100169
13353443
167780017
51076139
489457
127877713
88181707
139407109
168896471
22668091
12101021
35433647
152323163
172009039
175117073
50547853
129178559
123416131
10176409
177770491
129200549
79770107
137171767
133163573
68663429
46145731
131478311
95907731
95141131
65278481
129360079
136805359
102996301
13025581
18173171
34617223
22110707
47553299
64022201
111573809
58387037
20624839
128862793
11558809
47320421
48379193
24335797
54724049
36281933
126511919
63815447
178272917
2536679
92785039
168750871
22933349
119851481
73184071
108515189
46519247
52493869
53906953
102960989
132093233
12628859
166123211
121714147
1067137
2342773
9653827
105325813
26573711
81809999
79555219
129151097
116767771
56173433
82160851
173891257
110979503
146505461
71791387
175364359
112450909
154047979
55116953
71193959
115941223
43897691
92227879
157713481
106292029
57703897
31939543
172208753
154542833
143322917
114324803
115661573
118145147
147759163
21522947
159412949
114097279
9920357
115681451
149225299
68112599
3147983
155476817
114394447
159214361
5173897
50812127
61281053
163296121
19134293
178148177
140916301
120911537
74149883
74806973
3857153
86164781
172503701
160679671
153304661
129425987
153258817
116017339
33028067
128008901
147999041
151746929
138953267
97415309
116664179
249989
41068691
83970301
139160347
4090397
178227013
97391053
131808121
158581123
137264591
58493473
175400413
112357033
98332133
141923189
59018629
105095299
162551513
4821779
109893437
58396939
167116237
3362431
131977751
172262693
109327759
132716707
106896551
109477003
125472577
56206037
102625021
151584977
34514929
97408639
138771247
160967629
39981551
23157119
54908743
23625451
173132629
63786421
161771849
3051439
111229847
127917731
153855223
18670637
20421407
101803789
105197041
108930791
123057619
178416713
32098061
12518059
93622993
146257757
137409661
59133941
123048677
103773949
152755957
15770851
75499201
172493903
163379569
108459047
123699439
83402653
112420543
110556107
173520797
98492939
122264971
133559147
107434853
52168717
120805327
128516629
37730621
73472593
124813193
108546397
73373387
44327531
51586259
144676801
121307057
97393883
161309789
158125273
119782087
7835599
13013549
139868107
177254069
121908973
2578111
128697473
159954073
95809247
21388313
41809637
156324769
90197431
26841953
127594079
66330353
101076343
118280707
72728581
166866383
2734967
94579391
70760077
32282891
132136661
27448277
84741511
164218931
58988983
129600397
44527493
71386243
11247871
142371571
93925199
178249151
73384739
36762091
58222891
100120907
122260823
52706897
64631591
118502147
16881749
20268691
171308671
57148513
35789519
79973269
28132549
161743
70582403
49494751
166047769
134887691
72923261
46215593
87582619
54250181
23088101
18570077
155687393
102977471
167662549
79160663
15857521
32423389
14396131
40234217
30319087
98419603
28368889
134332127
100678993
123008581
109659889
139799563
424003
26986489
116552929
31653101
92196571
78419599
61164139
164569609
71025509
1119397
18846677
61636459
12460237
1904891
12544289
86909969
66438551
17473571
74827919
106144387
54062761
34289293
144303503
15339179
97869509
86207239
127536823
41025319
70675261
134137903
71314171
148040941
131863519
145370581
115736899
164433499
46947077
118850447
108403397
83933149
23424337
32403391
77552879
10818617
135952991
87831901
132061669
86921059
6932287
35747521
150946799
120570011
6097361
72487841
112496651
135348919
105368377
115162141
168997541
44802481
8009291
144599353
1637459
178005151
19882943
77020529
138501947
66758147
5179891
2517079
119412781
145934507
141679511
99589613
175122691
23271007
109323817
138921667
5187151
55464119
163599847
109155859
12153619
65979649
135366899
88485179
47717941
79503773
31630139
141123487
11894891
171512651
35490799
109644329
42585139
42399979
9375383
129844279
52037407
39248873
130971521
128462539
128825171
164124773
27990031
52355713
29697137
111541861
106890383
72050309
108294673
30234287
18641893
31094053
119322941
64569787
166403323
157952317
1642633
13652831
60868673
22732301
158123939
98477597
116438747
24677117
41582789
52404239
6688109
60281579
177520403
144792821
64256201
86922347
123125809
92951233
162912539
12103163
176692729
62056747
66737171
35288543
112501379
77618621
165066079
124319179
124346923
140929501
70789813
25134233
169858279
111203669
73898533
33708149
136519309
67690747
148650233
35592899
118800533
133022261
101856647
158225461
6474007
88831139
113282219
147936629
50103871
26696309
42286897
61236379
85359403
97488077
84256999
45824377
170479259
138523061
92405011
80183371
104860517
134580893
115906891
36088477
76779203
106445609
170448007
102479617
59173207
48394639
51146789
140318821
94511063
28662917
48097079
73670977
146858549
109380961
116486593
75406523
24878137
58399247
68758843
23195461
47002003
10387397
78557387
153683813
120330527
131060851
125795099
50667151
62774057
79427749
41639639
94336499
70262327
3227209
132562301
173486843
80499073
171536543
153868447
117986369
85139311
85597469
18438373
122745713
141260387
178967939
13447667
72581699
7151453
161981999
99291011
9267647
51389881
62516101
79631171
120940277
42513563
35812573
52567069
35838421
22434403
3837287
26656579
177293863
131568641
56477119
24413729
97421131
86461619
158258911
144016207
76147363
97329917
27895409
8949791
167700443
179117557
25096901
103795001
72697099
2364353
89386351
145198847
156406787
7489871
150101249
19452703
12538181
6617449
20296457
84983531
58038557
155574373
42214577
85424081
125791079
11267143
65693783
55447789
128856731
18477469
95623937
62929943
16766671
115840871
88969213
25794133
163795231
140904661
7557479
103009117
80944609
177282907
170135617
4231027
136066571
152186833
161365459
52218983
82465753
131096983
119158927
106894111
21837931
135909887
18993967
123889487
47297249
9509117
58041163
107848823
70922233
179399071
12549707
80583119
178307887
66362189
106731343
93020489
53570123
104516431
40506331
165848659
17789743
30117539
136502659
117423203
104040847
20294279
52933037
25087927
47720317
45809017
161145617
59010947
27056683
64034137
176481871
136894579
111779791
68499391
60964823
96391069
165235589
78791467
56826331
126533549
130091231
15320563
70890713
89250589
48399899
11255081
115274993
51438899
49362851
16637113
104064901
164992207
58198949
70599677
26707201
7235533
80834209
38797501
140663309
56487127
71474483
8685791
11272699
145235159
81756769
37246943
170312399
164181989
37355447
164356931
93392641
169161383
5589959
143543669
45395213
144860201
95304007
103182517
54304993
136257929
3651407
24977083
157904941
126411403
120870983
2566013
30007889
118219949
67387457
74042489
95265659
177877003
35088607
169765319
149646911
106772797
109554481
66155911
136382033
81590207
38671681
118909447
32554237
43612189
168989263
113300003
174056101
151703317
165526511
12383993
77173139
7222627
2341847
11999027
82848091
80016623
42933389
117378991
134071627
4274467
55300561
171633703
165324893
84783397
56133709
157944343
148972723
111365663
74409523
116421223
9613423
69663983
87803041
97042289
121656167
153436931
49635437
52004833
140550521
174899147
153672419
1049717
61878599
70321021
16619017
159679123
17529977
161747939
38001419
37656811
171370091
33674639
23681653
51039817
175128311
64205329
127946359
70348819
146816069
150799589
152919367
44461591
98607343
106271483
72141257
14065199
35009747
25322351
151492001
5117207
78008449
110672563
133438093
1649693
53439733
61290587
18092299
26711689
35834683
162786919
44972713
123416113
171035803
67400539
120832337
90141841
33096731
20331917
124214107
74461769
134738017
101294029
9027061
164241839
37999669
101787113
165043661
173457071
47793337
131771977
60803291
34762393
102474901
165759941
8914729
8472713
120842951
161942449
72103247
117514559
115294219
21949069
120127487
59171527
140333321
125863099
15653453
85720513
25616887
129300631
28173113
81023237
29683117
63193831
140905621
83265593
179266433
163814459
49597811
10379587
62862383
62975161
68543477
142286647
12869453
20716103
26618353
64067737
23829593
131669729
47119027
53193269
68794399
130981883
107802197
27953851
52020149
75304907
108819307
85624531
115640407
73271689
7402921
94176701
113721233
65951731
108515153
97736819
52658939
144656471
117162791
162998987
120145391
144288031
52855021
53880613
141544859
68856679
8179219
119446897
21551791
82313071
178988671
32306591
109784263
154324853
44964763
169649303
32495011
2108299
93465787
142748341
5369759
147967387
110526517
44365487
134659643
50818319
54844661
156049373
79883339
103012519
97646677
124737373
28194533
161985853
157337611
55803919
115740059
9027217
83987921
14656427
91767779
87294191
25615453
59620123
32941339
145903619
80624413
106391267
1767979
91792867
60504749
113724431
123248291
28422509
20360243
150724433
144721141
56563211
18136561
122170231
81398059
20625667
132765251
74076017
31094867
72371521
63468709
169738957
129178307
111075793
113961457
44354249
17230649
22877417
79809047
177763877
165609403
141154487
2477063
133288921
152724601
72122257
60958057
19581781
150038773
103415647
127470451
55996739
94147541
126618241
90092837
36168551
197837
174831373
134258783
156739241
136268599
40099513
27752213
53388343
100178423
142500601
49338937
64312057
139240669
150913033
43076993
178191683
25112911
56689079
127887607
65212249
91859213
55077853
85097729
73758749
34133653
48882671
53937677
166544683
42280873
109900943
67032263
23891471
169799339
9753851
141578309
48508111
11897261
123045023
44229049
130235659
60914849
31439803
101587247
28823297
19397747
24376463
83167493
78674017
56575861
21584363
103214977
99864983
76895873
123967133
32301133
135919837
152687261
139203503
177940421
64090487
141359263
135339587
16352957
81721373
149474173
155170507
121632521
145462393
13431863
67135483
89625149
97138421
133706593
96848291
38570351
54534367
159485603
60305339
25253167
176262571
147986147
79252949
107967469
30791731
70159879
152863471
52951513
144759011
90009431
8490589
137057491
111573181
155263817
47007629
158217863
90354731
82981027
96027517
30352559
168112283
33801203
117073927
119591573
175083641
132223061
83889181
104612449
118700369
81717887
133179587
87002303
112019711
54694501
79815013
179388479
61993661
8698253
75103187
51109921
80310787
7688309
36228791
90214343
21323417
45645521
140699879
111449959
106814167
7603289
4772759
154391761
64488643
104821531
172957601
133862293
106135871
114438293
66431549
168914633
123833821
26102383
84040807
77966407
14854841
174722543
85191109
34974397
14869727
25754143
92832503
101596139
78738487
141252521
5661421
73345543
5260183
10488109
15769889
5991473
41811323
28435397
114818411
162432091
14518523
37366499
63160039
41517943
109917209
222329
61139027
22108127
174515293
21211237
124196783
112888871
28086319
60405299
8868931
86742833
139653851
92112049
112523773
28940557
32548771
92382523
32188691
99598351
161080823
96653149
37247929
105510707
160119607
19941767
136961509
89702993
8534509
2377253
87880549
55837277
173873597
103055287
37698049
158774641
63594631
177857717
94710949
144079921
126396383
60488179
74759977
68571709
67894139
144756929
139031719
17566313
118837171
27037691
72903403
26149099
87488663
163377061
62411191
78829549
169386169
258743
92708107
6827281
34938481
86212409
31769393
34414469
55858381
56615527
36029677
7031551
66789713
127824397
40397447
50056709
13311127
7927441
159831227
123679771
127076023
6097183
117245897
107590499
146047709
155060783
108095899
30089347
98719931
47998661
160622711
173519597
124906403
80910593
127318013
57696679
17712263
158391371
148179481
59740517
70318901
60306061
83148469
94689047
3333907
109237309
26042381
56860183
89061751
12117377
146551609
95244389
8118101
138112433
176712931
40204301
30430801
178739063
163272413
150520169
49411357
142549427
133794259
66807457
113528383
28643617
107090371
6754357
172869289
133469983
135495067
23245763
175004903
3454943
107973007
75107953
1650823
5022817
133748873
33492101
19190687
135957733
83483573
108392237
141026891
171544481
1309753
148592831
105991637
166516541
119533697
105637963
151250291
25719601
60160021
35957333
117026933
14412953
130233737
173361611
86651549
44149639
147980467
41714927
65066201
47045237
174669113
22221587
65305391
132819157
5464181
179292601
54743971
4732979
20436359
1920469
13257007
104644763
122373239
7821461
104217731
11513483
74431223
105589733
21476489
57143941
118858643
24629029
49737911
16417717
156896843
69531353
47731729
157665647
107233979
131779693
143729479
35102131
6737383
90556709
141932891
104791373
51185153
17840773
137017733
131667343
136034863
121041317
118000667
2569279
104302369
176041961
114361021
131232593
84753397
107926009
45540533
101486641
67318613
97776953
131233813
85930781
90546923
33679109
60809473
21839357
161106203
152634071
127224749
99683777
159276163
151875587
89649401
124411681
9764977
1742383
77946637
122367893
26930753
5612819
104629573
99382253
109185809
4901381
100215179
49082287
38609453
121761217
43166887
5744749
63010697
149264701
14341279
134527933
147773207
117371669
22323053
126269243
37875883
20648417
167433509
43714949
165847481
54622727
134823851
11151383
57419861
143696879
40920739
138706231
68826601
81561863
25480051
170931041
177232819
7265023
107197367
90521173
111172151
132057763
20060113
75473891
74492489
102025669
33380779
75214067
21951731
107123591
151183007
90561073
93343279
60378763
34300993
133463321
5933189
131751623
105771397
48073321
27706879
35873599
3127889
148513831
43583849
130397117
111546203
109474921
27225943
5967287
114232003
76797257
82158233
100200223
166631513
102427183
32062889
64858627
134183123
76464643
161633587
144362159
101312291
22510153
32218657
127184039
89765161
110516437
65489251
28454819
44758169
128978723
148895053
18950989
104053351
25161079
108631603
46063249
166262353
14949929
79163561
41143673
38254397
44325737
52990451
107455493
145703687
176560057
178788433
64404839
95626327
55103381
64629557
145092643
55159319
43050859
116854813
102777407
5823341
70891633
30685121
79722127
157776401
141448031
167968939
5229569
62834557
118724051
106258237
173691899
55042909
1646497
117963707
142625471
126208081
70190737
61925999
123531959
89991883
73177289
120690047
160551847
78379069
149846969
97848323
173440231
58276879
105178519
25697167
157010593
42716953
122686723
25286923
118887091
40097977
56473091
47930219
53647067
4010081
36363721
54288799
22320607
57350791
172292251
44024831
997807
132721931
83138647
166504417
131930753
85678819
152069389
4832123
153598969
49253933
178654423
90123623
62506793
38418433
96260677
114033509
163589989
125284963
124108459
92800859
179360603
149571143
165440687
24813223
162365981
41832799
136288277
132201973
2612957
150893273
28582427
16104701
79715479
67853663
148047587
12778471
92312989
15436193
12820679
55627933
133945541
157887293
15509639
151043443
103955021
105692513
81177013
74279657
169311473
46704419
128360321
158815841
72669631
37231793
83617343
71867533
74599751
90473423
155320883
146532311
111808513
19240409
132425023
15224609
25399529
139665613
168722473
95619703
69056219
61707169
54716621
77914069
125728147
88563439
127834913
971441
137512007
162418777
35079389
66210901
41205803
7045601
71713673
8957513
153706853
37624529
138030791
84429913
160728041
3613079
38830531
137074741
114138223
31667173
134157823
14901829
150160789
167952649
131374157
74236891
80295907
20590223
158680853
159745987
146312603
37540549
116412403
92560109
93024709
133970861
137879531
140105267
122387281
2039357
56280383
134656583
154293221
42531781
5828479
174786697
58405367
59615593
80329
81822007
139266529
165433357
136169723
29148331
158689507
143528573
107980247
2750983
136708267
131755193
115048321
35033909
148027189
125114681
66337913
122948899
23786131
27288347
89312911
95242067
18000473
157905829
85730537
113075803
100147291
108556051
107533001
84177043
24313117
94162741
28524059
71430523
150565189
41020919
163848541
84538931
60907127
64894579
169726301
43168793
10895267
98337817
127175437
146111191
24990839
88343263
87898021
30416707
75055819
80617657
33121169
171878479
94962677
700393
121533761
117771211
129883493
32268521
165120211
78753691
70589069
163445333
174997469
89983007
116600767
144370361
13383221
170952283
47936237
60580451
139146317
95745263
103938137
117754453
122474993
75705277
3523391
26153131
103859633
143219071
128504653
167622991
95897257
4292773
37027187
127569577
135540479
59647729
119088631
41721307
148933949
16447747
124268527
178370989
154361969
128337043
92414339
1018543
129078359
56537759
30945007
117950011
54577723
143244089
8880191
172634633
120329467
14596847
63828299
173692061
118194007
534073
22934627
139416217
114120901
85648781
35232181
13781263
52550149
132720023
117146671
109365679
19080683
84544489
53628119
102825277
79365733
15216323
97271177
143339509
49598957
48462979
17151559
68505817
124985923
100579813
28395197
168953201
122215931
85589057
57049877
18024271
87589331
123993673
12995149
171618367
114238961
71832337
165428437
162294667
33193453
178973023
168128489
94951111
106694657
60593881
63787387
82766791
151865111
173571787
111564679
48503773
170891209
27036013
78779009
67758371
88967779
117164339
91271309
177314623
59505319
111785587
33352849
72833309
73343687
88747193
98546831
121579519
165809639
107578243
55477441
56322269
161165269
73834181
129124609
67452061
75816509
92211239
13169243
48071467
61910809
84146507
18775699
155150587
116074799
157364491
53281511
158365993
177466691
79987619
119271011
97039183
139304657
136142309
75793513
147424441
111788839
145444093
50656999
144827791
166060337
121777507
104753533
82024783
117648149
56442259
1182403
135186347
155274307
96598589
72650069
58468651
41388817
4193971
26772589
136364681
177100519
135508027
73873853
26083429
10915001
38065147
148419547
6330683
56532607
135761039
118528477
100598957
120414667
23612411
23775277
14553983
83898371
115173727
131755501
102479921
79448423
50875697
150052211
58517317
39731579
157926943
28448659
53913017
71877709
145979681
118392037
38441251
51655403
83065529
167037317
23793521
12857239
58536001
47636041
98378503
75480803
147165407
74418121
167123101
116485267
160608191
21045433
8015923
83719231
91653421
70165411
8495899
139377127
46053277
22824293
33487277
23137603
106175791
138679867
144636599
71016367
132214403
4264991
73638767
149144453
996161
71357413
25280201
135765601
94426021
40006063
143999381
78053111
46339789
117647513
98989967
43193021
25151771
28436003
71831449
34643347
59790323
73977907
4967653
56633351
131671009
46314181
88969787
63096661
4151531
60859483
25500967
63105589
48184909
115621417
83505187
17633933
155932723
43421069
35610713
172882069
95974447
119894717
102507761
21246809
111135667
166349357
40994677
70600843
41459269
19705391
91576291
48423443
78603541
143222993
3495497
108911531
15134159
36687913
90435439
22772993
22443023
80417297
168505537
91443533
91447841
120112807
63002591
62878813
124698443
61779637
111813209
166250569
4980301
29829277
4312433
125916067
142403903
162802637
8736341
61426447
170755129
15573193
37804513
136293151
13637731
27157423
129879749
130710271
79270357
96653299
71187989
67088731
24821099
82598099
162588667
86081123
68168053
137784811
6472621
171293723
162089647
18793543
66257519
79901279
99995317
143428639
156983543
146097689
170013307
144659149
34154891
119773387
127213589
14368457
517511
56674711
9326767
87496403
79849201
2963599
53286997
28657627
169271849
58992799
171210079
142336247
92469437
106920881
154382633
73236131
146882311
80564893
152751667
5010671
93302333
124655149
145901263
65460481
34896467
120530453
176641961
16565401
7303003
58160887
145840393
138669523
171329153
119501531
51819241
127749421
51564631
224629
155677069
111726211
121665127
108477077
178501957
26948261
173499283
135770183
44403103
125697799
26441593
87067973
111081037
9980629
45646199
144544739
100986643
115945073
130624859
13431923
124253281
102714151
127851149
33890803
98622833
26345453
139908371
148897369
175862231
88919429
34653049
137689241
151732519
47557351
141023
115232147
145761359
167788469
138220891
30640087
121243151
107063261
54590377
173316697
106542907
115086047
37554703
46791727
71546911
160901021
177309901
134234909
150726959
47676173
100746407
109718773
99402323
45256903
87915757
15415861
49679569
144200011
158560291
77926949
10487
4133527
159000239
15890389
27067487
67402211
1120277
145821761
153925643
122642491
114406289
15469193
72452881
85608473
37354843
132869519
156243077
51297563
146331259
88994089
41903009
169942127
161940371
79141369
39568411
54472553
102061283
15424811
161278763
64607869
94062599
126289571
66403639
16557001
159268519
82496741
165196313
148822987
113832977
49237819
31215389
62818993
88320907
179234683
47527421
93302149
20667187
65627819
172663297
143325563
131941127
8535029
59050219
141510673
103777813
178998257
125932967
68137441
65330429
123955061
67278851
15125977
142140683
94830647
59692783
174778559
35150179
71096269
147648317
138302477
9000119
159753599
920167
123250541
40773407
78547597
77195269
64680479
3712199
169920581
157389109
112656319
25090799
47285569
14536471
74843437
104874857
175081307
33516491
36166093
23544919
85191979
174640321
40094111
129431573
88145363
65244617
142907353
32257187
68396777
95753377
14145497
81431789
146960423
84898601
12605867
161184823
8683459
69028097
130079723
40790047
40107077
100558261
174026641
34247987
456109
145679059
15218597
72783811
35919683
28406803
148883599
47075617
102262133
14234371
129389783
115799569
70377763
123327103
13830863
3875681
169664101
51356497
51835309
28233739
16049497
106859
175627189
105284989
124793899
17343367
23562059
162710659
6398797
86283697
88709707
165309289
5587523
132363401
66340387
39001427
10691893
70327241
76961117
8028997
58334723
161774447
146861107
14265961
124745851
112536271
64858897
60311057
156517817
26871437
35751763
149834281
79478173
682289
59612869
10533031
52764293
60070753
127101397
97154653
119576549
83611217
119924939
35546737
165337603
125013817
97645187
123925037
41367167
8826187
4063237
9491827
43210919
28951177
15450737
21642799
140809439
141433949
47363527
103281121
122923949
43671587
26443871
107455591
115640353
137050429
42986371
155569273
85955767
22844407
71150479
99173731
8356343
160109987
74180387
21627569
55717289
26946383
5562133
85614709
90317207
142341097
30957077
66037847
5913953
140695619
18352351
37937083
97328339
103628093
141076003
85594913
65582857
139712819
171414251
90879169
60991153
139200953
149027399
28103393
94879319
95792159
142459249
77291531
91570757
102309761
93217547
149204401
118362329
88582939
12711407
177745213
20013739
162641497
90541387
19224581
23799959
7719067
174729487
21120079
90056117
88405487
84780637
70277357
171933061
99365789
126406417
19827103
30123047
126663631
1269953
128343539
34935773
945701
119297669
21145079
40996171
44548121
13893293
170450681
99728729
137093161
107511241
10801657
72964673
27143213
76241839
34737979
172398769
162491053
175245899
19505393
130212443
138266503
37911473
25628557
28442863
25547789
16156867
85254811
164738711
7131841
1612223
100521271
95209901
1251287
17765333
34174237
22326217
170033783
35130239
88072679
154189583
107002843
99940091
105647233
89751983
96272161
92476807
153421817
150208627
130403431
92588011
14696863
138564913
133990547
33096113
120546367
121439503
168307049
173168833
12648409
83443007
4506517
26623229
71570767
28027561
91318319
176600321
48400133
89114143
88933843
50149369
129187397
49552757
7861613
107787517
179390401
35511491
46884203
148751711
106925531
21771161
117870919
111088073
152711081
123420293
130114339
159315899
162194639
132950039
109301893
143129057
19211149
69799949
27737711
65058143
168965351
172032577
63459313
27719999
159869737
119677667
30202681
135903037
115007141
41309951
119741449
156717133
103519861
166599047
133625291
158709113
69242333
58911199
31908403
28285217
127002679
79343969
132058967
140859793
50444683
155301007
127245541
87679139
103297861
11679329
70917323
94142161
7048441
121524647
119910103
14446849
33021019
118557217
156766991
103369423
69013097
55950571
90591341
119681183
85068707
7483643
117207863
9661733
141191569
61773571
33475307
6319297
159326437
38561123
131019461
71201107
11146799
145359259
120378949
113023553
58055771
156732529
146634463
66217493
519647
155278609
163185067
43743373
129070703
46817509
145748189
1995709
54866507
147024511
139719499
23533127
56989711
171167419
74058737
27927127
37125503
36412399
145484837
95603567
154753741
110822407
133983791
176649929
40998149
15692191
107638877
122172181
81288139
34953839
37398539
82474471
111346223
156103067
142400009
88778713
110816803
16932379
171945187
175531583
57608483
53476229
108840757
132096121
175788139
71436667
128698729
87889819
54371689
129172339
154995847
172774799
57987341
122503021
132656311
15100133
103629511
98363977
1616291
11271083
148132253
33044611
12615329
58813187
83596297
46666183
20356397
128374111
73226477
169522651
175780643
99342689
102637681
179276857
17171633
105181177
38926123
119948119
55680587
134896871
69332063
173269387
89930651
51218969
41807621
48075527
67190083
85483267
38358149
169765679
126818057
115364131
131458361
101765771
44378779
127808621
146615033
102218183
41699093
170501717
114174169
65488139
133616053
77883283
127621099
16219087
76798181
175219411
18401501
103930007
94708697
60495181
80595161
109938767
118099099
67253189
44484911
74262743
32959513
105035213
113898679
149402387
104722253
59632921
105967853
45021401
79950203
153627613
98246699
18957223
92046937
89588867
44800243
158076649
12776993
144238307
123587791
158442701
1921873
173340203
153988883
121782607
152995373
19925111
157398517
129692617
177921137
149727443
54041357
12928481
22997803
125494477
99462457
133549747
125648219
16708073
66986813
66849061
31234607
84408523
111905399
137290009
5158603
97872163
142543199
141380903
139308289
58389671
12304291
51726803
138445309
141980849
50699851
69943513
28207979
87319879
2741891
36823459
23515397
52113707
82689631
12945047
10681529
5378551
102945419
115844921
125556539
43005973
95125543
143383223
145621961
72166763
37736473
91098647
125963287
46940833
29451553
23437459
81008819
22879867
38650753
161963383
66009019
166828559
135306421
17115221
136847071
112641953
14113399
176246773
64983869
89781319
82585751
59985647
114885833
54411523
92509357
90440213
126563209
38420341
55049507
94653701
8406173
176717053
73636807
44294077
16671901
13977427
175985827
57211991
148615531
17852189
46233037
156026653
13629871
30623683
127943653
142181777
8729051
4321019
127189639
158097097
13826249
99229777
145454629
62576957
53417641
118621577
90423007
121721689
136111951
24916513
35979703
48529157
20928913
130091789
64252919
149297279
81265333
144882139
108314299
113567977
76272719
57324713
178158263
31271137
108158483
165778153
121975559
32561819
137253343
61867903
167263963
128115203
87731827
138444329
66500017
137529503
140227643
9227131
21134117
144116041
1066133
124348519
102677353
153361919
57488999
142106047
121713227
14009867
88877249
44432191
54599599
118270457
148429289
88292719
151558027
117456739
104899541
132932941
166435123
22213517
130438073
94570591
128354003
116691697
96022867
124716343
32947097
147588431
115272653
108739523
87242203
44560667
30962249
58513681
179295943
1029023
4945231
83646373
29789449
170458471
9667993
86527759
99290621
124791649
88967261
166183081
21754283
19228723
38026687
63247949
75252007
107416409
111466921
81228793
140193049
157467463
95031539
161735803
108190829
65405651
68035661
77383793
122269799
115101587
59853289
98830937
12148567
32946961
11071391
140922533
133387433
157886471
15435877
119164319
105397727
167271491
68024681
18391669
77167367
84631363
169049423
32007529
95144011
1931921
168165161
61537969
62621711
112599293
63569053
172106279
89470757
159368711
177862981
162272381
101419303
64719659
140138227
31225919
147918247
73113763
44232073
55601737
102041699
27042469
24054493
54701263
28831939
139966973
140140919
146027149
20686847
117506093
177596557
47632853
152502187
83590007
136346999
173314607
107531461
143649271
36949013
30295523
131741251
21119687
457399
158445949
25477759
89527643
93152387
127447363
138445187
41282411
93327893
86281691
53183749
120855131
157210297
83251691
2963231
66386063
3463001
14238919
90510967
111172519
155565199
131767681
163751981
58737233
94729021
164577893
120894409
100591289
16108439
268507
88563983
68056091
131501707
152493997
27952499
30477989
3526231
104456459
109135921
138485849
117561581
73545223
8330207
24417031
156779243
78072209
166435007
132020149
132283363
127319501
8626237
161157431
15066971
33233399
168828971
98366483
19970633
165793997
1592761
21608603
71533801
98303677
124206067
159041401
166317017
98067523
149926957
87643753
34809937
8650039
134035439
18633007
162884963
125043419
154769239
97937999
136022983
109512797
146767787
144922187
98593699
161228747
151337477
43132421
73965649
12673697
120892267
167943313
15289363
110912951
75528487
109561273
153171451
152726447
22416169
59076959
104408809
10646201
116373847
70216031
87618607
72687299
125523973
34151891
51515003
34762907
82697947
9131977
120485077
39440719
163589473
37437161
150216601
154922353
47737133
156491567
119220091
65770699
80121409
58499069
59384797
10137499
36858071
122614741
83383007
156118097
129111223
12344809
151559179
69561803
83176021
70322101
78212839
104272009
14522999
104969341
48223519
5355083
93403939
170913203
104984921
10231777
163979743
147356159
59270669
129286229
10253273
14875577
20443597
176122223
178328341
146366137
131790611
176538449
95241403
116775331
174319097
70959857
86965243
75501299
45951637
24837143
141427723
112106443
114823447
57779081
175647013
71839193
166261493
125975401
112431103
49342933
10168087
82230521
33114761
103707473
42396707
174241601
161241373
14036207
87973973
91989643
132529193
151394839
38504351
98053349
136990883
175794961
30436243
151485137
69626399
127172609
16879553
146484781
63998027
60332717
61931627
150991363
107855023
105325111
1356227
69379813
90628627
14447021
141072329
95069809
107499983
129328729
113273513
6773629
105319069
64908671
57448663
119087407
113100769
939373
30005887
83907751
78872219
145077287
178362857
163187581
1134703
83680963
118713241
130237787
68594101
74829913
179410969
76189447
81989269
143427269
142265957
91068821
46037639
12120343
28173949
70658729
31701331
81682267
82512233
78695503
71736859
162864697
103916503
85448161
113578229
137333227
65594863
16144771
124663909
15413449
169847003
126269723
93052601
130436827
14161291
81953471
142618603
66571931
126984901
75950383
20069507
52648627
124432123
138526613
113061427
114284491
73338619
23713043
158005553
97636667
107631533
24926171
69158027
20044679
700211
2296787
67597027
49172507
16168367
136659893
131832031
101495957
60923237
111137989
59242193
170420507
18197609
119219311
135883519
105415729
178714099
136361191
146010913
63362773
118797577
105644339
89613493
3180167
81466937
79082629
82979711
78177097
102756911
34940149
126747793
161705669
2704447
178319039
93738467
106198327
172326379
144667903
17930389
7377751
153776431
113258357
174727867
96357629
19551349
107670313
167320357
155729267
70326913
27386347
121303691
90240209
24625417
25540247
77060803
51166727
141834887
108715597
19002887
151335637
83850979
124617797
18371959
138776993
118147303
155344471
66956699
89844397
84997729
40808947
97556269
44347661
167213951
141429611
55646909
138799487
40835941
71236801
174399791
83579807
167490709
58230131
106155323
42902137
32213561
6825587
75918067
45807001
119001119
40479767
27455401
65132609
21068939
29072921
104765281
97188109
66493733
158474273
6952093
18714257
168634051
172421923
20137723
56294827
99883591
29973539
124433209
54398489
6153379
163632341
101430013
20263871
113491249
56993659
2042021
41307683
92293307
65840273
159605177
27176549
136637231
96354857
156396223
169694563
177025201
116271889
13223173
96341279
23310811
5467339
2906147
145930403
18760393
128940509
29773717
146668901
10034971
49872631
102152119
124569479
82186579
128235139
96430127
143181721
25632493
170352109
72286967
128459101
57215443
553277
88930789
87951881
33671861
101099659
33751397
68976013
170517287
104225923
19350697
58484971
120897103
122853637
48335461
150112003
40470233
74469917
6218489
149231221
93317591
73527667
112042999
53443613
162114629
35710847
164492371
70163461
127088921
66424283
12231431
124459403
90600023
13411379
114603451
125878001
88715171
13393033
119901757
65723759
138525733
162546617
55323013
175584307
80378407
49723123
17945581
177513577
15160819
30077011
711427
163768729
1686439
136477007
162331457
12732001
64524661
172964021
1036367
69547711
70047317
107596903
147734707
84118561
121282351
87872153
77904181
162092761
87384559
177044321
38399939
61999463
93253613
121352593
142950991
136318519
8023739
112486573
49287019
133461721
10673629
143531741
77142067
133587569
51139637
14530693
117541153
130895111
145644437
44936669
45443443
121361129
98424973
82223263
155296249
11310907
133274161
14897579
14413961
35415343
158306909
43759481
63835223
53813869
153113459
8359201
21031667
153587339
6619751
155650169
23168017
25473991
98511587
132329551
112733059
151346773
32461199
175757557
16120331
132129761
30349577
60160601
15948473
173231803
146788589
57613331
174562169
174570937
178050319
23066191
88465831
128177993
81051067
1223693
165323689
45728513
99253117
122045639
143325001
102246101
90958349
129776939
159370517
116088979
25404763
111170551
164875387
86564983
130149163
90566257
123187921
159550351
101296721
78307081
78417659
161977643
70451131
29832653
14645677
15957691
13155529
48712849
105613297
30903727
105660931
98374673
126845363
70206811
122508031
99952123
2563901
8148589
93895579
22787071
99257209
118127299
66582577
53995021
1525507
59744077
8756897
94301309
63396161
110544461
124995599
154638859
129500681
98570789
38802623
87551407
75434159
85500529
92070193
61288343
22289693
60042289
43715627
44075783
148383101
160199311
152958199
126129067
162014357
41950603
90245957
147987361
148235071
117730003
170342281
158211301
161911847
63610117
4950131
16697353
126655649
102801619
49070083
123240527
137100757
154888621
48790411
113172989
65413457
163364321
66167461
37812997
121707247
160631893
37850507
108094111
90566687
77899691
171564073
168487831
145079437
77064479
160043381
34007399
148447867
81755357
21686281
94972061
40863457
72583019
24311629
96420361
137995703
149845373
148447307
144219191
15958277
147436397
109640059
146115157
29933537
32605009
119454047
87347311
170952589
123994523
81736223
123239791
137278049
140847281
30859159
75639871
175067741
55668077
49073831
16253
112922353
2881639
173610653
19024141
120385033
18209843
143845609
21169303
153535801
52912043
17695991
149789917
163299473
43005913
164190931
26454247
143440877
33988711
81820121
115887991
123535241
89199241
143327801
94040461
4488271
94020841
9067571
97951453
14561159
47265059
13220659
135851687
6449899
126936493
1606123
19891409
119718463
133619429
179140631
125185631
138968363
43906151
145813439
178918967
1133621
134450423
23456627
79634741
21956287
88126253
36112889
108022637
82375043
83598989
49630519
143078057
14086517
149670179
67101187
8087707
75845117
28212749
118459049
133787377
165944453
103650017
149754461
146939357
30633017
175873541
151400581
154852939
78299021
124444787
8665543
94737883
83139869
50950007
10339639
125815609
177486157
171051929
16030211
5942207
71555587
30451891
104578973
5261941
5827681
154164379
97194257
176503513
73481767
103495283
38845553
116665009
87144643
70312313
23473627
118453861
15586931
12823357
149390161
122289353
17277467
145592591
105721999
114808987
4243543
169028137
60233801
39592759
117808157
43994833
153619519
87023011
9794923
25899473
20127787
57325991
1830223
52640531
133618909
111698291
139249553
88880851
91781057
136499323
106460087
134939471
21995531
168132383
57865777
31420681
71858299
147941471
121468177
128807381
38813617
70189547
99808039
4059037
32960981
49668583
167302403
84433301
173733487
141241553
71119889
40175159
70668569
139459181
58312201
50071717
23221241
80807567
36282203
36792011
128846891
157752011
91068191
40570867
157745767
82261411
92612363
75089741
162548879
129750631
140354191
80949509
165181777
101224159
161615479
117778139
131771599
171919103
109819673
60728953
34671899
19682633
42387659
168775619
80873137
19146227
52454111
48094049
81439951
106156499
5800367
12606827
173297681
152371319
172448399
81611
172217119
123042559
89434979
163006733
92645251
170306593
41859193
30680417
98679731
134774449
41068487
107401451
3820763
9135799
9896297
169044251
42367139
128762461
114972631
21493751
88012987
111542537
132362851
93036347
146517463
60726859
78918887
167123419
119501873
68608571
143052769
23124623
15109349
112830821
151702891
54329257
167221783
162186439
838441
75699829
101582323
40326007
107842103
32368769
127497143
2403469
120930661
127917599
176386369
97245193
96369101
160285901
30748423
171322861
101989661
16742353
168851173
154274723
116368579
121173653
34619903
38444059
40713107
50334233
158290337
160601993
5729359
37421809
39252607
8410849
381569
70995131
163212713
77829911
64479763
153000403
10031869
10927993
20461957
132512711
149412961
74853767
3913061
40860311
144858397
164464733
10584517
65328877
137296189
64990903
179009263
129126251
151419449
58641151
102030707
8366353
83446577
46368523
144292909
61553861
144808231
143849917
15530293
18876161
95210603
23024773
146187031
25509013
9193103
2435261
158907227
23285221
155680501
150060857
158897887
111134963
90453647
46371713
76475549
52854251
80485787
141544811
96321893
92578867
98393081
129156659
37938911
87881917
178465181
129495683
117179801
138740153
24420943
85163423
106035793
113009191
121412231
920333
102963779
176619887
75790409
151944913
20179937
37583401
97873081
10345567
86181569
95123027
87156551
155891807
45958411
146125669
101266793
3354191
103904183
124413743
63853381
56635427
133614799
95231999
64940437
178478123
84794327
165396629
10264109
173313989
25353593
90424879
70001611
95820463
131368703
82608221
83296123
5873039
130808813
100783237
34205539
74401361
139273621
139943143
72821071
137745731
139723691
167213489
22714127
165451999
40281649
39284537
104852201
150465739
143602351
44129999
37320473
80169653
34949879
150749717
4640491
26523019
1827103
88209283
80376853
3517333
9215821
52325059
54442247
88490329
143154287
1392707
8420681
62501311
99728639
48120953
136180181
161665613
103009967
51590309
170644549
43185281
48170179
155421907
152988313
36482543
111847027
174474583
42058979
19321609
24008581
162396517
46773247
46051813
63020687
133661161
145874849
80861867
2323949
106352497
89889469
73952063
129702241
21365801
130954991
124110947
119216611
164019677
150214549
155764237
110149861
64332733
134475599
16843417
65489227
166044497
120696179
20328437
111359701
97561073
135699127
88444787
139039097
87432181
85034623
120054349
58069939
148665619
65278019
99133421
54118481
48171467
17299487
152597719
43545851
126843571
115093609
155945149
169932673
106118069
166367653
2623477
128282347
58932143
52017019
137681837
148557091
66581153
50797693
2206081
99418169
132370561
164974763
2390711
38382203
65208553
76745797
81155377
101796701
27411557
125341351
149335411
71156389
78366661
37614271
110874469
51809497
97601717
138189019
15879517
10104761
13141501
110735269
142641533
123811661
155231431
79196891
58023157
165643991
5799097
165591343
74969837
9669571
47877119
11418727
6182647
9243469
156976643
170462881
133239401
126238649
81442901
73060817
99329771
136969897
123293327
3277943
155338829
19686841
33703039
110883893
139251379
46135267
166430777
57478111
68881187
118294303
41308037
117305927
125215451
9448613
18118927
102843847
101698147
45472879
35086243
42127331
166644001
107669701
57890579
91808117
39848507
30644927
67951981
155726759
22480231
161532781
156015011
38000497
63035579
65187547
82320617
21182933
65055721
125092729
22453567
174002519
47459443
101062541
58338601
85626661
48123529
120997031
168257329
160887689
151031899
95407399
168350447
22523243
93881171
88081307
163527407
113384459
134116057
120603407
155725613
154925167
10743361
96656117
35433647
178547969
173559079
125638297
174386189
156669349
76999033
83209309
167920141
49672297
42777061
82621531
161982283
67865561
54772349
52436597
16456757
147561383
115210999
16860589
38537773
108224947
178125691
176514593
133829741
20131487
37601783
159031363
42286549
80112107
32577893
139772327
37210541
154617233
160488443
62162137
147828497
134485849
167818619
4019879
39014893
11211913
19268539
50921831
19682197
9819877
101203409
94707143
114777317
23268533
119158969
68423149
73455013
140523391
109193429
44659081
33420559
120731293
130031123
35112097
15694121
57539297
150155491
102383009
18525523
96132559
48691211
165325711
177471881
54695603
151285271
71888977
94185541
18902557
49465301
56251781
31270121
91023061
39816221
72454061
80506703
167317159
3471653
32713201
157918463
8285833
92525053
57563269
66472099
79754261
68378171
174412781
36293377
164542013
97172129
150046843
112350731
96515807
100265461
49691963
7873417
80089747
72277981
176081663
109071629
128064089
822229
100413293
157994761
31001057
136881919
115829011
20684827
15474181
118748291
106305317
152217647
78108991
106902283
125115923
43520723
3220817
162568793
116412451
9290209
66691711
48025753
148177331
16104643
166832899
126493781
106164007
19867087
140196887
83844149
66562877
34695959
155428583
16477943
16535297
65844307
58752283
26535823
120012391
136354843
129284503
86197913
64591519
5045113
7923449
67248491
140585723
169238603
18682471
155694937
16873471
123726677
139162997
52147471
163738811
3770083
156700823
170380673
102211909
55128763
135297859
178825079
79798507
2259161
136318579
65116621
145811773
21498431
11293523
168060341
76631371
64425007
81291757
136352261
4634957
100775123
4854833
100539191
119447891
121101089
38379721
168178931
52210813
95463757
41293873
115819933
2517587
27186911
132680881
88214099
118588781
157556603
139818751
74965661
83919047
134816963
172025681
167969059
10461029
88666453
174006683
8077673
106881067
65177257
153401291
86923981
57772163
37430017
178524557
123477787
73954019
121248263
72344651
103504321
106825423
1073729
153338509
147351569
122631979
58557767
6639653
102914027
24296719
55026241
59850737
61380667
130974499
87198343
12221029
53701699
105293021
139395691
37316341
40237609
51787123
120465097
91710613
37483931
23119879
114645121
144655723
19497967
169797713
123165319
69957247
154751717
162851093
107179511
102982003
50507549
146640073
41928181
171505007
150340241
19797101
99748489
51694597
139921207
58604753
6025469
18010061
134000723
69921287
73513777
174938123
25943171
106673599
55055729
146925913
68808043
52448353
48174751
155532101
97504553
59449381
36923323
46983949
931417
162351613
45230173
162079849
149227861
83377937
96136253
134951983
2601913
136447859
154146877
87797779
30992639
53409403
159113767
6281351
162434267
90435853
163148093
48151289
123020341
43211041
94369537
146198093
70450027
79944413
14910919
93186029
50238239
89063353
132043987
81768179
57664199
173651953
68433217
127478501
54019549
51084947
113245001
134435857
13140923
154243841
16045811
16354783
174694073
120900869
72083353
134889757
99708551
38301427
155061017
155541691
64945277
48013717
49232333
150969739
150298517
115484801
19974623
94011023
110470891
92488987
158936803
15731147
133494007
21704303
10002823
3411689
100945279
131117947
43574813
78352343
393863
74992091
36148891
51809221
121114813
87442403
178413527
22569949
47885021
123343739
142045901
120224891
158574301
63767441
6225773
25864687
122718569
106252061
175679783
112412393
129856669
16054729
3452923
156109
98994121
164979967
96062429
114609307
71193481
71143339
62009201
104273621
158242481
37832087
142729669
13565267
36815699
112401221
24307429
81680899
147140293
7392403
156499813
95575709
32583503
109818871
47602699
83486483
44698721
58373173
83764621
159997237
13129673
70671449
27739111
98229427
50798413
107947709
72724021
148389187
112593869
168939101
37453433
98777057
54720401
65633483
9130543
78687047
8274083
151411451
176261717
37482163
55632529
117199981
826087
152108317
86579939
44179409
32168023
94692053
38296483
73712333
143850229
177803453
112876289
100708481
140173967
111693709
64283381
130213463
108492347
15141629
18905401
123351707
175807427
110488051
143199737
169184203
40382981
114454567
132399439
165335827
90062327
176686429
59330981
92485319
164682107
78990817
122067779
8620873
76122881
53541431
87675697
29396687
156287333
24842569
63216473
128437523
124722947
133439021
36474847
82538719
93733957
124355831
75210823
91575689
1280759
1608823
70026889
165873991
99245197
153336613
179390279
175544693
37472861
154143757
7813061
26444203
167451301
77250743
15241903
152830439
8828041
112360189
32292517
43419053
160544081
169578133
101923121
129254959
168126677
129961771
58204253
71152897
137859277
108593029
7406821
169213567
45807607
156076073
135631109
57970727
9843959
99108239
79247579
162410047
158756443
146969153
135987281
96131423
77223589
122925259
42124987
49031603
87069751
106370063
94645063
46495733
66705011
49440659
88760233
127420837
109710031
141115019
10064149
174442561
115720537
29237137
43214351
128860343
129311671
27534047
769751
158710007
74697979
158915833
170630987
146925029
33080807
6577801
8883439
113986511
162584951
88649947
169649413
63861419
11733763
174771559
77565443
41073979
80478473
12828223
39780989
162599923
150482771
149351591
94364063
48071363
5132893
21144223
59162471
158653259
93996191
88228601
113483207
154260343
44403001
128473757
110192561
27022007
23302571
155587193
165022609
146791493
144657631
177788801
23868269
101787611
150217801
67064299
5989297
48517747
41661259
144597041
31100893
108331943
122764007
128172703
132331819
172323367
66143911
48031993
87737873
111046841
33741187
16481723
38594239
170753951
21142669
66923041
161114599
117582161
111914821
74532583
49640599
124739317
125906923
139904801
64579531
105225457
42169937
12267743
79616539
169902433
91835311
142041553
86839807
152623663
142260191
98559977
73537157
150802549
85745743
97082177
56661593
162889627
68688149
142930439
10542403
23988641
92394851
155550167
132487139
57851737
130309643
77760077
75250541
137004773
40832749
91460839
149150069
89897963
38277509
118809877
8510767
77531353
167898559
97851587
86018531
69780071
165862709
151904239
36348553
41071153
66107953
54684533
45801101
13134181
137093849
137074957
24925517
137641397
54649513
54235243
52802053
59898001
104025811
128250541
115103299
66527533
105880451
806977
101731153
30998311
6685541
174678781
43356883
59975693
93454667
22536457
2361977
80514157
121945151
165325301
24795913
33228227
157928387
98186887
94055963
24397001
131541961
20109017
149422717
49732663
105573229
160074727
52758571
145986097
146059789
144551783
129874013
45347479
845333
9025271
109579453
145885073
63714197
119479267
8602151
60041279
98398693
62093453
87533161
177657841
112828757
126038069
22478803
28546123
30870967
134558707
159686129
155865491
4983383
3064027
127506157
113045963
45244571
47593369
85368557
12626989
163531367
132135013
127396013
61358621
91536569
31282961
168051517
133132001
17438797
133498423
79095397
86665027
70943287
12161717
85038077
172027147
1485947
154177883
163498229
86933263
43529407
103952831
59483771
50148719
1836319
26065147
178928803
170105653
116122453
110621957
71266061
83517517
139378783
20712199
121452041
127007821
24693961
11187677
77672351
118680119
27954541
18238981
109521781
2446139
60640091
127530677
27980993
59046341
91180567
147863867
91437613
89017351
122519791
118466111
126509147
70475281
116569463
168118757
157810573
104555903
72913909
116619791
32427179
78510239
72398551
84016561
19563829
26307649
101778011
108379889
30359551
169753193
34254503
1956749
90989687
119920331
60922937
62906453
117190939
98187157
75072757
42532141
100947629
155832461
55663561
20337929
45750493
159848327
123038269
131055209
152775017
91566919
128516749
95452531
143716051
117812987
156526343
179049679
157970621
40892039
36832613
70292921
176980633
56891551
132441217
176690047
58537301
160520413
13768849
42824471
18117191
12055349
40673579
113699479
6980227
72631261
13302011
34363481
144961321
20800631
178844837
106477403
18977351
104636069
102204541
8116127
75588167
67408153
69015361
24777119
113547989
10339361
79808671
41075011
109765763
1730101
120131527
82711931
71795887
71953667
90786757
81296741
2237899
162663041
456013
1703599
86263141
131129527
125798467
122216461
179320853
6476621
61411703
72056063
5390971
109124051
162302429
13006363
178791133
48951281
101899933
30013799
35100497
42683897
2147269
139742627
178727867
84224993
156492431
147603433
31341643
77182967
56587933
10075297
90264403
28982141
40585019
2896123
179186873
125444299
173253433
165126653
69131669
13630009
94929851
4903187
94360769
168991019
126331861
172220743
11786113
78234911
139989719
155435281
48779221
135286951
96696683
68114029
140467843
51210739
143417707
177143287
100141757
118155461
119283299
137264399
67824109
74315597
154538171
79112191
66485533
9599659
145678327
8819149
7350089
117455617
75697981
26942567
164117321
7302773
111359167
70493893
30132631
74477099
67167461
28244903
116163247
17770523
178271011
16550879
46234633
40689197
8620639
4406881
146363807
27947999
140839859
73077227
143193803
4957969
83993647
10844297
73049651
47478709
74624063
38529319
42408479
95785967
150967631
51006559
128619317
29065381
167410063
11434169
102843563
131168237
154432841
175374691
110610277
28444337
160096427
166773539
161409667
36910259
138449147
115773589
20896171
153597113
105076183
147572273
72893957
134900081
109004551
76527653
10435897
178204879
20827267
58675811
167910737
125134609
37468657
160327243
115411889
33360829
128314427
122113333
149661131
27729137
50590693
163516127
33072019
28754549
58233529
136619081
2908177
24926543
106593101
167723531
162344111
135002383
36347713
177384083
31944347
55070941
176904671
35151877
70801279
154838881
141888289
33772859
55671533
109777153
90080531
95383381
166102789
48663949
171359897
87029507
34078843
47278141
110233111
40602329
7744739
67190197
39857897
163693253
167511203
8629297
129965389
51860993
48709799
7576607
167286971
132959657
95442701
24787801
167019689
29410883
38229661
178642861
73143533
131096363
8048813
44773649
99763343
26502829
118538317
39338753
30578089
125921353
21379459
8086733
92027627
42052499
158519839
94578569
8432993
158795881
179129569
60714359
77866099
137304953
116371531
61426637
111694603
141188207
32773283
32753333
16977833
51875053
76526399
166799491
89732327
116404499
21557177
147788371
81501271
34738981
55717589
109896889
99509161
31044029
18021691
36297713
4191137
162949109
132174047
170543423
109890647
164333537
52832933
73192703
99700031
55383703
36562613
41185493
171540293
9311569
121753837
44079559
704687
130739831
132204799
149651699
64307171
92601361
2615791
96916229
19090999
60511669
90306163
99975173
72416621
34658069
58358231
25223017
13581307
85956877
41907989
40231307
6434209
131915897
3782929
78613837
157190729
98259923
28759979
128282821
98089477
6961853
164928431
53482043
122194889
15964549
63181331
87994279
104270059
103944331
118625389
58409321
33492793
16392869
113254781
34978201
115398979
174726763
127121861
119842781
97901173
76646233
46590191
159415397
118563227
52325821
7760471
12416189
33447019
121501013
97703299
170687449
22454273
142996081
59954953
155427869
14942293
64699231
39323377
371633
24305777
118611937
149290891
33262469
62957227
51083287
13878017
160181809
128889391
32813233
72927809
22694863
119555819
82876067
112090873
166070053
124047967
167416279
37309343
48690067
3538103
102715031
55864301
65321143
79935347
39330353
7121761
55570717
80858863
164289973
91417471
12642317
158582693
126861253
168855353
57766123
56708783
156722107
145743149
165254879
128740967
163383019
74447041
21169229
70875647
153184091
133896953
135145103
75747083
61705921
129223327
158126999
164803741
146745757
109318009
6070693
32820259
109666679
169014073
76474033
178266689
154725869
114928679
85165229
83293519
19046491
87745183
33645553
94210321
39997169
24254357
1844497
100269977
171823013
34003273
148892339
164871563
90894967
25522099
86717581
46461929
169039487
631187
156461533
130533289
93467651
15308309
156022591
17805743
135487061
139973693
127585169
160587131
114484121
29371217
108974339
125775739
139078007
171873007
156085003
146215889
81465311
152775869
149634763
125072963
97440901
25292581
35920481
6083897
91257217
160184779
98326231
102003227
166520353
98156999
154473593
139645931
141183221
58177871
123515963
107621021
130041157
155909731
86474233
134124901
167448893
114854309
91716461
67408249
115078487
110748763
164451509
23093557
165515149
55285949
26517797
34073047
26067133
89088383
132960437
119081593
69518807
72699181
77875397
104311153
105534293
172885117
145510643
78286891
882907
155544071
167165953
130576253
134574289
124043149
5210369
131425097
142907803
59910761
36338539
37885409
98305063
144351481
57789559
81788401
152157853
77301281
157938071
32432627
166477559
149241397
60074087
127986653
35116721
6945557
16113233
110226199
108990649
57098383
122648597
84789373
133728979
140559241
171408947
124465697
129286057
63060017
150481547
24640829
20062729
107177929
126102281
45783341
106253447
79766633
65850319
39586583
121481047
98969293
165424001
56937103
159976381
95202203
28485419
22205377
47242231
138635209
114344117
15551153
85555411
70757551
144348889
108990677
20607781
160231187
166306219
35636863
91552931
159349397
46720117
73521533
56263241
61512173
68751377
104153923
45764783
99652247
108574919
99439517
118930199
127837277
114023353
156445831
133633169
176731109
65708333
101608831
36798637
113131591
76418053
107755091
179272673
55328369
52776337
85468063
166427837
166987969
85901281
122617721
148602463
29179849
93778483
27200959
140761477
98139637
118769291
134258783
10402753
10377953
121302787
139469873
24763579
96938251
19377991
151134917
28858057
155424683
123412889
16936111
4133807
162058447
74080763
137241163
107619133
74205149
150702869
87875027
145942639
85544339
67855111
115714559
39383809
8283263
43031803
55820659
176722253
61907873
89717461
84733007
81727241
114744109
48387307
162640267
147022567
2118239
68500447
153992753
123817451
135800009
4444753
64990199
131643923
39453499
133021807
133355039
35310739
139093883
135876649
178240883
62747281
101459821
59652431
40704709
67263829
103298243
56361257
176380003
51842731
120892279
16143697
146948639
148105169
136682867
146041019
42320141
43715263
63009341
29084239
63411643
174373487
70963127
110600873
94737197
13247203
124526557
148074019
137216593
23403031
71080937
100694227
53816003
39550111
59319787
52163941
114829411
12020543
131179729
95804417
149576293
104306929
163242043
146126257
110418629
121804723
24612103
616501
124766633
99818393
65821733
175331803
45460231
141209591
76456663
45787439
16586971
124029319
163247401
139767371
171942359
22598131
44462791
145998719
131874007
97959133
161526857
41209477
148940789
30027329
49480267
32782669
160599029
103628389
147197329
132673889
109241411
117615049
108236851
78888233
21051451
18845909
52706723
82279117
139567429
130024507
23095349
109882309
100889969
95871317
104582287
45774607
68419279
125347399
59550593
59824211
78627509
27083713
93162331
58397257
114495977
46584973
14219449
121194809
122143543
90125429
67789937
130215611
178249859
33103943
46179269
176067503
45390409
69130559
142610201
97132591
66981643
48768197
40095533
97376299
49010693
131506523
112419497
95304593
14228867
120412111
65030419
110432291
60809993
26120359
54132941
64103581
50636281
161376953
171605263
87694583
160547113
53830697
132854041
21651163
150209419
58188313
153195821
48094447
107158721
132066953
66820997
114622091
167304637
45022091
162365701
127667663
73567033
83552639
121047517
176626577
45921677
24866861
65091823
72015533
18161399
177616207
73631567
6514939
23135561
162225121
140700389
18937519
59311957
86122657
121719709
167422259
7063897
21729131
124218071
15006241
9071563
41275933
120457301
150971153
115270171
50611969
31284569
87357547
121611887
134667293
152102903
176950427
41585659
68133119
13599149
99780433
90022831
164526601
40039501
36529903
110365987
55594787
167464261
100826437
119392423
145991297
153255293
124313647
126428867
46823047
122380333
17387647
169349417
30651497
65751953
174643487
170385461
117116141
77127679
87318059
13690181
158512769
81472213
138811537
137284087
83568239
52575241
106992709
52230109
85544189
36027349
6208661
52462169
38267599
91148527
75289469
120485951
73151059
96934183
125970413
27834799
108830363
174838661
60338303
51753479
173296631
24313897
37126433
35550841
172235093
17413523
39428153
4763923
142531933
17358569
35301967
175624387
129223657
95069957
157979071
171863177
542987
118740373
67235023
177664661
18347843
42766417
14123063
64406989
135756871
130103143
162235939
158173541
162299773
171065717
96673139
78840551
92959729
104015011
160657127
162149657
146758277
140458057
60217691
134909717
174614641
153925693
95857897
113661491
130394857
411569
100416179
149110967
132978077
104569573
12801337
140744111
11530433
51366137
168117661
1407487
114537307
118912793
6804079
153128887
108863527
77710363
138953609
89462293
70470773
96509821
6142687
171350093
29007863
64780477
167233949
13895447
17443373
12106217
125198167
86429659
159657947
97951559
158009419
89454073
145990093
120272323
54746761
123079591
35679437
112972373
55019401
70010671
115432111
60611119
22715807
81483209
12022691
67666099
27474569
114627847
102961091
96295499
69862217
108859973
130443029
162463859
137997763
117082457
111891379
106379981
3275851
15332609
105764903
158954527
113201687
52364083
147763717
94431371
170942909
127773593
117763
172526567
18692567
91913273
128450237
175144297
149244197
49054991
28794019
6616591
66503869
175736501
78548633
30615701
141144781
37569149
150203327
82557317
132684941
19878077
108056383
121818149
57750167
26390701
105063947
727483
42028561
178981183
120748237
128262151
22199959
21797401
67335083
148598363
178304237
150709373
28558289
8318059
40984469
28342297
155511397
116328167
62833369
94231183
135756079
12865537
6179321
145051217
12678059
117978649
149681897
154345937
101567689
137999881
67847761
32917543
134514349
66504793
158163127
56236109
117434641
85506233
153007363
164359207
83290133
144019763
168204349
22477789
30603011
94950197
42453473
133868219
170198209
169404671
130103863
118475243
161088691
130631597
34765063
123312829
28903841
112550267
56000671
5816143
6461233
45703067
104334427
112961197
70006271
76059911
37851329
120846889
42551857
151600213
108337951
13398503
151451401
49117807
136318139
177334411
159512141
27291331
99920939
69601799
49656907
112519301
72301007
35191433
23703503
538721
88174237
46066771
125987359
98018747
17527001
177187579
46635847
174563381
87725531
8499461
22986923
147282529
3857921
4058479
50388937
54112571
704419
5730709
39339259
169635793
19363423
67675411
63001381
111866353
169943027
161942659
152735057
8985167
39927007
118547549
36418703
137734453
59098517
34578377
26884549
48384509
85909961
105652289
165786409
152957027
171675419
95776561
109530467
10916027
132820297
33064789
177645137
25241921
10491989
144814907
29281591
110137717
92086139
88787599
53634851
58281331
75328247
151272977
112172149
44736463
97746631
35464213
127805351
145086881
158410253
94983943
138284563
28502363
70453063
55821967
92011501
86435267
70631573
141263113
112112233
31056733
129216851
2352481
161605781
100403983
51410017
153399481
103606039
5432743
70377889
123399721
122276081
154396513
38150263
95242073
48128803
130792477
79262563
19471997
80805317
13533673
95184893
16057567
9827353
139614649
75285173
104128201
160729523
155685799
136463017
123198767
47497211
108856327
173223871
21573529
48509233
81694241
84701171
60773003
140354741
145042823
44170751
160865069
45828403
111401293
171025817
42211927
56522329
157213751
71017301
66541627
119036051
122034053
611693
62337749
110657033
140177749
54963121
66949301
169397177
167306959
10183529
8401147
15825083
72827597
122117683
117879779
87679399
31175927
93505273
143310581
146010913
111746221
17703181
124046051
10288241
152474123
9584203
60166703
104075269
139866799
155907929
66255173
18833431
117908723
39545687
32101037
10432937
51096259
88652899
130808207
101655119
166844081
91213097
116913371
43223381
37816501
120146239
49232387
21899491
136903073
28043779
33094543
3652367
22468483
128888923
135059527
117241637
81326647
67879901
90308693
155274653
132247069
144062551
119389427
33790963
168346579
14924381
115379233
116864479
7665397
29837359
79793069
148673269
93186073
24384109
96654049
115736749
2440393
126994489
176870401
105059299
171716683
126320021
4153393
17585927
155482589
55347073
30922187
43992737
41537869
113126549
22491533
147725749
13984543
111376709
115460819
49588849
92229601
156871027
56816989
1785913
56963897
46070147
15571883
129845899
126696931
49326863
90318829
177145957
32437973
79744163
174321529
11764087
78238073
174848857
31235051
85828277
40323971
173620301
846383
34033331
133525163
104107853
130169261
34257469
53230607
37947851
95009773
130341383
71646877
126582737
64107541
10707197
97653359
20979403
101355911
129949553
103670051
57123761
52560427
58453961
6905707
128438039
112949077
103664039
83798251
13261817
175842299
16968859
60452741
21927053
1310117
179199341
24513761
156394769
137898851
149896693
135655129
19549121
84323017
45647813
165870599
1727773
132267977
41178661
160425449
175105673
50389147
99065293
87726403
18022027
50660549
93717751
131302261
17642917
102492673
40598027
70174873
155295619
24169337
128135173
1039421
9835381
104369297
134126737
133340227
42446023
93068473
163035121
22924691
119871049
9398269
5067653
59113699
60423029
145169777
70891049
170020819
45235493
60510113
40813193
48451069
99023863
119060861
103412327
122020949
116526661
63207961
168854261
32499991
174348221
38751541
149436149
62773069
65516189
132689387
22566317
126748093
50213557
4781747
123995903
172851139
63025999
43165217
102273733
137116303
94585613
170025937
146540873
71184119
55232141
114492979
175159349
77273671
171951667
76887103
8256727
87986693
50901743
121717339
100490807
23016209
137975681
61355521
161373413
137350453
47535571
95870351
42701039
43055429
83527399
99947921
79794193
126127153
63177347
77876963
7204777
141787687
79201459
144588869
169278731
48208987
153297217
98403601
92005877
143543987
82384103
102201493
147811603
108016913
48004949
53782481
118763521
4428883
25260637
142594163
84478249
26104159
20596211
16613687
139088563
79270357
11995909
174158011
80741377
150142583
40571513
153593837
29395991
163872607
71731661
49472377
55879141
122836711
165518981
156484033
52589489
89121811
152526119
48744257
141155323
76428901
74555633
25285241
45263077
164236783
97483231
14019497
6413857
138784747
108127427
148837631
76116017
35174177
90009739
174093319
26564651
17460713
66511891
71408791
44103247
11096777
24087523
88286507
174312317
15848779
160192063
17841221
85262197
86255317
144113279
143176349
26658493
45055511
77237599
55490131
85914403
68531083
97285619
169679413
70538561
87410369
54656783
61063097
38114651
164021867
1757983
16866809
68287073
66312041
84188323
71143781
59417609
112698317
158688197
156805031
124159843
106265039
19230007
158832119
20827421
35848619
8583073
124907977
138306929
5074603
80813113
169175317
29036467
133792013
134992127
93131231
136451543
174175471
141435421
143157821
25114007
151122211
34664467
158208397
118240261
139062367
157888739
104349409
98727023
171088633
9384811
143160569
124953047
158216687
119796043
35135323
117922837
39713131
28455839
166616161
90767903
91833283
166340873
175169927
177444769
171917063
44070497
115659839
75651113
29214811
92332103
175411979
89038679
123063151
120012017
148752749
140845603
68786059
54960403
130721683
142259317
165580097
17637877
29068441
75407327
144235727
126620411
68209129
37265299
154695643
87573509
90339013
46840847
54812921
53794267
155459561
52277003
4385141
146187779
81336641
120417551
25148273
51140251
140413513
140771417
14671259
27042931
172592591
126892099
157053709
24658763
148365197
163589357
138450253
71787449
136410947
34526017
84918997
101303603
128206261
2353073
84908657
19388431
7274441
1277323
53102719
8960807
115044863
20029103
72891601
99075883
143480287
178197911
14459213
7559267
1412753
87173413
108082487
49407431
6466853
160785967
94141367
129368231
78761981
116701757
124463399
20134981
101570041
68154323
166316039
177739171
168540451
55577303
85308163
63091243
30834833
97611179
61121569
138367219
58457323
74661941
147637349
73309471
5663807
70752613
3706009
50642299
162805871
115227977
59857381
5263997
179392043
143326061
56677849
135041017
105065503
173139383
149960119
147871441
164527949
152999227
3974309
104673467
85742947
47906399
155590861
128961409
65978441
42580781
159568429
104896133
26767679
108954623
43848653
108596791
55596383
101703293
54420811
112726291
138792671
68996497
18645797
74940707
123124301
115649293
168035839
144282421
26652671
42666931
153366823
164954261
79407371
174164443
161307269
60635191
171889709
147525883
106193993
86754727
65303531
36268571
146039723
12669187
4779433
72252277
59770349
129541367
73367507
91475987
42972521
93070139
160464211
3026839
90307907
49483013
67394179
172708937
133862213
19137383
8324513
28420603
36013577
8516857
157124503
62062097
131736343
118563901
7283149
169162793
136909093
175877329
29959747
77354839
111971687
72049049
27576343
117288679
96910901
172632511
23391811
61532717
161499979
4788257
112928197
165504473
140264629
127608583
111259969
76982179
25279361
32176567
122117899
152160521
178489651
28394537
25733161
12216037
153978551
17336321
9058613
25695587
88987103
90995497
162721609
84741193
76528483
138186233
5581897
90332353
120491069
59843629
55986793
86279441
148452851
133505909
77967667
98865313
157641989
134840831
125826637
31162811
93136399
68514227
92727289
17429393
9825019
9968113
87352033
124110289
136718363
112779749
137282597
103680719
118002641
175865057
19349899
3616637
111594673
106195547
17671757
36730663
164572687
150431843
97909657
105317411
104561341
52336667
167502053
23413799
103104671
137802559
104984071
133743839
100830577
76004941
90442753
119791669
844549
52310189
151717817
106689491
104298853
15262469
51779447
130312397
118997677
32930189
113653333
130670263
138170401
140760407
87397879
22682851
127193249
84320963
12642131
32363827
69242773
10209637
178260409
30846919
56719307
14504801
144440243
22352731
176565847
65659343
109060433
157125077
23803883
167519141
163991683
31228577
138848821
124780739
128372677
107181959
103121197
155148467
18132757
65209013
131070319
10871089
129211109
87227999
178881607
97012297
79095469
149329861
138245069
36566867
159921473
150578023
72432277
177833641
57335393
8600161
70820537
150984133
44132069
117352073
8820803
76974857
147273461
4021867
29283913
177968803
120993533
63039391
13307381
168185417
92239879
10835819
124968289
18415171
45896881
103703447
21390497
135977071
25752613
60686687
926561
2668889
24040847
109191427
12841327
66452401
405199
173180783
20937953
71948183
87852119
121529701
142313593
2773931
114259571
167418721
142681789
93549569
66545383
8101031
139618363
76785703
136182973
83334553
12202969
115015427
145469803
48381143
100212643
90372343
100929341
61970089
137466019
148286111
165191701
52905403
112726043
120431273
11456647
127282319
19536949
27398279
130897493
101655481
64281401
162539939
64984097
78721081
177331079
110950661
171252647
139013317
16910417
67958923
6282761
134849269
169498471
122475473
28891679
177329203
67017527
17134223
13269629
141630673
162513581
116482439
85900109
53944343
14169131
145736621
60117131
71448679
139337617
139631669
125774003
25255859
52455701
96404969
158481563
107843227
67966441
980377
6742997
4711471
131766769
144548197
150085589
55190419
91937161
57585191
115071577
174852437
99985651
74052673
18194129
143297537
67404749
39732527
52199573
153865513
9122723
134114693
47601019
21026903
18660377
2314153
97511527
57719107
10321847
146782351
135255823
16044703
103928173
83915089
55708937
95356883
4928611
18817291
3484759
85606783
64974277
52200893
28038377
22894451
72306877
46062391
64827289
47414993
94804649
70533269
106165243
98753029
55786729
156042113
29129563
75377153
22755569
95537153
140236171
125704079
120232919
52624087
106151891
103695671
17078311
42417439
49629893
56527649
104591161
107321647
30045601
81857869
117923789
37356239
117283823
17145487
154915139
143056049
87488311
94950319
142946431
112688539
46777151
68011357
59788843
160262569
86245589
113570911
44860157
69290621
71107819
127012441
42147571
38874079
60634709
96733513
35382037
103340431
40720751
98174873
91539583
56056373
39895771
72048917
17247691
41684897
173908699
148946209
143526709
17617891
38813323
162592289
25061591
152210857
45476923
175705471
39155381
155538589
87842017
130560707
99332647
160600703
26668519
61844513
21417821
23059391
29575349
128964763
49537613
61265923
100656103
45017671
125683739
91914289
38653843
90507997
122723131
128043127
11666159
131435261
27252523
25117369
115238267
123497081
30651737
67846291
83313173
86361799
111910499
167810267
80562659
94699067
66826139
176247179
27917
158626093
92218349
177923843
106941097
141867119
163735043
28593827
159772727
4278661
36992089
33225347
114457351
158774873
92802823
118801997
161053967
138542249
110879207
59037493
39162041
122987063
93046909
178073261
87868789
99482087
66386153
32318851
30675559
176098709
22869013
37174429
10384219
79107451
116660309
13295257
101005621
92771501
79924193
8486983
87627343
101493407
121131827
163069469
33017503
74028707
55803661
97686023
167807251
39078301
154045523
126706519
138351839
871531
27711773
28230563
91046827
54447517
169177997
8449967
2734867
174142897
94315061
36893099
100224233
166337429
108137209
8046991
26977961
125262583
126226381
138037961
24842579
158786911
111786977
128515159
12962419
20638819
93208369
42637667
87429821
22378217
19407187
177071347
165732331
48678979
126309803
115702583
76110131
88452911
120534269
47430857
22100641
122796061
16204469
19799239
54481853
177827519
150415003
51638341
123678857
170737309
32420183
144371317
125419849
175898531
43754567
22621439
59810701
38227529
46990837
8020763
17332001
29540219
30734503
103438201
86278369
9541907
175701709
54621107
129457723
93799093
139495487
107660537
149891359
84602029
73871339
102231193
94539541
43041209
24226739
21253109
65115013
101156063
101354377
35342401
104485933
43423201
45505619
40756613
3694429
160122121
101965561
68255063
58113613
90749887
177362723
145511123
108859351
139645321
102536659
60076363
28005247
435889
64687949
140789093
133249759
54359309
102881971
97257011
45342419
34952497
18472501
102050029
34847117
88657189
102878189
129087877
167570383
27734911
123719653
20000047
143186503
92781919
98134147
38962991
3697579
93131413
67107203
94003709
65746019
133430813
144528529
149037059
30222979
35032187
42970597
1340363
50261483
90793789
11472187
4298233
9288661
103173757
31713763
122985529
4836989
141684419
23817821
48769159
136451969
164542733
8757053
167699689
164864009
178868219
93857539
133625909
97322647
110102561
82629059
53443619
67829243
54930719
164181581
108008071
152234333
2140903
60923173
145581869
88734517
172224587
133443883
53966501
90074717
142751729
179144243
100883437
21329839
35218493
1668119
111491437
91178401
68120029
77285539
3604999
89478023
93451387
19503223
149838349
170303423
49543271
91899391
87125177
122466473
165548297
47957759
177346451
138767557
176022401
78294817
92889539
79070699
41974979
165903541
132696737
79877003
89658649
128830973
90023071
69274273
46430201
93301499
93810751
64553453
4916311
36024251
132913589
50240611
98933749
113164619
146698477
162549683
72499463
162593789
77777627
159003919
29259613
8099849
151975337
53355851
85137719
26850107
104347127
57476527
122477417
74087033
11158261
104131549
45220433
165462149
140981201
14113843
80250463
156170893
79312861
7881323
13768021
22313897
158202223
32999203
62792383
170339209
165565019
90930299
122130551
98237561
119621041
85168327
49246733
27607343
108308951
5384117
15586201
6134237
122271959
6241733
105743537
62589193
80630731
25480313
6688457
170698039
39121963
78979097
52903237
91290481
142057987
56474701
85905427
25569781
164843629
6066941
115187099
53808509
20744891
139132717
3112381
92446661
33246277
1230227
8748589
39049651
142181051
174776131
133424569
57397057
110382791
27344117
80041109
131688079
32097841
96914963
120085571
103669661
16761973
166435903
99656989
3470851
37997753
160469867
81614693
47299643
169799423
85349717
50478809
105298927
143212051
35392769
67535653
161100803
141375193
47882171
151707137
131688553
103574539
38309137
50611571
108302303
169721219
139491379
178711243
12081163
172756333
131487749
102094151
47772317
159994631
462911
127027441
1852009
160970653
21629213
81663871
137251613
750977
92725669
108261071
15084997
79793611
97282841
152442007
164579813
33683977
105174809
175128313
178559159
93627179
36155453
104374603
46807517
46326743
89292157
18450437
61474247
157272221
11298433
95413433
64010033
152381269
21820319
101385461
3906653
118429153
66457453
30655969
63001217
155815567
18722981
139441349
143824339
17299361
108281549
13045811
115314967
165644767
117154637
32792449
9161717
99579899
175217027
170405119
9016297
164651567
141275789
141454763
164396263
80841877
103757513
46440287
66092809
81455617
27089467
36911549
113936177
139488397
42101791
109978007
178539247
171396073
147674419
105452927
101802167
81414301
38297687
95363087
127259369
123641789
157440181
6362141
155145391
22635043
40018567
88098779
56051609
108989009
170890927
7751063
27691099
106771661
67725683
50813701
16886887
9876107
136563569
89357641
47125409
134622559
32305939
106696027
33672571
23401151
62771453
135678737
9280693
96676711
11334493
146881981
152483293
146216117
140209747
163933069
157460627
3446887
48997051
41907113
75469637
97139501
79015571
116197979
157490651
24283069
105459839
174613381
68526287
165510131
99368821
106103381
57330799
111089117
25271951
125651623
45807901
25191791
99138227
154036373
9901747
126847223
126745799
8954321
88146577
175387967
126449471
133730669
36217301
111064997
177785947
145137617
53671901
122984527
41405537
160676353
39267191
166422811
127345787
44923811
60715931
91795133
84205949
50024581
123314803
46676561
172474019
134007773
168240539
109008583
163566379
130413677
160950187
91592329
174311563
8197003
58613249
21017951
131717783
48207589
24713147
5704273
47839079
58333183
61598777
159470447
159350879
109670201
55134439
161466337
92651851
148470527
66974057
74635313
91237919
103360717
79864643
42949853
52137269
163104841
33559349
128855693
131701487
178667941
178632061
68327543
73711613
161175731
160769053
128869963
154280921
173998411
123283639
86303461
74627017
120951613
156103033
148673101
154637213
167409833
132980161
38244709
24558529
178876097
341321
150682457
9247613
175092167
58683551
159482677
50377907
167659157
59030843
96157333
160033967
119624591
122317051
130874617
146618293
130834967
82544393
109543241
68940353
86160623
3990541
22333859
144802717
96627613
71365901
43641293
10206611
103621369
133518857
54725731
106396651
74023903
161179219
80217751
38717771
31983499
149418427
15234451
168268241
2644153
18400751
56217443
115594331
108228787
147193253
34895183
37699247
35008619
15138647
48593131
105086173
114173321
7607423
35917177
112737689
97689133
54363593
46650119
117272843
88074353
70023281
27198767
48879911
9470647
105653477
116123171
161683387
40150963
15761143
115233683
103726927
76084427
115208111
49437979
96342599
58471229
32193671
14816359
163319521
162492523
10917769
85356853
137838751
108214003
176361527
145974539
90779189
4828129
150285781
135643727
158676709
10152641
52808881
85702973
11014561
25107769
2230727
80195131
60941609
64000381
72090061
55434763
160638473
107272481
117812113
1471619
122930441
158930867
55477313
15913747
99751607
104702581
75764417
15791257
17891449
161133017
111443971
134240591
108528373
22555739
3837787
114799697
172417327
17331389
159142979
1632359
22913257
119092279
124272461
98619179
68930683
70810613
69424757
70973783
11717207
42922721
138311111
148404511
28776499
149996867
72893971
120996779
35676023
89771467
47376661
81381031
70054819
42361273
103963091
16842481
62594981
150780169
82413587
37136761
11975923
15663727
70160731
40130939
56876269
124182491
127727773
48162239
23299379
37344049
168328933
79371893
53800987
150744619
64198787
62965879
121691237
96082289
18813479
44502071
126683551
172897253
66240257
99121417
93649217
7555693
150352973
55694449
101509313
102710711
87844717
136995577
23408461
14103521
11775773
50553523
114851153
2010289
123907999
80226121
82956053
91740919
177479873
71569831
93610553
75999977
167955503
15760243
68604527
177610151
56402581
82946329
63421459
298213
99581873
175702559
113597503
47642363
149817307
79334473
159268079
82517053
160896367
155574007
128141837
71388077
31042283
5316697
9437707
27979619
159583003
28078807
111295057
83149621
176482547
115974107
783787
49011233
152833921
88202981
52733041
166302607
71210173
73764599
128967023
38023409
22752133
17894237
38272313
110508479
127869013
53508223
150115583
40766261
40992179
148411951
25793429
11685617
5050033
63287527
12992501
100682213
26650469
2457569
113468287
141799817
88148783
70939577
146164309
173125963
30510577
79035493
36034249
141970313
2442683
18369149
101587289
139453889
88742869
64142593
152451059
77733871
68630371
153114763
44916647
133763393
34871401
154607339
51804611
158117851
110825657
102778903
18185579
72394717
50679949
100726807
81271241
152479967
40757819
61393093
77547703
115387241
55545739
164715403
61178287
110245621
15243257
13549423
55984939
12509513
140279761
81208849
25348319
165531593
12162779
146008927
13756583
97290199
121696859
165423833
71759209
35550301
144962161
133078657
65395999
53413177
150771097
129400067
156200621
171641149
99094027
13437811
99251029
98875363
22062751
126841423
48114347
15512023
5417479
85609187
59570387
164711549
55887989
37821877
122015293
140433661
58840571
26653079
36135161
119071237
153027089
120633277
61716377
115262449
14466427
116197307
65694389
119162587
37098421
46201891
73965971
160768079
66737917
111797107
14785487
71689181
128112353
67758377
168327037
91318739
25804633
96314429
70432673
83871407
145703483
21484747
158801351
89666197
105650351
40980341
158059459
29554489
23909777
164078687
50315471
21128621
25388201
12345769
53086651
171996287
32100121
90427819
169784591
114685939
168513361
63659719
75421219
6082669
88650269
2325793
132694871
167675813
10556927
100920769
174748193
29977481
115984553
110982761
142190449
55588069
83751653
85999843
124484287
143596933
116753179
158429399
92596667
37893641
18296189
88286677
57820237
68689217
42663631
23850973
137638309
135940913
16463003
6364217
175632803
111406363
81786701
70729921
111509639
84466433
152852489
138527969
114587717
122061041
120420973
166417813
27359261
130140737
152646751
6443389
115989871
48944153
37054967
150673867
24988013
5770601
96049753
142971461
166088753
107186413
133674913
164429809
145514323
172007261
117727
116322023
130664791
98216873
173553997
118265023
51434441
106895293
121600487
61399453
156202747
57053189
177519011
158256403
74920103
78294217
97542769
13892863
60563189
7635697
173989423
373777
26167501
29012017
34670201
239489
135949223
131888347
90735149
134683819
55274801
146119079
165973343
59155847
166026481
34697879
70368161
163930673
96346763
63050279
49132849
130595119
104963009
157389523
142071131
88619693
66504733
48902129
10895519
17825783
103037021
85036547
111349781
73621451
111485459
41683231
107307617
128865097
149484119
127028197
135930499
61681513
37148719
150281503
41204381
92355859
116079749
30517259
18931699
13395623
77909393
109932959
80463931
18696611
154868437
36385991
119764147
46058393
92122033
40767763
135071809
57627877
28529747
1568657
60811841
111850987
171072743
88339571
59521379
60822851
37489591
160229077
171603053
22760147
177447559
116270569
150007499
160751231
23346737
35872657
83399419
93292169
110690681
132638657
24291983
137336029
4748519
86604719
117924299
175115893
109056137
94346737
32364173
79688053
56657023
28370197
4611923
173131411
152471153
100524373
144385639
83945753
23072131
172839367
97385797
11623621
335999
75359873
40715621
63789359
8198191
133503529
93048167
150838031
119686727
148684013
68088497
80449727
137511659
177943541
115199291
38410247
152105689
11494999
171578051
112700233
50764201
22223087
110788547
140261549
46222321
55538291
161299423
109771817
57546217
102988349
18546289
41952749
174851671
88540957
15596299
27328313
90518111
106303511
168514321
92168047
77418623
141368093
155278141
14987213
48375953
27897953
91741609
171205207
71836091
34578589
99578279
108945731
146537141
95293811
11656081
10825333
130772791
72656579
14687249
117470159
104797127
64800257
72837797
81672169
101556073
106156321
88706347
67630781
162997693
168497579
93832373
170742001
67094827
68994229
1264199
129739013
63167681
119673731
112166057
98076931
50537147
103332319
149863859
74419937
148845841
122210111
92787181
85602833
4734017
26342461
51335819
70771319
44212351
76901491
43271843
133760051
11627281
151526671
106050037
37593683
12499873
80616623
42793991
86414659
44893517
127885133
51212159
5908453
31731131
70651501
81468133
51581987
94029077
75154687
93858617
52927421
147450739
165248627
104698327
57360739
134772823
38361509
66640331
95030693
76736833
13896119
46913381
52402921
20570723
372971
116023129
38166061
147752567
138697243
124622431
141653011
145789883
138379543
14799269
51788531
24529919
146170847
38037511
10590571
69669427
140393069
59055169
14354651
70616489
41773751
177559153
11304637
133047653
173564089
71241979
92399297
33599333
140120077
41403431
152154659
162074917
2237219
100319899
150360697
97862981
116337479
64728731
75349249
93121547
155057599
7368037
96123659
160350433
7713071
167771477
80086003
107067953
158163521
1150531
158529697
62089799
28687811
140382383
96518761
20379929
26233759
106020737
9861239
95867753
80209781
37391083
114742781
14094539
70436689
163912919
93279229
142475423
158188049
160864153
3636769
43354033
49068653
101270549
171560119
42717131
26582393
128843717
72016277
43350019
160431181
178037707
42923707
35981221
104555629
2937377
158164129
127373371
122856661
110252881
66447517
82733537
167843293
39887461
4659469
59579389
159806029
126515461
93514721
154228663
18698689
104531599
20878681
172265689
14158769
169534033
1173127
98823311
178215043
95776223
125781527
145340669
39069101
48470813
43337963
113825627
113375539
48188299
21860099
122291803
49940459
34520657
160347217
4693631
169687967
159604597
132898327
67420831
124139663
7350281
159482017
69592219
103284613
65257399
30569449
176007899
44608793
167737231
59843099
165272743
169027811
109483573
174372047
50863669
140857009
53618261
123469939
71116957
23202877
153831971
176013821
26364983
19902469
107428759
178405349
65576587
118754561
70096639
131996063
69655447
134708641
32645567
155693821
137423777
125905123
97264031
66112271
31925497
89286559
80025797
112416149
94603477
100545271
86233019
142202663
70190257
34245881
111039127
1245067
120440851
77851201
86177713
114121979
28913263
44063783
126062357
3474841
168514681
30276581
170252681
118935133
90270211
78903361
131487263
163016759
66644483
88095629
95890507
123362971
162894829
158044639
39162143
7243937
56799697
134779591
58778303
168208069
178488769
46106297
76491209
46967203
57385099
125246509
137647889
18084683
44013077
172410097
8974993
67745023
1863461
125598527
41878153
139693469
72948373
103415491
88005301
130818071
157005647
65473963
85187441
35704649
5724373
125268449
54010519
143898431
79397267
148414523
172569203
104108531
15953033
74423339
27818657
31134907
16921097
178182859
82855163
75981889
98912789
110686963
8952791
147711143
14104021
102730679
137708407
170832019
89192407
21286417
14182591
104118307
137635609
104361157
36033911
34977497
133328933
142168471
40146059
81559189
36371779
46369529
163324529
44633053
130713199
98614141
50888231
93092689
33809089
157892759
14178763
57955229
17731667
139432607
115341407
158301551
120105263
95748083
99813253
130655383
144963337
157677229
171342319
165961189
109195883
91057501
12354371
65824477
123355343
146441219
58290887
145882579
105948809
77649281
6946213
56542639
166852589
47918501
131521373
1037479
126958987
74536393
117587579
3649337
115749761
87463729
109944193
149706769
16561
87791747
64931371
27160429
37524587
137467751
65348149
102612199
16731353
147426211
70294633
141001579
172167269
71963747
56775703
170606393
49446197
27678509
96281483
48926467
1252421
175645961
43321727
101841419
56183737
133645613
162255337
175829131
4850017
147853847
79594607
142778191
107936137
89227837
101204101
67092737
177725767
135426703
113527763
114164033
122906071
20178253
136797673
65156797
95870231
92548201
123883729
139391047
15187927
51214879
132897283
2819651
51790481
114378829
176937221
154987969
