PE 797: Cyclogenic Polynomials / 循环多项式

=== Small N verification ===
  Q_1(2) mod 1e9+7 = 2 (brute: 2) ✓
  Q_2(2) mod 1e9+7 = 8 (brute: 8) ✓
  Q_3(2) mod 1e9+7 = 22 (brute: 22) ✓
  Q_4(2) mod 1e9+7 = 62 (brute: 62) ✓
  Q_5(2) mod 1e9+7 = 124 (brute: 124) ✓
  Q_6(2) mod 1e9+7 = 358 (brute: 358) ✓
  Q_7(2) mod 1e9+7 = 612 (brute: 612) ✓
  Q_8(2) mod 1e9+7 = 1428 (brute: 1428) ✓
  Q_9(2) mod 1e9+7 = 2596 (brute: 2596) ✓
  Q_10(2) mod 1e9+7 = 5598 (brute: 5598) ✓

=== Known test cases ===
  Q_10(2) = 5598 (without mod)
  Our result mod 1e9+7 = 5598

=== Φ_d(2) values for small d ===
  Φ_1(2) = 1 (1+Φ = 2)
  Φ_2(2) = 3 (1+Φ = 4)
  Φ_3(2) = 7 (1+Φ = 8)
  Φ_4(2) = 5 (1+Φ = 6)
  Φ_5(2) = 31 (1+Φ = 32)
  Φ_6(2) = 3 (1+Φ = 4)
  Φ_7(2) = 127 (1+Φ = 128)
  Φ_8(2) = 17 (1+Φ = 18)
  Φ_9(2) = 73 (1+Φ = 74)
  Φ_10(2) = 11 (1+Φ = 12)
