=== 5-sextuples: Analysis ===

PE answer: 29526986315080920

Factorizing 29526986315080920:
  2 2 2 3 5 4621 53247829321

=== Sum of 6-tuple counts across different N ===
  N=:            1 (cumulative:              1)
  N=:           64 (cumulative:             65)
  N=:          729 (cumulative:            794)
  N=:         4096 (cumulative:           4890)
  N=:        15625 (cumulative:          20515)
  N=:        46656 (cumulative:          67171)
  N=:       117649 (cumulative:         184820)
  N=:       262144 (cumulative:         446964)
  N=:       531441 (cumulative:         978405)
  N=:      1000000 (cumulative:        1978405)

=== Sum of product-equality counts ===
  N=:            1 (cumulative:              1)
  N=:           20 (cumulative:             21)
  N=:           93 (cumulative:            114)
  N=:          340 (cumulative:            454)
  N=:          665 (cumulative:           1119)
  N=:         1746 (cumulative:           2865)
  N=:         2575 (cumulative:           5440)
  N=:         4832 (cumulative:          10272)
  N=:         7713 (cumulative:          17985)
  N=:        12484 (cumulative:          30469)
  N=:        15077 (cumulative:          45546)
  N=:        25704 (cumulative:          71250)
  N=:        29701 (cumulative:         100951)
  N=:        40754 (cumulative:         141705)
  N=:        57135 (cumulative:         198840)

=== Binomial sums ===
  The number 5 in '5-sextuples' likely indicates:
  - 6-tuples from a set of size 5 (or parameter 5)
  - A condition involving the number 5 (e.g., modulo 5)
  - 6-tuples with a 5-fold symmetry property

=== Search for combinatorial match ===
  No direct match in C(n,k) sums
