PE 786: Billiard / 台球

=== Billiard ball trajectories on a×b tables ===
Ball starts at (0,0) at 45°, bounces elastically.

Table size | Wall hits | Squares | Pockets | Distance
------------------------------------------------------------
  1×1         0         1         2         1
  1×2         1         2         2         2
  1×3         2         3         2         3
  1×4         3         4         2         4
  2×1         1         2         2         2
  2×2         0         2         2         2
  2×3         3         4         2         4
  2×4         1         4         2         4
  2×5         5         6         2         6
  2×6         2         6         2         6
  3×1         2         3         2         3
  3×2         3         4         2         4
  3×3         0         3         2         3
  3×4         5         6         2         6
  3×5         6         7         2         7
  3×6         1         6         2         6
  4×1         3         4         2         4
  4×2         1         4         2         4
  4×3         5         6         2         6
  4×4         0         4         2         4
  5×1         4         5         2         5
  5×2         5         6         2         6
  5×3         6         7         2         7
  5×5         0         5         2         5
  6×1         5         6         2         6
  6×2         2         6         2         6
  6×3         1         6         2         6
  6×6         0         6         2         6

=== Trajectories with exactly k wall hits (max dim 10) ===
  k=0: 10 trajectories
  k=1: 10 trajectories
  k=2: 6 trajectories
  k=3: 10 trajectories
  k=4: 4 trajectories
  k=5: 10 trajectories
  k=6: 6 trajectories
  k=7: 8 trajectories
  k=8: 4 trajectories

=== Sum of squares traversed for N×N tables ===
  N=1: sum = 1
  N=2: sum = 7
  N=3: sum = 24
  N=4: sum = 56
  N=5: sum = 113
  N=6: sum = 191

=== Billiard on square tables ===
  1×1: 0 wall hits
  2×2: 0 wall hits (path folds back after 2 units)
  3×3: 0 wall hits (path folds back after 3 units)
  4×4: 0 wall hits (path folds back after 4 units)
  5×5: 0 wall hits (path folds back after 5 units)
  6×6: 0 wall hits (path folds back after 6 units)
  7×7: 0 wall hits (path folds back after 7 units)
  8×8: 0 wall hits (path folds back after 8 units)
