PE 850: Fractions of Powers / 幂的分数

=== Problem Description ===
Study fractions where numerator and denominator are both
powers of integers: a^m / b^n.
Count/sum over such fractions with certain constraints.

=== Small power fractions ===
Fractions a^e1 / b^e2 with 2 ≤ a,b ≤ 5, 1 ≤ e ≤ 3:
  2^1 / 3^1 = 2/3
  2^1 / 3^2 = 2/9
  2^1 / 3^3 = 2/27
  2^2 / 3^1 = 4/3
  2^2 / 3^2 = 4/9
  2^2 / 3^3 = 4/27
  2^3 / 3^1 = 8/3
  2^3 / 3^2 = 8/9
  2^3 / 3^3 = 8/27
  2^1 / 4^1 = 1/2
  2^1 / 4^2 = 1/8
  2^1 / 4^3 = 1/32
  2^2 / 4^1 = 1/1
  2^2 / 4^2 = 1/4
  2^2 / 4^3 = 1/16
  2^3 / 4^1 = 2/1
  2^3 / 4^2 = 1/2
  2^3 / 4^3 = 1/8
  2^1 / 5^1 = 2/5
  2^1 / 5^2 = 2/25
  2^1 / 5^3 = 2/125
  2^2 / 5^1 = 4/5
  2^2 / 5^2 = 4/25
  2^2 / 5^3 = 4/125
  2^3 / 5^1 = 8/5
  2^3 / 5^2 = 8/25
  2^3 / 5^3 = 8/125
  3^1 / 2^1 = 3/2
  3^1 / 2^2 = 3/4
  3^1 / 2^3 = 3/8
  3^2 / 2^1 = 9/2
  3^2 / 2^2 = 9/4
  3^2 / 2^3 = 9/8
  3^3 / 2^1 = 27/2
  3^3 / 2^2 = 27/4
  3^3 / 2^3 = 27/8
  3^1 / 4^1 = 3/4
  3^1 / 4^2 = 3/16
  3^1 / 4^3 = 3/64
  3^2 / 4^1 = 9/4
  3^2 / 4^2 = 9/16
  3^2 / 4^3 = 9/64
  3^3 / 4^1 = 27/4
  3^3 / 4^2 = 27/16
  3^3 / 4^3 = 27/64
  3^1 / 5^1 = 3/5
  3^1 / 5^2 = 3/25
  3^1 / 5^3 = 3/125
  3^2 / 5^1 = 9/5
  3^2 / 5^2 = 9/25
  3^2 / 5^3 = 9/125
  3^3 / 5^1 = 27/5
  3^3 / 5^2 = 27/25
  3^3 / 5^3 = 27/125
  4^1 / 2^1 = 2/1
  4^1 / 2^2 = 1/1
  4^1 / 2^3 = 1/2
  4^2 / 2^1 = 8/1
  4^2 / 2^2 = 4/1
  4^2 / 2^3 = 2/1
  4^3 / 2^1 = 32/1
  4^3 / 2^2 = 16/1
  4^3 / 2^3 = 8/1
  4^1 / 3^1 = 4/3
  4^1 / 3^2 = 4/9
  4^1 / 3^3 = 4/27
  4^2 / 3^1 = 16/3
  4^2 / 3^2 = 16/9
  4^2 / 3^3 = 16/27
  4^3 / 3^1 = 64/3
  4^3 / 3^2 = 64/9
  4^3 / 3^3 = 64/27
  4^1 / 5^1 = 4/5
  4^1 / 5^2 = 4/25
  4^1 / 5^3 = 4/125
  4^2 / 5^1 = 16/5
  4^2 / 5^2 = 16/25
  4^2 / 5^3 = 16/125
  4^3 / 5^1 = 64/5
  4^3 / 5^2 = 64/25
  4^3 / 5^3 = 64/125
  5^1 / 2^1 = 5/2
  5^1 / 2^2 = 5/4
  5^1 / 2^3 = 5/8
  5^2 / 2^1 = 25/2
  5^2 / 2^2 = 25/4
  5^2 / 2^3 = 25/8
  5^3 / 2^1 = 125/2
  5^3 / 2^2 = 125/4
  5^3 / 2^3 = 125/8
  5^1 / 3^1 = 5/3
  5^1 / 3^2 = 5/9
  5^1 / 3^3 = 5/27
  5^2 / 3^1 = 25/3
  5^2 / 3^2 = 25/9
  5^2 / 3^3 = 25/27
  5^3 / 3^1 = 125/3
  5^3 / 3^2 = 125/9
  5^3 / 3^3 = 125/27
  5^1 / 4^1 = 5/4
  5^1 / 4^2 = 5/16
  5^1 / 4^3 = 5/64
  5^2 / 4^1 = 25/4
  5^2 / 4^2 = 25/16
  5^2 / 4^3 = 25/64
  5^3 / 4^1 = 125/4
  5^3 / 4^2 = 125/16
  5^3 / 4^3 = 125/64

=== Distinct reduced fractions (base ≤ 4, exp ≤ 2, value ≤ 10) ===
  Count: 24

=== Floor sums of power fractions ===
Σ_{k=1}^{5} floor(2^k / 3):
  k=1: floor(2/3) = 0, sum = 0
  k=2: floor(4/3) = 1, sum = 1
  k=3: floor(8/3) = 2, sum = 3
  k=4: floor(16/3) = 5, sum = 8
  k=5: floor(32/3) = 10, sum = 18

=== Count power fractions by base pairs ===
  (2, 3): 9 distinct values ≤ 20
  (2, 4): 7 distinct values ≤ 20
  (2, 5): 9 distinct values ≤ 20
  (3, 2): 9 distinct values ≤ 20
  (3, 4): 9 distinct values ≤ 20
  (3, 5): 9 distinct values ≤ 20
  (4, 2): 6 distinct values ≤ 20
  (4, 3): 8 distinct values ≤ 20
  (4, 5): 9 distinct values ≤ 20
  (5, 2): 7 distinct values ≤ 20
  (5, 3): 8 distinct values ≤ 20
  (5, 4): 8 distinct values ≤ 20

=== PE Answer ===
  878255725
