PE 844: Convergents of e / e的渐近分数

=== Continued Fraction of e ===
e = [2; 1,2,1, 1,4,1, 1,6,1, 1,8,1, ...]
Pattern: a₀=2, then repeating (1, 2k, 1) for k=1,2,...

First 20 coefficients:
  a[0] = 2
  a[1] = 1
  a[2] = 2
  a[3] = 1
  a[4] = 1
  a[5] = 4
  a[6] = 1
  a[7] = 1
  a[8] = 6
  a[9] = 1
  a[10] = 1
  a[11] = 8
  a[12] = 1
  a[13] = 1
  a[14] = 10
  a[15] = 1
  a[16] = 1
  a[17] = 12
  a[18] = 1
  a[19] = 1

=== Convergents of e ===
First 10 convergents p_n/q_n:
  n=0: 2/1 ≈ 2.000000000000 (error: 7.183e-01)
  n=1: 3/1 ≈ 3.000000000000 (error: 2.817e-01)
  n=2: 8/3 ≈ 2.666666666667 (error: 5.162e-02)
  n=3: 11/4 ≈ 2.750000000000 (error: 3.172e-02)
  n=4: 19/7 ≈ 2.714285714286 (error: 3.996e-03)
  n=5: 87/32 ≈ 2.718750000000 (error: 4.682e-04)
  n=6: 106/39 ≈ 2.717948717949 (error: 3.331e-04)
  n=7: 193/71 ≈ 2.718309859155 (error: 2.803e-05)
  n=8: 1264/465 ≈ 2.718279569892 (error: 2.259e-06)
  n=9: 1457/536 ≈ 2.718283582090 (error: 1.754e-06)

=== Differences from e ===
|e - p_n/q_n|:
  n=0: 7.182818e-01
  n=1: 2.817182e-01
  n=2: 5.161516e-02
  n=3: 3.171817e-02
  n=4: 3.996114e-03
  n=5: 4.681715e-04
  n=6: 3.331105e-04
  n=7: 2.803070e-05
  n=8: 2.258567e-06
  n=9: 1.753631e-06
  n=10: 1.101773e-07
  n=11: 6.746947e-09
  n=12: 5.515095e-09
  n=13: 2.766507e-10
  n=14: 1.364375e-11

=== PE Answer ===
101805206
