251637
785762
55837
4235166
2364833
1179453
320705
2556187
4040835
5528835
2942472
697596
544184
518871
1454367
1691476
2352313
2769639
129419
5421536
17732
505084
5031381
1401644
2517223
608914
2045360
5548449
265122
83292
4032518
720819
62797
178947
5219839
398771
2284102
336042
5479940
5031381
2879665
1145267
694297
1420724
227618
218759
2963531
4321292
91856
32984
633492
5479940
2346066
1005551
2016457
615004
2253461
1712570
2556187
1267655
1749833
1468976
535671
75130
4175423
849910
496905
1308458
141676
1041598
3070274
908978
927883
2628524
3305544
3916850
564319
259289
26940
5040724
5296125
178947
295361
3208583
4818810
1331453
3770642
3900450
1439906
52519
3933290
279053
448869
5144129
3867772
846287
1749833
1793049
2346066
196640
