573486431
8633454138
1356127071
1442269895
8897399
4398309198
9214409789
86005403
629110957
7471010994
3752229606
1126138293
4656131482
2122948321
5402150
336693946
1583293
6572253755
2880675968
6506199017
5753141652
8058662465
5116233361
17878689
452199419
1280120918
272301055
93558790
2316538810
1367682982
2621905
1845354890
151627160
537798516
1247977050
1304678138
1483956973
6763131126
233178529
7464105180
3922511428
778870669
537470717
2858648782
873326890
38453254
460519790
2381478297
1459349330
9609166982
2677839155
936271701
393037186
127607208
1262629118
3138564454
7500826255
1549327915
285551120
29984870
1257678861
9057218325
104624942
282267050
1178048498
1749245590
1770572963
1556745354
108321447
5450778438
5375265071
4578579065
5580071637
12191294
768427246
1728658598
6473309959
6623654188
2678344751
9031477441
2116012822
3903706137
9488517188
4014132869
2389337434
3290096771
3114171659
818516454
2185224363
1312859769
4738440753
3296573780
2288039528
3492537011
6098608679
9430429493
201045262
283984740
2879099732
7285185
120713486
8659548164
2244508974
4146467385
2758340677
65456916
349128424
2322167572
429656332
3023005549
4200003971
292898079
3946317119
5570436333
102825337
1544962594
132382364
6096666308
314357548
7361758798
3871148329
2852894880
257594454
3256127672
61645267
1317397259
8181696360
1045708919
223124391
6291240003
748027248
422890590
1783436532
4218563611
1393998257
242593661
3217613354
3893862667
1121479890
5662715911
529524692
1006677360
910748859
2983024152
280400088
5810930483
28775367
75574061
603049735
63090810
3515811167
4103375371
5799574109
5864455698
9805538501
6570234518
6811187517
373360335
2753978772
9218742340
195406233
5336080199
1051282525
5212655666
4371181289
522500673
167086354
324582777
44397217
161170487
1013356608
4543553304
7173654270
1528127047
1252057712
7067124265
6357309054
4514309284
16835779
3164987358
151627160
4287084796
599572965
1147468411
2010980424
196565415
3667934401
4914361063
3412843527
8027265599
863362345
2371969325
4392745443
132329973
5922832967
593798301
5557109629
996545655
607935235
5686286286
7986105695
8637644879
1002890919
5410948049
462840395
5119420614
408390898
9370574150
1809311502
690032454
9385155832
231909101
4324649724
2255580098
1953928942
25545715
4994466211
867565773
3416862063
2996944958
83351441
251976582
1390763429
3705907922
4061772117
517776109
3049721766
7940614481
451202421
9481185965
5348398863
717832155
3318865597
3294602025
801858549
626028647
9373489438
232966714
3154515270
1797993629
3559966438
5477169208
2560412801
160301352
13478374
6800492825
7023154890
34465182
9244278819
4216001439
1043236709
6668755035
2977676262
8381635087
5196217584
8745115641
3411982964
54187885
6134405931
772251903
3476870193
1914685266
1252057712
1490465364
2180225003
3787622367
267957828
5141048073
5522032502
776484535
4679087814
9427017802
93995772
7658204079
3054321551
3386505227
7007693153
2076194117
3834457665
2539463436
1372855685
3649175962
1659195119
1535492720
3039992052
2732224175
567172573
2781758286
2277113843
5210348
5221957080
601889837
5388358811
1446117878
992176748
1001378341
7410694744
2398641463
2477875576
7286971539
1753297362
4530247630
8529010323
3503582333
4988172935
42468
1858283056
377433734
2440383237
2776344539
3455170292
440211816
6905347427
3669723553
398245004
6692797014
8032642775
9594903873
2738357903
4713629634
5207649718
377252138
3845140784
9110739549
2570301851
2960061748
7365187254
1009407200
8650690229
2663452688
7966909906
6781593491
5888837206
919552102
5005664105
539220145
2829682337
3241026796
709343044
426556336
565039450
1366970292
6206309907
1519462577
8864572367
1044008856
3369958291
369488680
6792682984
9435791610
357460695
8928870985
4950847646
5506934071
2386954738
7993255601
819061176
7823053704
1787120946
3755851104
3586135481
2300862373
8849006998
3396510780
2101062611
6544016017
1342863068
330566642
4566220878
30803994
23748840
4354558452
1508016624
7988786479
216354608
1199231378
321655236
1554460896
77223041
3027045404
2971798862
8691761825
4916442251
1117632570
5342600411
6228275871
409526288
7339067165
5427739403
8120743351
811589443
7384918538
7137768451
1852856214
9656468784
873045444
8324905837
1364833386
6102494325
5966530587
6191816672
5837092848
1127103129
2764506029
3062446987
171488950
5687035476
739613603
7057480918
3018699137
2394583378
3505619026
4187226761
9559537209
2106412317
720759830
9419709555
7663012486
7551078941
4443269751
1917443145
3451703916
8955892104
117095829
690779562
2468657488
821241740
3923437523
2523258356
67758869
178149978
6851983910
285158949
6269954945
339350351
385469152
4444586229
2458490092
3172438687
639963318
1061696710
6379151693
2180679281
374896318
1643873393
80294846
8868819702
3422319212
64951152
4440637369
2526445995
159896641
289725553
1002437048
6458901531
3234886358
4215040798
240150897
4430445660
581086106
1049422977
3713108194
9025762735
7921926287
2722168
37260254
2924995300
3430657945
20456959
1325796923
4466996223
7420155320
3267337974
6486534124
5952330110
465977632
8571178302
9680658627
6745921746
130971469
35140338
8659548164
408012736
8987230640
792593446
319239957
4345119761
3500964806
347125897
2288505106
489900287
3471076815
2404376323
1554460896
780861420
1690060247
329382460
3650662901
791389341
8563756518
420812
6484529411
2009238752
4250018893
1443734973
3906477364
963643879
3048099090
200653650
8224291596
4602008467
2403419967
3509402899
3883418183
168270654
8323535888
2976874455
2209851247
2162777250
4264503246
5837092848
7659078239
3377370119
1186959764
3361700588
239649632
4110331037
2935598994
318741505
4024451588
378615163
698399753
6054410063
788583518
1207395861
1456035472
501627987
2761936035
1461745037
167204596
3441604449
1561701910
8405489055
1982125329
8224745429
698900953
685682401
2024289563
3928996975
5354564198
8193917367
3189858284
5020383239
4534901998
903854875
8174007723
8015173872
7954870177
8030402058
3891404009
4653771681
706693753
1521532056
4515304611
5320881405
5908303605
7596277507
1829567782
5951179393
167500395
3303619993
683946459
447325332
881650075
1548188527
122216098
9172100793
3609448146
3853697468
6746740728
2590138041
1437696800
6500175420
9143790464
3375373790
3990418727
7941059742
3712207731
2729925794
779268676
337378502
103172
531695636
5515032973
6795970880
233390416
776087238
3522809007
8051479635
453596965
1047874661
700531138
6409796778
1577195231
43371440
1026783856
7161399973
2811498191
686427217
6754523825
9130850251
5439069626
1435139132
544375228
4619788294
7666073201
3384505860
3409402013
7788173441
496165411
6275863446
274832970
4398309198
4079078532
6058279875
2420185435
5307509978
20594876
3894784872
272530676
876566395
1419111262
839610336
6911151887
159072
597374990
5224104906
5906011563
407162511
301875269
215271044
5183729727
427136812
5822677302
1089945382
7195230833
411517437
2756800787
2357038150
533109633
878965274
276682574
6979737706
429656332
500890616
3331881949
4296135572
3710707204
2975805549
1183819453
55673506
5826468984
2006410289
2122724382
4822205582
1084737443
1184645382
3345212160
3137465754
3910790708
7251222769
9095909102
66877335
3312084971
85713068
8441335053
3371097931
5850005912
290437914
383177155
6965576390
4682791
2769639
3910790708
2056321827
3230145865
758320873
245627535
761462621
273526987
3968956250
212708378
1406070232
6999342245
3195675687
6175386786
6100939823
5820023789
2451481205
689534600
964237277
2832025048
5325221743
1341275489
3639075172
8969180334
3099970981
1310768351
77223041
275911006
907873293
2399119129
1196571750
1139848680
6026974340
7130181497
1592574603
5946577649
369219231
9139476049
9875773664
76127
907873293
8762465008
3355441730
3892018581
7071738584
2966994470
1842025710
3520183844
4187226761
1300162610
2396253995
462335352
1496054442
1913413304
9152422418
264254047
7457203060
3842392201
30610374
2754748253
119866015
5682167097
2237373107
240581091
2157128883
1571830391
7050777016
8253817723
766321126
4602343584
4560882404
7750733348
5579330155
2177727554
1320718322
637569444
9279510092
6565810
587137199
7272064134
6749197992
3811308861
8423860431
4977692829
130139253
4717363681
5122608969
401517329
702163601
153207686
522823822
353765107
5774256308
9559537209
2117354074
3463553503
593337651
3585251838
38755115
6165617305
7595842286
251609239
2784080209
313533966
262074102
1539088215
3426918068
8859556
1301030375
497213277
19582126
3234328530
9895245767
2785628767
6243988951
119071101
5132178826
9152422418
1475422335
2343572913
1518248
1659589007
157593525
9877770010
6641511516
727913050
1299468590
2693030639
8408702402
3119370308
7169004535
1987532036
1857656369
1153975341
8795339912
157937733
4841803279
5054107413
7515105162
2779179536
2183405715
5303538233
1149906650
2346403931
502787544
5259968526
3434151
1502403122
3407681821
1677560886
2440383237
4074669352
2822920975
398058440
9408509396
8195728797
7091470923
3049992259
9795596947
1572404822
8568394826
3470787304
369219231
2446411714
73249247
5350211694
980774870
1010925276
1584298852
586908219
6062925329
1503151040
2077301134
653572647
7111653953
9109303826
3889867672
1120998573
8476345905
6491346882
7825706300
3471076815
1188283270
2543892512
2065141991
4696680276
6120385509
165375607
2217632453
3873600603
984667982
919407401
3905553453
500259064
1691476
6279409915
145775099
9599329164
8199805780
3007407879
6763131126
8822624628
25128552
3189858284
3691530368
312547202
1399216984
4179569493
6983489337
9889252249
125404403
6472108632
1477646317
8805685060
2647096763
1046946209
885756360
8852307727
629348383
4435046756
28448013
9031001124
4191696811
58398159
6254211807
2191594889
748936459
4714987150
9573282929
767110532
6416970522
576315496
655147238
480169657
9447496388
2810720284
7671321701
2722168
25766575
7817307971
6656955224
9640687730
1176731770
1804985363
18171667
1643873393
1349575116
2070664254
266216293
5788607842
471670700
894018
1789169728
818516454
7603242591
7144937576
7690145338
709343044
890723943
1328428736
2962460543
231979540
4122359245
3607970153
6961830147
3823179588
2713862387
5861792597
1907059682
2076194117
249850289
962754275
9896744446
186703496
2514443148
1162624784
4614416834
779666763
85963602
3003648837
4503699648
1745603830
466585984
1580456912
2617284320
2975003954
6377561783
3681066035
31365119
2926584652
3827750011
287673647
5815476227
406690488
2357748103
3070312490
513715199
4669290663
1681920478
3750721223
2691509335
7286119215
316338718
8497573007
63731000
1451439341
255739261
3542678581
7036958709
1749650502
1292541370
21111210
2124740411
59269
91735872
5520926961
2314429975
5973060538
