PE 768: Chandelier / 吊灯

Binary necklaces (rotational symmetry only):
  N= 1: 2
  N= 2: 3
  N= 3: 4
  N= 4: 6
  N= 5: 8
  N= 6: 14
  N= 7: 20
  N= 8: 36
  N= 9: 60
  N=10: 108
  N=11: 188
  N=12: 352
  N=13: 632
  N=14: 1182
  N=15: 2192
  N=16: 4116

Binary bracelets (rotation + reflection):
  N= 1: 2
  N= 2: 2
  N= 3: 4
  N= 4: 5
  N= 5: 8
  N= 6: 11
  N= 7: 18
  N= 8: 26
  N= 9: 46
  N=10: 70
  N=11: 126
  N=12: 208
  N=13: 380
  N=14: 655
  N=15: 1224
  N=16: 2186

Configurations with no adjacent lit candles (linear):
  N= 1: 2
  N= 2: 3
  N= 3: 3
  N= 4: 7
  N= 5: 11
  N= 6: 18
  N= 7: 29
  N= 8: 47
  N= 9: 76
  N=10: 123
  N=11: 199
  N=12: 322
  N=13: 521
  N=14: 843
  N=15: 1364
  N=16: 2207
  N=17: 3571
  N=18: 5778
  N=19: 9349
  N=20: 15127

Necklaces with no adjacent 1s (rotational symmetry):
  N= 1: 1
  N= 2: 2
  N= 3: 2
  N= 4: 3
  N= 5: 3
  N= 6: 5
  N= 7: 5
  N= 8: 8
  N= 9: 10
  N=10: 15
  N=11: 19
  N=12: 31

=== Answer analysis ===
PE answer: 14655308696436060
PE answer % 1000000007 = 593848904

Searching for matching N in necklaces:

For N=32: necklaces=134219796
For N=36: bracelets=954572022
