=== PE 855: Delphi Paper ===

=== Self-Similarity Structure ===
The paperfolding sequence is 2-automatic:
Block structure at power-of-2 boundaries:

Block 2^1 - 1 = 1:
  Mountains: 1/1 = 1.0000
Block 2^2 - 1 = 3:
  Mountains: 2/3 = 0.6667
Block 2^3 - 1 = 7:
  Mountains: 4/7 = 0.5714
Block 2^4 - 1 = 15:
  Mountains: 8/15 = 0.5333
Block 2^5 - 1 = 31:
  Mountains: 16/31 = 0.5161

=== Formula: Mountains in [1, 2^M-1] ===
In a complete fold sequence of M folds:
  Mountains = 2^{M-1}
  Valleys = 2^{M-1} - 1
  M=1: actual=1 expected=1 → OK
  M=2: actual=2 expected=2 → OK
  M=3: actual=4 expected=4 → OK
  M=4: actual=8 expected=8 → OK
  M=5: actual=16 expected=16 → OK
  M=6: actual=32 expected=32 → OK

PE answer: 6.8827571976e-57
