=== PE 842: Irrational Jumps ===

=== Beatty Sum for φ ===
  Σ_{k=1}^{10} ⌊kφ⌋ = 84 (avg ≈ 8.400000)
  Σ_{k=1}^{100} ⌊kφ⌋ = 8121 (avg ≈ 81.210000)
  Σ_{k=1}^{1000} ⌊kφ⌋ = 809326 (avg ≈ 809.326000)

=== Irrational Jumps on Integers ===
Frog jumping by φ from 0: positions ⌊nφ⌋
First 20 positions: 1 3 4 6 8 9 11 12 14 16 17 19 21 22 24 25 27 29 30 32

=== Wythoff's Game Connection ===
Wythoff pairs: (⌊nφ⌋, ⌊nφ²⌋)
  n=1: (1, 2)
  n=2: (3, 5)
  n=3: (4, 7)
  n=4: (6, 10)
  n=5: (8, 13)
  n=6: (9, 15)
  n=7: (11, 18)
  n=8: (12, 20)
  n=9: (14, 23)
  n=10: (16, 26)

PE answer: 885226002
