=== PE 840: Sum of Products ===

=== Product Sums vs n ===
     n       SubsetProduct    PartitionProduct      SetPartProduct
     1            1.000000            0.000000            1.000000
     2            5.000000            2.000000            3.000000
     3           23.000000            5.000000           10.000000
     4          119.000000           13.000000           41.000000
     5          719.000000           24.000000          196.000000
     6         5039.000000           55.000000         1057.000000
     7        40319.000000           96.000000         6322.000000
     8       362879.000000          197.000000        41393.000000
     9      3628799.000000          353.000000       293608.000000
    10     39916799.000000          671.000000      2237921.000000
    11    479001599.000000         1169.000000     18210094.000000
    12   6227020799.000000         2206.000000    157329097.000000
    13  87178291199.000000         3761.000000   1436630092.000000
    141307674367999.000000         6785.000000  13810863809.000000
    1520922789887999.000000        11674.000000 139305550066.000000
    16355687428095999.000000        20523.0000001469959371233.000000
    176402373705727999.000000        34635.00000016184586405328.000000
    18121645100408831999.000000        60257.000000185504221191745.000000
    192432902008176639999.000000       100579.0000002208841954063318.000000
    2051090942171709440000.000000       171893.00000027272621155678841.000000

=== Generating Function Comparison ===
n= 10: dp=671.000000, gf=672.000000 (diff=1.000000)
n= 15: dp=11674.000000, gf=11675.000000 (diff=1.000000)
n= 20: dp=171893.000000, gf=171894.000000 (diff=1.000000)
n= 25: dp=2156829.000000, gf=2156830.000000 (diff=1.000000)
n= 30: dp=24771525.000000, gf=24771526.000000 (diff=1.000000)

PE answer: 194396971.000000000
