7157280
0
12334080
0
349920
0
524160
0
714685440
0
35762220
0
18783180
0
1966080
0
102389760
0
24494400
0
45426720
0
714685440
0
1966080
0
11328660
0
4273920
0
227813040
0
5127780
0
19769880
0
4200
0
40709760
0
1063860
0
780000000
0
515332440
0
60
0
1265880
0
140492880
0
143320320
0
4200
0
483655680
0
32629800
0
634845960
0
140492880
0
316953780
0
8510880
0
257084100
0
199977120
0
260071200
0
11166960
0
105043680
0
51443640
0
31875000
0
2943720
0
7557120
0
189206160
0
3036540
0
144788220
0
124320
0
157728480
0
389460960
0
24997140
0
171928680
0
329472000
0
1265880
0
426677160
0
165465300
0
994560
0
289608540
0
144788220
0
389460960
0
140492880
0
595140
0
571290720
0
68839680
0
52005720
0
120120
0
338607360
0
105043680
0
94997760
0
1484340
0
113137920
0
95178240
0
17335980
0
55238040
0
158159040
0
24642240
0
116798700
0
124126860
0
16984800
0
157728480
0
5940480
0
63651840
0
1484340
0
230625000
0
7557120
0
89335680
0
1265880
0
4273920
0
789381120
0
24494400
0
369609240
0
29417700
0
48893460
0
289608540
0
4193280
0
143320320
0
90592320
0
349920
0
95178240
0
3631680
0
1884960
0
2413320
0
15381600
0
63651840
0
24292320
0
242812500
0
1518720
0
6240
0
1265880
0
143025960
0
87567480
0
135878400
0
39389280
0
7322700
0
40260
0
2221440
0
39389280
0
277680
0
25559040
0
497640
0
5088720
0
232427520
0
49920
0
227813040
0
25559040
0
12334080
0
6240
0
71033760
0
71033760
0
354960
0
71411340
0
172828800
0
55238040
0
15381600
0
60
0
24494400
0
14847360
0
31875000
0
3080280
0
338607360
0
683437500
0
112738560
0
71411340
0
55238040
0
79476240
0
10385760
0
68839680
0
683437500
0
273530880
0
142172160
0
232427520
0
330936840
0
534240
0
16776960
0
6399960
0
2839680
0
609522420
0
11328660
0
10385760
0
11328660
0
130560
0
39617280
0
189206160
0
105043680
0
125829120
0
16773900
0
28964040
0
77482020
0
619020
0
65520
0
4548960
0
473786040
0
206791200
0
67665780
0
354960
0
16776960
0
10127040
0
190312500
0
143025960
0
192720
0
246546300
0
628806420
0
15079680
0
4200
0
571290720
0
52005720
0
63651840
0
734129760
0
22717440
0
2097120
0
5678340
0
31886460
0
10760040
0
255000000
0
571290720
0
52005720
0
45721980
0
330134220
0
473786040
0
365775840
0
272213760
0
389460960
0
19306560
0
365775840
0
7157280
0
14847360
0
365775840
0
8355840
0
3220140
0
354960
0
33600
0
24997140
0
3080280
0
63651840
0
4273920
0
120120
0
4253340
0
71033760
0
19306560
0
742560
0
165465300
0
71033760
0
5290740
0
28964040
0
515332440
0
202576080
0
780
0
33546240
0
322080
0
619020
0
5088720
0
29053440
0
543118380
0
4825860
0
110670000
0
1487160
0
110253720
0
41184000
0
12798720
0
483655680
0
55238040
0
609522420
0
595539360
0
609522420
0
35772660
0
42325920
0
273530880
0
97198080
0
399360
0
51398820
0
1761540
0
515332440
0
7058940
0
3631680
0
135878400
0
414523980
0
9783840
0
492011520
0
937500
0
90592320
0
2799360
0
189206160
0
30911100
0
306479880
0
619856160
0
247288800
0
66780
0
7557120
0
44127720
0
304711680
0
11324040
0
15540
0
534240
0
7322700
0
369609240
0
64219680
0
308855040
0
79225440
0
2040
0
8355840
0
268800
0
734129760
0
30720
0
534240
0
4273920
0
4548960
0
71411340
0
5148000
0
404422980
0
48893460
0
1487160
0
7557120
0
29417700
0
5088720
0
483655680
0
3036540
0
68087040
0
349920
0
87567480
0
91766220
0
960960
0
291133440
0
60
0
609522420
0
230625000
0
483655680
0
483655680
0
48893460
0
2150400
0
102389760
0
29053440
0
90592320
0
22394880
0
12798720
0
5148000
0
619856160
0
165465300
0
25848900
0
741008580
0
68839680
0
5148000
0
6044280
0
291133440
0
124320
0
1966080
0
16320
0
6399960
0
24494400
0
2839680
0
742560
0
1021020
0
1609080
0
3220140
0
30720
0
272213760
0
734129760
0
12180
0
192720
0
192720
0
63651840
0
6044280
0
41184000
0
1599840
0
255000000
0
32629800
0
33546240
0
4761120
0
101474160
0
97198080
0
158159040
0
39389280
0
595140
0
12334080
0
140492880
0
197137920
0
101474160
0
242812500
0
11166960
0
28697760
0
130560
0
192720
0
513757440
0
77482020
0
43740
0
372726900
0
118778880
0
38088960
0
2150400
0
247288800
0
306479880
0
40260
0
1484340
0
38606880
0
426677160
0
150265440
0
29053440
0
5678340
0
273530880
0
365775840
0
451772160
0
1487160
0
171928680
0
1265880
0
206791200
0
192720
0
79225440
0
172828800
0
34026720
0
260071200
0
2576640
0
5290740
0
154611600
0
8027460
0
102389760
0
546786240
0
22394880
0
30232800
0
524160
0
12334080
0
401156280
0
63969360
0
197137920
0
257084100
0
513757440
0
25761120
0
349920
0
960960
0
683437500
0
7157280
0
273530880
0
811793280
0
19306560
0
255000000
0
15381600
0
480000000
0
135878400
0
189206160
0
15381600
0
9783840
0
39389280
0
411549120
0
144788220
0
524160
0
329472000
0
30232800
0
34026720
0
30232800
0
64219680
0
372726900
0
6399960
0
189206160
0
12187500
0
44127720
0
411549120
0
102389760
0
39389280
0
10127040
0
14760
0
11328660
0
330134220
0
68839680
0
546786240
0
322080
0
142172160
0
12798720
0
568620
0
524160
0
497640
0
98672640
0
105043680
0
8879220
0
937500
0
71411340
0
242812500
0
17335980
0
117657540
0
68839680
0
6236160
0
2413320
0
389460960
0
8879220
0
86889660
0
158159040
0
15381600
0
426677160
0
116798700
0
165465300
0
106293660
0
50269440
0
17771520
0
255000000
0
210794220
0
308855040
0
4761120
0
32629800
0
235341600
0
742560
0
7500000
0
473786040
0
714685440
0
304711680
0
497640
0
25559040
0
30911100
0
3631680
0
4273920
0
277680
0
453960
0
143320320
0
492011520
0
1599840
0
232427520
0
257084100
0
8355840
0
135878400
0
56471520
0
11324040
0
615027360
0
24494400
0
513757440
0
734129760
0
