16335060
0
25559040
0
10760040
0
349920
0
15079680
0
2441400
0
235620
0
277680
0
23549760
0
11328660
0
1761540
0
22394880
0
11328660
0
33600
0
24642240
0
29417700
0
349920
0
15381600
0
49920
0
25559040
0
3220140
0
25559040
0
25848900
0
3981120
0
3779100
0
4200
0
31886460
0
8027460
0
7687680
0
2413320
0
3631680
0
354960
0
4548960
0
453960
0
3840
0
8510880
0
2221440
0
21603600
0
1484340
0
6236160
0
9903180
0
1541760
0
960960
0
1487160
0
3981120
0
568620
0
29417700
0
11874720
0
1518720
0
4761120
0
