11874720
0
68839680
0
2441400
0
338607360
0
291133440
0
140492880
0
45721980
0
664688640
0
365775840
0
7687680
0
51443640
0
235341600
0
3779100
0
56471520
0
365775840
0
571290720
0
30232800
0
16320
0
480000000
0
779520
0
2221440
0
6240
0
8168160
0
92820
0
55238040
0
2839680
0
9903180
0
483655680
0
595539360
0
48893460
0
16984800
0
291133440
0
4761120
0
242812500
0
937500
0
14092320
0
60
0
4273920
0
165465300
0
768271140
0
35762220
0
130680480
0
55238040
0
10385760
0
7687680
0
1541760
0
165465300
0
130680480
0
960960
0
3840
0
63651840
0
24494400
0
33600
0
157728480
0
21469980
0
3840
0
714685440
0
154611600
0
71033760
0
619856160
0
95178240
0
183726960
0
155477700
0
21469980
0
49889280
0
10385760
0
39617280
0
66780
0
9903180
0
20613120
0
811793280
0
24642240
0
110253720
0
144788220
0
1609080
0
664688640
0
4952160
0
68839680
0
513757440
0
97440
0
81016320
0
1966080
0
199977120
0
571290720
0
3036540
0
402541920
0
102389760
0
32629800
0
15079680
0
67665780
0
24997140
0
33546240
0
153522240
0
67108800
0
768271140
0
277680
0
291133440
0
905103360
0
12798720
0
789381120
0
492011520
0
210794220
0
60
0
7157280
0
2097120
0
426677160
0
32629800
0
1021020
0
2576640
0
3080280
0
742560
0
81016320
0
6399960
0
11328660
0
308855040
0
273530880
0
7058940
0
29053440
0
273530880
0
5088720
0
7058940
0
1966080
0
441904320
0
2150400
0
44127720
0
11328660
0
20613120
0
11874720
0
15728640
0
741008580
0
19190280
0
158159040
0
1075620
0
246546300
0
247288800
0
260071200
0
568620
0
273530880
0
154611600
0
242812500
0
29417700
0
210794220
0
19306560
0
31886460
0
17335980
0
483655680
0
5290740
0
628806420
0
52005720
0
2839680
0
140492880
0
937500
0
811793280
0
480
0
492011520
0
10127040
0
42325920
0
31875000
0
91766220
0
113137920
0
192720
0
414523980
0
44127720
0
14760
0
742560
0
16776960
0
19769880
0
789381120
0
94997760
0
330134220
0
543118380
0
63651840
0
68839680
0
60
0
6399960
0
426677160
0
1021020
0
120120
0
453960
0
414523980
0
11324040
0
619020
0
154611600
0
595539360
0
38088960
0
277680
0
255091680
0
1044480
0
24292320
0
609522420
0
2799360
0
202576080
0
38606880
0
2839680
0
2576640
0
3036540
0
1599840
0
7157280
0
524160
0
515332440
0
330134220
0
291133440
0
306979200
0
316953780
0
118080
0
63957960
0
7687680
0
45721980
0
210794220
0
51398820
0
742560
0
1487160
0
30720
0
15540
0
76878420
0
2097120
0
38088960
0
110670000
0
25616280
0
38088960
0
365775840
0
628806420
0
63957960
0
634845960
0
257084100
0
568620
0
1518720
0
2040
0
5940480
0
134191200
0
22394880
0
17335980
0
51398820
0
90592320
0
158159040
0
7322700
0
116798700
0
994560
0
12187500
0
150265440
0
1518720
0
15381600
0
206791200
0
49920
0
1966080
0
21469980
0
202576080
0
66846720
0
171928680
0
483655680
0
67665780
0
89335680
0
49889280
0
543118380
0
2576640
0
32629800
0
1518720
0
20613120
0
330134220
0
227813040
0
1518720
0
125829120
0
7687680
0
433857060
0
1487160
0
3036540
0
1484340
0
90592320
0
372726900
0
172828800
0
994560
0
5678340
0
7500000
0
190312500
0
150265440
0
32629800
0
511754880
0
5148000
0
190312500
0
25761120
0
7557120
0
16320
0
199977120
0
242812500
0
197137920
0
1063860
0
19190280
0
95178240
0
1884960
0
97500000
0
492011520
0
81016320
0
235341600
0
369609240
0
9783840
0
134191200
0
451772160
0
48682620
0
6399960
0
43740
0
14092320
0
22394880
0
4253340
0
165465300
0
524160
0
58581600
0
524160
0
322080
0
8355840
0
11324040
0
86651040
0
232427520
0
71033760
0
497640
0
9903180
0
7157280
0
189206160
0
232427520
0
15925200
0
16984800
0
3631680
0
1541760
0
130560
0
905103360
0
15079680
0
50269440
0
44127720
0
349920
0
48354240
0
2221440
0
51443640
0
329472000
0
780
0
8355840
0
524936940
0
154611600
0
64219680
0
25616280
0
4825860
0
779520
0
102389760
0
125829120
0
524936940
0
1075620
0
22717440
0
25761120
0
21603600
0
441904320
0
497640
0
8027460
0
67665780
0
511754880
0
15728640
0
2221440
0
4193280
0
130680480
0
38372400
0
4273920
0
210794220
0
3981120
0
1884960
0
242812500
0
51398820
0
153522240
0
497640
0
4193280
0
5290740
0
497640
0
272213760
0
10385760
0
365775840
0
11328660
0
189206160
0
87567480
0
242812500
0
441904320
0
30911100
0
206791200
0
338607360
0
221933400
0
789381120
0
15728640
0
683437500
0
171928680
0
6283680
0
44127720
0
68839680
0
56471520
0
25559040
0
851121120
0
153522240
0
492011520
0
10385760
0
6399960
0
5148000
0
87567480
0
234796320
0
51398820
0
24494400
0
273530880
0
155477700
0
14760
0
483655680
0
671672040
0
1265880
0
202576080
0
273530880
0
44127720
0
28964040
0
28697760
0
202576080
0
30911100
0
48682620
0
768271140
0
1487160
0
51398820
0
95178240
0
253015620
0
63651840
0
354960
0
242812500
0
2799360
0
39617280
0
2576640
0
401156280
0
90592320
0
190312500
0
6399960
0
497640
0
50269440
0
66780
0
51398820
0
22394880
0
404422980
0
304711680
0
4548960
0
2799360
0
779520
0
399360
0
15728640
0
199980
0
2576640
0
595539360
0
568620
0
60
0
66846720
0
322080
0
38372400
0
171928680
0
2576640
0
31886460
0
25848900
0
210794220
0
12187500
0
5148000
0
20613120
0
55238040
0
1484340
0
35762220
0
273530880
0
330134220
0
117657540
0
199977120
0
253015620
0
308855040
0
24642240
0
120120
0
232427520
0
134191200
0
543118380
0
49920
0
1487160
0
158159040
0
24642240
0
35772660
0
113137920
0
306479880
0
1966080
0
20613120
0
71411340
0
68839680
0
372726900
0
105043680
0
3779100
0
3220140
0
643500
0
43740
0
12180
0
11166960
0
28697760
0
39389280
0
44127720
0
1063860
0
1609080
0
33546240
0
330936840
0
44127720
0
29417700
0
1487160
0
19306560
0
