25761120
0
619020
0
11166960
0
16320
0
306479880
0
1599840
0
10127040
0
19306560
0
29053440
0
664688640
0
44127720
0
779520
0
235620
0
140492880
0
4200
0
199980
0
188398080
0
92820
0
117657540
0
235341600
0
92820
0
12187500
0
153522240
0
1265880
0
112738560
0
721337760
0
190312500
0
230625000
0
43740
0
277680
0
12187500
0
63651840
0
568620
0
330936840
0
281578140
0
5148000
0
112738560
0
273530880
0
143320320
0
7687680
0
121196460
0
143320320
0
67665780
0
242812500
0
2150400
0
121196460
0
15540
0
260071200
0
721337760
0
441904320
0
52005720
0
316953780
0
121196460
0
25616280
0
105043680
0
433857060
0
232427520
0
35762220
0
411549120
0
515332440
0
2943720
0
21469980
0
98672640
0
246546300
0
1484340
0
14092320
0
2799360
0
5678340
0
63957960
0
227813040
0
110253720
0
634845960
0
4548960
0
1884960
0
64219680
0
426677160
0
3080280
0
235620
0
16773900
0
7157280
0
5148000
0
543118380
0
453960
0
994560
0
232427520
0
426677160
0
89335680
0
30232800
0
24997140
0
742560
0
1063860
0
4952160
0
60
0
2839680
0
86651040
0
206791200
0
24494400
0
304711680
0
24997140
0
49889280
0
58581600
0
451772160
0
885360000
0
171928680
0
389460960
0
8168160
0
112738560
0
451772160
0
1518720
0
22394880
0
349920
0
12334080
0
2097120
0
235620
0
154611600
0
7157280
0
741008580
0
101474160
0
768271140
0
143025960
0
1487160
0
664688640
0
322080
0
116798700
0
289608540
0
155477700
0
86889660
0
441904320
0
1487160
0
4273920
0
3080280
0
171928680
0
87567480
0
273530880
0
144788220
0
4273920
0
4952160
0
190312500
0
308855040
0
2150400
0
245760
0
118080
0
7687680
0
568620
0
399360
0
154452480
0
8510880
0
316953780
0
571290720
0
90592320
0
79225440
0
322080
0
8168160
0
210794220
0
66846720
0
50269440
0
48682620
0
780
0
643500
0
71411340
0
365775840
0
289608540
0
10385760
0
24494400
0
1075620
0
8879220
0
97198080
0
5088720
0
45721980
0
97440
0
38088960
0
92820
0
192720
0
473786040
0
23549760
0
399360
0
50269440
0
11324040
0
329472000
0
11166960
0
483655680
0
76878420
0
45426720
0
190312500
0
94997760
0
32629800
0
11328660
0
14847360
0
10760040
0
30911100
0
399360
0
16335060
0
110670000
0
97198080
0
51398820
0
4200
0
97440
0
568620
0
404422980
0
426677160
0
124126860
0
14760
0
524160
0
5940480
0
110253720
0
86651040
0
77482020
0
399360
0
101474160
0
851121120
0
64219680
0
2839680
0
29053440
0
71033760
0
68839680
0
2839680
0
66780
0
63957960
0
24494400
0
67665780
0
30232800
0
255091680
0
45426720
0
399360
0
40709760
0
8027460
0
190312500
0
25616280
0
21603600
0
202576080
0
183726960
0
97198080
0
143025960
0
3779100
0
7157280
0
25559040
0
571290720
0
664688640
0
1518720
0
789381120
0
2441400
0
937500
0
39389280
0
41184000
0
3036540
0
158159040
0
477835320
0
44127720
0
1075620
0
1541760
0
110253720
0
515332440
0
272213760
0
17335980
0
1855920
0
426677160
0
273530880
0
25559040
0
158159040
0
22717440
0
260071200
0
11166960
0
135878400
0
994560
0
221933400
0
94997760
0
369609240
0
4273920
0
35762220
0
30720
0
6283680
0
492011520
0
130680480
0
68839680
0
30720
0
242812500
0
255091680
0
5148000
0
63957960
0
4273920
0
153522240
0
1541760
0
16984800
0
197137920
0
189206160
0
71033760
0
77482020
0
38606880
0
165465300
0
1265880
0
414523980
0
12187500
0
101474160
0
515332440
0
43740
0
90592320
0
20613120
0
664688640
0
117657540
0
34026720
0
4952160
0
25616280
0
1484340
0
1761540
0
1044480
0
483655680
0
135878400
0
1609080
0
230625000
0
721337760
0
40260
0
1518720
0
20613120
0
12187500
0
102389760
0
4200
0
11328660
0
49970760
0
63957960
0
480
0
15925200
0
55238040
0
25559040
0
5127780
0
628806420
0
71033760
0
734129760
0
885360000
0
118778880
0
49889280
0
426677160
0
15079680
0
235341600
0
34026720
0
1966080
0
568620
0
354960
0
15079680
0
20613120
0
2576640
0
118778880
0
316953780
0
63969360
0
8355840
0
71411340
0
338607360
0
316953780
0
2943720
0
1044480
0
172828800
0
87567480
0
7557120
0
66780
0
1063860
0
12187500
0
1487160
0
68087040
0
71033760
0
81016320
0
306479880
0
183726960
0
994560
0
905103360
0
615027360
0
3036540
0
304711680
0
354960
0
4952160
0
322080
0
7557120
0
105043680
0
3220140
0
851121120
0
155477700
0
41184000
0
11166960
0
994560
0
306479880
0
905103360
0
2576640
0
483655680
0
12180
0
79476240
0
29053440
0
56471520
0
153522240
0
19306560
0
1063860
0
86651040
0
106293660
0
235620
0
12798720
0
32629800
0
124126860
0
20613120
0
31886460
0
322080
0
8168160
0
6399960
0
7557120
0
2040
0
3631680
0
45721980
0
24494400
0
779520
0
664688640
0
905103360
0
511754880
0
8168160
0
19306560
0
66780
0
40260
0
157728480
0
45721980
0
426677160
0
10127040
0
2221440
0
33546240
0
7157280
0
24642240
0
172828800
0
742560
0
106293660
0
24997140
0
43740
0
4200
0
32629800
0
94997760
0
189206160
0
8879220
0
571290720
0
55238040
0
29053440
0
86889660
0
81016320
0
19190280
0
189206160
0
8168160
0
30911100
0
721337760
0
6399960
0
30911100
0
12187500
0
117657540
0
9903180
0
619856160
0
17203200
0
12180
0
77482020
0
97198080
0
1761540
0
330134220
0
401156280
0
272213760
0
1075620
0
130560
0
28964040
0
16984800
0
257084100
0
118080
0
671672040
0
121196460
0
2221440
0
4193280
0
1484340
0
87567480
0
477835320
0
329472000
0
6399960
0
116798700
0
11166960
0
65520
0
571290720
0
192720
0
671672040
0
22394880
0
372726900
0
4761120
0
19306560
0
110253720
0
253015620
0
143320320
0
404422980
0
354960
0
48354240
0
24494400
0
118080
0
20613120
0
71033760
0
1484340
0
404422980
0
1021020
0
39389280
0
66780
0
14142240
0
39389280
0
643500
0
49889280
0
2413320
0
22394880
0
