6240
0
628806420
0
365775840
0
1021020
0
1265880
0
40709760
0
32629800
0
43740
0
291133440
0
110253720
0
349920
0
76878420
0
1884960
0
19190280
0
671672040
0
197137920
0
86651040
0
671672040
0
4548960
0
24292320
0
5290740
0
71033760
0
330134220
0
118080
0
52005720
0
79225440
0
10385760
0
35772660
0
24494400
0
483655680
0
189206160
0
94997760
0
235620
0
95178240
0
40260
0
41184000
0
31886460
0
112738560
0
157728480
0
235341600
0
3631680
0
10385760
0
24494400
0
7157280
0
255000000
0
473786040
0
994560
0
242812500
0
89335680
0
232427520
0
8355840
0
15925200
0
116798700
0
905103360
0
117657540
0
63969360
0
404422980
0
22717440
0
44127720
0
124320
0
2943720
0
79476240
0
24292320
0
19769880
0
741008580
0
56471520
0
234796320
0
134191200
0
349920
0
402541920
0
16320
0
2441400
0
671672040
0
1855920
0
61501440
0
2040
0
306479880
0
7157280
0
6240
0
513757440
0
365775840
0
7157280
0
247288800
0
8510880
0
8027460
0
38606880
0
5088720
0
153522240
0
17203200
0
402541920
0
619020
0
4253340
0
112738560
0
16984800
0
2097120
0
49889280
0
937500
0
39617280
0
242812500
0
40260
0
19190280
0
11874720
0
117657540
0
643500
0
1884960
0
6240
0
199980
0
44127720
0
130560
0
1541760
0
14760
0
291133440
0
2441400
0
35762220
0
1518720
0
24642240
0
197137920
0
20613120
0
3220140
0
42325920
0
116798700
0
399360
0
2839680
0
12334080
0
140492880
0
25761120
0
5148000
0
9783840
0
11328660
0
17335980
0
202576080
0
124320
0
330134220
0
273530880
0
124126860
0
29053440
0
5127780
0
48893460
0
155477700
0
135878400
0
10127040
0
44127720
0
281578140
0
6283680
0
25559040
0
105043680
0
7157280
0
257084100
0
568620
0
12334080
0
316953780
0
95178240
0
24494400
0
308855040
0
246546300
0
165465300
0
306979200
0
106293660
0
51398820
0
291133440
0
1044480
0
197137920
0
165465300
0
369609240
0
7157280
0
1518720
0
24642240
0
4548960
0
189206160
0
40260
0
92820
0
255091680
0
245760
0
120120
0
2441400
0
1487160
0
61501440
0
2799360
0
118080
0
140492880
0
39389280
0
1599840
0
2441400
0
595140
0
7557120
0
7557120
0
414523980
0
15381600
0
330936840
0
155477700
0
81016320
0
714685440
0
365775840
0
595539360
0
22717440
0
79476240
0
43740
0
404422980
0
414523980
0
165465300
0
15540
0
780
0
411549120
0
24642240
0
7557120
0
306479880
0
165465300
0
453960
0
235620
0
21469980
0
17335980
0
628806420
0
118080
0
2413320
0
63957960
0
25616280
0
1609080
0
125829120
0
23549760
0
402541920
0
492011520
0
3779100
0
664688640
0
546786240
0
48893460
0
615027360
0
15079680
0
95178240
0
7557120
0
780
0
188398080
0
635809920
0
369609240
0
16776960
0
21469980
0
8168160
0
683437500
0
2040
0
31875000
0
483655680
0
144788220
0
330936840
0
851121120
0
94997760
0
192720
0
130680480
0
11874720
0
2150400
0
255000000
0
511754880
0
4548960
0
399360
0
24494400
0
102389760
0
97198080
0
714685440
0
48893460
0
4761120
0
329472000
0
165465300
0
76878420
0
35772660
0
1484340
0
10127040
0
7322700
0
150265440
0
789381120
0
63651840
0
492011520
0
1265880
0
404422980
0
38606880
0
165465300
0
230625000
0
1487160
0
201311040
0
77482020
0
10760040
0
291133440
0
426677160
0
66780
0
14847360
0
369609240
0
6240
0
257084100
0
2576640
0
30232800
0
33546240
0
89335680
0
135878400
0
291133440
0
30911100
0
32629800
0
477835320
0
316953780
0
121196460
0
86889660
0
3220140
0
5148000
0
143025960
0
33600
0
671672040
0
14847360
0
51398820
0
22394880
0
330936840
0
1855920
0
330134220
0
124320
0
7687680
0
52005720
0
16335060
0
63651840
0
117657540
0
1487160
0
3080280
0
23549760
0
49920
0
113137920
0
401156280
0
2576640
0
110253720
0
38088960
0
76878420
0
51398820
0
23549760
0
11328660
0
50269440
0
683437500
0
414523980
0
4193280
0
242812500
0
322080
0
734129760
0
39617280
0
38372400
0
120120
0
232427520
0
253015620
0
232427520
0
48354240
0
98672640
0
433857060
0
2150400
0
40709760
0
19190280
0
23549760
0
39617280
0
157728480
0
165465300
0
165465300
0
232427520
0
63969360
0
11324040
0
23549760
0
112738560
0
41184000
0
14142240
0
3631680
0
113137920
0
43740
0
4761120
0
2576640
0
714685440
0
1021020
0
609522420
0
102389760
0
102389760
0
12798720
0
3840
0
426677160
0
4273920
0
1609080
0
45426720
0
17203200
0
79225440
0
480000000
0
734129760
0
306479880
0
8168160
0
199980
0
199977120
0
140492880
0
1884960
0
14847360
0
201311040
0
595539360
0
399360
0
734129760
0
11328660
0
3036540
0
5148000
0
329472000
0
635809920
0
515332440
0
51398820
0
227813040
0
40260
0
1855920
0
234796320
0
571290720
0
32629800
0
153522240
0
1966080
0
2839680
0
42325920
0
117657540
0
22394880
0
4273920
0
2040
0
201311040
0
322080
0
714685440
0
143320320
0
39617280
0
1075620
0
2040
0
12334080
0
110670000
0
95178240
0
235341600
0
683437500
0
291133440
0
15925200
0
17203200
0
281578140
0
628806420
0
98672640
0
2799360
0
6399960
0
11324040
0
255000000
0
227813040
0
14142240
0
232427520
0
683437500
0
18783180
0
1761540
0
24494400
0
39389280
0
134191200
0
7557120
0
63957960
0
546786240
0
25616280
0
330936840
0
67108800
0
50269440
0
44127720
0
24997140
0
8168160
0
199977120
0
81016320
0
67108800
0
40709760
0
322080
0
51443640
0
3840
0
6044280
0
1518720
0
232427520
0
1966080
0
49889280
0
2441400
0
534240
0
16320
0
453960
0
235341600
0
79225440
0
780000000
0
143320320
0
1518720
0
628806420
0
8168160
0
35772660
0
12187500
0
25616280
0
8510880
0
365775840
0
1518720
0
49889280
0
221933400
0
68839680
0
369609240
0
10760040
0
1484340
0
1884960
0
22717440
0
79225440
0
260071200
0
172828800
0
515332440
0
3220140
0
124320
0
5678340
0
153522240
0
130560
0
260071200
0
79225440
0
369609240
0
