76878420
0
12187500
0
1966080
0
628806420
0
50269440
0
349920
0
23549760
0
28964040
0
664688640
0
3080280
0
1518720
0
50269440
0
63651840
0
44127720
0
5127780
0
4273920
0
40260
0
789381120
0
273530880
0
116798700
0
404422980
0
232427520
0
172828800
0
6236160
0
202576080
0
8879220
0
87567480
0
58581600
0
615027360
0
643500
0
143025960
0
30720
0
79225440
0
4200
0
6240
0
372726900
0
105043680
0
11328660
0
118080
0
4273920
0
64219680
0
48682620
0
306479880
0
19769880
0
210794220
0
42325920
0
29053440
0
330134220
0
30232800
0
568620
0
40709760
0
4825860
0
64219680
0
199980
0
14760
0
124126860
0
426677160
0
86651040
0
780
0
20613120
0
16335060
0
30232800
0
76878420
0
165465300
0
1855920
0
6240
0
58581600
0
534240
0
45426720
0
5127780
0
17203200
0
38606880
0
63651840
0
101474160
0
234796320
0
38372400
0
372726900
0
35772660
0
29053440
0
2040
0
24997140
0
230625000
0
779520
0
289608540
0
741008580
0
5940480
0
372726900
0
4273920
0
81016320
0
24642240
0
6399960
0
51398820
0
8168160
0
2221440
0
255091680
0
19190280
0
441904320
0
5678340
0
308855040
0
16776960
0
91766220
0
202576080
0
780
0
91766220
0
11328660
0
5290740
0
411549120
0
3220140
0
4548960
0
272213760
0
197137920
0
49920
0
16776960
0
1487160
0
7557120
0
157728480
0
480000000
0
38088960
0
10127040
0
49889280
0
2441400
0
66846720
0
9783840
0
165465300
0
30720
0
306979200
0
369609240
0
4193280
0
232427520
0
451772160
0
21469980
0
411549120
0
7322700
0
25761120
0
24292320
0
255000000
0
32629800
0
112738560
0
635809920
0
349920
0
24642240
0
4200
0
130680480
0
483655680
0
130680480
0
235620
0
372726900
0
125829120
0
369609240
0
6236160
0
255091680
0
281578140
0
643500
0
9783840
0
12187500
0
4825860
0
595539360
0
5940480
0
260071200
0
15728640
0
619020
0
14092320
0
33546240
0
165465300
0
8168160
0
3779100
0
3840
0
338607360
0
79225440
0
4952160
0
116798700
0
253015620
0
6399960
0
56471520
0
255091680
0
11166960
0
7500000
0
134191200
0
14847360
0
49889280
0
615027360
0
63957960
0
10127040
0
38372400
0
76878420
0
260071200
0
102389760
0
31886460
0
609522420
0
734129760
0
38372400
0
4273920
0
338607360
0
441904320
0
142172160
0
960960
0
97440
0
16335060
0
71033760
0
41184000
0
543118380
0
97500000
0
330134220
0
24494400
0
43740
0
308855040
0
117657540
0
615027360
0
14092320
0
937500
0
245760
0
24642240
0
546786240
0
543118380
0
97198080
0
253015620
0
1599840
0
619856160
0
515332440
0
155477700
0
30911100
0
2413320
0
55238040
0
66780
0
480000000
0
372726900
0
246546300
0
1044480
0
106293660
0
49920
0
165465300
0
399360
0
609522420
0
66780
0
291133440
0
48354240
0
2097120
0
7557120
0
171928680
0
40260
0
6044280
0
741008580
0
1044480
0
64219680
0
40260
0
44127720
0
2441400
0
158159040
0
71033760
0
43740
0
546786240
0
1855920
0
30911100
0
768271140
0
10760040
0
515332440
0
330936840
0
97198080
0
38088960
0
255000000
0
64219680
0
11324040
0
3840
0
95178240
0
338607360
0
42325920
0
7157280
0
5127780
0
4761120
0
140492880
0
480000000
0
9903180
0
8027460
0
433857060
0
4193280
0
255091680
0
40260
0
16984800
0
768271140
0
10127040
0
19769880
0
628806420
0
268800
0
67665780
0
15728640
0
513757440
0
44127720
0
615027360
0
14142240
0
780
0
6399960
0
5290740
0
615027360
0
97440
0
2150400
0
402541920
0
4273920
0
63969360
0
95178240
0
515332440
0
101474160
0
253015620
0
4952160
0
134191200
0
247288800
0
615027360
0
60
0
664688640
0
155477700
0
65520
0
619856160
0
16773900
0
619020
0
40709760
0
48354240
0
49970760
0
8355840
0
28964040
0
68839680
0
643500
0
67108800
0
15381600
0
742560
0
734129760
0
2799360
0
81016320
0
94997760
0
789381120
0
19769880
0
543118380
0
16335060
0
937500
0
329472000
0
4952160
0
1044480
0
81016320
0
206791200
0
16984800
0
113137920
0
14092320
0
905103360
0
4193280
0
255000000
0
23549760
0
134191200
0
105043680
0
172828800
0
6399960
0
171928680
0
17335980
0
492011520
0
619020
0
39617280
0
5088720
0
851121120
0
15925200
0
4273920
0
1518720
0
92820
0
190312500
0
7322700
0
5088720
0
102389760
0
81016320
0
268800
0
1884960
0
477835320
0
71411340
0
741008580
0
643500
0
81016320
0
885360000
0
90167220
0
15728640
0
389460960
0
595140
0
399360
0
135878400
0
671672040
0
453960
0
154611600
0
5148000
0
81016320
0
39389280
0
635809920
0
143320320
0
369609240
0
67108800
0
197137920
0
210794220
0
16773900
0
6236160
0
4548960
0
619020
0
124126860
0
789381120
0
38372400
0
5148000
0
118778880
0
1541760
0
106293660
0
1609080
0
134191200
0
16984800
0
63969360
0
524936940
0
210794220
0
595539360
0
63651840
0
105043680
0
14760
0
7687680
0
183726960
0
6240
0
937500
0
497640
0
232427520
0
4548960
0
38372400
0
24494400
0
257084100
0
2943720
0
7322700
0
6240
0
201311040
0
142172160
0
11328660
0
246546300
0
543118380
0
664688640
0
154611600
0
3631680
0
619020
0
142172160
0
31875000
0
3036540
0
2943720
0
48354240
0
3036540
0
94997760
0
21603600
0
9903180
0
58581600
0
51398820
0
329472000
0
39389280
0
125829120
0
768271140
0
16776960
0
441904320
0
134191200
0
11328660
0
5940480
0
7322700
0
242812500
0
2943720
0
95178240
0
68839680
0
369609240
0
29053440
0
101474160
0
6283680
0
25761120
0
268800
0
188398080
0
546786240
0
4273920
0
124320
0
43740
0
5290740
0
7500000
0
1487160
0
5678340
0
10385760
0
56471520
0
19306560
0
329472000
0
106293660
0
780000000
0
4952160
0
42325920
0
95178240
0
7687680
0
125829120
0
1855920
0
48354240
0
2441400
0
2943720
0
232427520
0
3631680
0
35772660
0
25616280
0
35762220
0
399360
0
260071200
0
24494400
0
68087040
0
116798700
0
25848900
0
1518720
0
