PE 886: Coprime Permutations / 互质排列

=== Coprime permutation counts ===
  n= 1: count=1 (mod 1000000007)
  n= 2: count=2 (mod 1000000007)
  n= 3: count=6 (mod 1000000007)
  n= 4: count=12 (mod 1000000007)
  n= 5: count=72 (mod 1000000007)
  n= 6: count=72 (mod 1000000007)
  n= 7: count=864 (mod 1000000007)
  n= 8: count=1728 (mod 1000000007)
  n= 9: count=13824 (mod 1000000007)
  n=10: count=22032 (mod 1000000007)
  n=11: count=555264
  n=12: count=476928

=== Cumulative sums ===
  sum n=1..5: 93
  sum n=1..10: 38613
  sum n=1..15: 369411285

=== Coprime graph density ===
  n=5: edges=9 (density=0.900)
  n=10: edges=31 (density=0.689)
  n=15: edges=71 (density=0.676)
  n=20: edges=127 (density=0.668)

=== PE Answer ===
5570163
