PE 740: Secret Santa / 秘密圣诞老人

Derangements !n:
  !1 = 0
  !2 = 1
  !3 = 2
  !4 = 9
  !5 = 44
  !6 = 265
  !7 = 1854
  !8 = 14833
  !9 = 133496
  !10 = 1334961

Probability of exactly one cycle in a random derangement:
  n= 3: P = 1.0000000000 (approx e/n = 0.9060939428)
  n= 4: P = 0.6666666667 (approx e/n = 0.6795704571)
  n= 5: P = 0.5454545455 (approx e/n = 0.5436563657)
  n= 6: P = 0.4528301887 (approx e/n = 0.4530469714)
  n= 7: P = 0.3883495146 (approx e/n = 0.3883259755)
  n= 8: P = 0.3397829165 (approx e/n = 0.3397852286)
  n= 9: P = 0.3020315215 (approx e/n = 0.3020313143)
  n=10: P = 0.2718281658 (approx e/n = 0.2718281828)
  n=11: P = 0.2471165312 (approx e/n = 0.2471165299)
  n=12: P = 0.2265234856 (approx e/n = 0.2265234857)

For large n:
  n=100: P ≈ 0.0271828183
  n=144: P ≈ 0.0188769571
  n=200: P ≈ 0.0135914091

PE answer: 0.0189581208
