PE 693: Finite sequences generator

Collatz step counts (if interpretation is step counting):
  M(1) = 0
  M(2) = 1
  M(3) = 7
  M(4) = 2
  M(5) = 5
  M(6) = 8
  M(7) = 16
  M(8) = 3
  M(9) = 19
  M(10) = 6
  M(11) = 14
  M(12) = 9
  M(13) = 9
  M(14) = 17
  M(15) = 17
  M(16) = 4
  M(17) = 12
  M(18) = 20
  M(19) = 20
  M(20) = 7
  M(21) = 7
  M(22) = 15
  M(23) = 15
  M(24) = 10
  M(25) = 23
  M(26) = 10
  M(27) = 111
  M(28) = 18
  M(29) = 18
  M(30) = 18
  M(31) = 106
  M(32) = 5
  M(33) = 26
  M(34) = 13
  M(35) = 13
  M(36) = 21
  M(37) = 21
  M(38) = 21
  M(39) = 34
  M(40) = 8
  M(41) = 109
  M(42) = 8
  M(43) = 29
  M(44) = 16
  M(45) = 16
  M(46) = 16
  M(47) = 104
  M(48) = 11
  M(49) = 24
  M(50) = 24
  Sum M(1..50) = 1066

Sequence counts with choice interpretation:
  M(1) = 1
  M(2) = 1
  M(3) = 3
  M(4) = 1
  M(5) = 2
  M(6) = 3
  M(7) = 11
  M(8) = 1
  M(9) = 12
  M(10) = 2
  M(11) = 8
  M(12) = 3
  M(13) = 5
  M(14) = 11
  M(15) = 32
  M(16) = 1
  M(17) = 6
  M(18) = 12
  M(19) = 31
  M(20) = 2
