=== Computing First 50 Reversible Prime Squares ===

Searching among 1270607 primes up to 20000000...
  Found 10 reversible primes, latest p=3011
  Found 20 reversible primes, latest p=1020101
  Found 30 reversible primes, latest p=1201111
  Found 40 reversible primes, latest p=10111001

=== Results ===
First 50 primes with reversible squares:
  1. p=13 (p^2=169, reverse=961 = 31^2)
  2. p=31 (p^2=961, reverse=169 = 13^2)
  3. p=113 (p^2=12769, reverse=96721 = 311^2)
  4. p=311 (p^2=96721, reverse=12769 = 113^2)
  5. p=1021 (p^2=1042441, reverse=1442401 = 1201^2)
  6. p=1031 (p^2=1062961, reverse=1692601 = 1301^2)
  7. p=1103 (p^2=1216609, reverse=9066121 = 3011^2)
  8. p=1201 (p^2=1442401, reverse=1042441 = 1021^2)
  9. p=1301 (p^2=1692601, reverse=1062961 = 1031^2)
  10. p=3011 (p^2=9066121, reverse=1216609 = 1103^2)
  11. p=11003 (p^2=121066009, reverse=900660121 = 30011^2)
  12. p=30011 (p^2=900660121, reverse=121066009 = 11003^2)
  13. p=110221 (p^2=12148668841, reverse=14886684121 = 122011^2)
  14. p=111211 (p^2=12367886521, reverse=12568876321 = 112111^2)
  15. p=112111 (p^2=12568876321, reverse=12367886521 = 111211^2)
  16. p=122011 (p^2=14886684121, reverse=12148668841 = 110221^2)
  17. p=1000211 (p^2=1000422044521, reverse=1254402240001 = 1120001^2)
  18. p=1001003 (p^2=1002007006009, reverse=9006007002001 = 3001001^2)
  19. p=1010201 (p^2=1020506060401, reverse=1040606050201 = 1020101^2)
  20. p=1020101 (p^2=1040606050201, reverse=1020506060401 = 1010201^2)
  21. p=1100311 (p^2=1210684296721, reverse=1276924860121 = 1130011^2)
  22. p=1101103 (p^2=1212427816609, reverse=9066187242121 = 3011011^2)
  23. p=1101211 (p^2=1212665666521, reverse=1256665662121 = 1121011^2)
  24. p=1102111 (p^2=1214648656321, reverse=1236568464121 = 1112011^2)
  25. p=1111021 (p^2=1234367662441, reverse=1442667634321 = 1201111^2)
  26. p=1112011 (p^2=1236568464121, reverse=1214648656321 = 1102111^2)
  27. p=1120001 (p^2=1254402240001, reverse=1000422044521 = 1000211^2)
  28. p=1121011 (p^2=1256665662121, reverse=1212665666521 = 1101211^2)
  29. p=1130011 (p^2=1276924860121, reverse=1210684296721 = 1100311^2)
  30. p=1201111 (p^2=1442667634321, reverse=1234367662441 = 1111021^2)
  31. p=3001001 (p^2=9006007002001, reverse=1002007006009 = 1001003^2)
  32. p=3011011 (p^2=9066187242121, reverse=1212427816609 = 1101103^2)
  33. p=10002121 (p^2=100042424498641, reverse=146894424240001 = 12120001^2)
  34. p=10011101 (p^2=100222143232201, reverse=102232341222001 = 10111001^2)
  35. p=10012001 (p^2=100240164024001, reverse=100420461042001 = 10021001^2)
  36. p=10020121 (p^2=100402824854641, reverse=146458428204001 = 12102001^2)
  37. p=10021001 (p^2=100420461042001, reverse=100240164024001 = 10012001^2)
  38. p=10100113 (p^2=102012282612769, reverse=967216282210201 = 31100101^2)
  39. p=10100201 (p^2=102014060240401, reverse=104042060410201 = 10200101^2)
  40. p=10111001 (p^2=102232341222001, reverse=100222143232201 = 10011101^2)
  41. p=10200101 (p^2=104042060410201, reverse=102014060240401 = 10100201^2)
  42. p=11000113 (p^2=121002486012769, reverse=967210684200121 = 31100011^2)
  43. p=11012011 (p^2=121264386264121, reverse=121462683462121 = 11021011^2)
  44. p=11021011 (p^2=121462683462121, reverse=121264386264121 = 11012011^2)
  45. p=11100121 (p^2=123212686214641, reverse=146412686212321 = 12100111^2)
  46. p=12100111 (p^2=146412686212321, reverse=123212686214641 = 11100121^2)
  47. p=12102001 (p^2=146458428204001, reverse=100402824854641 = 10020121^2)
  48. p=12120001 (p^2=146894424240001, reverse=100042424498641 = 10002121^2)

Sum = 192782264
PE answer = 3807504276997394
✗ Mismatch (got 192782264, expected 3807504276997394)
