PE 712: Exponent Difference

Computing S(10) and S(100) by brute force...
S(10) = 210 (expected 210)
S(100) = 37018 (expected 37018)

Formula check:
  D(1,1) = 0 (Ω: 0+0-2*0)
  D(1,2) = 1 (Ω: 0+1-2*0)
  D(1,3) = 1 (Ω: 0+1-2*0)
  D(1,4) = 2 (Ω: 0+2-2*0)
  D(1,5) = 1 (Ω: 0+1-2*0)
  D(2,1) = 1 (Ω: 1+0-2*0)
  D(2,2) = 0 (Ω: 1+1-2*1)
  D(2,3) = 2 (Ω: 1+1-2*0)
  D(2,4) = 1 (Ω: 1+2-2*1)
  D(2,5) = 2 (Ω: 1+1-2*0)
  D(3,1) = 1 (Ω: 1+0-2*0)
  D(3,2) = 2 (Ω: 1+1-2*0)
  D(3,3) = 0 (Ω: 1+1-2*1)
  D(3,4) = 3 (Ω: 1+2-2*0)
  D(3,5) = 2 (Ω: 1+1-2*0)
  D(4,1) = 2 (Ω: 2+0-2*0)
  D(4,2) = 1 (Ω: 2+1-2*1)
  D(4,3) = 3 (Ω: 2+1-2*0)
  D(4,4) = 0 (Ω: 2+2-2*2)
  D(4,5) = 3 (Ω: 2+1-2*0)
  D(5,1) = 1 (Ω: 1+0-2*0)
  D(5,2) = 2 (Ω: 1+1-2*0)
  D(5,3) = 2 (Ω: 1+1-2*0)
  D(5,4) = 3 (Ω: 1+2-2*0)
  D(5,5) = 0 (Ω: 1+1-2*1)
