PE 656: Palindromic sequences

Testing √31 (β=31): CF = [5; 1, 1, 3, 5, 3, 1, 1, 10]
  H_20(√31) = 150243655 ✓
  First 20 positions: 1 3 5 7 44 81 118 273 3158 9201 15244 21287 133765 246243 358721 829920 9600319 27971037 46341755 64712473

Testing √2 (β=2):
  First 10 palindrome positions: 1 2 7 12 41 70 239 408 1393 2378
  H_5(√2) = 63

Testing √3 (β=3):
  First 8 positions: 1 4 15 56 209 780 2911 10864

H_5 for small β:
  β=2: 63
  β=3: 285
  β=5: 119
  β=6: 143
  β=7: 340
  β=8: 1435
  β=10: 247
  β=11: 127
  β=12: 255
  β=13: 43
  β=14: 1085
  β=15: 4473
