PE 851: SOP and POS / 除数对的积与和

=== Problem Interpretation ===
For n > 1, D(n) = set of divisors of n.
SOP(n) = Σ_{a<b} a×b  (sum of products)
POS(n) = Π_{a<b} (a+b) (product of sums)

=== Small Values ===
n  τ(n)  pairs  SOP(n)       POS(n) mod 10^9+7
------------------------------------------------------------
 2     2      1             2             3
 3     2      1             3             4
 4     3      3            14            90
 5     2      1             5             6
 6     4      6            47         30240
 7     2      1             7             8
 8     4      6            70         97200
 9     3      3            39           480
10     4      6            97        249480
11     2      1            11            12
12     6     15           287     384610497
13     2      1            13            14
14     4      6           163       1088640
15     4      6           158       1105920
16     5     10           310     276735902
17     2      1            17            18
18     6     15           533     520406810
19     2      1            19            20
20     6     15           609      15504082
21     4      6           262       4730880
22     4      6           343       8525088
23     2      1            23            24
24     8     28          1375     502024776
25     3      3           155          4680
26     4      6           457      18574920
27     4      6           390      14515200
28     6     15          1043     323192293
29     2      1            29            30
30     8     28          1942     769586005

=== Examples of SOP Computation ===
n = 6
  σ₁(n) = 12
  σ₂(n) = 50
  SOP(n) = (12² - 50) / 2 = 47
  Divisor pairs: 6
n = 12
  σ₁(n) = 28
  σ₂(n) = 210
  SOP(n) = (28² - 210) / 2 = 287
  Divisor pairs: 15
n = 28
  σ₁(n) = 56
  σ₂(n) = 1050
  SOP(n) = (56² - 1050) / 2 = 1043
  Divisor pairs: 15
n = 30
  σ₁(n) = 72
  σ₂(n) = 1300
  SOP(n) = (72² - 1300) / 2 = 1942
  Divisor pairs: 28
n = 60
  σ₁(n) = 168
  σ₂(n) = 5460
  SOP(n) = (168² - 5460) / 2 = 11382
  Divisor pairs: 66

=== Cumulative SOP ===
Σ_{n=2}^{100} SOP(n) = 301155

=== Growth Analysis ===
n	SOP(n)	SOP(n)/n²	σ₁(n)
10	97	0.9700	18
30	1942	2.1578	72
60	11382	3.1617	168
100	16709	1.6709	217
200	80445	2.0111	465
500	425334	1.7013	1092

=== PE Answer ===
726358482
