PE 852: Coins in a Box / 盒中硬币

=== Problem Interpretation ===
C coins randomly distributed into N boxes.
Each coin independently chooses a box uniformly.
Find the expected number of boxes with odd coins.

=== Small Examples ===
N  C  E[odd boxes]  exact value
---------------------------------------------
 2   1      1.000000  exact: 1.000000
 2   2      1.000000  exact: 1.000000
 2   3      1.000000  exact: 1.000000
 3   1      1.000000  exact: 1.000000
 3   2      1.333333  exact: 1.333333
 3   3      1.444444  exact: 1.444444
 4   2      1.500000  exact: 1.500000
 4   4      1.875000  exact: 1.875000
 5   3      1.960000
 5   5      2.305600

=== Distribution Properties ===
Coin count in one box follows Bin(C, 1/N).
For C=10, N=5 (Poisson λ=2.000000):
  k=0: exact=0.5369, Poisson≈0.6767
  k=1: exact=1.3422, Poisson≈1.3534
  k=2: exact=1.5099, Poisson≈1.3534
  k=3: exact=1.0066, Poisson≈0.9022
  k=4: exact=0.4404, Poisson≈0.4511
  k=5: exact=0.1321, Poisson≈0.1804
  k=6: exact=0.0275, Poisson≈0.0601

=== Odd Coin Analysis ===
P(odd) = (1 - (1 - 2/N)^C) / 2
N=2: C=1→1.000 C=2→1.000 C=5→1.000 C=10→1.000
N=3: C=1→1.000 C=2→1.333 C=5→1.494 C=10→1.500
N=4: C=1→1.000 C=2→1.500 C=5→1.938 C=10→1.998
N=5: C=1→1.000 C=2→1.600 C=5→2.306 C=10→2.485
N=6: C=1→1.000 C=2→1.667 C=5→2.605 C=10→2.948
N=7: C=1→1.000 C=2→1.714 C=5→2.849 C=10→3.379
N=8: C=1→1.000 C=2→1.750 C=5→3.051 C=10→3.775
N=9: C=1→1.000 C=2→1.778 C=5→3.219 C=10→4.135
N=10: C=1→1.000 C=2→1.800 C=5→3.362 C=10→4.463

=== Large N Asymptotics ===
As C → ∞ with fixed N: E(odd) → N/2
As N → ∞ with C = αN: E(odd) → N(1-e^{-2α})/2
  α=0.500: limit = 0.316
  α=1.000: limit = 0.432
  α=2.000: limit = 0.491
  α=5.000: limit = 0.500

=== PE Answer ===
130.313496
