PE 888: 1249 Numbers / 1249数

=== First 40 1249-numbers ===
     1    11   111   112   114   119    12   121
   122   124   129    14   141   142   144   149
    19   191   192   194   199     2    21   211
   212   214   219    22   221   222   224   229
    24   241   242   244   249    29   291   292
     4

=== Count by digit length ===
  d=1: count=4 (=4^1=4)
  d=2: count=16 (=4^2=16)
  d=3: count=64 (=4^3=64)
  d=4: count=256 (=4^4=256)
  d=5: count=1024 (=4^5=1024)
  d=6: count=4096 (=4^6=4096)
  d=7: count=16384 (=4^7=16384)
  d=8: count=65536 (=4^8=65536)

=== Count ≤ N ===
  N=   100: count=20
  N=   500: count=68
  N=  1000: count=84
  N=  5000: count=276
  N= 10000: count=340

=== Sum of 1249-numbers (exact length) ===
  d=1: sum=16
  d=2: sum=704
  d=3: sum=28416
  d=4: sum=1137664
  d=5: sum=45510656

=== Sum ≤ N ===
  N=  100: sum=720
  N=  500: sum=14032
  N= 1000: sum=29136

=== PE Answer ===
227429102
