PE 728: Circle of Coins / 硬币圆

从全0到达全1的可达性 (操作: 翻转连续3枚):
  N=1: 可达, min_ops=1
  N=2: 可达, min_ops=2
  N=3: 不可达
  N=4: 可达, min_ops=4
  N=5: 可达, min_ops=5
  N=6: 不可达
  N=7: 可达, min_ops=7
  N=8: 可达, min_ops=8
  N=9: 不可达
  N=10: 可达, min_ops=10
  N=11: 可达, min_ops=11
  N=12: 不可达
  N=13: 可达, min_ops=13
  N=14: 可达, min_ops=14
  N=15: 不可达
  N=16: 可达, min_ops=16
  N=17: 可达, min_ops=17
  N=18: 不可达
  N=19: 可达, min_ops=19
  N=20: 可达, min_ops=20

解的模式:
  N=1: 1 次操作
  N=2: 2 次操作
  N=4: 4 次操作
  N=5: 5 次操作
  N=7: 7 次操作
  N=8: 8 次操作
  N=10: 10 次操作
  N=11: 11 次操作

操作向量空间的维数 (GF(2)):
  N=1: rank=1, 可达状态数=2^1=2
  N=2: rank=2, 可达状态数=2^2=4
  N=3: rank=1, 可达状态数=2^1=2
  N=4: rank=4, 可达状态数=2^4=16
  N=5: rank=5, 可达状态数=2^5=32
  N=6: rank=4, 可达状态数=2^4=16
  N=7: rank=7, 可达状态数=2^7=128
  N=8: rank=8, 可达状态数=2^8=256
  N=9: rank=7, 可达状态数=2^7=128
  N=10: rank=10, 可达状态数=2^10=1024
  N=11: rank=11, 可达状态数=2^11=2048
  N=12: rank=10, 可达状态数=2^10=1024
  N=13: rank=13, 可达状态数=2^13=8192
  N=14: rank=14, 可达状态数=2^14=16384
  N=15: rank=13, 可达状态数=2^13=8192
  N=16: rank=16, 可达状态数=2^16=65536
  N=17: rank=17, 可达状态数=2^17=131072
  N=18: rank=16, 可达状态数=2^16=65536
  N=19: rank=19, 可达状态数=2^19=524288
  N=20: rank=20, 可达状态数=2^20=1048576

PE 答案: 709874991
