PE 881: Divisor Graph Width / 约数图宽度

=== Small N width examples ===
  N=  1: width=     1
  N=  2: width=     1
  N=  3: width=     1
  N=  4: width=     1
  N=  5: width=     1
  N=  6: width=     2
  N=  7: width=     1
  N=  8: width=     1
  N=  9: width=     1
  N= 10: width=     2
  N= 11: width=     1
  N= 12: width=     2
  N= 13: width=     1
  N= 14: width=     2
  N= 15: width=     2
  N= 16: width=     1
  N= 17: width=     1
  N= 18: width=     2
  N= 19: width=     1
  N= 20: width=     2
  N= 21: width=     2
  N= 22: width=     2
  N= 23: width=     1
  N= 24: width=     2
  N= 25: width=     1
  N= 26: width=     2
  N= 27: width=     1
  N= 28: width=     2
  N= 29: width=     1
  N= 30: width=     3

=== Highly composite numbers ===
  N=   1: width=1
  N=   2: width=1
  N=   4: width=1
  N=   6: width=2
  N=  12: width=2
  N=  24: width=2
  N=  36: width=3
  N=  48: width=2
  N=  60: width=4
  N= 120: width=4
  N= 180: width=5
  N= 240: width=4
  N= 360: width=6
  N= 720: width=6
  N= 840: width=8

=== Sum of widths up to N ===
  N=  10: sum=12
  N=  20: sum=27
  N=  50: sum=79
  N= 100: sum=178

=== Factorial widths ===
  1!: width=1
  2!: width=1
  3!: width=2
  4!: width=2
  5!: width=4
  6!: width=6
  7!: width=12
  8!: width=12
  9!: width=20
  10!: width=30

=== PE Answer ===
205702861096933200
