PE 782: Distinct Rows and Columns / 不同行列

=== Small matrix enumeration ===
  1×1 matrix: 2 matrices with distinct rows & columns
  1×2 matrix: 2 matrices with distinct rows & columns
  2×1 matrix: 2 matrices with distinct rows & columns
  2×2 matrix: 10 matrices with distinct rows & columns
  2×3 matrix: 24 matrices with distinct rows & columns
  3×2 matrix: 24 matrices with distinct rows & columns

=== Distinct rows only (column constraint ignored) ===
  1×1: distinct-rows upper bound = 2
  1×2: distinct-rows upper bound = 4
  1×3: distinct-rows upper bound = 8
  1×4: distinct-rows upper bound = 16
  1×5: distinct-rows upper bound = 32
  2×1: distinct-rows upper bound = 2
  2×2: distinct-rows upper bound = 12
  2×3: distinct-rows upper bound = 56
  2×4: distinct-rows upper bound = 240
  2×5: distinct-rows upper bound = 992
  3×2: distinct-rows upper bound = 24
  3×3: distinct-rows upper bound = 336
  3×4: distinct-rows upper bound = 3360
  3×5: distinct-rows upper bound = 29760
  4×2: distinct-rows upper bound = 24
  4×3: distinct-rows upper bound = 1680
  4×4: distinct-rows upper bound = 43680
  4×5: distinct-rows upper bound = 863040
  5×3: distinct-rows upper bound = 6720
  5×4: distinct-rows upper bound = 524160
  5×5: distinct-rows upper bound = 24165120

=== Combinatorial bounds ===
  For m×n matrix with both distinct rows and columns:
  - Upper bound: min(P(2^n, m), P(2^m, n))
  - Necessarily: m ≤ 2^n and n ≤ 2^m
  - The problem is related to set systems and combinatorial designs
  - Special case: m=n gives a symmetric design
