PE 755: Direct Zeckendorf Optimization / 直接Zeck优化

Zeckendorf representations (n = 1..20):
   1 = 1  (1 terms)
   2 = 2  (1 terms)
   3 = 3  (1 terms)
   4 = 3 + 1  (2 terms)
   5 = 5  (1 terms)
   6 = 5 + 1  (2 terms)
   7 = 5 + 2  (2 terms)
   8 = 8  (1 terms)
   9 = 8 + 1  (2 terms)
  10 = 8 + 2  (2 terms)
  11 = 8 + 3  (2 terms)
  12 = 8 + 3 + 1  (3 terms)
  13 = 13  (1 terms)
  14 = 13 + 1  (2 terms)
  15 = 13 + 2  (2 terms)
  16 = 13 + 3  (2 terms)
  17 = 13 + 3 + 1  (3 terms)
  18 = 13 + 5  (2 terms)
  19 = 13 + 5 + 1  (3 terms)
  20 = 13 + 5 + 2  (3 terms)

Sum of Zeckendorf term counts:
  S(10) = 15
  S(20) = 38
  S(50) = 115
  S(100) = 264
  S(200) = 610
  S(500) = 1774
  S(1000) = 4005

Sum of term counts for n < F_{m+2}:
  m= 1 (F_{3}=    2): formula=1 actual=1 ✓
  m= 2 (F_{4}=    3): formula=2 actual=2 ✓
  m= 3 (F_{5}=    5): formula=5 actual=5 ✓
  m= 4 (F_{6}=    8): formula=10 actual=10 ✓
  m= 5 (F_{7}=   13): formula=20 actual=20 ✓
  m= 6 (F_{8}=   21): formula=38 actual=38 ✓
  m= 7 (F_{9}=   34): formula=71 actual=71 ✓
  m= 8 (F_{10}=   55): formula=130 actual=130 ✓
  m= 9 (F_{11}=   89): formula=235 actual=235 ✓
  m=10 (F_{12}=  144): formula=420 actual=420 ✓
  m=11 (F_{13}=  233): formula=744 actual=744 ✓
  m=12 (F_{14}=  377): formula=1308 actual=1308 ✓

PE answer: 2877071595975576960
