PE 882: Removing the Joker / 去掉鬼牌

=== Card probabilities with joker ===
Deck: 52 standard + 1 joker = 53 cards

=== Probability of drawing at least one Ace in 5 draws ===
  1 draws: 153846155 (mod 1000000007)
  2 draws: 357466066 (mod 1000000007)
  3 draws: 928868785 (mod 1000000007)
  4 draws: 812226435 (mod 1000000007)
  5 draws: 577874231 (mod 1000000007)
  6 draws: 422310466 (mod 1000000007)
  7 draws: 168196511 (mod 1000000007)
  8 draws: 264356822 (mod 1000000007)
  9 draws: 785778933 (mod 1000000007)
  10 draws: 433613449 (mod 1000000007)

=== Expected draws for first Ace (with joker) ===
  P(X= 1) = 0.094340
  P(X= 2) = 0.087083
  P(X= 3) = 0.080253
  P(X= 4) = 0.073832
  P(X= 5) = 0.067805
  P(X= 6) = 0.062155
  P(X= 7) = 0.056865
  P(X= 8) = 0.051920
  P(X= 9) = 0.047305
  P(X=10) = 0.043005
  P(X=11) = 0.039004
  P(X=12) = 0.035290
  P(X=13) = 0.031847
  P(X=14) = 0.028662
  P(X=15) = 0.025722
  P(X=16) = 0.023015
  P(X=17) = 0.020527
  P(X=18) = 0.018246
  P(X=19) = 0.016161
  P(X=20) = 0.014259
  P(X=21) = 0.012531
  P(X=22) = 0.010965
  P(X=23) = 0.009550
  P(X=24) = 0.008277
  P(X=25) = 0.007135
  P(X=26) = 0.006116
  P(X=27) = 0.005210
  P(X=28) = 0.004408
  P(X=29) = 0.003703
  P(X=30) = 0.003086
  P(X=31) = 0.002549
  P(X=32) = 0.002086
  P(X=33) = 0.001688
  P(X=34) = 0.001351
  P(X=35) = 0.001066
  P(X=36) = 0.000829
  P(X=37) = 0.000634
  P(X=38) = 0.000476
  P(X=39) = 0.000349
  P(X=40) = 0.000249
  P(X=41) = 0.000172
  P(X=42) = 0.000115
  P(X=43) = 0.000073
  P(X=44) = 0.000044
  P(X=45) = 0.000024
  P(X=46) = 0.000012
  P(X=47) = 0.000005
  P(X=48) = 0.000002
  P(X=49) = 0.000000
  P(X=50) = 0.000000
  P(X=51) = 0.000000
  P(X=52) = 0.000000
  P(X=53) = 0.000000

=== Expected value computation ===
Sum result (mod 1000000007): 870132012

=== PE Answer ===
15800662276
