PE 878: XOR Decimals / 异或小数

=== XOR-product Recap ===
7 ⊗ 3 = 9 (expected 9)
5 ⊗ 6 = 30

=== Equation Values for Small (a,b) ===
LHS = (a⊗a) ⊕ (2⊗a⊗b) ⊕ (b⊗b)
   a   b  lhs
   0   0     0
   0   1     1
   0   2     4
   0   3     5
   0   4    16
   0   5    17
   0   6    20
   0   7    21
   0   8    64
   0   9    65
   0  10    68
   1   1     2
   1   2     1
   1   3     2
   1   4    25
   1   5    26
   1   6    25
   1   7    26
   1   8    81
   1   9    82
   1  10    81
   2   2     8
   2   3    13
   2   4     4
   2   5     1
   2   6     8
   2   7    13
   2   8   100
   2   9    97
   2  10   104
   3   3    10
   3   4    13
   3   5    10
   3   6     5
   3   7     2
   3   8   117
   3   9   114
   3  10   125
   4   4    32
   4   5    41
   4   6    52
   4   7    61
   4   8    16
   4   9    25
   4  10     4
   5   5    34
   5   6    57
   5   7    50
   5   8     1
   5   9    10
   5  10    17
   6   6    40
   6   7    37
   6   8    52
   6   9    57
   6  10    40
   7   7    42
   7   8    37
   7   9    42
   7  10    61
   8   8   128
   8   9   145
   8  10   164
   9   9   130
   9  10   177
  10  10   136

=== G(N,m) for Small Parameters ===
G(  5,   5) = 9
G( 10,   5) = 13
G( 10,  10) = 18
G( 20,  10) = 22
G( 30,  20) = 42

Verification for G(1000, 100)...
G(1000, 100) = 398 (expected 398) ✓
