PE 865: Trillion Zeckendorf Representation / 万亿Zeckendorf表示

=== Fibonacci numbers (F_2, F_3, ...) ===
F_2 = 1
F_3 = 2
F_4 = 3
F_5 = 5
F_6 = 8
F_7 = 13
F_8 = 21
F_9 = 34
F_10 = 55
F_11 = 89
F_12 = 144
F_13 = 233
F_14 = 377
F_15 = 610
F_16 = 987

=== Zeckendorf representations (1-20) ===
 1 = 1 (1 terms)
 2 = 2 (1 terms)
 3 = 3 (1 terms)
 4 = 1 + 3 (2 terms)
 5 = 5 (1 terms)
 6 = 1 + 5 (2 terms)
 7 = 2 + 5 (2 terms)
 8 = 8 (1 terms)
 9 = 1 + 8 (2 terms)
10 = 2 + 8 (2 terms)
11 = 3 + 8 (2 terms)
12 = 1 + 3 + 8 (3 terms)
13 = 13 (1 terms)
14 = 1 + 13 (2 terms)
15 = 2 + 13 (2 terms)
16 = 3 + 13 (2 terms)
17 = 1 + 3 + 13 (3 terms)
18 = 5 + 13 (2 terms)
19 = 1 + 5 + 13 (3 terms)
20 = 2 + 5 + 13 (3 terms)

=== Average Zeckendorf term counts ===
N=10^1: avg terms = 1.500000000
N=10^2: avg terms = 2.640000000
N=10^3: avg terms = 4.005000000
N=10^4: avg terms = 5.281600000
N=10^5: avg terms = 6.582120000

=== Zeckendorf term count distribution (N=100) ===
1 terms: 10 times
2 terms: 33 times
3 terms: 41 times
4 terms: 15 times
5 terms: 1 times

=== PE Answer ===
761181918
