115818
520613
97402
115818
115818
65511
19026
115818
115818
115818
379853
115818
379853
115818
115818
676447
676447
25258
115818
852810
115818
115818
115818
115818
115818
115818
115818
449468
852810
852810
676447
115818
115818
504
596697
115818
115818
520613
115818
115818
379853
676447
53226
115818
520613
31626
449468
19026
115818
852810
115818
115818
115818
379853
13462
379853
115818
115818
596697
676447
115818
115818
8442
115818
115818
115818
31626
115818
676447
13462
13462
115818
115818
115818
115818
8442
19026
178838
449468
8442
676447
115818
764080
115818
115818
115818
115818
115818
65511
852810
379853
53226
65511
115818
852810
115818
115818
115818
115818
115818
852810
65511
115818
379853
115818
115818
115818
852810
676447
115818
852810
115818
115818
2898
115818
676447
115818
115818
676447
115818
115818
31626
115818
115818
852810
178838
115818
852810
676447
115818
115818
852810
115818
115818
31626
178838
115818
31626
31626
80106
676447
97402
115818
115818
379853
53226
520613
2898
53226
596697
596697
53226
676447
115818
596697
115818
115818
596697
115818
115818
676447
115818
115818
115818
676447
53226
8442
379853
676447
115818
520613
115818
115818
