520613
115818
115818
596697
115818
676447
115818
115818
80106
379853
596697
676447
115818
449468
80106
115818
676447
31626
520613
115818
520613
115818
115818
115818
115818
115818
115818
115818
8442
115818
520613
520613
65511
97402
97402
852810
520613
676447
31626
115818
115818
97402
115818
115818
115818
80106
115818
115818
115818
5518
178838
65511
115818
115818
520613
115818
19026
676447
178838
115818
80106
115818
115818
676447
31626
115818
115818
115818
852810
764080
852810
115818
115818
53226
676447
764080
31626
178838
852810
449468
676447
115818
115818
596697
676447
852810
178838
97402
115818
