115818
676447
520613
80106
8442
115818
115818
852810
852810
852810
852810
379853
2898
115818
115818
115818
676447
852810
97402
115818
178838
115818
31626
115818
852810
852810
97402
852810
115818
596697
852810
115818
31626
115818
115818
852810
8442
852810
13462
852810
53226
115818
115818
115818
379853
97402
115818
53226
115818
115818
80106
852810
115818
115818
852810
115818
115818
115818
379853
31626
852810
449468
115818
19026
115818
115818
80106
115818
97402
115818
115818
115818
676447
115818
31626
676447
115818
178838
178838
115818
852810
31626
676447
596697
115818
115818
852810
520613
115818
676447
764080
449468
115818
115818
53226
115818
31626
520613
676447
115818
379853
676447
31626
115818
852810
852810
115818
2898
65511
852810
676447
379853
178838
115818
80106
31626
115818
115818
379853
596697
115818
115818
245766
520613
115818
449468
676447
115818
115818
115818
31626
852810
504
115818
80106
115818
115818
764080
31626
115818
115818
5518
520613
115818
115818
115818
115818
520613
115818
504
115818
852810
65511
115818
115818
115818
115818
115818
449468
115818
115818
115818
449468
31626
65511
115818
852810
115818
852810
65511
31626
852810
115818
115818
115818
852810
115818
676447
115818
178838
97402
115818
115818
676447
115818
