PE 922: Young's Game A / 杨氏游戏（一）

Game: Right moves any number RIGHT, Down moves any number DOWN.
Multiple diagrams: Grundy XOR determines winner.

Grundy numbers for staircases with weight ≤ 9:
  (a,b,k)  w  Grundy
  (1,1,1)  3  0
  (1,1,2)  4  1
  (1,2,1)  4  1
  (2,1,1)  4  1
  (1,1,3)  5  2
  (1,2,2)  5  3
  (1,3,1)  5  2
  (2,1,2)  5  3
  (2,2,1)  5  0
  (3,1,1)  5  2
  (1,1,4)  6  3
  (1,2,3)  6  5
  (1,3,2)  6  5
  (1,4,1)  6  3
  (2,1,3)  6  5
  (2,2,2)  6  2
  (2,3,1)  6  3
  (3,1,2)  6  5
  (3,2,1)  6  3
  (4,1,1)  6  3
  (1,2,4)  7  7
  (1,3,3)  7  8
  (1,4,2)  7  7
  (2,1,4)  7  7
  (2,2,3)  7  4
  (2,3,2)  7  4
  (2,4,1)  7  2
  (3,1,3)  7  8
  (3,2,2)  7  4
  (3,3,1)  7  0
  (4,1,2)  7  7
  (4,2,1)  7  2
  (1,3,4)  8  11
  (1,4,3)  8  11
  (2,2,4)  8  6
  (2,3,3)  8  9
  (2,4,2)  8  6
  (3,1,4)  8  11
  (3,2,3)  8  9
  (3,3,2)  8  1
  (3,4,1)  8  1
  (4,1,3)  8  11
  (4,2,2)  8  6
  (4,3,1)  8  1
  (1,4,4)  9  15
  (2,3,4)  9  10
  (2,4,3)  9  10
  (3,2,4)  9  10
  (3,3,3)  9  4
  (3,4,2)  9  5
  (4,1,4)  9  15
  (4,2,3)  9  10
  (4,3,2)  9  5
  (4,4,1)  9  0

=== R(2,4) computation ===
Total ordered pairs: 16
Winning pairs: 6 (expected 7)

Need S(8,64) mod 1e9+7.
Approach: DP over Grundy value distribution.
