PE 729: Range of continued fractions / 连分数范围

周期为 2 的连分数 [a; b, a, b, ...]:
  [1; 1] = 1.6180339887 (iter: 1.6180339887)
  [1; 2] = 1.3660254038 (iter: 1.3660254038)
  [1; 3] = 1.2637626158 (iter: 1.2637626158)
  [1; 4] = 1.2071067812 (iter: 1.2071067812)
  [1; 5] = 1.1708203932 (iter: 1.1708203932)
  [2; 2] = 2.4142135624 (iter: 2.4142135624)
  [2; 3] = 2.2909944487 (iter: 2.2909944487)
  [2; 4] = 2.2247448714 (iter: 2.2247448714)
  [2; 5] = 2.1832159566 (iter: 2.1832159566)
  [3; 3] = 3.3027756377 (iter: 3.3027756377)
  [3; 4] = 3.2320508076 (iter: 3.2320508076)
  [3; 5] = 3.1881943016 (iter: 3.1881943016)
  [4; 4] = 4.2360679775 (iter: 4.2360679775)
  [4; 5] = 4.1908902300 (iter: 4.1908902300)
  [5; 5] = 5.1925824036 (iter: 5.1925824036)

范围 R(N) = F(N,N) - F(1,N):
  N=1: slow=0.0000000000, fast=0.0000000000
  N=2: slow=1.0481881586, fast=1.0481881586
  N=3: slow=2.0390130219, fast=2.0390130219
  N=4: slow=3.0289611963, fast=3.0289611963
  N=5: slow=4.0217620103, fast=4.0217620103
  N=6: slow=5.0167804358, fast=5.0167804358
  N=7: slow=6.0132717741, fast=6.0132717741
  N=8: slow=7.0107331899, fast=7.0107331899
  N=9: slow=8.0088470161, fast=8.0088470161
  N=10: slow=9.0074115353, fast=9.0074115353

大 N 的渐进行为:
  N=100: R(N) ≈ 99.000097
  N=1000: R(N) ≈ 999.000001
  N=10000: R(N) ≈ 9999.000000
  N=100000: R(N) ≈ 99999.000000
  N=1000000: R(N) ≈ 999999.000000

纯周期连分数 [a₀; a₁, ..., a_{m-1}, ...]:
  [1, 2, 3] = 1.4403946472
  [2, 3, 4] = 2.3100211734
  [1, 1, 1] = 1.6180339887

PE 答案: 308896374.2502
