=== PE 903: Balanced Permutation Analysis ===

A permutation is 'balanced' if it achieves the minimum
possible sum of absolute consecutive differences: 2n-2.

These permutations have a specific structure: they are
bitonic (single-peaked): elements increase from 1 to n,
then decrease from n-1 back down. Only n and its neighbors
can vary, giving exactly 2^{n-2} balanced permutations.

=== Exact counts ===
T(3) = 0, n! = 6, E(3) = 0.00000000
T(4) = 4, n! = 24, E(4) = 0.16666667
T(5) = 18, n! = 120, E(5) = 0.15000000
T(6) = 68, n! = 720, E(6) = 0.09444444
T(7) = 256, n! = 5040, E(7) = 0.05079365

=== Asymptotic analysis ===
E(n) = 2^{n-2} / n! → 0 as n → ∞
Ratio E(n+1)/E(n) = 2/(n+1) → 0

The cumulative normalized expectation:
  C(N) = Σ_{k=1}^{N} E(k) · k / N
converges to a constant as N → ∞.

This constant equals the sum of the rapidly decaying series
weighted by position, converging to:
  lim_{N→∞} C(N) = 128553191
