14617474
259080477
750720079
574534492
514829728
46130601
862176353
145868834
764314767
406858112
331294816
895060235
493048660
301173592
409837682
187929385
9041318
840261332
840508076
273838005
200229907
842850369
446072666
67995708
971359908
302178906
159469595
413629456
886931270
735134534
417063150
470051007
606147999
762580090
133297725
320995920
653588736
1174185
134599270
301882866
236333388
192987917
725730668
222928713
252208897
263230092
956436161
127918242
207097220
308547028
475899735
28498377
766311301
397586720
254609123
693211735
369205094
130693451
397101552
878573444
331564019
882731788
390714779
343978232
642008218
470585065
578271125
434123847
490840046
86960842
690810010
288971962
988959073
303696473
305142864
297276623
145169198
146786168
207576067
338596329
328485030
185656411
147805191
138076463
976965596
246958838
505772390
909000051
53739143
967071928
827750535
181983021
514829728
281283725
749673667
980568674
558344033
655309272
673066311
750818840
286086147
994368301
806120189
235443621
291824224
975143130
368492373
76097374
183876027
490057238
953479722
89727520
860049720
798883632
567778066
752995104
297276623
1174185
326216261
898258302
500729953
239139045
815192601
268884083
889376377
197603705
151149875
734101620
512968314
802346321
224817679
718419158
163957989
864043792
624077461
785325286
9077505
619385610
201278334
220056291
931183119
31757095
874581111
45192168
115320379
888118552
947513092
545394214
845616885
718470492
95613363
974151762
9189186
521447816
729960046
670197092
264791583
116806993
862431409
312570439
157618133
477240580
751924123
718419158
916366894
660388190
976685681
990500710
300564722
911278682
400835514
869232686
943194422
606147999
44272363
512968314
537295748
648491427
741938475
31791552
969457664
120997125
800207125
582326468
998168674
619392513
376090650
626916077
439693125
118135587
320995920
133297725
5405397
947604237
96158198
708243434
526280245
508685738
334622393
295365973
374347458
866242419
508685738
216588424
859922764
786222871
485046260
90372097
357432215
627265639
887571965
990925063
224958761
896763278
697153295
209728083
27399446
963485382
83872057
134749986
243906652
256374784
74274797
81090350
292643797
421484710
60392035
648517946
815148432
13544743
739313322
177219422
370700778
295719999
751976465
135708002
736473882
598869135
586691717
273667386
581478497
622393154
779392924
764314767
842850369
998938415
477815696
823237313
585157274
489631570
231122701
242739340
89727520
695973422
102589214
888056048
190427781
720648261
348153896
772394323
307406205
777798806
254609123
973683102
555070030
158991111
778134208
26363273
345861884
13825418
247537302
643682129
716788345
257056790
300239313
440587481
239139045
591889489
67967255
528498045
858864137
473786151
317732665
152228729
270286154
92920457
83297965
506515649
916099202
441200642
905647381
717117252
567778066
766556108
65780016
516594280
98381458
567778066
732425802
656484108
599601711
466583904
987723930
66641653
229832977
229540678
40500065
338905383
241272190
789707240
871296620
246130001
878131711
274978340
858089636
749622606
889376377
442847872
507372030
146038659
163326706
573497824
2819999
705806153
619392513
559137700
202763538
939504509
955160467
759574763
689658990
986777772
916032423
92920457
8732094
287333745
949481134
312570439
846149571
214253954
916281722
256103494
295365973
180740490
87566454
317732665
231573073
479282982
42532729
928034519
209728083
348153896
106389292
583804857
229540678
997362391
670197092
524887613
9077505
456419842
554262260
525824940
336509443
370700778
480383442
65780016
717231895
535339967
828070778
952891662
957294538
8588107
290019691
934829039
945547452
593407648
201278334
301173592
721961849
261562491
456346221
852303032
718752878
324389569
60746186
850694891
506515649
841055356
355845755
81008506
585157274
613080378
521878879
119166193
927938402
706337700
726148995
290159900
727220439
329036469
489935420
52725035
194254701
407527358
974151762
372906456
188721787
988959073
889376377
720407823
340915156
749622606
345965574
84312947
526517448
728326361
586995411
635868872
190668430
334058787
853219342
837706005
786222871
319143147
158133783
362692373
22576800
473786151
841373589
725641244
36117011
586392943
73996675
550481708
782483652
222928713
142360356
128007956
185184271
973683102
303308051
771912445
505278861
580030370
211289237
544072277
961097067
607430505
167809224
521878879
998273144
179591125
15076365
666159861
256601052
40293370
676064801
855847475
213856818
859364923
652748461
323892638
714597751
318556165
909000051
336509443
105224553
307406205
986777772
853219342
437363164
307755238
907887148
599698427
352031342
145169198
720648261
432136661
16486398
8498132
297489741
910786812
735387716
955160467
314947563
287333745
659310591
708250994
761898033
264941813
967451424
538742450
259671697
318641041
534000010
79592443
593407648
923201463
13544743
504749103
492076539
514874788
998094308
511761841
330817280
129036972
190591235
430678030
308601743
786275422
190416461
221737340
217976053
296382470
146786168
950509003
145169198
909245977
524610947
984638261
729506314
191038521
274978340
808344340
66641653
507686439
824985283
331564019
609887093
988959073
892432492
778263207
780404281
569177763
41166775
673741086
150535289
530182631
122198726
162378889
214911073
625718076
353634018
178209190
32795022
35842209
444075591
350737692
602259088
539778235
908735501
659632532
243678342
988545087
105290095
635129242
750767850
848407760
934615493
185184271
559016006
495061050
147028465
310152833
615965445
704585511
306563407
133678897
349028849
93138697
213709711
562336946
817649562
906167289
688036456
365762632
619774309
418779187
651653062
330817280
953533616
884336684
699198666
200524484
632964770
185194425
67995708
143611042
915442420
751976465
953725925
897264779
871268922
426033596
131226189
499582526
831168449
27178236
290442436
927361159
673745685
402353666
13541284
879217263
252536975
840056636
447112787
412233211
377364351
192987917
489631570
242590481
850694891
600006395
393600956
896638221
707982931
759574763
635868872
239139045
711853454
640993853
784191838
307406205
629925385
850694891
215386817
644817836
677603120
521878879
801181956
578843652
441314264
428133680
557125992
348337507
866204209
84162830
194324364
811785106
569117730
544072277
276775185
722518289
507372030
578445932
159568890
165779551
202583777
987349975
203787768
90372097
527178335
400163739
53591496
452342988
713521058
536861678
415089764
15806106
337481685
402353666
680068550
717848587
913830218
144660712
952706520
740092340
410948467
135662455
741938475
81008506
527178335
977454529
12324102
977030692
801393162
547540757
381755180
319854469
228604261
75868781
190278162
841874649
977454529
473626159
149072977
205232006
931255729
143413060
800793681
428025657
73065862
4038153
165779551
931658521
817585051
145481838
113108452
670197092
302178906
986777772
916281722
521878879
215176393
681648382
454644231
695449888
977051764
32496664
390865
729463910
863512815
395661092
511761841
815737796
832106108
998094308
792924286
35167555
383241333
215176393
46130601
735577427
234499033
575897344
777798806
90372097
491213976
812718396
933935025
471527518
357039880
215386817
240736619
192056919
957273262
336697473
795800451
596481200
745613230
135708002
701329257
977357974
481583896
437644188
598869135
521556704
479459099
511761841
255354901
534281626
490057238
183315665
4044457
122198726
131226189
53471364
912253858
349923942
340459375
98649894
787140563
336697473
143611042
294930453
313949188
128973339
620730537
53739143
206464208
41166775
159568890
874692678
296792838
276954950
932492983
943194422
949509923
738769861
102990945
934201997
102250267
811785106
965245364
516594280
741331732
134599270
811785106
16711860
191978437
359789235
80649946
236547597
676370399
751449828
287960609
727238724
860433659
395520796
721961849
291984212
167127130
924212835
325486194
630368234
71269201
509256486
866230124
588293570
696357801
633388068
634399106
41166775
722518289
660388190
261562491
753580094
130363126
930589936
151896852
886931270
983318571
544072277
751533076
406079826
892809796
988703377
828093399
973955197
121622111
701392210
913505481
160195296
315437346
494362770
484721948
61827593
233104390
365762632
982709274
939652015
242739340
427594584
951730425
258562429
777099572
180327198
239756458
718419158
586691717
237583210
986179088
252288633
795423837
622393154
896611764
378707103
32795022
255354901
107304488
620338375
705464292
146750598
504330118
952799561
934829039
521203381
134599270
353101427
163384751
628420022
583804857
897626791
736657205
774336737
609162290
331294816
291984212
471527518
567439893
44387111
953533616
302178906
362692373
934201997
356559090
740187725
237045321
32496664
444075591
661676142
846869625
643682129
512968314
909245977
779392924
159177692
678256121
203787768
290636494
133678897
865340822
720417795
369340254
421017925
306022453
89128947
215798211
963387691
689469417
794671118
975910252
977357974
683660031
286397169
410779421
40209597
733857021
258320345
327133072
858552850
251390666
669487713
927886037
483055511
276630889
96623695
251728773
624900264
326085383
234929531
782067901
719337492
655627701
95372718
13541284
120110305
617422239
789877912
126412316
271777705
567778066
196068169
896611764
871296620
115992489
711386934
840261332
99753688
975910252
226167730
558738068
680486166
524610947
784067079
13541284
293039520
735079421
216812241
168823757
242602689
657326107
652611237
11955925
261562491
66641653
406972433
835675771
955718067
718980260
216801835
105809603
248478546
10960934
883430391
586691717
240548774
884712848
463825123
823237313
724884130
516594280
605184299
880227900
943281560
407368217
596481200
143226910
150115228
549456183
307755238
577689516
982709274
911042403
690810010
794212447
718980260
395704482
774525872
892809796
128007956
604073098
333190216
688036456
819081669
912655054
217241099
99753688
466583904
227294508
663346707
579009084
424352289
124876295
715175828
468422398
609162290
774237609
453963036
653678084
963243418
106539967
934166969
772041081
436979093
911423258
302140658
385712218
388923793
24241822
973683102
681098212
917135235
885248942
164775602
134599270
549778550
860470604
305892065
20762516
377238921
359944528
955718067
704599896
575391677
668415225
240736619
899958395
892809796
840238736
211891187
87093028
464995452
280928752
264846066
596940900
622393154
368658463
467288345
292234136
719337492
962858473
26863016
98649894
550481708
74727472
656977129
184417541
284360427
169164756
961097067
522485598
212309311
131226189
606616385
931464034
635868872
548522458
274777164
53471364
722495823
887599152
437685866
353785023
543689619
792702062
323081087
302301943
741938475
736657205
287880462
520111431
270320748
977602253
214520600
22576800
264846066
590286553
104108403
361054497
286522306
498398104
60009287
398870832
331742386
929732149
891888735
141906491
24241822
687850850
245837036
593407648
504022811
111700105
777798806
64132502
931658521
902114339
975143130
559137700
455692040
467260383
722518289
626179442
957273262
981812962
273877368
607810622
591476050
232255482
571510333
517650315
169164756
362692373
525110181
240603073
599590352
782067901
192487324
761966479
441072212
983759144
719008079
125501315
89727520
828947445
652748461
343929387
923433942
884712848
884336684
427594584
699555778
102589214
596365156
461537283
664435284
298394132
10169054
227370996
349028849
236089264
161875293
942318222
602019714
336110469
145203676
354429546
892432492
98381458
27178236
705910877
387169413
366153913
809098483
316453010
860354470
134599270
877121343
81238989
66763477
16486398
586691717
921904755
225688302
653678084
551490506
579701439
316453010
257292069
513760194
751924123
728139144
440139499
308266398
211303280
793894421
718752878
359944528
451740733
198021116
285704831
201651170
352639805
201278334
915442420
96212415
906167289
562336946
481583896
283053169
629117071
911757275
74570915
918636928
549778550
724884130
974918945
861228542
478863697
216812241
318641041
896047804
621093045
683817586
979749819
183228736
615965445
981426062
298394132
183876027
510515641
411526283
352639805
501401606
525824940
865038089
361054497
464604348
712644915
843267370
861142218
903844963
550551169
271777705
982058946
707982931
264710915
474870362
10960934
874911723
198108999
188880963
731226414
133969249
919692462
204865575
80649946
314278549
234929531
738769861
179591125
2339291
385665772
505929909
655627701
411526283
485046260
430875872
989459904
623258415
549456183
66800640
786222871
806860911
637225061
95780236
716653555
722518289
897264779
227566072
318703506
696144959
564165086
56404134
517753154
35842209
560226231
385712218
97640382
252536975
446072666
344853361
593949171
720648261
596729571
173490858
980568674
149072977
853187749
185878323
728194530
842036484
776862491
145879631
934332415
408069879
290019691
209665637
42532729
446072666
201651170
75868781
611689459
57407695
24241822
296325602
323892638
962766714
750767850
801217518
761966479
248650835
292234136
229832977
899906504
997603707
622393154
732112198
244131858
230706114
939504509
809076111
916874418
717117252
937536319
840261332
386891321
869634969
190591235
162378889
628041444
270286154
45548864
796342853
270286154
470666643
789707240
600006395
12324102
352837118
520453538
857488315
321222641
743915141
95722331
680068550
321222641
151745612
675781280
102589214
24075178
242184509
489330151
489935420
981812962
259671697
150421428
916366894
224764206
633795930
767198560
189876349
58198319
701392210
315276976
119351720
794671118
887027013
19219318
17625749
880227900
385665772
500836384
333284582
68401094
336509443
243678342
410948467
480271897
160600827
759574763
971532666
143226910
889376377
525495784
859749505
752741272
606147999
320190015
598869135
36103218
956436161
562336946
490657857
563050374
210082432
518070524
181629140
694787747
908735501
845681048
577389088
879820976
464735206
3255078
319143147
942318222
184350727
456346221
643788112
199287455
192349193
615965445
276706603
999829726
150114909
780598937
5405397
146576630
623103019
805213015
927385157
827320832
236026064
473824857
552843776
955160467
110188239
269043845
252518544
236026064
365473158
264941813
252288633
993451481
867126007
361054497
543689619
822618499
581474200
228604261
537295748
722518289
552108100
600636337
368492373
514874788
963387691
19412458
380486926
782067901
933329757
987756404
354258948
313693058
93394929
219047505
340372923
259671697
409681605
979749819
522067738
865038089
580305482
76500836
383236489
363728028
514829728
290442436
4038153
9189186
722495823
254610019
351976698
24241822
71642825
614056274
927886037
600026931
866230124
977772456
753580094
67995708
163326706
335209083
110349081
706558135
684043064
432136661
867756516
130693451
923433942
896611764
168790516
689658990
371343694
759574763
57039021
340372923
67995708
15418057
87093028
416535657
71837707
695763095
145868834
276706603
209665637
430864967
801897051
549778550
383236489
860487554
931464034
248735784
445418665
763354546
339002303
343421639
271970424
733224103
752741272
947954361
695763095
15224455
184417541
771805858
77724948
778825180
751045321
159045950
354786212
697899833
988545087
99898097
893227619
842850369
522067738
981812962
971532666
88670278
107484462
678256121
151896852
734101620
297386116
896638221
222984022
158133783
103333664
455692040
947513092
252844762
956020889
956363108
573378100
876418586
19219318
239139045
762036348
335577823
298475888
11795907
162863645
744272072
635868872
543976368
152228729
485722542
104075142
159390630
839651716
204630919
150114909
591185848
208795310
936241840
126412316
315895050
841373589
185878323
91839682
929261246
219047505
495061050
329102098
26363273
783571513
345205386
218634279
27178236
21264764
871268922
687850850
409416785
705806153
554262260
400835514
822618499
836347383
215972468
152228729
129519234
341444405
267922159
632936726
276775185
652611237
76895225
936664724
520236676
232255482
217976053
430864967
191616302
921101051
810970940
750746014
664979455
182219669
248818848
121622111
749793380
600006395
918780370
745438903
334622393
624077461
261562491
998938415
912096553
149874155
560310965
136018293
20762516
361898816
276775185
454165160
666949010
454490383
765025283
274978340
841373589
735082602
673745685
240736619
550521747
967655311
896763278
181629140
895806683
242590481
297489741
527178335
321222641
278538337
89727520
364139037
635375988
715175828
683977840
243560933
583034964
956363108
83297965
809076111
889675694
453018920
332566210
644196341
450791189
643107336
56404134
558738068
809515343
200524484
420897486
766043340
135989877
728893038
840261332
5405397
856852331
143355483
484007973
24241822
956927093
753580094
323081087
987723930
510515641
408950583
498998688
635375988
738769861
929732149
747123098
798080568
929732149
323081087
68536510
583804857
666949010
412579404
690810010
759433655
560226231
180536093
190668430
704499338
880064271
545444603
287880462
353003177
835675771
44387111
876418586
897264779
707982931
791162172
635375988
423936197
206464208
259080477
939781874
711599936
895060235
902114339
190416461
606616385
280083958
692738762
857488315
361195985
852272962
706158367
636473986
159177692
290019691
486949110
45203121
73065862
651772788
377003645
990925063
567778066
185878323
143611042
186219670
471667341
684650724
445418665
118135587
171469133
247989773
124130257
593407648
485652069
997362391
740187725
453196717
65184627
31757095
578445932
307406205
874911723
417063150
861228542
41166775
888792170
190668430
306022453
613080378
85742783
997362391
339753371
335789093
307406205
321222641
26343723
510259360
108303559
287880462
161377513
852832561
807411836
690931026
485652069
651997290
406878823
454165160
569177763
27971395
527178335
107484462
927361159
46130601
678149863
368658463
923353232
162127519
384701618
165779551
338596329
442026604
782067901
894246612
919448292
384890783
208405809
775004312
718980260
425011841
622037652
190427781
169963094
935835168
548522458
194324364
209972613
387169413
267922159
758145277
545811890
295954378
861142218
886931270
729929985
352907442
511482604
159390630
968721838
622393154
63815543
537281929
719008079
348094892
45203121
269147658
999807749
421213371
345965574
729481902
762705334
365492724
45192168
605184299
816127179
216588424
464038316
909245977
599489223
445405082
133678897
527125537
303660073
537295748
775005657
874528766
485046260
204865575
176764906
633314965
13404325
399996323
70337395
455692040
569964076
116806993
562895691
304676282
858932933
118135587
428133680
888982406
564114473
673066311
216485600
439693125
842421001
130368635
450004611
253595491
720648261
599590352
130595587
642008218
644277558
807657932
330817280
145481838
136199616
892432492
886190594
334622393
119351720
588980465
715607659
569117730
929732149
437685866
607893706
273667386
499400446
458485672
466709804
348660146
666159861
976222171
686280335
119166193
217401238
712644915
514829728
216588424
357432215
820408301
888118552
607430505
931320437
387896793
201285762
549486176
753070867
88146232
764889510
569857912
141906491
138903492
184197010
717384761
214253954
110203551
357039880
40500065
162127519
744280341
702467891
95780236
757007301
499692193
246130001
574534492
632959506
222928713
977772456
5405397
381755180
477525667
931255729
264905001
239756458
690573252
91297901
561893712
718470492
698927578
410948467
579184632
981426062
971924009
741920826
625402982
860487554
290442436
597145960
521203381
945242755
592918943
643057233
456011965
535339967
490929410
181629140
467118269
934208982
693041093
607893706
73247645
224380568
974918945
243961347
298326571
737264169
270440549
184197010
479475871
961097067
659310591
779079896
467118269
993171561
606305017
38840075
529662378
716939903
83297965
371343694
681197169
459460417
151027413
934166969
61827593
506515649
720407823
554262260
620855530
956363108
840396007
971359908
687975061
596940900
5405397
687975061
269147658
681188303
953479722
521447816
553704569
27399446
291574820
386983628
944990341
751449828
800541464
624077461
264075465
980568674
940235643
483042850
208178763
853187749
963881505
489935420
494045367
34758790
965218322
242590481
682715505
672719647
933036886
899187489
934770653
334617515
979086392
924212835
634399106
89359168
552843776
607430505
988959073
738769861
633795930
494362770
822618499
240736619
586181383
629925385
505772390
295376833
858552850
408069879
168823757
79537892
383241333
191978437
494362770
607430505
781103672
667585662
45985840
606211401
612783014
24676801
110349081
29365804
761966479
344206011
290513845
877121343
53739143
435378617
710561429
254512161
489450868
991487856
410997708
814017697
11859735
254335015
15224455
981737499
602698696
511626753
570836727
949188096
689658990
400163739
884336684
235015947
303696473
232255482
144660712
657326107
755441589
712644915
752768653
243906652
72501666
718419158
243097067
295719999
114961202
926710371
684043064
844919271
27178236
579988701
80649946
138076463
529662378
442770324
165779551
829405488
55714782
751924123
741200146
407171238
564165086
948401257
159568890
172316311
741386413
576831545
206744726
286397169
261562491
977030692
121202190
79537892
40209597
852303032
923353232
704456456
474870362
967872912
953533616
791319224
735437886
819081669
262556947
99753688
489631570
509828259
549808360
464211433
818222241
411526283
215176393
597582799
767303201
23413435
406858112
677175467
68401094
335209083
684916895
569857912
680067110
446072666
554126869
787725985
129519234
83297965
136018293
121202190
362357499
141880149
309169125
315276976
720757423
707982931
583804857
399118946
633314965
414130225
764889510
931320437
97640382
77724948
885991127
695605089
720417795
323688018
373239567
427195677
720593991
992804928
9189186
119517565
319220408
83352113
434304466
732112198
695392396
242791866
653964696
77479383
580030370
927540189
413883743
775004312
222984022
858089636
75037839
57407695
352639805
8498132
231659344
442770324
865686163
555309644
944350211
276706603
421484710
981812962
680146794
681241782
673745685
861763347
523761865
204651716
979086392
161377513
579009084
385906631
607117913
236547597
194004257
72426849
271293688
558098168
173867073
668294301
9077505
569631445
779079896
271777705
579184632
769177746
488565881
880227900
184770460
169847088
658078502
65351800
767303201
67967255
489935420
344206011
983207962
27178236
96892761
83551851
365884096
69635986
724670394
505772390
143226910
681928163
741331732
337481685
569117730
751924123
436367177
719008079
281283725
439693125
291824224
407998438
634707443
807081453
446072666
526517448
720593991
744301238
380259038
103189020
313397866
158991111
702741180
561738897
470666643
248734271
884712848
809098483
275274950
606616385
184251912
852201690
375303025
131226189
963387691
690931026
151027413
717231895
185184271
257056790
453091637
95372718
432136661
207952787
86145055
456346221
296325602
184417541
368658463
242590481
774860627
21538378
973251421
140869348
874321008
301415326
777099572
8498132
500836384
562336946
31791552
8588107
336155126
846869625
151299217
934208982
333190216
423642983
689473088
130125763
395611976
719008079
7781057
933216883
385712218
879669222
976310855
919296106
126153958
697899833
16250311
627717405
921957729
318207024
231573073
779079896
145169198
873708339
950509003
248777096
918636928
987349975
596729571
56404134
974918945
630368234
468818497
204310325
880227900
569682261
105224553
325067362
858592562
886190594
537295748
313735500
713053020
216801835
194004257
637339759
563050374
805213015
5367400
523761865
932592000
841874649
902114339
320190015
911493080
840261332
589039725
740498516
169963094
670727807
133768374
643788112
404719490
822618499
725730668
949188096
938003133
255354901
238632946
169882850
536249375
38120582
102297181
397678557
317353858
493155360
295884895
860049720
475899735
511626753
520236676
815244856
927938402
216245200
414130225
500729953
991088528
294998666
270320748
415459440
744272072
190668430
336762088
970627656
184417541
974151762
91228151
471147075
513385433
157618133
298075007
930589936
255681460
133297725
351228449
103333664
583348312
324389569
338452853
549497524
145879631
680067110
889281030
483147450
40508177
380167947
670727807
934201997
824549476
365229939
296949413
892432492
73827571
977030692
927886037
202980783
174624378
943281560
251390666
773923513
198863187
477509810
935835168
520903686
383924113
246130001
798163988
695449888
414784338
794186310
860487554
562336946
151745612
556967856
362180100
531841178
331913928
745438903
973955197
941858772
135708002
479282982
29365804
160529708
553474145
962858473
824627392
753070867
504130138
587943464
741331732
877121343
607846246
88146232
25379619
591476050
819586855
273400581
445418665
980900949
59814054
207008561
159045950
763641364
42628327
19692539
643788112
198108999
44896064
404603806
296325602
987638371
723057184
238632946
697899833
323081087
256374784
134599270
571510333
815148432
75868781
718260062
150159877
998094308
537295748
483042850
300564722
705985394
209665637
576510380
90510973
733404776
436979093
536249375
296792838
888792170
167021268
833379905
967451424
521878879
206464208
136018293
891989769
65184627
161377513
61827593
720383578
598869135
475506679
590286553
176764906
402353666
921957729
562336946
228367045
180536093
387169413
83352113
185184271
635129242
695973422
245837036
939652015
576831545
841373589
964493285
751533076
375021138
30340942
344206011
174703650
480606376
327133072
376023515
673579724
374238350
949706778
74727472
695763095
713053020
720648261
214569567
89763425
629117071
408069879
159568890
256374784
376521364
98649894
118135587
725641244
330105602
699198666
371343694
789707240
39042597
590286553
767198560
480271897
406972433
485652069
107177037
639432326
151641653
170714746
981737499
651936834
502533672
706158367
897626791
169847088
96623695
521878879
866230124
198021116
974296487
472011502
352639805
147028465
744294245
411683852
96158198
21264764
860487554
590869214
230706114
276706603
631062218
899899631
228857206
444669024
103462083
341692289
932592000
83872057
480271897
554262260
126153958
791319224
815192601
580030370
666159861
236547597
287880462
489935420
840238736
171950277
304248308
992908773
269147658
115445006
812868218
19219318
119571734
744794664
89727520
632936726
8588107
536861678
606616385
368658463
531424911
42954256
114713124
689421662
406670430
331827195
895485662
432033223
87093028
763641364
383241333
535339967
160195296
916874418
664200962
454948676
392662226
128007956
579801990
586181383
836132757
83872057
248478546
72501666
215326624
713053020
683977840
483042850
901969762
64045753
934615493
894246612
989092282
711599936
119517565
313674752
980266267
441213154
17625749
125445259
348153896
931658521
542032176
934829039
454165160
550007972
450791189
711386934
971924009
479282982
370700778
619774309
947954361
139519365
735134534
877121343
582472967
1174185
185656411
7549537
398158415
474870362
581474200
594900816
99898097
473786151
479015156
681773894
504749103
526517448
668415225
678550115
77479383
40861181
281369705
968984847
20265450
790291637
829269401
236089264
861763347
706784967
751924123
324389569
391326650
74727472
75592969
811785106
537295748
782483652
222984022
341508437
419782569
919448292
38840075
910949169
895060235
252518544
292234136
185184271
44387111
666159861
903844963
785325286
15076365
663184446
938405712
329482050
430864967
123906063
695763095
979092745
16486398
190427781
487267246
589039725
143611042
351228449
933604376
550521747
88844458
360030103
370801601
437733129
356149181
670197092
775489307
643682129
352226874
292234136
341692289
695763095
39042597
41166775
916366894
991271184
392926626
325486194
180740490
559116185
969457664
91839682
336762088
879941638
184417541
453968857
716706161
546449793
445418665
741331732
971359908
842421001
426033596
729481902
874581111
216812241
401068603
410997708
586995411
517650315
334058787
635375988
596729571
348660146
564696581
251390666
626940430
366944769
823055694
644817836
529662378
936241840
83352113
26343723
627705409
56404134
776237043
525110181
216730372
5482114
842873007
192987917
943194422
905716622
216245200
718752878
226063473
436963878
481583896
453018920
861228542
165581796
829405488
125501315
159390630
26302683
333700819
741987766
244131858
894850254
213856818
285314860
235810697
181629140
77479383
202583777
609135129
818748694
915197132
931320437
759215059
467118269
280563115
831307042
413648202
625993214
977030692
173867073
637225061
806107795
606147999
161956159
440587481
593407648
704499338
738769861
751924123
158133783
150165924
777557378
947513092
810320745
331827195
598688649
695605089
710674886
268893415
281393512
326605788
6300175
345965574
190591235
681188303
634399106
317732665
202713340
963243418
309012251
589302132
494045367
993451481
45985840
624077461
429736273
130368635
143611042
843512153
361195985
867756516
331653900
376023515
957100302
672378297
758510367
596729571
963243418
593407648
429669373
817649562
498330451
740187725
936664724
828947445
523265486
990925063
285264818
549456183
88519618
243906652
744202151
196460898
43436242
75992359
981737499
248735784
281011958
748992622
654146784
332315047
842850369
39042597
252208897
550481708
223695140
740213280
271293688
950699329
469590510
677615096
536611185
229832977
324976377
120110305
839651716
936381229
357432215
153948174
718720441
998273144
558738068
43436242
611804693
157618133
98536624
216174668
967451424
169164756
254545909
318450931
733404776
752664492
243906652
735079421
581478497
874911723
269043845
228604261
392662226
871296620
44387111
427365771
32496664
40209597
976965596
866242419
8588107
681648382
948401257
629708770
371482574
933329757
247277568
872098868
727257647
490840046
535764406
909000051
982233053
520111431
766043340
119517565
269043845
408367486
775489307
466709804
122002177
851620953
414130225
515165867
36117011
274978340
770624708
535540284
858592562
264846066
931320437
751924123
80878527
744400308
802346321
56436839
463355000
270440549
804428167
975117198
23446352
419848486
970627656
579701439
237583210
705910877
361931082
534281626
107484462
248734271
172867412
458784624
39042597
910949169
146038659
159568890
131882036
96158198
108122117
336697473
53591496
397586720
571510333
489935420
191616302
372906456
120110305
159390630
145868834
519177847
678215389
997603707
140869348
290220066
792553078
191038521
985639212
543976368
715607659
436239083
357039880
552366592
494045367
522067738
630036959
552108100
832202435
560875812
242602689
425923083
176993785
265492397
564114473
696960259
15806106
907887148
876418586
383236489
946844822
947954361
448195945
302140658
981426062
177715384
385275441
453963036
248478546
932592000
112293779
517305096
96892761
861228542
349028849
766556108
575043300
971924009
160769050
680068550
348153896
517753154
197603705
588980465
118135587
22035481
962766714
25379619
61827593
524887613
977030692
866403804
945784482
331564019
860470604
377364351
208025745
609162290
270286154
454165160
490608967
803429662
783089777
194324364
274777164
361195985
168790516
675781280
368182285
522819489
191616302
275556215
640396176
380259038
593949171
964083182
181122091
634995318
341194382
302140658
250323372
479015156
543976368
82765802
753580094
275775836
313949188
911423258
450445152
589254499
511626753
181629140
492614070
516594280
990686969
865340822
769371394
206251682
490608967
878131711
281168105
848630772
871296620
55127219
189876349
77479383
554126869
200527387
680067110
392926626
957779055
868358896
651997290
51594995
429736273
719337492
399996323
318703506
495061050
361931082
728194530
264075465
999268607
436239083
415459440
374238350
812718396
106609250
887599152
894864950
494045367
866242419
105809603
316453010
275792717
527178335
787322244
591685029
150159877
281283725
647750440
72426849
414182677
158133783
344853361
549778550
133969249
763641364
167984257
242920703
56404134
353003177
787140563
15806106
276775185
573378100
976222171
479282982
444788286
999268607
290019691
335209083
695973422
469590510
422444721
231659344
888223610
599553543
405777433
330976931
446329391
580030370
706460151
858983323
159250242
73827571
359944528
450004611
673741086
931927116
622393154
945342877
234929531
413831930
115445006
113909507
344853361
385906631
103449246
293039520
472102281
750767850
88757928
468835088
57584730
720648261
80878527
243678342
580030370
252288633
919692462
837449913
453559193
273621238
939652015
71837707
407368217
744202151
550007972
905716622
386983628
299360490
884336684
390565534
319854469
69201211
886190594
606700811
103030045
160195296
344206011
963952975
767303201
858552850
260204321
999943521
716607649
626137295
279191071
615361320
454490383
842036484
52725035
10169054
159390630
380259038
323081087
776862491
259080477
579009084
146013592
921116525
369328462
912253858
245710453
392926626
687232109
444669024
606395047
514874788
660396598
85919606
375111401
81806695
264075465
121202190
102990945
520236676
736657205
887522767
658902758
161377513
180867801
171469133
739350141
439699980
562336946
488441120
517650315
720407823
295376833
525824940
202763538
72501666
457634507
543976368
662172245
254610019
438997712
35167555
169963094
57407695
8588107
873708339
36117011
248777096
741938475
334058787
319854469
224380568
779392924
159177692
198108999
910949169
380011149
419848486
436963878
355506752
736657205
108303559
192487324
326605788
340897383
376023515
181629140
917897770
896763278
336762088
623103019
202583777
181629140
579009084
339002303
26343723
455804604
653964696
882286189
721961849
884818286
878131711
588293570
846656961
846869625
480773841
362357499
235810697
436682904
528498045
531841178
690931026
45192168
953341285
335590625
419221957
692547691
250323372
741386413
583348312
634399106
690810010
919847785
643184832
544730167
515165867
922732176
67995708
27971395
418976212
763042827
981426062
197603705
546733990
627211250
633795930
115308892
841373589
645323141
953999896
944350211
459279339
423936197
706558135
235726469
276775185
915764437
872098868
133297725
134599270
882731788
324389569
239834375
480202231
469590510
31034574
519024066
892432492
998168674
521203381
403574323
882286189
544730167
479282982
934208982
815244856
788793568
944982194
444669024
716059081
568483975
33004330
334262723
842850369
887380157
935835168
90372097
386983628
837206402
403932706
171950277
739313322
571933604
320065609
807081453
192349193
919692462
105845648
490590339
141906491
596940900
385906631
284360427
479475871
522067738
485046260
102250267
412233211
916099202
102570024
494362770
7781057
439877249
185878323
484018344
312964811
324976377
250360935
870887214
271001781
563048249
49896972
648612660
247989773
455692040
918201548
498998688
912253858
559016006
46130601
17625749
246958838
981426062
579184632
534662469
354258948
764895461
392662226
281283725
170739427
690573252
435095390
778187972
264846066
646165492
554126869
282724279
438557992
209972613
48961171
962766714
127918242
249453076
41166775
82765802
770624708
453559193
341194382
326216261
643682129
83352113
497459943
590625838
727220439
945242755
231690864
524887613
419848486
9614119
951730425
65184627
160356855
580030370
861142218
426033596
757007301
596729571
228543893
727957005
75868781
606616385
881670849
100044405
795800451
143611042
778134208
17625749
525110181
692804530
544072277
362692373
40585118
883595833
257056790
92116737
927938402
446487051
860049720
725786352
201285762
963243418
934166969
683494516
336509443
335209083
793894421
287880462
596365156
846869625
23027
552108100
88853197
376090650
934332415
840238736
912253858
635375988
180536093
330976931
95866528
407288047
916281722
342042804
427365771
554308569
65351800
16250311
696357801
204539360
879074289
911423258
143831354
180740490
450004611
678550115
552310474
593407648
318703506
15806106
530254402
483055511
436483539
946844822
716382600
545117077
164274225
579801990
361195985
598869135
257056790
335209083
458784624
560310965
188721787
129068419
569771710
165779551
370700778
331564019
720648261
732357191
713470861
841015483
860771971
646521435
774336737
508685738
185194425
759215059
580030370
958663909
131882036
857681230
492076539
402353666
519768918
689473088
324389569
410997708
133757133
537295748
853187749
977454529
986542871
927938402
186478315
613080378
576510380
421484710
410257536
341444405
144660712
179857309
774860627
377351326
254831250
630264403
980568674
540974620
195612989
38840075
274978340
231573073
44387111
426248649
880064271
846283911
538742450
29413455
8588107
753580094
704585511
637455273
472865736
524883736
990925063
413629456
965218322
768335112
562336946
220883579
102589214
987756404
839046263
638147832
740213280
455804604
921957729
8732094
198021116
842421001
931255729
365884096
336697473
863968627
106609250
579988701
417063150
971924009
43501170
147028465
695605089
501678262
816238072
21264764
382728456
646165492
254449124
455692040
725730668
604326368
130573309
620855530
295114106
692547691
630036959
701273144
421073603
472546078
440587481
65780016
556596764
826841863
858089636
300239313
290513845
814017697
479015156
110349081
818182954
125445259
761525159
159469595
314278549
479475871
283478874
466541751
765385635
976222171
333284582
831168449
549497524
977030692
741386413
911401872
55629323
358602702
62658489
87496312
855847475
965701394
887511939
486949110
527178335
635129242
8588107
919448292
209237236
485652069
997904947
274782997
254610019
15806106
750767850
149874155
878131711
339880362
351228449
961563023
705014314
874517817
981812962
913082462
602019714
35662492
167984257
191616302
427365771
511482604
919847785
689658990
369340254
379175837
863112812
291890857
369328462
861228542
850162080
81308061
640726917
805213015
786275422
530628194
582692494
710674886
986179088
138076463
226063473
612041888
105092797
334058787
626137295
97114550
49896972
946844822
811785106
258562429
839046263
119351720
991714075
228278183
40585118
705464292
872890896
617422239
216503840
495453776
295114106
740092340
779376310
770624708
458784624
1654129
53591496
78367105
949170897
6300175
921101051
194254701
457634507
455804604
296949413
999268607
419978799
931255729
608049357
126412316
365884096
409290282
967872912
741938475
209774175
606616385
439949500
415459440
580017809
167812604
797423874
983759144
630036959
720407823
719005707
308601743
513923309
800207125
421213371
425719752
189876349
464672102
458336050
775005657
390726302
96212415
256601052
147805191
731302849
384890783
741938475
51750955
998168674
977030692
718470492
349923942
444669024
41648217
741920826
243678342
363728028
729611829
329824873
73065862
110156874
79592443
252518544
607893706
599553543
456011965
339880362
195612989
511761841
136607832
709561278
741938475
150165924
902114339
703525943
758145277
278538337
56404134
598869135
989459904
202461247
215176393
998339901
21264764
136607832
570836727
934615493
229113415
412988526
387896793
2339291
984638261
428323688
419848486
576510380
134599270
885991127
759147566
377671299
374627928
931927116
611689459
558344033
744202151
336110469
798080568
934201997
876418586
484947140
992908773
6788365
83352113
254610019
885760432
919692462
159548775
553474145
106609250
257670128
759433655
106609250
757007301
482294619
955718067
935213187
974151762
801640280
630368234
260582731
800207125
235443621
133678897
269043845
384701618
957543581
310152833
686073636
612472610
612472610
447112787
74570915
45203121
184350727
639432326
523800016
359944528
518613411
126267669
517650315
898258302
419848486
684882558
980900949
183876027
653678084
8498132
534311758
894864950
319220408
562076326
359789235
713053020
609824275
699623546
909245977
149009619
681020805
691552227
118135587
840508076
607430505
275508048
899899631
586854587
138076463
589254499
221559779
372906456
366944769
878573444
682715505
807657932
561738897
371482574
693705846
83027182
331555549
655627701
867756516
20265450
254545909
91381269
450004611
133969249
169215057
889376377
236753518
695973422
130573309
917861420
53471364
102589214
977051764
184197010
651199762
846869625
575592979
980900949
969457664
963387691
993171561
98312579
385906631
935416575
297744464
694876967
160529708
482701321
719005707
669487713
372906456
983207962
470014055
517753154
934201997
326605788
419421929
144660712
170739427
519083596
666746479
579184632
466709804
239834375
340459375
970627656
469590510
611024068
840396007
911245461
865340822
516594280
500836384
986542871
340459375
931320437
239756458
576510380
56436839
732891441
79592443
254545909
723057184
700152329
56404134
490608967
372906456
549486176
608945189
494362770
717117252
196068169
40585118
775005657
941350944
131226189
173490858
66067243
982058946
320065609
778568307
853187749
634399106
185878323
288971962
127918242
121202190
931927116
80649946
485652069
307755238
180327198
704456456
490608967
107304488
795455988
885760432
947513092
905647381
536249375
977030692
860049720
146786168
371266368
185184271
897626791
961919640
644817836
421848479
635375988
77479383
893026756
529662378
176764906
297386116
614907922
895485662
366944769
631513654
299322636
14558943
929276870
185184271
76067545
784311267
423827642
960695343
576510380
963704431
430678030
620855530
596481200
831949320
498998688
311573126
728139144
759433655
942855222
623258415
649833358
297276623
879109191
757719236
658122500
61827593
981426062
13544743
521447816
999943521
271293688
445405082
320065609
957273262
666812310
375303025
288613831
865340822
359789235
81090350
786730998
488565881
577897554
684916895
320065609
134749986
571510333
998559027
792553078
611024068
142360356
669487713
391815613
409681605
786222871
547540757
422098276
136018293
916099202
467118269
725730668
99687341
731302849
414614345
367940519
836347383
187929385
533433026
779079896
270037967
961097067
420897486
164980179
806388205
119166193
24241822
444554121
458485672
313397866
826466155
466583904
619774309
541053531
580017809
911423258
481583896
777099572
846869625
874581111
480383442
121083949
599553543
448195945
97114550
441200642
946844822
325486194
861763347
802346321
548522458
662030296
258562429
666159861
886190594
839046263
339002303
934208982
806208764
891888735
290019691
606305017
795423837
458784624
707345278
149072977
647875622
999807749
959466116
372906456
959466116
725024101
752664492
370592605
588980465
599608756
198863187
181629140
772575291
243678342
228604261
422098276
739350141
26041975
696960259
782483652
415663780
404340321
998273144
553474145
266427285
381996729
737289701
223695140
211303280
184417541
998273144
617804736
622393154
915764437
210082432
439699980
192349193
423936197
525613259
60746186
10169054
874911723
996883844
552527312
980568674
229540678
115445006
677489805
355845755
974296487
761966479
127020918
368492373
606147999
366944769
690931026
681188303
971924009
216812241
577959235
655309272
290159900
425875506
944350211
365443617
142037553
401726127
590869214
108303559
807081453
256374784
733026518
809076111
33868311
579009084
100339701
243097067
690931026
497459943
317105426
981426062
339702450
800875559
441314264
843193783
686676513
464038316
334058787
494527935
562336946
812444633
168823757
592386479
666812310
741987766
119166193
809947751
207559057
445418665
395704482
989296944
112927118
794186310
167984257
934829039
67077976
120837685
921101051
139519365
423072745
357039880
359944528
740213280
329102098
738998475
116366910
840238736
306360331
650664046
710674886
941858772
751924123
982709274
606305017
392662226
642008218
957543581
236547597
952788626
329102098
586181383
528245284
549497524
374629787
673741086
284894222
89359168
45548864
902114339
990686969
751124855
320065609
312964811
653964696
810320745
244970320
485652069
852832561
550551169
538532565
685943945
697826647
768335112
300239313
815045476
338905383
520236972
80649946
48752050
419782569
703164983
932592000
44896064
633314965
477016810
425719752
30887563
578843652
211891187
727257647
219047505
648612660
159390630
464144948
59814054
851620953
675781280
103462083
269043845
133678897
180536093
945784482
23413435
239139045
403761944
436239083
290442436
322332104
444669024
190427781
917861420
635868872
777798806
106609250
550521747
375111401
655512862
207559057
117384912
528498045
184417541
2268771
318788285
884336684
638147832
931927116
150159877
279607688
524887613
861228542
352837118
72621038
887380157
644196341
858932933
308934993
105809603
362692373
998559027
110303951
696102163
703164983
499400446
4679574
11859735
703369260
857681230
756227896
81090350
416336399
439949500
579184632
322332104
703164983
320190015
852124822
965218322
355845755
107177037
693211735
32508752
331742386
230706114
816976883
855813697
135708002
234929531
606305017
594731161
957543581
505278861
640726917
779376310
720648261
971924009
852124822
256374784
150165924
772394323
634905077
254449124
997603707
191038521
150421428
403574323
71472119
348980765
266427285
800207125
549778550
258313286
125445259
220883579
358602702
420863457
827750535
983318571
78742233
825690776
134599270
191269470
494045367
857488315
629708770
251390666
561462960
403574323
866242419
297276623
454490383
414130225
482576192
864545084
886931270
282724279
800207125
274978340
692547691
811785106
203787768
719337492
467260383
184770460
525613259
727257647
122198726
151299217
377625764
952706520
540987026
296792838
485652069
549295355
269043845
481583896
246704809
474952030
670224103
895060235
576871909
557125992
560875812
500913377
898258302
735079421
680146794
40861181
108303559
216174668
216174668
183228736
990040880
753902836
336762088
120997125
634399106
505278861
133768374
142360356
740213280
331294816
841055356
141504532
87580587
68859875
596729571
934166969
259968180
817649562
777462697
33868311
931320437
505278861
189876349
468835088
202583777
139519365
279607688
484169964
534011294
323081087
302140658
931255729
247989773
972262989
784015541
844919271
705464292
304248308
242739340
718752878
85032611
606147999
921957729
398688477
607893706
407368217
683208837
404340321
169164756
411526283
477016810
981426062
500913377
320065609
98381458
406878823
740092340
624072632
331913928
699623546
392926626
885248942
999829726
122198726
746925337
353066643
921101051
981655905
91942177
630014726
864545084
248719263
236671353
176764906
390692826
150421428
215176393
151299217
111365003
600006395
806388205
110188239
586691717
352837118
609162290
858552850
282761040
655627701
331564019
454644231
436239083
184197010
573497824
777798806
177699093
784067079
831819045
576831545
209728083
774525872
831028172
371453178
26041975
40861181
744640777
199287455
335209083
53739143
326085383
184251912
617804736
617422239
296792838
201651170
336697473
511761841
629925385
100339701
477815696
694057165
718720441
853187749
190591235
720648261
809076111
814017697
96623695
952788626
298075007
623258415
125445259
44387111
252844762
880227900
184444043
596481200
999023274
181907423
26041975
133678897
815045476
264905001
792702062
488565881
27085989
120837685
208178763
398870832
159390630
653899926
317353858
71969471
390714779
635080532
204483824
840238736
752741272
372906456
676370399
334058787
728326361
126069193
571996876
145169198
406302821
36117011
969457664
458336050
401726127
993451481
464735206
206860813
718752878
110303951
26302683
71472119
2819999
152228729
219047505
583804857
245837036
519024066
485722542
798883632
313949188
150115228
761525159
106389292
747657895
685639363
30887563
184251912
180867801
890796810
858089636
105809603
313397866
490926131
335577823
359789235
986777772
410672060
133969249
816127179
470051007
143611042
718529924
177186236
482701321
490057238
874581111
741938475
386990076
108122117
98649894
811785106
267922159
413831930
880915634
735079421
366327154
72501666
759215059
923433942
437733129
336762088
361931082
505929909
178061338
12320173
630014726
143413060
975767573
345861884
440587481
715175828
485652069
236428363
988545087
253288798
290159900
390456801
591185848
75037839
507372030
549778550
917897770
130368635
267640953
163326706
915764437
216219291
892809796
578445932
264791583
229119333
110203551
897718958
842850369
149072977
261562491
816127179
961919640
16250311
71837707
341692289
622393154
331564019
434304466
686361583
790279454
336762088
537295748
495061050
997904947
572089540
681928163
437993694
778263207
515687213
886190594
954990699
454490383
729960046
750767850
813843759
414135213
748992622
931320437
1174185
934166969
866576430
901969762
439949500
120837685
884712848
105845648
14510336
11955925
459917588
933216883
994891918
506515649
505278861
425875506
126069193
655627701
293039520
839651716
634399106
718260062
252208897
563050374
111700105
173808523
215386817
72621038
285264818
784067079
489935420
596940900
674429926
705806153
980900949
855221759
643788112
808495003
8588107
500836384
739313322
98381458
445405082
931320437
276706603
438557992
818432179
914449089
559457514
300564722
95372718
704252813
75868781
852124822
529662378
648517946
313674752
417063150
752995104
464278011
896837570
459033950
797982721
717711636
95780236
188626260
286086147
559137700
786222871
230913905
522067738
184770460
988959073
964493285
896837570
980900949
269043845
332898518
711386934
985534564
874911723
176764906
53471364
916366894
139519365
33868311
731302849
694812896
257056790
544302182
717384761
564165086
590286553
265492397
329508039
342388553
654115430
955645502
232614492
329482050
732891441
761525159
383911206
716706161
957273262
436483539
139730253
24466668
852080353
344062830
669421111
671804521
119202718
45714084
820408301
242602689
785420848
635107061
602019714
127020918
976222171
693951884
718720441
520903686
135662455
704585511
582326468
357608835
301724184
889376377
385275441
865822374
697899833
57584730
680851993
268884083
936241840
20265450
606305017
468835088
110203551
591598615
755758263
119517565
211415676
766556108
795423837
256374784
391326650
916626930
648517946
482163733
549295355
703164983
824549476
83352113
242920703
590286553
735387716
642008218
989459904
211303280
505772390
467260383
762454355
111365003
51594995
927361159
744301238
525613259
51594995
163957989
581057036
310152833
290273875
173490858
373239567
609162290
837449913
352837118
190668430
242791866
332566210
795800451
713053020
169963094
569177763
866242419
184251912
499582526
167021268
708600121
313397866
794212447
989296944
5367400
658122500
261562491
884336684
240713897
851313728
374627928
166144936
142360356
110188239
238632946
271970424
728194530
332566210
801217518
536861678
916366894
859922764
921101051
158133783
243678342
706158367
318641041
699555778
339702450
477674380
299360490
604232450
30887563
145481838
249122015
549295355
927980509
783571513
226728104
556596764
435378617
777798806
758145277
309169125
15224455
312964811
236089264
102297181
770478311
716788345
777557378
145481838
773923513
568483975
84162830
290220066
706158367
26041975
672378297
214569567
145481838
565958658
323040025
759433655
53591496
907528519
401055551
795455988
949251978
580030370
609162290
896611764
184197010
356149181
134599270
550626746
370592605
126069193
670727807
172316311
807411836
448949784
296325602
795800451
264941813
134749986
33868311
90372097
704585511
361195985
150246680
103462083
572089540
738998475
684882558
411945058
334058787
26363273
290636494
735079421
329508039
935835168
145868834
511315110
917659776
764889510
136199616
842036484
718980260
871296620
865822374
331564019
29660735
177219422
234929531
274978340
979043835
938003133
7781057
36330409
283478874
916366894
620669173
536861678
508685738
84312947
275792717
240736619
638147832
382728456
204865575
281168105
40173620
331913928
426033596
928053228
917009561
775657172
32965409
896611764
234499033
137174046
292643797
904932683
716059081
397586720
357432215
708250994
189876349
453559193
88519618
369340254
40500065
39042597
45192168
281393512
140869348
681197169
718752878
446329391
921101051
926710371
485885946
511761841
877385198
845616885
295884895
131424863
583804857
414135213
32508752
501383450
928731636
258466431
570836727
243678342
279676159
467260383
183876027
670224103
143611042
442516163
593407648
372906456
22576800
705910877
9041318
528498045
604073098
865773245
736297714
546449793
472102281
620730537
473824857
859364923
452342988
561541767
340915156
615965445
743230774
108303559
335209083
232255482
410779421
548126250
119517565
758111256
845616885
635868872
216812241
575592979
678149863
544072277
358923812
251390666
591185848
828070778
993451481
690810010
312964811
360128521
243678342
126412316
517305096
269043845
522067738
194324364
832202435
980266267
762454355
530254402
520236676
446487051
719709621
872183036
415663780
130368635
552527312
15425809
606616385
942318222
989459904
55127219
700329487
673741086
988959073
90372097
340372923
228857206
395535387
767303201
695605089
472546078
668184214
579988701
923166991
454644231
267922159
46836795
740213280
889376377
216812241
184444043
111365003
564165086
853899061
191978437
631062218
952799561
592911676
381755180
796342853
970302272
71837707
68859875
407097341
315756268
536861678
229119333
276706603
580030370
425011841
757007301
916366894
521078587
688036456
952799561
580030370
968984847
435653227
53471364
836347383
67338729
689469417
667585662
211303280
950509003
924429248
801393162
764889510
856660208
345965574
943194422
357608835
124828950
219047505
933036886
749140588
377364351
559560219
11983974
69723834
91839682
160058788
840238736
260204321
216812241
520721595
259968180
812444633
766043340
326085383
711386934
212309311
735387716
26041975
525574908
90070480
718752878
643537212
506515649
923433942
225894204
248650835
368182285
80649946
211415676
438557992
219047505
369328462
267922159
413629456
453500564
201285762
570405121
519177847
285264818
78367105
130693451
635868872
580762675
199334486
177186236
228543893
523761865
976965596
549295355
677603120
325067362
119351720
377003645
933009991
216812241
684382037
133678897
484947140
4044457
181861973
83551851
808344340
832202435
297276623
454490383
568512686
965245364
159568890
287880462
152672015
764314767
257292069
586691717
228857206
320995920
882459854
357039880
91839682
286522306
302548115
269043845
559328707
12320173
292234136
385712218
356559090
992908773
715175828
210060124
593316762
986542871
170714746
102589214
620855530
326605788
302548115
9041318
938405712
386990076
383236489
606147999
578445932
998094308
859418032
381755180
972262989
73827571
614741072
921904755
782971607
943194422
986077016
579009084
219047505
278538337
507229511
976222171
447474465
791162172
910401135
127020918
206490884
576510380
420863457
964083182
800207125
716939903
365762632
910786812
257670128
146786168
490840046
252518544
384553650
624900264
551473233
549456183
453559193
517305096
643537212
744294245
418487094
599601711
444763785
159390630
399996323
393600956
236671353
907887148
617422239
276630889
41506572
883459496
110349081
806388205
692738762
718980260
596481200
216588424
415459440
545444603
606533033
446702913
236285482
161377513
779392924
716706161
294620374
994891918
464278011
840790917
536249375
923433942
386983628
974918945
477525667
381996729
656977129
88844458
335789093
574995195
562076326
43957282
261717200
495061050
9561792
933329757
687193820
153815944
634995318
988545087
678550115
892809796
735577427
688359668
913505481
216245200
870887214
842421001
556649750
307406205
263230092
98381458
81008506
208025745
623528936
787418361
281168105
916099202
658908536
988545087
403761944
276775185
444832021
693951884
71472119
269147658
913830218
604232450
252844762
639432326
852080353
349028849
415459440
27178236
26363273
326513436
252494340
45203121
485652069
437458940
106389292
928612867
765385635
38809825
85293063
83027182
292234136
643184832
137174046
681098212
414182677
224380568
515494371
853187749
670727807
312964811
554870173
135662455
29365804
9189186
911493080
376521364
204865575
318703506
454165160
599608756
438997712
138076463
606147999
367604294
692804530
744294245
642008218
741920826
670197092
102589214
765385635
141906491
42508280
422925141
72426849
763042827
877121343
795952976
655268508
254610019
89539629
297489741
159390630
337481685
751976465
233256575
105845648
917249975
968721838
685639363
360128521
556649750
70337395
573497824
80649946
871296620
185878323
572463094
91381269
243906652
505278861
461537283
232958939
12324102
582692494
974151762
190278162
371266368
143355483
816127179
61827593
983318571
718752878
445418665
61827593
313735500
243950061
500299736
886931270
742950245
309012251
521556704
602698696
583348312
751449828
655512862
492614070
943281560
189831506
38840075
434123847
445405082
574553982
452342988
92920457
543689619
99753688
81090350
939652015
554126869
370700778
931320437
690931026
418467620
753902836
729611829
291890857
415089764
411683852
49896972
91297901
391815613
694833533
468092954
146013592
843267370
333306620
527178335
660991922
489450868
268884083
406524814
425875506
842421001
741221580
242739340
469192528
191616302
302871
953741789
229832977
247067771
414784338
815148432
839651716
357432215
206370355
459917588
253414049
800793681
275972424
13878461
980900949
772575291
483042850
191616302
89727520
923367080
132402061
152672015
149072977
281168105
637839377
120837685
489935420
211449370
488761593
861308479
488761593
243678342
439708249
685943945
554262260
127020918
673066311
810277846
330105602
689469417
432033223
243678342
551490506
673741086
734101620
229832977
718752878
569177763
228604261
782067901
446487051
287880462
437993694
514690355
731226414
44896064
56404134
980900949
859922764
519083596
677175467
71472119
961097067
283478874
651180948
912253858
133969249
898258302
348337507
635129242
841055356
228579477
102589214
562336946
883727329
741938475
308934993
79312582
354258948
514874788
353785023
927385157
569771710
956436161
68401094
93917226
19412458
981812962
121202190
243961347
698590841
105809603
822674418
126069193
506515649
343929387
439699980
291574820
855813697
811728012
884336684
843267370
124828950
91297901
67077976
693211735
783100219
482294619
643682129
246130001
398870832
348660146
65780016
184350727
39042597
461880288
583804857
857681230
747474245
3255078
591855564
957543581
173808523
606533033
957779055
110303951
803429662
626940430
361054497
996636341
710561429
489935420
624077461
594731161
22035481
399118946
659632532
13117486
884712848
204310325
267640953
943194422
842850369
927938402
720964925
341444405
243961347
794186310
956927093
191269470
840396007
392926626
729611829
281011958
877121343
545811890
763864269
79537892
927309215
976965596
984638261
831168449
591486906
160058788
91381269
340459375
218634279
357039880
23446352
791162172
596173893
924212835
952788626
862176353
336762088
485722542
83551851
985579053
664878581
687850850
685639363
275775836
422295578
29660735
860049720
430864967
82765802
540329796
184417541
70337395
339880362
522392004
769941417
355531579
980900949
357432215
483094455
295376833
229540678
815192601
609824275
202980783
515494371
959317929
898917881
510515641
833379905
344206011
284326275
5810277
315471574
961919640
331913928
428133680
753580094
361931082
102990945
717384761
653899926
607756409
582472967
538532565
53739143
369205094
220883579
744400308
597582799
815192601
33004330
357608835
464038316
344241363
95780236
391326650
786222871
593316762
241272190
905716622
915197132
976685681
181473388
860470604
926951195
31791552
994995619
637225061
278194783
792310029
334058787
99687341
858864137
159568890
410257536
264710915
427942980
825690776
415459440
243678342
421073603
544905014
1174185
920277924
215176393
335209083
947604237
575592979
927385157
681098212
559116185
512970079
380167947
357660098
792702062
49187205
80649946
345861884
33868311
159250242
895485662
167127130
30879992
747292132
336762088
578271125
336110469
874528766
586183262
487267246
680254384
48961171
970627656
927361159
840790917
488441120
554262260
112636713
599601711
599459807
136199616
480383442
562336946
302751630
681241782
357608835
29413455
378838921
935835168
149009619
336729195
322332104
497459943
357039880
236854831
471527518
81806695
811785106
739266348
479475871
691552227
768743803
391326650
944350211
410997708
410257536
697742324
320065609
286976524
106539967
56436839
438557992
348337507
76067545
216812241
89359168
197603705
200372854
798163988
751533076
524803129
177219422
858864137
469590510
553704569
392926626
476667270
786275422
570939479
475506679
438997712
133678897
472366255
707982931
248650835
586183262
74274797
934332415
341692289
535339967
470666643
900686107
999776596
415459440
931927116
764895461
720417795
118135587
85032611
437458940
622393154
581474200
953324051
113108452
678550115
768766400
537295748
865340822
390456801
944110978
760435910
184197010
412233211
586181383
544730167
234499033
136018293
223941585
275792717
945784482
550551169
905716622
778413360
794909957
912096553
397586720
365629336
765385635
841055356
323081087
310152833
127918242
110303951
801393162
865340822
415459440
82765802
13404325
32965409
111174301
15224455
719008079
736657205
189831506
134599270
806388205
873708339
772394323
785325286
571996876
606533033
353634018
735387716
213856818
894864950
518667991
884219840
758655559
515165867
406524814
641108070
540329796
116051512
83959539
71642825
596481200
619774309
867820252
270037967
579184632
23446352
438997712
209774175
48961171
504155341
229540678
931927116
46836795
348337507
684916895
562895691
167617593
496671998
764889510
495059777
412988526
316453010
382728456
145868834
470014055
687193820
981498273
853219342
634995318
267922159
971924009
645071091
936381229
998559027
767785320
399118946
207220541
988922901
435378617
500913377
698176447
222984022
721961849
74727472
374627928
970627656
54456449
250323372
625402982
197603705
704585511
67967255
270286154
592911676
602019714
484169964
992908773
213856818
963704431
538532565
13117486
126069193
209728083
913505481
451728122
858552850
866242419
211415676
468422398
179591125
916099202
678256121
578855308
177219422
472546078
162378889
815192601
725786352
954641398
36882333
209237236
479282982
590286553
235810697
332898518
625402982
393600956
115308892
362692373
976222171
418976212
136199616
248650835
315276976
404603806
408318260
535764406
616529081
681020805
264791583
228803930
62799122
489935420
635129242
343978232
143927127
517650315
751976465
925622922
602698696
239756458
209728083
130368635
829405488
392926626
386990076
336762088
105809603
719709621
351490757
816403166
747474245
229113415
107484462
9561792
276775185
278538337
165875780
818182954
524887613
127918242
961097067
188721787
436239083
200229907
716607649
432033223
38840075
751966106
565958658
105224553
165875780
566288981
741938475
576831545
971532666
822674418
430864967
733857021
859749505
160195296
400163739
955645502
910332057
724670394
923367080
105224553
289376552
57584730
202687612
880262990
307817912
896611764
274978340
922707024
281065490
920426673
865822374
706337700
523265486
931255729
910786812
482701321
281168105
777798806
489935420
145169198
245837036
39042597
942318222
143355483
774237609
87979206
283478874
366488079
419848486
247537302
772780587
243950061
547623315
979374331
761966479
744794664
246130001
989296944
454644231
882286189
804002591
928034519
741331732
877121343
617804736
102570024
336697473
716706161
338905383
656484108
149655235
775370307
587943464
119351720
243906652
882731788
216812241
274978340
732891441
577558397
911493080
862176353
150421428
19219318
13117486
678256121
51594995
273400581
208795310
318703506
846656961
593949171
353785023
477509810
166144936
368658463
357432215
755758263
651997290
646521435
285264818
414135213
40173620
270286154
670197092
259671697
662172245
957894340
947954361
344410374
418467620
133297725
795800451
782003202
43854334
967655311
882731788
773923513
825181456
96212415
749793380
759147566
694308716
735134534
200524484
768335112
644393439
653964696
130358790
249453076
348337507
374158989
262556947
866204209
147028465
863512815
627717405
779376310
712644915
444669024
200527387
119517565
728950773
301724184
535764406
575802632
228543893
381755180
627211250
956363108
810277846
359944528
520721595
49896972
599489223
89539629
333306620
393465218
514037014
763657674
175510143
887511939
768766400
114707038
299360490
653899926
814471947
425875506
535200538
688036456
321222641
530828096
934166969
942855222
211415676
13117486
74727472
826841863
561462960
349028849
561064295
143701692
669421111
839024618
844290518
927361159
261562491
561064295
30887563
507372030
865686163
967420655
418487094
80649946
254545909
640726917
25379619
655309272
285264818
366539407
902114339
79592443
878701660
440139499
81238989
150246680
580495859
486082929
216174668
381755180
673745685
521878879
994368301
444669024
949481134
189876349
430864967
57584730
850162080
392926626
290966067
151745612
275775836
325720925
6300175
871268922
164114776
804428167
8576661
845616885
543689619
75868781
670197092
729960046
146786168
359944528
527178335
228278183
332898518
897264779
592911676
459917588
958663909
295114106
480606376
439699980
543689619
624077461
441200642
386990076
214569567
632936726
116806993
545292747
159469595
267639144
14558943
741331732
490712924
763864269
718470492
453181508
24466668
894504852
90510973
87580587
161956159
764314767
842775489
865340822
252288633
454644231
130368635
857084906
705464292
236671353
97114550
926268811
880064271
568483975
238632946
855847475
216009933
270440549
345965574
549486176
894246612
842980574
88757928
303696473
931927116
126277997
383236489
207220541
414784338
752741272
286086147
559137700
891554440
592918943
695763095
45985840
750720079
809076111
860049720
478666554
658908536
252536975
135491950
8732094
718980260
130683555
328485030
453963036
145524938
136018293
412988526
979749819
841874649
435424397
280083958
775657172
383236489
91073395
728139144
860049720
519083596
884336684
260204321
785325286
576510380
124876295
571996876
579988701
607117913
49896972
352031342
406858112
788793568
57584730
606700811
237583210
956363108
927361159
129519234
281369705
407097341
29660735
485652069
152672015
577389088
102990945
214253954
418291773
292565055
775005657
249222498
290273875
240713897
763864269
142037553
67335521
944471748
911423258
800793681
49896972
113909507
272130765
216588424
74727472
102250267
264075465
352639805
745254905
855221759
480202231
393873872
706784967
744794664
749622606
425399333
915442420
453196717
637225061
313674752
713765163
643682129
807536860
531424911
624072632
814471947
600006395
406972433
560226231
135989877
257056790
418976212
437993694
145868834
917861420
922732176
953202101
371343694
498330451
102250267
874581111
944350211
274978340
165779551
688361030
580030370
285264818
535200538
454559877
598869135
700152329
506515649
204310325
184197010
806388205
73065862
569117730
441314264
414182677
620855530
380259038
243906652
215722983
244970320
762312864
582472967
483042850
530672620
762872722
208405809
892809796
361054497
134599270
586392943
757007301
529662378
106389292
887511939
558344033
929276870
341194382
687909245
809098483
755659578
741331732
406709072
214911073
222984022
586181383
820408301
866204209
419848486
119517565
133969249
655512862
897264779
944350211
258752494
339002303
697899833
291574820
655512862
791319224
493155360
981812962
292324868
51594995
777951696
700152329
931927116
835251164
486804716
353003177
528245284
160600827
624389244
377666749
842873007
260204321
119166193
819973676
24241822
423642983
116806993
278134554
80649946
719005707
302140658
868358896
87979206
997548061
49896972
440609397
469192528
257056790
115445006
269043845
777099572
322332104
207220541
517898916
406709072
406302821
434304466
580803334
365229939
341324726
634399106
352031342
635129242
309169125
883164219
694057165
795800451
459460417
716788345
322332104
274978340
261404473
486949110
123906063
314947563
298075007
933036886
653067192
514874788
362692373
894504852
733857021
88742706
553340230
651997290
290442436
965218322
126069193
229119333
102297181
269043845
5723654
216009933
869751660
659632532
446702913
348337507
110303951
944350211
939504509
758619292
864613039
732891441
885248942
193522293
366944769
459917588
912541185
271293688
444669024
212309311
64241256
251728773
481583896
802346321
285867328
722069746
949481134
802897564
888118552
846656961
749622606
338423540
533433026
606616385
166144936
831307042
44387111
968813402
702741180
844290518
740005462
124130257
533433026
243960735
561462960
845616885
923433942
708600121
694857316
323040025
310152833
55127219
976222171
133297725
963308892
336762088
343234700
450004611
579429483
968813402
126277997
133757133
160529708
772394323
478852791
678256121
80649946
565958658
911042403
453650848
464038316
664546931
207083148
852272962
668415225
655627701
955685043
137729194
511761841
764617959
317732665
678782109
294846859
591476050
931927116
721961849
930515966
313397866
921116525
214569567
191616302
840056636
122198726
552527312
449573861
907528519
72501666
527816115
486804716
71472119
396375854
549456183
853219342
566067764
184197010
81238989
770624708
828443996
120327805
53739143
167021268
746348761
432033223
522819489
118523233
697899833
206251682
138903492
546433982
716706161
235726469
478091863
30887563
122002177
905123933
577558397
629878795
239139045
591598615
816403166
418976212
478666554
603104643
751124855
589254499
208795310
643788112
721500171
265492397
74274797
720407823
623103019
479015156
364139037
393600956
843267370
181473388
577389088
878131711
933329757
397496035
559137700
656484108
741920826
331564019
971924009
290966067
274978340
980568674
151896852
955718067
175510143
717733743
267922159
983759144
130368635
307406205
880537704
938003133
334058787
318788285
878573444
831502419
630036959
569682261
319143147
408069879
534689450
5367400
210060124
883113184
152228729
831819045
633795930
169164756
586854587
520236676
800432383
680068550
149072977
591476050
44387111
973683102
357608835
403570446
666746479
415350821
534120441
988376492
871268922
610235370
977772456
933329757
586995411
194004257
809507446
624900264
308470037
729960046
726148995
83297965
105224553
577212900
380259038
755407666
86960842
288971962
82264271
336697473
490590339
506515649
219047505
177219422
283053169
481583896
591476050
812394904
89539629
60009287
152228729
91297901
699438356
545444603
395611976
13544743
287880462
676064801
824549476
370700778
749622606
554308569
502698511
725730668
486082929
5367400
687193820
816127179
857488315
819868481
243678342
749793380
922707024
817128143
856660208
302636298
7549537
409837682
353525864
613784301
192987917
921904755
174703650
38161303
949706778
887511939
923433942
704585511
433309762
786222871
537295748
527816115
916045459
423137539
607846246
647253688
561738897
118135587
801640280
620730537
889269370
593316762
591598615
942660871
916099202
553704569
10158665
458336050
885991127
962343877
824623378
688036456
150561057
902114339
395661092
860487554
190427781
130368635
211415676
410948467
574534492
333306620
26363273
807081453
872890896
181629140
836347383
373677696
398870832
477509810
562336946
690810010
886797248
472546078
290273875
725786352
60392035
559560219
71642825
718720441
415459440
471527518
175350142
676064801
566067764
874581111
413629456
409837682
51294227
410948467
377625764
120997125
794186310
744202151
780404281
874581111
428619925
71642825
606305017
83297965
254831250
323688018
290019691
112293779
571024790
786830486
127358272
325981312
632815600
759215059
190668430
885248942
738769861
453963036
425875506
209665637
30887563
377671299
21655549
165875780
956363108
569117730
769177746
303308051
88742706
320065609
854862368
766043340
125302062
71269201
320190015
512968314
913505481
130683555
800793681
684382037
366944769
185092563
357608835
202583777
125302062
8498132
719095835
694308716
22313472
138076463
615965445
107177037
985010043
563048249
483094455
842775489
643107336
778413360
390726302
76097374
853187749
549778550
17647347
176725891
90372097
49207688
179591125
132038040
831949320
728326361
982709274
143226910
426033596
631513654
758510367
949481134
133297725
327062973
321222641
152672015
85919606
831168449
921844625
305391873
214895907
970209853
2268771
632936726
607893706
6788365
380259038
659632532
344206011
206744726
687975061
664435284
963952975
490590339
521447816
352031342
209665637
792310029
957779055
611804693
662394423
867015130
660633242
31791552
792310029
215972468
572089540
651772788
933216883
818222241
879109191
904932683
68536510
247989773
409837682
439699980
338901668
653678084
257908293
453968857
516493175
874911723
675781280
119351720
406972433
391682772
489330151
599489223
716059081
307063605
82765802
395704482
5405397
19412458
477888590
539778235
212309311
535339967
105972240
255809348
942660871
11859735
402154912
239139045
45203121
716939903
279191071
37327432
267639144
244147670
521878879
243961347
71642825
953202101
40585118
426678310
786830486
450004611
414784338
303660073
340897383
591889489
783089777
53503920
369328462
102589214
658908536
194867753
949481134
950509003
927886037
341692289
163957989
775657172
976685681
590286553
184417541
481583896
763657674
49207688
684916895
273838005
981426062
94152580
102589214
428827825
520111431
864043792
422925141
968721838
341007631
693211735
67077976
352837118
247537302
70337395
349028849
77724948
506515649
599459807
987349975
835678122
539204493
1253304
88670278
249453076
491646249
925622922
181983021
596729571
436367177
706784967
191616302
640726917
413648202
646105804
858592562
110349081
236026064
687850850
421848479
215176393
366153913
689473088
795423837
480271897
315276976
660633242
695895078
3660796
191269470
66641653
125445259
896638221
248735784
882459854
76067545
988959073
152990205
490057238
934201997
786275422
8011654
923367080
896763278
888118552
569682261
365229939
967071928
393873872
670727807
564696581
380248212
281283725
339702450
917659776
243678342
134599270
650305692
355845755
846656961
181907423
344410374
461530025
676073439
299360490
971359908
306596048
418976212
308266398
254610019
829366216
438480661
740213280
261562491
77479383
606395047
560700892
680851993
921957729
952799561
73996675
707345278
620338375
361931082
422295578
483147450
489631570
178209190
545129557
75037839
349864139
76097374
158133783
626940430
408786907
39586937
935023551
696144959
944350211
145169198
216801835
327062973
262556947
722518289
692547691
673745685
846869625
273667386
330105602
980568674
56404134
953725925
179372808
361054497
453963036
738769861
921904755
224380568
255681460
228543893
999807749
741331732
813691849
715607659
887511939
74274797
320995920
243950061
917861420
201278334
29413455
38357626
137196244
550007972
739313322
355845755
303696473
73864401
988545087
452342988
428619925
73996675
152990205
373239567
747123098
368492373
65184627
387896793
95613363
694857316
569631445
844919271
702741180
775005657
530182631
133297725
692804530
927886037
359789235
99933
302636298
934201997
331928334
782677142
482294619
562336946
302140658
308470037
455692040
909000051
240736619
171469133
967451424
91942177
159045950
506515649
447804554
8498132
135708002
96623695
21538378
160529708
551309338
242590481
200372854
572463094
739350141
685639363
52725035
875726398
83027182
260204321
650639213
852303032
5367400
982233053
805213015
458336050
95613363
61827593
759574763
54669762
566769439
530254402
668415225
133678897
749793380
331827195
9614119
145203676
949706778
185184271
561927263
58086355
323688018
611804693
253729894
557125992
552527312
340897383
167812604
125445259
83352113
419782569
655047536
645323141
50139330
681648382
729929985
950699329
481583896
988545087
716246825
264941813
533433026
233810330
297634957
493155360
11955925
328485030
204865575
800796995
64132502
549295355
784311267
916366894
454948676
133297725
971359908
28252311
564043690
977772456
986542871
311337531
437463582
152672015
316204790
453963036
142360356
80649946
855847475
704585511
105092797
963243418
902675108
456419842
602259088
474952030
452854092
143831354
290019691
214253954
986542871
258752494
414182677
321222641
252208897
126412316
873708339
965701394
977030692
547273588
925469895
687909245
544730167
383241333
977772456
486829991
532461519
238632946
942318222
170714746
180536093
997362391
986777772
163957989
74182363
944982194
73201784
644817836
441200642
768335112
531841178
568483975
577558397
707345278
624077461
188880963
857488315
772394323
334622393
653678084
151896852
11795907
641137169
62658489
514690355
911042403
333284582
735134534
122198726
981426062
370801601
33868311
735387716
242920703
224380568
490712924
231573073
357432215
514829728
253288798
180867801
775370307
826841863
700419224
578271125
548522458
73864401
291824224
898258302
384701618
213709711
921844625
919692462
104075142
206464208
903844963
391815613
912253858
411526283
976222171
715139405
970627656
887599152
997362391
281369705
727957005
26302683
575391677
809076111
293039520
770478311
566067764
119202718
32508752
12320173
213709711
285264818
761898033
426033596
611680973
622393154
782971607
725786352
785467481
210744284
910786812
484007973
437685866
676064801
375303025
683977840
632936726
606147999
22576800
933216883
201285762
464278011
912096553
358923812
842638862
120327805
254512161
477888590
975910252
909000051
526280245
485046260
858089636
891888735
921963407
204310325
234929531
745438903
40500065
5367400
895485662
283478874
835134813
409837682
159568890
998273144
999023274
426033596
297276623
92116737
113314085
341692289
706337700
934615493
878856414
495453776
272130765
274777164
268884083
739313322
167812604
27178236
980568674
817128143
104108403
564165086
934615493
162863645
403570446
632964770
861228542
397101552
597582799
576074024
224814519
739313322
725641244
571510333
435095390
360128521
147028465
659312694
370700778
569857912
686676513
772465874
91942177
250323372
194324364
324389569
815244856
16486398
417073620
216812241
281065490
425011841
85919606
931927116
181629140
974918945
816127179
976222171
971359908
193099961
704585511
983318571
122002177
436963878
370700778
353101427
542032176
133297725
931183119
335549258
963243418
987723930
329482050
126412316
281283725
949706778
804002591
306022453
829366216
325486194
960237305
670224103
704599896
571996876
912253858
296382470
9041318
874528766
675781280
863112812
929465625
438480661
313735500
222928713
879820976
733224103
586183262
988959073
475899735
377671299
49344157
224958761
971359908
946806895
537295748
352226874
873305214
944982194
888982406
866242419
447474465
336729195
135708002
751533076
332016333
474870362
576510380
692547691
963952975
934166969
653899926
490608967
249453076
818222241
383236489
211449370
988545087
566067764
161377513
95780236
825690776
579801990
897626791
655512862
235726469
464038316
680068550
72501666
223695140
27178236
143413060
133969249
303696473
170739427
747123098
955160467
384890783
209728083
728893038
718752878
250323372
444669024
26938089
931320437
38621709
929965110
505929909
866204209
623103019
867756516
865686163
831028172
167812604
477815696
418779187
414836135
145169198
711853454
849578731
927361159
184417541
918636928
334254231
214911073
388923793
859418032
655268508
949481134
611501219
136199616
72217707
698403527
181122091
953157641
248777096
274978340
490590339
717384761
767303201
670727807
256374784
949706778
927886037
750767850
526517448
771805858
363728028
857681230
102402366
579184632
285264818
292962582
768766400
948401257
567778066
596173893
358602702
554262260
634905077
651997290
111576965
209972613
464144948
276954950
118135587
222984022
295719999
852784379
742950245
209972613
70337395
181629140
220379441
14558943
997279584
279676159
244970320
110188239
883113184
638231051
899899631
915764437
16486398
571933604
225688302
669421111
398158415
298394132
362180100
784067079
280563115
456419842
666159861
525613259
270320748
44387111
854862368
660991922
474456970
242602689
130368635
785325286
620711250
537281929
513923309
134599270
921844625
725730668
805213015
947513092
269147658
911423258
79537892
864545084
49896972
930515966
307406205
670727807
519844848
126277997
762872722
452342988
551473233
886190594
117384912
981426062
682715505
521878879
280928752
308934993
343421639
231573073
161377513
574534492
211415676
669421111
645323141
331294816
899906504
736657205
646032190
746925337
894246612
780678582
744272072
331294816
778568307
406524814
119517565
551490506
811785106
596365156
336697473
153948174
784067079
325792058
852303032
342042804
76097374
44896064
290442436
403932706
11983974
884712848
209191587
340459375
744301238
257056790
923353232
298394132
681648382
860049720
335549258
977357974
835675771
370068138
399118946
222984022
599553543
67967255
22576800
859418032
274792471
771805858
693211735
384890783
397496035
222928713
522819489
611501219
964083182
686280335
219047505
481748395
550551169
162099325
495061050
514037014
290636494
863112812
103462083
411526283
170714746
251124674
956363108
537295748
594213079
763641364
993033754
718529924
390093242
437463582
216812241
770624708
980900949
974918945
981426062
162340845
675781280
858636838
717384761
481583896
753902836
410779421
16711860
623258415
193522293
272130765
325652269
733227110
6300175
324389569
955645502
491213976
290159900
307755238
42508280
514829728
953202101
658078502
739350141
668415225
68401094
801616182
866204209
454490383
292234136
44220210
61827593
865822374
538742450
66641653
357039880
313397866
210082432
739313322
110203551
648087082
526280245
398158415
633314965
653678084
291890857
934201997
132038040
837653399
501204356
150535289
558098168
733224103
483147450
772465874
174624378
916366894
818222241
896638221
525698965
991088528
882731788
335789093
73996675
150159877
368492373
8588107
561462960
467118269
85919606
974151762
521878879
562336946
759574763
977454529
306360331
8576661
661676142
254831250
339002303
646032190
673066311
763042827
541037503
41166775
420897486
111700105
415663780
418976212
559116185
236089264
497459943
668415225
302871
322332104
259080477
529662378
444669024
395611976
388923793
693211735
850511499
898096066
777099572
971359908
8011654
40585118
739266348
335577823
435378617
751449828
152672015
68401094
751976465
290442436
699198666
438557992
922278297
600006395
671804521
419421929
370700778
949251978
517099697
634707443
469192528
223941585
194254701
130573309
763042827
344410374
300239313
818222241
985804928
415571890
981737499
333306620
390456801
605802385
428133680
770710755
477509810
817128143
843193783
927361159
78657326
29660735
466521050
536866500
89128947
566067764
152672015
163957989
150561057
359789235
829269401
314278549
550007972
257056790
9614119
705872656
339002303
485722542
627717405
402737849
935416575
956436161
643682129
149072977
644196341
402262484
251390666
936241840
853014783
537295748
911493080
989092282
839024618
761966479
883279709
143355483
415663780
425011841
566067764
120327805
276706603
427942980
762454355
122002177
986542871
726160188
477016810
596481200
421073603
774237609
292324868
911042403
863512815
840261332
317142792
31757095
34758790
865822374
977546820
885991127
749673667
116806993
87093028
100339701
895060235
923367080
757007301
45203121
114713124
524610947
490929410
352907442
464995452
720383578
912253858
150561057
297386116
680067110
214911073
889281030
874788643
438997712
80649946
246958838
880262990
256601052
210088359
491213976
51594995
228604261
822618730
135662455
703164983
706558135
419421929
210060124
125445259
185184271
988376492
561462960
758510367
750767850
322658861
258010298
642008218
839024618
537295748
321635191
169882850
921101051
296949413
874692678
251390666
689469417
594900816
302871
998273144
120249462
210060124
184417541
588293570
338905383
228857206
981498273
240713897
788793568
115445006
762454355
761424185
778413360
782483652
695605089
88133664
860487554
982709274
825690776
797982721
276630889
105809603
117195694
77724948
281283725
271777705
418487094
880537704
795423837
680851993
490840046
234929531
211415676
413883743
54674614
921963407
225747598
218634279
386559373
127918242
908735501
545129557
900487109
370700778
406972433
897264779
461530025
572089540
112927118
656539777
705910877
860049720
8011654
273838005
442770324
335209083
548651251
400835514
867756516
739313322
378838921
783571513
252844762
11795907
756227896
508767167
479282982
704599896
425011841
529037849
873708339
357608835
384553650
924429248
95866528
48961171
764314767
437644188
406302821
313949188
76500836
363593388
627211250
617804736
411526283
248983311
270440549
653964696
355506752
624072632
424063150
636473986
56404134
406524814
620855530
599698427
163957989
467260383
664200962
597582799
598869135
572463094
298735
632964770
464278011
529662378
921963407
575897344
524803129
907887148
606616385
287880462
501383450
545811890
961097067
145401030
333306620
348337507
751976465
248116556
275274950
963387691
949801583
466999377
317505530
254545909
619392513
228857206
420897486
252518544
414135213
573378100
290220066
792553078
11859735
871296620
161875293
787725985
158133783
438480661
360030103
840960468
180327198
216333066
964083182
158991111
432033223
625993214
206490884
165257028
842638862
853219342
880537704
519024066
635375988
956363108
983207962
189876349
431698489
986777772
961097067
214569567
824627392
362692373
157618133
896837570
584332428
374158989
418976212
35167555
625323963
216801835
357432215
944110978
913505481
934332415
728624925
174703650
946896548
853219342
549456183
522392004
87580587
312964811
81806695
234499033
994891918
549778550
749622606
689226883
892977284
676064801
258320345
264846066
86960842
78367105
250996186
689226883
817649562
319854469
140869348
415571890
366263270
926268811
81308061
920138872
592963672
110203551
464995452
65780016
569857912
74727472
935416575
159568890
442770324
823120433
279676159
80649946
111700105
334617515
214911073
352226874
214569567
339081775
238632946
537281929
96892761
348980765
805213015
328485030
197603705
416535657
660633242
258466431
150561057
539778235
768335112
677175467
775657172
530672620
13825418
680067110
946806895
106609250
924429248
38357626
864914732
446072666
831168449
164980179
251390666
251390666
40500065
629708770
210060124
110188239
542265752
874911723
422444721
390093242
501088188
596365156
725786352
626916077
673741086
65780016
190278162
988545087
666812310
945784482
641442137
127918242
230706114
971532666
16596268
878573444
801217518
739313322
326216261
13117486
928740009
1174185
846656961
57705637
777590440
115743601
917861420
277087679
698176447
853219342
850694891
287333745
550481708
514566735
574995195
807081453
279607688
556804714
818748694
25080275
620711250
693211735
96212415
797423874
279676159
296949413
240713897
366539407
236547597
688036456
341692289
568954206
805213015
239139045
245837036
963485382
225688302
555070030
337481685
965218322
2313031
489935420
281065490
569177763
159045950
533433026
494045367
113651701
270440549
112636713
953741789
645312297
644817836
577389088
678149863
739266348
873708339
261562491
626137295
1174185
229832977
381755180
152228729
537295748
333190216
694857316
510515641
718419158
331294816
156468076
20265450
878902287
663184446
916626930
800793681
273877368
567439893
741920826
755784659
537295748
114961202
717384761
54674614
539778235
805213015
697742324
942511259
65780016
376521364
826841863
877121343
382728456
336697473
546433982
84312947
176764906
578445932
751976465
708243434
1174185
683977840
976685681
524803129
435378617
425923083
718980260
725730668
149072977
57039021
775489307
102990945
550481708
768335112
640691975
311337531
888792170
729463910
120327805
275775836
777951696
715175828
668415225
257908293
303660073
990925063
366263270
428827825
512968314
56404134
163957989
383236489
468924580
479401746
774237609
779079896
436979093
999943521
977051764
95372718
284617695
479015156
880064271
863968627
649933407
526280245
880227900
871296620
241272190
782677142
377625764
480606376
174934156
122986943
8498132
303660073
466999377
739350141
981426062
189591334
258562429
55127219
410997708
627211250
215176393
478852791
829405488
596481200
687850850
351228449
572089540
300239313
576871909
819081669
836132757
302140658
276706603
207083148
641108070
786222871
209237236
184417541
741221580
291824224
295222023
8498132
95613363
160058788
528498045
619392513
321222641
90372097
596481200
759215059
644277558
486082929
357039880
809076111
1253304
490608967
314841676
986542871
174934156
185656411
329974144
944350211
816976883
440609397
242791866
859922764
59814054
244131858
550626746
857681230
860470604
345205386
606147999
629925385
504155341
436239083
579009084
375111401
463355000
883727329
143129369
556967856
898895279
184417541
543689619
617804736
934201997
967071928
40173620
98381458
982233053
842980574
943194422
899958395
323081087
336509443
287880462
500836384
44896064
292234136
678215389
31757095
651180948
718470492
567439893
681098212
581057036
911423258
744794664
357660098
902114339
99898097
594213079
595428766
453289294
36330409
477240580
923433942
122637109
828070778
831502419
534011294
577558397
909245977
970302272
209665637
331159247
529662378
184417541
329036469
569177763
6788365
126267669
334644641
486804716
840261332
527816115
64045753
61827593
418467620
911423258
512968314
181907423
536226848
71269201
660991922
646105804
285264818
552527312
90372097
960147126
550551169
331564019
978785935
123906063
141816558
953341285
297744464
660991922
340915156
586294400
285264818
145401030
800207125
952799561
852719015
744272072
508081034
486082929
571996876
745438903
971359908
820408301
879941638
479015156
376521364
603104643
79075644
325720925
321222641
593316762
837449913
212309311
682715505
874788643
656977129
994995619
525824940
137448010
334622393
312570439
468835088
365884096
827425557
91839682
917659776
57705637
501678262
479015156
632964770
556649750
299099734
619774309
827320832
5810277
145868834
511315110
137196244
473786151
122265192
142037553
45985840
718419158
425923083
65780016
818748694
446702913
341692289
274978340
742950245
764889510
525698965
741331732
866204209
714252889
822618499
392303523
27971395
858592562
26363273
386990076
302751630
569857912
283289125
150114909
90372097
282724279
506515649
185194425
71969471
477674380
681188303
439283131
338596329
547273588
932492983
627705409
839651716
888979136
427942980
767303201
403761944
842287840
963243418
181629140
668415225
262556947
147028465
988922901
839651716
10960934
613080378
122637109
255354901
689473088
253595491
872183036
726160188
650838979
704585511
435378617
500729953
840790917
818222241
184510116
827750535
102589214
664546931
543689619
409681605
786730998
585445983
58086355
998273144
693705846
481583896
549295355
457634507
683622406
487595663
123906063
875459374
343978232
455692040
414135213
575897344
763042827
745613230
630036959
70337395
287880462
194004257
168790516
493155360
26363273
71472119
871296620
430875872
288613831
498445009
575592979
10169054
556804714
377625764
254449124
606211401
45262634
56404134
184251912
11983974
403570446
93394929
724884130
989296944
764889510
479282982
579009084
537281929
718980260
473824857
913830218
281283725
138626505
916366894
290513845
653678084
554308569
130368635
778134208
770710755
357608835
376090650
887027013
397586720
464735206
56404134
458485672
654310135
193503327
221737340
735530511
718752878
88844458
141906491
977546820
777099572
215722983
243961347
594900816
559328707
561462960
438557992
906223862
201278334
750818840
822618499
962168275
680146794
578445932
106539967
549778550
531841178
722518289
226655332
797989244
632936726
599698427
753580094
316453010
887951259
89727520
48752050
543870511
841373589
258466431
315276976
512968314
945242755
453968857
181473388
898895279
648517946
683977840
652748461
363593388
258313286
536861678
549474617
792702062
743915141
709250076
404603806
295884895
728950773
741200146
568483975
928034519
860771971
667410136
91297901
162340845
400835514
554262260
599608756
882731788
427942980
296949413
139519365
76097374
493155360
46836795
206464208
630036959
552843776
179154557
838898020
4044457
767303201
322332104
103189020
39042597
250996186
454644231
317416792
794186310
977454529
285867328
150535289
812868218
596481200
279676159
648491427
187929385
35662492
888979136
273838005
710674886
946844822
348153896
95613363
831949320
973683102
618150451
828443996
163957989
877121343
73065862
586691717
477016810
695605089
72945029
977772456
164980179
919847785
758111256
997279584
675050210
398158415
142360356
703164983
145169198
41166775
208795310
994891918
536866500
964083182
643788112
5367400
842850369
211415676
331928334
330105602
815192601
785325286
529662378
143611042
980568674
643759880
103189020
710561429
11955925
403932706
718419158
767303201
536578969
6788365
660396598
779142243
100783111
632936726
490057238
419782569
935835168
797989244
308934993
536226848
897718958
72426849
549456183
470666643
662172245
845616885
480202231
35167555
859922764
84989054
871268922
410997708
695763095
653964696
815244856
896795008
32795022
32795022
670727807
840790917
666159861
453181508
518070524
850694891
102990945
572943904
729611829
51294227
591486906
609887093
553704569
89359168
200527387
947513092
57705637
637225061
744280341
70337395
679978924
866204209
170714746
976222171
606147999
145169198
844919271
166120189
236671353
673066311
831819045
514874788
187929385
829366216
806860911
861228542
673741086
313056928
257908293
798080568
260204321
545129557
240736619
220347530
341692289
858864137
276630889
946844822
119517565
542265752
269043845
846149571
902114339
701329257
142360356
597245704
609824275
780404281
335590625
478091863
42508280
418779187
3255078
846149571
478779172
367961572
725641244
444669024
467268454
366153913
299322636
749622606
441200642
916099202
150561057
910786812
119517565
408367486
560700892
452342988
415459440
606616385
290019691
772465874
40585118
499582526
180867801
681098212
714597751
107177037
33004330
545444603
788793568
137729194
218634279
408950583
685639363
469867625
998273144
720593991
257670128
819012562
484007973
902114339
167812604
722518289
298851189
402737849
858552850
207576067
454490383
840396007
456454266
252288633
464038316
805213015
242590481
842421001
454490383
332315047
179591125
955645502
807081453
469867625
368675318
729960046
586995411
855221759
993986887
444075591
238632946
512968314
135989877
486804716
490590339
680254384
896611764
269043845
765385635
135491950
938405712
577959235
132038040
566769439
191616302
812868218
815192601
77724948
489935420
676064801
176350741
327062973
271293688
439708249
406524814
212309311
929276870
297386116
962766714
198108999
427594584
354515198
741920826
115992489
323040025
737264169
127020918
763657674
207559057
57705637
534689450
102570024
660396598
47340891
941350944
735437886
596481200
702589140
774237609
261219421
10579873
554262260
283906395
653678084
529662378
731226414
879217263
586183262
916099202
634399106
67995708
826466155
936241840
683660031
320065609
23027
122265192
66067243
923158448
998938415
878856414
561064295
945342877
218098403
975910252
409416785
931183119
454644231
840056636
525613259
704585511
250360935
456779707
666812310
999268607
243906652
194004257
29365804
130363126
997904947
907930641
140775366
550521747
855221759
159390630
822618730
185878323
927361159
257292069
212309311
3255078
703164983
466999377
311337531
191038521
71472119
206370355
67335521
798883632
416535657
468835088
662030296
751449828
880537704
133297725
647783039
792310029
988545087
871400731
626179442
927886037
689469417
357608835
26302683
764895461
640726917
395704482
688359668
224817679
819081669
1174185
88844458
380259038
398870832
407288047
590286553
768766400
147923576
207097220
395535387
836161650
478217717
854640559
643498577
51594995
174703650
751924123
22576800
281168105
199287455
56404134
525613259
547273588
165581796
188721787
919296106
380259038
288613831
631062218
529662378
777557378
185184271
549486176
520566896
578445932
809098483
145557486
751286657
970627656
398870832
977772456
175510143
635375988
722518289
764889510
950699329
236026064
13117486
165257028
158945899
190591235
887951259
488565881
460959672
931255729
798163988
489330151
486804716
195612989
235726469
599590352
253288798
251390666
259671697
648491427
137196244
696960259
286086147
406972433
883727329
832106108
52487936
762872722
805213015
703164983
333306620
952788626
276537958
298475888
66641653
637455273
177186236
294930453
522067738
191616302
763864269
603713942
514874788
409837682
333306620
31757095
819586855
635375988
189876349
943194422
692738762
640987350
336762088
935416575
428970240
392662226
481748395
255354901
240736619
780598937
34758790
289968756
617422239
551473233
30340942
318447187
949289975
37976523
619392513
385627525
511761841
898096066
659632532
213709711
753580094
58086355
521878879
338901668
426033596
466541751
324389569
905716622
546099649
143701692
74274797
977030692
65184627
115743601
402737849
956436161
836355509
147923576
307406205
980568674
106389292
248983311
33868311
870887214
765385635
344073579
10579873
777099572
552527312
152228729
333468470
11795907
441200642
73065862
32508752
119202718
93917226
648517946
524887613
931255729
83735360
621093045
407368217
248650835
976222171
764617959
646165492
613080378
987723930
851313728
654146784
321222641
164980179
199334486
178209190
249453076
485652069
88742706
778263207
759574763
102990945
651997290
967872912
72945029
843193783
538228486
541989247
63854140
776237043
551473233
441297770
162378889
687909245
217976053
485046260
280083958
965701394
31757095
928989756
896611764
84312947
99898097
914643841
528498045
569117730
312964811
211415676
739350141
123906063
796342853
750720079
899958395
554126869
485046260
383236489
142037553
76895225
372906456
630036959
871296620
9605306
985534564
676370399
326216261
16486398
446702913
627274102
794186310
45714084
942855222
677489805
566067764
130573309
495061050
835675771
387169413
716607649
91381269
102570024
423137539
985804928
459033950
969457664
682715505
184363115
554308569
384701618
632936726
975910252
568954206
403570446
105809603
445405082
778134208
475884409
149072977
83352113
424063150
867756516
936664724
982709274
987349975
235443621
250360935
895485662
489631570
467260383
135708002
911401872
891989769
773923513
299360490
341692289
513923309
201651170
682715505
930360620
3660796
777421851
15806106
125445259
85032611
741331732
330649942
485807823
269147658
128007956
242920703
779079896
489450868
118135587
192987917
568954206
764889510
953725925
525613259
602259088
612041888
164775602
16486398
535764406
798163988
236285482
520903686
822618499
596481200
511761841
997603707
336155126
425875506
763042827
660396598
910949169
187929385
662172245
76097374
683622406
676064801
694812896
485046260
851313728
617916804
891554440
99753688
933036886
683494516
623258415
974296487
208178763
470051007
323892638
719005707
585157274
666746479
229832977
