1
2
6
12
60
60
420
840
2520
2520
27720
27720
360360
360360
360360
720720
12252240
12252240
232792560
232792560
232792560
232792560
354228845
354228845
771144218
771144218
313432640
313432640
89546497
89546497
775941393
551882779
551882779
551882779
551882779
551882779
419662683
419662683
419662683
419662683
206169884
206169884
865304956
865304956
865304956
865304956
669332652
669332652
685328536
685328536
685328536
685328536
322412156
322412156
322412156
322412156
322412156
322412156
22317071
22317071
361341324
361341324
361341324
722682648
722682648
722682648
419737080
419737080
419737080
419737080
801332477
801332477
497270415
497270415
497270415
497270415
497270415
497270415
284362512
284362512
853087536
853087536
806264998
806264998
806264998
806264998
806264998
806264998
757584325
757584325
757584325
757584325
757584325
757584325
757584325
757584325
485679014
485679014
485679014
485679014
53580071
53580071
518747278
518747278
518747278
518747278
505958361
505958361
149460964
149460964
149460964
149460964
889088820
889088820
889088820
889088820
889088820
889088820
889088820
889088820
779976957
779976957
779976957
779976957
899884764
899884764
285364230
570728460
570728460
570728460
765427742
765427742
765427742
765427742
765427742
765427742
863599926
863599926
40388874
40388874
40388874
40388874
40388874
40388874
40388874
40388874
40388874
40388874
17942184
17942184
709269770
709269770
709269770
709269770
709269770
709269770
355353113
355353113
355353113
355353113
355353113
355353113
922557020
922557020
922557020
922557020
67021262
67021262
871276406
871276406
871276406
871276406
730817188
730817188
730817188
730817188
730817188
730817188
816275742
816275742
745908273
745908273
745908273
745908273
745908273
745908273
745908273
745908273
745908273
745908273
468479149
468479149
416475127
416475127
416475127
416475127
45599445
45599445
74289492
74289492
74289492
74289492
74289492
74289492
74289492
74289492
74289492
74289492
74289492
74289492
675082707
675082707
675082707
675082707
675082707
675082707
675082707
675082707
675082707
675082707
675082707
675082707
543442611
543442611
543442611
543442611
361471836
361471836
777049870
777049870
777049870
777049870
52618443
52618443
52618443
52618443
52618443
52618443
575807793
575807793
769677147
769677147
309031427
309031427
309031427
309031427
309031427
309031427
309031427
309031427
566887638
566887638
566887638
566887638
566887638
133775269
380243895
380243895
380243895
380243895
380243895
380243895
4143685
4143685
4143685
4143685
4143685
4143685
114651258
114651258
70490701
70490701
70490701
70490701
70490701
70490701
525924044
525924044
525924044
525924044
784655335
784655335
57458251
57458251
57458251
57458251
57458251
57458251
976790267
976790267
976790267
976790267
199546229
199546229
199546229
199546229
199546229
199546229
199546229
199546229
199546229
199546229
199546229
199546229
199546229
199546229
260691876
260691876
260691876
260691876
75172869
75172869
529107836
529107836
529107836
529107836
727182843
727182843
727182843
727182843
727182843
727182843
727182843
727182843
727182843
727182843
727182843
727182843
727182843
727182843
697519353
697519353
697519353
697519353
697519353
697519353
64020316
64020316
64020316
64020316
64020316
64020316
448142212
448142212
448142212
448142212
505346479
505346479
365919939
365919939
365919939
365919939
169737564
169737564
169737564
169737564
169737564
169737564
935785056
935785056
779915945
779915945
779915945
779915945
779915945
779915945
229149813
229149813
229149813
229149813
229149813
229149813
472879654
472879654
472879654
472879654
472879654
472879654
221387613
221387613
221387613
221387613
791455191
791455191
791455191
791455191
791455191
791455191
876067150
876067150
876067150
876067150
876067150
876067150
876067150
876067150
798656121
798656121
798656121
798656121
261102281
261102281
261102281
261102281
261102281
261102281
261102281
261102281
790832187
790832187
790832187
790832187
790832187
790832187
790832187
790832187
790832187
790832187
358684036
358684036
5978099
5978099
5978099
5978099
5978099
5978099
5978099
5978099
5978099
5978099
576560655
576560655
650761872
650761872
650761872
650761872
650761872
650761872
684459813
684459813
684459813
684459813
215695038
215695038
215695038
215695038
215695038
215695038
847071390
847071390
847071390
847071390
847071390
847071390
847071390
847071390
111622521
111622521
111622521
111622521
457981824
457981824
45583028
45583028
45583028
45583028
287273929
287273929
287273929
287273929
287273929
287273929
287273929
287273929
287273929
287273929
287273929
287273929
604211032
604211032
604211032
604211032
604211032
604211032
604211032
604211032
250770526
250770526
250770526
250770526
128327405
128327405
128327405
128327405
128327405
128327405
128327405
128327405
35374647
35374647
35374647
35374647
793447322
793447322
793447322
793447322
793447322
793447322
864684077
864684077
864684077
729368147
729368147
729368147
729368147
729368147
729368147
729368147
729368147
729368147
801927
801927
419407821
419407821
419407821
419407821
419407821
419407821
646379820
646379820
646379820
646379820
646379820
646379820
646379820
646379820
646379820
646379820
646379820
646379820
691480177
691480177
691480177
691480177
691480177
691480177
239654173
239654173
239654173
239654173
239654173
239654173
239654173
239654173
239654173
239654173
487373430
487373430
487373430
487373430
487373430
487373430
391239172
391239172
391239172
391239172
391239172
391239172
615087314
615087314
214853837
214853837
214853837
214853837
214853837
214853837
970663088
970663088
970663088
970663088
970663088
970663088
970663088
970663088
970663088
970663088
779228673
779228673
779228673
779228673
779228673
779228673
82599855
82599855
82599855
82599855
82599855
82599855
477312802
477312802
864992000
864992000
864992000
864992000
864992000
864992000
50140325
50140325
50140325
50140325
50140325
50140325
736019015
736019015
736019015
736019015
123729077
123729077
588298131
588298131
588298131
588298131
588298131
588298131
941490641
941490641
941490641
941490641
941490641
941490641
80590313
80590313
80590313
80590313
80590313
80590313
80590313
80590313
80590313
80590313
658390276
658390276
344944507
344944507
344944507
344944507
179094468
179094468
179094468
179094468
179094468
179094468
948686792
948686792
948686792
948686792
948686792
948686792
184591553
184591553
15015679
15015679
15015679
15015679
15015679
15015679
15015679
15015679
15015679
15015679
15015679
15015679
105551897
105551897
105551897
105551897
458633772
458633772
458633772
458633772
458633772
458633772
246864085
246864085
246864085
246864085
246864085
246864085
246864085
246864085
583081545
583081545
583081545
583081545
583081545
583081545
583081545
583081545
583081545
583081545
740160189
740160189
740160189
740160189
740160189
740160189
740160189
740160189
773570333
773570333
773570333
773570333
773570333
773570333
773570333
773570333
773570333
773570333
197065535
197065535
197065535
197065535
197065535
197065535
197065535
197065535
266642944
266642944
799928832
799928832
799928832
799928832
347829754
347829754
347829754
347829754
347829754
347829754
46186407
46186407
46186407
46186407
316500163
316500163
316500163
316500163
316500163
316500163
316500163
316500163
691620754
691620754
691620754
691620754
691620754
691620754
556907117
556907117
556907117
556907117
806313076
806313076
806313076
806313076
806313076
806313076
806313076
806313076
54751104
54751104
54751104
54751104
322603098
322603098
322603098
322603098
322603098
322603098
322603098
322603098
322603098
322603098
322603098
322603098
322603098
322603098
888636355
888636355
888636355
888636355
888636355
888636355
888636355
888636355
888636355
888636355
243169979
243169979
243169979
243169979
243169979
243169979
243169979
243169979
243169979
243169979
243169979
243169979
724511639
724511639
578935120
578935120
578935120
578935120
578935120
578935120
578935120
578935120
578935120
578935120
305730195
305730195
615948728
615948728
615948728
615948728
389594493
389594493
973832443
973832443
973832443
973832443
973832443
973832443
973832443
973832443
973832443
973832443
45413958
45413958
317004775
317004775
317004775
317004775
317004775
317004775
317004775
317004775
317004775
317004775
317004775
317004775
405071185
405071185
405071185
405071185
146003116
146003116
416675769
416675769
416675769
416675769
591186134
591186134
591186134
591186134
591186134
591186134
591186134
591186134
591186134
591186134
591186134
591186134
591186134
591186134
470235892
470235892
470235892
470235892
277817954
277817954
313251667
313251667
313251667
313251667
854226690
854226690
854226690
854226690
854226690
854226690
854226690
854226690
854226690
854226690
854226690
854226690
854226690
854226690
854226690
854226690
854226690
854226690
854226690
854226690
783602412
783602412
783602412
783602412
861792341
861792341
861792341
861792341
861792341
861792341
861792341
861792341
987155842
987155842
987155842
987155842
987155842
987155842
987155842
987155842
987155842
987155842
67770799
67770799
67770799
67770799
67770799
67770799
67770799
67770799
501238222
501238222
501238222
501238222
665163605
665163605
665163605
665163605
665163605
665163605
909929532
909929532
909929532
909929532
909929532
909929532
162837927
162837927
162837927
162837927
162837927
162837927
162837927
162837927
47975702
47975702
47975702
47975702
47975702
47975702
392503512
392503512
392503512
392503512
120907485
120907485
120907485
120907485
120907485
120907485
126612019
126612019
126612019
126612019
126612019
126612019
459613809
459613809
459613809
459613809
459613809
459613809
459613809
459613809
477281534
477281534
477281534
477281534
477281534
477281534
849686073
849686073
849686073
849686073
849686073
849686073
849686073
849686073
849686073
849686073
849686073
849686073
333241658
333241658
333241658
333241658
573797195
573797195
573797195
573797195
573797195
573797195
699337617
699337617
23701959
23701959
23701959
47403918
47403918
47403918
47403918
47403918
47403918
47403918
873439122
873439122
262606712
262606712
262606712
262606712
262606712
262606712
848371864
848371864
848371864
848371864
848371864
848371864
848371864
848371864
848371864
848371864
942079113
942079113
125140833
125140833
125140833
125140833
125140833
125140833
125140833
125140833
125140833
125140833
774422889
774422889
211525246
211525246
211525246
211525246
211525246
211525246
120486392
120486392
120486392
120486392
120486392
120486392
120486392
120486392
120486392
120486392
120486392
120486392
120486392
120486392
120486392
120486392
120486392
120486392
968707194
968707194
968707194
968707194
859541262
859541262
478592793
478592793
478592793
478592793
16290246
16290246
16290246
16290246
16290246
16290246
968141219
968141219
968141219
968141219
968141219
968141219
668604360
668604360
668604360
668604360
668604360
668604360
668604360
668604360
831064898
831064898
831064898
831064898
831064898
831064898
285873923
285873923
285873923
285873923
285873923
285873923
751656813
751656813
751656813
751656813
751656813
751656813
751656813
751656813
751656813
751656813
751656813
751656813
751656813
751656813
751656813
751656813
751656813
751656813
751656813
751656813
751656813
751656813
156985708
156985708
4520057
4520057
4520057
4520057
4520057
4520057
4520057
4520057
4520057
4520057
256826256
256826256
256826256
256826256
256826256
256826256
256826256
256826256
743543676
743543676
743543676
743543676
743543676
743543676
743543676
743543676
743543676
743543676
125075210
125075210
125075210
125075210
125075210
125075210
464273234
464273234
464273234
464273234
464273234
464273234
877964291
877964291
877964291
877964291
877964291
877964291
877964291
877964291
435106113
435106113
435106113
435106113
435106113
435106113
435106113
435106113
435106113
435106113
435106113
435106113
783711380
783711380
783711380
783711380
776742789
776742789
776742789
776742789
776742789
776742789
956424304
956424304
956424304
956424304
956424304
956424304
445461391
445461391
362968485
362968485
362968485
362968485
362968485
362968485
992012809
992012809
992012809
992012809
992012809
992012809
992012809
992012809
992012809
992012809
992012809
992012809
23989768
23989768
23989768
23989768
23989768
23989768
23989768
23989768
23989768
23989768
203117702
203117702
203117702
203117702
203117702
203117702
203117702
203117702
203117702
203117702
203117702
203117702
203117702
203117702
203117702
203117702
203117702
203117702
381303641
381303641
687353430
687353430
687353430
687353430
874444523
874444523
874444523
874444523
874444523
874444523
158982258
158982258
246093643
246093643
246093643
246093643
246093643
246093643
183452738
183452738
183452738
183452738
672010472
672010472
629638891
629638891
629638891
629638891
938024783
938024783
938024783
938024783
938024783
938024783
938024783
938024783
938024783
938024783
938024783
938024783
254680118
254680118
432433526
432433526
432433526
432433526
432433526
432433526
839284991
839284991
839284991
839284991
232134838
232134838
232134838
232134838
232134838
232134838
232134838
232134838
232134838
232134838
232134838
232134838
232134838
232134838
232134838
232134838
232134838
232134838
232134838
232134838
232134838
232134838
232134838
232134838
232134838
232134838
232134838
232134838
232134838
232134838
935512313
935512313
935512313
935512313
935512313
935512313
845322925
845322925
276948008
276948008
276948008
276948008
249612324
249612324
249612324
249612324
249612324
249612324
249612324
249612324
714617036
714617036
714617036
714617036
714617036
714617036
714617036
714617036
714617036
714617036
714617036
714617036
714617036
714617036
714617036
714617036
714617036
714617036
749226371
749226371
749226371
749226371
749226371
749226371
749226371
749226371
749226371
749226371
659949354
659949354
659949354
659949354
659949354
659949354
659949354
659949354
659949354
659949354
659949354
659949354
659949354
659949354
107924169
107924169
107924169
107924169
7788085
7788085
129173388
129173388
129173388
129173388
105463709
105463709
105463709
105463709
105463709
105463709
762276194
762276194
762276194
762276194
762276194
762276194
762276194
762276194
13644997
13644997
13644997
13644997
798890514
798890514
787908722
787908722
787908722
787908722
787908722
787908722
558817355
558817355
558817355
558817355
558817355
558817355
558817355
558817355
558817355
558817355
558817355
558817355
20323451
20323451
20323451
20323451
20323451
20323451
20323451
20323451
20323451
20323451
99030721
99030721
862558221
862558221
862558221
862558221
624065653
624065653
233750814
233750814
233750814
233750814
989962866
989962866
989962866
989962866
989962866
989962866
954325753
954325753
954325753
954325753
954325753
954325753
954325753
954325753
954325753
954325753
954325753
954325753
986202696
986202696
986202696
986202696
986202696
986202696
986202696
986202696
986202696
986202696
986202696
986202696
986695501
986695501
986695501
986695501
986695501
986695501
986695501
986695501
630801461
630801461
630801461
630801461
630801461
630801461
630801461
630801461
630801461
630801461
630801461
630801461
326647512
326647512
326647512
326647512
326647512
326647512
976992553
976992553
976992553
976992553
269424190
269424190
269424190
269424190
269424190
269424190
32309270
32309270
32309270
32309270
32309270
32309270
32309270
32309270
628625740
628625740
628625740
628625740
571030631
571030631
571030631
571030631
571030631
571030631
571030631
571030631
657360042
657360042
657360042
657360042
600939206
600939206
600939206
600939206
600939206
600939206
600939206
600939206
600939206
600939206
600939206
600939206
600939206
600939206
699905269
699905269
699905269
699905269
548327829
548327829
548327829
548327829
548327829
548327829
162815036
162815036
969391097
969391097
969391097
969391097
627828520
627828520
627828520
627828520
627828520
627828520
454366768
454366768
528525776
528525776
528525776
528525776
528525776
528525776
911431539
911431539
911431539
911431539
911431539
911431539
911431539
911431539
911431539
911431539
13418899
13418899
13418899
13418899
13418899
13418899
13418899
13418899
13418899
13418899
13418899
13418899
13418899
13418899
13418899
13418899
13418899
13418899
13418899
13418899
235115489
235115489
235115489
235115489
235115489
235115489
997055477
997055477
997055477
997055477
91468525
91468525
660967161
660967161
660967161
660967161
660967161
660967161
660967161
660967161
660967161
660967161
660967161
660967161
99653412
99653412
99653412
99653412
99653412
99653412
99653412
99653412
99653412
99653412
99653412
99653412
713225340
713225340
713225340
713225340
343393510
343393510
425569409
425569409
425569409
425569409
425569409
425569409
425569409
425569409
425569409
425569409
298114892
298114892
298114892
298114892
298114892
298114892
298114892
298114892
298114892
298114892
298114892
298114892
55725541
55725541
15106471
15106471
15106471
15106471
15106471
15106471
15106471
15106471
15106471
15106471
179514061
179514061
179514061
179514061
179514061
179514061
179514061
179514061
533978017
533978017
533978017
533978017
533978017
533978017
859589175
859589175
859589175
859589175
859589175
859589175
859813233
859813233
859813233
859813233
859813233
859813233
411466263
411466263
411466263
411466263
411466263
411466263
411466263
411466263
411466263
411466263
411466263
411466263
411466263
411466263
411466263
411466263
411466263
411466263
175544234
175544234
175544234
175544234
175544234
175544234
995367038
995367038
995367038
995367038
720884460
720884460
662289917
662289917
662289917
662289917
662289917
662289917
662289917
662289917
662289917
662289917
662289917
662289917
784132173
784132173
784132173
784132173
784132173
784132173
784132173
784132173
784132173
784132173
63355363
63355363
63355363
63355363
63355363
63355363
63355363
63355363
63355363
63355363
63355363
63355363
496825944
496825944
496825944
496825944
496825944
496825944
496825944
496825944
688297101
688297101
688297101
688297101
688297101
688297101
688297101
688297101
688297101
688297101
688297101
688297101
688297101
688297101
688297101
688297101
284736650
284736650
243675866
243675866
243675866
243675866
243675866
243675866
243675866
243675866
243675866
243675866
243675866
243675866
480783455
480783455
480783455
480783455
480783455
480783455
622704206
622704206
622704206
622704206
79561271
79561271
18259540
18259540
18259540
18259540
273156342
273156342
260763027
260763027
260763027
260763027
260763027
260763027
260763027
260763027
260763027
260763027
581354559
581354559
581354559
581354559
581354559
581354559
581354559
581354559
581354559
581354559
581354559
581354559
155008924
155008924
155008924
155008924
155008924
155008924
602016003
602016003
602016003
602016003
602016003
602016003
656605682
656605682
656605682
656605682
656605682
656605682
656605682
656605682
656605682
656605682
656605682
656605682
656605682
656605682
656605682
656605682
656605682
656605682
905563073
905563073
453407859
453407859
453407859
453407859
453407859
453407859
453407859
453407859
453407859
453407859
453407859
453407859
453407859
453407859
453407859
453407859
691911010
691911010
918371067
918371067
918371067
918371067
918371067
918371067
918371067
918371067
918371067
918371067
918371067
918371067
918371067
918371067
918371067
918371067
918371067
918371067
918371067
918371067
918371067
918371067
946102514
946102514
946102514
946102514
946102514
946102514
336862102
336862102
336862102
336862102
336862102
336862102
336862102
336862102
344991991
344991991
344991991
344991991
344991991
344991991
569033254
569033254
569033254
569033254
359400286
359400286
441166688
441166688
441166688
441166688
656869883
656869883
656869883
656869883
656869883
656869883
656869883
656869883
965325473
965325473
965325473
965325473
965325473
965325473
61465412
61465412
61465412
61465412
61465412
61465412
61465412
61465412
61465412
61465412
590389256
590389256
899792045
899792045
899792045
899792045
899792045
899792045
899792045
899792045
899792045
899792045
675966917
675966917
675966917
675966917
675966917
675966917
675966917
675966917
675966917
351933827
351933827
351933827
351933827
351933827
520141777
520141777
520141777
520141777
520141777
520141777
520141777
520141777
520141777
520141777
52478440
52478440
52478440
52478440
52478440
52478440
577891604
577891604
577891604
577891604
577891604
577891604
577891604
577891604
577891604
577891604
577891604
577891604
592419510
592419510
9830692
9830692
9830692
9830692
516654064
516654064
290332143
290332143
290332143
290332143
290332143
290332143
290332143
290332143
290332143
290332143
407163894
407163894
407163894
407163894
407163894
407163894
407163894
407163894
407163894
407163894
407163894
407163894
522974221
522974221
44521238
44521238
44521238
44521238
44521238
44521238
44521238
44521238
44521238
44521238
44521238
44521238
44521238
44521238
44521238
44521238
785715044
785715044
358747046
358747046
358747046
358747046
358747046
358747046
642431940
642431940
642431940
642431940
446773915
446773915
436493146
436493146
436493146
436493146
436493146
436493146
436493146
436493146
436493146
436493146
769736765
769736765
769736765
769736765
769736765
769736765
769736765
769736765
401137524
401137524
401137524
401137524
401137524
401137524
401137524
401137524
401137524
401137524
401137524
401137524
401137524
401137524
401137524
401137524
401137524
401137524
78658678
78658678
78658678
78658678
78658678
78658678
78658678
78658678
235976034
235976034
235976034
235976034
235976034
235976034
235976034
235976034
235976034
235976034
67688421
67688421
67688421
67688421
67688421
67688421
117590420
117590420
117590420
117590420
522055127
522055127
536590801
536590801
536590801
536590801
475434304
475434304
475434304
475434304
475434304
475434304
475434304
475434304
939581799
939581799
939581799
939581799
939581799
939581799
939581799
939581799
939581799
939581799
939581799
939581799
939581799
939581799
939581799
939581799
844469656
844469656
767546554
767546554
767546554
767546554
606908575
606908575
606908575
606908575
606908575
606908575
606908575
606908575
151192763
151192763
151192763
151192763
151192763
151192763
151192763
151192763
151192763
151192763
151192763
151192763
151192763
151192763
151192763
151192763
753991327
753991327
806308993
806308993
806308993
806308993
740328265
740328265
740328265
740328265
740328265
740328265
740328265
740328265
688760649
688760649
688760649
688760649
688760649
688760649
195593238
195593238
195593238
195593238
195593238
195593238
495291598
495291598
495291598
495291598
684792647
684792647
684792647
684792647
684792647
684792647
684792647
684792647
684792647
684792647
684792647
684792647
186210856
186210856
333285206
333285206
333285206
333285206
333285206
333285206
333285206
333285206
333285206
333285206
333285206
333285206
333285206
333285206
333285206
333285206
333285206
333285206
333285206
333285206
333285206
333285206
554380159
554380159
554380159
554380159
554380159
554380159
695182829
695182829
422991300
422991300
422991300
422991300
422991300
422991300
760574156
760574156
760574156
760574156
109828240
109828240
109828240
109828240
109828240
109828240
865159874
865159874
865159874
865159874
865159874
865159874
865159874
865159874
865159874
865159874
865159874
865159874
865159874
865159874
294046897
294046897
294046897
294046897
294046897
294046897
949469283
949469283
949469283
949469283
686347003
686347003
564896704
564896704
564896704
564896704
564896704
564896704
538216413
538216413
538216413
538216413
951867300
951867300
951867300
951867300
951867300
951867300
529636719
529636719
707457012
707457012
707457012
707457012
707457012
707457012
707457012
707457012
707457012
707457012
678843997
678843997
678843997
678843997
678843997
678843997
765929269
765929269
765929269
765929269
765929269
765929269
846605802
846605802
846605802
846605802
846605802
846605802
846605802
846605802
846605802
846605802
846605802
846605802
846605802
846605802
178325033
178325033
178325033
178325033
291402508
291402508
291402508
291402508
291402508
291402508
61932085
61932085
61932085
61932085
61932085
61932085
61932085
61932085
61932085
61932085
61932085
61932085
290995951
290995951
290995951
290995951
290995951
290995951
290995951
290995951
887006098
887006098
887006098
887006098
887006098
887006098
566065003
566065003
566065003
566065003
143002617
143002617
143002617
143002617
143002617
143002617
143002617
143002617
143002617
143002617
143002617
143002617
143002617
143002617
143002617
143002617
143002617
143002617
143002617
143002617
143002617
143002617
143002617
143002617
143002617
143002617
935547852
935547852
935547852
935547852
935547852
935547852
935547852
935547852
935547852
935547852
935547852
935547852
935547852
935547852
935547852
935547852
935547852
935547852
516118386
516118386
516118386
516118386
516118386
516118386
516118386
516118386
516118386
516118386
295625824
295625824
295625824
295625824
295625824
295625824
295625824
295625824
593961886
593961886
593961886
593961886
445065528
445065528
445065528
445065528
445065528
445065528
472022934
472022934
130496206
130496206
130496206
130496206
130496206
130496206
678796411
678796411
678796411
678796411
678796411
678796411
678796411
678796411
678796411
678796411
678796411
678796411
678796411
678796411
678796411
678796411
678796411
678796411
678796411
678796411
678796411
678796411
615931719
615931719
615931719
615931719
615931719
615931719
615931719
615931719
615931719
615931719
615931719
615931719
879072764
879072764
435661099
435661099
435661099
435661099
435661099
435661099
435661099
435661099
435661099
435661099
435661099
435661099
435661099
435661099
435661099
435661099
639799339
639799339
639799339
639799339
639799339
639799339
639799339
639799339
354858445
354858445
354858445
354858445
83977835
83977835
83977835
83977835
83977835
83977835
83977835
83977835
83977835
83977835
83977835
83977835
113638008
113638008
113638008
113638008
113638008
113638008
113638008
113638008
113638008
113638008
113638008
113638008
113638008
113638008
799805076
799805076
799805076
799805076
799805076
799805076
799805076
799805076
799805076
799805076
82072057
82072057
229598037
229598037
229598037
229598037
419568254
419568254
419568254
419568254
419568254
419568254
419568254
419568254
666798594
666798594
666798594
666798594
666798594
666798594
19823643
19823643
19823643
19823643
19823643
19823643
186833798
186833798
186833798
186833798
22411712
22411712
265093148
265093148
265093148
265093148
895842573
895842573
895842573
895842573
895842573
895842573
879087608
879087608
879087608
879087608
879087608
879087608
879087608
879087608
690138203
690138203
690138203
690138203
964655243
964655243
109655940
109655940
109655940
109655940
109655940
109655940
154498774
154498774
154498774
154498774
154498774
154498774
154498774
154498774
154498774
154498774
627151299
627151299
750185585
750185585
750185585
750185585
750185585
750185585
750185585
750185585
750185585
750185585
258674093
258674093
258674093
258674093
258674093
258674093
258674093
258674093
95076680
95076680
95076680
95076680
746098213
746098213
746098213
746098213
746098213
746098213
746098213
746098213
746098213
746098213
746098213
746098213
746098213
746098213
453740923
453740923
453740923
453740923
453740923
453740923
453740923
453740923
453740923
453740923
38534351
38534351
38534351
38534351
38534351
38534351
38534351
38534351
38534351
38534351
38534351
38534351
472304190
472304190
200985064
200985064
200985064
200985064
200985064
200985064
155220074
155220074
155220074
155220074
771424236
771424236
302118374
302118374
302118374
302118374
302118374
302118374
12273710
12273710
12273710
12273710
12273710
12273710
12273710
12273710
12273710
12273710
599588252
599588252
599588252
599588252
599588252
599588252
599588252
599588252
599588252
599588252
599588252
599588252
599588252
599588252
633506030
633506030
633506030
633506030
256594531
256594531
256594531
256594531
256594531
256594531
498246530
498246530
498246530
498246530
498246530
498246530
498246530
498246530
500847090
500847090
500847090
500847090
500847090
500847090
920126120
920126120
920126120
920126120
480810896
480810896
480810896
480810896
480810896
480810896
480810896
480810896
480810896
480810896
480810896
480810896
480810896
480810896
480810896
480810896
480810896
480810896
254559896
254559896
254559896
254559896
254559896
254559896
254559896
254559896
914414614
914414614
914414614
914414614
914414614
914414614
914414614
914414614
914414614
914414614
59118215
59118215
59118215
59118215
59118215
59118215
620176948
620176948
620176948
620176948
620176948
620176948
94729104
94729104
94729104
94729104
94729104
94729104
94729104
94729104
324794436
324794436
324794436
324794436
324794436
324794436
324794436
324794436
324794436
324794436
673307522
673307522
673307522
673307522
673307522
673307522
673307522
673307522
673307522
673307522
673307522
673307522
850793312
850793312
850793312
850793312
850793312
850793312
850793312
850793312
850793312
850793312
850793312
850793312
850793312
850793312
392632752
392632752
392632752
392632752
15039537
15039537
15039537
15039537
15039537
15039537
562147823
562147823
562147823
562147823
562147823
562147823
16874804
16874804
135042334
135042334
135042334
135042334
135042334
135042334
135042334
135042334
135042334
135042334
135042334
135042334
135042334
135042334
135042334
135042334
135042334
135042334
135042334
135042334
135042334
135042334
135042334
135042334
135042334
135042334
135042334
135042334
991956838
991956838
862450006
862450006
862450006
862450006
862450006
862450006
862450006
862450006
862450006
862450006
836949894
836949894
836949894
836949894
836949894
836949894
836949894
836949894
751712304
751712304
751712304
751712304
426279088
426279088
426279088
426279088
426279088
426279088
426279088
426279088
426279088
426279088
426279088
426279088
426279088
426279088
609581198
609581198
609581198
609581198
736410147
736410147
736410147
736410147
736410147
736410147
736410147
736410147
314522488
314522488
314522488
314522488
314522488
314522488
314522488
314522488
314522488
314522488
314522488
314522488
753329034
753329034
753329034
753329034
753329034
753329034
460131108
460131108
460131108
460131108
460131108
460131108
460131108
460131108
460131108
460131108
460131108
460131108
743671620
743671620
743671620
743671620
739588416
739588416
739588416
739588416
739588416
739588416
588601036
588601036
588601036
588601036
588601036
588601036
588601036
588601036
588601036
588601036
588601036
588601036
588601036
588601036
588601036
588601036
588601036
588601036
588601036
588601036
960608121
960608121
960608121
960608121
960608121
960608121
960608121
960608121
960608121
960608121
136708427
136708427
666997685
666997685
666997685
666997685
334988404
334988404
334988404
334988404
334988404
334988404
334988404
334988404
334988404
334988404
334988404
334988404
858615998
858615998
858615998
858615998
858615998
858615998
858615998
858615998
858615998
858615998
858615998
858615998
858615998
858615998
858615998
858615998
858615998
858615998
858615998
858615998
858615998
858615998
858615998
858615998
858615998
858615998
802382669
802382669
802382669
802382669
145894936
145894936
341048950
341048950
341048950
341048950
341048950
341048950
341048950
341048950
341048950
341048950
341048950
341048950
876702362
876702362
876702362
876702362
876702362
876702362
50408136
50408136
50408136
50408136
852360856
852360856
852360856
852360856
852360856
852360856
852360856
852360856
852360856
852360856
852360856
852360856
111802658
111802658
111802658
111802658
111802658
111802658
774727016
774727016
774727016
774727016
774727016
774727016
774727016
774727016
296793028
296793028
296793028
296793028
970336503
970336503
970336503
970336503
970336503
970336503
970336503
970336503
216546256
216546256
216546256
216546256
216546256
216546256
216546256
216546256
216546256
216546256
216546256
216546256
216546256
216546256
216546256
216546256
216546256
216546256
216546256
216546256
216546256
216546256
991873335
991873335
563936173
563936173
563936173
563936173
740102609
740102609
994385854
994385854
994385854
994385854
994385854
994385854
994385854
994385854
994385854
994385854
994385854
994385854
636105670
636105670
636105670
636105670
636105670
636105670
636105670
636105670
636105670
636105670
636105670
636105670
636105670
636105670
636105670
636105670
636105670
636105670
636105670
636105670
636105670
636105670
636105670
636105670
636105670
636105670
636105670
636105670
512590644
512590644
61704000
61704000
61704000
61704000
61704000
61704000
55126572
55126572
55126572
55126572
55126572
55126572
634331762
634331762
634331762
634331762
634331762
634331762
347103343
347103343
347103343
347103343
424400718
424400718
424400718
424400718
424400718
424400718
829980338
829980338
664486530
664486530
664486530
664486530
664486530
664486530
664486530
664486530
664486530
664486530
664486530
664486530
378454243
378454243
378454243
378454243
686342459
686342459
686342459
686342459
686342459
686342459
686342459
686342459
686342459
686342459
686342459
686342459
424303646
424303646
84544224
84544224
84544224
84544224
84544224
84544224
84544224
84544224
84544224
84544224
998577116
998577116
200588692
200588692
200588692
200588692
200588692
200588692
200588692
200588692
200588692
200588692
200588692
200588692
200588692
200588692
200588692
200588692
795072435
795072435
90608213
90608213
90608213
90608213
90608213
90608213
90608213
90608213
90608213
90608213
90608213
90608213
90608213
90608213
90608213
90608213
702179535
702179535
702179535
702179535
702179535
702179535
538736183
538736183
538736183
538736183
538736183
538736183
538736183
538736183
538736183
538736183
538736183
538736183
538736183
538736183
538736183
538736183
538736183
538736183
538736183
538736183
481303296
481303296
481303296
481303296
481303296
481303296
481303296
481303296
481303296
481303296
481303296
481303296
481303296
481303296
481303296
481303296
15056284
15056284
15056284
15056284
15056284
15056284
15056284
15056284
49573424
49573424
49573424
49573424
573619267
573619267
443507719
443507719
443507719
443507719
641251014
641251014
499751998
499751998
499751998
499751998
499751998
499751998
499751998
499751998
499751998
499751998
499751998
499751998
485367679
485367679
485367679
485367679
485367679
485367679
485367679
485367679
485367679
485367679
418555531
418555531
418555531
418555531
418555531
418555531
418555531
418555531
525792721
525792721
525792721
525792721
525792721
525792721
525792721
525792721
525792721
525792721
525792721
525792721
58230509
58230509
58230509
58230509
58230509
58230509
796698725
796698725
796698725
796698725
796698725
796698725
796698725
796698725
796698725
796698725
956383412
956383412
77037323
77037323
77037323
77037323
172860255
172860255
172860255
172860255
172860255
172860255
752438168
752438168
383534240
383534240
383534240
383534240
383534240
383534240
395939760
395939760
395939760
395939760
395939760
395939760
395939760
395939760
395939760
395939760
357716464
357716464
112886465
112886465
112886465
112886465
112886465
112886465
112886465
112886465
112886465
112886465
112886465
112886465
117563694
117563694
117563694
117563694
117563694
117563694
117563694
117563694
117563694
117563694
995585274
995585274
182011773
182011773
182011773
182011773
182011773
182011773
182011773
182011773
182011773
182011773
968295818
968295818
968295818
968295818
968295818
968295818
968295818
968295818
968295818
968295818
968295818
968295818
968295818
968295818
642991082
642991082
642991082
642991082
642991082
642991082
126763005
126763005
126763005
126763005
501785879
501785879
501785879
501785879
501785879
501785879
970226898
970226898
970226898
970226898
970226898
970226898
970226898
970226898
893841984
893841984
893841984
893841984
893841984
893841984
903273058
903273058
903273058
903273058
903273058
903273058
623727264
623727264
623727264
623727264
623727264
623727264
623727264
623727264
623727264
623727264
623727264
623727264
623727264
623727264
623727264
623727264
218043002
218043002
218043002
218043002
218043002
218043002
218043002
218043002
218043002
218043002
218043002
218043002
435854742
435854742
894456166
894456166
894456166
894456166
915299366
915299366
915299366
915299366
915299366
915299366
915299366
915299366
915299366
915299366
915299366
915299366
915299366
915299366
369936260
369936260
369936260
369936260
369936260
369936260
654343651
654343651
654343651
654343651
725835404
725835404
725835404
725835404
725835404
725835404
725835404
725835404
123494592
123494592
123494592
123494592
123494592
123494592
123494592
123494592
123494592
123494592
276384435
276384435
859450423
859450423
859450423
859450423
859450423
859450423
171704100
171704100
171704100
171704100
171704100
171704100
971400820
971400820
971400820
971400820
971400820
971400820
67640556
67640556
67640556
67640556
67640556
67640556
67640556
67640556
67640556
67640556
67640556
67640556
67640556
67640556
67640556
67640556
67640556
67640556
67640556
67640556
67640556
67640556
396129338
396129338
396129338
396129338
396129338
396129338
219205802
219205802
186661956
186661956
186661956
186661956
186661956
186661956
186661956
186661956
186661956
186661956
395526789
395526789
395526789
395526789
395526789
395526789
395526789
395526789
395526789
395526789
395526789
395526789
395526789
395526789
233100177
233100177
233100177
233100177
81365874
81365874
81365874
81365874
81365874
81365874
434416659
434416659
434416659
434416659
434416659
434416659
434416659
434416659
434416659
434416659
434416659
434416659
434416659
434416659
434416659
434416659
434416659
434416659
906042426
906042426
800170357
800170357
800170357
800170357
800170357
800170357
800170357
800170357
800170357
800170357
52956912
52956912
52956912
52956912
52956912
52956912
52956912
52956912
52956912
52956912
52956912
52956912
52956912
52956912
725239043
725239043
725239043
725239043
895535049
895535049
496519647
496519647
496519647
496519647
496519647
496519647
496519647
496519647
496519647
496519647
55382935
55382935
55382935
55382935
55382935
55382935
55382935
55382935
55382935
55382935
55382935
55382935
55382935
55382935
719637497
719637497
719637497
719637497
913106313
913106313
913106313
913106313
913106313
913106313
913106313
913106313
70426400
70426400
70426400
70426400
70426400
70426400
70426400
70426400
70426400
70426400
70426400
70426400
70426400
70426400
70426400
70426400
70426400
70426400
155942875
155942875
155942875
155942875
892579862
892579862
892579862
892579862
892579862
892579862
235294982
235294982
121028004
121028004
121028004
121028004
792856374
792856374
792856374
792856374
792856374
792856374
132671641
132671641
532217124
532217124
532217124
532217124
532217124
532217124
532217124
532217124
532217124
532217124
532217124
532217124
532105246
532105246
532105246
532105246
219391262
219391262
219391262
219391262
219391262
219391262
219391262
219391262
219391262
219391262
219391262
219391262
219391262
219391262
219391262
219391262
219391262
219391262
219391262
219391262
325130264
325130264
325130264
325130264
325130264
325130264
325130264
325130264
325130264
325130264
325130264
325130264
325130264
325130264
325130264
325130264
325130264
325130264
325130264
325130264
325130264
325130264
944614024
944614024
944614024
944614024
944614024
944614024
944614024
944614024
944614024
944614024
944614024
944614024
400683571
400683571
936323492
936323492
936323492
936323492
848206187
848206187
848206187
848206187
848206187
848206187
851404610
851404610
851404610
851404610
851404610
851404610
795103643
795103643
111726124
111726124
111726124
111726124
111726124
111726124
921098205
921098205
921098205
921098205
921098205
921098205
921098205
921098205
921098205
921098205
921098205
921098205
921098205
921098205
921098205
921098205
921098205
921098205
921098205
921098205
921098205
921098205
526605942
526605942
280656111
280656111
280656111
280656111
280656111
280656111
621834361
621834361
621834361
621834361
621834361
621834361
621834361
621834361
621834361
621834361
621834361
621834361
621834361
621834361
621834361
621834361
731334629
731334629
731334629
731334629
731334629
731334629
113930810
113930810
113930810
113930810
113930810
113930810
113930810
113930810
113930810
113930810
113930810
113930810
90940448
90940448
219251060
219251060
219251060
438502120
438502120
438502120
420177301
420177301
420177301
420177301
420177301
420177301
420177301
420177301
420177301
420177301
420177301
420177301
348872322
348872322
348872322
348872322
348872322
348872322
348872322
348872322
348872322
348872322
348872322
348872322
348872322
348872322
348872322
348872322
796062821
796062821
943364907
943364907
943364907
943364907
927133345
927133345
927133345
927133345
927133345
927133345
404888096
404888096
404888096
404888096
404888096
404888096
404888096
404888096
404888096
404888096
404888096
404888096
404888096
404888096
500250921
500250921
500250921
500250921
543064044
543064044
603343190
603343190
603343190
603343190
603343190
603343190
603343190
603343190
603343190
603343190
603343190
603343190
603343190
603343190
603343190
603343190
603343190
603343190
164486990
164486990
164486990
164486990
164486990
164486990
164486990
164486990
164486990
164486990
164486990
164486990
164486990
164486990
164486990
164486990
164486990
164486990
164486990
164486990
164486990
164486990
164486990
164486990
9840153
9840153
9840153
9840153
9840153
9840153
9840153
9840153
9840153
9840153
436883996
436883996
436883996
436883996
436883996
436883996
339798238
339798238
608756091
608756091
608756091
608756091
608756091
608756091
608756091
608756091
608756091
608756091
429490821
429490821
175650932
175650932
175650932
175650932
175650932
175650932
175650932
175650932
175650932
175650932
935597404
935597404
739757389
739757389
739757389
739757389
739757389
739757389
739757389
739757389
739757389
739757389
188153395
188153395
188153395
188153395
188153395
188153395
345303698
345303698
339046881
339046881
339046881
339046881
339046881
339046881
339046881
339046881
339046881
339046881
69218615
69218615
771139830
771139830
771139830
771139830
771139830
771139830
771139830
771139830
771139830
771139830
791868776
791868776
791868776
791868776
791868776
791868776
325156492
325156492
325156492
325156492
325156492
325156492
325156492
325156492
197436345
197436345
197436345
197436345
197436345
197436345
197436345
197436345
197436345
197436345
197436345
197436345
197436345
197436345
197436345
197436345
197436345
197436345
197436345
197436345
197436345
197436345
197436345
197436345
197436345
197436345
197436345
197436345
197436345
197436345
307058837
307058837
307058837
307058837
307058837
307058837
307058837
307058837
307058837
307058837
714166752
714166752
769515242
769515242
769515242
769515242
769515242
769515242
769515242
769515242
769515242
769515242
621764036
621764036
621764036
621764036
621764036
621764036
621764036
621764036
25885889
25885889
25885889
25885889
25885889
25885889
940132923
940132923
940132923
940132923
940132923
940132923
940132923
940132923
940132923
940132923
201243502
201243502
201243502
201243502
201243502
201243502
201243502
201243502
201243502
201243502
201243502
201243502
201243502
201243502
201243502
201243502
201243502
201243502
660211101
660211101
660211101
660211101
660211101
660211101
948190783
948190783
948190783
948190783
948190783
948190783
948190783
948190783
948190783
948190783
948190783
948190783
573132987
573132987
573132987
573132987
573132987
573132987
573132987
573132987
573132987
573132987
573132987
573132987
820917796
820917796
919386298
919386298
919386298
919386298
919386298
919386298
919386298
919386298
919386298
919386298
919386298
919386298
919386298
919386298
919386298
919386298
919386298
919386298
994520844
994520844
994520844
994520844
994520844
994520844
634162314
634162314
634162314
634162314
656439860
656439860
656439860
656439860
656439860
656439860
752435545
752435545
752435545
752435545
752435545
752435545
119813829
119813829
119813829
119813829
119813829
119813829
119813829
119813829
119813829
119813829
119813829
119813829
119813829
119813829
119813829
119813829
119813829
119813829
885763997
885763997
879970761
879970761
879970761
879970761
879970761
879970761
958040581
958040581
958040581
958040581
476300305
476300305
476300305
476300305
476300305
476300305
476300305
476300305
476300305
476300305
476300305
476300305
476300305
476300305
685459613
685459613
685459613
685459613
685459613
685459613
479211818
479211818
479211818
479211818
599766758
599766758
345960432
345960432
345960432
345960432
779022988
779022988
779022988
779022988
779022988
779022988
779022988
779022988
779022988
779022988
779022988
779022988
779022988
779022988
779022988
779022988
779022988
779022988
779022988
779022988
779022988
779022988
779022988
779022988
217501642
217501642
414962535
414962535
414962535
414962535
414962535
414962535
414962535
414962535
414962535
414962535
414962535
414962535
644108891
644108891
644108891
644108891
644108891
644108891
645284610
645284610
645284610
645284610
645284610
645284610
645284610
645284610
645284610
645284610
645284610
645284610
645284610
645284610
645284610
645284610
339346931
339346931
339346931
339346931
339346931
339346931
339346931
339346931
941749322
941749322
941749322
941749322
941749322
941749322
221602931
221602931
221602931
221602931
221602931
221602931
38284253
38284253
38284253
38284253
38284253
38284253
38284253
38284253
38284253
38284253
38284253
38284253
38284253
38284253
38284253
38284253
38284253
38284253
911531881
911531881
911531881
911531881
911531881
911531881
911531881
911531881
911531881
911531881
911531881
911531881
911531881
911531881
911531881
911531881
773302615
773302615
350805876
350805876
350805876
350805876
791670872
791670872
791670872
791670872
791670872
791670872
477858168
477858168
518323814
518323814
518323814
518323814
518323814
518323814
833984907
833984907
833984907
833984907
833984907
833984907
871594125
871594125
871594125
871594125
871594125
871594125
871594125
871594125
871594125
871594125
959317621
959317621
959317621
959317621
959317621
959317621
647117243
647117243
647117243
647117243
647117243
647117243
647117243
647117243
647117243
647117243
647117243
647117243
626965668
626965668
626965668
626965668
626965668
626965668
626965668
626965668
626965668
626965668
626965668
626965668
619515968
619515968
619515968
619515968
619515968
619515968
619515968
619515968
619515968
619515968
619515968
619515968
619515968
619515968
619515968
619515968
619515968
619515968
734864460
734864460
764820290
764820290
764820290
764820290
764820290
764820290
835126098
835126098
835126098
835126098
651794170
651794170
651794170
651794170
651794170
651794170
651794170
651794170
651794170
651794170
651794170
651794170
651794170
651794170
651794170
651794170
651794170
651794170
674079998
674079998
674079998
674079998
674079998
674079998
674079998
674079998
946688033
946688033
946688033
946688033
946688033
946688033
946688033
946688033
946688033
946688033
946688033
946688033
946688033
946688033
946688033
946688033
946688033
946688033
946688033
946688033
946688033
946688033
946688033
946688033
8830143
8830143
8830143
8830143
269894247
269894247
523539839
523539839
523539839
523539839
326430764
326430764
326430764
326430764
326430764
326430764
541225474
541225474
423482488
423482488
423482488
423482488
423482488
423482488
423482488
423482488
423482488
423482488
423482488
423482488
221200478
221200478
221200478
221200478
522695071
522695071
522695071
522695071
522695071
522695071
522695071
522695071
522695071
522695071
522695071
522695071
522695071
522695071
139870326
139870326
139870326
139870326
139870326
139870326
139870326
139870326
139870326
139870326
139870326
139870326
139870326
139870326
139870326
139870326
139870326
139870326
139870326
139870326
139870326
139870326
139870326
139870326
139870326
139870326
139870326
139870326
139870326
139870326
909649933
909649933
909649933
909649933
909649933
909649933
909649933
909649933
909649933
909649933
904792633
904792633
904792633
904792633
904792633
904792633
673640257
673640257
673640257
673640257
673640257
673640257
673640257
673640257
673640257
673640257
673640257
673640257
427193422
427193422
427193422
427193422
427193422
427193422
427193422
427193422
427193422
427193422
427193422
427193422
427193422
427193422
529333408
529333408
529333408
529333408
529333408
529333408
497681686
497681686
497681686
497681686
460588606
460588606
460588606
460588606
460588606
460588606
635337059
635337059
635337059
635337059
635337059
635337059
635337059
635337059
635337059
635337059
635337059
635337059
847016005
847016005
329923419
329923419
329923419
329923419
831908207
831908207
831908207
831908207
831908207
831908207
122238417
122238417
122238417
122238417
122238417
122238417
122238417
122238417
202398332
202398332
202398332
202398332
202398332
202398332
288524703
288524703
288524703
288524703
288524703
288524703
288524703
288524703
288524703
288524703
102189770
102189770
780963581
780963581
780963581
780963581
731861132
731861132
731861132
731861132
731861132
731861132
731861132
731861132
731861132
731861132
731861132
731861132
731861132
731861132
791439741
791439741
791439741
791439741
791439741
791439741
658599156
658599156
658599156
658599156
658599156
658599156
337157800
337157800
337157800
337157800
800461598
800461598
800461598
800461598
800461598
800461598
512116319
512116319
214856547
214856547
214856547
214856547
214856547
214856547
214856547
214856547
214856547
214856547
794714941
794714941
853120706
853120706
853120706
853120706
853120706
853120706
853120706
853120706
853120706
853120706
853120706
853120706
853120706
853120706
853120706
853120706
875207448
875207448
139728374
139728374
139728374
139728374
139728374
139728374
139728374
139728374
139728374
139728374
768012139
768012139
768012139
768012139
768012139
768012139
768012139
768012139
373384006
373384006
373384006
373384006
373384006
373384006
373384006
373384006
373384006
373384006
373384006
373384006
373384006
373384006
373384006
373384006
373384006
373384006
670585197
670585197
670585197
670585197
243362108
243362108
243362108
243362108
243362108
243362108
983034737
983034737
983034737
983034737
983034737
983034737
983034737
983034737
983034737
983034737
983034737
983034737
494088879
494088879
347354139
347354139
347354139
347354139
347354139
347354139
937575462
937575462
937575462
937575462
937575462
937575462
823303655
823303655
823303655
823303655
823303655
823303655
491380447
491380447
491380447
491380447
491380447
491380447
491380447
491380447
491380447
491380447
491380447
491380447
491380447
491380447
491380447
491380447
491380447
491380447
491380447
491380447
491380447
491380447
491380447
491380447
491380447
491380447
491380447
491380447
135143006
135143006
135143006
135143006
135143006
135143006
391905046
391905046
391905046
391905046
391905046
391905046
391905046
391905046
391905046
391905046
391905046
391905046
391905046
391905046
973358514
973358514
973358514
973358514
236840663
236840663
236840663
236840663
236840663
236840663
236840663
236840663
597785095
597785095
597785095
597785095
597785095
597785095
597785095
597785095
597785095
597785095
906836248
906836248
906836248
906836248
906836248
906836248
906836248
906836248
827947872
827947872
827947872
827947872
827947872
827947872
827947872
827947872
827947872
827947872
827947872
827947872
780435064
780435064
780435064
780435064
780435064
780435064
780435064
780435064
780435064
780435064
780435064
780435064
780435064
780435064
780435064
780435064
780435064
780435064
334050975
334050975
334050975
334050975
420637996
420637996
198617661
198617661
198617661
198617661
160683377
160683377
160683377
160683377
160683377
160683377
160683377
160683377
160683377
160683377
160683377
160683377
160683377
160683377
160683377
160683377
160683377
160683377
160683377
160683377
160683377
160683377
160683377
160683377
355240482
355240482
355240482
355240482
355240482
355240482
355240482
355240482
355240482
355240482
355240482
355240482
183048475
183048475
183048475
183048475
183048475
183048475
312892763
312892763
386669839
386669839
386669839
386669839
386669839
386669839
386669839
386669839
386669839
386669839
386669839
386669839
386669839
386669839
386669839
386669839
190122847
190122847
190122847
190122847
190122847
190122847
221450585
221450585
221450585
221450585
221450585
221450585
681147540
681147540
681147540
681147540
681147540
681147540
681147540
681147540
681147540
681147540
681147540
681147540
681147540
681147540
748330045
748330045
748330045
748330045
748330045
748330045
628092907
628092907
628092907
628092907
619449588
619449588
619449588
619449588
619449588
619449588
619449588
619449588
619449588
619449588
619449588
619449588
619449588
619449588
196923852
196923852
196923852
196923852
739524681
739524681
739524681
739524681
739524681
739524681
739524681
739524681
739524681
739524681
739524681
739524681
739524681
739524681
739524681
739524681
739524681
739524681
739524681
739524681
739524681
739524681
739524681
739524681
739524681
739524681
739524681
739524681
739524681
739524681
382280608
382280608
382280608
382280608
382280608
382280608
345620883
345620883
345620883
345620883
345620883
345620883
933408978
933408978
933408978
933408978
933408978
933408978
475036949
475036949
475036949
475036949
475036949
475036949
475036949
475036949
524765267
524765267
524765267
524765267
524765267
524765267
554370391
554370391
554370391
554370391
24387026
24387026
153292970
153292970
153292970
153292970
153292970
153292970
153292970
153292970
153292970
153292970
153292970
153292970
534114246
534114246
534114246
534114246
534114246
534114246
979135181
979135181
979135181
979135181
474482532
474482532
608403602
608403602
608403602
608403602
608403602
608403602
191204093
191204093
191204093
191204093
191204093
191204093
191204093
191204093
191204093
191204093
191204093
191204093
191204093
191204093
191204093
191204093
191204093
191204093
191204093
191204093
191204093
191204093
77585481
77585481
77585481
77585481
77585481
77585481
935676469
935676469
571337769
571337769
571337769
571337769
644965503
644965503
644965503
644965503
644965503
644965503
644965503
644965503
644965503
644965503
644965503
644965503
644965503
644965503
644965503
644965503
644965503
644965503
955207174
955207174
505041730
505041730
505041730
505041730
264787643
264787643
264787643
264787643
264787643
264787643
264787643
264787643
264787643
264787643
264787643
264787643
362991490
362991490
76002262
76002262
76002262
76002262
76002262
76002262
64499134
64499134
64499134
64499134
744707662
744707662
744707662
744707662
744707662
744707662
744707662
744707662
744707662
744707662
744707662
744707662
744707662
744707662
744707662
744707662
744707662
744707662
744707662
744707662
744707662
744707662
744707662
744707662
744707662
744707662
340448768
340448768
340448768
340448768
340448768
340448768
916483133
916483133
916483133
916483133
916483133
916483133
894531956
894531956
894531956
894531956
226555893
226555893
226555893
226555893
226555893
226555893
226555893
226555893
408429985
408429985
408429985
408429985
408429985
408429985
408429985
408429985
408429985
408429985
532030154
532030154
532030154
532030154
532030154
532030154
532030154
532030154
532030154
532030154
532030154
532030154
532030154
532030154
532030154
532030154
532030154
532030154
532030154
532030154
532030154
532030154
532030154
532030154
532030154
532030154
532030154
532030154
532030154
532030154
532030154
532030154
605535005
605535005
605535005
605535005
605535005
605535005
605535005
605535005
605535005
605535005
605535005
605535005
605535005
605535005
605535005
605535005
611869297
611869297
554680220
554680220
554680220
554680220
554680220
554680220
279180416
279180416
279180416
279180416
648519777
648519777
82273719
82273719
82273719
82273719
422425128
422425128
503782622
503782622
503782622
503782622
503782622
503782622
503782622
503782622
503782622
503782622
943664133
943664133
943664133
943664133
943664133
943664133
943664133
943664133
943664133
943664133
943664133
943664133
943664133
943664133
843230305
843230305
843230305
843230305
843230305
843230305
137171566
137171566
137171566
137171566
917719778
917719778
917719778
917719778
917719778
917719778
917719778
917719778
920417761
920417761
920417761
920417761
920417761
920417761
920417761
920417761
920417761
920417761
505796279
505796279
505796279
505796279
505796279
505796279
637306806
637306806
637306806
637306806
637306806
637306806
637306806
637306806
637306806
637306806
637306806
637306806
637306806
637306806
637306806
637306806
637306806
637306806
637306806
637306806
229120430
229120430
229120430
229120430
380379425
380379425
519022487
519022487
519022487
519022487
519022487
519022487
860256882
860256882
860256882
860256882
860256882
860256882
860256882
860256882
860256882
860256882
860256882
860256882
860256882
860256882
860256882
860256882
860256882
860256882
860256882
860256882
860256882
860256882
860256882
860256882
860256882
860256882
860256882
860256882
860256882
860256882
424486281
424486281
424486281
424486281
804145845
804145845
804145845
804145845
804145845
804145845
804145845
804145845
808555803
808555803
808555803
808555803
808555803
808555803
808555803
808555803
808555803
808555803
432180373
432180373
432180373
432180373
432180373
432180373
671408448
671408448
671408448
671408448
671408448
671408448
897280910
897280910
897280910
897280910
897280910
897280910
897280910
897280910
72140549
72140549
72140549
72140549
72140549
72140549
362976083
362976083
362976083
362976083
362976083
362976083
362976083
362976083
362976083
362976083
362976083
362976083
417333804
417333804
417333804
417333804
481399706
481399706
481399706
481399706
481399706
481399706
706860689
706860689
841862394
841862394
841862394
841862394
841862394
841862394
788007148
788007148
788007148
788007148
509862102
509862102
509862102
509862102
509862102
509862102
360931497
360931497
306941067
306941067
306941067
306941067
306941067
306941067
306941067
306941067
306941067
306941067
506520265
506520265
845657619
845657619
845657619
845657619
845657619
845657619
845657619
845657619
845657619
845657619
845657619
845657619
845657619
845657619
845657619
845657619
842944341
842944341
842944341
842944341
842944341
842944341
900410098
900410098
900410098
900410098
900410098
900410098
900410098
900410098
900410098
900410098
900410098
900410098
900410098
900410098
900410098
900410098
900410098
900410098
900410098
900410098
128973123
128973123
128973123
128973123
423694673
423694673
423694673
423694673
423694673
423694673
423694673
423694673
423694673
423694673
423694673
423694673
322645335
322645335
322645335
322645335
322645335
322645335
322645335
322645335
322645335
322645335
322645335
322645335
322645335
322645335
707665815
707665815
707665815
707665815
707665815
707665815
707665815
707665815
707665815
707665815
707665815
707665815
707665815
707665815
707665815
707665815
707665815
707665815
707665815
707665815
707665815
707665815
707665815
707665815
707665815
707665815
707665815
707665815
549209891
549209891
549209891
549209891
549209891
549209891
119594401
119594401
119594401
119594401
119594401
119594401
119594401
119594401
119594401
119594401
119594401
119594401
119594401
119594401
119594401
119594401
119594401
119594401
119594401
119594401
403561781
403561781
403561781
403561781
809848616
809848616
809848616
809848616
809848616
809848616
809848616
809848616
809848616
809848616
809848616
809848616
809848616
809848616
809848616
809848616
809848616
809848616
577271690
577271690
577271690
577271690
577271690
577271690
577271690
577271690
989168142
989168142
989168142
989168142
989168142
989168142
543040267
543040267
543040267
543040267
764471568
764471568
764471568
764471568
764471568
764471568
346368715
346368715
346368715
346368715
346368715
346368715
346368715
346368715
346368715
346368715
346368715
346368715
346368715
346368715
418979198
418979198
418979198
418979198
418979198
418979198
460651646
460651646
460651646
460651646
460651646
460651646
301336434
301336434
301336434
301336434
301336434
301336434
301336434
301336434
301336434
301336434
837533788
837533788
418267001
418267001
418267001
418267001
418267001
418267001
418267001
418267001
418267001
418267001
846955244
846955244
846955244
846955244
846955244
846955244
846955244
846955244
846955244
846955244
846955244
846955244
437370333
437370333
437370333
437370333
437370333
437370333
437370333
437370333
143789554
143789554
143789554
143789554
143789554
143789554
143789554
143789554
143789554
143789554
573749407
573749407
805088505
805088505
805088505
805088505
805088505
805088505
805088505
805088505
805088505
805088505
658651600
658651600
658651600
658651600
658651600
658651600
658651600
658651600
365963243
365963243
365963243
365963243
365963243
365963243
365963243
365963243
365963243
365963243
365963243
365963243
431450824
431450824
431450824
431450824
431450824
431450824
431450824
431450824
431450824
431450824
345917911
345917911
345917911
345917911
345917911
345917911
345917911
345917911
345917911
345917911
345917911
345917911
345917911
345917911
345917911
345917911
345917911
345917911
345917911
345917911
345917911
345917911
345917911
345917911
653279466
653279466
679381391
679381391
679381391
679381391
202738875
202738875
202738875
202738875
202738875
202738875
202738875
202738875
211143812
211143812
211143812
211143812
211143812
211143812
681070020
681070020
681070020
681070020
936564768
936564768
936564768
936564768
936564768
936564768
936564768
936564768
861899041
861899041
861899041
861899041
861899041
861899041
861899041
861899041
861899041
861899041
861899041
861899041
90023763
90023763
90023763
90023763
90023763
90023763
378443527
378443527
378443527
378443527
378443527
378443527
378443527
378443527
378443527
378443527
921131870
921131870
921131870
921131870
921131870
921131870
48861427
48861427
48861427
48861427
48861427
48861427
312283721
312283721
331200685
331200685
331200685
331200685
331200685
331200685
946685199
946685199
946685199
946685199
946685199
946685199
946685199
946685199
946685199
946685199
809804456
809804456
809804456
809804456
809804456
809804456
809804456
809804456
809804456
809804456
809804456
809804456
958232644
958232644
823847585
823847585
823847585
823847585
823847585
823847585
823847585
823847585
823847585
823847585
302072542
302072542
302072542
302072542
302072542
302072542
192234458
192234458
192234458
192234458
192234458
192234458
498469429
498469429
498469429
498469429
498469429
498469429
812994063
812994063
812994063
812994063
812994063
812994063
812994063
812994063
943341174
943341174
943341174
943341174
943341174
943341174
613024801
613024801
613024801
613024801
613024801
613024801
613024801
613024801
613024801
613024801
546533495
546533495
546533495
546533495
546533495
546533495
406470380
406470380
558069085
558069085
558069085
558069085
558069085
558069085
225839324
225839324
225839324
225839324
225839324
225839324
274001779
274001779
274001779
274001779
274001779
274001779
857336012
857336012
857336012
857336012
857336012
857336012
857336012
857336012
857336012
857336012
519742329
519742329
519742329
519742329
519742329
519742329
519742329
519742329
791655345
791655345
791655345
791655345
791655345
791655345
791655345
791655345
791655345
791655345
791655345
791655345
791655345
791655345
791655345
791655345
791655345
791655345
791655345
791655345
791655345
791655345
791655345
791655345
218934664
218934664
218934664
218934664
218934664
218934664
93075679
93075679
93075679
93075679
93075679
93075679
93075679
93075679
93075679
93075679
93075679
93075679
93075679
93075679
93075679
93075679
93075679
93075679
93075679
93075679
93075679
93075679
245049671
245049671
815416561
815416561
815416561
815416561
815416561
815416561
815416561
815416561
815416561
815416561
815416561
815416561
815416561
815416561
815416561
815416561
815416561
815416561
929696191
929696191
929696191
929696191
923402224
923402224
923402224
923402224
923402224
923402224
923402224
923402224
569771856
569771856
569771856
569771856
569771856
569771856
569771856
569771856
569771856
569771856
389091410
389091410
389091410
389091410
389091410
389091410
389091410
389091410
389091410
389091410
389091410
389091410
389091410
389091410
389091410
389091410
389091410
389091410
389091410
389091410
389091410
389091410
389091410
389091410
389091410
389091410
389091410
389091410
389091410
389091410
265066851
265066851
265066851
265066851
265066851
265066851
265066851
265066851
621458069
621458069
621458069
621458069
621458069
621458069
621458069
621458069
621458069
621458069
621458069
621458069
621458069
621458069
621458069
621458069
621458069
621458069
685949267
685949267
685949267
685949267
653616666
653616666
149982317
149982317
149982317
149982317
149982317
149982317
149982317
149982317
449946951
449946951
1818742
1818742
1818742
1818742
1818742
1818742
947316121
947316121
814187523
814187523
814187523
814187523
814187523
814187523
911301293
911301293
911301293
911301293
273767254
273767254
273767254
273767254
273767254
273767254
273767254
273767254
273767254
273767254
273767254
273767254
273767254
273767254
273767254
273767254
273767254
273767254
590096504
590096504
590096504
590096504
590096504
590096504
590096504
590096504
767574642
767574642
767574642
767574642
767574642
767574642
767574642
767574642
767574642
767574642
767574642
767574642
576519838
576519838
576519838
576519838
576519838
576519838
576519838
576519838
576519838
576519838
576519838
576519838
576519838
576519838
576519838
576519838
576519838
576519838
362138024
362138024
362138024
362138024
362138024
362138024
362138024
362138024
362138024
362138024
362138024
362138024
362138024
362138024
362138024
362138024
304256809
304256809
304256809
304256809
304256809
304256809
46076949
46076949
918555147
918555147
918555147
918555147
918555147
918555147
918555147
918555147
918555147
918555147
918555147
918555147
518453028
518453028
518453028
518453028
518453028
518453028
747749778
747749778
747749778
747749778
747749778
747749778
747749778
747749778
747749778
747749778
698230035
698230035
857131488
857131488
857131488
857131488
857131488
857131488
857131488
857131488
857131488
857131488
638060887
638060887
922095629
922095629
922095629
922095629
922095629
922095629
339531659
339531659
339531659
339531659
339531659
339531659
339531659
339531659
339531659
339531659
313200854
313200854
313200854
313200854
313200854
313200854
313200854
313200854
313200854
313200854
313200854
313200854
313200854
313200854
781335226
781335226
781335226
781335226
855380721
855380721
855380721
855380721
855380721
855380721
855380721
855380721
855380721
855380721
855380721
855380721
855380721
855380721
855380721
855380721
855380721
855380721
855380721
855380721
855380721
855380721
855380721
855380721
229014200
229014200
823023764
823023764
823023764
823023764
823023764
823023764
823023764
823023764
823023764
823023764
823023764
823023764
823023764
823023764
823023764
823023764
278057103
278057103
505202248
505202248
505202248
505202248
505202248
505202248
505202248
505202248
505202248
505202248
828442158
828442158
607539905
607539905
607539905
607539905
607539905
607539905
607539905
607539905
607539905
607539905
93944784
93944784
93944784
93944784
93944784
93944784
93944784
93944784
93944784
93944784
93944784
93944784
93944784
93944784
93944784
93944784
93944784
93944784
93944784
93944784
985256752
985256752
985256752
985256752
347798822
347798822
118138813
118138813
118138813
118138813
242503580
242503580
242503580
242503580
242503580
242503580
242503580
242503580
966979174
966979174
966979174
966979174
966979174
966979174
966979174
966979174
966979174
966979174
966979174
966979174
966979174
966979174
966979174
966979174
576149708
576149708
946844382
946844382
946844382
946844382
192948180
192948180
192948180
192948180
192948180
192948180
361039145
361039145
699947935
699947935
699947935
699947935
699947935
699947935
699947935
699947935
699947935
699947935
699947935
699947935
741602886
741602886
741602886
741602886
741602886
741602886
553039111
553039111
553039111
553039111
553039111
553039111
553039111
553039111
553039111
553039111
416800084
416800084
416800084
416800084
416800084
416800084
416800084
416800084
838160042
838160042
838160042
838160042
524009718
524009718
524009718
524009718
524009718
524009718
575194038
575194038
575194038
575194038
575194038
575194038
575194038
575194038
575194038
575194038
575194038
575194038
575194038
575194038
575194038
575194038
575194038
575194038
575194038
575194038
575194038
575194038
575194038
575194038
575194038
575194038
575194038
575194038
575194038
575194038
872954021
872954021
157449467
157449467
157449467
157449467
157449467
157449467
157449467
157449467
157449467
157449467
690833188
690833188
889788012
889788012
889788012
889788012
889788012
889788012
153036211
153036211
153036211
153036211
815419419
815419419
815419419
815419419
815419419
815419419
181246540
181246540
181246540
181246540
181246540
181246540
644579965
644579965
644579965
644579965
644579965
644579965
644579965
644579965
258503773
258503773
258503773
258503773
258503773
258503773
750887025
750887025
750887025
750887025
960025233
960025233
960025233
960025233
960025233
960025233
960025233
960025233
960025233
960025233
960025233
960025233
656911905
656911905
656911905
656911905
656911905
656911905
864628925
864628925
864628925
864628925
864628925
864628925
864628925
864628925
747413450
747413450
747413450
747413450
747413450
747413450
747413450
747413450
747413450
747413450
747413450
747413450
43237723
43237723
43237723
43237723
523280961
523280961
523280961
523280961
523280961
523280961
523280961
523280961
523280961
523280961
523280961
523280961
523280961
523280961
793715933
793715933
793715933
793715933
793715933
793715933
793715933
793715933
793715933
793715933
793715933
793715933
777891107
777891107
777891107
777891107
777891107
777891107
777891107
777891107
777891107
777891107
691107911
691107911
691107911
691107911
691107911
691107911
691107911
691107911
691107911
691107911
691107911
691107911
691107911
691107911
691107911
691107911
691107911
691107911
691107911
691107911
691107911
691107911
691107911
691107911
939457477
939457477
939457477
939457477
939457477
939457477
603157247
603157247
603157247
603157247
603157247
603157247
603157247
603157247
603157247
603157247
603157247
603157247
82725822
82725822
82725822
82725822
82725822
82725822
586929271
586929271
218743671
218743671
218743671
218743671
218743671
218743671
218743671
218743671
218743671
218743671
218743671
218743671
218743671
218743671
218743671
218743671
218743671
218743671
218743671
218743671
218743671
218743671
235980373
235980373
235980373
235980373
235980373
235980373
235980373
235980373
383478484
383478484
383478484
383478484
383478484
383478484
383478484
383478484
383478484
383478484
383478484
383478484
383478484
383478484
383478484
383478484
383478484
383478484
225060404
225060404
225060404
225060404
225060404
225060404
225060404
225060404
225060404
225060404
509112229
509112229
509112229
509112229
509112229
509112229
44237563
44237563
44237563
44237563
44237563
44237563
44237563
44237563
44237563
44237563
44237563
44237563
44237563
44237563
820114315
820114315
820114315
820114315
844284074
844284074
820983139
820983139
820983139
820983139
820983139
820983139
677238959
677238959
677238959
677238959
677238959
677238959
677238959
677238959
677238959
677238959
760400346
760400346
760400346
760400346
760400346
760400346
760400346
760400346
17265481
17265481
17265481
17265481
17265481
17265481
53878008
53878008
53878008
53878008
453921246
453921246
453921246
453921246
453921246
453921246
290774194
290774194
290774194
290774194
290774194
290774194
290774194
290774194
290774194
290774194
290774194
290774194
290774194
290774194
290774194
290774194
290774194
290774194
290774194
290774194
290774194
290774194
290774194
290774194
290774194
290774194
290774194
290774194
290774194
290774194
708440083
708440083
708440083
708440083
708440083
708440083
708440083
708440083
708440083
708440083
708440083
708440083
708440083
708440083
487249468
487249468
487249468
487249468
487249468
487249468
487249468
487249468
487249468
487249468
331837756
331837756
402141629
402141629
402141629
402141629
402141629
402141629
402141629
402141629
402141629
402141629
402141629
402141629
78845301
78845301
78845301
78845301
78845301
78845301
78845301
78845301
78845301
78845301
14897585
14897585
243990042
243990042
243990042
243990042
243990042
243990042
243990042
243990042
243990042
243990042
243990042
243990042
243990042
243990042
243990042
243990042
82806107
82806107
707688301
707688301
707688301
707688301
707688301
707688301
707688301
707688301
707688301
707688301
707688301
707688301
707688301
707688301
707688301
707688301
707688301
707688301
955053571
955053571
955053571
955053571
955053571
955053571
955053571
955053571
955053571
955053571
955053571
955053571
955053571
955053571
955053571
955053571
955053571
955053571
955053571
955053571
955053571
955053571
955053571
955053571
711000983
711000983
711000983
711000983
711000983
711000983
711000983
711000983
711000983
711000983
711000983
711000983
711000983
711000983
711000983
711000983
711000983
711000983
228248130
228248130
228248130
228248130
228248130
228248130
916368366
916368366
916368366
916368366
916368366
916368366
916368366
916368366
916368366
916368366
916368366
916368366
916368366
916368366
916368366
916368366
366016801
366016801
366016801
366016801
366016801
366016801
366016801
366016801
366016801
366016801
366016801
366016801
366016801
366016801
366016801
366016801
366016801
366016801
191165162
191165162
191165162
191165162
191165162
191165162
518603059
518603059
260190005
260190005
260190005
260190005
260190005
260190005
260190005
260190005
260190005
260190005
260190005
260190005
260190005
260190005
260190005
260190005
260190005
260190005
440653770
440653770
440653770
440653770
530830298
530830298
530830298
530830298
530830298
530830298
326413308
326413308
509246504
509246504
509246504
509246504
509246504
509246504
509246504
509246504
509246504
509246504
839506770
839506770
839506770
839506770
839506770
839506770
839506770
839506770
177278276
177278276
177278276
177278276
177278276
177278276
177278276
177278276
177278276
177278276
600791368
600791368
600791368
600791368
600791368
600791368
753429831
753429831
753429831
753429831
753429831
753429831
573157895
573157895
573157895
573157895
573157895
573157895
573157895
573157895
891024382
891024382
891024382
891024382
214817629
214817629
214817629
214817629
214817629
214817629
228634716
228634716
963459009
963459009
963459009
963459009
963459009
963459009
963459009
963459009
963459009
963459009
786598057
786598057
467867348
467867348
467867348
467867348
467867348
467867348
467867348
467867348
467867348
467867348
467867348
467867348
159401603
159401603
159401603
159401603
785937482
785937482
785937482
785937482
785937482
785937482
763884293
763884293
763884293
763884293
763884293
763884293
117858998
117858998
667647560
667647560
667647560
667647560
667647560
667647560
667647560
667647560
667647560
667647560
667647560
667647560
124363148
124363148
124363148
124363148
30460214
30460214
30460214
30460214
30460214
30460214
30460214
30460214
30460214
30460214
30460214
30460214
30460214
30460214
137289270
137289270
137289270
137289270
137289270
137289270
137289270
137289270
137289270
137289270
137289270
137289270
137289270
137289270
137289270
137289270
137289270
137289270
752726194
752726194
752726194
752726194
86260471
86260471
86260471
86260471
86260471
86260471
806338066
806338066
806338066
806338066
806338066
806338066
806338066
806338066
806338066
806338066
806338066
806338066
806338066
806338066
806338066
806338066
806338066
806338066
806338066
806338066
806584873
806584873
806584873
806584873
925687213
925687213
925687213
925687213
925687213
925687213
925687213
925687213
203433283
203433283
203433283
203433283
203433283
203433283
791635480
791635480
791635480
791635480
468434064
468434064
468434064
468434064
468434064
468434064
468434064
468434064
473833494
473833494
473833494
473833494
939378739
939378739
939378739
939378739
939378739
939378739
939378739
939378739
939378739
939378739
939378739
939378739
939378739
939378739
185678120
185678120
185678120
185678120
185678120
185678120
992110729
992110729
992110729
992110729
39549321
39549321
39549321
39549321
39549321
39549321
39549321
39549321
39549321
39549321
39549321
39549321
39549321
39549321
151291719
151291719
151291719
151291719
151291719
151291719
151291719
151291719
151291719
151291719
151291719
151291719
964689203
964689203
964689203
964689203
94095290
94095290
85350000
85350000
85350000
85350000
85350000
85350000
85350000
85350000
85350000
85350000
85350000
85350000
85350000
85350000
85350000
85350000
85350000
85350000
85350000
85350000
85350000
85350000
85350000
85350000
85350000
85350000
85350000
85350000
85350000
85350000
791145352
791145352
791145352
791145352
395684981
395684981
395684981
395684981
395684981
395684981
395684981
395684981
395684981
395684981
395684981
395684981
395684981
395684981
395684981
395684981
395684981
395684981
395684981
395684981
395684981
395684981
395684981
395684981
69474826
69474826
69474826
69474826
69474826
69474826
501559997
501559997
501559997
501559997
501559997
501559997
713189031
713189031
713189031
713189031
713189031
713189031
713189031
713189031
713189031
713189031
713189031
713189031
115152927
115152927
115152927
115152927
115152927
115152927
115152927
115152927
115152927
115152927
115152927
115152927
295929403
295929403
295929403
295929403
295929403
295929403
295929403
295929403
295929403
295929403
295929403
295929403
295929403
295929403
76597105
76597105
76597105
76597105
76597105
76597105
49003444
49003444
49003444
49003444
125686
125686
990279994
990279994
990279994
990279994
377138060
377138060
377138060
377138060
377138060
377138060
377138060
377138060
377138060
377138060
377138060
377138060
377138060
377138060
377138060
377138060
377138060
377138060
767791207
767791207
767791207
767791207
767791207
767791207
925031259
925031259
925031259
925031259
925031259
925031259
925031259
925031259
925031259
925031259
925031259
925031259
322488746
322488746
701498198
701498198
701498198
701498198
701498198
701498198
776176626
776176626
776176626
776176626
776176626
776176626
409130959
409130959
409130959
409130959
272398854
272398854
272398854
272398854
272398854
272398854
272398854
272398854
272398854
272398854
272398854
272398854
298475291
298475291
177022130
177022130
177022130
177022130
177022130
177022130
177022130
177022130
177022130
177022130
177022130
177022130
627211327
627211327
627211327
627211327
627211327
627211327
627211327
627211327
627211327
627211327
627211327
627211327
627211327
627211327
627211327
627211327
627211327
627211327
627211327
627211327
627211327
627211327
627211327
627211327
627211327
627211327
627211327
627211327
627211327
627211327
300101620
300101620
300101620
300101620
300101620
300101620
300101620
300101620
300101620
300101620
300101620
300101620
300101620
300101620
300101620
300101620
513857759
513857759
514478537
514478537
514478537
514478537
514478537
514478537
574402261
574402261
574402261
574402261
574402261
574402261
574402261
574402261
574402261
574402261
574402261
574402261
574402261
574402261
574402261
574402261
574402261
574402261
574402261
574402261
574402261
574402261
619743860
619743860
619743860
619743860
619743860
619743860
619743860
619743860
619743860
619743860
619743860
619743860
619743860
619743860
797269650
797269650
797269650
797269650
797269650
797269650
196064375
196064375
196064375
196064375
196064375
196064375
196064375
196064375
196064375
196064375
43430801
43430801
43430801
43430801
43430801
43430801
43430801
43430801
43430801
43430801
43430801
43430801
964300431
964300431
964300431
964300431
964300431
964300431
297530911
297530911
727522237
727522237
727522237
727522237
837422832
837422832
837422832
837422832
837422832
837422832
837422832
837422832
962314551
962314551
962314551
962314551
962314551
962314551
962314551
962314551
962314551
962314551
333268526
333268526
333268526
333268526
333268526
333268526
140606607
140606607
140606607
140606607
140606607
140606607
147460667
147460667
147460667
147460667
147460667
147460667
147460667
147460667
147460667
147460667
147460667
147460667
147460667
147460667
147460667
147460667
147460667
147460667
147460667
147460667
147460667
147460667
147460667
147460667
362045642
362045642
362045642
362045642
362045642
362045642
362045642
362045642
362045642
362045642
362045642
362045642
362045642
362045642
654463684
654463684
654463684
654463684
654463684
654463684
4869813
4869813
4869813
4869813
791241750
791241750
791241750
791241750
791241750
791241750
791241750
791241750
566227953
566227953
566227953
566227953
566227953
566227953
566227953
566227953
566227953
566227953
566227953
566227953
973130564
946261121
946261121
946261121
946261121
946261121
946261121
946261121
946261121
946261121
946261121
946261121
946261121
946261121
946261121
946261121
946261121
946261121
857487920
857487920
857487920
857487920
857487920
857487920
857487920
857487920
857487920
857487920
693165151
693165151
510666485
510666485
510666485
510666485
510666485
510666485
510666485
510666485
510666485
510666485
295808614
295808614
392302017
392302017
392302017
392302017
391691412
391691412
391691412
391691412
391691412
391691412
712286520
712286520
712286520
712286520
712286520
712286520
712286520
712286520
712286520
712286520
712286520
712286520
712286520
712286520
712286520
712286520
712286520
712286520
712286520
712286520
623473565
623473565
623473565
623473565
623473565
623473565
502872900
502872900
502872900
502872900
267472580
267472580
267472580
267472580
267472580
267472580
267472580
267472580
267472580
267472580
267472580
267472580
267472580
267472580
545254948
545254948
545254948
545254948
708742228
708742228
599255665
599255665
599255665
599255665
24217701
24217701
24217701
24217701
24217701
24217701
24217701
24217701
24217701
24217701
24217701
24217701
24217701
24217701
273311604
273311604
273311604
273311604
273311604
273311604
132594557
132594557
132594557
132594557
132594557
132594557
132594557
132594557
132594557
132594557
132594557
132594557
380057525
380057525
380057525
380057525
380057525
380057525
380057525
380057525
380057525
380057525
380057525
380057525
380057525
380057525
380057525
380057525
380057525
380057525
380057525
380057525
380057525
380057525
380057525
380057525
620484107
620484107
620484107
620484107
620484107
620484107
620484107
620484107
620484107
620484107
108550518
108550518
108550518
108550518
108550518
108550518
459278786
459278786
459278786
459278786
459278786
459278786
459278786
459278786
378363393
378363393
378363393
378363393
378363393
378363393
378363393
378363393
378363393
378363393
333754880
333754880
869668727
869668727
869668727
869668727
869668727
869668727
869668727
869668727
869668727
869668727
869668727
869668727
869668727
869668727
869668727
869668727
869668727
869668727
869668727
869668727
869668727
869668727
869668727
869668727
869668727
869668727
869668727
869668727
869668727
869668727
740961366
740961366
740961366
740961366
117542131
117542131
117542131
117542131
117542131
117542131
762615269
762615269
609287936
609287936
609287936
609287936
609287936
609287936
609287936
609287936
609287936
609287936
609287936
609287936
218007640
218007640
218007640
218007640
510522193
510522193
510522193
510522193
510522193
510522193
510522193
510522193
510522193
510522193
510522193
510522193
510522193
510522193
528244740
528244740
528244740
528244740
528244740
528244740
648182276
648182276
648182276
648182276
648182276
648182276
648182276
648182276
648182276
648182276
648182276
648182276
648182276
648182276
648182276
648182276
648182276
648182276
648182276
648182276
648182276
648182276
648182276
648182276
648182276
648182276
648182276
648182276
648182276
648182276
648182276
648182276
648182276
648182276
197489706
197489706
197489706
197489706
197489706
197489706
197489706
197489706
197489706
197489706
197489706
197489706
229855411
229855411
229855411
229855411
229855411
229855411
229855411
229855411
597943425
597943425
597943425
597943425
597943425
597943425
663549289
663549289
663549289
663549289
663549289
663549289
663549289
663549289
663549289
663549289
720240545
720240545
133970705
133970705
133970705
133970705
511724807
511724807
511724807
511724807
511724807
511724807
511724807
511724807
511724807
511724807
511724807
511724807
511724807
511724807
511724807
511724807
511724807
511724807
511724807
511724807
899491674
899491674
899491674
899491674
899491674
899491674
899491674
899491674
899491674
899491674
342067225
342067225
342067225
342067225
342067225
342067225
342067225
342067225
278837180
278837180
278837180
278837180
278837180
278837180
278837180
278837180
278837180
278837180
278837180
278837180
278837180
278837180
278837180
278837180
163219681
163219681
526027098
526027098
526027098
526027098
526027098
526027098
526027098
526027098
526027098
526027098
567254986
567254986
567254986
567254986
567254986
567254986
567254986
567254986
567254986
567254986
567254986
567254986
567254986
567254986
439710041
439710041
439710041
439710041
378497156
378497156
51936262
51936262
51936262
51936262
51936262
51936262
51936262
51936262
51936262
51936262
51936262
51936262
781236806
781236806
781236806
781236806
781236806
781236806
354614197
354614197
354614197
354614197
354614197
354614197
354614197
354614197
354614197
354614197
354614197
354614197
354614197
354614197
354614197
354614197
22767107
22767107
22767107
22767107
22767107
22767107
368049204
368049204
368049204
368049204
368049204
368049204
368049204
368049204
562920757
562920757
562920757
562920757
715057315
715057315
715057315
715057315
715057315
715057315
715057315
715057315
132966544
132966544
132966544
132966544
878158907
878158907
878158907
878158907
878158907
878158907
104278520
104278520
104278520
104278520
104278520
104278520
104278520
104278520
953067291
953067291
953067291
953067291
953067291
953067291
75248355
75248355
75248355
75248355
75248355
75248355
90402653
90402653
90402653
90402653
90402653
90402653
90402653
90402653
90402653
90402653
90402653
90402653
305557820
305557820
305557820
305557820
305557820
305557820
658654657
658654657
658654657
658654657
300316538
300316538
300316538
300316538
300316538
300316538
868739504
868739504
868739504
868739504
868739504
868739504
76825284
76825284
76825284
76825284
76825284
76825284
76825284
76825284
66308413
66308413
66308413
66308413
66308413
66308413
66308413
66308413
66308413
66308413
66308413
66308413
66308413
66308413
66308413
66308413
66308413
66308413
121553653
121553653
121553653
121553653
605726830
605726830
605726830
605726830
605726830
605726830
605726830
605726830
605726830
605726830
605726830
605726830
605726830
605726830
605726830
605726830
605726830
605726830
605726830
605726830
213247166
213247166
213247166
213247166
67777816
67777816
67777816
67777816
67777816
67777816
67777816
67777816
67777816
67777816
67777816
67777816
732555125
732555125
868712398
868712398
868712398
868712398
868712398
868712398
868712398
868712398
868712398
868712398
599133041
599133041
599133041
599133041
599133041
599133041
538646259
538646259
94249974
94249974
94249974
94249974
94249974
94249974
94249974
94249974
94249974
94249974
18014088
18014088
18014088
18014088
18014088
18014088
18014088
18014088
18014088
18014088
18014088
18014088
622832655
622832655
165782625
165782625
165782625
165782625
994525592
994525592
994525592
994525592
994525592
994525592
994525592
994525592
994525592
994525592
994525592
994525592
994525592
994525592
994525592
994525592
994525592
994525592
994525592
994525592
348874238
348874238
348874238
348874238
348874238
348874238
538576820
538576820
538576820
538576820
538576820
538576820
538576820
538576820
538576820
538576820
538576820
538576820
538576820
538576820
538576820
538576820
538576820
538576820
538576820
538576820
538576820
538576820
538576820
538576820
538576820
538576820
538576820
538576820
538576820
538576820
720931225
720931225
720931225
720931225
720931225
720931225
194862966
194862966
194862966
194862966
710863098
710863098
710863098
710863098
710863098
710863098
710863098
710863098
826914733
826914733
826914733
826914733
826914733
826914733
826914733
826914733
826914733
826914733
713723276
713723276
713723276
713723276
713723276
713723276
713723276
713723276
713723276
713723276
713723276
713723276
101678009
101678009
101678009
101678009
101678009
101678009
950056344
950056344
955402370
955402370
955402370
955402370
955402370
955402370
955402370
955402370
955402370
955402370
955402370
955402370
955402370
955402370
955402370
955402370
955402370
955402370
955402370
955402370
955402370
955402370
955402370
955402370
955402370
955402370
955402370
955402370
665867451
665867451
472884500
472884500
472884500
472884500
472884500
472884500
270661687
270661687
270661687
270661687
932444491
932444491
122138555
122138555
122138555
122138555
122138555
122138555
122138555
122138555
122138555
122138555
122138555
122138555
122138555
122138555
122138555
122138555
789005381
789005381
789005381
789005381
789005381
789005381
789005381
789005381
789005381
789005381
789005381
789005381
397599690
397599690
493971505
493971505
493971505
493971505
493971505
493971505
948117462
948117462
948117462
948117462
948117462
948117462
948117462
948117462
948117462
948117462
996028142
996028142
996028142
996028142
996028142
996028142
996028142
996028142
987100304
987100304
987100304
987100304
987100304
987100304
987100304
987100304
987100304
987100304
987100304
987100304
987100304
987100304
987100304
987100304
987100304
987100304
987100304
987100304
987100304
987100304
987100304
987100304
728800853
728800853
728800853
728800853
728800853
728800853
728800853
728800853
728800853
728800853
728800853
728800853
274118421
274118421
274118421
274118421
274118421
274118421
944679417
944679417
944679417
944679417
944679417
944679417
944679417
944679417
944679417
944679417
944679417
944679417
944679417
944679417
944679417
944679417
944679417
944679417
88978605
88978605
88978605
88978605
88978605
88978605
641593781
641593781
641593781
641593781
242335963
242335963
242335963
242335963
242335963
242335963
242335963
242335963
242335963
242335963
242335963
242335963
242335963
242335963
616381894
616381894
616381894
616381894
616381894
616381894
208963850
208963850
208963850
208963850
317816452
317816452
317816452
317816452
317816452
317816452
317816452
317816452
317816452
317816452
317816452
317816452
330293791
330293791
330293791
330293791
330293791
330293791
330293791
330293791
427273947
427273947
427273947
427273947
427273947
427273947
365723614
365723614
365723614
365723614
365723614
365723614
365723614
365723614
365723614
365723614
365723614
365723614
291501638
291501638
291501638
291501638
689555740
689555740
689555740
689555740
689555740
689555740
118765210
118765210
118765210
118765210
118765210
118765210
118765210
118765210
118765210
118765210
118765210
118765210
133993745
133993745
133993745
133993745
133993745
133993745
360276463
360276463
360276463
360276463
360276463
360276463
360276463
360276463
360276463
360276463
360276463
360276463
594218361
594218361
171835564
171835564
171835564
171835564
171835564
171835564
171835564
171835564
171835564
171835564
171835564
171835564
171835564
171835564
171835564
171835564
681804818
681804818
681804818
681804818
681804818
681804818
681804818
681804818
681804818
681804818
681804818
681804818
681804818
681804818
681804818
681804818
681804818
681804818
681804818
681804818
103252311
103252311
103252311
103252311
284691685
284691685
792893361
792893361
792893361
792893361
792893361
792893361
792893361
792893361
792893361
792893361
357952197
357952197
357952197
357952197
357952197
357952197
357952197
357952197
357952197
357952197
357952197
357952197
357952197
357952197
357952197
357952197
357952197
357952197
892882943
892882943
892882943
892882943
892882943
892882943
892882943
892882943
776087577
776087577
776087577
776087577
464429726
464429726
464429726
464429726
464429726
464429726
464429726
464429726
464429726
464429726
464429726
464429726
464429726
464429726
380321310
380321310
380321310
380321310
581331846
581331846
383399161
383399161
383399161
383399161
383399161
383399161
398731101
398731101
398731101
398731101
398731101
398731101
398731101
398731101
398731101
398731101
398731101
398731101
398731101
398731101
398731101
398731101
398731101
398731101
398731101
398731101
398731101
398731101
509121319
509121319
509121319
509121319
509121319
509121319
30574845
30574845
30574845
30574845
30574845
30574845
30574845
30574845
30574845
30574845
30574845
30574845
30574845
30574845
128367386
128367386
128367386
128367386
128367386
128367386
268317800
268317800
268317800
268317800
268317800
268317800
992255746
992255746
992255746
992255746
992255746
992255746
248806690
248806690
248806690
248806690
17356576
17356576
17356576
17356576
17356576
17356576
481588203
481588203
42428704
42428704
42428704
42428704
42428704
42428704
42428704
42428704
42428704
42428704
145104624
145104624
771908616
771908616
771908616
771908616
501558204
501558204
207854418
207854418
207854418
207854418
207854418
207854418
207854418
207854418
207854418
207854418
207854418
207854418
207854418
207854418
207854418
207854418
207854418
207854418
207854418
207854418
207854418
207854418
510634936
510634936
138365544
138365544
138365544
138365544
906595885
906595885
906595885
906595885
906595885
906595885
182758489
182758489
182758489
182758489
182758489
182758489
367705107
367705107
367705107
367705107
367705107
367705107
367705107
367705107
367705107
367705107
367705107
367705107
889146114
889146114
889146114
889146114
889146114
889146114
220585550
220585550
220585550
220585550
220585550
220585550
220585550
220585550
220585550
220585550
220585550
220585550
220585550
220585550
989151371
989151371
989151371
989151371
989151371
989151371
989151371
989151371
989151371
989151371
710137372
710137372
710137372
710137372
710137372
710137372
710137372
710137372
710137372
710137372
710137372
710137372
739519893
739519893
739519893
739519893
739519893
739519893
280209949
280209949
280209949
280209949
280209949
280209949
280209949
280209949
164364378
164364378
164364378
164364378
844163295
844163295
844163295
844163295
844163295
844163295
844163295
844163295
844163295
844163295
844163295
844163295
844163295
844163295
844163295
844163295
844163295
844163295
844163295
844163295
844163295
844163295
844163295
844163295
844163295
844163295
844163295
844163295
844163295
844163295
844163295
844163295
844163295
844163295
844163295
844163295
993452521
993452521
993452521
993452521
993452521
993452521
993452521
993452521
993452521
993452521
993452521
993452521
993452521
993452521
137587355
137587355
137587355
137587355
137587355
137587355
137587355
137587355
137587355
137587355
137587355
137587355
627234361
627234361
627234361
627234361
627234361
627234361
367276228
367276228
367276228
367276228
299117306
299117306
299117306
299117306
299117306
299117306
200519314
200519314
201499617
201499617
201499617
201499617
201499617
201499617
201499617
201499617
201499617
201499617
201499617
201499617
60793130
60793130
60793130
60793130
60793130
60793130
592907268
592907268
592907268
592907268
592907268
592907268
592907268
592907268
592907268
592907268
592907268
592907268
77076052
77076052
77076052
77076052
77076052
77076052
77076052
77076052
77076052
77076052
77076052
77076052
77076052
77076052
77076052
77076052
864949989
864949989
850884934
850884934
850884934
850884934
850884934
850884934
850884934
850884934
850884934
850884934
224067818
224067818
224067818
224067818
224067818
224067818
224067818
224067818
785615942
785615942
785615942
785615942
785615942
785615942
785615942
785615942
785615942
785615942
785615942
785615942
785615942
785615942
785615942
785615942
785615942
785615942
785615942
785615942
785615942
785615942
401286853
401286853
909470713
909470713
909470713
909470713
909470713
909470713
909470713
909470713
909470713
909470713
909470713
909470713
878387672
878387672
878387672
878387672
878387672
878387672
617477730
617477730
617477730
617477730
85481278
85481278
85481278
85481278
85481278
85481278
356973391
356973391
356973391
356973391
356973391
356973391
356973391
356973391
356973391
356973391
356973391
356973391
356973391
356973391
356973391
356973391
356973391
356973391
559085495
559085495
706162428
706162428
706162428
706162428
706162428
706162428
706162428
706162428
706162428
706162428
706162428
706162428
974659926
974659926
974659926
974659926
974659926
974659926
996628996
996628996
996628996
996628996
994431537
994431537
994431537
994431537
994431537
994431537
994431537
994431537
994431537
994431537
994431537
994431537
412288975
412288975
412288975
412288975
412288975
412288975
412288975
412288975
967105417
967105417
967105417
967105417
967105417
967105417
73812231
73812231
73812231
73812231
73812231
73812231
73812231
73812231
73812231
73812231
73812231
73812231
500413424
500413424
500413424
500413424
565163752
565163752
565163752
565163752
565163752
565163752
646117008
646117008
646117008
646117008
646117008
646117008
646117008
646117008
646117008
646117008
646117008
646117008
898601260
898601260
898601260
898601260
898601260
898601260
512557821
512557821
307521868
307521868
307521868
307521868
307521868
307521868
307521868
307521868
307521868
307521868
307521868
307521868
548337783
548337783
548337783
548337783
548337783
548337783
548337783
548337783
548337783
548337783
548337783
548337783
222271456
222271456
222271456
222271456
597870093
597870093
597870093
597870093
597870093
597870093
597870093
597870093
597870093
597870093
597870093
597870093
597870093
597870093
511749360
511749360
511749360
511749360
511749360
511749360
900874037
900874037
900874037
900874037
900874037
900874037
900874037
900874037
900874037
900874037
900874037
900874037
900874037
900874037
900874037
900874037
373006578
373006578
373006578
373006578
373006578
373006578
582287041
582287041
692563697
692563697
692563697
692563697
692563697
692563697
692563697
692563697
692563697
692563697
775663689
775663689
775663689
775663689
775663689
775663689
775663689
775663689
77987842
77987842
77987842
77987842
77987842
77987842
77987842
77987842
77987842
77987842
77987842
77987842
77987842
77987842
77987842
77987842
77987842
77987842
304815775
304815775
304815775
304815775
304815775
304815775
927702802
927702802
927702802
927702802
927702802
927702802
927702802
927702802
927702802
927702802
927702802
927702802
927702802
927702802
927702802
927702802
927702802
927702802
927702802
927702802
927702802
927702802
927702802
927702802
927702802
927702802
927702802
927702802
