59814054
59814054
59814054
59814054
59814054
59814054
59814054
59814054
59814054
59814054
26863016
26863016
190591235
190591235
190591235
190591235
190591235
190591235
190591235
190591235
190591235
190591235
190591235
190591235
190591235
190591235
190591235
190591235
190591235
190591235
281393512
281393512
281393512
281393512
281393512
281393512
281393512
281393512
281393512
281393512
357432215
357432215
357432215
357432215
357432215
357432215
357432215
357432215
357432215
357432215
357432215
357432215
357432215
357432215
357432215
357432215
357432215
357432215
357432215
357432215
357432215
357432215
357432215
357432215
357432215
357432215
357432215
357432215
357432215
357432215
357432215
357432215
990686969
990686969
990686969
990686969
990686969
990686969
254545909
254545909
254545909
254545909
254545909
254545909
254545909
254545909
254545909
254545909
254545909
254545909
254545909
254545909
254545909
254545909
780678582
780678582
780678582
780678582
780678582
780678582
352837118
352837118
352837118
352837118
352837118
352837118
352837118
352837118
352837118
352837118
352837118
352837118
352837118
352837118
352837118
352837118
352837118
352837118
352837118
352837118
561541767
561541767
561541767
561541767
783719596
783719596
783719596
783719596
783719596
783719596
774336737
774336737
774336737
774336737
774336737
774336737
774336737
774336737
774336737
774336737
774336737
774336737
586995411
586995411
586995411
586995411
586995411
586995411
586995411
586995411
586995411
586995411
586995411
586995411
586995411
586995411
586995411
586995411
586995411
586995411
586995411
586995411
38357626
38357626
38357626
38357626
38357626
38357626
93917226
93917226
93917226
93917226
856375347
856375347
856375347
856375347
856375347
856375347
703553859
703553859
703553859
703553859
703553859
703553859
694057165
694057165
694057165
694057165
694057165
694057165
694057165
694057165
655268508
655268508
655268508
655268508
655268508
655268508
655268508
655268508
655268508
655268508
655268508
655268508
655268508
655268508
655268508
655268508
74570915
74570915
74570915
74570915
74570915
74570915
967451424
967451424
967451424
967451424
967451424
967451424
967451424
967451424
967451424
967451424
967451424
967451424
967451424
967451424
967451424
967451424
967451424
967451424
967451424
967451424
676786592
676786592
676786592
676786592
676786592
676786592
552527312
552527312
552527312
552527312
552527312
552527312
552527312
552527312
552527312
552527312
552527312
552527312
552527312
552527312
552527312
552527312
552527312
552527312
552527312
552527312
552527312
552527312
552527312
552527312
552527312
552527312
552527312
552527312
79537892
79537892
79537892
79537892
79537892
79537892
79537892
79537892
79537892
79537892
79537892
79537892
847595593
847595593
538311134
538311134
538311134
538311134
538311134
538311134
6955345
6955345
6955345
6955345
887522767
887522767
353003177
353003177
353003177
353003177
353003177
353003177
353003177
353003177
353003177
353003177
353003177
353003177
353003177
353003177
353003177
353003177
353003177
353003177
490840046
490840046
490840046
490840046
490840046
490840046
490840046
490840046
490840046
490840046
874692678
874692678
874692678
874692678
874692678
874692678
874692678
874692678
874692678
874692678
874692678
874692678
573378100
573378100
573378100
573378100
573378100
573378100
468835088
468835088
468835088
468835088
468835088
468835088
468835088
468835088
468835088
468835088
468835088
468835088
468835088
468835088
468835088
468835088
468835088
468835088
624072632
624072632
624072632
624072632
624072632
624072632
624072632
624072632
624072632
624072632
624072632
624072632
624072632
624072632
624072632
624072632
624072632
624072632
624072632
624072632
185194425
185194425
185194425
185194425
185194425
185194425
185194425
185194425
185194425
185194425
185194425
185194425
329824873
329824873
329824873
329824873
161377513
161377513
161377513
161377513
161377513
161377513
161377513
161377513
161377513
161377513
161377513
161377513
161377513
161377513
161377513
161377513
161377513
161377513
161377513
161377513
161377513
161377513
161377513
161377513
161377513
161377513
8868774
8868774
8868774
8868774
408367486
408367486
408367486
408367486
408367486
408367486
236428363
236428363
236428363
236428363
236428363
236428363
236428363
236428363
442516163
442516163
442516163
442516163
713521058
713521058
713521058
713521058
713521058
713521058
713521058
713521058
651653062
651653062
651653062
651653062
651653062
651653062
651653062
651653062
651653062
651653062
651653062
651653062
651653062
651653062
651653062
651653062
651653062
651653062
651653062
651653062
651653062
651653062
507305931
507305931
878902287
878902287
878902287
878902287
454165160
454165160
454165160
454165160
454165160
454165160
454165160
454165160
454165160
454165160
454165160
454165160
454165160
454165160
454165160
454165160
454165160
454165160
454165160
454165160
454165160
454165160
454165160
454165160
454165160
454165160
687975061
687975061
687975061
687975061
687975061
687975061
687975061
687975061
687975061
687975061
387896793
387896793
387896793
387896793
387896793
387896793
387896793
387896793
387896793
387896793
387896793
387896793
387896793
387896793
387896793
387896793
387896793
387896793
336762088
336762088
336762088
336762088
336762088
336762088
336762088
336762088
336762088
336762088
336762088
336762088
336762088
336762088
336762088
336762088
336762088
336762088
336762088
336762088
336762088
336762088
336762088
336762088
336762088
336762088
336762088
336762088
336762088
336762088
911245461
911245461
911245461
911245461
911245461
911245461
911245461
911245461
176764906
176764906
176764906
176764906
176764906
176764906
176764906
176764906
176764906
176764906
176764906
176764906
176764906
176764906
176764906
176764906
176764906
176764906
176764906
176764906
176764906
176764906
331400346
331400346
331400346
331400346
331400346
331400346
331400346
331400346
204266874
204266874
204266874
204266874
944990341
944990341
944990341
944990341
944990341
944990341
744272072
744272072
744272072
744272072
744272072
744272072
744272072
744272072
744272072
744272072
744272072
744272072
744272072
744272072
389071360
389071360
389071360
389071360
389071360
389071360
156468076
156468076
156468076
156468076
934829039
934829039
934829039
934829039
934829039
934829039
934829039
934829039
934829039
934829039
934829039
934829039
934829039
934829039
934829039
934829039
934829039
934829039
693665113
693665113
577558397
577558397
577558397
577558397
577558397
577558397
577558397
577558397
577558397
577558397
577558397
577558397
577558397
577558397
577558397
577558397
577558397
577558397
577558397
577558397
577558397
577558397
577558397
577558397
577558397
577558397
577558397
577558397
577558397
577558397
643682129
643682129
643682129
643682129
643682129
643682129
643682129
643682129
643682129
643682129
643682129
643682129
643682129
643682129
643682129
643682129
643682129
643682129
643682129
643682129
643682129
643682129
643682129
643682129
643682129
643682129
643682129
643682129
10158665
10158665
10158665
10158665
10158665
10158665
10158665
10158665
10158665
10158665
10158665
10158665
453196717
453196717
453196717
453196717
453196717
453196717
453196717
453196717
453196717
453196717
453196717
453196717
453196717
453196717
453196717
453196717
453196717
453196717
386337294
386337294
392651265
392651265
392651265
392651265
392651265
392651265
13404325
13404325
13404325
13404325
13404325
13404325
13404325
13404325
13404325
13404325
602523290
602523290
602523290
602523290
602523290
602523290
602523290
602523290
545117077
545117077
545117077
545117077
545117077
545117077
545117077
545117077
545117077
545117077
569964076
569964076
569964076
569964076
569964076
569964076
569964076
569964076
569964076
569964076
569964076
569964076
569964076
569964076
569964076
569964076
569964076
569964076
569964076
569964076
569964076
569964076
569964076
569964076
569964076
569964076
569964076
569964076
569964076
569964076
569964076
569964076
770710755
770710755
770710755
770710755
770710755
770710755
770710755
770710755
770710755
770710755
813691849
813691849
813691849
813691849
813691849
813691849
813691849
813691849
755758263
755758263
755758263
755758263
755758263
755758263
755758263
755758263
755758263
755758263
755758263
755758263
755758263
755758263
755758263
755758263
755758263
755758263
755758263
755758263
755758263
755758263
755758263
755758263
370177773
370177773
370177773
370177773
370177773
370177773
370177773
370177773
370177773
370177773
550907015
550907015
626179442
626179442
626179442
626179442
584332428
584332428
580762675
580762675
580762675
580762675
580762675
580762675
580762675
580762675
580762675
580762675
580762675
580762675
456346221
456346221
456346221
456346221
456346221
456346221
456346221
456346221
456346221
456346221
319854469
319854469
319854469
319854469
319854469
319854469
706460151
706460151
706460151
706460151
706460151
706460151
706460151
706460151
706460151
706460151
706460151
706460151
706460151
706460151
607117913
607117913
607117913
607117913
607117913
607117913
406079826
406079826
406079826
406079826
931927116
931927116
931927116
931927116
931927116
931927116
931927116
931927116
931927116
931927116
931927116
931927116
931927116
931927116
931927116
931927116
931927116
931927116
931927116
931927116
931927116
931927116
931927116
931927116
931927116
931927116
298475888
298475888
298475888
298475888
298475888
298475888
298475888
298475888
298475888
298475888
298475888
298475888
276706603
276706603
276706603
276706603
276706603
276706603
276706603
276706603
276706603
276706603
276706603
276706603
276706603
276706603
276706603
276706603
276706603
276706603
5213705
5213705
5213705
5213705
5213705
5213705
530828096
530828096
530828096
530828096
365492724
365492724
365492724
365492724
365492724
365492724
365492724
365492724
365492724
365492724
365492724
365492724
365492724
365492724
374158989
374158989
374158989
374158989
374158989
374158989
308470037
308470037
308470037
308470037
308470037
308470037
308470037
308470037
308470037
308470037
308470037
308470037
613080378
613080378
613080378
613080378
613080378
613080378
613080378
613080378
613080378
613080378
613080378
613080378
613080378
613080378
613080378
613080378
613080378
613080378
498445009
498445009
498445009
498445009
498445009
498445009
498445009
498445009
498445009
498445009
461537283
461537283
461537283
461537283
461537283
461537283
986179088
986179088
986179088
986179088
986179088
986179088
986179088
986179088
84162830
84162830
84162830
84162830
84162830
84162830
84162830
84162830
84162830
84162830
415551400
415551400
919692462
919692462
919692462
919692462
919692462
919692462
919692462
919692462
919692462
919692462
919692462
919692462
919692462
919692462
919692462
919692462
614056274
614056274
541989247
541989247
541989247
541989247
541989247
541989247
541989247
541989247
541989247
541989247
123252430
123252430
81308061
81308061
81308061
81308061
536226848
536226848
536226848
536226848
536226848
536226848
490929410
490929410
490929410
490929410
490929410
490929410
490929410
490929410
490929410
490929410
490929410
490929410
490929410
490929410
468818497
468818497
468818497
468818497
651199762
651199762
850694891
850694891
850694891
850694891
850694891
850694891
850694891
850694891
850694891
850694891
850694891
850694891
850694891
850694891
850694891
850694891
850694891
850694891
615361320
615361320
615361320
615361320
615361320
615361320
615361320
615361320
615361320
615361320
615361320
615361320
146317831
146317831
146317831
146317831
146317831
146317831
146317831
146317831
146317831
146317831
146317831
146317831
146317831
146317831
146317831
146317831
146317831
146317831
146317831
146317831
146317831
146317831
146317831
146317831
146317831
146317831
146317831
146317831
228017149
228017149
605333918
605333918
605333918
605333918
605333918
605333918
786222871
786222871
786222871
786222871
786222871
786222871
786222871
786222871
786222871
786222871
786222871
786222871
786222871
786222871
786222871
786222871
786222871
786222871
786222871
786222871
786222871
786222871
404719490
404719490
404719490
404719490
404719490
404719490
200524484
200524484
200524484
200524484
200524484
200524484
200524484
200524484
200524484
200524484
200524484
200524484
200524484
200524484
200524484
200524484
200524484
200524484
200524484
200524484
200524484
200524484
200524484
200524484
200524484
200524484
200524484
200524484
200524484
200524484
200524484
200524484
200524484
200524484
200524484
200524484
164114776
164114776
164114776
164114776
164114776
164114776
648369454
648369454
318788285
318788285
318788285
318788285
318788285
318788285
318788285
318788285
318788285
318788285
318788285
318788285
246120921
246120921
246120921
246120921
893876660
893876660
167984257
167984257
167984257
167984257
167984257
167984257
167984257
167984257
167984257
167984257
167984257
167984257
167984257
167984257
167984257
167984257
167984257
167984257
167984257
167984257
167984257
167984257
946844822
946844822
946844822
946844822
946844822
946844822
946844822
946844822
946844822
946844822
946844822
946844822
946844822
946844822
946844822
946844822
946844822
946844822
946844822
946844822
987026802
987026802
987026802
987026802
987026802
987026802
149072977
149072977
149072977
149072977
149072977
149072977
149072977
149072977
149072977
149072977
149072977
149072977
149072977
149072977
149072977
149072977
149072977
149072977
149072977
149072977
149072977
149072977
515892473
515892473
953157641
953157641
953157641
953157641
953157641
953157641
953157641
953157641
953157641
953157641
953157641
953157641
519177847
519177847
519177847
519177847
519177847
519177847
841874649
841874649
841874649
841874649
841874649
841874649
841874649
841874649
841874649
841874649
841874649
841874649
841874649
841874649
841874649
841874649
841874649
841874649
841874649
841874649
841874649
841874649
841874649
841874649
229832977
229832977
229832977
229832977
229832977
229832977
229832977
229832977
229832977
229832977
229832977
229832977
229832977
229832977
229832977
229832977
229832977
229832977
229832977
229832977
229832977
229832977
229832977
229832977
9041318
9041318
9041318
9041318
9041318
9041318
9041318
9041318
9041318
9041318
963485382
963485382
64132502
64132502
64132502
64132502
64132502
64132502
64132502
64132502
64132502
64132502
64132502
64132502
64132502
64132502
64132502
64132502
64132502
64132502
771805858
771805858
771805858
771805858
771805858
771805858
771805858
771805858
771805858
771805858
494045367
494045367
494045367
494045367
494045367
494045367
494045367
494045367
494045367
494045367
494045367
494045367
494045367
494045367
172448910
172448910
172448910
172448910
172448910
172448910
172448910
172448910
172448910
172448910
172448910
172448910
893227619
893227619
893227619
893227619
893227619
893227619
893227619
893227619
893227619
893227619
893227619
893227619
893227619
893227619
893227619
893227619
751966106
751966106
751966106
751966106
751966106
751966106
751966106
751966106
751966106
751966106
751966106
751966106
655964748
655964748
655964748
655964748
655964748
655964748
221559779
221559779
221559779
221559779
221559779
221559779
341324726
341324726
341324726
341324726
341324726
341324726
341324726
341324726
615965445
615965445
615965445
615965445
615965445
615965445
599459807
599459807
599459807
599459807
599459807
599459807
599459807
599459807
599459807
599459807
552843776
552843776
552843776
552843776
552843776
552843776
552843776
552843776
552843776
552843776
552843776
552843776
552843776
552843776
985010043
985010043
985010043
985010043
985010043
985010043
985010043
985010043
985010043
985010043
217976053
217976053
217976053
217976053
217976053
217976053
217976053
217976053
355531579
355531579
355531579
355531579
279191071
279191071
279191071
279191071
279191071
279191071
279191071
279191071
279191071
279191071
279191071
279191071
279191071
279191071
279191071
279191071
279191071
279191071
227294508
227294508
856660208
856660208
856660208
856660208
856660208
856660208
856660208
856660208
856660208
856660208
457666497
457666497
457666497
457666497
457666497
457666497
457666497
457666497
688036456
688036456
688036456
688036456
688036456
688036456
688036456
688036456
688036456
688036456
688036456
688036456
688036456
688036456
688036456
688036456
688036456
688036456
688036456
688036456
688036456
688036456
964083182
964083182
964083182
964083182
964083182
964083182
964083182
964083182
964083182
964083182
964083182
964083182
964083182
964083182
964083182
964083182
964083182
964083182
964083182
964083182
723747949
723747949
723747949
723747949
97400647
97400647
210088359
210088359
210088359
210088359
432033223
432033223
432033223
432033223
432033223
432033223
432033223
432033223
432033223
432033223
432033223
432033223
432033223
432033223
432033223
432033223
432033223
432033223
318207024
318207024
445418665
445418665
445418665
445418665
445418665
445418665
445418665
445418665
445418665
445418665
445418665
445418665
445418665
445418665
445418665
445418665
445418665
445418665
445418665
445418665
445418665
445418665
445418665
445418665
445418665
445418665
445418665
445418665
75592969
75592969
75592969
75592969
75592969
75592969
75592969
75592969
75592969
75592969
75592969
75592969
73827571
73827571
73827571
73827571
73827571
73827571
358602702
358602702
358602702
358602702
358602702
358602702
358602702
358602702
358602702
358602702
358602702
358602702
358602702
358602702
358602702
358602702
358602702
358602702
358602702
358602702
358602702
358602702
358602702
358602702
275976654
275976654
275976654
275976654
275976654
275976654
333190216
333190216
333190216
333190216
333190216
333190216
333190216
333190216
209191587
209191587
209191587
209191587
209191587
209191587
883727329
883727329
883727329
883727329
883727329
883727329
883727329
883727329
883727329
883727329
883727329
883727329
883727329
883727329
883727329
883727329
883727329
883727329
883727329
883727329
883727329
883727329
883727329
883727329
883727329
883727329
883727329
883727329
822618730
822618730
822618730
822618730
822618730
822618730
822618730
822618730
822618730
822618730
822618730
822618730
822618730
822618730
822618730
822618730
822618730
822618730
822618730
822618730
822618730
822618730
822618730
822618730
822618730
822618730
822618730
822618730
822618730
822618730
822618730
822618730
822618730
822618730
822618730
822618730
737289701
737289701
737289701
737289701
737289701
737289701
737289701
737289701
737289701
737289701
737289701
737289701
737289701
737289701
633388068
633388068
633388068
633388068
633388068
633388068
361195985
361195985
361195985
361195985
361195985
361195985
361195985
361195985
361195985
361195985
361195985
361195985
361195985
361195985
361195985
361195985
361195985
361195985
361195985
361195985
361195985
361195985
505278861
505278861
505278861
505278861
505278861
505278861
505278861
505278861
505278861
505278861
505278861
505278861
505278861
505278861
505278861
505278861
505278861
505278861
505278861
505278861
8498132
8498132
8498132
8498132
8498132
8498132
8498132
8498132
8498132
8498132
8498132
8498132
8498132
8498132
8498132
8498132
8498132
8498132
8498132
8498132
8498132
8498132
8498132
8498132
143355483
143355483
143355483
143355483
143355483
143355483
143355483
143355483
143355483
143355483
483055511
483055511
483055511
483055511
483055511
483055511
33868311
33868311
33868311
33868311
33868311
33868311
33868311
33868311
33868311
33868311
33868311
33868311
33868311
33868311
33868311
33868311
33868311
33868311
33868311
33868311
33868311
33868311
33868311
33868311
804320010
804320010
804320010
804320010
804320010
804320010
210484583
210484583
348337507
348337507
348337507
348337507
348337507
348337507
348337507
348337507
348337507
348337507
348337507
348337507
348337507
348337507
348337507
348337507
348337507
348337507
348337507
348337507
348337507
348337507
398158415
398158415
398158415
398158415
398158415
398158415
398158415
398158415
398158415
398158415
398158415
398158415
398158415
398158415
977028353
977028353
977028353
977028353
664463354
664463354
744400308
744400308
744400308
744400308
744400308
744400308
664435284
664435284
664435284
664435284
664435284
664435284
664435284
664435284
664435284
664435284
664435284
664435284
664435284
664435284
664435284
664435284
664435284
664435284
606533033
606533033
606533033
606533033
606533033
606533033
606533033
606533033
606533033
606533033
606533033
606533033
136704482
136704482
136704482
136704482
923158448
923158448
923158448
923158448
923158448
923158448
923158448
923158448
809076111
809076111
809076111
809076111
809076111
809076111
809076111
809076111
809076111
809076111
809076111
809076111
809076111
809076111
809076111
809076111
809076111
809076111
809076111
809076111
809076111
809076111
809076111
809076111
809076111
809076111
809076111
809076111
809076111
809076111
809076111
809076111
809076111
809076111
809076111
809076111
804335887
804335887
804335887
804335887
745254905
745254905
745254905
745254905
745254905
745254905
745254905
745254905
470014055
470014055
470014055
470014055
470014055
470014055
470014055
470014055
470014055
470014055
380248212
380248212
414784338
414784338
414784338
414784338
414784338
414784338
414784338
414784338
414784338
414784338
439283131
439283131
520459898
520459898
520459898
520459898
637526659
637526659
646105804
646105804
646105804
646105804
646105804
646105804
646105804
646105804
646105804
646105804
646105804
646105804
314841676
314841676
314841676
314841676
314841676
314841676
314841676
314841676
314841676
314841676
314841676
314841676
314841676
314841676
314841676
314841676
977357974
977357974
977357974
977357974
977357974
977357974
977357974
977357974
977357974
977357974
977357974
977357974
977357974
977357974
977357974
977357974
977357974
977357974
977357974
977357974
977357974
977357974
977357974
977357974
188129314
188129314
194997170
194997170
194997170
194997170
194997170
194997170
194997170
194997170
194997170
194997170
179154557
179154557
179154557
179154557
179154557
179154557
980568674
980568674
980568674
980568674
980568674
980568674
980568674
980568674
980568674
980568674
980568674
980568674
980568674
980568674
980568674
980568674
980568674
980568674
980568674
980568674
980568674
980568674
980568674
980568674
980568674
980568674
980568674
980568674
980568674
980568674
980568674
980568674
980568674
980568674
980568674
980568674
980568674
980568674
980568674
980568674
980568674
980568674
988959073
988959073
988959073
988959073
988959073
988959073
988959073
988959073
988959073
988959073
988959073
988959073
988959073
988959073
988959073
988959073
988959073
988959073
420863457
420863457
420863457
420863457
420863457
420863457
420863457
420863457
420863457
420863457
420863457
420863457
420863457
420863457
420863457
420863457
420863457
420863457
420863457
420863457
420863457
420863457
420863457
420863457
967420655
967420655
967420655
967420655
967420655
967420655
967420655
967420655
967420655
967420655
967420655
967420655
967420655
967420655
968721838
968721838
968721838
968721838
968721838
968721838
968721838
968721838
968721838
968721838
968721838
968721838
968721838
968721838
968721838
968721838
968721838
968721838
968721838
968721838
968721838
968721838
637924539
637924539
632936726
632936726
632936726
632936726
632936726
632936726
632936726
632936726
632936726
632936726
632936726
632936726
632936726
632936726
632936726
632936726
632936726
632936726
632936726
632936726
632936726
632936726
632936726
632936726
632936726
632936726
632936726
632936726
632936726
632936726
632936726
632936726
632936726
632936726
632936726
632936726
711417879
711417879
711417879
711417879
434844243
434844243
784067079
784067079
784067079
784067079
784067079
784067079
784067079
784067079
784067079
784067079
784067079
784067079
784067079
784067079
784067079
784067079
784067079
784067079
784067079
784067079
784067079
784067079
784067079
784067079
812444633
812444633
812444633
812444633
972738121
972738121
637455273
637455273
637455273
637455273
637455273
637455273
264941813
264941813
264941813
264941813
264941813
264941813
264941813
264941813
264941813
264941813
611743067
611743067
611743067
611743067
611743067
611743067
611743067
611743067
208405809
208405809
208405809
208405809
717733743
717733743
716287720
716287720
716287720
716287720
716287720
716287720
716287720
716287720
716287720
716287720
716287720
716287720
716287720
716287720
716287720
716287720
716287720
716287720
716287720
716287720
716287720
716287720
716287720
716287720
317142792
317142792
317142792
317142792
317142792
317142792
317142792
317142792
317142792
317142792
317142792
317142792
940235643
940235643
940235643
940235643
940235643
940235643
940235643
940235643
940235643
940235643
686361583
686361583
718752878
718752878
718752878
718752878
718752878
718752878
718752878
718752878
718752878
718752878
718752878
718752878
718752878
718752878
718752878
718752878
718752878
718752878
718752878
718752878
718752878
718752878
718752878
718752878
718752878
718752878
718752878
718752878
718752878
718752878
718752878
718752878
718752878
718752878
718752878
718752878
949188096
949188096
949188096
949188096
511332453
511332453
511332453
511332453
511332453
511332453
201651170
201651170
201651170
201651170
201651170
201651170
201651170
201651170
201651170
201651170
201651170
201651170
698927578
698927578
698927578
698927578
698927578
698927578
698927578
698927578
698927578
698927578
698927578
698927578
211289237
211289237
211289237
211289237
211289237
211289237
916366894
916366894
916366894
916366894
916366894
916366894
916366894
916366894
916366894
916366894
916366894
916366894
916366894
916366894
916366894
916366894
916366894
916366894
916366894
916366894
916366894
916366894
916366894
916366894
916366894
916366894
826841863
826841863
826841863
826841863
826841863
826841863
826841863
826841863
826841863
826841863
136607832
136607832
136607832
136607832
136607832
136607832
138786177
138786177
640396176
640396176
640396176
640396176
640396176
640396176
957294538
957294538
957294538
957294538
395032891
395032891
44896064
44896064
44896064
44896064
44896064
44896064
44896064
44896064
44896064
44896064
44896064
44896064
44896064
44896064
44896064
44896064
44896064
44896064
44896064
44896064
44896064
44896064
44896064
44896064
44896064
44896064
44896064
44896064
44896064
44896064
44896064
44896064
44896064
44896064
44896064
44896064
44896064
44896064
44896064
44896064
548522458
548522458
548522458
548522458
548522458
548522458
548522458
548522458
548522458
548522458
548522458
548522458
548522458
548522458
548522458
548522458
548522458
548522458
548522458
548522458
548522458
548522458
548522458
548522458
728790983
728790983
976965596
976965596
976965596
976965596
976965596
976965596
976965596
976965596
976965596
976965596
976965596
976965596
976965596
976965596
976965596
976965596
976965596
976965596
180740490
180740490
180740490
180740490
180740490
180740490
180740490
180740490
180740490
180740490
180740490
180740490
180740490
180740490
180740490
180740490
180740490
180740490
180740490
180740490
180740490
180740490
180740490
180740490
345861884
345861884
345861884
345861884
345861884
345861884
345861884
345861884
345861884
345861884
345861884
345861884
345861884
345861884
345861884
345861884
345861884
345861884
213709711
213709711
213709711
213709711
213709711
213709711
213709711
213709711
213709711
213709711
886931270
886931270
886931270
886931270
886931270
886931270
886931270
886931270
886931270
886931270
886931270
886931270
886931270
886931270
886931270
886931270
886931270
886931270
107484462
107484462
107484462
107484462
107484462
107484462
107484462
107484462
107484462
107484462
107484462
107484462
107484462
107484462
107484462
107484462
107484462
107484462
107484462
107484462
107484462
107484462
107484462
107484462
107484462
107484462
385906631
385906631
385906631
385906631
385906631
385906631
385906631
385906631
385906631
385906631
353986912
353986912
353986912
353986912
353986912
353986912
726794563
726794563
306360331
306360331
306360331
306360331
306360331
306360331
306360331
306360331
306360331
306360331
422444721
422444721
705985394
705985394
705985394
705985394
705985394
705985394
734101620
734101620
734101620
734101620
734101620
734101620
734101620
734101620
734101620
734101620
734101620
734101620
734101620
734101620
734101620
734101620
734101620
734101620
734101620
734101620
734101620
734101620
734101620
734101620
567439893
567439893
567439893
567439893
567439893
567439893
567439893
567439893
567439893
567439893
428025657
428025657
428025657
428025657
428025657
428025657
428025657
428025657
428025657
428025657
428025657
428025657
428025657
428025657
329036469
329036469
329036469
329036469
329036469
329036469
329036469
329036469
329036469
329036469
329036469
329036469
329036469
329036469
329036469
329036469
329036469
329036469
329036469
329036469
329036469
329036469
67967255
67967255
67967255
67967255
67967255
67967255
67967255
67967255
990925063
990925063
990925063
990925063
990925063
990925063
990925063
990925063
990925063
990925063
990925063
990925063
990925063
990925063
990925063
990925063
990925063
990925063
990925063
990925063
990925063
990925063
990925063
990925063
990925063
990925063
990925063
990925063
990925063
990925063
990925063
990925063
990925063
990925063
231659344
231659344
231659344
231659344
231659344
231659344
231659344
231659344
231659344
231659344
231659344
231659344
231659344
231659344
231659344
231659344
231659344
231659344
174624378
174624378
174624378
174624378
174624378
174624378
174624378
174624378
174624378
174624378
174624378
174624378
174624378
174624378
98994657
98994657
98994657
98994657
112636713
112636713
116051512
116051512
116051512
116051512
464211433
464211433
464211433
464211433
464211433
464211433
464211433
464211433
228803930
228803930
228803930
228803930
228803930
228803930
228803930
228803930
228803930
228803930
129411820
129411820
129411820
129411820
129411820
129411820
646490568
646490568
646490568
646490568
646490568
646490568
646490568
646490568
646490568
646490568
646490568
646490568
646490568
646490568
972262989
972262989
972262989
972262989
972262989
972262989
977772456
977772456
977772456
977772456
977772456
977772456
977772456
977772456
977772456
977772456
977772456
977772456
977772456
977772456
977772456
977772456
977772456
977772456
977772456
977772456
977772456
977772456
684043064
684043064
684043064
684043064
684043064
684043064
684043064
684043064
684043064
684043064
684043064
684043064
684043064
684043064
684043064
684043064
684043064
684043064
684043064
684043064
44006192
44006192
44006192
44006192
94152580
94152580
94152580
94152580
94152580
94152580
94152580
94152580
94152580
94152580
94152580
94152580
94152580
94152580
976222171
976222171
976222171
976222171
976222171
976222171
976222171
976222171
976222171
976222171
976222171
976222171
976222171
976222171
976222171
976222171
976222171
976222171
976222171
976222171
976222171
976222171
976222171
976222171
976222171
976222171
976222171
976222171
976222171
976222171
976222171
976222171
976222171
976222171
976222171
976222171
709561278
709561278
709561278
709561278
709561278
709561278
690573252
690573252
690573252
690573252
770624708
770624708
770624708
770624708
770624708
770624708
770624708
770624708
770624708
770624708
770624708
770624708
770624708
770624708
770624708
770624708
770624708
770624708
770624708
770624708
521556704
521556704
521556704
521556704
174364786
174364786
912655054
912655054
912655054
912655054
912655054
912655054
912655054
912655054
912655054
912655054
912655054
912655054
912655054
912655054
912655054
912655054
912655054
912655054
912655054
912655054
912655054
912655054
390540325
390540325
858129809
858129809
858129809
858129809
858129809
858129809
858129809
858129809
858129809
858129809
69635986
69635986
69635986
69635986
69635986
69635986
69635986
69635986
240548774
240548774
240548774
240548774
240548774
240548774
240548774
240548774
240548774
240548774
509256486
509256486
509256486
509256486
509256486
509256486
585445983
585445983
585445983
585445983
585445983
585445983
667585662
667585662
667585662
667585662
667585662
667585662
667585662
667585662
331555549
331555549
331555549
331555549
331555549
331555549
331555549
331555549
331555549
331555549
783100219
783100219
257510397
257510397
257510397
257510397
257510397
257510397
352226874
352226874
352226874
352226874
352226874
352226874
352226874
352226874
352226874
352226874
477016810
477016810
477016810
477016810
477016810
477016810
477016810
477016810
477016810
477016810
477016810
477016810
477016810
477016810
477016810
477016810
477016810
477016810
216730372
216730372
216730372
216730372
216730372
216730372
355845755
355845755
355845755
355845755
355845755
355845755
355845755
355845755
355845755
355845755
355845755
355845755
355845755
355845755
355845755
355845755
355845755
355845755
355845755
355845755
355845755
355845755
355845755
355845755
355845755
355845755
319220408
319220408
319220408
319220408
731566302
731566302
731566302
731566302
731566302
731566302
977454529
977454529
977454529
977454529
977454529
977454529
977454529
977454529
977454529
977454529
977454529
977454529
977454529
977454529
977454529
977454529
977454529
977454529
118135587
118135587
118135587
118135587
118135587
118135587
118135587
118135587
118135587
118135587
118135587
118135587
118135587
118135587
118135587
118135587
118135587
118135587
118135587
118135587
118135587
118135587
118135587
118135587
118135587
118135587
118135587
118135587
118135587
118135587
118135587
118135587
118135587
118135587
118135587
118135587
118135587
118135587
118135587
118135587
118135587
118135587
145879631
145879631
145879631
145879631
145879631
145879631
145879631
145879631
145879631
145879631
145879631
145879631
268893415
268893415
899906504
899906504
899906504
899906504
899906504
899906504
13117486
13117486
13117486
13117486
13117486
13117486
13117486
13117486
13117486
13117486
13117486
13117486
13117486
13117486
13117486
13117486
13117486
13117486
13117486
13117486
13117486
13117486
13117486
13117486
386559373
386559373
386559373
386559373
418779187
418779187
418779187
418779187
418779187
418779187
418779187
418779187
418779187
418779187
418779187
418779187
418779187
418779187
418779187
418779187
418779187
418779187
418779187
418779187
418779187
418779187
418779187
418779187
418779187
418779187
73279174
73279174
73279174
73279174
73279174
73279174
73279174
73279174
73279174
73279174
559560219
559560219
559560219
559560219
559560219
559560219
559560219
559560219
559560219
559560219
559560219
559560219
559560219
559560219
559560219
559560219
559560219
559560219
559560219
559560219
233256575
233256575
233256575
233256575
752689146
752689146
752689146
752689146
752689146
752689146
838898020
838898020
838898020
838898020
838898020
838898020
838898020
838898020
749622606
749622606
749622606
749622606
749622606
749622606
749622606
749622606
749622606
749622606
786830486
786830486
786830486
786830486
786830486
786830486
786830486
786830486
471473312
471473312
471473312
471473312
323040025
323040025
323040025
323040025
323040025
323040025
893026756
893026756
893026756
893026756
893026756
893026756
893026756
893026756
305142864
305142864
305142864
305142864
305142864
305142864
305142864
305142864
305142864
305142864
305142864
305142864
921957729
921957729
921957729
921957729
921957729
921957729
921957729
921957729
921957729
921957729
921957729
921957729
228367045
228367045
228367045
228367045
228367045
228367045
228367045
228367045
228367045
228367045
228367045
228367045
228367045
228367045
228367045
228367045
228367045
228367045
842638862
842638862
842638862
842638862
842638862
842638862
842638862
842638862
842638862
842638862
842638862
842638862
842638862
842638862
842638862
842638862
842638862
842638862
842638862
842638862
842638862
842638862
842638862
842638862
130693451
130693451
130693451
130693451
130693451
130693451
130693451
130693451
130693451
130693451
130693451
130693451
130693451
130693451
130693451
130693451
130693451
130693451
130693451
130693451
130693451
130693451
130693451
130693451
88519618
88519618
88519618
88519618
88519618
88519618
88519618
88519618
88519618
88519618
88519618
88519618
88519618
88519618
88519618
88519618
827865608
827865608
827865608
827865608
827865608
827865608
999510319
999510319
793841938
793841938
793841938
793841938
793841938
793841938
450004611
450004611
450004611
450004611
450004611
450004611
450004611
450004611
450004611
450004611
450004611
450004611
450004611
450004611
450004611
450004611
450004611
450004611
450004611
450004611
450004611
450004611
450004611
450004611
450004611
450004611
450004611
450004611
450004611
450004611
62293729
62293729
62293729
62293729
475506679
475506679
475506679
475506679
475506679
475506679
475506679
475506679
216568956
216568956
216568956
216568956
216568956
216568956
216568956
216568956
216568956
216568956
216568956
216568956
401055551
401055551
401055551
401055551
401055551
401055551
508382259
508382259
508382259
508382259
102250267
102250267
102250267
102250267
102250267
102250267
102250267
102250267
102250267
102250267
102250267
102250267
102250267
102250267
102250267
102250267
102250267
102250267
102250267
102250267
102250267
102250267
102250267
102250267
102250267
102250267
319143147
319143147
319143147
319143147
319143147
319143147
319143147
319143147
319143147
319143147
417949133
417949133
575897344
575897344
575897344
575897344
575897344
575897344
575897344
575897344
575897344
575897344
962858473
962858473
962858473
962858473
962858473
962858473
962858473
962858473
962858473
962858473
962858473
962858473
95780236
95780236
95780236
95780236
95780236
95780236
95780236
95780236
95780236
95780236
95780236
95780236
95780236
95780236
95780236
95780236
95780236
95780236
1654129
1654129
403570446
403570446
403570446
403570446
403570446
403570446
403570446
403570446
403570446
403570446
403570446
403570446
103449246
103449246
103449246
103449246
103449246
103449246
103449246
103449246
103449246
103449246
435424397
435424397
435424397
435424397
435424397
435424397
435424397
435424397
928989756
928989756
928989756
928989756
928989756
928989756
928989756
928989756
928989756
928989756
928989756
928989756
753580094
753580094
753580094
753580094
753580094
753580094
753580094
753580094
753580094
753580094
753580094
753580094
753580094
753580094
753580094
753580094
753580094
753580094
753580094
753580094
753580094
753580094
753580094
753580094
753580094
753580094
753580094
753580094
753580094
753580094
753580094
753580094
753580094
753580094
753580094
753580094
753580094
753580094
753580094
753580094
366512522
366512522
366512522
366512522
366512522
366512522
366512522
366512522
366512522
366512522
366512522
366512522
366512522
366512522
366512522
366512522
366512522
366512522
210060124
210060124
210060124
210060124
210060124
210060124
210060124
210060124
210060124
210060124
210060124
210060124
210060124
210060124
210060124
210060124
210060124
210060124
210060124
210060124
758619292
758619292
758619292
758619292
758619292
758619292
898917881
898917881
898917881
898917881
898917881
898917881
898917881
898917881
898917881
898917881
750746014
750746014
750746014
750746014
750746014
750746014
750746014
750746014
750746014
750746014
750746014
750746014
750746014
750746014
750746014
750746014
750746014
750746014
750746014
750746014
750746014
750746014
750746014
750746014
750746014
750746014
471434757
471434757
471434757
471434757
20762516
20762516
20762516
20762516
20762516
20762516
20762516
20762516
20762516
20762516
20762516
20762516
589254499
589254499
589254499
589254499
589254499
589254499
589254499
589254499
589254499
589254499
589254499
589254499
865834521
865834521
488877308
488877308
488877308
488877308
488877308
488877308
488877308
488877308
488877308
488877308
488877308
488877308
488877308
488877308
488877308
488877308
261219421
261219421
261219421
261219421
261219421
261219421
261219421
261219421
261219421
261219421
261219421
261219421
376715696
376715696
226167730
226167730
226167730
226167730
226167730
226167730
226167730
226167730
226167730
226167730
587097320
587097320
587097320
587097320
587097320
587097320
587097320
587097320
587097320
587097320
587097320
587097320
587097320
587097320
587097320
587097320
587097320
587097320
520453538
520453538
520453538
520453538
520453538
520453538
247537302
247537302
247537302
247537302
247537302
247537302
874321008
874321008
874321008
874321008
874321008
874321008
620855530
620855530
620855530
620855530
620855530
620855530
620855530
620855530
620855530
620855530
620855530
620855530
620855530
620855530
620855530
620855530
620855530
620855530
620855530
620855530
716059081
716059081
716059081
716059081
716059081
716059081
716059081
716059081
716059081
716059081
204865575
204865575
204865575
204865575
204865575
204865575
204865575
204865575
747657895
747657895
747657895
747657895
806107795
806107795
806107795
806107795
806107795
806107795
806107795
806107795
806107795
806107795
806107795
806107795
125445259
125445259
125445259
125445259
125445259
125445259
125445259
125445259
125445259
125445259
125445259
125445259
125445259
125445259
125445259
125445259
125445259
125445259
125445259
125445259
125445259
125445259
125445259
125445259
125445259
125445259
125445259
125445259
125445259
125445259
125445259
125445259
125445259
125445259
125445259
125445259
125445259
125445259
205232006
205232006
205232006
205232006
205232006
205232006
759147566
759147566
759147566
759147566
759147566
759147566
759147566
759147566
759147566
759147566
742917859
742917859
987638371
987638371
987638371
987638371
987638371
987638371
987638371
987638371
987638371
987638371
784656055
784656055
831502419
831502419
831502419
831502419
831502419
831502419
384043429
384043429
384043429
384043429
384043429
384043429
384043429
384043429
384043429
384043429
409837682
409837682
409837682
409837682
409837682
409837682
409837682
409837682
409837682
409837682
409837682
409837682
409837682
409837682
409837682
409837682
409837682
409837682
409837682
409837682
409837682
409837682
409837682
409837682
409837682
409837682
581474200
581474200
581474200
581474200
581474200
581474200
581474200
581474200
581474200
581474200
245710453
245710453
245710453
245710453
245710453
245710453
448195945
448195945
448195945
448195945
448195945
448195945
448195945
448195945
220056291
220056291
220056291
220056291
220056291
220056291
284894222
284894222
284894222
284894222
574553982
574553982
574553982
574553982
574553982
574553982
651180948
651180948
651180948
651180948
651180948
651180948
831168449
831168449
831168449
831168449
831168449
831168449
831168449
831168449
831168449
831168449
831168449
831168449
831168449
831168449
831168449
831168449
831168449
831168449
831168449
831168449
831168449
831168449
831168449
831168449
831168449
831168449
831168449
831168449
831168449
831168449
831168449
831168449
831168449
831168449
831168449
831168449
831168449
831168449
831168449
831168449
831168449
831168449
831168449
831168449
831168449
831168449
831168449
831168449
831168449
831168449
998168674
998168674
998168674
998168674
998168674
998168674
998168674
998168674
998168674
998168674
998168674
998168674
998168674
998168674
998168674
998168674
998168674
998168674
231541396
231541396
231541396
231541396
391682772
391682772
391682772
391682772
391682772
391682772
391682772
391682772
74182363
74182363
74182363
74182363
945784482
945784482
945784482
945784482
945784482
945784482
945784482
945784482
945784482
945784482
945784482
945784482
945784482
945784482
987102355
987102355
987102355
987102355
987102355
987102355
472546078
472546078
472546078
472546078
472546078
472546078
472546078
472546078
472546078
472546078
472546078
472546078
472546078
472546078
472546078
472546078
764895461
764895461
764895461
764895461
764895461
764895461
764895461
764895461
764895461
764895461
764895461
764895461
911401872
911401872
911401872
911401872
911401872
911401872
911401872
911401872
317105426
317105426
317105426
317105426
317105426
317105426
317105426
317105426
317105426
317105426
317105426
317105426
910332057
910332057
910332057
910332057
910332057
910332057
910332057
910332057
910332057
910332057
776237043
776237043
776237043
776237043
776237043
776237043
776237043
776237043
21655549
21655549
21655549
21655549
353785023
353785023
353785023
353785023
353785023
353785023
353785023
353785023
353785023
353785023
353785023
353785023
353785023
353785023
353785023
353785023
353785023
353785023
353785023
353785023
861228542
861228542
861228542
861228542
861228542
861228542
861228542
861228542
861228542
861228542
861228542
861228542
861228542
861228542
861228542
861228542
861228542
861228542
861228542
861228542
861228542
861228542
861228542
861228542
591685029
591685029
591685029
591685029
797982721
797982721
797982721
797982721
797982721
797982721
797982721
797982721
719095835
719095835
719095835
719095835
846802766
846802766
846802766
846802766
846802766
846802766
169963094
169963094
169963094
169963094
169963094
169963094
169963094
169963094
169963094
169963094
169963094
169963094
169963094
169963094
169963094
169963094
169963094
169963094
224764206
224764206
623528936
623528936
623528936
623528936
623528936
623528936
623528936
623528936
623528936
623528936
623528936
623528936
723057184
723057184
723057184
723057184
723057184
723057184
723057184
723057184
723057184
723057184
164775602
164775602
164775602
164775602
164775602
164775602
220883579
220883579
220883579
220883579
220883579
220883579
220883579
220883579
220883579
220883579
220883579
220883579
641442137
641442137
641442137
641442137
641442137
641442137
641442137
641442137
479475871
479475871
479475871
479475871
479475871
479475871
479475871
479475871
479475871
479475871
664546931
664546931
664546931
664546931
664546931
664546931
664546931
664546931
664546931
664546931
664546931
664546931
664546931
664546931
999807749
999807749
999807749
999807749
999807749
999807749
999807749
999807749
999807749
999807749
999807749
999807749
999807749
999807749
999807749
999807749
999807749
999807749
999807749
999807749
999807749
999807749
999807749
999807749
999807749
999807749
999807749
999807749
999807749
999807749
205498274
205498274
205498274
205498274
205498274
205498274
205498274
205498274
205498274
205498274
205498274
205498274
670997786
670997786
670997786
670997786
670997786
670997786
670997786
670997786
670997786
670997786
297634957
297634957
297634957
297634957
297634957
297634957
635868872
635868872
635868872
635868872
635868872
635868872
635868872
635868872
635868872
635868872
635868872
635868872
635868872
635868872
635868872
635868872
635868872
635868872
635868872
635868872
635868872
635868872
635868872
635868872
986762481
986762481
986762481
986762481
986762481
986762481
986762481
986762481
413648202
413648202
413648202
413648202
413648202
413648202
711853454
711853454
711853454
711853454
711853454
711853454
595428766
595428766
595428766
595428766
595428766
595428766
641108070
641108070
641108070
641108070
153948174
153948174
153948174
153948174
153948174
153948174
153948174
153948174
153948174
153948174
153948174
153948174
153948174
153948174
153948174
153948174
153948174
153948174
755973440
755973440
755973440
755973440
755973440
755973440
315066796
315066796
81090350
81090350
81090350
81090350
81090350
81090350
81090350
81090350
81090350
81090350
81090350
81090350
126267669
126267669
126267669
126267669
126267669
126267669
515687213
515687213
515687213
515687213
515687213
515687213
515687213
515687213
515687213
515687213
289376552
289376552
289376552
289376552
289376552
289376552
289376552
289376552
289376552
289376552
289376552
289376552
435537915
435537915
30879992
30879992
30879992
30879992
30879992
30879992
30879992
30879992
30879992
30879992
30879992
30879992
454490383
454490383
454490383
454490383
454490383
454490383
454490383
454490383
454490383
454490383
454490383
454490383
454490383
454490383
454490383
454490383
454490383
454490383
454490383
454490383
454490383
454490383
454490383
454490383
68536510
68536510
68536510
68536510
68536510
68536510
68536510
68536510
68536510
68536510
795455988
795455988
795455988
795455988
795455988
795455988
795455988
795455988
795455988
795455988
795455988
795455988
874528766
874528766
874528766
874528766
874528766
874528766
874528766
874528766
874528766
874528766
874528766
874528766
874528766
874528766
874528766
874528766
874528766
874528766
874528766
874528766
36303630
36303630
36303630
36303630
240603073
240603073
240603073
240603073
240603073
240603073
338905383
338905383
338905383
338905383
338905383
338905383
338905383
338905383
740005462
740005462
740005462
740005462
705262864
705262864
85855115
85855115
85855115
85855115
891043472
891043472
891043472
891043472
891043472
891043472
891043472
891043472
891043472
891043472
891043472
891043472
997548061
997548061
997548061
997548061
997548061
997548061
997548061
997548061
352639805
352639805
352639805
352639805
352639805
352639805
352639805
352639805
352639805
352639805
352639805
352639805
352639805
352639805
352639805
352639805
352639805
352639805
352639805
352639805
352639805
352639805
352639805
352639805
352639805
352639805
352639805
352639805
352639805
352639805
352639805
352639805
352639805
352639805
352639805
352639805
160337091
160337091
160337091
160337091
160337091
160337091
207008561
207008561
207008561
207008561
207008561
207008561
207008561
207008561
207008561
207008561
207008561
207008561
619385610
619385610
619385610
619385610
619385610
619385610
608945189
608945189
608945189
608945189
391094740
391094740
391094740
391094740
391094740
391094740
971359908
971359908
971359908
971359908
971359908
971359908
971359908
971359908
971359908
971359908
971359908
971359908
971359908
971359908
971359908
971359908
971359908
971359908
971359908
971359908
971359908
971359908
971359908
971359908
971359908
971359908
971359908
971359908
971359908
971359908
971359908
971359908
436979093
436979093
436979093
436979093
436979093
436979093
436979093
436979093
436979093
436979093
546886682
546886682
374627928
374627928
374627928
374627928
374627928
374627928
374627928
374627928
374627928
374627928
374627928
374627928
374627928
374627928
374627928
374627928
184197010
184197010
184197010
184197010
184197010
184197010
184197010
184197010
184197010
184197010
184197010
184197010
184197010
184197010
184197010
184197010
184197010
184197010
184197010
184197010
184197010
184197010
184197010
184197010
184197010
184197010
155280267
155280267
155280267
155280267
950509003
950509003
950509003
950509003
950509003
950509003
950509003
950509003
950509003
950509003
950509003
950509003
950509003
950509003
129519234
129519234
129519234
129519234
129519234
129519234
129519234
129519234
129519234
129519234
129519234
129519234
129519234
129519234
129519234
129519234
310152833
310152833
310152833
310152833
310152833
310152833
310152833
310152833
310152833
310152833
310152833
310152833
310152833
310152833
310152833
310152833
310152833
310152833
310152833
310152833
310152833
310152833
310152833
310152833
335294103
335294103
191269470
191269470
191269470
191269470
191269470
191269470
75992359
75992359
75992359
75992359
184770460
184770460
184770460
184770460
184770460
184770460
184770460
184770460
184770460
184770460
184770460
184770460
184770460
184770460
698176447
698176447
698176447
698176447
287333745
287333745
287333745
287333745
287333745
287333745
287333745
287333745
716607649
716607649
716607649
716607649
716607649
716607649
716607649
716607649
716607649
716607649
716607649
716607649
716607649
716607649
716607649
716607649
716607649
716607649
589302132
589302132
589302132
589302132
604232450
604232450
604232450
604232450
604232450
604232450
604232450
604232450
41407078
41407078
41407078
41407078
12324102
12324102
12324102
12324102
12324102
12324102
858089636
858089636
858089636
858089636
858089636
858089636
858089636
858089636
858089636
858089636
858089636
858089636
858089636
858089636
858089636
858089636
858089636
858089636
858089636
858089636
858089636
858089636
858089636
858089636
554126869
554126869
554126869
554126869
554126869
554126869
554126869
554126869
554126869
554126869
554126869
554126869
554126869
554126869
554126869
554126869
554126869
554126869
554126869
554126869
571933604
571933604
571933604
571933604
72945029
72945029
72945029
72945029
72945029
72945029
72945029
72945029
72945029
72945029
72945029
72945029
72945029
72945029
502698511
502698511
502698511
502698511
502698511
502698511
502698511
502698511
502698511
502698511
502698511
502698511
502698511
502698511
502698511
502698511
501383450
501383450
501383450
501383450
501383450
501383450
80649946
80649946
80649946
80649946
80649946
80649946
80649946
80649946
80649946
80649946
80649946
80649946
80649946
80649946
80649946
80649946
80649946
80649946
80649946
80649946
80649946
80649946
80649946
80649946
80649946
80649946
80649946
80649946
80649946
80649946
80649946
80649946
80649946
80649946
80649946
80649946
374830492
374830492
427942980
427942980
427942980
427942980
427942980
427942980
427942980
427942980
427942980
427942980
427942980
427942980
427942980
427942980
427942980
427942980
427942980
427942980
427942980
427942980
427942980
427942980
427942980
427942980
427942980
427942980
427942980
427942980
330649942
330649942
330649942
330649942
330649942
330649942
330649942
330649942
149655235
149655235
149655235
149655235
149655235
149655235
149655235
149655235
149655235
149655235
603713942
603713942
603713942
603713942
603713942
603713942
131226189
131226189
131226189
131226189
131226189
131226189
131226189
131226189
131226189
131226189
131226189
131226189
131226189
131226189
747292132
747292132
747292132
747292132
747292132
747292132
747292132
747292132
747292132
747292132
508081034
508081034
508081034
508081034
508081034
508081034
508081034
508081034
508081034
508081034
508081034
508081034
243520143
243520143
217401238
217401238
217401238
217401238
217401238
217401238
217401238
217401238
217401238
217401238
217401238
217401238
297029177
297029177
297029177
297029177
463485370
463485370
181122091
181122091
181122091
181122091
181122091
181122091
181122091
181122091
181122091
181122091
370864387
370864387
231573073
231573073
231573073
231573073
231573073
231573073
231573073
231573073
231573073
231573073
231573073
231573073
231573073
231573073
231573073
231573073
703164983
703164983
703164983
703164983
703164983
703164983
703164983
703164983
703164983
703164983
703164983
703164983
703164983
703164983
703164983
703164983
703164983
703164983
703164983
703164983
703164983
703164983
703164983
703164983
703164983
703164983
703164983
703164983
703164983
703164983
734816884
734816884
734816884
734816884
734816884
734816884
326605788
326605788
326605788
326605788
326605788
326605788
326605788
326605788
326605788
326605788
326605788
326605788
326605788
326605788
675781280
675781280
675781280
675781280
675781280
675781280
675781280
675781280
675781280
675781280
675781280
675781280
675781280
675781280
675781280
675781280
40209597
40209597
40209597
40209597
40209597
40209597
372412834
372412834
829269401
829269401
829269401
829269401
829269401
829269401
662361989
662361989
662361989
662361989
662361989
662361989
867820252
867820252
867820252
867820252
867820252
867820252
103333664
103333664
103333664
103333664
103333664
103333664
103333664
103333664
103333664
103333664
103333664
103333664
103333664
103333664
103333664
103333664
103333664
103333664
103333664
103333664
103333664
103333664
612783014
612783014
718419158
718419158
718419158
718419158
718419158
718419158
718419158
718419158
718419158
718419158
718419158
718419158
718419158
718419158
718419158
718419158
718419158
718419158
750767850
750767850
750767850
750767850
750767850
750767850
750767850
750767850
750767850
750767850
750767850
750767850
750767850
750767850
750767850
750767850
750767850
750767850
750767850
750767850
750767850
750767850
750767850
750767850
750767850
750767850
750767850
750767850
579429483
579429483
419978799
419978799
419978799
419978799
419978799
419978799
88670278
88670278
88670278
88670278
88670278
88670278
88670278
88670278
88670278
88670278
88670278
88670278
556085370
556085370
556085370
556085370
283053169
283053169
283053169
283053169
283053169
283053169
650664046
650664046
650664046
650664046
650664046
650664046
650664046
650664046
650664046
650664046
650664046
650664046
680302528
680302528
974918945
974918945
974918945
974918945
974918945
974918945
974918945
974918945
974918945
974918945
974918945
974918945
974918945
974918945
974918945
974918945
757007301
757007301
757007301
757007301
757007301
757007301
757007301
757007301
757007301
757007301
757007301
757007301
757007301
757007301
757007301
757007301
757007301
757007301
816127179
816127179
816127179
816127179
816127179
816127179
816127179
816127179
816127179
816127179
816127179
816127179
57508579
57508579
57508579
57508579
57508579
57508579
57508579
57508579
28498377
28498377
28498377
28498377
602698696
602698696
602698696
602698696
602698696
602698696
602698696
602698696
602698696
602698696
602698696
602698696
602698696
602698696
602698696
602698696
602698696
602698696
602698696
602698696
832202435
832202435
832202435
832202435
832202435
832202435
832202435
832202435
832202435
832202435
736473882
736473882
736473882
736473882
736473882
736473882
736473882
736473882
736473882
736473882
736473882
736473882
206860813
206860813
206860813
206860813
206860813
206860813
91381269
91381269
91381269
91381269
91381269
91381269
91381269
91381269
91381269
91381269
91381269
91381269
91381269
91381269
91381269
91381269
91381269
91381269
91381269
91381269
91381269
91381269
91381269
91381269
91381269
91381269
91381269
91381269
91381269
91381269
91381269
91381269
831028172
831028172
831028172
831028172
831028172
831028172
831028172
831028172
831028172
831028172
831028172
831028172
831028172
831028172
831028172
831028172
876911321
876911321
147028465
147028465
147028465
147028465
147028465
147028465
147028465
147028465
147028465
147028465
147028465
147028465
147028465
147028465
147028465
147028465
147028465
147028465
147028465
147028465
147028465
147028465
147028465
147028465
147028465
147028465
147028465
147028465
147028465
147028465
380851747
380851747
380851747
380851747
818432179
818432179
818432179
818432179
818432179
818432179
308601743
308601743
535339967
535339967
535339967
535339967
535339967
535339967
535339967
535339967
535339967
535339967
499692193
499692193
499692193
499692193
499692193
499692193
499692193
499692193
499692193
499692193
499692193
499692193
499692193
499692193
499692193
499692193
499692193
499692193
499692193
499692193
216801835
216801835
216801835
216801835
216801835
216801835
216801835
216801835
216801835
216801835
216801835
216801835
216801835
216801835
216801835
216801835
131424863
131424863
131424863
131424863
131424863
131424863
999023274
999023274
999023274
999023274
999023274
999023274
999023274
999023274
894246612
894246612
894246612
894246612
894246612
894246612
894246612
894246612
894246612
894246612
894246612
894246612
894246612
894246612
894246612
894246612
458784624
458784624
458784624
458784624
458784624
458784624
458784624
458784624
458784624
458784624
458784624
458784624
458784624
458784624
458784624
458784624
458784624
458784624
458784624
458784624
458784624
458784624
458784624
458784624
197454062
197454062
36882333
36882333
36882333
36882333
36882333
36882333
36882333
36882333
36882333
36882333
276775185
276775185
276775185
276775185
276775185
276775185
276775185
276775185
276775185
276775185
276775185
276775185
276775185
276775185
497348213
497348213
497348213
497348213
275556215
275556215
275556215
275556215
275556215
275556215
275556215
275556215
521078587
521078587
521078587
521078587
201278334
201278334
201278334
201278334
201278334
201278334
201278334
201278334
201278334
201278334
201278334
201278334
201278334
201278334
201278334
201278334
201278334
201278334
595474158
595474158
595474158
595474158
595474158
595474158
595474158
595474158
794025995
794025995
794025995
794025995
649933407
649933407
649933407
649933407
649933407
649933407
649933407
649933407
649933407
649933407
649933407
649933407
649933407
649933407
250360935
250360935
250360935
250360935
250360935
250360935
250360935
250360935
250360935
250360935
981655905
981655905
836355509
836355509
836355509
836355509
836355509
836355509
836355509
836355509
836355509
836355509
581057036
581057036
581057036
581057036
581057036
581057036
581057036
581057036
643419440
643419440
643419440
643419440
247277568
247277568
344853361
344853361
344853361
344853361
344853361
344853361
344853361
344853361
344853361
344853361
344853361
344853361
344853361
344853361
344853361
344853361
564043690
564043690
564043690
564043690
564043690
564043690
564043690
564043690
564043690
564043690
564043690
564043690
564043690
564043690
564043690
564043690
564043690
564043690
564043690
564043690
77724948
77724948
77724948
77724948
77724948
77724948
77724948
77724948
77724948
77724948
77724948
77724948
77724948
77724948
77724948
77724948
77724948
77724948
77724948
77724948
77724948
77724948
77724948
77724948
957273262
957273262
957273262
957273262
957273262
957273262
957273262
957273262
957273262
957273262
957273262
957273262
957273262
957273262
957273262
957273262
867126007
867126007
918780370
918780370
918780370
918780370
918780370
918780370
918780370
918780370
918780370
918780370
918780370
918780370
918780370
918780370
918780370
918780370
918780370
918780370
918780370
918780370
918780370
918780370
53471364
53471364
53471364
53471364
53471364
53471364
53471364
53471364
53471364
53471364
53471364
53471364
53471364
53471364
53471364
53471364
53471364
53471364
53471364
53471364
53471364
53471364
53471364
53471364
959216899
959216899
318703506
318703506
318703506
318703506
318703506
318703506
318703506
318703506
318703506
318703506
318703506
318703506
318703506
318703506
318703506
318703506
318703506
318703506
318703506
318703506
318703506
318703506
489330151
489330151
489330151
489330151
489330151
489330151
489330151
489330151
489330151
489330151
489330151
489330151
489330151
489330151
489330151
489330151
489330151
489330151
489330151
489330151
549808360
549808360
549808360
549808360
549808360
549808360
549808360
549808360
549808360
549808360
549808360
549808360
549808360
549808360
549808360
549808360
865773245
865773245
891888735
891888735
891888735
891888735
891888735
891888735
891888735
891888735
891888735
891888735
891888735
891888735
891888735
891888735
891888735
891888735
891888735
891888735
931320437
931320437
931320437
931320437
931320437
931320437
931320437
931320437
931320437
931320437
931320437
931320437
931320437
931320437
931320437
931320437
931320437
931320437
931320437
931320437
931320437
931320437
931320437
931320437
931320437
931320437
931320437
931320437
931320437
931320437
931320437
931320437
931320437
931320437
931320437
931320437
931320437
931320437
931320437
931320437
931320437
931320437
931320437
931320437
931320437
931320437
341007631
341007631
341007631
341007631
341007631
341007631
341007631
341007631
905716622
905716622
905716622
905716622
905716622
905716622
905716622
905716622
905716622
905716622
905716622
905716622
905716622
905716622
905716622
905716622
905716622
905716622
905716622
905716622
905716622
905716622
769941417
769941417
769941417
769941417
769941417
769941417
333284582
333284582
333284582
333284582
333284582
333284582
333284582
333284582
333284582
333284582
333284582
333284582
333284582
333284582
333284582
333284582
333284582
333284582
333284582
333284582
286397169
286397169
286397169
286397169
286397169
286397169
286397169
286397169
286397169
286397169
286397169
286397169
286397169
286397169
286397169
286397169
286397169
286397169
837706005
837706005
837706005
837706005
418365288
418365288
285701963
285701963
285701963
285701963
795423837
795423837
795423837
795423837
795423837
795423837
795423837
795423837
795423837
795423837
795423837
795423837
795423837
795423837
795423837
795423837
795423837
795423837
795423837
795423837
795423837
795423837
795423837
795423837
672719647
672719647
672719647
672719647
672719647
672719647
952799561
952799561
952799561
952799561
952799561
952799561
952799561
952799561
952799561
952799561
952799561
952799561
952799561
952799561
952799561
952799561
952799561
952799561
952799561
952799561
519768918
519768918
519768918
519768918
519768918
519768918
86446836
86446836
86446836
86446836
936338411
936338411
101816607
101816607
101816607
101816607
850162080
850162080
850162080
850162080
850162080
850162080
824764933
824764933
586183262
586183262
586183262
586183262
586183262
586183262
586183262
586183262
586183262
586183262
586183262
586183262
586183262
586183262
586183262
586183262
341692289
341692289
341692289
341692289
341692289
341692289
341692289
341692289
341692289
341692289
341692289
341692289
341692289
341692289
341692289
341692289
341692289
341692289
341692289
341692289
341692289
341692289
341692289
341692289
341692289
341692289
341692289
341692289
341692289
341692289
341692289
341692289
341692289
341692289
341692289
341692289
85032611
85032611
85032611
85032611
85032611
85032611
85032611
85032611
355506752
355506752
355506752
355506752
355506752
355506752
355506752
355506752
355506752
355506752
355506752
355506752
194004257
194004257
194004257
194004257
194004257
194004257
194004257
194004257
194004257
194004257
194004257
194004257
194004257
194004257
194004257
194004257
194004257
194004257
194004257
194004257
194004257
194004257
194004257
194004257
390726302
390726302
390726302
390726302
390726302
390726302
94256517
94256517
94256517
94256517
94256517
94256517
136199616
136199616
136199616
136199616
136199616
136199616
136199616
136199616
136199616
136199616
136199616
136199616
136199616
136199616
136199616
136199616
136199616
136199616
136199616
136199616
136199616
136199616
136199616
136199616
136199616
136199616
136199616
136199616
136199616
136199616
136199616
136199616
136199616
136199616
419256420
419256420
419256420
419256420
419256420
419256420
419256420
419256420
452854092
452854092
452854092
452854092
452854092
452854092
180056931
180056931
180056931
180056931
681020805
681020805
681020805
681020805
681020805
681020805
681020805
681020805
681020805
681020805
681020805
681020805
882459854
882459854
882459854
882459854
882459854
882459854
882459854
882459854
882459854
882459854
882459854
882459854
882459854
882459854
882459854
882459854
882459854
882459854
882459854
882459854
555563828
555563828
555563828
555563828
992373275
992373275
987349975
987349975
987349975
987349975
987349975
987349975
987349975
987349975
987349975
987349975
987349975
987349975
987349975
987349975
987349975
987349975
987349975
987349975
573067430
573067430
573067430
573067430
573067430
573067430
459006545
459006545
459006545
459006545
478852791
478852791
159177692
159177692
159177692
159177692
159177692
159177692
159177692
159177692
159177692
159177692
582545871
582545871
504022811
504022811
504022811
504022811
504022811
504022811
504022811
504022811
504022811
504022811
968813402
968813402
968813402
968813402
968813402
968813402
968813402
968813402
968813402
968813402
968813402
968813402
968813402
968813402
968813402
968813402
968813402
968813402
968813402
968813402
968813402
968813402
968813402
968813402
968813402
968813402
968813402
968813402
968813402
968813402
352031342
352031342
352031342
352031342
352031342
352031342
352031342
352031342
352031342
352031342
352031342
352031342
542032176
542032176
542032176
542032176
542032176
542032176
542032176
542032176
200372854
200372854
200372854
200372854
200372854
200372854
200372854
200372854
200372854
200372854
75037839
75037839
75037839
75037839
75037839
75037839
75037839
75037839
75037839
75037839
75037839
75037839
75037839
75037839
75037839
75037839
75037839
75037839
43854334
43854334
43854334
43854334
43854334
43854334
43854334
43854334
43854334
43854334
43854334
43854334
501401606
501401606
501401606
501401606
501401606
501401606
743705259
743705259
857488315
857488315
857488315
857488315
857488315
857488315
857488315
857488315
857488315
857488315
857488315
857488315
857488315
857488315
857488315
857488315
857488315
857488315
513385433
513385433
513385433
513385433
513385433
513385433
513385433
513385433
513385433
513385433
849827760
849827760
849827760
849827760
849827760
849827760
815244856
815244856
815244856
815244856
815244856
815244856
815244856
815244856
701273144
701273144
701273144
701273144
701273144
701273144
75843079
75843079
75843079
75843079
75843079
75843079
775004312
775004312
775004312
775004312
775004312
775004312
775004312
775004312
775004312
775004312
775004312
775004312
775004312
775004312
775004312
775004312
775004312
775004312
527125537
527125537
527125537
527125537
527125537
527125537
909422885
909422885
909422885
909422885
909422885
909422885
274978340
274978340
274978340
274978340
274978340
274978340
274978340
274978340
274978340
274978340
274978340
274978340
274978340
274978340
274978340
274978340
274978340
274978340
274978340
274978340
274978340
274978340
274978340
274978340
274978340
274978340
274978340
274978340
274978340
274978340
274978340
274978340
274978340
274978340
274978340
274978340
274978340
274978340
274978340
274978340
274978340
274978340
274978340
274978340
274978340
274978340
89539629
89539629
89539629
89539629
89539629
89539629
89539629
89539629
660706612
660706612
660706612
660706612
660706612
660706612
713053020
713053020
713053020
713053020
713053020
713053020
713053020
713053020
713053020
713053020
713053020
713053020
713053020
713053020
713053020
713053020
713053020
713053020
713053020
713053020
713053020
713053020
713053020
713053020
713053020
713053020
713053020
713053020
725144564
725144564
198863187
198863187
198863187
198863187
198863187
198863187
758111256
758111256
758111256
758111256
758111256
758111256
758111256
758111256
758111256
758111256
407288047
407288047
407288047
407288047
407288047
407288047
407288047
407288047
407288047
407288047
407288047
407288047
407288047
407288047
886797248
886797248
886797248
886797248
886797248
886797248
234929531
234929531
234929531
234929531
234929531
234929531
234929531
234929531
234929531
234929531
234929531
234929531
234929531
234929531
234929531
234929531
234929531
234929531
234929531
234929531
234929531
234929531
345205386
345205386
345205386
345205386
345205386
345205386
520236676
520236676
520236676
520236676
520236676
520236676
520236676
520236676
520236676
520236676
520236676
520236676
520236676
520236676
520236676
520236676
520236676
520236676
520236676
520236676
520236676
520236676
520236676
520236676
520236676
520236676
928731636
928731636
928731636
928731636
917135235
917135235
43957282
43957282
43957282
43957282
628041444
628041444
628041444
628041444
628041444
628041444
628041444
628041444
735577427
735577427
735577427
735577427
735577427
735577427
735577427
735577427
735577427
735577427
735577427
735577427
735577427
735577427
735577427
735577427
735577427
735577427
207083148
207083148
207083148
207083148
207083148
207083148
207083148
207083148
207083148
207083148
386983628
386983628
386983628
386983628
386983628
386983628
386983628
386983628
386983628
386983628
386983628
386983628
586854587
586854587
586854587
586854587
586854587
586854587
586854587
586854587
133690229
133690229
133690229
133690229
133690229
133690229
133690229
133690229
133690229
133690229
956020889
956020889
37051332
37051332
37051332
37051332
37051332
37051332
37051332
37051332
37051332
37051332
552108100
552108100
552108100
552108100
552108100
552108100
552108100
552108100
552108100
552108100
552108100
552108100
79592443
79592443
79592443
79592443
79592443
79592443
592911676
592911676
592911676
592911676
592911676
592911676
592911676
592911676
466999377
466999377
466999377
466999377
466999377
466999377
466999377
466999377
466999377
466999377
466999377
466999377
466999377
466999377
466999377
466999377
870887214
870887214
870887214
870887214
870887214
870887214
870887214
870887214
870887214
870887214
870887214
870887214
870887214
870887214
400417061
400417061
400417061
400417061
400417061
400417061
91228151
91228151
91228151
91228151
91228151
91228151
91228151
91228151
91228151
91228151
366327154
366327154
366327154
366327154
366327154
366327154
366327154
366327154
407171238
407171238
407171238
407171238
407171238
407171238
524887613
524887613
524887613
524887613
524887613
524887613
524887613
524887613
524887613
524887613
105936633
105936633
533433026
533433026
533433026
533433026
533433026
533433026
533433026
533433026
533433026
533433026
215326624
215326624
403761944
403761944
403761944
403761944
403761944
403761944
403761944
403761944
403761944
403761944
403761944
403761944
864914732
864914732
864914732
864914732
864914732
864914732
864914732
864914732
864914732
864914732
699438356
699438356
699438356
699438356
699438356
699438356
904585443
904585443
345965574
345965574
345965574
345965574
345965574
345965574
345965574
345965574
345965574
345965574
345965574
345965574
551192917
551192917
551192917
551192917
123906063
123906063
123906063
123906063
123906063
123906063
123906063
123906063
123906063
123906063
123906063
123906063
123906063
123906063
123906063
123906063
123906063
123906063
123906063
123906063
123906063
123906063
123906063
123906063
123906063
123906063
123906063
123906063
123906063
123906063
733026518
733026518
733026518
733026518
733026518
733026518
733026518
733026518
733026518
733026518
733026518
733026518
55127219
55127219
55127219
55127219
55127219
55127219
55127219
55127219
55127219
55127219
55127219
55127219
587097792
587097792
603104643
603104643
603104643
603104643
603104643
603104643
603104643
603104643
603104643
603104643
522819489
522819489
522819489
522819489
522819489
522819489
811785106
811785106
811785106
811785106
811785106
811785106
811785106
811785106
811785106
811785106
811785106
811785106
811785106
811785106
811785106
811785106
811785106
811785106
811785106
811785106
811785106
811785106
811785106
811785106
811785106
811785106
811785106
811785106
811785106
811785106
811785106
811785106
811785106
811785106
811785106
811785106
811785106
811785106
811785106
811785106
811785106
811785106
811785106
811785106
807536860
807536860
807536860
807536860
916281722
916281722
916281722
916281722
916281722
916281722
916281722
916281722
916281722
916281722
916281722
916281722
916281722
916281722
448949784
448949784
448949784
448949784
448949784
448949784
448949784
448949784
448949784
448949784
759215059
759215059
759215059
759215059
759215059
759215059
759215059
759215059
759215059
759215059
759215059
759215059
225894204
225894204
225894204
225894204
225894204
225894204
751573381
751573381
75868781
75868781
75868781
75868781
75868781
75868781
75868781
75868781
75868781
75868781
75868781
75868781
75868781
75868781
75868781
75868781
75868781
75868781
75868781
75868781
75868781
75868781
75868781
75868781
75868781
75868781
75868781
75868781
134749986
134749986
134749986
134749986
134749986
134749986
134749986
134749986
134749986
134749986
134749986
134749986
422295578
422295578
422295578
422295578
422295578
422295578
753902836
753902836
753902836
753902836
753902836
753902836
753902836
753902836
753902836
753902836
753902836
753902836
236423351
236423351
590625838
590625838
590625838
590625838
590625838
590625838
590625838
590625838
590625838
590625838
590625838
590625838
728139144
728139144
728139144
728139144
822182963
822182963
331159247
331159247
331159247
331159247
248983311
248983311
248983311
248983311
248983311
248983311
248983311
248983311
117195694
117195694
117195694
117195694
117195694
117195694
915800892
915800892
915800892
915800892
915800892
915800892
867015130
867015130
867015130
867015130
991271184
991271184
991271184
991271184
991271184
991271184
953479722
953479722
953479722
953479722
953479722
953479722
953479722
953479722
953479722
953479722
953479722
953479722
953479722
953479722
719005707
719005707
719005707
719005707
719005707
719005707
719005707
719005707
719005707
719005707
719005707
719005707
719005707
719005707
719005707
719005707
509892212
509892212
509892212
509892212
509892212
509892212
273667386
273667386
273667386
273667386
273667386
273667386
273667386
273667386
273667386
273667386
273667386
273667386
273667386
273667386
158133783
158133783
158133783
158133783
158133783
158133783
158133783
158133783
158133783
158133783
158133783
158133783
158133783
158133783
158133783
158133783
158133783
158133783
158133783
158133783
158133783
158133783
158133783
158133783
158133783
158133783
158133783
158133783
664200962
664200962
664200962
664200962
664200962
664200962
664200962
664200962
664200962
664200962
664200962
664200962
664200962
664200962
664200962
664200962
664200962
664200962
936300580
936300580
936300580
936300580
936300580
936300580
936300580
936300580
390565534
390565534
390565534
390565534
390565534
390565534
334262723
334262723
334262723
334262723
530182631
530182631
530182631
530182631
530182631
530182631
933604376
933604376
933604376
933604376
933604376
933604376
88146232
88146232
761525159
761525159
761525159
761525159
761525159
761525159
761525159
761525159
761525159
761525159
761525159
761525159
761525159
761525159
761525159
761525159
335789093
335789093
335789093
335789093
335789093
335789093
335789093
335789093
335789093
335789093
335789093
335789093
335789093
335789093
930515966
930515966
930515966
930515966
930515966
930515966
930515966
930515966
930515966
930515966
568512686
568512686
243960735
243960735
243960735
243960735
868358896
868358896
868358896
868358896
868358896
868358896
868358896
868358896
868358896
868358896
868358896
868358896
868358896
868358896
868358896
868358896
868358896
868358896
868358896
868358896
407527358
407527358
407527358
407527358
407527358
407527358
407527358
407527358
407527358
407527358
157618133
157618133
157618133
157618133
157618133
157618133
157618133
157618133
157618133
157618133
157618133
157618133
157618133
157618133
157618133
157618133
157618133
157618133
157618133
157618133
157618133
157618133
157618133
157618133
318263961
318263961
318263961
318263961
318263961
318263961
318263961
318263961
689421662
689421662
689421662
689421662
517753154
517753154
517753154
517753154
517753154
517753154
517753154
517753154
517753154
517753154
517753154
517753154
517753154
517753154
517753154
517753154
517753154
517753154
517753154
517753154
517753154
517753154
517753154
517753154
125522820
125522820
125522820
125522820
125522820
125522820
514874788
514874788
514874788
514874788
514874788
514874788
514874788
514874788
514874788
514874788
514874788
514874788
514874788
514874788
514874788
514874788
514874788
514874788
514874788
514874788
514874788
514874788
514874788
514874788
514874788
514874788
348660146
348660146
348660146
348660146
348660146
348660146
348660146
348660146
348660146
348660146
926710371
926710371
926710371
926710371
926710371
926710371
926710371
926710371
728194530
728194530
728194530
728194530
728194530
728194530
728194530
728194530
728194530
728194530
728194530
728194530
728194530
728194530
728194530
728194530
728194530
728194530
728194530
728194530
728194530
728194530
728194530
728194530
68859875
68859875
68859875
68859875
68859875
68859875
684358872
684358872
684358872
684358872
684358872
684358872
635375988
635375988
635375988
635375988
635375988
635375988
635375988
635375988
635375988
635375988
635375988
635375988
635375988
635375988
635375988
635375988
635375988
635375988
635375988
635375988
635375988
635375988
635375988
635375988
635375988
635375988
635375988
635375988
897178788
897178788
668184214
668184214
668184214
668184214
668184214
668184214
440139499
440139499
440139499
440139499
442026604
442026604
442026604
442026604
442026604
442026604
62799122
62799122
62799122
62799122
62799122
62799122
62799122
62799122
967643686
967643686
967643686
967643686
371343694
371343694
371343694
371343694
371343694
371343694
371343694
371343694
371343694
371343694
371343694
371343694
371343694
371343694
371343694
371343694
371343694
371343694
884219840
884219840
884219840
884219840
884219840
884219840
884219840
884219840
884219840
884219840
884219840
884219840
134599270
134599270
134599270
134599270
134599270
134599270
134599270
134599270
134599270
134599270
134599270
134599270
134599270
134599270
134599270
134599270
134599270
134599270
134599270
134599270
134599270
134599270
134599270
134599270
134599270
134599270
134599270
134599270
134599270
134599270
134599270
134599270
134599270
134599270
134599270
134599270
231690864
231690864
231690864
231690864
231690864
231690864
228278183
228278183
228278183
228278183
228278183
228278183
228278183
228278183
228278183
228278183
228278183
228278183
228278183
228278183
228278183
228278183
228278183
228278183
228278183
228278183
228278183
228278183
228278183
228278183
228278183
228278183
44220210
44220210
44220210
44220210
912541185
912541185
912541185
912541185
912541185
912541185
912541185
912541185
912541185
912541185
912541185
912541185
912541185
912541185
755441589
755441589
755441589
755441589
755441589
755441589
755441589
755441589
755441589
755441589
904640476
904640476
161395745
161395745
161395745
161395745
289968756
289968756
289968756
289968756
289968756
289968756
150535289
150535289
150535289
150535289
150535289
150535289
150535289
150535289
150535289
150535289
150535289
150535289
150535289
150535289
150535289
150535289
150535289
150535289
150535289
150535289
780598937
780598937
780598937
780598937
780598937
780598937
780598937
780598937
780598937
780598937
20265450
20265450
20265450
20265450
20265450
20265450
20265450
20265450
20265450
20265450
20265450
20265450
20265450
20265450
111174301
111174301
111174301
111174301
425011841
425011841
425011841
425011841
425011841
425011841
425011841
425011841
425011841
425011841
425011841
425011841
425011841
425011841
425011841
425011841
425011841
425011841
425011841
425011841
767198560
767198560
767198560
767198560
767198560
767198560
767198560
767198560
767198560
767198560
767198560
767198560
767198560
767198560
767198560
767198560
767198560
767198560
767198560
767198560
767198560
767198560
561064295
561064295
561064295
561064295
561064295
561064295
561064295
561064295
37976523
37976523
37976523
37976523
37976523
37976523
37976523
37976523
37976523
37976523
37976523
37976523
745438903
745438903
745438903
745438903
745438903
745438903
745438903
745438903
745438903
745438903
745438903
745438903
745438903
745438903
745438903
745438903
745438903
745438903
133678897
133678897
133678897
133678897
133678897
133678897
133678897
133678897
133678897
133678897
133678897
133678897
133678897
133678897
133678897
133678897
133678897
133678897
133678897
133678897
133678897
133678897
133678897
133678897
133678897
133678897
133678897
133678897
133678897
133678897
133678897
133678897
133678897
133678897
372975850
372975850
372975850
372975850
372975850
372975850
372975850
372975850
280083958
280083958
280083958
280083958
280083958
280083958
280083958
280083958
280083958
280083958
634399106
634399106
634399106
634399106
634399106
634399106
634399106
634399106
634399106
634399106
634399106
634399106
634399106
634399106
634399106
634399106
634399106
634399106
634399106
634399106
634399106
634399106
634399106
634399106
634399106
634399106
634399106
634399106
634399106
634399106
864043792
864043792
864043792
864043792
864043792
864043792
864043792
864043792
353634018
353634018
353634018
353634018
353634018
353634018
227364445
227364445
227364445
227364445
683817586
683817586
392926626
392926626
392926626
392926626
392926626
392926626
392926626
392926626
392926626
392926626
392926626
392926626
392926626
392926626
392926626
392926626
392926626
392926626
392926626
392926626
392926626
392926626
392926626
392926626
392926626
392926626
392926626
392926626
392926626
392926626
15297986
15297986
15297986
15297986
15297986
15297986
15297986
15297986
15297986
15297986
15297986
15297986
159250242
159250242
159250242
159250242
159250242
159250242
159250242
159250242
159250242
159250242
159250242
159250242
159250242
159250242
159250242
159250242
840396007
840396007
840396007
840396007
840396007
840396007
840396007
840396007
840396007
840396007
840396007
840396007
840396007
840396007
41972
41972
41972
41972
41972
41972
106609250
106609250
106609250
106609250
106609250
106609250
106609250
106609250
106609250
106609250
106609250
106609250
106609250
106609250
106609250
106609250
106609250
106609250
106609250
106609250
106609250
106609250
106609250
106609250
106609250
106609250
106609250
106609250
106609250
106609250
66016932
66016932
66016932
66016932
858636838
858636838
827425557
827425557
827425557
827425557
924429248
924429248
924429248
924429248
924429248
924429248
924429248
924429248
924429248
924429248
924429248
924429248
924429248
924429248
924429248
924429248
924429248
924429248
924429248
924429248
81238989
81238989
81238989
81238989
81238989
81238989
81238989
81238989
81238989
81238989
945342877
945342877
945342877
945342877
945342877
945342877
945342877
945342877
945342877
945342877
945342877
945342877
590869214
590869214
590869214
590869214
590869214
590869214
590869214
590869214
590869214
590869214
590869214
590869214
590869214
590869214
540987026
540987026
540987026
540987026
463465925
463465925
463465925
463465925
463465925
463465925
13825418
13825418
13825418
13825418
13825418
13825418
24075178
24075178
24075178
24075178
24075178
24075178
24075178
24075178
145557486
145557486
145557486
145557486
953443139
953443139
254610019
254610019
254610019
254610019
254610019
254610019
254610019
254610019
254610019
254610019
254610019
254610019
254610019
254610019
254610019
254610019
254610019
254610019
254610019
254610019
254610019
254610019
254610019
254610019
254610019
254610019
254610019
254610019
254610019
254610019
254610019
254610019
254610019
254610019
254610019
254610019
528498045
528498045
528498045
528498045
528498045
528498045
528498045
528498045
528498045
528498045
528498045
528498045
528498045
528498045
528498045
528498045
528498045
528498045
528498045
528498045
528498045
528498045
532461519
532461519
532461519
532461519
532461519
532461519
369205094
369205094
369205094
369205094
369205094
369205094
45985840
45985840
45985840
45985840
45985840
45985840
689937085
689937085
689937085
689937085
689937085
689937085
689937085
689937085
243678342
243678342
243678342
243678342
243678342
243678342
243678342
243678342
243678342
243678342
243678342
243678342
243678342
243678342
243678342
243678342
243678342
243678342
243678342
243678342
243678342
243678342
243678342
243678342
243678342
243678342
243678342
243678342
243678342
243678342
157531739
157531739
157531739
157531739
875726398
875726398
875726398
875726398
875726398
875726398
846386860
846386860
846386860
846386860
846386860
846386860
999943521
999943521
999943521
999943521
999943521
999943521
999943521
999943521
254831250
254831250
254831250
254831250
254831250
254831250
254831250
254831250
254831250
254831250
254831250
254831250
254831250
254831250
254831250
254831250
254831250
254831250
254831250
254831250
254831250
254831250
254831250
254831250
254831250
254831250
254831250
254831250
254831250
254831250
788618903
788618903
788618903
788618903
788618903
788618903
274887204
274887204
274887204
274887204
274887204
274887204
274887204
274887204
274887204
274887204
545444603
545444603
545444603
545444603
545444603
545444603
545444603
545444603
545444603
545444603
545444603
545444603
545444603
545444603
545444603
545444603
545444603
545444603
545444603
545444603
205626686
205626686
205626686
205626686
206125624
206125624
206125624
206125624
206125624
206125624
868980798
868980798
896763278
896763278
896763278
896763278
896763278
896763278
896763278
896763278
896763278
896763278
930589936
930589936
849756209
849756209
849756209
849756209
849756209
849756209
849756209
849756209
849756209
849756209
71984218
71984218
21629945
21629945
21629945
21629945
21629945
21629945
859922764
859922764
859922764
859922764
859922764
859922764
859922764
859922764
859922764
859922764
859922764
859922764
859922764
859922764
859922764
859922764
859922764
859922764
859922764
859922764
859922764
859922764
854969434
854969434
586691717
586691717
586691717
586691717
586691717
586691717
586691717
586691717
586691717
586691717
586691717
586691717
586691717
586691717
586691717
586691717
544302182
544302182
947513092
947513092
947513092
947513092
947513092
947513092
947513092
947513092
947513092
947513092
947513092
947513092
947513092
947513092
947513092
947513092
947513092
947513092
947513092
947513092
947513092
947513092
947513092
947513092
947513092
947513092
947513092
947513092
947513092
947513092
947513092
947513092
947513092
947513092
947513092
947513092
947513092
947513092
947513092
947513092
947513092
947513092
947513092
947513092
947513092
947513092
335559058
335559058
335559058
335559058
335559058
335559058
335559058
335559058
335559058
335559058
335559058
335559058
335559058
335559058
380594555
380594555
380594555
380594555
380594555
380594555
380594555
380594555
380594555
380594555
916045459
916045459
916045459
916045459
916045459
916045459
916045459
916045459
916045459
916045459
916045459
916045459
310371949
310371949
310371949
310371949
310371949
310371949
310371949
310371949
118523233
118523233
118523233
118523233
118523233
118523233
118523233
118523233
118523233
118523233
118523233
118523233
872232752
872232752
872232752
872232752
872232752
872232752
410997708
410997708
410997708
410997708
410997708
410997708
410997708
410997708
410997708
410997708
410997708
410997708
410997708
410997708
410997708
410997708
410997708
410997708
410997708
410997708
410997708
410997708
410997708
410997708
204310325
204310325
204310325
204310325
204310325
204310325
204310325
204310325
204310325
204310325
204310325
204310325
204310325
204310325
204310325
204310325
437993694
437993694
437993694
437993694
437993694
437993694
437993694
437993694
437993694
437993694
437993694
437993694
437993694
437993694
153034505
153034505
153034505
153034505
153034505
153034505
548153176
548153176
548153176
548153176
592963672
592963672
592963672
592963672
592963672
592963672
607810622
607810622
607810622
607810622
607810622
607810622
607810622
607810622
607810622
607810622
607810622
607810622
607810622
607810622
197603705
197603705
197603705
197603705
197603705
197603705
197603705
197603705
197603705
197603705
197603705
197603705
197603705
197603705
197603705
197603705
197603705
197603705
197603705
197603705
197603705
197603705
197603705
197603705
939504509
939504509
939504509
939504509
939504509
939504509
939504509
939504509
939504509
939504509
939504509
939504509
939504509
939504509
939504509
939504509
795952976
795952976
795952976
795952976
795952976
795952976
509679509
509679509
509679509
509679509
509679509
509679509
509679509
509679509
977546820
977546820
977546820
977546820
977546820
977546820
977546820
977546820
977546820
977546820
847053919
847053919
239139045
239139045
239139045
239139045
239139045
239139045
239139045
239139045
239139045
239139045
239139045
239139045
239139045
239139045
239139045
239139045
239139045
239139045
404603806
404603806
404603806
404603806
404603806
404603806
404603806
404603806
404603806
404603806
272767777
272767777
272767777
272767777
272767777
272767777
26041975
26041975
26041975
26041975
26041975
26041975
26041975
26041975
26041975
26041975
26041975
26041975
26041975
26041975
26041975
26041975
26041975
26041975
26041975
26041975
26041975
26041975
26041975
26041975
26041975
26041975
26041975
26041975
26041975
26041975
26041975
26041975
26041975
26041975
26041975
26041975
26041975
26041975
513923309
513923309
513923309
513923309
513923309
513923309
513923309
513923309
513923309
513923309
513923309
513923309
513923309
513923309
513923309
513923309
513923309
513923309
322332104
322332104
322332104
322332104
322332104
322332104
322332104
322332104
322332104
322332104
322332104
322332104
322332104
322332104
322332104
322332104
322332104
322332104
322332104
322332104
322332104
322332104
406302821
406302821
406302821
406302821
406302821
406302821
275508048
275508048
275508048
275508048
275508048
275508048
621093045
621093045
621093045
621093045
621093045
621093045
621093045
621093045
621093045
621093045
621093045
621093045
621093045
621093045
621093045
621093045
621093045
621093045
61763155
61763155
106389292
106389292
106389292
106389292
106389292
106389292
106389292
106389292
106389292
106389292
106389292
106389292
106389292
106389292
106389292
106389292
106389292
106389292
588293570
588293570
588293570
588293570
588293570
588293570
588293570
588293570
588293570
588293570
588293570
588293570
577389088
577389088
577389088
577389088
577389088
577389088
699623546
699623546
699623546
699623546
699623546
699623546
699623546
699623546
699623546
699623546
921844625
921844625
921844625
921844625
921844625
921844625
921844625
921844625
921844625
921844625
921844625
921844625
687128773
687128773
775005657
775005657
775005657
775005657
775005657
775005657
775005657
775005657
775005657
775005657
775005657
775005657
775005657
775005657
775005657
775005657
775005657
775005657
272130765
272130765
272130765
272130765
272130765
272130765
272130765
272130765
272130765
272130765
272130765
272130765
272130765
272130765
272130765
272130765
150561057
150561057
150561057
150561057
150561057
150561057
150561057
150561057
150561057
150561057
150561057
150561057
150561057
150561057
150561057
150561057
150561057
150561057
150561057
150561057
150561057
150561057
150561057
150561057
150561057
150561057
150561057
150561057
150561057
150561057
150561057
150561057
150561057
150561057
150561057
150561057
423936197
423936197
423936197
423936197
423936197
423936197
423936197
423936197
423936197
423936197
423936197
423936197
423936197
423936197
672378297
672378297
672378297
672378297
954651802
954651802
621460504
621460504
621460504
621460504
634707443
634707443
634707443
634707443
634707443
634707443
634707443
634707443
634707443
634707443
634707443
634707443
216588424
216588424
216588424
216588424
216588424
216588424
216588424
216588424
216588424
216588424
216588424
216588424
810320745
810320745
810320745
810320745
810320745
810320745
810320745
810320745
810320745
810320745
810320745
810320745
810320745
810320745
810320745
810320745
810320745
810320745
762036348
762036348
762036348
762036348
762036348
762036348
762036348
762036348
96600777
96600777
96600777
96600777
410948467
410948467
410948467
410948467
410948467
410948467
410948467
410948467
410948467
410948467
410948467
410948467
410948467
410948467
410948467
410948467
410948467
410948467
410948467
410948467
410948467
410948467
410948467
410948467
410948467
410948467
410948467
410948467
410948467
410948467
654976408
654976408
331564019
331564019
331564019
331564019
331564019
331564019
331564019
331564019
331564019
331564019
331564019
331564019
331564019
331564019
331564019
331564019
331564019
331564019
331564019
331564019
331564019
331564019
331564019
331564019
331564019
331564019
331564019
331564019
331564019
331564019
365473158
365473158
365473158
365473158
752622877
752622877
789877912
789877912
789877912
789877912
192349193
192349193
192349193
192349193
192349193
192349193
192349193
192349193
192349193
192349193
192349193
192349193
192349193
192349193
192349193
192349193
192349193
192349193
507686439
507686439
507686439
507686439
507686439
507686439
927838052
927838052
95372718
95372718
95372718
95372718
95372718
95372718
95372718
95372718
95372718
95372718
95372718
95372718
900686107
900686107
900686107
900686107
900686107
900686107
251390666
251390666
251390666
251390666
251390666
251390666
251390666
251390666
251390666
251390666
251390666
251390666
251390666
251390666
251390666
251390666
251390666
251390666
251390666
251390666
251390666
251390666
251390666
251390666
251390666
251390666
251390666
251390666
251390666
251390666
251390666
251390666
251390666
251390666
251390666
251390666
251390666
251390666
251390666
251390666
296792838
296792838
296792838
296792838
296792838
296792838
296792838
296792838
296792838
296792838
296792838
296792838
296792838
296792838
296792838
296792838
296792838
296792838
296792838
296792838
296792838
296792838
296792838
296792838
42954256
42954256
42954256
42954256
42954256
42954256
42954256
42954256
430678030
430678030
430678030
430678030
430678030
430678030
430678030
430678030
430678030
430678030
223941585
223941585
223941585
223941585
223941585
223941585
223941585
223941585
313674752
313674752
313674752
313674752
313674752
313674752
313674752
313674752
313674752
313674752
313674752
313674752
313674752
313674752
313674752
313674752
335549258
335549258
335549258
335549258
335549258
335549258
335549258
335549258
965218322
965218322
965218322
965218322
965218322
965218322
965218322
965218322
965218322
965218322
965218322
965218322
315437346
315437346
315437346
315437346
315437346
315437346
315437346
315437346
315437346
315437346
113651701
113651701
113651701
113651701
113651701
113651701
113651701
113651701
113651701
113651701
113651701
113651701
113651701
113651701
130595587
130595587
130595587
130595587
111576965
111576965
187379976
187379976
187379976
187379976
187379976
187379976
231122701
231122701
231122701
231122701
963411930
963411930
963411930
963411930
963411930
963411930
963411930
963411930
963411930
963411930
963411930
963411930
963411930
963411930
487595663
487595663
487595663
487595663
487595663
487595663
487595663
487595663
487595663
487595663
3255078
3255078
3255078
3255078
3255078
3255078
3255078
3255078
3255078
3255078
3255078
3255078
3255078
3255078
103462083
103462083
103462083
103462083
103462083
103462083
103462083
103462083
103462083
103462083
103462083
103462083
103462083
103462083
103462083
103462083
103462083
103462083
103462083
103462083
103462083
103462083
122883304
122883304
122883304
122883304
122883304
122883304
763641364
763641364
763641364
763641364
763641364
763641364
763641364
763641364
763641364
763641364
763641364
763641364
763641364
763641364
406858112
406858112
406858112
406858112
406858112
406858112
406858112
406858112
406858112
406858112
406858112
406858112
406858112
406858112
406858112
406858112
406858112
406858112
456419842
456419842
456419842
456419842
456419842
456419842
456419842
456419842
456419842
456419842
456419842
456419842
456419842
456419842
456419842
456419842
917249975
917249975
761898033
761898033
761898033
761898033
235810697
235810697
235810697
235810697
235810697
235810697
235810697
235810697
199183157
199183157
199183157
199183157
199183157
199183157
573497824
573497824
573497824
573497824
573497824
573497824
573497824
573497824
573497824
573497824
573497824
573497824
573497824
573497824
573497824
573497824
573497824
573497824
573497824
573497824
573497824
573497824
888056048
888056048
888056048
888056048
888056048
888056048
888056048
888056048
216632285
216632285
216632285
216632285
301916449
301916449
101395314
101395314
101395314
101395314
101395314
101395314
593906320
593906320
593906320
593906320
950699329
950699329
950699329
950699329
950699329
950699329
