414962535
755784659
838811546
411945058
734101620
921445764
688036456
668440576
725730668
989030647
341048950
655964748
378294829
281687735
889146114
429385955
608183285
857878235
449663894
818812933
905716622
530461930
149499994
739519893
507372030
233032261
580743733
623258415
35025960
612735622
941348130
300564722
260532077
627234361
869668727
827739901
118135587
974070907
904858696
523512304
593388193
991956838
480383442
246704809
542292789
676370399
95687864
733026518
790129479
390692826
179707238
187586942
853310259
130321696
163437370
429736273
927385157
410605633
920277924
404603806
656314365
161956159
756406580
592918943
142556183
109310744
32660965
756546302
2268771
398972640
852272962
809657152
210782759
386990076
135708002
739519893
467118269
433135168
513923309
675442190
505475923
486925386
740160189
305453303
468835088
249348551
699353459
398297516
994385854
662295238
895485662
998890052
849356058
329408785
552734143
306682258
68006694
17647347
684882558
16596268
643759880
273877368
38284253
959977838
425875506
846647226
233104390
417759360
693529139
114917380
368675318
264846066
97050984
228367045
655268508
470014055
733443111
854132287
484007973
363282964
164453107
512852405
166784584
410997708
500299736
433309762
477281534
361184389
812994063
97050984
488022465
579618030
370210955
981766236
178021649
929732149
342388553
547778637
717384761
886190594
564043690
587097320
588298131
718470492
40500065
827419924
131882036
909929532
216632285
478666554
378363393
227566072
437955751
87968333
762599676
473786151
255206617
122637109
910949169
16486398
601589387
478392078
661676142
77987842
714252889
44896064
336282492
356973391
276706603
96892456
897178788
502635108
281369705
874911723
117309837
412599343
75592969
35500816
214569567
622504822
447317928
341194382
40173620
259671697
911493080
817846191
698416852
658513610
611501219
103462083
68461701
888233780
952565549
9840153
845657619
145597256
677953109
611680973
284326275
5361499
35662492
257510397
848951405
417375801
477509810
91073395
188626260
643184832
986202696
689555740
596481200
27085989
19412458
625707380
431698489
248529623
935291043
408833907
811515830
967451424
254610019
360128521
765427742
669487713
479475871
722880320
133676064
627211327
769515242
916837933
410997708
554262260
989994980
714617036
228857206
906243520
151896852
27178236
785615942
453407859
975566180
272688045
469590510
13365933
155282194
257207650
940456068
425011841
486829991
556967856
707665815
947513092
380486926
819185216
756007642
728950773
360128521
248818848
424281822
794186310
10960934
720648261
190427781
528245284
527683572
61465412
557125992
799867044
184197010
372975850
594109877
331564019
63859273
304181189
520566896
822618730
99096910
858552850
135078348
253288798
835140882
473786151
295114106
763864269
283788331
141236409
588298131
987349975
770207118
685943945
885991127
170453500
102990945
505363860
425171868
857131488
216546256
781162210
941574158
784191838
201499617
927980509
894864950
332168372
986777772
500299736
153292970
209275224
483677495
361054497
273744891
197806806
511626753
102018169
379175837
701329257
436682904
377803750
666810757
895060235
19412458
176149332
103449246
341310704
348872322
216221926
666159861
928237777
939504509
871268922
145271195
369874559
593200454
920277924
593961886
47585752
812718396
365002080
799550391
35025960
519768918
537295748
145203676
549138299
438480661
476390777
537295748
667441999
2819999
57409554
244147670
977030692
49440753
408367486
411167789
318942084
464038316
150561057
258503773
443165136
255188950
988959073
619490260
434304466
205032757
936636754
44710452
325953629
591476050
786460130
564043690
352757829
395661092
245425177
302893413
971359908
102589214
428801192
817649562
317732665
535695959
275556215
77642454
900410098
424281822
290159900
48752050
985131823
410605633
151299217
737289701
43436242
212309311
567980049
115528380
611804693
780027808
571024790
621458069
178956781
49207688
29753887
511332453
246335179
152228729
903844963
313397866
344184937
735903497
269424190
183452738
915299366
52956912
259080477
608183285
786222871
487670868
942486675
487373430
719337492
489935420
100485736
620730537
815192601
369328462
732891441
190591235
961548754
964638776
160025090
227153013
67995708
113930810
388990176
879624867
128944627
761966479
137587355
250592483
92920457
391239172
539764713
365002080
775261579
880012975
522644652
170453500
442791907
468835088
438557992
302140658
228579477
382372509
986077016
339911773
696639961
559085495
629568427
252518544
631825110
999807749
354680145
396779421
389091410
421679565
927886037
339002303
523887314
9698395
929038210
925169881
338879967
882868059
235494869
289849601
852832561
344410374
309169125
129519234
326605788
450323755
241272190
770489133
896795008
302548115
613874123
720593991
805088505
934166969
713189031
606211401
574534492
5361499
586240022
934278056
26259510
907410780
860771971
170714746
632936726
755659578
593316762
314226811
284222594
185878323
331913928
884712848
633795930
296792838
496519647
734101620
151149875
687128773
956567789
629925385
102418658
228857206
153838836
211345709
23027
332016333
254983973
182398182
353101427
147956732
919847785
971400820
229908166
696589541
94095290
593961886
516839030
898166965
136701136
668415225
680146794
158909070
870409069
542580774
214875621
846429743
199119438
973358514
881427098
908452884
53471364
391815613
851198691
581807886
900410098
645812885
648010563
80649946
936664724
296792838
321642972
729543329
931584215
24168081
916874418
515687213
771537800
516958544
647253688
132038040
510319341
821278933
837540922
368182285
280348090
436147432
85032611
762454355
377364351
935597404
990320809
445418665
646105804
425171868
696060827
720417795
95372718
444669024
373006578
654310135
707688301
317505530
955053571
190668430
417440107
410948467
548944911
586240022
941427223
543519592
320143785
361619737
898498878
398158415
916368366
23439494
664486530
938957487
407024082
844919271
214569567
240821971
611804693
986649990
11859735
632194072
444075591
499715436
211515340
828443996
431084484
827739901
101506642
145436481
380594555
764617959
383924113
445405082
174703650
489106849
990500710
947257550
232483250
861899041
265610898
829366216
774237609
463355000
270597859
896658083
141906491
145597256
473786151
464038316
295114106
286813258
551490506
161956159
685906176
673741086
463355000
568812759
837706005
425875506
70494594
181473388
904858696
249398623
35662492
285264818
273877368
939781874
456419842
218098403
575897344
351128556
441314264
469590510
669056316
426678310
818748694
497172869
126267669
632936726
397277902
312628118
982233053
689658990
525100829
250323372
788618903
693107222
306596048
386021526
553729773
580030370
781628275
759313172
51294227
685372953
583348312
151896852
178209190
464735206
201499617
405777433
764314767
880513419
862616689
514566735
22278989
136018293
425875506
877591864
622393154
478646447
30460214
433322003
197121258
584665302
95866528
408186345
146317831
707457012
661167337
690195401
240736619
98479603
811728012
83027182
555569311
170453500
853395693
766823490
739524681
706812568
831168449
76825284
611804693
938095652
211515340
845657619
294972939
299322636
788007148
792137851
61827593
874528766
234902725
908452884
425875506
879970761
437673857
923353232
1174185
103462083
631513654
718417780
459009688
525613259
29753887
800089371
994891918
532030154
362692373
437463582
380767301
558738068
235053409
200524484
175268445
716083537
222678705
911267666
497172869
52487936
285859923
822618499
146750598
611804693
158133783
348337507
797835192
402490424
633795930
858089636
173808523
845624792
336509443
477509810
99030721
339046881
336409842
150561057
997362391
689962428
44387111
596330469
165562632
889151442
319118261
92116737
698230035
98381458
58230509
229843860
290019691
695973422
552614427
614747605
140606607
739313322
200588692
861228542
380641510
986202696
529636719
685071284
427365771
697214758
827424619
643436194
173541046
903864360
216221926
431450824
941427223
381227457
197603705
568954206
291402508
502715370
345861884
216568956
792893361
421992274
549209891
826841863
473786151
413831930
402154912
868146443
94220011
875337132
127020918
660487444
4420781
266715609
320503359
954641398
377138060
735387716
937824495
127918242
143226910
46134526
660487444
106539967
675045253
203615470
26302683
553988634
945547452
741386413
683477026
307406205
265066851
360276463
987723930
439699980
882279573
741987766
437733129
718928057
192987917
773026935
56404134
510189985
917253567
648010563
339531659
647750440
169479441
2268771
824164603
706812568
273156342
106609250
37822577
86199088
703164983
151023350
290932323
708662140
810970940
692738762
740092340
141906491
935721287
230997351
795800451
264791583
240548774
225645275
703525943
558738068
759260946
344410374
751924123
824544291
119517565
704499338
707665815
459917588
711000983
276828025
505363860
656484108
921116525
583348312
384043429
720648261
242335963
4233067
89727520
309398193
326113117
675781280
846647226
933604376
579184632
202957372
424863874
577232613
116280256
381755180
976310855
999268607
925469895
974070907
69635986
775261579
534747052
648420936
632815600
530828096
752741272
736410147
61827593
23027
103994044
548339437
779306540
991873335
104075142
479006202
841347588
49440753
160025090
362930671
516506385
260786658
666965173
411262888
202461247
203787768
477509810
945013337
127918242
872211398
698296366
911493080
9840153
629695651
831307042
797687896
361309151
717231895
829662462
409837682
40454468
271293688
512590644
531144641
701669193
574402261
335605909
232515315
720648261
503782622
617402968
355760359
755160626
455804604
744794664
985534564
28932134
216714270
832202435
691620754
888056048
1174185
386367275
948401257
795423837
378301363
536249375
336862102
659632532
549295355
135989877
645284610
42428704
146013592
318942084
403137003
666810757
365492724
559053687
145915444
419612250
361184389
860771971
490608967
481583896
789078974
560226231
954869647
656846503
716706161
364451247
631821488
789238758
762454355
851198691
880513419
756007642
989563743
82437839
104108403
386891321
488825359
658009114
389091410
173808523
887599152
496035406
739881009
584780868
66011108
497292460
415953959
257510397
967655311
446347381
963952975
971161105
140153737
303339069
164048640
242730708
143413060
288971962
729045982
214876948
275775836
587945053
246093643
635085890
171519720
648612660
495061050
310152833
469192528
232134838
336762088
444669024
945242755
434670964
839506770
465587470
26041975
895485662
986649990
24217701
106539967
733224103
761858916
377351326
966211512
995848435
1253304
128975031
395535387
488309122
285859923
326085383
846955244
896658083
987100304
210939692
282090156
619939196
636460657
140606607
119517565
599588252
545117077
314947563
216221926
736657205
113278277
648875646
705331267
622393154
383924113
453963036
193020042
65593665
305142864
135042334
949481134
565897524
875337132
10389605
727114726
744086545
463355000
934200491
935721287
767303201
973863191
899899631
438480661
583034964
299785721
597931017
736540687
246245204
1788755
846869625
603649831
650465969
753580094
90402653
565163752
999649654
502215917
18014088
699438356
273667386
824549476
643788112
897573889
898895279
496519647
786222871
662030296
162340845
211891187
436493146
184417541
599738284
777462697
443165136
36330409
247065774
619392513
336282492
7025229
486925386
998890052
139519365
899669690
146979595
740350604
832106108
270597859
334997435
722518289
989962866
85350000
490590339
105845648
579009084
718928057
879220233
715139405
628503993
554126869
216588424
65984159
981498273
586181383
627211327
683208837
874528766
596168011
624077461
470666643
78219057
489631570
703654332
305892065
794548952
126396471
751045321
739350141
923201463
537295748
553340230
318703506
432676281
292402133
631513654
760947816
335590625
705675831
466709804
423642983
530089668
561738897
42628327
85919606
741200146
441679447
873305214
13450694
282591965
971277512
229038795
374626129
765188507
272688045
650465969
122274217
915821453
557273005
578338951
285621127
310307626
163326706
62658489
645614988
487670868
298394132
37007427
887511939
876911321
225050076
874788643
295719999
198520013
781324055
440925808
274978340
270037967
806107795
222984022
892828588
594218361
360106661
374627928
978690372
323831682
67338729
231562985
347013213
175510143
815416561
252288633
336862102
145915444
366512522
472546078
369328462
49573424
824985283
899631676
484076158
513255928
32496664
339002303
415459440
518070524
824549476
119351720
867795275
470152162
893833593
765025283
760391543
783964096
244131858
484076158
278194783
837858663
998559027
586691717
877978481
53471364
50039937
165826181
837134157
348660146
929465625
637903451
500836384
822618499
401733564
921904755
905062233
322603098
795967141
265093148
187654377
478217717
166784584
331564019
905716622
939457477
690487818
444669024
7516915
521203381
514290642
305564699
146786168
627717405
811808922
70426400
99660267
15076365
285264818
718752878
605422381
74727472
759867621
564165086
575615876
864516889
67967255
221737340
490881178
505041730
424367098
390323844
508937183
794186310
538311134
511654142
245849606
43430801
697153295
480773841
490608967
963297152
708623858
729960046
870678313
793894421
344944507
882985943
299360490
888496107
753603372
225050076
643436194
56404134
86446836
99933
399785641
577212900
786830486
483115742
494697432
754978144
853120706
877121343
577092121
559560219
822674418
808898840
692563697
444763785
962625583
931165174
601589387
359662996
290348645
943341174
848893267
10480620
294786451
888223610
919296106
411945058
586260881
715175828
896611764
714617036
983318571
173541046
986695501
296792838
857084906
651997290
690833188
534281626
568812759
667220579
971359908
938988204
406709072
858983323
935721287
681804818
110303951
113664145
728790983
744794664
907410780
31793659
68209550
473824857
222984022
249513798
210060124
196064375
900874037
10109439
347941037
493957721
830866741
209237236
353101427
424863874
77479383
211515340
235980373
234499033
939378739
626940430
879074289
988922901
441200642
120249462
438997712
664486530
968813402
35662492
374158989
857878235
416103440
828770842
15076365
33401964
11859735
104266850
894803259
777264242
716823762
319118261
666159861
902114339
927361159
934201997
161956159
136199616
896047804
731302849
313200854
714252889
177715384
79987839
345097278
721961849
437458940
184770460
486082929
806338066
107299403
515165867
393873872
453967728
782483652
523280961
349816138
660638941
518070524
216714270
459937592
72945029
143831354
985131823
681773894
586183262
80649946
716589255
8054660
894096372
441314264
909012222
668550997
137918766
137587355
465587470
881427098
459033950
982709274
67501396
24217701
838910400
634399106
806388205
736657205
274887204
422891295
432676281
352757829
312628118
159463093
784067079
316631801
530089668
619468221
828116782
14617474
635085890
732112198
734101620
256826256
44896064
570836727
859922764
250942987
895060235
823067208
349028849
979119242
677325861
550626746
454559877
409681605
985804928
887931784
903844963
867756516
420863457
806264998
879220233
639432326
578855308
201243502
134599270
263231716
641212049
838898020
734598954
591346101
324288671
587672026
757007301
427678962
842287840
466541751
439949500
570405121
636460657
354786212
163370489
934208982
772465874
179094468
900742540
544438969
800793681
339002303
258320345
940702335
276954950
45192168
775764015
407163894
364139037
204539360
90372097
509679509
897092078
722748424
67338729
11859735
103158919
554040964
951349453
131034666
380259038
875513825
934201997
512852405
678942597
775489307
151149875
600636337
449663894
542865411
625402982
299322636
257013786
762615269
370801601
945547452
518666575
145284413
939504509
368049204
112927118
929326132
341048950
681982810
415871098
325981312
964300431
806308993
310152833
479282982
619513661
286086147
537295748
419848486
953533616
858864137
128973123
203615470
145471849
16711860
82930441
126412316
521556704
637306806
937192694
752267107
112636713
444788286
142216814
777065353
510130598
366327154
727114726
669742997
835251164
654146784
797982721
377666749
113703545
366327154
326709075
768766400
213993752
310371949
517305096
777798806
753032188
97964130
87496312
556907117
322645335
427942980
135662455
739313322
803429662
352907442
479273375
833508193
725679340
965245364
928989756
630036959
518070524
859364923
450323755
935721287
15917621
302860730
194867753
221486569
962768704
532527600
895050190
942703990
564973561
759215059
739881009
841319097
243950061
505440721
225645275
728893038
554262260
378905261
464429726
917564627
967344817
133678897
651772788
656605682
857336012
744794664
304256809
7516915
600561167
246864085
424863874
855813697
981909107
998094308
90987822
87048086
944990341
425011841
897569787
489330151
385038567
609824275
756007642
964638776
242730708
48333694
8498132
454709418
814187523
243689291
917861420
870409069
329102098
204720895
923402224
779376310
894332600
851739310
254831250
46836795
906587947
815192601
425875506
249222498
756546302
644870229
750767850
110852542
357039880
688117435
441297770
982709274
619743860
378616015
662326482
19651712
516839030
534281626
419070040
331564019
881864911
149238430
783206871
438997712
26041975
753008579
270320748
78219057
352837118
579662327
947047242
179514061
182735029
243961347
998586491
835471379
446072666
903864360
298933739
649095705
117563694
822618730
666159861
642008218
453500564
221987246
369205094
759574763
290442436
842629962
72945029
987532054
577897554
896837570
807081453
625608948
79592443
675892155
272398854
560228737
190485626
325266551
727114726
489935420
294930453
59307419
48961171
414784338
758111256
353101427
151745612
934348946
500413424
705464292
862176353
356973391
542265752
561650669
789967384
566822825
340897383
574966678
152228729
117309837
900874037
681648382
31757095
587097320
903864360
879666938
705331267
842775489
643184832
301415326
482422023
203787768
274978340
372754773
465525226
764820290
564964555
608756091
635868872
685071284
63815543
904119104
600378000
197603705
750746014
79561271
761424185
88757928
746098213
183876027
531045180
419256420
539204493
274777164
962768704
623258415
594694758
677615096
662295238
279516612
32309270
907887148
407288047
419421929
339002303
794212447
635868872
740160189
282371766
164522278
45548864
69436781
347013213
319991217
230913905
505440721
280982505
925622922
395611976
604073098
912096553
351565453
87979206
779022988
390456801
71337020
368658463
845305300
534120441
71837707
869811382
549486176
496825944
777099572
906014855
484007973
391815613
273767254
756554259
55272595
600378000
716287720
958265498
553039111
262672522
274831335
46963297
81090350
398870832
521447816
678550115
815192601
432629638
240821971
366075081
991956838
844290518
216801835
741200146
798322610
800339314
457634507
369340254
389091410
732568452
470014055
283482347
441184772
301415326
261717200
677487877
824549476
906243520
603751668
825636002
919692462
329610022
572428162
851198691
720593991
493155360
823120433
706337700
718752878
740033649
876854161
322324465
880061175
95687864
761525159
886931270
631821488
936241840
800207125
312628118
780392260
320995920
270739504
906695501
5367400
197806806
359944528
8576661
620855530
919319699
521878879
636105670
868712398
458784624
389961961
94114397
110351547
365473158
129036972
623473565
666965173
656869883
275274950
117419035
543250111
741200146
715139405
851198691
383236489
32508752
595444751
454165160
549474617
662326482
382738237
860212759
595428766
126277997
67770799
729771445
362692373
683622406
797989244
794548952
487267246
320995920
800793681
269894247
624077461
791162172
521447816
201580599
699353459
543976368
606533033
735530511
648010563
68006694
440359811
142067936
705331267
944982194
964874189
258674093
744988923
378905261
158909070
7549537
874911723
412599343
128944627
998204151
372975850
301916449
979639340
124119122
487098557
945161790
677325861
333190216
57095374
907410780
214569567
77724948
183387696
750818840
417440107
290019691
104266850
739350141
589254499
593949171
231659344
879915101
511332453
664359393
646105804
559137700
9830692
391869654
269043845
580743733
74727472
909470713
368561209
500913377
110852542
259671697
787362608
258674093
113638008
990925063
489935420
567778066
316543047
58230509
385275441
725641244
742061758
468435477
923201463
644277558
642008218
605184299
764889510
858552850
536578969
783206871
514566735
795152549
869232686
468699539
489935420
545390143
822618499
24769082
509110891
49896972
728194530
941348130
401055551
416535657
597496095
363282964
122198726
464278011
814655393
318942084
681241782
437370333
632815600
240821971
133970705
485652069
817649562
775657172
871296620
515494371
302140658
179591125
162127519
147805191
716059081
956363108
633791874
498330451
61763155
507810618
171700874
80878527
352031342
649174687
416800084
10109439
977357974
355760359
306941067
415459440
869811382
438759728
555477594
987756404
906014855
956363108
521203381
229962939
990925063
94249974
944679417
745438903
831622783
378616015
330451934
955645502
53551937
593200454
963243418
71642825
561658796
51078894
845616885
660396598
103462083
692804530
13365933
504130138
300856723
375303025
769515242
886942664
19651712
957543581
711386934
983259180
853219342
439458275
491380447
343836531
98460514
676073439
274654908
34758790
458485672
224884568
602016003
206251682
414135213
473096031
884474993
112293779
131424863
654310135
320027683
643184832
99753688
313735500
143002617
525251729
785325286
203117702
684882558
243362108
240222857
246130001
373352391
335493505
670224103
271515954
326085383
995661260
254610019
535875688
151299217
497295852
620711250
677238959
229113415
734598954
806264998
71996542
275976654
648182276
939137546
88670278
564964555
937243431
56738070
661676142
204340529
127731298
551490506
169737564
365762632
651997290
378838921
209653929
71837707
332566210
365454283
750818840
112886465
900666986
638231051
322645335
604873051
952706520
809076111
606305017
203117702
575391677
982058946
860256882
480383442
224817679
654115430
475036949
233810330
508081034
841015483
299322636
364249223
505363860
499582526
444788286
775663689
841545186
600026931
654310135
116806993
789380360
490712924
502635108
519039986
692738762
481303296
79592443
603343190
335944894
491213976
564043690
906836248
204070393
336697473
458727445
130573309
712286520
278538337
720306601
720648261
808084842
605333918
52725035
977051591
291168042
339346931
683977840
425719752
689226883
543519592
185184271
771912445
932097476
44387111
593407648
421468257
320065609
171119983
30460214
261717200
859364923
739588416
180991039
24676801
862450006
809848616
113108452
684043064
668294301
403761944
638147832
276775185
763682428
509666829
155008924
54513357
554395372
49344157
488761593
549456183
706162428
9189186
208178763
295230283
567117735
979119242
961097067
689469417
378813770
216714270
663184446
753232674
723274557
240703270
97050984
876854161
798656121
596365156
728139144
347354139
864292963
378294829
874909616
439458275
862450006
309169125
72945029
968672214
753526356
407288047
551473233
681648382
694530551
945784482
611184474
336862102
576519838
178021649
996636341
914414614
906223862
779873538
232134838
926410050
873066190
92920457
817128143
971532666
512968314
865340822
235322196
923158448
238632946
411945058
792702062
722518289
689543058
11955925
611680973
686875412
96050310
246335179
633791874
288971962
434304466
262606712
947257550
143255267
593697557
209237236
211415676
407024082
547273588
842638862
518453028
521203381
201651170
395777673
785467481
446329391
644951129
754810226
712297459
152168404
487670868
24075178
544162488
879087608
764617959
779142243
380594555
505147450
514874788
771065373
604605563
841319097
770624708
244131858
789380360
548651251
877121343
456346221
940702335
528043876
891989769
504155341
981737499
53591496
283289125
897280910
13299278
383478484
143413060
400224905
163957989
304316804
374158989
559016006
681020805
90540589
439949500
589471434
673640257
181122091
794499092
317105426
280209949
705910877
971924009
386738155
673640257
580495859
784793539
799867044
357039880
807411836
986155796
516506385
282371766
911024042
553340230
629995551
38534351
915299366
335577823
211345709
669742997
784969695
567018092
331913757
290966067
590231602
217330509
485367679
140606607
303339069
132594557
399118946
177368732
774727016
265508162
380057525
713470861
848206187
473824857
382812160
215972468
520453538
254610019
966979174
126393525
569631445
808394658
636105670
710726486
640726917
898951691
751449828
579618030
299322636
214095966
118765210
254512161
567727762
32111559
756831993
933009991
786275422
513255928
36608168
190122847
517753154
443165136
602019714
762705334
967429270
578981687
935589006
968295818
553810682
61827593
95613363
237431778
15076365
78117061
964638776
495061050
723969792
96892761
625993214
891989769
870409069
699947935
185878323
442791907
239139045
907887148
274831335
805213015
197489706
204539360
827750535
631821488
537295748
157449467
721961849
995582295
325953629
874909616
720900736
574402261
21426950
774940163
882868059
122238417
218918086
956927093
695973422
735387716
882279573
470152162
449626087
600939206
477016810
675476065
198108999
140869348
361461977
352031342
378301363
878573444
620855530
571444676
93833336
937518076
834676716
16250311
775657172
932097476
431698489
592918943
857681230
933216883
703164983
880513419
797989244
227566072
706558135
455804604
871393718
184417541
718752878
145481838
16654254
760400346
219120859
688036456
646379820
557631854
689121801
387259199
686342459
491646249
314355843
142030094
509628398
752741272
137918766
126393525
428409366
692547691
420177301
850290613
742061758
136199616
559560219
990686969
353101427
411080432
272130765
228604261
289681227
922921285
26041975
226655332
569500165
544730167
916366894
52725035
278306215
157531739
478592793
53580071
96050310
613080378
36330409
720648261
445418665
299255074
644277558
497295852
763879426
381755180
205731920
988821398
775690928
767791207
150114909
530848961
898895279
899187489
236442569
437432653
377666749
767992304
800461598
386082955
983207962
699198666
698296366
688806611
733823350
731861132
999807749
229113311
504749103
732572967
716706161
378616015
474456970
432676281
427195677
836949894
988718646
460223963
76680217
979028210
200985064
690195401
469189864
553340230
774642799
204539360
361873276
331294816
285859923
36608168
974918945
913505481
725786352
500913377
159250242
45985840
365121521
722518289
115992489
300316538
650465969
247991220
886797248
527683572
229540678
252494340
139956745
935835168
623258415
777099572
479282982
857681230
472546078
283136512
728950773
325130264
333793439
130358790
51750955
947047242
871268922
786864642
57361838
572943904
167112897
642008218
264786203
52725035
281687735
1501065
860137710
165562632
988258985
440936380
270286154
907613894
460588606
185194425
192863894
432033223
246864085
313693058
213523557
910949169
561064295
669056316
16290246
243169979
875210899
666159861
295376833
643759880
110689703
684483792
88853197
102589214
96809819
766311301
553704569
363741817
256871288
135042334
444497733
842638862
330817280
689947897
323892638
445418665
498445009
915442420
575194038
557456235
925806348
87382879
993540711
742893681
159390630
872060761
738998475
556976917
497172869
378249564
990686969
979639340
651772788
947513092
62672043
556976917
214875621
313735500
221588191
986777772
119594401
5723654
57361052
608325544
305564699
809778338
386990076
839046263
290019691
811515830
296774933
706784967
681209307
74727472
648875646
42347181
320027683
866829970
377364351
290774194
627717405
792670982
356559090
625402982
426033596
20891347
230997351
750746014
26041975
49344570
729960046
961548754
743896394
187253159
716287720
407725081
113278277
993315614
786275422
689473818
937192694
395777673
512049520
936241840
923367080
314493873
734351959
22767107
251728773
824627392
765385635
537295748
757007301
508890660
225050076
576074024
648875646
464278011
645812885
63854004
655512862
466541751
831028172
993572383
321635191
491009883
320503359
701991062
126612019
105224553
304890166
196193524
314841676
963243418
907930641
150535289
447474465
138076463
578935120
750255014
2819999
936300580
741987766
768012139
894803259
417972168
544730167
673640257
956436161
554380159
430864967
72426849
463355000
56404134
681241782
314278549
257908293
191616302
664500759
91297901
274978340
849578731
546733990
921963407
524245280
866230124
390093242
213348654
474604497
159463093
197436345
130573309
739565421
66011108
692738762
767198560
886612750
693705846
548040207
715978897
778134208
475884409
488565881
981498273
691141367
119571734
251589387
556085370
102179764
215176393
784067079
251301813
352639805
130321696
339346931
151896852
163131878
299360490
770376993
369205094
83352113
570809931
499582526
4520057
919326729
521878879
459613809
781720479
822674418
235053409
599698427
430328282
228579477
114191416
136701136
393600956
113651701
989563743
596729571
77997992
418487094
596395523
502698511
239834375
512590644
795964911
838676534
675781280
286813258
429669373
354614197
549209891
4233067
606211401
344073579
290332143
371266368
210601252
165779551
286976524
435779589
799515077
998168674
237431778
37184523
98994657
888636355
490548270
767574642
800875559
79176146
525346800
164048640
664359393
247989773
359944528
650838979
345861884
963704431
488022465
338320810
270901145
664200962
332566210
558517437
224817679
806492209
859922764
9698395
960738328
118765210
976965596
236547597
401733564
344206011
326513436
316204790
991437324
709787434
313447024
703654332
941574158
681070020
764314767
322324465
466709804
658651600
865822374
121888334
306596048
390865
86338417
729961356
703654332
458784624
313693318
728800853
339002303
724884130
133840056
469590510
150246680
819816377
32795022
368658463
850694891
867756516
257056790
211303280
811515830
845616885
43942428
184591553
828770842
594900816
228278183
904858696
741987766
993540711
935835168
971261581
91987665
86747561
805213015
342388553
651794170
217401238
738551682
467403213
207008561
535385439
599590352
625608948
449502732
680067110
955645502
147956732
889087529
895806683
654146784
110303951
182011773
570883861
94220011
571337769
48752050
773362750
437370333
408950583
992761131
971924009
606700811
459917588
324389569
313200854
220689959
967643686
490840046
504147789
722518289
937824495
688806611
88133664
442993861
563793168
459997417
95613363
520141777
510515641
354258948
105092797
835675771
351029119
181629140
2540957
441527808
432629638
300559867
216525657
179514061
606305017
272767777
130368635
201484541
689473818
906274739
637225061
707665815
87979206
108526799
883164219
703164983
963243418
457078269
922921285
106539967
841866164
892432492
190485626
634424852
147923576
309169125
299785721
206193742
505440721
779079896
27178236
916032423
662289917
175510143
39042597
246130001
286397169
155347127
917564627
244025764
943194422
871296620
935023551
466069848
306542921
118135587
700757685
425923083
100485736
855221759
700419224
77987842
106609250
226399246
429790521
749493618
529662378
916483133
647875622
318703506
469192528
325130264
385680196
576510380
895485662
811765094
258466431
204549487
894864950
866619223
430864967
481583896
33868311
297086518
675082707
320503359
489935420
466709804
844472244
71337020
79987839
927361159
557631854
588293570
690487818
318788285
380767301
131764369
273247116
507372030
302072542
240222857
230505899
209653929
435661099
160025090
799651315
912288796
532030154
421468257
485242375
258320345
861228542
302331073
25080275
425171868
380057525
785615942
16711860
680067110
125928
476390777
669056316
519742329
80649946
120837685
48033766
131764369
110689703
88133664
570883861
699337617
658599156
104339115
236671353
593985813
962768704
916874418
233032261
537295748
351128556
911024042
605938125
374158989
921445764
764895461
819868481
454165160
407368217
756284505
971359908
242791866
107022763
635129242
589039725
7025229
349944490
673640257
488798249
625608948
758619292
368561209
427594584
10579873
103994044
569117730
302301943
507572775
215695038
999023274
38284253
996028142
295954378
949907406
440587481
907887148
437685866
763723692
947604237
801141585
67995708
509955583
361471836
787600781
595200993
114707038
520236676
122274217
662326482
887931784
913982657
419978799
208178763
377351326
731010907
406470380
314226811
494697432
643759880
572089540
559457514
656539777
223035504
865159874
510040814
540737380
174407286
535695959
171519720
96763513
896611764
908774777
982198000
138076463
619939196
527816115
9698395
653678084
521447816
160025090
781720479
515066056
369370768
859290788
685906176
320293178
473345224
634424334
56404134
846283911
8588107
942621338
439708249
733857021
895485662
33554440
603814631
569177763
167617593
393465218
634905077
943194422
846869625
965325473
172867412
678256121
223695140
405154895
259671697
365765745
343037874
239834375
248806690
57361052
888075525
755586646
440925808
286813258
425399333
913982657
882985943
664546931
365454283
770133111
843267370
915821453
933193833
593388193
698416852
290932323
799662461
26302683
264786203
864043792
991714075
574402261
407171238
284360427
728624925
750767850
236442569
185184271
180867801
329036469
298526129
703654332
352639805
727114726
502715370
977171466
270286154
374629787
827419924
775005657
331400346
614788361
831622783
925364035
290632417
926835135
846386860
699947935
823181278
115445006
511761841
812266337
177278276
1594528
576446357
745868910
285314860
60009287
83297965
469590510
634321749
496035406
925193784
96600777
740102609
821278933
158133783
728893038
921098205
617402968
322570655
2268771
441793
674079998
600791368
668184214
708904974
930650177
878701660
216219291
971912336
431084484
753032188
482422023
44387111
907887148
974296487
204630919
219391262
625608948
335944894
371777845
134599270
308934993
784132173
28932134
786460130
36608168
200524484
815244856
53471364
492076539
547345740
794499092
139519365
835535542
818812933
482294619
468435477
317766051
527275712
735134534
385639824
286086147
728950773
98638580
464211433
563793168
866230124
292402133
405154895
474870362
304394394
89520791
349732351
981768944
738551682
742061758
963952975
971851252
139722408
569964076
777099572
340839022
888514421
124130257
499481934
980431253
180536093
471160323
75143417
885991127
151192763
87468295
160022536
426753475
934832855
24241822
15297986
236547597
586183262
339046881
883854490
173541046
181473388
235494869
841319097
295884895
118135587
291824224
259671697
77348418
229832977
657326107
656869883
417033024
485046260
219120859
716246825
447317928
810320745
628503993
621851651
619392513
522067738
121202190
11859735
485242375
290159900
836469726
521203381
583348312
596132314
646165492
858592562
997271189
984098636
164001329
486538353
688806611
323831682
961892813
494697432
549474617
737581570
732568452
765385635
122920945
290442436
444053332
724246146
853310259
664359393
716653555
109310744
746925337
761966479
335493505
353101427
40585118
828659512
545444603
648875646
810576028
762165620
499812215
316453010
795200256
583780498
431450824
132926710
203589544
210122821
485652069
321691918
955053571
361054497
408186345
325720925
326113117
241488121
335493505
24096974
626940430
274887204
731026057
957543581
527178335
419782569
739026880
750720079
761858916
365229939
887599152
564696581
216333066
77642454
909000051
620956016
177278276
111875016
397552683
547778637
996636341
912253858
843267370
927702802
565381574
907496794
862746347
577558397
543519592
358946678
500729953
243906652
174624378
910803842
882985943
361264649
62832967
546099649
508262845
866660350
352908178
94152580
613177427
273156342
574534492
925056314
375111401
846149571
202957372
691141367
747085371
882214108
83977835
503782622
662940995
47509181
955718067
549209891
967655311
877591864
197814512
386793549
760574156
91297901
549808360
811230923
178021649
567946988
203698261
973301201
829269401
964150595
814017697
877591864
653964696
61827593
464278011
770133111
507355977
77724948
322547930
947513092
237431778
339002303
420863457
375746681
56738070
389091410
358923812
1501065
692738762
162127519
912655054
587945053
913318488
93748428
651446249
71837707
851313728
990024296
898601260
149072977
885760432
318703506
750818840
552527312
968672214
569682261
317732665
965218322
883727329
415459440
929276870
258010298
544730167
362912578
489420835
361095794
987756404
531144641
590096504
269290888
209774175
819973676
811785106
130321696
989707241
313397866
968721838
795238041
321635191
977030692
10109439
580017809
332168372
753232674
313949188
369340254
222992884
596481200
25080275
718752878
871721098
194862966
277362510
152672015
454165160
797687896
654202262
934201997
183228736
409797642
214875621
316444619
277362510
540329796
974296487
537295748
353785023
481399706
729961356
543689619
858983323
242920703
765929269
297634957
375746681
766401312
879106736
146979595
55272595
224806513
86691567
863448845
229832977
192863894
438502120
885946716
644713981
181629140
729960046
299501065
771674281
841015483
257670128
100783111
360128521
110203551
520111431
880262990
718268249
382738237
902114339
846656961
489573661
397586720
391053363
971851252
453196717
742737647
844919271
772144799
473644011
753962079
249453076
548944911
898096066
49003444
344062830
259080477
444075591
570397044
903923151
276828025
276828025
95019066
740946790
130683555
885991127
408950583
885626042
590286553
848893267
408950583
84529565
898519379
754978144
361095794
903273058
76825284
911531881
368492373
967420655
185184271
793894421
232365869
125760497
371482574
298281942
889088820
675476065
541026019
171771281
189876349
468435477
561148064
454490383
750720079
67995708
553039111
882139989
87580587
170445691
368561209
324389569
507229511
95687864
598688649
142360356
166144936
619392513
32795022
8498132
481303296
235726469
418467620
493853025
304890166
216801835
386891321
242056939
302860730
128944627
949376778
45599445
641212049
501427252
17646661
938024783
642106262
278575828
763761479
886190594
917659776
208178763
862067341
209187030
567543200
992638629
292402133
588601036
242920703
589471434
634424334
203615470
483147450
783541301
307406205
367940519
551598352
362692373
909422885
72426849
949376778
675476065
992908773
279676159
735134534
928034519
483055511
742737647
433322003
678796411
258562429
957100302
616150695
256871288
815737796
198684857
664359393
278306215
290932323
124130257
492843004
111802658
169963094
791319224
768977930
10158665
36117011
579009084
842850369
298281942
396759893
581590838
318263961
595474158
344410374
545187375
411821979
595444751
597870093
767303201
296382470
577364967
820114315
319118261
510522193
544234322
564696581
220883579
980568674
888636355
1174185
110203551
236671353
515494371
722122666
842980574
245425177
938024783
429032556
444075591
77348418
642008218
290159900
908735501
276329538
437644188
526888723
900355462
823247621
463355000
197603705
522661800
284326275
839024618
867756516
389091410
638616147
882459854
917564627
434416659
295378462
685639363
930515966
235726469
269043845
386669839
406302821
500913377
229832977
176350741
966979174
669062482
736473882
859450423
476667270
532461519
376819753
25858695
403137003
987532054
480979416
544193593
885760432
351490757
67640556
329218541
524887613
344991991
35842209
88582210
687193820
366016801
210088359
567778066
178209190
303696473
31580906
793715933
122274217
836949894
673307522
453500564
335944894
769955194
322645335
888982406
970627656
463355000
270320748
557631854
189844722
1594528
785432789
462474342
518667991
888056048
587097320
300559867
368161414
317142792
93944784
209237236
707991037
934300800
556596764
245710453
12320173
353101427
887027013
510130598
840342528
943054008
857681230
211303280
642437494
938295754
492843004
770710755
387422162
543519592
970794236
482926364
77907784
962314551
553704569
896047804
546886682
358673334
86691567
858615998
317758433
542296825
331913757
705985394
921904755
716585730
500299736
113651701
93075679
153948174
314355843
810970940
893807876
360128521
645529925
982198000
813612210
391326650
258010298
268592716
661167337
514874788
997757309
471473312
912655054
588298131
265492397
260537796
71306314
314241730
882985943
935213187
712286520
966026337
448195945
581590838
154498774
285859923
35401954
421073603
670727807
756831993
479273375
994483038
387710407
819167295
549658399
22576800
705464292
147204350
662940995
22278989
443699933
642067326
212309311
986542871
812868218
733404776
408950583
878131711
534120441
558517437
353785023
276308365
973035158
439708249
495540835
296793028
694184924
37184523
33401964
731010907
925056314
558344033
256826256
632964770
915299366
68461701
508262845
87979206
267922159
579988701
25885889
898096066
305557820
191204093
837046496
152228729
112886465
54669762
566203156
18882336
976935913
72501666
475759052
38357626
517008466
464995452
712644915
252208897
331294816
537295748
252518544
341833803
974158467
420177301
489330151
781335226
767198560
198995222
94220011
555569311
52487936
340946051
509679509
63013446
590389256
132402061
879106736
888233780
634424334
55127219
332198338
538646259
591889489
344206011
354786212
420897486
357660098
731010907
856341706
83352113
401726127
725835404
657326107
202583777
853120706
647875622
579402537
666810757
6229409
709787434
65184627
220883579
626940430
666997685
32496664
963484151
727114726
866965659
906243520
242791866
700419224
666236727
163437370
866230124
482294619
85919606
437485383
669742997
420177301
596481200
853014783
258466431
177186236
886931270
499582526
382102620
883597413
585157274
353344829
360030103
13299278
146786168
967604773
133297725
356149181
126808471
423482488
130368635
71472119
727957005
615931719
677615096
155609450
211525246
486538353
318263961
994891918
35025960
50753306
386687687
384890783
294846859
305557820
651772788
258259352
273251621
629695651
397678557
613080378
144660712
596481200
755586646
571444676
763682428
762872722
870678313
435095390
630036959
990024296
294846859
951349453
858864137
214004916
105809603
987155842
933193833
95613363
169847088
427193422
721500171
358747046
722428861
560700892
99898097
25080275
859922764
517305096
944350211
730817188
611184474
784067079
775903644
97114550
600561167
591090397
291304195
360128521
234929531
828070778
139870326
218043002
905123933
467118269
221559779
587943464
765025283
658599156
599590352
183452738
696960259
95613363
637118212
197814512
776565642
257510397
210122821
891554440
517753154
334622393
589039725
632033872
91297901
410997708
980974297
273744891
173808523
576831545
468835088
567980049
502872900
583348312
791241750
142360356
120110305
42347181
900410098
611804693
241488121
190591235
808495003
262672522
502715370
848415193
770710755
333700819
838893197
626940430
517753154
600561167
218528461
425399333
937243431
488551914
237431778
774525872
199546229
372906456
71472119
538311134
747103980
657549791
822674418
194626206
946806895
273247116
865822374
439877249
242537886
777421851
808726614
664546931
888233780
137587355
7549537
624077461
377671299
298933739
238188851
886931270
270320748
115721922
606616385
80649946
478863697
957294538
736473882
985021034
975353753
712516726
925806348
910789902
732891441
365919939
740498516
126069193
638727205
943104178
626137295
851404610
596365156
35845206
61827593
423490035
193503327
435325487
774840370
171119983
580803334
411439851
987638371
26994208
402154912
68461701
66641653
938003133
97640382
244558325
573067430
486538353
642008218
986077016
594109877
380641510
843707691
523761865
339880362
276349819
195593238
242590481
496764746
176764906
35025960
647128028
660020757
544730167
764895461
889376377
409416785
15106471
961097067
490840046
514290642
479184374
998710505
282335096
224067818
760391543
864399427
579801990
874911723
25080275
704048678
860212759
416770318
777264242
866230124
80649946
846869625
83027182
604073098
138626505
777462697
63854004
554040964
697429283
88582210
763955295
266583855
133297725
266319182
25885889
290774194
57407695
113108452
895060235
450220140
171989754
211449370
421073603
895050190
755298643
619490260
606616385
898951691
190591235
164486990
300101620
30887563
364210870
987349975
812266337
226728104
388994831
834494088
197603705
794499092
809076111
274831335
968707194
545129557
247989773
98479603
436367177
904792633
846208698
819816377
681098212
728194530
680228496
576144230
655309272
564043690
133050076
63355363
454644231
492843004
822618499
720306601
599738284
221476767
151299217
37184523
875459374
893841984
401726127
439699980
486925386
637306806
162238657
333268526
326126525
427942980
555563828
553474145
956470415
864914833
430328282
207083148
465587470
155609450
974158467
360525247
740517129
143390169
7025229
700419224
717520335
214817629
45583028
343421639
358673334
606616385
821412101
697214758
438502120
569682261
799867044
185184271
568485213
361873276
134599270
840261332
532156957
767403349
599601711
302331073
747749778
190427781
224380568
862176353
250592483
648491427
331913928
650485416
276329538
28045217
52725035
755586646
322731992
20231275
785615942
216009933
253595491
770376993
737354771
232483250
572428162
450232238
554040964
780598937
923367080
961097067
812718396
377741373
248478546
149009619
53551937
756007642
172867412
742737647
223941585
211303280
2540957
357432215
845305300
170453500
573067430
359944528
902172030
388994831
323688018
626940430
51294227
976310855
158133783
197603705
329508039
284360427
86199088
177213342
40508177
756831993
530461930
251124674
986649990
152672015
450004611
511482604
266132950
810277846
270320748
688094907
773923513
229038795
731861132
992123302
87496312
249348551
906014855
221450585
711000983
98460514
979119242
760433876
705014314
809398488
800207125
604073098
261717200
522067738
187634501
889376377
42126337
744794664
150561057
275274950
414836135
865822374
783794286
685459613
910786812
989994980
38840075
805686422
745405179
335944894
753032188
54674614
781628275
491009883
938662601
679866
900742540
411466263
648491427
738460128
224958761
921963407
390323844
933009991
56404134
837134157
735134534
165581796
621764036
845616885
995630584
850694891
694876967
89359168
707688301
198682159
600561167
120997125
509862102
885248942
207854418
720383578
945750772
906274739
934201997
495061050
737289701
71837707
317251978
596330469
98638580
125501315
149913510
559560219
643682129
427193422
133840056
685906176
722518289
147956732
768012139
141816558
67077976
473644011
169164756
120837685
957543581
100339701
474604497
768977930
998204151
611024068
126393525
812816363
943341174
819167295
13418899
633388068
654848179
733224103
150561057
52478440
902794171
140577335
615670299
858552850
971851252
871268922
831819045
740213280
883180483
389961961
321960274
440115060
690737745
520934922
508456476
644965503
993540711
408833907
924429248
638231051
511724807
812444633
18259540
221143737
370210955
828070778
370109350
997279584
837134157
260204321
331294816
345620883
313397866
691480177
83027182
391704282
262471810
39454611
716788345
527683513
591855564
459997417
734101620
514037014
395611976
5367400
163957989
497172869
982709274
114707038
465525226
490712924
698296366
222828536
666236727
104075142
198319416
623294605
886931270
479015156
215722983
142556183
574534492
14558943
880709822
986642912
307755238
735577427
252872783
451728122
624389244
921116525
48866837
428940661
979639340
49344570
251301813
236285482
648612660
164980179
241514184
670197092
758111256
976222171
753962079
632033872
22531247
224380568
243950061
841874649
610390975
619182572
912096553
109310744
160683377
580840904
466999377
382812160
591598615
175510143
87979206
979639340
545187375
165826181
244131858
75868781
767992304
909422885
136199616
428940661
191978437
570678969
633388068
780435064
177142018
632936726
655309272
71837707
398705283
264786203
715978897
415221686
48866837
959466116
377138060
81238989
377351326
80207986
882868059
583639194
106609250
377364351
866576430
428801192
850694891
549456183
92613376
903273058
762312864
949376778
284667432
768977930
988545087
936241840
359789235
163896852
336509443
111700105
401726127
183876027
892809796
119594401
500413424
634321749
768743803
216174668
578935120
414182677
681147540
781888786
514037014
222984022
141880149
214853837
990024296
804002591
648182276
921904755
718980260
286251231
603157247
221200478
35842209
149187351
442550913
713225340
342271196
906274739
750720079
963476682
54674614
185194425
987375594
257056790
220883579
380259038
761424185
57361838
869811382
354614197
700757685
326216261
587945053
68006694
495059777
198184451
715978897
818938973
807998251
328102906
769554308
295222418
705331267
942254120
808658516
328019703
745868910
283406091
763354546
779376310
186549993
340915156
333190216
994891918
390865
977772456
832202435
280751003
274831335
461530025
438453588
729481902
91297501
16148686
408950583
892432492
871393718
245837036
877740106
95866528
190668430
935023551
317325652
331913928
143002617
67338729
834159702
179591125
842287840
242590481
554262260
943745273
110941013
835392110
159568890
770415534
933788414
875566323
900874037
153948174
121622111
800875559
4143685
159390630
322332104
847755156
728624925
799867044
438453588
378905261
882985943
209237236
485722542
660991922
99753688
98381458
736062582
977051764
155282194
373384006
87093028
295378462
151149875
107304488
114713124
942256826
269290888
793635205
326216261
265610898
411466263
646117008
604232450
510522193
300239313
500299736
351128556
372906456
401137524
255681460
584665302
191269470
810366315
892432492
815148432
961892813
221989523
631821488
730608042
811785106
597931017
934278056
934166969
299233402
126069193
872232752
664568350
935707989
625993214
667441999
644579965
648491427
878197914
64045753
32496664
821278933
401733564
377666749
581807886
968984847
16890647
97050984
300559867
125928
453963036
278837180
524327695
93945040
167617593
314355843
779079896
514829728
80207986
562336946
906274739
542865411
403574323
220475770
466555080
607846246
687975061
335944894
850694891
767574642
349816138
378363393
105809603
62672043
743896394
611024068
453740923
377625764
511315110
44521238
413310076
142556183
934200491
485722542
822618499
970076355
62832967
117309837
885991127
345097278
645812885
273251621
929696191
995630584
409681605
242590481
808555803
573797195
700419224
300747395
569682261
639589074
380767301
344410374
191165162
207220541
298075007
200284403
143701692
974911040
693121584
398870832
726148995
687909245
626916077
3660796
197806806
395684981
329036469
731010907
456419842
72945029
590869214
649095705
849578731
905045563
912253858
172835136
804320010
386687687
339002303
395684981
546634987
216245200
522367736
241272190
851940454
93748428
870439994
860212759
221987246
670224103
189584689
931255729
306563407
897280910
941427223
726160188
582472967
756831993
782456020
585518458
767303201
438453588
317196785
514500257
747103980
197065535
716706161
920277924
171519720
294998666
774525872
392632752
308470037
323786308
476893714
645812885
302331073
386367275
697826647
750720079
876702362
67995708
88133664
97050984
13117486
783711380
358602702
668415225
150159877
718419158
26259510
229843860
317196785
142216814
552843776
63854004
649095705
684230638
414962535
520236676
262729188
459997417
579184632
785615942
629117071
781628275
596729571
667220579
808555803
206310160
473644011
281393512
621764036
670224103
241348768
783541301
38122431
136199616
713189031
569771856
416103440
66974346
670224103
308885732
982198000
749493618
545129557
241498136
186007956
329974144
690931026
24096974
719337492
658513610
414130225
579009084
329408785
675050210
879074289
134224051
840396007
727220439
839651716
842287840
572943904
423827642
587943464
551598352
259601516
911293849
961563023
211303280
235810697
753737015
276775185
596481200
222678705
645529925
264404783
811785106
6
8498132
599698427
910949169
286495927
693107222
621851651
905045563
825636002
941574158
392662226
927886037
119202718
967872912
554040964
53591496
735374326
864914732
625571622
675442190
684230638
554395372
815011008
669487713
267695931
848415193
102250267
283406091
169882850
171704100
918636928
685504576
942855222
464038316
361184389
313693318
519697347
319693210
170884245
402141629
378905261
323040025
26041975
835126098
864292963
902794171
131226189
986179088
239654173
777302262
607810622
765560151
211891187
964083182
238632946
994385854
107924169
892432492
686280335
752741272
916045459
741938475
10579873
958265498
581057036
243950061
16250311
787418361
369205094
145915444
824549476
972558388
257510397
922173907
485367679
632936726
681804818
167984257
188880963
64020316
827419924
320995920
467118269
579184632
912253858
534311758
937824495
510515641
369874559
810970940
60673420
689226883
884336684
542819516
909685460
552527312
124314115
193020042
557273005
314355843
382788921
37184523
919386298
741331732
767628130
704048678
486454952
479273375
838330720
844338022
36303630
704456456
922732176
15297986
857070917
436239083
217401238
545292747
243169979
842036484
935585182
944797637
882459854
133678897
296325602
695770681
490608967
536925266
928034519
627211327
626965668
621458069
170739427
817674731
396899514
389091410
607978798
701821766
594109877
586181383
198863187
765427742
990320809
510515641
47754023
640993853
73812231
715978897
841373589
953157641
202114646
870439994
720648261
699353459
998586491
648010563
940456068
536249375
282371766
97114550
663162214
705927971
884219840
775764015
116806993
108550518
266319182
210060124
458727445
806264998
848415193
221143737
883597413
4420781
254831250
895485662
906014855
911401872
9000783
877591864
741221580
420897486
589672269
646490568
688297101
9614119
85032611
78219057
703654332
963243418
769983933
947257550
808442915
45985840
820849144
967344817
280209949
737354771
272398854
190668430
704585511
430328282
898519379
780404281
220000367
655627701
437644188
698416852
567778066
749673667
438557992
910585520
925687213
954701057
846869625
244045674
765038847
774336737
593316762
204310325
52487936
861763347
7781057
360128521
361054497
416535657
43854334
962858473
139728374
473096031
246958838
3046030
845928413
989563743
496825944
56738070
89520791
176149332
257670128
79176146
531841178
935721287
708600121
902114339
206860813
770501453
995630584
509666829
632936726
201499617
82930441
692804530
378454243
553474145
565916153
319143147
767791207
29413455
603250276
644965503
233256575
169467499
842629962
180196847
880537704
78742233
329408785
408950583
281065490
232614492
118135587
430328282
409681605
211303280
499582526
862692060
242590481
621834361
648491427
589672269
254831250
902172030
322547930
432629638
817649562
757584325
588980465
288971962
438004748
765560151
480979416
759574763
490712924
545811890
207559057
803348859
650664046
578271125
357660098
800089371
21426950
64020316
698296366
718529924
947513092
425875506
898096066
204310325
307755238
57039021
150827075
67995708
137918766
257207650
53779156
368658463
153948174
898717495
426678310
274978340
284360427
845928413
876418586
530209670
453968857
878197914
777590440
440027818
71837707
83872057
370700778
182011773
437685866
857131488
464318634
611680973
236089264
633388068
842603526
42532729
414836135
855813697
967344817
333306620
621503692
764314767
789238758
917009561
524245280
568485213
839651716
294846859
732572967
362082604
24217701
968672214
546957445
110689703
672845194
522485598
752741272
341923938
811785106
74570915
171519720
62095836
478557253
172448910
691620754
880227900
15806106
820114315
753032188
800541464
942703990
720306601
868739504
470152162
557631854
463355000
664435284
16486398
809076111
948686792
28498377
812791786
647762424
355760359
209728083
517305096
253414049
485885946
20323451
276706603
171704100
243961347
81744239
909685460
908476210
560226231
386990076
158720146
325289888
123906063
302548115
175054050
1467795
467118269
33868311
344241363
46836795
928989756
934201997
922732176
971277512
167069063
352226874
900742540
935721287
294998666
921844625
66455027
117797890
606875825
887571965
228634716
436493146
913505481
281687735
471147075
525346800
770710755
103119853
511761841
867756516
269043845
357952197
241545957
22492683
490929410
431950369
242791866
860771971
762276194
545187375
300559867
982134229
56209822
511309076
953157641
657360042
417033024
622037652
993452521
229832977
860256882
929326132
73864401
9840153
502215917
787418361
658908536
109310744
554395372
986777772
336697473
816203967
635080532
52725035
512852405
326113117
981768944
149982317
797948902
507229511
716939903
255748671
857070917
642444553
591889489
88519618
417972168
757465104
751045321
668604360
245171603
81806695
164453107
735387716
997603707
416336399
544162488
593599584
776833794
880709822
818182954
925622922
564451245
362138024
229099911
290019691
846869625
478658248
438997712
351228449
536861678
824544291
10960934
231122701
298475888
276757601
205187484
979043835
844919271
662030296
614999659
673307522
203698261
280668467
747292132
704585511
353074824
261102281
682715505
871268922
32309270
562336946
906274739
335209083
466709804
354786212
90372097
484169964
762872722
146979595
194254701
388990176
185630411
353344829
486804716
944982194
49344570
787600781
670973172
145647557
245425177
64020316
232614492
933009991
720757423
229397345
324838306
877385198
377364351
589254499
798163988
497295852
463158155
95613363
664352708
717848587
982233053
843299956
281168105
300101620
19651712
745777957
418976212
472102281
348337507
454709418
176052073
459009688
919692462
846429743
931183119
553729773
276630889
96623695
115721922
644713981
670197092
593388193
771065373
989707241
609824275
346368715
290513845
199722812
411683852
227370996
291168042
288613831
547345740
232134838
27556611
655627701
427273947
973863191
120486392
815148432
586072013
593316762
200519314
795200256
600939206
423694673
840396007
438557992
552843776
800207125
987638371
489420835
673745685
68006694
325486194
497459943
858552850
559137700
332898518
323892638
716653555
718752878
922921285
879941638
489935420
97077855
419782569
543074717
349732351
687128773
685203934
292392151
650611865
491213976
492886677
420863457
558069085
348686829
602016003
393465218
145169198
13450694
66011108
963952975
720648261
862067341
766401312
269043845
699337617
877591864
478779172
335789093
73065862
885763997
846208698
282090156
648517946
47523195
766401312
808495003
268884083
365989972
986202696
267640953
306941067
976992553
814061347
991271184
5482114
721961849
307155844
457620934
916032423
426753475
437685866
815148432
655419405
283478874
288941679
987375594
81925681
631137965
894096372
408996645
517898916
932492983
331294816
577891604
673741086
892432492
335209083
661676142
86691567
234596180
593985813
247065774
884219840
344944507
219120859
464318634
740498516
159045950
372906456
606477831
583348312
118996543
549808360
978202502
418467620
44896064
640726917
172807072
139722408
421017925
846208698
308266398
328019703
607014349
638231051
339880362
236337973
755160626
350966690
269290888
477281534
531144641
184251912
927886037
513012076
615670299
567543200
508890660
374244915
766311301
49544085
763991504
143789554
158991111
525792721
295222023
731381537
807081453
73279174
627030438
777782804
469192528
933216883
362357499
950699329
422732523
735387716
705331267
317004775
767574642
811230923
842638862
812718396
386738155
914414614
664359393
122198726
656761902
677325861
789758539
947604237
570883861
71337020
720964925
551065051
17625749
126601087
619182572
295719999
352303414
627234361
454644231
794186310
660396598
711386934
738151201
48033766
672845194
524897878
969757476
415459440
333285206
677325861
463532907
295222023
742061758
252518544
741940495
767198560
15015679
653964696
456419842
942511259
308470037
250360935
508685738
896658083
45599445
229832977
791319224
83352113
124751142
110689703
391905046
538736183
980266267
668550997
791319224
767719243
545390143
12320173
934829039
928034519
290019691
991533641
16148686
804145845
413310076
398731101
666965173
30324466
632964770
324838306
238632946
614747605
105092797
344241363
684043064
502635108
917953360
361931082
219251060
767198560
274118421
190278162
462474342
971359908
281687735
202763538
808372278
981958522
197814512
871296620
418487094
210060124
987002431
547540757
896763278
781236806
758510367
543442611
115803940
299322636
678942597
268884083
751286657
33057252
928147972
689756318
827739901
775764015
545187375
475775681
428133680
358673334
866006684
242739340
660967161
580030370
808020105
24769082
426279088
165562632
887027013
573132987
17625749
190122847
336697473
534120441
161377513
820114315
864292963
905647381
926268811
310152833
978202502
465095614
633314965
977881938
767303201
911401872
793635205
766178342
701273144
883597413
202583777
421017925
142037553
169391677
834159702
257056790
912253858
630368234
119202718
653343912
946940064
910949169
1594528
352031342
65196859
553447172
572943904
595444751
348153896
402262484
858757850
236442569
429193078
931584215
637225061
47523195
417063150
93874396
863512815
492614070
362082604
403621246
769983933
667372001
891024382
682110764
47930540
536249375
433322003
86747561
370700778
251301813
384553650
150421428
44521238
962768704
858864137
467118269
91839682
859922764
51936262
831168449
791241750
615931719
175138591
810576028
351688148
666159861
355506752
685459613
738551682
193503327
495256522
276775185
264846066
747987936
880513419
137289270
274654908
6788365
911042403
721500171
752267107
972913950
804145845
568483975
485516324
42532729
194495179
539204493
33401964
517980565
599738284
49573424
982198000
399420876
485807823
879877667
239834375
947513092
579184632
442770324
112293779
514478537
741386413
731302849
510259360
651446249
173867073
264786203
184417541
518070524
345620883
689473088
418979198
713053020
696717034
380259038
290571392
831168449
459278786
343234700
250996186
843267370
968813402
900874037
422732523
184444043
790353347
400835514
125928
839024618
415862464
846283911
200284403
655512862
197065535
562076326
846429743
49344157
761858916
762036348
331159247
763761479
835140882
744294245
381099083
562895691
609824275
38161303
160195296
280083958
855380721
136884559
432451664
949289975
716823762
150561057
82273719
964150595
981426062
201777377
756227896
962229774
731010907
673374938
280751003
947513092
420897486
896192367
751286657
859813233
980568674
761858916
207985004
856341706
479015156
741920826
323831682
111700105
838676534
472366255
815045476
840396007
485242375
569771710
273838005
188721787
313693058
814017697
968024554
468731198
543689619
634424334
103193333
957779055
762599676
797423874
929102462
361931082
53591496
873580360
232365869
705014314
866829970
634321749
21504343
511724807
705464292
872060761
27060377
83872057
741999262
299785721
738551682
739881009
516232271
789238758
772539193
755441589
959466116
201804294
278194783
611743067
492614070
971532666
39549321
898096066
753902836
943341174
184443938
24769082
879941638
889281030
831168449
319693210
624072632
689457177
752741272
831168449
844472244
9840153
923433942
668440576
438453588
575391677
976222171
340839022
256374784
186549993
301882866
308266398
263230092
495540835
160683377
146979595
619468221
26041975
327062973
290159900
186268418
438997712
653678084
307155844
357608835
286086147
738198229
141230742
200229907
842421001
15421088
697153295
237208417
716083537
999807749
719709621
431698489
943715178
745885264
164980179
744861264
971161105
377364351
381387711
222992884
467260383
4250413
916483133
214817629
216714270
250592483
147923576
73864401
302860730
716939903
381755180
806595889
151027413
98741135
220475770
860256882
759574763
800592533
991477582
895060235
73812231
939668665
928717416
486666284
972446098
836355509
615578833
273247116
423936197
314278549
52618443
318556165
940132923
879217263
815416561
90243903
605146969
983318571
38614350
646379820
763542833
239654173
208178763
552527312
5367400
107299403
98638580
204549487
282798368
405777433
494362770
639589074
750767850
810277846
46140662
368587479
700152329
471147075
370410812
451728122
571444676
99687341
175138591
772465874
419256420
131882036
122786299
997881848
650070080
45192168
229843860
438759728
169847088
320293178
616381894
894531956
248734271
901969762
841319097
257056790
190668430
165826181
282724279
472366255
163957989
198682159
478666554
609824275
479015156
459997417
479459099
713053020
216812241
468435477
541053531
616204194
543392651
611804693
159177692
892977284
753737015
807998251
606908575
15076365
216714270
542121053
230706114
41347427
718752878
750240583
273767254
603157247
1467795
78005213
96212415
319991217
784793539
597496095
831307042
2540957
989526626
798163988
417972168
309398193
846386860
137448010
936323492
631825110
956363108
208178763
932592000
275148426
959216899
409416785
694184924
658325538
133969249
943104178
366033853
925328363
988821398
586691717
242590481
187253159
418976212
59195228
535339967
839046263
103193333
258466431
552734143
216245200
197065535
371554167
202687612
198682159
868358896
181861973
827554436
906444694
889986276
918780370
79162832
167864015
57039021
449663894
741987766
110351547
13299278
239756458
118996543
361054497
368182285
777099572
163831582
38284253
646165492
76097374
770854001
912253858
359789235
274001779
219251060
695973422
790291637
278096657
646165492
551490506
242537886
994891918
994386565
770376993
835140882
522819489
725024101
761858916
898895279
563793168
444497733
567727762
85188842
781162210
769679492
283406091
864292963
262471810
746262637
542865411
508081034
406524814
677603120
523949746
693121584
160356855
7037684
500512155
284152087
297276623
613404059
203561030
243678342
660020757
99653412
444497733
507726804
981426062
854898947
171041638
522644652
31757095
621896066
861399750
542265752
361898816
242335963
707688301
171700874
8830143
216525657
690384044
739026880
988821398
138350289
135042334
541989247
153838836
660020757
504022811
957779055
185136146
511626753
243678342
333625853
159390630
417972168
165562632
127306217
752726194
300559867
626940430
505010285
84544224
660638941
395535387
440429930
509666829
278134554
18893789
677489805
619449588
933408978
677615096
564973561
290995951
709787434
440639334
177699093
809398488
769554308
260763027
947513092
525574908
811808922
773318026
668550997
243961347
497459943
783571513
490608967
852784379
258562429
946844822
63815543
426248649
143226910
911293849
122198726
460672795
331913928
634099962
909012222
94249974
92085960
349816138
300747395
536249375
775005657
653964696
529573406
44052816
270037967
383534240
341558041
436305342
707222099
256871288
779306540
597582799
593316762
643107336
205498274
968141219
77348418
844284074
846208698
990110870
728002739
952169661
953183853
120486392
368287830
997362391
47975702
312964811
711000983
384701618
875207448
505278861
282798368
894267572
223941585
31791552
865340822
600561167
864399427
383399161
7025229
893833593
376808201
705613344
791670872
849686073
518184373
990040880
905716622
468250797
968721838
742893681
560875812
469867625
578445932
162251496
75843079
308885732
146750598
678843997
88324092
693705846
247989773
796698725
405883507
664546931
493853025
834159702
438557992
410997708
351128556
190591235
209275224
791319224
666236727
761966479
912112989
956363108
368561209
402737849
46075177
942318222
620669173
420863457
931255729
632194072
745613230
785432789
611804693
150167712
90540589
749140588
436239083
342271196
667372001
988877075
494045367
779324713
713765163
10169054
403458776
304181189
26302683
655964748
981909107
38120582
753526356
975143130
692547691
940701646
690398940
252456791
415871098
842638862
988545087
770465479
320027683
514874788
603814631
906014855
604211032
930650177
947954361
136335158
698296366
216525657
528498045
680851993
391815613
15056284
744794664
329482050
75868781
55126572
164300294
700419224
147805191
448949784
57508579
786275422
278837180
117384912
904585443
961227252
516506385
408950583
699623546
561462960
197489706
274831335
194729384
158133783
300559867
126808471
15224455
986777772
171700874
106389292
946844822
157618133
689850867
571444676
422891295
142556183
139870326
189584689
378301363
177715384
639799339
210782759
839651716
543519592
14510336
178769388
27085989
921904755
828496017
689543058
313056928
695449888
458336050
805686422
894504852
139722408
228543893
721961849
510130598
962625583
561901590
536611185
873580360
650664046
1788755
85032611
98666823
339880362
596330469
270320748
920126120
939504509
631821488
115152927
406858112
724489036
152168404
741602886
542819516
739881009
120809982
621868124
124558954
888496107
357952197
852360856
555569311
931183119
72501666
299322636
766401312
859290788
912655054
571257698
75868781
169856604
858160231
392013283
77348418
714163644
480783455
171519720
567980049
292829326
739524681
737354771
297086518
683977840
777798806
752114649
569857912
511482604
844472244
202461247
905351096
349944490
419848486
666159861
274126864
390541408
936241840
684483792
246479219
379985925
819816377
514290642
870887214
54456449
86199088
274978340
831168449
344206011
981655905
460223963
51294227
706042503
557273005
381387711
314355843
134749986
88742706
523280961
424863874
351128556
290636494
450323755
524803129
341833803
793894421
546433982
299099734
329610022
971532666
546533495
246958838
915800892
797687896
27178236
882731788
574966678
632815600
580840904
871296620
282086629
131034666
668415225
631825110
454948676
767992304
784479687
593407648
956363108
876418586
351228449
747292132
233211594
294972939
747987936
246335179
279890360
858160231
990110870
296949413
715175828
2313031
939378739
243097067
88656541
298851189
747987936
808658516
382812160
40500065
971055408
3790006
932492983
488798249
778263207
252288633
57361838
85919606
982709274
75143417
630553121
586240022
365963243
678550115
357432215
720964925
867756516
343978232
753902836
783571513
871296620
569771856
12324102
336155126
408318260
885991127
510259360
551490506
285859923
859290788
432629638
360128521
735577427
471147075
625608948
844472244
428133680
308470037
520236676
654834209
310152833
861763347
90070480
169856604
662289917
317410689
789238758
856660208
286251231
171519720
536249375
354899464
222678705
485652069
899631676
125501315
173867073
215386817
535339967
766401312
110203551
630036959
760246532
143226910
898096066
116051512
866619223
39454611
360516388
656869883
631821488
29134382
216568956
775690928
499812215
31793659
846556343
998273144
458205899
362692373
358285991
979119242
637306806
898498878
823303655
11770038
595444751
565381574
435095390
827750535
815419419
728478034
358602702
507810618
561650669
851940454
554126869
63859273
265508162
936241840
134618008
819167295
806107795
222984022
435378617
562163228
201285762
548337783
913318488
440514017
517980565
81308061
355809959
744794664
285621127
970627656
593316762
286086147
90372097
725835404
972558388
108303559
213348654
92920457
792702062
251390666
869671621
244558325
492843004
856852331
442026604
402353666
835471379
273838005
714617036
295114106
377138060
302548115
478666554
24168081
827739901
301415326
966026337
977454529
572943904
289586155
763042827
831506264
635129242
429385955
16250311
482926364
59118215
778568307
787908722
436979093
464318634
181983021
988846505
706530895
926710371
998273144
314226811
660967161
64241256
282090156
328652851
248650835
952176794
115528380
137289270
108303559
547778637
549474617
509862102
198684857
425719752
411821979
946261121
426033596
103462083
417073620
163437370
839651716
239834375
834159702
249122015
299785721
406740975
209275224
326113117
799867044
341444405
606477831
603889419
142037553
110203551
957525199
961563023
277457768
432298794
80649946
245425177
518667991
215176393
361931082
366327154
41166775
39371310
120249462
860559593
135491950
128891386
67777816
225839324
284152087
676064801
539764713
477509810
597496095
766349653
973301201
758672060
863984011
981426062
52220150
756546302
79312582
693211735
123906063
93874396
877121343
547778637
333284582
16596268
892809796
580840904
618476056
176764906
345620883
616109681
602259088
41815963
331863753
9830692
805213015
313200854
359662996
589151918
16250311
216219291
477509810
942254120
378905261
423490035
938662601
601589387
362976083
105779553
914461365
204720895
895060235
925056314
412988526
627828520
774940163
219343917
200524484
86747561
692738762
956424304
452342988
44387111
53591496
357039880
163280407
655512862
567778066
225645275
164486990
354671855
919074834
613080378
510522193
889376377
55877498
85564500
442847872
111700105
716246825
100485736
416800084
186153908
243990042
145645456
315276976
746098213
998913986
440609397
121083949
858864137
864399427
118996543
81090350
799555360
145259431
983318571
698590841
862067341
201278334
390039018
581807886
611024068
976965596
134599270
611024068
395526789
879217263
647875622
856341706
37007427
583804857
297086518
969757476
700757685
724489036
731302849
359944528
107304488
246130001
842287840
895485662
153292970
246479219
256826256
968024554
505510960
854583907
775690928
697899833
626940430
720964925
862692060
362692373
871268922
70426400
460223963
361781475
344015918
863512815
387896793
489935420
218634279
945242755
246864085
986642912
406972433
662289917
339081775
619490260
708662140
254685035
580495859
471434757
361054497
408318260
382280608
942318222
753962079
285265212
265610898
454490383
882985943
488432938
936241840
777661594
896837570
240821971
888233780
818222241
532461519
550481708
728871327
459460417
911531881
845773850
416316476
735530511
776237043
93833336
30460214
403761944
441072212
676370399
50028226
787418361
105845648
622393154
844163295
285859923
357692041
474870362
730817188
177186236
949616070
609422403
476893714
72217707
70426400
77997992
450004611
250673296
600561167
949907406
65593665
887006098
942444918
543949412
399996323
222984022
718752878
966026337
140869348
96892456
995630584
623528936
334717735
278134554
150421428
295954378
123906063
434571410
761586343
198099305
119517565
402141629
366488079
962229774
763728930
739881009
222984022
229113311
827750535
109655940
970794236
969168610
909012222
397299906
91073395
394107970
939412204
463158155
704456456
689962428
227370996
523280961
883164219
799805076
808442915
997993217
156019002
344015918
42508280
999807749
974911040
607983503
320143785
263230092
561658796
621458069
139956745
715139405
684120844
935707989
582472967
772144799
91073395
294972939
850694891
166784584
621834361
709269770
26041975
69723834
150561057
974911040
693951884
226167730
841874649
143701692
86199088
505772390
250310431
53779156
500729953
504530633
423482488
714252889
6229409
268204099
368049204
454490383
686280335
527178335
653899926
549295355
811230923
523753556
911423258
192234458
372906456
374303226
952891662
103132153
121202190
176993785
979639340
137646768
376521364
62095836
988821398
424400718
564114473
637225061
822618499
787600781
287036699
80649946
789005381
694184924
800796995
526648489
664979455
313447024
593120577
757007301
824544291
708904974
741221580
915299366
135042334
209903741
678942597
897718958
207559057
124119122
435671348
221737340
990925063
952799561
142030094
977171466
441679447
106539967
81238989
727240576
505278861
209237236
859290788
703525943
304815775
889788012
232365869
401847069
368287830
333285206
928576498
901639211
46140662
853283163
609422403
780994206
83352113
242730708
923551670
125928
550007972
410948467
87566454
743230774
764314767
478217717
301173592
150246680
566288981
9840153
51594995
218914439
574553982
326619645
255354901
98666823
915800892
891863329
982198000
625571622
44387111
383236489
276308365
510515641
134583415
21618501
317732665
640987350
255681460
951753491
478091863
947604237
29753887
553988634
486107326
464429726
209972613
405071185
857487920
265073850
892977284
793635205
138402621
777590440
645812885
453968857
163437370
561064295
792137851
148061036
917564627
933408978
929965110
487670868
470152162
365492724
866230124
666965173
464038316
799515077
479015156
474952030
300559867
188107766
942318222
655419405
419612250
326430764
595692063
939581799
878131711
177213342
366944769
25080275
483115742
93394929
145169198
523280961
33057252
295378462
314947563
442791907
67640556
181907423
234596180
151641653
837653399
309398193
261378734
866006684
629708770
502386919
55629323
203561030
43820999
833129039
96212415
681098212
579009084
503317125
442791907
516118386
446812626
466069848
908449832
216219291
61827593
233211594
927702802
945547452
556649750
623103019
964689203
838676534
97114550
467268454
770854001
305564699
32496664
98638580
91297501
429886177
232365869
648612660
718268249
698416852
314226811
741987766
174934156
76597105
30580875
947257550
480606376
81626215
999776596
637118212
688117435
244970320
601467315
588298131
269244465
706530895
240222857
964638776
385038567
151023350
306596048
941574158
809557614
775657172
573020095
380641510
247065774
698296366
280668467
806308993
365723614
655905162
17625749
597582799
994385854
912288796
664359393
182398182
586181383
28932134
507810618
791145352
741227136
971277512
725730668
378905261
720648261
329508039
551473233
962858473
824627392
288971962
96623695
117552027
525100829
172807072
315276976
25080799
150995857
288613831
403761944
306022453
894336046
987006938
644196341
360776961
518140306
973683102
22948186
639589074
489935420
1467795
147956732
563793168
593538443
68401094
415663780
11328290
830911086
382728456
353074824
210082432
308622289
71337020
590869214
232134838
926835135
786730998
32496664
815192601
418291773
611680973
89727520
643789715
648491427
151299217
927361159
464278011
681188303
963704431
291890857
419848486
633314965
917861420
141352413
895485662
977030692
242730708
36608168
243760727
397277902
743230774
764617959
767574642
482294619
479273375
437993694
883459496
877740106
439949500
462474342
791655345
597496095
4420781
594900816
825690776
970627656
877999300
254610019
306360331
722428861
365723614
48209866
369598227
224571756
15425809
223695140
20323451
844163295
875262995
461530025
13418899
61465412
290632417
51936262
720306601
684230638
300239313
276828025
335209083
324389569
242056939
386983628
689403626
145645456
274831335
580840904
646379820
549456183
919386298
889281030
231690864
884336684
690737745
10109439
299785721
806860911
998890052
744301238
426248649
635375988
607117913
744449738
66641653
71306314
560427605
549474617
606305017
213737196
19412458
769679492
495061050
444674079
124751142
967344817
160025090
454559877
46963297
747657895
966979174
537069076
986542871
784311267
133297725
700757685
938988204
947513092
828770842
591185848
929261246
359944528
287867258
475303726
999776596
63859273
429669373
943149042
469590510
786730998
865773245
739757389
598688649
302140658
407368217
509112229
64806682
552527312
290019691
8588107
76825284
909372225
138076463
755758263
744707662
228278183
361471836
653343912
849911685
530672620
221487539
706812568
29660735
586072013
753070867
506896833
778134208
145169198
868640977
353052802
509679509
543040267
339753371
956363108
386367275
632936726
481583896
739524681
515066056
88557579
119329620
689121801
242590481
55272595
137196244
4420781
64045753
146576630
115803940
842638862
805213015
123906063
601467315
891863329
898575531
750255014
454490383
736657205
115445006
464318634
567254986
486538353
331564019
595444751
991616585
588601036
154498774
775903644
626940430
580017809
320293178
21794471
95780236
398297516
607810622
292402133
332566210
735134534
441184671
85919606
403561781
43942428
506485259
554395372
279607688
987100304
675442190
265508162
909372225
731026057
938095652
397277902
261562491
797982721
421992274
603751668
406302821
224814519
316444619
553474145
201243502
799025050
264404783
713723276
298851189
432676718
180867801
543689619
558738068
275823362
513386070
757465104
320021118
613080378
216525657
640726917
673374938
288613831
530209670
800003944
659310591
185630411
706124495
514829728
895060235
113703545
58086355
852272962
31793659
917953360
784793539
71984218
741331732
279607688
242184509
932492983
105972240
770207118
164775602
590286553
528245284
646032190
441166688
137196244
520111431
735134534
318450931
415571890
401733564
345917911
689457177
707222099
534120441
417033024
670727807
334058787
347368971
649933407
625488251
986777772
133297725
861899041
355845755
649558474
275966906
770465479
741331732
328102906
619515968
995585274
490929410
50028226
282335096
743325434
357039880
595351999
290019691
964874189
112293779
731164909
68536510
429193078
409516985
234902725
698296366
800935754
648612660
493048660
162251496
265508162
261562491
49996859
348337507
997993217
425719752
653698092
326513436
95780236
983034737
833984907
47523195
71837707
971161105
898096066
540737380
595351999
680257969
121611970
317196785
453018920
690398940
971161105
704599896
917564627
653678084
285621127
24769082
571510333
103333664
953725925
456419842
424367098
118996543
916122597
337703358
895485662
424281822
386990076
802738000
290273875
313674752
787526639
623258415
54695678
104266850
539764713
852719015
929038210
954701057
897010005
58086355
596168011
570883861
906274739
532072421
274654908
278057103
488825359
609162290
273667386
409681605
902675108
658908536
192542860
116051512
822674418
605184299
417759360
988818770
30324466
659632532
137918766
459278786
459033950
290632417
973035158
670727807
194997170
284152087
216814690
98638580
964300431
667585617
32508752
414182677
130893703
281283725
62832967
811728012
976222171
906042426
155942875
36330409
298475888
974458694
556530139
401726127
669369004
755160626
236840663
359789235
390714779
459006545
326085383
741227136
585002836
892809796
305564699
946688033
367475659
486454952
268884083
197806806
59538234
492076539
220475770
873528982
634424334
70337395
276757601
919386298
30340942
521878879
947513092
750746014
870439994
655347736
103333664
320758142
512852405
454490383
133969249
397299906
662145914
535729086
201285762
795762442
949222246
425719752
648491427
858552850
548651251
586294400
192948180
913505481
395526789
251390666
761525159
207432865
501805592
476300305
720306601
678418025
85919606
833877412
929965110
542292789
460588606
326619645
426248649
780598937
544072277
1467795
974918945
218743671
231659344
900742540
33868311
392662226
336762088
41972
720648261
769554308
823183388
97296324
869668727
479282982
207985004
107484462
421017925
963704431
644393439
354786212
252494340
118135587
392662226
947257550
857487920
577558397
989092282
833107770
941574158
295378462
728040999
471160323
180740490
941813494
442847872
285364230
462303364
781103672
202763538
576446357
142836384
570883861
751533076
580646209
357039880
744794664
971359908
897569787
260537796
727114726
151896852
188107766
655905162
992761131
676610607
261717200
200985064
841373589
691107911
245437289
577558397
2819999
452308045
45203121
406858112
233211594
705613344
843299956
490608967
716788345
160025090
610235370
167112897
313447024
67688421
649933407
843230305
967655311
106609250
674492736
711621640
769371394
133840056
335789093
934332415
341833803
452342988
198995222
646102232
384890783
427594584
85188842
771221997
468731198
257056790
331254816
431950369
639432326
465077992
371453178
994891918
208795310
573497824
11770038
690195401
735374326
32496664
455333341
216812241
140490391
479211818
216714270
896837570
957894340
432629638
877121343
640726917
183315665
98666823
232813818
728800853
753580094
470456495
93748428
794548952
197814512
122274217
114191416
173541046
688806611
784191838
976685681
691052551
425923083
716382600
417528321
159390630
36792271
492614070
489970482
635868872
697430531
335493505
716287720
523725805
896099040
250310431
746925337
784479687
699905269
61432602
432298794
907887148
374238350
634321749
567018092
86947568
524887613
871296620
89883449
753329034
18893789
883095649
666810757
606305017
5213705
956363108
737289701
362692373
339002303
17647347
342042804
681197169
732555125
177022130
882279573
916837933
328652851
814061347
922173907
709032463
423642983
739350141
320503359
747413450
937536319
118933014
45562375
849686073
149382822
878856414
986695501
429385955
727114726
174975912
987349975
30460214
491213976
157531739
440873196
129036972
185878323
860487554
955402370
926835135
83352113
875566323
889376377
102990945
635375988
868146443
652611237
495061050
132737237
688806611
903844963
841286726
13117486
211303280
48752050
705613344
24466668
149417417
781324055
478646447
85293063
52220150
403621246
995630584
877978481
67995708
88844458
495256522
170453500
804002591
332562064
228367045
294930453
997603707
562076326
14428330
882459854
345917911
234596180
368658463
68461701
95780236
239727896
535339967
234499033
400163739
475775681
430864967
103132153
699438356
202957372
174703650
397552683
782483652
624900264
77987842
565381574
998890052
476893714
704499338
456454266
882731788
949376778
860470604
380767301
859290788
839651716
185656411
611680973
37007427
488798249
858615998
530209670
150561057
79312582
161956159
967071928
490926131
71472119
728820175
627855345
777719009
468699539
866204209
620855530
173808523
999268607
790832187
108822397
64806682
470585065
922173907
985534564
887797166
799008672
562076326
124130257
430328282
193192864
906695501
88844458
400348272
324976377
778263207
971359908
874911723
177213342
204310325
763723692
305142864
67777816
542265752
275785303
514478537
852272962
784067079
536861678
615670299
932444491
845616885
664359393
143701692
777590440
63355363
511749360
376023515
446995002
431698489
602259088
747413450
801393162
733026518
218254851
805213015
696144959
579184632
838898020
446487051
292962582
572943904
91942177
985021034
180536093
246130001
369340254
75172869
118933014
369328462
386367275
468434064
548522458
157483798
387652133
331913928
981426062
806860911
575615876
31791552
787362608
5367400
896763278
980266267
565958658
222984022
453968857
543976368
94136798
195612989
814061347
387422162
693211735
201771483
986202696
414135213
83879664
106389292
731381537
459278786
441297770
626940430
905716622
664435284
655964748
643788112
673374938
140153737
524610947
570883861
300239313
140869348
505796279
827750535
290019691
672845194
232134838
754978144
252288633
508767167
543519592
660396598
358602702
213993752
122637109
64132502
796711206
858864137
659310591
122786299
12320173
366263270
638231051
795238041
635690534
483147450
273877368
706784967
891554440
201278334
526280245
225645275
49187205
27178236
600905970
903864360
543949412
288613831
389961961
890796810
706158367
917564627
998913986
340662227
941574158
284360427
397599690
223993062
593407648
763042827
259601516
599601711
454644231
146786168
912541185
557218758
40500065
770207118
579988701
760435910
246130001
793447322
596132314
986642912
863114129
290636494
242537886
866006684
991477582
273157467
87093028
880537704
846869625
595444751
243906652
401055551
180789791
292234136
96892761
711000983
802767703
537069076
842775489
393459356
791655345
365002080
250360935
172448910
527178335
58198319
742950245
12324102
107304488
929732149
454490383
878387672
860470604
712644915
314226811
314947563
987002431
306563407
121083949
842036484
480833748
933788414
573132987
39371310
50753306
184510116
411821979
992012809
415350821
352907442
786146079
917861420
866006684
999023274
586181383
744272072
1467795
945547452
477815696
80207986
220347530
307755238
351703750
151027413
321222641
61465412
127358272
995367038
481583896
335209083
510130598
981128300
273251621
380641510
724246146
648517946
74182363
290019691
521203381
132926710
112886465
809804456
489106849
434533775
578271125
982709274
145436481
537295748
381779589
291168042
216221926
282724279
790129479
518666575
549295355
552108100
584826403
268884083
312964811
795200256
593496093
764895461
522661800
739524681
538532565
750240583
368319430
764471568
159390630
493957721
577689516
605535005
488877308
698590841
386021526
624072632
995582295
816238072
301173592
777782804
429122995
553988634
186007956
397101552
598688649
784201012
917564627
308885732
520111431
762454355
991616585
706806069
538576820
493155360
310532573
923433942
477016810
642008218
383236489
366263270
181473388
697214758
131882036
488877308
534281626
505278861
427352686
521447816
439710041
362045642
470585065
751533076
495256522
286813258
211415676
368587479
303339069
22948186
228113959
643198273
502215917
894850254
912253858
897959226
520438227
718419158
172867412
321222641
803429662
747479643
977357974
750818840
424863874
94404939
5978099
525100829
538742450
105779553
577689516
666236727
313949188
637118212
738151201
42628327
669056316
54695678
188129314
64806682
352837118
341048950
24096974
377238921
940132923
849686073
53591496
232515315
480833748
644965503
537281929
296382470
530628194
843230305
860354470
17625749
771751435
150114909
390362597
14617474
853310259
616150695
800875559
918201548
648420936
846656961
697429283
823237313
559457514
362692373
927886037
38284253
320503359
719337492
97077855
676064801
242184509
953725925
586072013
887027013
706124495
621943514
906836248
435346861
397101552
254545909
880064271
319854469
186661956
720648261
949289975
99687341
772144799
534662469
715978897
855813697
627855345
356973391
673745685
662397370
275508048
559137700
596940900
430864967
176052073
852303032
91839682
590542422
837540922
707222099
670297113
415571890
398915678
976222171
156432001
946806895
306941067
799550391
464604348
697153295
408950583
511654142
539542155
940235643
791439741
324389569
147028465
945547452
892432492
409899698
688036456
86338417
378294829
409416785
968721838
854898947
28079110
302871
184724320
600561167
575615876
819876613
387896793
191978437
921963407
377364351
737354771
780598937
556649750
132594557
119594401
285704831
407368217
165449745
112447508
898593987
737354771
484018344
74022590
9698395
672719647
56404134
295954378
89287156
739881009
395611976
504530633
755758263
149776077
771751435
457620934
681773894
259671697
429122995
638143547
869671621
648182276
205498274
155609450
532527600
576510380
945750772
81806695
275274950
116051512
145647557
290636494
367604294
147460667
38621709
288971962
633314965
567980049
529037849
779079896
807081453
389961961
790291637
209275224
705910877
823067208
625345143
952169661
223695140
63355363
240511486
270037967
356121774
192056919
517008466
461530025
385275441
651772788
313735500
73247645
886190594
484028483
32496664
395611976
299360490
88582210
85350000
254609123
735387716
565381574
860433659
648087082
765385635
955645502
566288981
627403343
362968485
910786812
883854490
880262990
468835088
250592483
527178335
49344157
735577427
604605563
98479603
795423837
425875506
40585118
354614197
82437839
818938973
946806895
40173620
917897770
841373589
990110870
160022536
636473986
843512153
988818770
250592483
246130001
210060124
198684857
607810622
48961171
313501069
746875441
900874037
334254231
321222641
64448785
633795930
354258948
449626087
575194038
543689619
101816607
490608967
586691717
943736717
609162290
492076539
36050855
874692678
382330081
524765267
941510871
831819045
417440107
475504667
917249975
656605682
279728041
973251421
552614427
440359811
823847585
164571946
761182698
287254936
433309762
635129242
151745612
92270762
833877412
579184632
43942428
974911040
453559193
934166969
78657326
87580587
907410780
316543047
860470604
211891187
516839030
562336946
619939196
656439860
273667386
635690534
477016810
927361159
619182572
473096031
408950583
508937183
39042597
808726614
96050310
846386860
68461701
110203551
77907784
590869214
740092340
458346678
365492724
800541464
23446352
704456456
395704482
668604121
351490757
976222171
705675831
277362510
377364351
30887563
557456235
402737849
847071390
115721922
433322003
823181278
632936726
829366216
321676980
147537094
778134208
791241750
382728456
62832967
775261579
387259199
440514017
841862394
454165160
1788755
690737745
594109877
104266850
507810618
903864360
637306806
739524681
759168908
707991037
96050310
720648261
273385028
278194783
927980509
229832977
590286553
75868781
73812231
98638580
213709711
667449159
947257550
837134157
341692289
119202718
40500065
18315170
105575701
571938185
366327154
762872722
337067499
22576800
552734143
234840781
569682261
390865
745885264
870865554
93833336
611804693
811230923
940235643
242602689
303834518
738998475
128007956
647545786
437432653
728326361
831502419
258466431
814471947
680068550
242056939
725024101
477674380
329102098
298851189
964083182
203561030
476390777
383534240
210744284
862067341
560427605
993103849
901639211
211345709
17366736
500729953
551598352
787725985
514690355
478658248
77724948
773362750
555309644
697519353
883727329
641212049
888982406
620171805
365629336
230997351
427594584
943194422
959977838
442504009
547273588
299942502
334058787
848893267
95687864
326113117
576144230
337024651
327133072
203698261
378616015
418779187
786864642
188153395
40454468
553474145
57584730
886931270
36882333
198682159
996358323
210082432
273565089
919326729
297086518
544234322
901969762
41815963
218634279
946844822
806308993
789707240
767785320
696717034
698590841
994525592
944679417
746348761
625608948
969391097
583348312
757416292
382966206
781628275
355119311
420071414
952788626
793367918
331913928
690195401
501785879
969391097
963307313
76008079
450220140
579801990
322645335
204070393
741938475
333306620
240222857
778263207
374244915
316997677
201499617
645812885
660396598
191616302
720648261
7582182
913662148
554040964
912655054
73247645
446329391
664435284
591855564
326504131
155220074
94152580
537281929
164486990
350805876
752741272
285873923
246245204
56404134
325289888
333514593
547273588
160356855
150561057
573132987
590096504
20323451
372975850
419070040
758145277
460342369
827419924
336824244
631821488
751045321
597133312
385155296
440609397
865951590
347798822
589672269
34815318
550626746
690810010
508081034
343421639
179707238
716706161
656852240
128327405
919692462
56404134
885626042
887522767
632936726
764617959
600006395
149982317
158991111
577271690
753329034
142030094
859589175
458336050
590869214
885946716
619385610
231659344
390726302
145868834
922095629
524803129
160195296
556012455
716653555
203787768
828770842
49896972
741386413
130893703
297489741
916781872
511482604
136704482
273661419
45562375
899631676
522067738
936664724
502533672
84869861
107304488
185184271
298851189
911042403
874321008
770207118
302871
83977835
894864950
360516388
159177692
737289701
46175588
98460514
93944784
219251060
852272962
549456183
978738090
312570439
644870229
825383659
767198560
112927118
130893703
859922764
947954361
10960934
555685950
885946716
490608967
809076111
326513436
38161303
783089777
316453010
320503359
712644915
573020095
447317928
516958544
134599270
929261246
838811546
956436161
471667341
83959539
660633242
480810896
448949784
397277902
335577823
134224051
119571734
138076463
549778550
764895461
684043064
451017665
272130765
992908773
808279807
588601036
925469895
391704282
584826403
823067208
634399106
718470492
858552850
239139045
340946051
106389292
823120433
119517565
13418899
716607649
204070393
154036209
467676320
278837180
581354559
389961961
231541396
741331732
269244465
571806374
683608847
972460562
867756516
510189985
721130755
686676513
432676718
283406091
407998438
215176393
652611237
576074024
693529139
795103643
438557992
392926626
99653412
157531739
348874238
75868781
224571756
353344829
606147999
366263270
925031259
470855481
365454283
445418665
960147126
630553121
739881009
128944627
443165136
691234434
143413060
812394904
203561030
946558265
472366255
190278162
100313784
400835514
324838306
362898595
620711250
724884130
240703270
390714779
470217842
882459854
246093643
366506893
950699329
627813913
639212014
940456068
192056919
545187375
362045642
562076326
38284253
521078587
269136593
149499994
627265639
247991220
284960849
395704482
878197914
739757389
238124870
13365933
720648261
853014783
997904947
617804736
153292970
443165136
558344033
611647148
119166193
660991922
898498878
367940519
297744464
372906456
319854469
723969792
358673334
925364035
864292963
898601260
167864015
722518289
692738762
397586720
857681230
603157247
204340529
500040323
361309151
96892456
545390143
880064271
102250267
689226883
816238072
583348312
121083949
771320741
442516163
503782622
322645335
752664492
77348418
563793168
560427605
319991217
395180214
795800451
627717405
398297516
791319224
464278011
558738068
586691717
646878783
562705467
720162115
81806695
147204350
967604773
64448785
956425559
68859875
792702062
109828240
587943464
145597256
160025090
8933612
567727762
371266368
310371949
592911676
741331732
215176393
528245284
83872057
916099202
740374409
831949320
365629336
722673985
475899735
607810622
308839617
313735500
576519838
942621338
786146079
475036949
291984212
660633242
329218541
976455267
348094892
50028226
644579965
744202151
186268418
206464208
302819558
286397169
411439851
438937591
40454468
71837707
913830218
362946906
964638776
96600777
56738070
904858696
17545431
565275892
953341285
700152329
96212415
378905261
412599343
599245265
993986887
767719243
96050310
366263270
501678262
851198691
279728041
318556165
449626087
294930453
371482574
383478484
165166683
576831545
177213342
549658399
469722480
91297901
246479219
842046161
31757095
983318571
183315665
173541046
940612051
269136593
447804554
945161790
900410098
673374938
542265752
299255074
694787747
232515315
824549476
819167295
693211735
543035211
292402133
598869135
260763027
810320745
225894204
297086518
71837707
606700811
274493725
656314365
321691918
260532077
859813233
204549487
815737796
66308413
677615096
106609250
87968333
878131711
538532565
23027
512968314
987100304
19823643
489573661
532928511
739881009
980568674
305643667
509828259
819816377
314947563
718470492
937036671
895485662
569177763
683432155
48961171
432676281
307406205
464038316
583081545
81806695
536861678
244558325
489631570
616078676
697826647
767303201
148311160
650838979
452308045
910996055
54695678
756964626
91228151
769434185
578935120
488798249
403621246
369328462
775657172
388994831
573797195
324976377
145481838
165826181
554308569
38284253
628092907
378294829
554395372
300101620
971161105
740213280
91297501
824549476
478779172
906836248
780404281
50753306
898951691
727182843
893974672
584034831
51594995
197806806
4059299
968721838
57361838
22948186
133690229
623258415
177022130
159568890
262471810
5213705
229540678
860256882
431450824
655905162
775880818
254831250
949481134
119351720
23033607
383534240
912096553
238632946
959317929
446702913
4420781
535918199
713053020
602440265
33057252
395661092
149187351
510515641
40173620
24217701
495256522
143226910
319693210
79176146
436243719
123494592
513012076
428940661
286251231
581807886
236547597
164114776
438004748
811808922
675476065
795423837
738769861
551065051
