83872057
168508059
188107766
188721787
186549993
874692678
567946988
530182631
118138813
719008079
512590644
131764369
964655243
641212049
369340254
314241730
933329757
213348654
291501638
402353666
945242755
395661092
479015156
193840647
587893269
977030692
401764133
588298131
632743998
257056790
931320437
873066190
594213079
80590313
103189020
575897344
321691918
523949746
879820976
302072542
797982721
926835135
882214108
392662226
463355000
437644188
21264764
252518544
511626753
621093045
467268454
828606594
643107336
432451664
392302017
677325861
769515242
74022590
377364351
265073850
98381458
684792647
521582976
828116782
29413455
499715436
713225340
931584215
918780370
879970761
689473088
880064271
693529139
276308365
3255078
720884460
685071284
775657172
900410098
44093214
43854334
109820121
281647789
741331732
504372195
546733990
285621127
882286189
927361159
868640977
795800451
84162830
716706161
746262637
569117730
752435545
439458275
401131637
928053228
214253954
634424334
228278183
139730253
769434185
628041444
234493345
787725985
118765210
106609250
66974346
391815613
315043740
609824275
693211735
567018092
944351991
401726127
235053409
29753887
382812160
453963036
935172585
366263270
50753306
739266348
694057165
174934156
739466547
590286553
276828025
357608835
933788414
378905261
859290788
428025657
963484151
308839617
800207125
332016333
550551169
858160231
870825683
688117435
720648261
2313031
956436161
667647560
677325861
731302849
209275224
586240022
898575531
610065695
869668727
909000051
887027013
750185585
807081453
932319752
136701136
399785641
403574323
873708339
30340942
411466263
758145277
654343651
357660098
966211512
838910400
128007956
858636838
489970482
453963036
171771281
840261332
236337973
644713981
535875688
741987766
601347152
406109185
190485626
65184627
229832977
879624867
916626930
299360490
883597413
966211512
209653929
688806611
354515198
882985943
599553543
433135168
131034666
473508376
449626087
985131823
784793539
517650315
929038210
258752494
582415582
991477582
634321749
326619645
805686422
110349081
273565089
926835135
697899833
819109978
810320745
795238041
993540711
676064801
332168372
950132440
676702992
423873039
271515954
981768944
269043845
235980373
285851084
896837570
469590510
933935025
637339759
387846915
979119242
91839682
638143547
505796279
523539839
361529010
1174185
701991062
243097067
655905162
323831682
96809819
894864950
689756318
757465104
261501256
371343694
279676159
946685199
80943614
426678310
351565453
401733564
434157965
438453588
167812604
423877534
23446352
597785095
441793
724884130
715198521
336697473
769831311
516839030
858160231
565673119
593697557
615578833
307817912
937536319
365884096
758672060
597785095
530094740
719709621
68401094
687850850
750818840
243675866
693529139
633795930
645614988
887027013
309480836
523280961
757007301
368658463
924212835
602019714
366944769
291574820
16148686
818748694
867820252
83297965
900355462
351318026
30879992
419848486
110203551
858615998
580762675
518968814
911493080
896658083
343978232
543689619
354258948
949251978
681241782
892579862
917953360
61704000
949376778
517008466
980900949
354899464
562076326
13365933
899792045
31757095
747987936
511761841
531144641
589471434
950509003
572428162
443165136
365002080
472145407
956363108
947513092
621458069
15039537
298281942
830911086
646490568
285264818
521582976
842638862
191204093
191616302
509275011
795200256
586072013
738769861
596729571
136884559
701273144
44237563
518666575
118923700
746262637
43377547
70337395
731026057
704585511
122138555
819868481
934166969
358317946
302893413
434123847
954701057
599588252
240222857
211345709
504530633
50753306
953183853
733224103
945784482
884336684
406972433
660388190
411262888
764788066
466583904
894096372
806388205
883459496
425875506
344206011
543040267
739472751
656539777
949692731
243906652
728624925
407527358
593120577
143701692
560310965
846079002
841373589
886797248
209903741
640993853
567543200
892809796
216546256
670585197
534747052
48314838
984952210
569631445
33554440
587945053
798322610
860487554
242730708
511749360
381755180
344853361
718980260
90372097
206464208
681241782
102297181
786563791
675781280
899899631
488877308
160683377
873708339
818748694
415663780
347777134
291304195
763637488
112608721
776742789
171119983
880537704
998273144
216812241
909470713
598869135
662397370
9840153
291824224
352907442
164571946
968721838
527957187
321676980
640993853
378616015
685504576
187634501
47975702
896795008
524610947
853395693
606477831
702179535
766459701
442791907
560700892
463461321
761270887
216546256
716939903
192349193
479273375
586854587
521878879
170453500
449663894
498246530
205083705
488825359
177368732
812816363
137918766
897718958
52506632
396375854
791868776
745438903
698296366
182735029
615948728
849686073
845616885
229397345
400348272
107299403
912605198
203698261
208795310
86947568
716788345
909685460
829662462
716287720
77907784
254983973
408186345
467260383
440136885
384890783
91839682
463355000
312964811
593388193
206744726
270440549
383924113
714062982
714617036
565381574
483115742
218634279
643537212
897718958
574534492
299510781
598869135
575194038
747068617
822618499
175510143
881109012
636460657
588293570
857878235
999284815
562336946
689756318
303308051
292234136
478592793
419070040
693211735
564973561
923433942
86747561
977454529
9561792
577301783
504372195
467517396
577301783
402353666
699353459
267695931
917564627
297634957
198682159
118135587
887027013
420504682
499481934
307817912
630264403
486931956
432629638
693529139
343421639
252844762
109310744
741200146
400835514
224817679
940463282
864292963
406378581
662295238
357432215
561893712
134224051
16711860
231690864
171704100
987756404
181473388
115743601
735079421
769584139
765025283
382728456
298933739
977772456
691052551
96158198
664359393
917897770
971261581
355531579
989168142
969457664
755586646
338901668
251301813
429886177
887599152
537281929
882731788
394557621
529107836
365963243
967344817
68461701
299233402
729929985
680067110
899631676
83879664
126396471
993873137
22411712
344241363
835140882
442504009
432433526
140577335
744272072
337703358
315276976
886190594
977171466
775005657
835678122
112293779
561658796
898196643
100485736
858552850
131882036
160025090
899899631
269043845
525792721
326709075
716287720
377666749
786222871
233104390
241272190
319143147
530254402
346677668
525824940
232365869
673745685
932492983
875566323
260786658
763281559
228248130
529267782
6300175
298526129
696639961
211515340
831307042
332315047
420863457
945750772
250996186
663549289
218743671
963704431
583804857
939581799
779022988
382728456
725730668
791829373
958265498
266132950
439458275
219391262
729481902
709032463
782067901
476390777
333103035
276828025
958232644
685203934
933408978
285621127
86665351
422732523
871268922
542819516
397084395
606395047
149072977
658078502
158991111
459130269
198184451
358946678
60673420
666965173
286397169
479926495
872098868
808726614
178956781
662940995
5367400
22035481
974070907
619146733
904344546
776833794
149874155
463983438
473786151
456419842
309398193
690737745
741999262
197180731
75843079
88978605
828659512
733443111
29753887
865038089
510515641
386990076
646731251
913318488
963243418
285264818
814471947
339002303
577558397
216546256
690810010
762705334
102570024
763884293
530254402
30739006
239727896
291703974
378905261
264075465
16890647
946261121
870844245
927702802
64499134
695895078
684230638
118523233
438937591
275556215
844163295
727257647
96892761
660638941
957273262
508937183
83959539
45714084
745777957
506485259
357692041
554395372
38840075
361195985
74909855
634424852
761966479
46836795
504795194
551065051
942621338
280982505
754978144
894336046
778568307
273767254
199287455
306022453
742737647
926835135
94249974
207854418
883346999
184444043
974151762
600698969
875221339
160058788
407163894
254610019
457402625
896099040
982709274
242335963
783711380
578843652
511749360
235443621
595444751
79537892
493853025
963243418
150487792
37184523
572369778
457402625
206464208
489935420
852080353
878567755
456779707
75868781
380057525
395684981
321676980
303339069
908449832
681020805
650465969
630264403
227370996
842036484
614709355
895060235
416770318
832190691
672378297
255681460
248529623
273838005
321222641
883597413
163326706
782456020
440587481
836469726
172634685
354858445
651180948
525792721
655627701
303660073
917659776
496035406
33868311
791670872
681188303
970302272
57458251
263230092
650485416
260763027
294665410
251124674
838910400
605184299
286886711
421073603
258674093
28932134
942318222
442516163
126069193
977454529
187586942
900686107
97050984
77479383
716083537
118933014
741227136
681209307
694561777
623294605
162238657
527957187
828070778
960462159
738769861
482917405
947257550
87968333
873066190
733857021
688161094
559946697
460131108
592918943
767303201
364451247
238188851
755441589
314841676
843267370
299255074
568812759
56404134
985021034
907930641
15806106
903844963
123729077
368658463
609162290
414784338
602019714
116213385
376808201
126763005
638192144
689473818
479459099
136199616
345527624
570405121
867121593
255354901
661676142
525100829
352908178
321676980
739565421
408367486
103189020
756064192
236428363
202980783
619449588
176993785
814471947
383236489
425923083
245425177
685203934
416475127
777065353
613080378
216714270
683622406
676702992
476893714
737354771
339046881
122786299
592918943
439708249
295719999
565381574
922173907
739524681
973035158
534000010
345965574
830940018
489935420
193503327
349944490
505475923
736297714
628420022
401733564
425875506
745777957
216714270
332016333
467260383
242184509
219343917
314355843
935835168
15421088
432629638
93075679
434844243
221487539
502635108
548339437
313200854
42126337
186833798
901639211
972558388
753329034
265610898
177213342
689808611
349816138
820408301
355531579
518323814
273565089
430721992
684977059
538576820
267640953
419782569
506896833
298075007
844472244
881246778
412505387
157483798
441314264
977030692
909372225
600006395
277457768
16435858
625402982
306596048
23022516
335549258
614747605
193020042
755586646
281283725
956436161
377880881
245425177
398705283
486666284
435106113
946844822
989296944
93944784
115445006
632815600
826709202
694196886
675442190
999268607
666965173
745438903
537069076
770376993
857488315
415663780
449502732
21426950
521447816
28079110
597870093
438480661
172688680
326113117
998913986
728194530
741987766
812266337
509110891
931464034
718720441
777719009
284396336
171119983
15015679
596365156
92920457
300239313
505510960
27556611
154036209
368287830
530672620
887571965
565897524
302548115
92116737
741386413
595444751
974296487
22278989
196460898
199183157
467288345
828659512
908449832
443165136
286086147
133050076
70687524
841874649
583531270
512049520
13418899
8732094
629695651
582678013
331913928
962229774
227948649
522799132
425923083
616238961
627265639
197436345
736657205
159390630
281283725
745254905
917953360
317766051
322603098
305892065
558098168
863112812
294846859
479006202
954325753
109820121
66308413
275823362
790353347
530830298
249453076
115445006
835482991
959466116
261097082
887511939
770415534
528525776
103994044
297386116
877591864
63854004
643759880
865951590
437955751
723747949
357952197
434304466
167733983
904932683
941813494
865944083
742737647
138009589
218914439
739524681
529037849
774840370
986695501
901969762
336409842
859348078
385436455
446072666
227186842
350737692
44006192
559941954
351976698
511334757
504155341
207004841
66308413
315895050
908735501
962807327
896099040
942254120
164486990
281011958
946261121
334988404
432298794
51078894
444674079
232365869
482701321
214569567
898519379
744707662
819109978
270440549
242635017
942621338
365229939
621458069
955645502
594787744
209903741
632936726
957273262
93075679
892809796
557641775
987349975
744272072
841373589
394557621
881427098
286086147
160058689
781628275
434304466
593407648
668550997
611743067
172012706
257670128
761424185
284960849
595351999
202583777
664435284
403872144
530628194
535540284
291703974
7709305
275792717
461537283
209275224
713723276
339002303
999829726
66011108
393600956
425875506
45224215
954325753
682110764
580840904
416800084
41166775
204865575
615670299
698072103
66641653
586294400
751712304
971912336
397586720
27178236
252518544
990552240
806860911
393781784
567018092
711386934
669487713
345303698
520111431
339704578
994385854
302140658
260204321
907887148
407024082
230913905
846208698
391815613
496022411
686676513
677303761
906836248
747123098
121622111
173808523
407368217
48866837
57361838
594218361
892432492
146576630
522485598
707345278
329508039
873708339
16435858
336762088
599738284
82765802
77348418
396375854
931255729
858592562
811808922
542865411
290774194
150487792
133539961
467268454
828770842
204720895
812920437
102250267
418010824
773362750
225747598
335209083
354258948
9077505
451017665
213856818
861142218
571065410
831819045
781628275
670585197
689226883
490929410
14702510
819227129
194324364
538576820
794548952
921116525
841384306
4679574
480810896
509112229
103462083
473096031
827750535
917564627
631513654
124119122
655905162
20231275
290159900
689226883
490712924
184510116
275775836
647117243
722518289
453018920
459060467
161875293
875221339
354899464
557125992
756554259
548944911
705331267
420863457
365884096
41815963
147956732
54055809
664352708
775880818
362082604
746721114
666746479
91839682
799651315
105741406
86747561
321691918
368007231
57407695
299501065
377138060
236671353
791829373
7025229
830911086
278172521
625571622
304517263
882731788
2520116
321691918
988258985
299942502
487887445
980568674
22278989
446995002
865951590
527626738
24241822
478091863
452327396
150535289
971359908
547778637
794548952
718949535
586260881
199119438
755973440
779079896
715057315
435325487
682715505
164571946
96452314
945784482
104266850
899867813
727343518
886942664
754716572
286813258
224571756
506515649
997904947
4233067
203787768
215722983
576144230
479273375
741940495
398972640
998168674
386367275
290774194
504372195
712516726
724884130
684882558
242920703
45192168
630368234
908127222
769434185
428940661
878158907
145879631
764889510
630801461
560228737
939581799
931584215
955718067
711000983
151291719
444788286
714352723
298281942
219120859
187253159
188107766
617804736
693121584
811728012
579009084
488309122
347829754
159045950
830911086
780404281
790440079
706460151
190278162
403761944
275148426
762312864
235053409
567543200
38284253
866403804
715198521
373239567
242730708
927702802
199287455
778134208
380767301
60793130
234596180
103462083
123906063
958040581
793063567
660193879
710137372
126393525
160382727
77987842
929102462
741920826
313735500
741987766
862176353
86947568
459613809
880064271
145471849
520111431
505147450
699198666
218098403
891888735
735577427
872954021
575897344
4233067
549456183
870409069
898440493
727114726
140153737
858864137
271777705
482926364
402154912
300239313
627211327
820983139
834676716
744449738
675966917
883180483
992638629
576510380
50140325
467260383
611501219
972446098
771221997
518968814
151027413
434533775
992123302
68006694
160683377
667378481
256826256
511370057
967451424
522695071
663162214
376819753
684043064
308637783
756227896
598559411
15811141
995582295
874581111
119813829
29302564
422891295
725450690
800796995
945013337
199287455
276630889
88844458
754863889
883180483
525574908
142836384
910585520
882459854
681188303
735903497
698765973
911245461
235443621
126393525
626965668
652748461
728040999
986777772
565958658
613404059
185656411
256374784
353003177
109359260
268204099
898519379
425875506
418979198
797269650
940275545
586240022
103333664
361781475
585157274
777798806
146979595
666949010
644277558
645284610
97050984
135021494
548522458
38953802
219047505
769677147
4059299
402353666
198108999
370109350
912663126
336409842
303696473
47509181
715978897
143831354
986202696
646731251
397586720
168790516
153948174
426279088
170884245
615410090
242791866
357432215
538742450
105575701
357039880
707991037
499582526
619182572
967655311
333306620
651794170
812266337
588120462
300559867
611184474
664200962
938024783
351228449
120118395
74022590
80878527
778568307
150995857
214095966
228857206
691107911
806492209
597943425
761966479
562336946
552734143
662940995
570405121
852201690
587097320
377364351
239993910
927361159
284326275
968024554
606477831
191596342
775005657
109655940
126601087
104278520
684882558
663184446
333306620
299099734
713053020
500836384
743543676
711621640
32496664
574245394
60009287
44314627
57295197
383924113
1594528
795455988
722518289
408069879
108550518
956425559
82264271
593388193
478557253
122138555
752689146
227526692
741938475
243950061
778568307
605184299
176725891
912112989
138076463
320021118
497292460
127918242
341692289
767198560
944110978
957543581
826709202
151192763
138626505
481583896
931255729
325130264
441679447
118135587
989563743
939652015
57407695
434157965
931464034
296382470
258320345
900355462
579009084
95655687
288613831
750255014
366506893
525824940
853283163
60673420
327062973
894850254
769831311
613080378
897573889
794548952
753526356
977357974
934201997
80649946
919692462
406858112
814471947
846869625
192644516
569631445
9000783
781888786
92270762
505278861
362692373
134618008
101506642
427942980
64735457
739472751
160025090
438453588
58086355
800875559
605535005
868358896
122274217
504155341
495540835
61827593
621458069
269136593
573497824
42532729
147028465
877964291
197819114
596147050
910332057
177213342
795200256
460672795
731026057
8054660
347103343
364249223
243950061
703553859
99660267
395661092
128973339
885760432
840261332
451728122
259671697
9077505
733169840
731491337
694857316
216588424
631825110
593120577
467118269
836875677
922173907
78367105
629695651
437463582
432676281
28079110
150487792
227948649
510189985
644108891
165875780
519844848
175350142
509666829
797948902
553065683
539928037
661847941
489420835
289376552
438997712
286813258
963484151
775004312
194867753
800089371
667585662
595902476
62832967
122489412
579701439
931927116
243678342
671033000
877740106
968024554
999023274
579009084
630264403
575615876
638727205
495197218
290774194
279531295
340839022
762312864
130321696
858864137
811230923
653067192
286397169
737581570
518140306
153948174
575802632
611680973
260582731
949289975
576189581
336862102
99593228
112608721
893026756
97114550
8054660
255681460
614999659
950056344
571065410
513760194
150561057
831502419
713053020
858864137
434123847
954325753
24769082
582415582
753580094
574245394
425171868
543442611
323987895
275148426
819081669
930360620
920276740
163437370
502715370
716589255
786460130
352031342
563048249
974070907
501401606
580840904
576519838
403574323
453181508
522799132
810366315
49146790
300747395
321222641
351703750
413629456
635375988
243990042
290442436
363521299
962625583
395684981
160356855
504795194
657549791
440587481
606305017
904858696
446812626
506515649
357364530
72217707
744988923
525251729
474456970
432629638
852784379
158991111
690931026
993452521
777264242
145471849
849756209
354515198
717384761
284152087
828947445
126763005
695895078
584665302
562076326
338905383
994483038
831307042
514564544
754978144
885946716
934166969
845773850
274792471
525698965
780435064
745438903
827419924
501559997
972460562
546634987
52506632
205498274
478863697
176350741
254545909
285859923
907930641
687193820
517650315
761586343
424281822
214569567
959977838
671185337
430279013
780598937
391053363
383924113
874911723
386990076
100830783
571933604
379071801
490712924
377625764
90507943
779079896
720306601
488432938
626598230
449626087
273565089
577558397
122198726
291824224
102589214
795800451
298475888
265149155
957894340
80649946
536611185
132402061
694057165
567018092
235053409
794548952
721961849
528525776
1467795
204070393
549497524
317105426
720648261
876418586
623294605
990552240
438759728
416336399
822618730
275775836
67640556
119166193
700152329
955402370
560986700
874629042
934615493
875513825
514566735
278073542
629695651
110351547
543035211
65351800
525574908
624900264
315756268
602698696
134749986
185630411
741938475
450323755
432676718
274831335
85350000
689457177
941510871
670973172
520236676
897573889
362138024
431698489
373384006
841874649
968721838
195544559
21538378
372906456
81125813
859418032
429669373
689403626
972460562
771320741
64025634
693529139
624061717
181907423
520438227
15106471
722479600
49344570
122489412
900742540
281369705
844919271
676101833
624389244
194997170
859290788
812816363
130368635
135708002
620669173
516594280
207220541
973301201
339753371
952169661
911245461
508890660
598869135
692039054
259601516
917564627
664359393
635085890
654848179
839520998
260532077
118765210
735903497
936206232
850793312
60009287
39042597
937928423
689962428
437458940
883461195
422891295
538688776
473832806
423694673
831502419
915442420
940456068
597133312
518453028
86947568
252208897
445418665
167984257
376714367
758672060
962229774
245147188
613080378
407288047
49896972
287254936
778263207
244558325
236428363
963476682
740187725
140869348
286397169
66786769
355240482
276757601
119571734
292643797
960462159
538906890
644951129
210782759
207083148
617916804
670197092
534011294
570397044
730817188
444053332
775690928
971261581
366980730
339753371
407288047
855380721
184417541
344853361
119813829
940774954
241348768
513923309
356559090
157247504
792137851
732425802
228278183
735082602
495540835
749622606
775261579
963411930
466521050
440115060
894336046
304517263
666798594
741331732
357608835
943194422
857878235
778134208
417440107
354515198
259671697
751924123
222928713
127020918
815419419
136199616
835140882
318703506
96050310
625571622
891989769
311573126
13117486
438557992
419848486
643498577
24168081
561650669
755441589
108303559
267695931
708391753
602656724
389091410
464144948
95687864
290513845
879217263
247067771
296792838
896837570
684013520
165779551
539928037
64132502
441314264
412988526
307406205
502635108
194324364
577301783
133297725
382812160
221476767
784311267
105290095
520438227
361195985
888056048
831622783
25080275
419838915
697430531
435661099
566051499
605333918
931464034
211303280
162863645
349816138
902562470
464300164
770710755
133678897
386367275
716823762
634099962
240548774
404888096
769554308
789238758
419256420
963952975
621093045
459033950
897280910
15297986
795339147
986155796
31793659
668440576
681209307
381755180
504795194
99753688
879106736
556649750
209237236
37184523
554126869
634424334
40500065
969391097
788618903
33057252
561650669
745438903
947257550
109114016
627855345
450536956
653616666
181629140
165562632
947513092
747103980
774082002
795455988
934829039
412988526
341194382
352907442
836347383
362976083
145915444
110349081
966026337
695973422
798656121
998710505
670197092
583142376
875582374
665547474
340662227
222678705
45548864
97640382
504795194
327928585
486666284
279728041
946896548
519024066
952200533
417033024
423137539
297744464
160356855
619939196
264754564
212309311
759168908
246479219
642444553
769831311
185184271
313674752
259968180
483094455
906243520
606700811
42532729
77724948
178769388
800339314
745822450
377238921
536866500
254610019
504530633
201285762
647295079
147956732
325289888
519177847
619513661
171835564
474456970
28045217
59307419
918636928
588980465
269290888
232775392
196090660
605726830
470235892
54695678
562336946
11795907
30375848
319991217
962229774
546433982
528245284
113278277
315276976
25080799
591185848
537831625
967676241
360128521
142556183
946261121
976222171
693529139
357039880
235494869
409837682
733857021
814061347
5810277
682332238
32496664
566065003
403872144
705464292
689756318
542032176
952788626
2384340
923201463
998204151
106389292
803429662
436963878
599486070
758145277
349864139
299360490
27178236
927385157
26302683
104266850
789758539
299233402
305431392
560226231
606875825
386669839
994385854
513385433
81925681
548522458
202583777
209653929
882868059
221987246
866204209
879217263
586072013
339346931
917135235
198682159
252536975
17625749
779306540
910789902
870439994
474955737
85350000
71033070
919847785
591889489
976935913
526605942
402737849
317758433
835678122
750767850
149238430
657360042
453407859
7582182
874517817
72140549
394107970
995848435
22948186
370410812
961919640
334236368
273877368
188721787
571065410
808020105
823183388
181629140
78005213
262729188
369328462
590869214
326216261
366355930
27178236
927938402
403468110
120837685
237431778
711386934
357608835
876854161
854583907
707457012
213856818
71269201
318703506
947954361
258010298
417972168
642067326
343421639
821412101
458485672
287333745
646490568
753032188
754863889
493155360
769177746
192349193
739565421
228367045
57361052
776237043
470558447
514829728
373384006
883727329
907528519
857131488
666236727
906587947
342042804
510515641
110349081
167069063
439693125
553810682
181629140
945242755
612783014
971912336
749140588
385275441
453968857
764617959
275274950
238632946
223673998
54513357
309398193
135662455
414182677
26041975
11859735
763281559
670224103
877591864
387422162
218098403
738769861
851404610
126393525
793715933
45192168
872098868
210782759
358317946
921131870
651997290
444053332
146786168
133297725
167112897
918555147
521203381
135021494
775804602
245437289
385680196
981725220
802248129
494362770
429669373
57705637
366075081
891863329
830911086
77642454
733443111
691234434
656314365
709561278
92613376
207854418
822098336
150167712
257056790
337793656
185184271
737434623
149874155
115721922
648182276
537281929
235015947
653746718
264941813
795339147
853014783
629925385
119166193
228634716
335559058
367172843
910789902
444669024
896192367
885626042
274978340
415810191
734351959
743671620
958756356
313056928
378905261
454309725
339002303
759574763
781324055
281393512
134618008
708623858
43942428
987155842
697899833
395777673
237583210
318115181
857487920
43430801
542224762
325067362
235726469
347368971
521878879
976685681
846869625
145481838
763925952
865686163
736019015
806388205
13541284
844472244
132038040
299322636
766043340
242791866
14428330
49896972
974918945
947047242
677808970
279126939
529573406
348688083
194931355
883727329
489573661
464144948
238632946
601589387
337024651
892977284
410948467
64448785
240821971
111174301
956436161
447112787
119166193
409290282
359789235
664500759
717711636
217330509
386337294
224814519
274654908
744988923
787677119
222678705
167069063
185184271
93075679
789380360
557125992
885760432
321222641
514564544
502215917
811230923
251390666
544738173
113930810
975143130
863428174
148061036
172316311
58086355
397496035
304316804
673745685
179094468
851198691
279191071
574245394
716083537
397586720
799867044
416336399
398705283
102297181
90372097
784969695
931464034
294846859
320021118
740350604
858864137
934201997
213178822
322645335
71337020
791439741
681098212
940456068
570405121
794548952
735530511
793090452
681098212
828770842
871296620
9684938
70600389
910786812
866204209
693121584
732891441
21794471
42508280
229113311
933329757
889986276
980900949
561650669
827425557
178935065
110203551
105224553
898498878
287333745
83959539
493957721
160025090
650664046
814061347
980568674
272053931
336697473
259671697
802382669
87093028
130358790
178769388
843267370
753232674
75172869
560427605
20323451
231690864
534120441
568954206
299255074
851940454
282591965
971851252
172835136
692039054
264905001
564043690
575615876
159250242
526517448
155008924
354614197
370700778
163437370
149238430
155609450
545187375
675442190
484007973
982198000
952829156
241288452
159390630
508081034
683477026
919847785
159568890
225060404
353101427
360128521
80649946
273767254
126412316
866829970
243906652
161377513
812777971
685204054
761270887
72501666
973251421
364249223
356149181
345527624
228857206
13418899
953202101
486949110
857070917
548339437
559116185
667449159
3255078
720648261
740092340
410997708
554370391
419848486
727238724
276775185
269136593
75037839
191269470
340897383
835140882
203787768
472011502
489631570
539928037
899631676
871296620
952565549
719005707
937039831
289376552
753902836
235411936
378905261
329824873
619182572
406972433
649882910
742893681
135989877
520236676
105290095
708299857
882985943
210082432
88670278
274887204
216221926
50039937
813834783
606477831
1174185
692738762
906595885
976222171
423482488
741331732
913662148
827947872
793614308
502635108
140775366
333625853
395520796
35025960
529037849
756964626
987349975
935597404
205314135
74289492
408318260
528498045
305892065
645284610
794499092
29753887
532217124
971532666
917564627
371343694
581590838
549497524
280114407
460588606
336409842
584500239
186210856
161956159
784191838
373003854
57705637
45192168
916368366
136884559
738151201
704599896
245425177
445796366
266715609
453500564
124130257
795952976
54669762
276349819
458485672
949251978
761525159
691840120
75037839
937575462
210566566
284152087
259080477
681241782
8732094
480202231
770133111
197065535
988376492
955645502
921904755
460651646
409681605
643759880
242184509
195612989
602019714
335549258
602523290
819876613
690770484
416103440
906695501
354680145
88853197
888056048
837134157
428619925
570883861
198108999
685204054
351228449
456419842
151023350
34815318
302140658
651936834
497459943
373239567
360360
361898816
240710407
464735206
561960584
705331267
99593228
619146733
686676513
534281626
945242755
338905383
871296620
529573406
432676718
619515968
84544224
935547852
882868059
255206617
806492209
744707662
406524814
686073636
934166969
93874396
939457477
86199088
972460562
913505412
45413958
746875441
128367386
925031259
548339437
518316693
634321749
639589074
857084906
947257550
302860730
755586646
925046620
830866741
94114397
337024651
963459009
759704672
673066311
567778066
81806695
44387111
950509003
240736619
916099202
312964811
563793168
883067706
585680003
578271125
348660146
291824224
634399106
270286154
497172869
104339115
593985813
896837570
794671118
551490506
213523557
257670128
668604121
765025283
325130264
561462960
862558221
266583855
95687864
977030692
880227900
442791907
112447508
78219057
493957721
635868872
524897878
389071360
468434064
242590481
532030154
695605089
611804693
917861420
506896833
70337395
918636928
843230305
105741406
126487044
548522458
633955812
260204321
275775836
518666575
655627701
911293849
117419035
530182631
421679565
591090397
756554259
741331732
218743671
922278297
30460214
505796279
131764369
785325286
760567873
127731298
580840904
922921285
294972939
246130001
51078894
409837682
402490424
340459375
651997290
477620781
429385955
543519592
89539629
537295748
962229774
360128521
206370355
489935420
707665815
524062683
346368715
298933739
695973422
322412156
33868311
946896548
45371218
566743636
177022130
885712313
720648261
545129557
22278989
378616015
668936405
987006938
733392732
104278520
392926626
632964770
561148064
727182843
366512522
55382935
147956732
997993217
364249223
193840647
3408431
181629140
103631677
963243418
54513357
119517565
865340822
886931270
313056928
746098213
433135168
621503692
85188842
885434214
549209891
841373589
691141367
340459375
202583777
524765267
996636341
126612019
957894340
920276740
927886037
116051512
963484151
554040964
157247504
325720925
113278277
565916153
999268607
420177301
707665815
862067341
562895691
121083949
562076326
750720079
996358323
976222171
248650835
929038210
625993214
943224082
677953109
522067738
749622606
934332415
866619223
372906456
532030154
913505481
655309272
833877412
221737340
600561167
106609250
100339701
817649562
628905582
197814512
707991037
896192367
867015130
709032463
395777673
615578833
355760359
233032261
671598445
282761040
466541751
659949354
434416659
276706603
441297770
744449738
882279573
352031342
858089636
882214108
956363108
701329257
70687524
677489805
354786212
647295079
880061175
751924123
947954361
519039986
278073542
44314627
648182276
441793
479739143
734101620
442791907
480810896
807657932
974918945
697826647
905647381
905716622
171989754
118765210
866838731
493155360
115528380
653678084
834159702
368319430
444669024
911531881
229962939
977546820
286813258
735437886
298394132
646105804
391704282
294786451
566288981
472011502
912655054
358602702
145259431
784067079
124751142
136884559
912253858
451017665
361195985
95655687
152672015
363728028
160025090
530447093
235053409
246479219
228278183
190591235
643477383
275785303
690737745
545187375
874692678
3408431
473096031
15015679
395704482
690195401
331827195
876953877
770465479
243678342
546940128
661482778
671185337
461530025
89883449
811785106
183876027
840790917
839651716
664435284
771912445
824627392
523280961
408318260
921101051
141906491
145915444
577558397
808658516
927886037
489420835
110303951
549778550
71642825
756546302
430778628
986642912
634399106
351565453
124119122
857070917
479015156
397277902
764895461
431950369
663162214
442770324
758672060
235322196
611804693
763641364
11328290
128007956
878131711
254545909
441297770
586691717
732891441
291824224
634321749
398870832
416770318
160683377
212309311
115528380
670197092
709032463
762276194
419028627
525613259
335944894
673640257
945161790
34359874
858089636
753902836
444788286
294972939
704585511
602440265
317353858
341444405
843299956
667647560
472011502
806313076
619939196
223695140
808394658
787140563
159045950
79176146
697214758
106389292
745822450
579618030
916099202
466709804
987756404
202763538
887380157
465587470
683477026
921904755
490712924
924212835
176764906
244558325
830911086
7709305
388990176
411821979
916099202
498330451
20323451
940701646
697430531
472011502
502715370
347168080
530461930
143413060
884219840
361619737
860256882
568485213
502980551
224817679
979119242
651794170
574534492
110689703
146576630
819816377
327952581
328485030
406109185
722518289
931320437
374158989
630550655
735079421
786780709
615670299
427942980
192234458
296774933
246245204
517008466
121028004
145915444
423991240
855978117
251301813
739524681
888118552
412599343
130363126
361039145
142037553
445065528
816203967
639965606
395777673
721961849
631062218
312628118
391704282
404888096
590096504
561919904
673745685
52487936
857084906
423072745
8576661
831502419
175435877
841347588
44896064
868640977
64045753
361264649
806208764
180740490
6300175
967604773
799515077
249122015
910585520
595444751
648517946
74289492
625993214
273400581
151149875
344526263
815868473
747474245
131034666
110303951
513857759
55272595
730608042
295376833
615578833
479282982
777099572
915606489
302331073
782067901
840396007
997603707
577558397
910949169
704585511
100313784
477509810
793715933
995582295
998913986
862176353
119517565
309012251
516232271
112293779
22278989
147204350
624389244
963307313
715057315
118996543
318703506
378294829
894504852
849356058
943215129
161665162
577301783
836448991
671575005
487595663
289681227
896658083
243678342
185194425
331913928
319991217
766349653
510130598
713189031
625345143
606211401
622393154
490590339
619392513
819167295
116213385
204340529
512968314
520566896
362357499
503962789
962768704
927938402
711017225
891554440
125501315
47509181
416800084
428025657
718752878
267640953
657549791
910996055
540737380
963459009
780598937
917659776
102031934
255188950
50028226
768743803
256374784
373384006
796698725
221200478
891989769
736540687
783571513
31791552
332315047
988959073
317816452
411167789
686676513
67338729
397586720
207220541
219343917
596481200
718260062
44237563
378905261
504530633
849827760
913830218
261717200
882731788
362138024
80878527
536925266
246130001
812868218
329408785
111700105
336762088
574402261
374238350
673741086
737434623
932592000
796342853
844163295
81744239
593985813
341833803
209903741
937928423
590869214
509110891
16596268
72426849
338322303
98460514
664546931
740961366
134618008
229397345
417440107
441793
902794171
866965659
467260383
290159900
815419419
405039579
871268922
779022988
364210870
754716572
341048950
204720895
514690355
936206232
750767850
980974297
276775185
707222099
274831335
838676534
904858696
525824940
624885405
774082002
891554440
762599676
440136885
635690534
569117730
229038795
783711380
808898840
770489133
781628275
378813770
61465412
237045321
946844822
677325861
290995951
986777772
644951129
292392151
643788112
974918945
374244915
259671697
842603526
943149042
668550997
438004748
420897486
530254402
822618730
623473565
314355843
213523557
576144230
435779589
299099734
168049834
320027683
774727016
698590841
942318222
490590339
189584689
824985283
436883996
194004257
866619223
455581591
254610019
573619267
177699093
538736183
319991217
146979595
909649933
126601087
549046568
420863457
242537886
88844458
306022453
854862368
385436455
173490858
549778550
733169840
460651646
264846066
366263270
444554121
504795194
739565421
900686107
339321942
214875621
469192528
775657172
71996542
728950773
230706114
949222246
936323492
258674093
667220579
650606751
174624378
532217124
395684981
473824857
541026019
920277924
39556977
150827075
52725035
339702450
683977840
625993214
971851252
184417541
199722812
242791866
133690229
434226951
518070524
255354901
973683102
753580094
861142218
603343190
678550115
577558397
435779589
455581591
616529081
119594401
279890360
653358413
440429930
532030154
460257509
689473818
583804857
13365933
218914439
454490383
24466668
451728122
202738875
695732457
824328873
104266850
688361030
898096066
476390777
789005381
374830492
506515649
116051512
204720895
390456801
634424334
421679565
278194783
545129557
902562470
716287720
220056291
763864269
254831250
477411902
755654419
826466155
221143737
963411930
467867348
951349453
841015483
514566735
619743860
225050076
712286520
317353858
833877412
932492983
171771281
271970424
619490260
320503359
229540678
325792058
506515649
728002739
751976465
763682428
154498774
16654254
524610947
286976524
97050984
416675769
432676718
530209670
802248129
877591864
604326368
742950245
785615942
377625764
931183119
816127179
859922764
169847088
896611764
648010563
1174185
24241822
705927971
624077461
406878823
509679509
150827075
476893714
43820999
505278861
9840153
238632946
52725035
880513419
705464292
285859923
38626513
857488315
993572383
725239043
279126939
898575531
581590838
247989773
290019691
380057525
387422162
686676513
823183388
871721098
842036484
368658463
989122055
339321942
411080432
200229907
70337395
52494895
913106313
459009688
216546256
436305342
271293688
848407760
53739143
862176353
424723885
839651716
882459854
910789902
478646447
609287936
284152087
843707691
323135524
784969695
53471364
430721992
343037874
308839617
657326107
39454611
402490424
83924006
216812241
126396471
793129502
987100304
22531247
32496664
681020805
569857912
837206402
472884500
99593228
305142864
31757095
183796833
581384535
25379619
93945040
578445932
335209083
987100304
929261246
344241363
974918945
163437370
213856818
424863874
696639961
922921285
175650932
645284610
122198726
279531295
818182954
931584215
420863457
581807886
507572775
650639213
913982657
71837707
989151371
644965503
851198691
206744726
559016006
702741180
36749288
92116737
706784967
937518076
674079998
537069076
683622406
432033223
233851360
950509003
741987766
171771281
603157247
314157515
941348130
140972109
10960934
174624378
88133664
918371067
348153896
895060235
130893703
889986276
286886711
916032423
40881249
593906320
981426062
593316762
449663894
109655940
929325193
382788921
899669690
923367080
468835088
429736273
287880462
31793659
729960046
538742450
301882866
766401312
548040207
352757829
306022453
640993853
130693451
165779551
364139037
465587470
150167712
191204093
244558325
334622393
983759144
207952787
213993752
234633871
691052551
728194530
204483824
266715609
428025657
543949412
833877412
275775836
378454243
286397169
185184271
648491427
132737237
54055809
792670982
964638776
884219840
147892430
20265450
905647381
227048087
917564627
317142792
831819045
327133072
623258415
450004611
524610947
77724948
284617695
882459854
318703506
692738762
380167947
279728041
657326107
476893714
987349975
624702115
302893413
515165867
824549476
892049810
507810618
896837570
478666554
466709804
977454529
163957989
75868781
593388193
551473233
760435910
765025283
196068169
377138060
92085960
599245265
406733306
459130269
190122847
625718076
190591235
844469656
74022590
883597413
858089636
131038430
463532907
648182276
276349819
397678557
722937488
905062233
129173388
283053169
291168042
623528936
747479643
419737080
529333408
801897051
796871223
761966479
124366070
912655054
691141367
661847941
235053409
637225061
457981824
88844458
991477582
169829999
386021526
621868124
39831189
77037323
710726486
280751003
80207986
149187351
247065774
15811141
739588416
393873872
634099962
822612016
330976931
500913377
352303414
288524703
89727520
9698395
655033792
752741272
601589387
889087529
361195985
274831335
897573889
320065609
66308413
269147658
320416247
944110978
706042503
424367098
281687735
357608835
151299217
595692063
666146162
470152162
9840153
240222857
110203551
479926495
865159874
837139625
842421001
404719490
834061110
150827075
246245204
774336737
213856818
127918242
32660965
421213371
580017809
341692289
997757309
190110857
708299857
277586758
593388193
858615998
778134208
774525872
494045367
814471947
312628118
664435284
678550115
345527624
911293849
759867621
960462159
862692060
711853454
459917588
931320437
489631570
105463709
973683102
788793568
211449370
198590636
48752050
454709418
538228486
386367275
378905261
163957989
569964076
898601260
756406580
678256121
585258973
777557378
500618614
553729773
990320809
944614024
704585511
323688018
178061338
776176626
254449124
644509246
571510333
430427250
613080378
877591864
302893413
172316311
322324465
147537094
374627928
321222641
317251978
336155126
627265639
783711380
280668467
135662455
884712848
779806357
690067785
243990042
81117268
493155360
879074289
143390169
160025090
899669690
567778066
435779589
501401606
915197132
448949784
857878235
362357499
913505481
669960318
883461195
419939070
607983503
361054497
19219318
549046568
316500163
202025498
909422885
998890052
345917911
675476065
913662148
551598352
691141367
844163295
344206011
288613831
325130264
754716572
614741072
425011841
135042334
366506893
681209307
542865411
761134959
741920826
358946678
455581591
286086147
806308993
134224051
687850850
784969695
740575622
423448279
689808611
517650315
751656813
718417780
963307313
832106108
175544234
965701394
839651716
990024296
783964096
946558265
361781475
110303951
440925808
611024068
90402653
988821398
75592969
929465625
921957729
127020918
204720895
762036348
982058946
159045950
958040581
664352708
493957721
264941813
238632946
772144799
246479219
846656961
359789235
274493725
77348418
532217124
185678120
910786812
466541751
406709072
876460916
532030154
715607659
200588692
967655311
210082432
716939903
840328788
742893681
971924009
351318026
653678084
229832977
991774260
885903123
51078894
262679419
25080275
499601177
798163988
287254936
361054497
746348761
288971962
352837118
138350289
910332057
58198319
650660755
406302821
766538800
242739340
963484151
474952030
947513092
897718958
568485213
782677142
916045459
6947819
535764406
794186310
551065051
439180739
243678342
13299278
600939206
644713981
882139989
911431539
174624378
548339437
998890052
362976083
775004312
537295748
336409842
278194783
544905014
16486398
283136512
167069063
784201012
782483652
988545087
316453010
422991300
110349081
46422171
190427781
545811890
782003202
870409069
281283725
126412316
241514184
193522293
930360620
336409842
507686439
479282982
218896562
677603120
797948902
797948902
115992489
201651170
588601036
443507719
321960274
243906652
432676281
35167555
781628275
324288671
442791907
425719752
718529924
160683377
752664492
23027
418976212
740350604
631821488
149072977
276957762
488825359
234642106
610468974
900355462
469590510
627705409
225894204
525346800
784479687
159568890
320021118
873528982
484947140
955491471
660991922
483115742
923433942
222840460
112791726
150487792
227048087
145645456
133840056
621458069
314355843
326540670
511315110
486931956
453181508
643198273
800207125
767198560
295625824
625608948
359944528
71902846
377666749
254609123
43501170
199334486
939378739
655627701
622393154
405777433
273311604
396049871
232614492
134704293
365762632
489330151
583142376
229149813
976965596
855813697
520934922
845773850
533623721
637526659
184197010
674388934
23989768
865951590
781888786
368561209
515687213
715139405
946685199
250592483
391815613
37184523
175054050
200985064
173541046
344206011
368561209
381779589
151299217
842850369
797982721
531424911
191269470
604073098
705675831
996628996
684230638
812777971
98638580
130693451
670997786
641212049
171519720
416103440
358034824
946688033
736086088
613325464
278096657
189022823
54674614
879109191
185630411
757337369
115528380
721130755
490608967
537069076
593388193
670224103
886297826
454709418
380767301
515622658
912253858
996586977
460257509
24075178
858983323
831819045
287960609
236089264
940456068
73065862
248529623
296774933
681773894
244025764
400835514
827750535
243961347
658078502
8498132
318788285
783571513
275792717
693211735
868640977
674669955
124314115
290571392
365454283
344015918
743325434
810970940
630014726
891863329
347758716
539778235
83959539
567778066
274887204
480606376
646102232
165826181
328652851
422925141
493155360
944566890
640993853
355845755
480606376
290220066
319991217
467118269
836132757
101287873
254609123
740575622
722518289
865255024
95687864
597133312
231573073
784191838
165166683
934332415
359789235
531144641
430864967
32111559
991616585
806264998
900742540
378616015
384890783
805213015
607983503
967655311
564114473
103333664
495540835
459033950
296774933
224806513
973341029
221387613
184417541
611804693
727114726
917253567
959489963
58956567
132966544
874581111
604326368
43377547
131226189
13418899
867795275
573132987
909649933
221737340
692476371
899669690
574402261
936206232
741938475
266715609
488309122
43501170
438759728
998273144
753070867
211303280
172634685
775261579
949469283
869671621
32795022
720964925
942318222
454644231
654848179
57584730
786275422
753070867
823237313
504711264
479015156
304815775
38621709
865686163
464213091
965245364
158991111
403872144
36608168
743705259
474955737
240710407
777099572
50753306
939378739
779376310
553474145
838893197
178061338
9000783
313674752
378905261
558738068
690931026
644870229
750185585
933216883
149072977
208795310
281647789
601589387
718752878
234499033
151027413
902244972
750746014
618150451
812718396
199546229
398731101
355809959
545390143
326216261
255809348
16250311
246704809
963243418
928283433
263230092
850793312
673741086
274831335
113278277
295719999
430279013
567543200
535729086
229113415
465095614
6955345
542121053
924429248
59538234
573020095
198682159
330817280
805970302
96623695
850162080
868358896
611024068
106539967
520111431
246130001
409416785
315276976
943194422
312628118
699732471
432033223
840508076
70696264
228857206
957779055
229113415
349944490
432136661
812266337
453967728
248478546
739466547
651545032
681773894
691141367
931464034
651180948
239139045
179154557
817846191
83352113
886942664
244558325
992908773
759574763
221989523
67688421
941574158
541520770
841347588
998204151
122519851
341558041
739472751
396375854
931464034
417033024
297744464
928034519
789005381
450709277
164980179
44093214
784969695
94220011
130972419
651351084
566065003
136507983
698416852
103158919
884712848
261501256
276775185
320143785
331200685
754863889
812444633
909644162
312628118
927938402
105809603
760574156
859290788
60009287
648010563
128973339
284396336
624077461
197806806
244131858
822618499
747749778
341692289
218634279
731861132
567848912
942621338
729961356
741331732
205187484
214856547
814061347
222678705
419662683
115803940
806388205
430678030
507372030
63859273
913728537
408833907
342634130
773362750
371457376
147460667
571933604
789967384
715607659
578271125
437644188
889146114
502635108
200229907
321960274
496035406
542865411
984549037
173541046
503962789
179591125
478779172
703164983
335789093
136199616
104108403
939581799
281168105
650664046
866242419
361184389
923871682
536925266
141880149
644965503
492843004
795152549
822618499
677175467
875074832
928034519
931320437
378905261
760433876
295376833
392662226
147028465
61932085
284362512
251390666
414182677
109820121
493957721
970336503
607978798
183315665
609135129
694196886
246130001
681188303
39556977
421213371
624730194
688806611
606660605
322547930
37007427
222678705
775489307
77642454
955645502
162378889
935721287
606305017
723747949
999023274
271598565
194997170
671575005
505010285
411262888
449626087
84312947
530209670
211515340
192987917
882731788
931255729
741200146
511761841
980266267
985010043
698296366
965701394
535875688
517305096
875221339
988818770
942256826
828659512
566743636
204340529
674669955
46075177
841347588
192987917
740867539
312570439
150487792
990024296
544162488
70600389
844290518
722122666
274831335
200524484
317105426
608325544
903864360
374627928
458727445
184251912
406858112
60673420
939504509
401137524
707665815
969457664
141906491
912463554
629695651
305892065
72217707
617804736
924212835
419782569
185184271
127918242
609887093
880012975
152419123
333285206
638231051
236671353
11795907
617804736
361054497
572428162
998204151
552310474
481303296
238632946
989526626
69474826
406524814
706530895
751924123
535695959
429669373
808495003
719337492
365492724
630779995
517305096
721961849
924212835
710726486
444337560
113703545
597931017
888982406
377238921
202114646
909685460
924212835
228248130
5367400
705675831
675476065
787725985
5723654
993540711
85919606
607846246
322731992
744640777
150561057
963476682
722428861
634707443
89128947
320293178
45753120
853120706
720739518
687193820
111875016
191960613
375509238
487373430
162427389
484028483
377003645
43377547
854226690
65780016
988545087
745613230
556596764
7025229
75868781
661847941
340915156
516493175
231659344
313397866
242590481
460131108
138842190
866619223
831028172
243689291
568812759
67995708
538311134
729960046
599255665
843110544
406972433
294930453
197180731
886931270
91297901
424863874
977602253
320503359
518666575
467517396
469867625
712092439
623294605
988258985
285704831
824764933
19823643
229397345
15806106
36117011
217401238
86747561
126808471
829959293
349663397
251390666
706158367
355240482
169164756
73065862
660706612
29134382
841286726
913318488
891989769
407171238
417440107
441200642
254610019
432298794
917861420
990925063
331913757
606616385
225747598
244970320
835482991
246479219
694184924
254545909
183387696
267922159
960608121
524887613
317577003
136704482
685204054
615410090
236337973
814061347
554395372
655309272
419848486
976935913
976310855
290442436
758672060
750255014
508253235
579701439
776862491
722673985
676073439
177142018
568485213
13509438
67640556
795238041
774380516
762599676
716706161
661210112
73065862
115992489
608183285
372906456
370109350
605535005
703525943
6947819
729481902
898166965
718752878
823120433
35500816
134704293
799651315
105936633
496022411
689469417
464318634
627506813
235053409
727257647
808658516
755758263
775657172
230997351
733224103
921536719
783089777
906274739
182735029
453740923
8588107
184197010
184251912
428025657
658902758
898895279
269424190
281168105
145169198
565381574
169847088
530094740
875337132
441585766
81238989
720964925
635375988
163280407
48752050
560373769
624072632
318302032
340995703
401733564
499582526
64806682
696144959
636460657
880064271
16486398
390726302
898835908
539542155
987155842
649882910
889376377
354258948
103449246
646207231
635129242
373901318
784969695
747987936
472879654
685943945
162378889
758672060
862431409
194324364
532105246
911401872
87496312
317142792
258503773
571510333
82599855
489573661
307406205
682332238
943194422
387896793
259671697
161665162
248263240
731226414
927886037
857070917
128007956
553459625
256673858
587815611
344991991
910585520
151299217
244970320
766823490
940702335
968295818
891888735
523800016
505278861
548040207
598688649
865822374
89727520
759574763
128367386
590231602
635085890
970627656
652194421
317142792
273247116
370801601
713053020
441679447
430721992
573157895
52725035
479015156
609078803
514829728
75868781
261102281
534747052
971359908
767303201
354750269
923433942
904792633
104108403
514554554
802738000
851940454
898895279
621460504
591186134
441200642
776862491
550007972
702589140
605535005
243678342
766823490
275775836
190668430
506515649
603104643
280563115
506515649
698230035
486804716
592911676
826841863
236428363
619385610
695763095
880537704
378616015
887912374
507372030
57458251
152168404
563545851
426033596
659315129
892882943
478217717
474604497
284396336
266427285
961892813
523800016
977454529
722518289
635129242
528037567
12273710
468924580
242335963
466999377
37822577
126069193
48866837
322603098
626598230
103132153
948686792
463218495
492076539
302871
326709075
590625838
142360356
739881009
547778637
380408848
321691918
577301783
193503327
404084671
703369260
918371067
391905046
83924006
951349453
422098276
716823762
128847803
837134157
373384006
61827593
926410050
26041975
614907922
422891295
921844625
708440083
655309272
475899735
790129479
94136798
299785721
747987936
457620934
806388205
249398623
8054660
361781475
831168449
831168449
440925808
931927116
483094455
748381992
16486398
691840120
444601843
811230923
44052816
521878879
732891441
981426062
407998438
107262809
151487547
764820290
622504822
59793356
900666986
553474145
501678262
77724948
363728028
871721098
172448910
546634987
553459625
281393512
916837933
864613039
221143737
909470713
882985943
590231602
918732716
409416785
177368732
758510367
326513436
488022465
339704578
811230923
42126337
45548864
181122091
317816452
13299278
367705107
83352113
870409069
430427250
3046030
744707662
577558397
595428766
982233053
136507983
962229774
770724766
45985840
625608948
957100302
878131711
557456235
564973561
647117243
42508280
375021138
928147972
274831335
149913510
875063683
916368366
425875506
369936260
26259510
770415534
363728028
899631676
313735500
625571622
83959539
996403787
17356576
606305017
255188950
700419224
208795310
57454438
320065609
402353666
192948180
75248355
739565421
91228151
93743307
331913928
6300175
310571394
285264818
71837707
32795022
354614197
317251978
811515830
82765802
880262990
264941813
644509246
419978799
141816558
859749505
301621150
198995222
423877534
478863697
606700811
713053020
906274739
362912578
511654142
720407823
960025233
565275892
423137539
361781475
284396336
415663780
52956912
923402224
259080477
434416659
104108403
563793168
105463709
496035406
145284413
676101833
371565622
216333066
892809796
213523557
706124495
93743307
445405082
714787413
969168610
970226898
287960609
607014349
799805076
536861678
90372097
67777816
918780370
591770684
257670128
488441120
147028465
931255729
300239313
775261579
990925063
611743067
801205902
362138024
909245977
542121053
265066851
408950583
291387468
705331267
681773894
800541464
903273058
949692731
35401954
896192367
452308045
409899698
970627656
815045476
437685866
309398193
792896178
833508193
622393154
619513661
611184474
753526356
467867348
113909507
391704282
604073098
580736632
329408785
838676534
951349453
314241730
123729077
477888590
744280341
911531881
599601711
119517565
381387711
919692462
883890362
720162115
844472244
984952210
460131108
894246612
104339115
891108534
427193422
137587355
808495003
258674093
520111431
535695959
585518458
820114315
713053020
756007642
32965409
262679419
577891604
861899041
361273813
697214758
806107795
16250311
990925063
568512686
887511939
844919271
111700105
584034831
524327695
520258147
1594528
768743803
403761944
959466116
474154041
521203381
224806513
197489706
1174185
274831335
441793
24096974
841055356
634905077
734846476
436367177
183315665
230997351
573067430
790724480
753032188
362930671
563793168
892882943
746098213
879220233
883180483
597632463
96050310
167069063
973510014
206464208
270037967
214856547
145879631
331564019
905850888
546433982
664359393
88844458
871594125
534747052
98741135
898498878
928053228
668184214
340915156
934829039
159568890
274777164
524803129
741200146
236089264
673745685
535695959
879217263
85919606
633924325
245437289
43377547
90243903
997993217
390726302
919386298
417759360
981633523
497348213
335577823
299322636
580840904
382812160
934200491
261404473
377803750
597582799
860354470
740350604
510522193
287880462
794025995
271598565
582472967
580743733
514554554
872954021
274792471
93748428
955718067
272688045
475899735
104075142
692547691
89287156
135042334
843299956
705464292
15039537
675082707
167112897
534311758
243689291
882868059
791241750
911293849
180740490
331913757
177022130
516468883
863512815
290159900
377351326
800339314
833379905
169164756
827739901
476390777
167021268
957894340
656439860
965701394
858864137
620669173
630550655
726148995
956927093
378249564
601589387
278575828
313200854
898096066
911531881
707982931
453968857
160683377
287960609
40293370
885656546
179707238
60009287
167864015
137918766
122637109
879970761
372906456
871721098
735134534
752114649
240548774
397586720
453650848
250592483
916368366
741200146
810366315
794548952
998168674
777891107
643184832
512049520
570883861
361264649
190427781
377741373
301069139
156432001
110349081
232255482
352031342
818222241
15039537
435661099
233211594
586240022
843267370
722937488
341558041
562336946
648087082
159469595
354614197
769831311
425171868
793367918
340372923
355506752
480810896
35025960
623528936
705675831
757007301
596940900
979028210
354108923
916099202
256601052
397678557
514290642
231562985
485516324
846869625
407097341
354425963
910803842
719637497
43854334
307817912
219339466
278267987
575391677
704499338
655905162
852784379
454490383
810366315
607186775
614709355
694857316
341508437
430946760
402141629
681209307
139730253
911493080
113278277
133969249
970627656
761525159
925328363
955207174
415571890
685328536
174407286
751045321
987723930
703164983
646117008
201651170
789380360
267472580
858089636
860957868
273400581
806388205
669421111
860256882
586072013
921098205
594694758
287273929
37327432
344206011
480833748
323081087
548944911
900666986
581057036
147923576
681804818
764617959
250770526
523887314
56369509
466709804
790129479
957273262
789005381
619515968
432433526
63859273
41815963
298114892
928612867
652415626
496825944
311573126
553474145
403574323
368492373
567439893
419782569
240713897
530209670
245837036
372906456
522367736
239139045
879877667
164114776
403574323
519742329
196923852
272688045
691052551
327133072
621458069
548944911
221569287
967786601
2
937536319
885248942
690810010
984788079
511761841
963484151
231541396
940701646
736062582
270286154
160769050
906695501
549456183
770624708
135708002
349816138
868640977
364139037
199119438
205314135
74727472
344241363
882985943
61827593
873066190
360360
389961961
810277846
534120441
372906456
404888096
621503692
186549993
385275441
819816377
962807327
578843652
933788414
590869214
256374784
998204151
153948174
739881009
559560219
460131108
2384340
455804604
669487713
682081390
907887148
874911723
841373589
480979416
752741272
98638580
981812962
560986700
527178335
913662148
532156957
211449370
709787434
295884895
723969792
916626930
593388193
780435064
24075178
238632946
932319752
76110619
562336946
84312947
579491875
638147832
216812241
408101083
151023350
748546638
558004287
2911034
187253159
835675771
692738762
15039537
35845206
297385368
706460151
615410090
745885264
655512862
692738762
460672795
528498045
235053409
537977462
935589006
900410098
675781280
986777772
150561057
942511259
551598352
291703974
648087082
738769861
220585550
931047480
648000464
178935065
822618730
916099202
203433283
763991504
560228737
687975061
607430505
768012139
437955751
406972433
884336684
335209083
518667991
205230739
496764746
996636341
735387716
811808922
329923419
46075177
441793
769941417
24466668
176764906
532030154
979677995
659315129
27178236
79162832
606700811
357039880
313056928
912655054
651446249
667585617
946940064
472145407
631137965
738769861
912339885
801551987
666746479
170445691
861228542
634331762
365002080
93075679
142037553
185184271
891043472
242791866
279607688
495061050
868146443
717231895
672856736
176052073
26474978
391053363
819586855
199546229
142216814
768335112
70600389
375111401
87496312
862616689
760391543
235053409
878131711
366075081
591186134
31757095
317105426
441297770
897445301
453559193
375021138
489935420
549456183
872183036
581057036
221387613
960608121
274831335
968295818
938095652
208537442
357039880
859450423
410948467
684230638
446329391
395526789
425719752
549456183
707982931
268884083
711386934
762872722
659949354
966714807
468835088
254005716
696639961
288613831
340314682
843299956
879915101
422891295
43854334
344015918
257292069
499582526
150421428
619774309
134704293
897959226
384701618
398972640
270440549
909372225
922173907
146979595
686073636
626430793
684120844
22278989
339002303
795200256
4233067
1594528
391239172
322547930
756272053
737354771
273767254
597133312
160683377
225096935
344410374
530447093
500836384
809098483
923367080
77037323
124828950
335746348
842850369
451740733
643198273
16654254
466555080
600791368
501383450
961097067
81008506
326113117
274978340
967344817
590958914
42126337
110349081
568312199
117563694
388923793
502715370
296774933
537831625
983759144
960608121
931320437
39549321
643682129
807411836
866242419
739565421
777462697
632936726
310152833
974918945
506515649
874517817
102337064
491380447
761898033
704252813
442791907
875207448
994891918
815416561
784969695
789877912
318641041
795800451
519039986
577092121
639212014
107022763
111174301
524023625
507572775
762599676
894246612
104266850
972788944
694184924
214875621
698296366
281393512
787677119
358673334
932592000
780027808
841373589
332562064
680068550
811728012
317505530
920277924
569771856
872890896
599738284
785325286
965309544
339880362
845616885
303339069
912288796
689543058
250942987
2540957
999268607
650070080
103252311
119517565
150487792
686976608
538216413
156985708
971400820
160356855
372906456
286086147
25080275
348094892
304248308
485046260
971851252
678942597
215176393
490057238
363593388
895060235
745777957
770376993
866965659
477509810
523800016
486804716
301882866
891888735
642008218
783206871
151192763
723969792
707665815
418976212
780435064
729368147
880012975
857084906
997993217
348153896
424281822
602523290
175268445
942486675
913505481
291703974
632936726
302072542
673745685
38357626
146317831
797948902
191038521
810576028
549295355
425011841
906014855
812266337
265610898
621458069
980603169
592911676
560226231
705331267
475036949
37976523
892432492
464038316
686875412
895060235
442791907
502386919
45203121
956425559
354899464
411466263
954641398
702006144
399118946
757337369
970325831
411526283
481588203
132038040
151027413
800935754
767719243
842638862
677325861
645323141
465524920
748381992
54669762
360030103
634424852
793635205
613874123
769177746
557218758
850694891
552614427
996693767
453559193
852080353
839284991
668604360
684483792
762165620
545292747
557156977
998710505
903844963
652611237
579009084
734120201
863512815
273311604
294930453
517008466
145104624
44237563
176725891
523539839
739313322
526517448
731010907
419848486
518666575
15811141
184417541
406972433
349816138
962748859
783089777
551030246
394557621
107304488
247991220
86338417
197819114
83297965
475506679
441200642
964638776
853187749
268884083
143701692
133678897
277867709
314157515
946261121
629695651
881392511
102297181
922921285
458784624
538311134
87382879
249513798
118765210
414135213
222984022
894803259
158732528
800935754
944351991
578271125
46075177
131226189
216525657
669056316
685204054
139722408
136507983
902172030
177186236
490608967
637339759
972262989
295451258
987102355
956470415
188153395
562336946
72501666
968813402
89727520
283906395
601347152
144911198
506515649
126267669
94220011
645812885
612041888
52487936
1174185
660487444
358034824
198682159
222984022
215386817
398870832
312964811
565897524
846955244
948117462
39831189
993540711
644286892
621503692
214856547
499582526
155347127
916281722
357364530
962807327
941749322
619743860
212309311
558344033
229540678
102250267
760400346
380486926
707457012
273838005
718417780
845135551
652611237
855813697
868640977
894850254
77348418
365443617
287273929
811785106
480773841
567543200
763879426
133678897
65184627
708250994
608756091
356973391
129510995
291304195
308266398
565958658
617422239
335209083
735082602
878999939
494357100
414135213
242730708
919386298
122265192
727114726
925031259
712286520
730817188
795238041
343393510
650070080
457078269
404084671
479184374
112927118
381755180
689121801
787606653
866006684
315756268
973683102
440514017
229962939
181473388
799867044
221569287
727182843
940456068
71306314
1174185
428409366
497292460
986777772
941348130
673741086
463825123
8493035
521078587
171519720
530089668
177022130
781628275
890317598
846869625
274887204
521447816
859922764
483042850
704456456
606305017
691552227
910585520
992908773
382788921
837139625
226728104
13299278
23033607
439180739
626940430
338322303
995630584
520111431
160025090
185656411
236089264
952788626
515526596
249513798
789078974
644965503
339880362
313397866
70766235
766311301
795762442
65593665
944350211
146979595
754863889
786730998
686280335
542672648
321691918
845616885
427942980
478658248
860771971
971359908
142030094
19651712
443165136
146979595
697430531
286495927
524245280
221559779
191616302
957525199
943194422
259080477
521987097
44006192
289849601
122786299
438480661
33057252
162378889
89883449
301724184
36608168
775804602
164522278
350737692
136884559
258674093
538576820
34758790
482917405
689201686
344241363
953999896
258752494
325142741
694308716
296792838
532030154
443029349
184388625
811765094
929326132
354258948
693529139
667585617
77987842
575615876
146786168
678550115
929261246
50753306
21794471
561658796
823023764
191204093
656326413
453788800
197603705
485087166
278575828
430678030
214253954
89546497
389091410
406972433
106636662
956837125
973863191
132926710
198108999
484471811
721961849
391704282
675442190
579701439
391053363
369328462
10579873
87468295
858788134
495291598
954641398
345917911
27971395
320027683
118996543
32111559
57454438
24285110
555658778
312964811
378616015
388923793
191596342
467118269
638143547
319118261
852832561
203589544
72140549
329482050
755659578
591186134
395777673
577486807
655309272
188107766
18354777
87968333
398972640
416316476
395684981
632964770
537977462
91839682
579643771
800935754
7025229
656977129
553474145
770724766
637339759
660396598
923551670
787832295
645614988
197436345
473832806
644870229
579184632
246130001
334236368
317325652
375021138
560228737
666965173
345861884
328485030
188880963
104266850
499582526
573132987
360525247
800089371
36330409
136884559
621834361
302751630
775690928
607756409
36393609
95687864
332898518
803348859
55382935
953067291
232515315
473096031
598869135
502698511
920417761
968672214
667549122
771908616
856232747
650070080
408786907
822674418
94256517
366355930
260190005
955491471
764788066
250138819
46836795
259601516
341007631
480810896
575391677
280083958
123906063
415221686
454490383
800796995
971161105
751656813
441793
53471364
921957729
947257550
336409842
976310855
113314085
796342853
987638371
444053332
74274797
983207962
464318634
997548061
241498136
78117061
844472244
799662461
812718396
994525592
860487554
675442190
826709202
313397866
102250267
971912336
987532054
119351720
724489036
278134554
740213280
318263961
202583777
880513419
167812604
229113415
846208698
701669193
48033766
130693451
435779589
718417780
735134534
889376377
720417795
489420835
445418665
670224103
966596933
137196244
512049520
343421639
454309725
718752878
442993861
66308413
878087233
108550518
5405397
121083949
8588107
752114649
232036787
986077016
182280063
551598352
645812885
581057036
764895461
664352708
962229774
742737647
397586720
357039880
407288047
545129557
866241061
490712924
373677696
214853837
174703650
809778338
929732149
712286520
126267669
520772970
299233402
38284253
468924580
395661092
756272053
234493345
909470713
898575531
651772788
729771445
827419924
824549476
354750269
910786812
567254986
787677119
43100196
757465104
116806993
562336946
114707038
74727472
644870229
700419224
943281560
215386817
700419224
598688649
689783905
536404241
882139989
925272899
569964076
432676718
698296366
477240580
823120433
406858112
435378617
656539777
287254936
544072277
488432938
13365933
414130225
479282982
479459099
165826181
157531739
63854004
38534351
821278933
536249375
2268771
356729898
64735457
234929531
769983933
327928585
831168449
681773894
261717200
746348761
970209853
579009084
857681230
401847069
824621414
636105670
951867300
930515966
689543058
758672060
40861181
32965409
989168142
792893361
986777772
962768704
247265127
758619292
870844245
889087529
517980565
221737340
637306806
655512862
695973422
816331270
150167712
49896972
150115228
916626930
643788112
928612867
240222857
121083949
378294829
559457514
515687213
914414614
828116782
203698261
927702802
75868781
323081087
441314264
546649542
145868834
301173592
395526789
276308365
529662378
900355462
146576630
921098205
32111559
107177037
189876349
351607620
793715933
370158900
462303364
218254851
576144230
806120189
234499033
272398854
793447322
150159877
803401954
594694758
519844848
90372097
892432492
250310431
147204350
333468470
596481200
761424185
496022411
641442137
185630411
240703270
174904067
590869214
675476065
747292132
505796279
576560655
684230638
220585550
29447170
485722542
300559867
707666188
57454438
374629787
432676718
302599373
150487792
885991127
792856374
453500564
85919606
349028849
784793539
261717200
349028849
99593228
378905261
25080275
190427781
701991062
19651712
299322636
243760727
30324466
427193422
912288796
593985813
236671353
182213589
830911086
182011773
559137700
70494594
940456068
385680196
235976034
988545087
80649946
278057103
909000051
235494869
352639805
907887148
670297113
909372225
865159874
835140882
458485672
793367918
850793312
107022763
156019002
905062233
24466668
784132173
246130001
616621658
103449246
886942664
757465104
100830783
55127219
239139045
577558397
346677668
380594555
887951259
57407695
393382357
485046260
944614024
435653227
147956732
839046263
591186134
329610022
365963243
769584139
850884934
236026064
136884559
240871708
343836531
495061050
216812241
8498132
574245394
19412458
526939427
853219342
551598352
775004312
31580906
609162290
136507983
791635480
877964291
440587481
959466116
271515954
919847785
120837685
42508280
126069193
209774175
473832806
626940430
824328873
528525776
356973391
335209083
58086355
917536073
114713124
453963036
227566072
675781280
944614024
285859923
155942875
880537704
22531247
125928
122265192
68461701
752114649
920277924
360128521
838676534
15425809
542121053
997603707
820281413
678942597
505147450
253697955
57454438
468435477
860137710
119202718
198021116
751976465
581057036
990552240
428827825
524765267
435779589
211415676
190110857
209665637
892809796
224380568
580762675
907887148
242730708
472102281
378905261
96050310
550007972
769831311
699198666
31580906
493974338
778263207
95866528
915764437
741221580
483094455
213856818
930515966
449502732
938003133
213348654
456419842
675082707
291890857
562336946
701392210
838898020
398870832
996586977
192487324
15806106
452606017
126143075
244131858
174975912
40508177
46075177
895842573
835140882
988258985
815737796
607810622
684043064
276828025
292962582
707345278
100102780
245436773
273247116
5367400
945161790
275966906
705675831
372906456
207008561
11328290
839651716
681197169
649882910
508937183
67967255
775489307
727240576
141352413
961097067
566769439
88670278
872183036
294846859
403932706
907930641
95372718
339753371
540987026
457402625
509892212
581590838
252083936
287880462
183876027
634321749
511334757
842638862
104266850
857131488
653343912
705464292
789967384
459278786
846208698
887511939
545394214
741987766
187379976
227370996
619515968
574402261
822612016
658902758
779376310
71837707
981426062
472304190
765025283
551065051
577364967
716823762
885903123
910996055
876953877
162427389
471160323
273311604
58230509
572089540
209774175
69635986
621093045
137918766
653358413
174624378
291824224
135042334
214875621
56738070
683622406
277867709
993451481
752664492
95655687
458784624
371057194
428025657
932492983
499692193
800935754
251589387
233104390
454559877
146013592
739565421
80649946
931255729
675442190
727114726
53591496
332999347
742061758
126393525
977772456
51936262
297276623
551030246
294786451
637809927
138903492
67967255
800935754
569631445
795423837
593200454
199873471
430864967
146979595
619490260
216588424
395520796
689808611
689457177
288613831
716939903
537281929
694057165
198108999
344859932
868739504
916366894
562895691
163280407
694787747
245425177
719005707
774336737
201285762
433854588
9000783
990552240
14617474
222840460
631808470
987006938
789380360
5482114
357039880
515687213
343978232
352639805
502635108
767719243
461537283
967655311
571806374
194004257
896658083
218914439
799928832
566203156
918555147
592419510
198021116
144911198
607186775
440587481
265149155
460672795
68461701
759168908
953725925
486538353
166610466
218634279
622504822
737289701
4520057
316543047
598869135
839651716
56404134
530628194
620956016
955053571
569117730
299233402
316543047
774940163
827750535
667549122
614747605
149776077
903864360
167733983
797948902
601467315
619743860
216834869
53471364
724589473
647875622
138350289
316500163
784201012
298933739
929732149
693529139
787606653
935023551
292234136
558069085
115445006
223941585
675442190
83297965
467867348
429397481
298281942
990925063
280751003
95687864
291703974
606211401
658908536
961919640
512590644
806388205
53471364
681020805
175054050
529037849
580632295
767303201
423991240
841874649
317353858
609078803
916837933
306682258
529037849
842980574
171700874
43942428
522485598
499582526
855406361
365884096
172807072
175268445
705675831
747987936
759433655
757337369
945242755
712516726
75172869
714617036
568512686
632815600
258562429
928147972
563545851
684230638
579009084
866230124
69474826
405433550
7781057
242635017
837134157
348094892
763992257
619515968
669487713
648182276
9698395
331564019
515622658
931464034
933329757
137918766
935547852
504372195
833379905
77585481
655512862
365963243
206464208
554870173
157618133
236337973
13117486
579184632
570939479
648010563
157449467
464211433
442791907
330599707
738769861
933036886
139519365
630801461
534689450
124314115
426033596
765501735
725730668
395661092
736062582
693951884
331564019
352837118
662394423
482701321
415571890
804145845
972262989
927980509
760197894
55382935
888496107
775657172
952200533
615410090
2911034
107022763
362946906
966979174
966979174
134618008
573020095
213856818
121553653
559457514
843707691
79537892
305431392
192644516
633955812
653067192
64448785
632743998
955718067
454165160
681209307
927886037
916837933
712514555
235494869
11859735
390714779
123252430
716823762
105809603
794186310
380011149
242730708
93748428
553729773
712641666
317732665
822618730
5367400
516506385
887797166
557631854
629695651
800339314
503782622
627151299
184197010
625608948
740867539
340995703
341558041
167069063
437685866
120837685
207985004
841384306
117590420
548522458
89883449
505475923
443165136
504155341
371343694
415459440
659507650
484261248
824985283
702589140
183876027
45562375
716788345
795556060
411674150
793090452
337481685
735437886
187929385
30243491
928612867
10389605
352757829
357716464
43501170
549808360
571444676
522799132
678143720
684882558
676064801
984031570
761525159
35238192
150535289
467118269
351565453
658122500
314947563
916099202
847430528
310307626
789967384
812394904
271777705
171835564
971161105
768181757
795455988
207004841
93874396
137448010
538311134
809947751
893876660
995630584
942486675
219343917
318942084
793635205
576149708
849273432
344206011
800170357
575802632
207576067
655309272
153648379
642444553
990925063
547623315
348337507
457402625
167069063
740328265
744449738
625608948
332168372
579184632
874528766
121028004
615931719
90372097
619490260
235980373
611531001
455584187
704456456
334236368
544738173
345192455
274792471
88844458
547778637
619939196
73247645
751966106
606147999
484007973
668415225
251390666
378443527
240222857
928627931
600006395
561064295
789367387
543519592
908476210
946688033
440136885
216568956
481583896
673741086
235726469
632964770
941490641
17625749
934200491
202980783
818812933
23446352
739881009
766459701
768766400
93944784
389961961
736473882
994891918
721961849
281283725
342388553
599590352
661167337
331294816
688806611
133678897
827739901
98666823
967420655
846556343
170714746
858552850
377351326
136507983
81806695
535729086
758145277
5361499
456011965
721500171
738151201
410948467
858592562
723969792
745868910
399785641
987723930
71337020
181983021
307406205
869668727
989526626
85919606
863428174
987026802
769677147
795423837
643938838
613177427
313200854
303339069
790440079
2384340
620338375
973985799
244558325
514189412
323831682
35025960
883890362
450323755
752435545
429122995
545390143
681188303
523280961
307058837
16148686
406470380
941574158
602019714
569964076
102250267
158133783
804830007
619515968
783089777
578271125
635085890
716059081
505010285
470558447
898096066
134618008
358317946
591186134
83352113
452342988
417033024
32508752
884818286
570836727
808658516
246130001
801217518
146317831
466583904
716607649
119351720
634707443
133757133
140153737
887797166
151291719
248529623
808555803
12320173
909372225
686280335
395526789
77823164
787322244
677025199
145169198
269136593
691798397
282589720
322332104
355506752
588293570
9259150
835126098
216714270
596365156
31757095
580030370
580305482
778134208
551065051
1594528
10169054
292263718
741331732
800089371
321222641
41506572
478779172
61763155
594694758
648491427
245425177
740350604
221987246
257056790
745777957
83352113
696496521
555070030
596481200
190427781
740575622
479926495
179591125
842980574
3046030
34359874
536861678
934832855
774840370
392651265
575802632
85350000
789005381
261717200
632815600
193522293
516839030
2339291
92920457
523800016
560427605
573036199
847053919
340897383
716246825
840261332
781628275
604211032
827947872
729960046
792670982
470152162
898951691
303696473
853219342
482294619
752267107
624730194
781628275
95460048
353525864
22948186
946688033
170290198
994166243
132737237
5361499
34758790
781324055
934208982
500428137
139519365
717231895
834676716
17625749
859290788
113909507
453559193
636460657
580030370
556678391
70145257
329923419
273251621
151192763
664500759
943664133
401055551
72426849
465525226
90402653
126143075
912288796
490057238
313397866
68461701
44521238
254545909
169737564
697742324
571444676
862558221
351703750
162378889
606616385
258562429
931296203
14897585
53591496
202763538
146979595
803401954
408950583
202583777
680257969
173867073
646379820
982233053
3408431
317004775
162251496
435661099
190485626
412233211
325981312
142360356
464038316
729045982
911024042
289968756
275775836
507572775
380851747
378905261
606908575
976222171
893560925
248735784
483115742
446702913
645614988
296235368
965245364
36608168
741236128
70426400
490926131
15039537
32496664
741221580
267922159
467260383
799555360
365492724
844472244
283788331
940774954
886336505
770465479
739313322
716823762
15421088
527178335
473786151
904858696
117590420
162238657
240548774
776176626
885760432
458727445
286397169
970663088
946844822
764895461
643682129
593200454
963704431
95866528
518070524
546733990
75868781
768977930
36117011
414130225
471434757
674492736
273744891
237431778
29361641
713765163
52478440
688036456
784969695
232134838
676370399
276384435
230997351
607430505
772465874
296325602
817649562
11795907
486666284
145169198
344853361
113651701
804830007
554078455
107304488
737434623
171771281
908452884
619743860
955685043
488022465
865340822
753032188
704585511
711000983
931296203
244970320
276630889
974478732
858552850
181629140
187929385
421017925
713053020
180536093
840261332
573797195
999807749
795423837
520141777
1788755
432629638
354258948
22531247
583348312
216834869
134749986
254335015
434157965
535066401
731026057
319143147
391905046
536226848
945547452
536866500
42428704
883461195
741938475
579801990
231562985
930360620
577891604
902794171
866242419
614987167
152419123
797423874
733295412
845283183
242791866
242739340
128973339
345965574
500512155
174703650
526964438
958756356
684230638
736410147
907887148
30869022
660487444
744707662
464273234
561650669
49344570
341324726
85919606
259671697
417972168
943149042
485046260
229113311
322324465
61932085
706784967
738551682
374742749
300101620
925622922
206464208
265610898
430427250
291574820
687850850
57508579
804002591
791829373
170453500
885626042
708391753
648517946
586392943
516594280
879877667
685943945
868712398
134704293
784969695
597582799
932592000
980568674
532030154
489631570
919386298
629117071
733169840
974427401
792896178
494045367
435779589
925328363
637306806
524765267
739350141
368587479
77076052
666798594
619513661
745777957
906836248
987006938
362045642
607846246
952788626
728040999
741938475
998890052
529662378
206792
392926626
80649946
439094878
71306314
29447170
633795930
846656961
15015679
660396598
763354546
391053363
295230283
989707241
286397169
864292963
610235370
646490568
799867044
962858473
741227136
274978340
428323688
656977129
332450186
870678313
434157965
347941037
221143737
741920826
841373589
976965596
52576393
569631445
336824244
488022465
934788939
817128143
533623721
779376310
288524703
404897926
931584215
392926626
365229939
923367080
314157515
460634988
143226910
627403343
124314115
464735206
728002739
558257876
372906456
204310325
185630411
991088528
21264764
78845301
819876613
158909070
771751435
325289888
749616931
312570439
769966289
422732523
675476065
72217707
136884559
570883861
438453588
719337492
487670868
569964076
538576820
964148649
564696581
403687774
998890052
644509246
644713981
677025199
599738284
112791726
395526789
202114646
205083705
542121053
998204151
446347381
668415225
558257876
354786212
872572565
472366255
825383659
507355977
977629676
209665637
497292460
695973422
835392110
806388205
150421428
558344033
429886177
425875506
559328707
866204209
815416561
822098336
518453028
615321522
328102906
704321999
264791583
97114550
240548774
912253858
115528380
899867813
956363108
322731992
883727329
498203435
808020105
741938475
380641510
558344033
842036484
804428167
152228729
538736183
554395372
839520998
75592969
534311758
745822450
479282982
628041444
685071284
772594235
91381269
189876349
403932706
616621658
443165136
634321749
963243418
641022216
126069193
896837570
520566896
916626930
571030631
232365869
536283941
525110181
676064801
997870597
634424334
328102906
573020095
557456235
514566735
241288452
191616302
929038210
221476767
579801990
707666188
182398182
629117071
50039937
950509003
777798806
126016392
229843860
635375988
163280407
410948467
472546078
135143006
354108923
170453500
589144625
835675771
736540687
786460130
386793549
943215129
636460657
573497824
114366548
341194382
88133664
528498045
818432179
972168487
717711636
810576028
224806513
701392210
524803129
795238041
222984022
676064801
66786769
341048950
606211401
588298131
783711380
77348418
801684231
938024783
627506813
219120859
53551937
751449828
274777164
242791866
727182843
438480661
456551512
141504532
566067764
648182276
314915985
62971995
978690372
428409366
992012809
376808201
373239567
216485600
336697473
992012809
199420450
892809796
135143006
860771971
745438903
331555549
95372718
940456068
755973440
505147450
278134554
731491337
689226883
791162172
236357274
923353232
566227953
970209853
754863889
392662226
530209670
739524681
957543581
274792471
310571394
571030631
650664046
54513357
109820121
735577427
57409554
392926626
59195228
106609250
893833593
359944528
269244465
467118269
739881009
62278975
367475659
111365003
454847708
68006694
596173893
121202190
495059777
329218541
410948467
228604261
421017925
848630772
259671697
974651698
815148432
844472244
29660735
872183036
282761040
806492209
875267267
975910252
185184271
650305692
242537886
142037553
269252136
126143075
725641244
511761841
449502732
6947819
314915985
745908273
103994044
781888786
636460657
568485213
752114649
177213342
653678084
823237313
803429662
272398854
795423837
616150695
505147450
489631570
513923309
294665410
154036209
625900672
344073579
848893267
191978437
269043845
468435477
231573073
264075465
242791866
638143547
408101083
94114397
744202151
921844625
853899061
536283941
735374326
243678342
743543676
879074289
545811890
577092121
220056291
9189186
454165160
751656813
41815963
953157641
602259088
934615493
123906063
764788066
331913928
545394214
991088528
416770318
167591432
326126525
577891604
889146114
504749103
99930362
314947563
775657172
91468525
554040964
94220011
374742749
962296933
444788286
191204093
637306806
248719263
426033596
458727445
945342877
530830298
932119842
409287996
736657205
371343694
318263961
745438903
634707443
603814631
292953587
402737849
759574763
942511259
628530472
925469895
632964770
681804818
67640556
216834869
791655345
537977462
575043300
88582210
859450423
708299857
87468295
897569787
335944894
560427605
963243418
307058837
146576630
993451481
472092494
159045950
928034519
662030296
4233067
670727807
342634130
624077461
400417061
22531247
961892813
569964076
115445006
78845301
305892065
172807072
896638221
64241256
94249974
786460130
811765094
756272053
625900672
438480661
927385157
13299278
989994980
364249223
675476065
888233780
715607659
103119853
673374938
480773841
110351547
675476065
528245284
925469895
558738068
344410374
71306314
868739504
560986700
158133783
835140882
487098557
429669373
942621338
411466263
793367918
107484462
561650669
137918766
693121584
681188303
441314264
581590838
305564699
976222171
944471748
755784659
938295754
718206562
765188507
284960849
198995222
398972640
656605682
370210955
260190005
317410689
775489307
538576820
137918766
530209670
292392151
998204151
257670128
51078894
113651701
126016392
323081087
87566454
269136593
866619223
766043340
463983438
346368715
423936197
328102906
118135587
76597105
329102098
25035855
431698489
985256752
766043340
722495823
568312199
500836384
746268034
553459625
82264271
637306806
365454283
253613019
305453303
306022453
662326482
982198000
942444918
836949894
515687213
942660871
206125624
177278276
83872057
210060124
169589440
204539360
507572775
828116782
16486398
993540711
277362510
716607649
476300305
754810226
721961849
524883736
344853361
791655345
883164219
739757389
952788626
119351720
487670868
261717200
119202718
135042334
791868776
865255024
705910877
82765802
374347458
678215389
183876027
198021116
861354864
237583210
353096897
741200146
245837036
322724629
866204209
736062582
931183119
243906652
580030370
673741086
672719647
667647560
513386070
167112897
378454243
967071928
670224103
980900949
314355843
322645335
921328481
868358896
979677995
64735457
872183036
591185848
591185848
197814512
118996543
505510960
57458251
362692373
446995002
881427098
919296106
800207125
371453178
931927116
449573861
302548115
956425559
634399106
961919640
993572383
791655345
789707240
683494516
453196717
406524814
546533495
505440721
398870832
266319182
340839022
194324364
251390666
615578833
483115742
798883632
551065051
997904947
694530551
781628275
924429248
808279807
179514061
840396007
106539967
316997677
230706114
144911198
126808471
661847941
739881009
47340891
142360356
62672043
75248355
899491674
140577335
119517565
898717495
631821488
264941813
543250111
769677147
251301813
946261121
949701411
98638580
210782759
441200642
735437886
937243431
584665302
38840075
989962866
125522820
488877308
163957989
133840056
50028226
627211327
470666643
135989877
767303201
545187375
758111256
910786812
367172843
404340321
428827825
971912336
982233053
314841676
522644652
593316762
936664724
602019714
276706603
52956912
163437370
951753491
773318026
5723654
96892761
335209083
841055356
106389292
885903123
762454355
876854161
328485030
188721787
71435819
887511939
948686792
340915156
783571513
210060124
971359908
301336434
457634507
899899631
740187725
699353459
38840075
597931017
55272595
700152329
878087233
747727838
402353666
745834611
203415074
685372953
770207118
601347152
668184214
133840056
197803350
496035406
406378581
411466263
74289492
225645275
575615876
536249375
129510995
519024066
735134534
317505530
496519647
1594528
479475871
344853361
895060235
762823246
827865608
879109191
647253688
281369705
501805592
587672026
136884559
623103019
938095652
764895461
393873872
660967161
400348272
942660871
450323755
602440265
845616885
657549791
447804554
77037323
741331732
689457177
519697347
481303296
260786658
290774194
768335112
174703650
109310744
432629638
43854334
967451424
239139045
694184924
362898595
435325487
402353666
65184627
433322003
73201784
428025657
559941954
204539360
581354559
921844625
378905261
954869647
761893097
90540589
515622658
315276976
57454438
403687774
130368635
288613831
315043740
246130001
444627519
460672795
432676281
8576661
826709202
635375988
435378617
27178236
479015156
110349081
364925361
197121258
21794471
395520796
229113415
93138697
447474465
919692462
916626930
250770526
807087382
429736273
642008218
356559090
159250242
261562491
355845755
302178906
417440107
800207125
498445009
513257425
453407859
982709274
403932706
280656111
365723614
544730167
498998688
126601087
454991655
386082955
275823362
364139037
163219681
124366070
530461930
899631676
61827593
180363436
808344340
761065020
639067758
520721595
795800451
243950061
221987246
782677142
116213385
542224762
332562064
169856604
949701411
29361641
979135181
686976608
113063301
264941813
167112897
766401312
663346707
842944341
575194038
880034598
745834611
513923309
10579873
203615470
933315940
591185848
710674886
87496312
147805191
841384306
606147999
149328280
276630889
282090156
486931956
929261246
941427223
987349975
638231051
944679417
859348078
706812568
33923505
181629140
567439893
151149875
476390777
863512815
859290788
368587479
749793380
998913986
371482574
540329796
518666575
16148686
134618008
377138060
210566566
266132950
326085383
240603073
219339466
665163605
39549321
516958544
486949110
836355509
543689619
780027808
133678897
308934993
425011841
256374784
707991037
741386413
239834375
664546931
779392924
274899152
318942084
981766236
537069076
459060467
698927578
539204493
940701646
846647226
966026337
151299217
855406361
606147999
488569724
262729188
291984212
987349975
705927971
596330469
102787261
326216261
19412458
150159877
135042334
184197010
437955751
19412458
521987097
494088879
720407823
85350000
402353666
320503359
262471810
727238724
53779156
899899631
411526283
949801583
334617515
64132502
729543329
696960259
998710505
838676534
213348654
573132987
356528870
619449588
894336046
81626215
536249375
441679447
236840663
880820253
358602702
50753306
987155842
640987350
825636002
507372030
919296106
896478726
179514061
315276976
170453500
773362750
269136593
961097067
234642106
239139045
155942875
541026019
885760432
255206617
875267267
725239043
956363108
571257698
735387716
379602972
632936726
921328481
188721787
236026064
422732523
763864269
45224215
521878879
532217124
317325652
198931646
549808360
697826647
335577823
643498577
787832295
766401312
243678342
827419924
744794664
498469429
931255729
321691918
283053169
121202190
967604773
109820121
216245200
356729898
731566302
201101446
241514184
12320173
488432938
267922159
154498774
683660031
215386817
72217707
371266368
800579858
130368635
105779553
926835135
307521868
125501315
488798249
395611976
907528519
303339069
122002177
731334629
14428330
191269470
875063683
731334629
479015156
438480661
335209083
463983438
720162115
471473312
936753979
250673296
58230509
347646203
577301783
651772788
86446836
24241822
637225061
783711380
442770324
347309099
5810277
10579873
419221957
35903395
933329757
134618008
504067852
906836248
705831183
423694673
841874649
543074717
633834772
360128521
879106736
931255729
407163894
716083537
477509810
185630411
905062233
380767301
525824940
321691918
403458776
878573444
719772677
725450690
45753120
861763347
962229774
406972433
867756516
390544898
481583896
227048087
886190594
25858695
871594125
176010768
987100304
842287840
666236727
586240022
938024783
660193879
626940430
239756458
146013592
110393476
396049871
986155796
47509181
44387111
796862271
741987766
229832977
334262723
744794664
358285991
271293688
489330151
132402061
211515340
589254499
899899631
48752050
742061758
216245200
676064801
58198319
183387696
170714746
795103643
530182631
529037849
291402508
857070917
694857316
992761131
124130257
778568307
491213976
790724480
401137524
600561167
380379425
53591496
691620754
1594528
800089371
498203435
906014855
940456068
823120433
878197914
739588416
916368366
534114246
597282715
400348272
332999347
386738155
511761841
814061347
737289701
792924286
613080378
245837036
467831124
836949894
934332415
90372097
704599896
356149181
273565089
946806895
236547597
596365156
579618030
25080275
468101816
986542871
302548115
395684981
861097064
339702450
280982505
322731992
637306806
619939196
651794170
73201784
236428363
211891187
464995452
490608967
126808471
685328536
806388205
486082929
444337560
938290757
220475770
502698511
354671855
735530511
666146162
879217263
751924123
4143685
169856604
670224103
209728083
106609250
870439994
98638580
168823757
670973172
998913986
325981312
528245284
858864137
305453303
865340822
697826647
841015483
426033596
516594280
505440721
720648261
190122847
989526626
308547028
935416575
556530139
273247116
357364530
949706778
922732176
752726194
446702913
475036949
438759728
666746479
445418665
287036699
983034737
409797642
874528766
391869654
729960046
861228542
213523557
220475770
674492736
971277512
931320437
262672522
816127179
591476050
637306806
98638580
690810010
877385198
837206402
471147075
694184924
475303726
119202718
257670128
220379441
510737747
185656411
468835088
935707989
789380360
381779589
585680003
323688018
919326729
599486070
418779187
945547452
464604348
744988923
320190015
586181383
721130755
680068550
998339901
783964096
207985004
13450694
870409069
74289492
561462960
534747052
290220066
163896852
68461701
666159861
391682772
775690928
614907922
380167947
969168610
145259431
948190783
990320809
514290642
988821398
417759360
622393154
229962939
863984011
382728456
339704578
54674614
30460214
401137524
745613230
878131711
8054660
318703506
828659512
485516324
761270887
537295748
543949412
549486176
808394658
900487109
386687687
89727520
248650835
120486392
951753491
140490391
83924006
159568890
739881009
418487094
407097341
147805191
529037849
536861678
145524938
775690928
470217842
535695959
527816115
523887314
436239083
510522193
320065609
336409842
428940661
971277512
777264242
145471849
333450813
615965445
43820999
728194530
52487936
498445009
464278011
907930641
844163295
584034831
761525159
741331732
52725035
530209670
81925681
828770842
236285482
87580587
781324055
589144625
910949169
52725035
419638533
933604376
320027683
716083537
207854418
163437370
99753688
40293370
510189985
171700874
622393154
606305017
298114892
250360935
214569567
174975912
63815543
791145352
497172869
741386413
516271927
387422162
634995318
8732094
729611829
297530911
932319752
753070867
792924286
245437289
579402537
846556343
961919640
877964291
361461977
285264818
430427250
293039520
232483250
544234322
146317831
109310744
16290246
808658516
542292789
31757095
439458275
525824940
473644011
283906395
835134813
61807481
931927116
879970761
301916449
728194530
339911773
912541185
615670299
358602702
179591125
126069193
318263961
416316476
852303032
693529139
824544291
185136146
401726127
529037849
725024101
725835404
135143006
981633523
408186345
362976083
183387696
777264242
923402224
91839682
463983438
595351999
927980509
974852080
31214869
535875688
328019703
712516726
70337395
596481200
224814519
967420655
725053706
307521868
447474465
488551914
919692462
254610019
701273144
89727520
17265481
962766714
794212447
935547852
283478874
250942987
886190594
35842209
342634130
707665815
215176393
868739504
637339014
993986887
358747046
290966067
95613363
771065373
339870067
202114646
545129557
344241363
860049720
470855481
528245284
666236727
981498273
936753979
524023625
78658678
806313076
310152833
379602972
392490795
473824857
858932933
380641510
72426849
801217518
180567140
567543200
605333918
236428363
708623858
927133345
598335883
341923938
795762442
296949413
185194425
751533076
302751630
23027
923367080
310307626
589672269
868739504
159390630
168049834
807087382
884336684
564165086
685203934
693529139
257510397
24769082
248650835
858615998
746348761
931255729
461880288
861097064
509828259
970627656
822618499
603889419
509110891
302331073
944679417
512968314
646379820
177752059
852786777
806595889
125928
722122666
643334557
502715370
623727264
149238430
557631854
55382935
471247670
279126939
64806682
378616015
238124870
63013446
929276870
559116185
646102232
688161094
496519647
583081545
492886677
236753518
763879426
243961347
721961849
246335179
859749505
341324726
416316476
783206871
460131108
511761841
362357499
42428704
344241363
32496664
542865411
762872722
338452853
53779156
670454507
134599270
487670868
814061347
690931026
369328462
353785023
999807749
898493648
716287720
792137851
943194422
404084671
24769082
127918242
681098212
287960609
794212447
88978605
828947445
784067079
408186345
165257028
305643667
265508162
794548952
249222498
74289492
260532077
404084671
879820976
472011502
258752494
494357100
464038316
987006938
133297725
459917588
838676534
198863187
480271897
122519851
962229774
467831124
248818848
918732716
486949110
527957187
942318222
525100829
799203715
383236489
768766400
248777096
871721098
243901646
39454611
490712924
336729195
388994831
339531659
297386116
517915463
229038795
437644188
146979595
536611185
191978437
605535005
423482488
587097320
327928585
539928037
782971607
21264764
51936262
330105602
671033000
464213091
383399161
305564699
569631445
763641364
81090350
975910252
357364530
627265639
329482050
846149571
349200923
650465969
743896394
477240580
55629323
819868481
712516726
181629140
38840075
838676534
645284610
320293178
128007956
272130765
325289888
591346101
668456423
759867621
158991111
867756516
770207118
672719647
548040207
181983021
753580094
485367679
83872057
824328873
916626930
917897770
878197914
285621127
282724279
340915156
73279174
214875621
751924123
844338022
368049204
428025657
766178342
395684981
365229939
149382822
911293849
371554167
799515077
104075142
692711103
593994471
265508162
910585520
436239083
366539407
117309837
783571513
739881009
764617959
62672043
778263207
529267782
553988634
559328707
140869348
