886942664
675758483
21629945
409416785
410997708
211891187
779392924
398870832
912663126
113909507
864545084
91297901
247716028
873528982
774822968
839651716
816127179
235406293
206860813
747987936
739026880
378905261
917659776
60673420
489970482
357952197
924212835
697430531
310307626
927702802
193192864
380641510
74727472
43820999
701821766
563793168
71996542
942621338
329036469
973985799
41648217
951349453
83924006
880537704
566067764
509862102
575194038
911245461
197489706
730817188
882985943
566288981
318788285
862176353
218043002
866230124
942318222
83352113
86199088
2384340
684916895
81125813
703874450
74570915
638727205
140606607
611647148
602016003
634424852
430864967
24096974
344073579
467831124
626940430
753526356
521447816
279191071
317758433
571510333
732891441
976310855
193503327
531424911
940702335
688806611
864888528
764788066
315471574
204539360
986777772
185184271
351128556
913082462
161377513
365443617
863148561
774940163
371343694
242602689
119166193
987756404
243169979
942254120
91839682
625402982
3660796
583531270
17625749
770376993
200985064
137918766
90608213
672719647
689473818
734598954
755586646
866230124
150535289
722518289
797423874
281283725
938662601
262679419
167864015
365919939
741938475
630036959
377003645
695732457
472366255
245837036
466541751
210060124
145597256
391326650
283406091
487373430
436682904
883180483
362991490
13509438
738769861
353634018
13825418
290442436
410605633
989296944
584034831
851198691
918371067
353066643
715175828
524023625
117419035
842287840
944350211
136507983
249528733
542121053
729481902
986542871
248719263
302140658
584826403
337793656
688806611
353986912
453968857
794499092
870825683
358673334
902794171
848407760
87496312
187586942
326647512
370592605
216546256
566822825
320190015
29447170
484007973
683208837
39556977
733857021
987532054
649833358
357952197
791655345
831622783
438004748
606305017
137918766
547623315
413826928
991533641
522661800
683660031
544730167
311337531
177022130
994368301
575197358
273767254
581384535
107177037
360516388
110351547
539928037
453018920
705613344
143226910
468818497
767303201
312570439
1788755
474456970
340946051
690195401
146979595
274978340
126396471
696357801
440027818
643057233
980203016
669421111
117309837
988818770
191616302
269290888
295222023
312570439
362138024
790832187
101678009
29753887
716083537
882985943
23446352
408318260
968295818
197603705
105741406
811230923
630553121
933329757
438453588
252208897
72771839
442791907
126393525
218743671
437644188
728478034
779376310
538576820
362023424
629695651
864613039
140577335
865255024
518070524
364451247
842850369
913505481
221487539
931927116
70145257
905716622
781628275
66148566
377671299
767992304
119571734
296792838
585157274
235980373
683432155
744202151
599590352
118959233
976965596
5723654
896763278
176993785
362082604
990320809
921904755
544072277
611804693
145597256
716287720
536925266
370410812
978202502
457402625
525535195
917564627
887951259
25080275
409837682
989030647
899631676
770624708
94249974
443165136
732112198
539778235
365723614
767992304
625323963
929732149
947513092
625707380
576871909
197603705
519083596
265149155
266319182
406524814
93917226
635129242
508062797
142360356
919847785
475502462
511334757
484721948
304316804
376715696
841874649
760197894
121083949
795967141
740213280
216714270
645323141
185184271
279607688
216834869
539764713
49344157
261404473
45413958
82437839
763723692
319684987
246958838
733392732
666965173
481583896
806308993
681804818
67777816
377351326
882286189
516594280
580017809
209903741
137918766
390323844
602019714
450004611
840238736
49440753
106609250
485722542
831168449
330976931
139519365
334988404
955645502
823183388
270440549
131764369
549778550
828659512
625608948
194862966
229038795
768977930
261562491
300747395
72217707
555070030
660487444
80649946
527957187
294786451
995706450
811728012
803348859
809804456
831028172
513012076
831307042
689457177
673066311
166784584
764788066
76110619
767865377
580840904
546333426
558344033
47403918
603649831
691052551
919692462
981741436
731861132
871721098
68536510
313501069
597133312
987756404
784969695
842638862
456346221
980203016
169963094
697430531
792310029
898917881
648010563
272053931
489631570
677953109
412988526
821546692
212309311
816238072
956363108
538216413
643682129
791162172
525698965
842775489
365989972
611680973
854411464
771964318
945547452
11770038
198682159
275508048
436239083
88844458
755784659
716823762
841347588
606533033
127918242
973251421
791162172
886797248
541037503
243678342
331913928
133297725
387259199
814061347
32177495
429669373
22948186
332198338
73768185
270440549
150535289
625323963
436243719
409416785
974070907
110393476
645284610
596481200
647875622
42126337
89883449
530094740
900874037
418779187
763723692
698296366
906243520
979677995
211289237
279676159
369328462
224723769
150114909
160025090
471247670
746721114
656484108
321676980
650465969
177219422
109310744
342067225
744707662
757719236
869811382
401137524
671598445
352837118
53739143
228367045
607846246
438759728
335209083
57454438
880012975
710726486
378905261
234929531
543519592
849756209
197065535
502698511
835134813
502715370
881427098
788793568
15806106
124130257
61827593
356729898
192644516
150995857
130893703
831168449
338423540
341833803
740213280
38122431
119202718
648517946
302140658
907528519
190278162
919692462
770207118
354786212
274831335
805213015
292324868
545811890
677615096
180867801
802248129
858552850
998913986
689947897
280083958
93944784
210122821
110689703
604073098
26363273
143002617
666159861
428801192
939412204
502635108
118135587
199546229
989296944
756406580
597931017
502215917
678796411
920138872
225645275
708299857
302860730
738551682
902172030
827419924
899631676
190485626
896638221
181629140
740005462
573797195
341923938
901639211
124751142
956363108
912253858
537295748
351128556
415862464
639432326
65984159
412599343
763864269
689543058
287254936
716585730
761525159
160683377
49207688
400835514
29302564
313949188
403621246
553704569
999829726
597632463
416103440
194867753
85742783
643477383
761898033
841319097
440136885
41407078
979092745
194004257
458336050
713053020
605726830
519844848
245710453
307406205
322645335
607430505
504711264
596940900
913505481
109112982
755441589
433309762
785432789
100102780
426753475
57407695
162378889
189591334
952799561
751966106
246864085
292953587
722937488
238632946
395611976
274782997
822618730
224806513
561960584
76067545
209903741
800541464
290442436
841874649
414962535
373384006
887951259
74289492
260582731
403932706
195544559
988821398
666965173
321691918
992761131
791829373
103994044
99933
913982657
651351084
382966206
345861884
64020316
544676112
651794170
395611976
655512862
209903741
175054050
971359908
136113307
479015156
583780498
705985394
302599373
928989756
137171566
409837682
663514621
719709621
530209670
143611042
840261332
918636928
865340822
270037967
650664046
426678310
584139574
211303280
331564019
962296933
438453588
995582295
143789554
819856093
994368301
906274739
363593388
659949354
556596764
829366216
973683102
779976957
320293178
454559877
923871682
931183119
72501666
880227900
242335963
735082602
616150695
355240482
331653900
351703750
17366736
4038153
53471364
304517263
117384912
607539905
29753887
648369454
633795930
95780236
510319341
368587479
822674418
846869625
685372953
425171868
690067785
638638531
274978340
280751003
444669024
836561421
875063683
525100829
168823757
998339901
238089378
214004916
769554308
69474826
712092439
410672060
520258147
11859735
699198666
740328265
586072013
667449159
362082604
342271196
847105867
556596764
397277902
403561781
179857309
816976883
121888334
147204350
24241822
738769861
378363393
91073395
232134838
888636355
879217263
989030647
489106849
688297101
255809348
87382879
828443996
831908207
936300580
570836727
506868236
539778235
836875677
566067764
125445259
283406091
558257876
66641653
188721787
874911723
935835168
598869135
759574763
781720479
461537283
527125537
445796366
226555893
861097064
68536510
780435064
756272053
489935420
978738090
569177763
704499338
185184271
521878879
47975702
185194425
461880288
728893038
437993694
201804294
37184523
294046897
630368234
96892761
729506314
869668727
643198273
728950773
178195178
191616302
790353347
785432789
553729773
428619925
749140588
698296366
517753154
159568890
473832806
981812962
167864015
590231602
357432215
967676241
244558325
217936160
229113415
8498132
374303226
404084671
302819558
236357274
886931270
967344817
923433942
512852405
123906063
96892456
270440549
524009718
352226874
228857206
70426400
510515641
325486194
269136593
259671697
718949535
994483038
257056790
534180331
575194038
324838306
814471947
347368971
779022988
761966479
100339701
238089378
337703358
759433655
791655345
804320010
512968314
991265651
520721595
753070867
243990042
812816363
519697347
397299906
443165136
180196847
296382470
486082929
843512153
493155360
32496664
353101427
103333664
891554440
706158367
543074717
517980565
607756409
163437370
842046161
188626260
433854588
845616885
336409842
52220150
540174870
72621038
767574642
580840904
841874649
790832187
727114726
543519592
868146443
690398940
935835168
958756356
223695140
150535289
184417541
898096066
471434757
99753688
947954361
339880362
981426062
977881938
772465874
408367486
246958838
28045217
921963407
302140658
760391543
351703750
351565453
446072666
829959293
706337700
113278277
865340822
848630772
824544291
131034666
149009619
436875016
672845194
109114016
204070393
329610022
176764906
113703545
468479149
418142348
296382470
473824857
87580587
622504822
362968485
720417795
235406293
52494895
887380157
714163644
582545871
698296366
786460130
975468169
811515830
413629456
325981312
502635108
719709621
937243431
754863889
353003177
866242419
705613344
221200478
921131870
814061347
380767301
326709075
921957729
644870229
486804716
411080432
632815600
906595885
137289270
483042850
553447172
435106113
368561209
754863889
892809796
658908536
216503840
828606594
722495823
19412458
900355462
725450690
275966906
884336684
326513436
246958838
611680973
430778628
216174668
419782569
681804818
197814512
329218541
718419158
750720079
716083537
36749288
739881009
236357274
385155296
557273005
976222171
854226690
319991217
809398488
570405121
410948467
943194422
63854004
203615470
98741135
112927118
103158919
603343190
812266337
691840120
530628194
943215129
974151762
859290788
899792045
380594555
208903911
764314767
81125813
684043064
24285110
40500065
88742706
120486392
739881009
321635191
234155213
940701646
184417541
718470492
874788643
585680003
49207688
333241658
216174668
100485736
479273375
859290788
558817355
551598352
711386934
700757685
252518544
836347383
761858916
162251496
649785144
171704100
872183036
269424190
933216883
235726469
667647560
414784338
463355000
189584689
162238657
934829039
546957445
243675866
812816363
77724948
117797890
423877534
837206402
314947563
304517263
942703990
872572565
84529565
294846859
507726804
634995318
814655393
957779055
1788755
858615998
320293178
146979595
333306620
925328363
900487109
842287840
319693210
888636355
196923852
437685866
89359168
78005213
597931017
583531270
928053228
706460151
342042804
445796366
664200962
221487539
944679417
13450694
57508579
32111559
896837570
139956745
907930641
472011502
876418586
998890052
81925681
535875688
988545087
136704482
126277997
329408785
386506157
325792058
733857021
651446249
844472244
409837682
632964770
23027
150535289
443165136
313447024
680254384
621868124
924212835
67077976
923433942
254831250
404888096
655627701
707982931
871268922
407171238
731164909
861228542
879915101
373677696
606477831
107022763
997362391
970627656
822618499
380641510
221989523
863512815
579801990
386738155
254831250
836347383
779228673
585680003
190427781
686073636
236753518
82437839
297911762
575194038
430875872
103119853
302751630
810320745
537281929
828947445
690737745
716287720
362692373
983982267
440115060
612231698
617402968
468422398
397496035
324389569
261378734
499715436
883595833
426248649
363593388
631825110
95687864
96623695
939137546
986649990
242730708
9840153
800541464
114707038
875210899
371554167
850091541
361962353
766349653
64499134
409899698
627234361
974427401
143413060
910332057
464038316
374627928
10389605
606875825
968813402
2819999
995630584
664546931
493155360
641442137
548522458
378249564
867820252
296792838
634988738
557456235
193192864
925056314
100485736
921963407
299360490
242791866
574245394
603751668
222984022
209191587
669056316
74570915
79987839
438557992
283406091
639589074
445418665
938295754
137918766
188107766
497459943
858615998
871644200
651351084
161875293
254449124
970209853
906695501
1174185
742737647
332898518
453968857
716653555
395684981
892809796
698927578
915442420
402737849
651772788
558817355
923433942
694184924
954990699
985543744
932119842
940235643
340459375
615578833
397586720
710726486
343978232
442770324
403458776
365454283
162127519
754716572
144137011
317196785
933408978
867756516
559053687
269244465
272398854
93138697
105741406
719337492
327133072
625608948
615931719
453967728
136199616
354858445
11859735
87496312
384890783
317732665
290932323
586072013
268204099
728040999
898096066
894336046
266583855
573157895
707665815
510515641
573157895
126612019
942254120
625718076
688806611
936241840
834159702
658009114
162904595
113278277
842421001
93833336
763042827
378249564
934200491
160683377
711621640
78219057
38534351
933788414
405414006
71033070
524610947
46963297
252518544
846149571
580030370
429385955
351565453
422991300
429736273
209972613
364210870
362138024
141504532
879106736
142067936
264941813
899669690
9830692
435325487
262471810
898096066
634321749
273877368
979028210
534662469
113909507
989030647
964638776
755160626
24168081
71101527
422732523
211303280
801684231
474604497
523761865
603889419
749793380
517753154
649785144
967604773
761525159
89880904
12320173
264846066
135021494
604211032
315276976
611869297
856375347
213178822
209728083
774860627
479015156
892432492
165779551
245171603
473824857
355809959
934615493
167069063
983318571
359944528
981426062
110349081
519177847
63854004
649558474
855847475
321222641
201777377
71269201
662397370
330599707
954990699
532030154
689121801
820114315
464038316
11955925
163219681
631513654
162863645
864888528
799555360
511315110
169589440
321642972
4233067
176010768
324838306
473824857
623258415
701329257
597282715
636460657
366075081
705872656
527125537
777099572
512852405
513012076
744449738
639589074
37184523
559328707
342388553
273667386
351703750
201771483
395535387
915197132
331827195
102787261
871859881
626137295
920138872
450323755
234113305
596481200
720648261
720648261
489935420
2819999
906014855
480833748
481583896
191596342
532217124
275823362
881982530
200588692
149417417
936241840
705806153
49207688
811230923
538311134
692547691
122637109
871393718
411466263
1174185
738998475
670727807
770854001
542032176
900410098
874788643
646379820
440136885
551065051
927702802
844472244
161875293
220475770
943194422
105809603
893505518
784969695
684230638
526517448
544730167
89469795
88324092
364479770
972239122
365121521
115528380
429385955
888075525
927980509
611184474
403687774
841176438
630553121
292234136
240713897
976222171
949289975
133840056
496519647
677175467
600561167
668415225
831168449
681020805
361898816
352031342
110852542
715978897
720648261
479630181
471147075
865686163
194495179
793488015
184417541
713189031
183876027
143611042
299255074
3255078
187634501
910803842
440027818
343929387
211303280
280751003
542865411
346573863
842638862
423072745
371343694
789238758
179707238
526517448
650305692
728950773
383534240
434416659
835535542
889376377
866230124
73812231
536861678
186549993
459009688
348016623
139870326
877999300
741987766
324794436
989994980
619392513
975468169
761966479
94772002
799203715
464318634
37051332
735903497
314841676
444788286
81125813
597582799
54695678
68006694
971359908
278589205
465587470
368561209
103252311
656539777
448949784
834676716
261562491
922732176
966026337
35025960
463983438
423642983
848415193
590286553
549456183
85032611
956424304
646032190
988397110
971161105
994525592
498998688
645323141
222992884
375303025
428409366
255809348
888496107
299360490
298114892
52478440
130893703
795800451
339880362
425719752
789380360
459278786
97114550
208178763
994385854
737149948
371266368
246870610
406524814
933216883
462474342
500299736
805213015
36608168
391053363
248116556
952200533
576510380
391815613
245837036
639212014
33554440
24075178
11955925
396129338
532217124
693529139
403872144
524892482
184443938
764617959
14702510
240710407
147805191
341310704
566743636
572943904
586072013
41815963
401131637
213523557
571444676
37327432
740575622
547345740
741987766
587097320
893227619
619182572
540174870
783571513
857131488
406709072
376808201
541520770
600561167
939137546
282090156
831028172
410948467
72945029
667441999
966979174
859749505
678796411
987100304
10960934
569964076
614907922
614747605
579801990
946806895
121202190
697429283
125302062
702741180
83297965
859749505
466521050
142360356
946844822
542265752
183228736
619392513
133757133
76825284
906587947
611804693
165782625
775489307
689543058
500913377
167021268
36050855
102990945
331564019
94404939
439949500
811765094
792856374
735079421
300747395
984952210
352639805
789380360
454644231
754789346
158133783
929584200
691107911
53591496
949469283
727257647
883113184
311337531
712514555
687909245
210744284
159390630
598869135
926835135
691234434
981426062
905716622
227186842
634099962
881427098
607117913
596729571
559560219
977357974
357432215
190485626
777891107
643682129
145597256
4520057
401131637
706558135
229397345
243689291
302178906
903844963
116213385
518558863
949692731
617422239
24075178
907887148
836161650
160529708
340662227
846869625
810277846
812816363
655268508
664486530
213856818
857336012
775690928
211515340
732425802
705613344
676064801
998168674
518070524
705613344
442791907
937696059
114707038
784793539
191596342
838279504
550261846
309831061
815045476
162238657
572943904
971912336
747987936
307155844
691141367
876854161
647117243
229119333
426279088
361931082
615821780
302636298
423482488
859813233
934200491
702930040
195612989
79537892
535200538
465587470
194495179
591476050
681648382
929038210
543949412
754863889
434304466
543826005
500847090
841055356
160600827
65184627
86747561
761966479
375509238
766401312
133678897
637306806
362023424
24241822
858129809
147956732
504372195
981685145
923158448
443065043
829322862
637339014
348153896
826415707
276954950
341692289
835535542
226555893
874444523
561650669
980266267
961548754
491380447
105809603
464318634
95076680
151027413
595200993
568485213
306022453
977649253
993010740
122274217
956436161
740213280
162251496
136335158
329102098
781720479
113278277
389091410
204720895
377364351
586072013
314841676
357364530
966979174
279126939
249453076
94256517
943194422
819167295
169856604
317325652
441793
432298794
581474200
126412316
619515968
320021118
381417232
304815775
450045747
713053020
660193879
459917588
756599829
362138024
608756091
473345224
348874238
339002303
194495179
935707989
74727472
527957187
695605089
36792271
215176393
769983933
664359393
586929271
802346321
475899735
557631854
933788414
128975031
455333341
936564768
83297965
113651701
729368147
876067150
104266850
752435545
486082929
827419924
453740923
389961961
300239313
205032757
981633523
163957989
602523290
113651701
504372195
508767167
163896852
673066311
989122055
947604237
160195296
252844762
358285991
484018344
329036469
613177427
283478874
706042503
4059299
144911198
530848961
197806806
955645502
928237777
724557297
113703545
913505481
90507943
691107911
11795907
306596048
84162830
403872144
583804857
348153896
434571410
335209083
259671697
500250921
483115742
792702062
105224553
190110857
42209203
615321522
246093643
956927093
912621300
278589205
416316476
65593665
110349081
418487094
871268922
707665815
16596268
115445006
407368217
102297181
326019103
728950773
310307626
845602358
918201548
437485383
789758539
966596933
666236727
897718958
363728028
85188842
178769388
347368971
320293178
13541284
656439860
983034737
903844963
333285206
784969695
849578731
283136512
672378297
494741965
942660871
644713981
748381992
660633242
904119104
571337769
437370333
101988392
169847088
739754579
320065609
581807886
253414049
338320810
865159874
344241363
424400718
956470415
211415676
11328290
655419405
81365874
202763538
329408785
590625838
52494895
505010285
213348654
536249375
110393476
298526129
369328462
490590339
465587470
668415225
463461321
581384535
375303025
33057252
934200491
145647557
427594584
171771281
96892761
791655345
443507719
377364351
198520013
521090581
194004257
65184627
85742783
377364351
337157800
373384006
22948186
613024801
201243502
373677696
102250267
559946697
707222099
1174185
439949500
762599676
434670964
876854161
216812241
542789808
853120706
716653555
377666749
544302182
165782625
197806806
944566890
809657152
784132173
814187523
447474465
718752878
741920826
136335158
963485382
698176447
942137302
576831545
933009991
912253858
358602702
53739143
572089540
175510143
564973561
302860730
35842209
7025229
625608948
159177692
928576498
308885732
383236489
634321749
252844762
53591496
992123302
267640953
248263240
299785721
569516450
115992489
524009718
125928
406079826
553474145
563050374
344410374
142030094
300239313
427942980
336762088
543689619
765025283
955685043
403687774
968024554
384890783
466555080
936381229
993572383
360128521
312570439
898096066
510515641
698296366
780404281
32309270
404084671
586183262
692804530
236089264
811785106
274777164
775903644
837134157
622504822
798156637
255188950
64735457
44896064
896192367
916837933
862176353
336762088
353101427
493048660
898498878
506868236
135021494
292028629
333442434
650070080
968721838
673066311
9840153
982233053
243560933
606147999
331928334
572428162
664352708
190485626
304248308
480271897
615965445
983759144
910786812
980266267
427195677
221987246
62658489
868358896
857487920
663346707
870439994
707345278
528037567
730817188
459009688
455333341
324838306
270744582
588601036
341833803
315756268
206860813
107177037
718720441
4233067
475502462
824549476
251390666
991616585
219391262
660487444
114961202
423877534
601589387
421017925
509862102
197489706
417063150
985131823
473096031
670727807
573067430
845305300
823055694
477240580
243760727
936206232
778263207
365492724
11955925
35374647
600636337
222992884
717117252
650660755
27060377
527957187
879220233
953028086
105290095
430965301
662145914
786275422
896837570
746875441
414130225
718260062
417173187
265492397
79574572
419782569
91839682
314355843
670224103
989707241
999807749
566993562
943715178
78219057
782677142
104266850
126069193
436367177
221143737
234929531
15806106
893833593
290774194
265508162
619182572
317004775
345861884
286886711
667585662
133676064
197436345
433322003
305142864
75143417
16486398
406378581
572943904
801332477
623258415
85350000
402737849
578271125
355531579
178769388
973510014
742893681
946688033
694734437
466069848
400224905
334058787
637217780
812718396
140577335
786460130
557273005
99753688
740517129
318263961
896099040
77642454
274978340
307155844
362946906
458727445
906014855
126393525
896099040
916122597
343836531
363593388
613325464
125445259
716788345
847755156
238632946
617804736
966026337
673374938
546449793
160529708
232515315
909012222
216714270
498237860
145481838
402737849
91839682
432676281
676101833
726148995
929965110
696589541
384993393
883854529
248650835
301336434
466709804
485722542
530209670
906243520
432629638
968024554
759028726
728624925
879106736
36465986
361931082
441213154
56404134
171519720
197436345
995848435
835140882
47509181
304181189
539928037
938405712
194324364
512968314
835535542
128973339
60746186
443013899
275508048
396759893
332016333
523753556
267640953
975566180
362946906
437463582
921098205
470051007
157483798
197814512
859348078
668415225
273385028
161377513
893974672
911423258
72426849
316444619
910585520
836949894
38122431
513385433
229397345
983034737
855406361
145868834
446072666
378905261
63013446
309031427
678256121
130363126
263231716
804145845
221476767
510259360
96050310
998890052
785325286
103119853
708440083
826864381
435671348
103132153
291574820
486454952
622393154
908774777
198184451
773923513
543689619
366016801
259780100
165257028
599608756
984921930
329974144
249398623
939781874
472011502
107177037
13450694
314947563
648947535
645323141
752741272
338905383
344241363
458784624
716589255
171119983
733224103
706784967
459997417
421208663
184417541
194324364
250996186
580030370
938988204
641212049
670727807
971161105
865340822
430864967
981426062
600939206
92270762
853120706
734101620
974918945
544302182
61932085
93944784
741236128
268884083
76607032
870678313
419782569
632936726
798322610
689403626
93748428
490929410
332898518
378905261
597582799
159568890
663184446
709032463
399785641
608039160
977357974
149382822
848415193
629995551
825383659
199546229
721500171
828443996
627211327
198617661
162378889
67688421
72426849
580030370
828116782
599608756
309398193
366512522
299322636
35025960
244970320
159463093
980203016
949692731
552527312
87979206
989151371
318115181
369874559
441200642
380057525
499601177
943664133
407725081
589151918
977030692
947211969
362692373
631825110
579801990
403932706
918371067
924429248
548944911
789238758
18014088
365989972
337024651
106609250
823023764
449663894
323831682
18315170
28079110
738460128
2384340
44237563
233587289
510130598
16486398
939581799
697430531
17942184
919847785
288524703
98638580
241545957
675082707
824549476
593407648
159390630
82930441
22948186
667201503
801640280
305892065
371057194
683622406
368561209
712514555
957273262
672378297
918371067
436883996
605726830
8732094
898166965
228017149
553988634
107484462
977602253
488825359
587943464
476300305
145868834
64045753
291574820
962766714
460672795
117419035
398731101
620855530
979092745
441200642
985010043
242537886
208963850
700757685
902794171
38614350
409516985
999023274
841874649
910401135
441793
88670278
85350000
359789235
255681460
149460964
499400446
451740733
708904974
549497524
427193422
567554543
446702913
940456068
310152833
297086518
858129809
844163295
596481200
106609250
566173351
398158415
114191416
275792717
997757309
993451481
45192168
638727205
343037874
731026057
999829726
456011965
994525592
677489805
753526356
942511259
558517437
785432789
648517946
158991111
176764906
704499338
760400346
385906631
64806682
190591235
689543058
511626753
307406205
257056790
909649933
746875441
419638533
887951259
593120577
761525159
840396007
37007427
542224762
202763538
333793439
696102163
651794170
362912578
185136146
372906456
236089264
853395693
333450813
902562470
784067079
272688045
472879654
19651712
76825284
429385955
145169198
163437370
716607649
453289294
353101427
892809796
734351959
792670982
422891295
515687213
106539967
298281942
390093242
428323688
532217124
296235368
366506893
986642912
258674093
775657172
354902440
462474342
955402370
418779187
751966106
589672269
374347458
720306601
890796810
380167947
919847785
958756356
158133783
594213079
169391677
509862102
406733306
349816138
858864137
723057184
100639978
657360042
576189581
284667432
256594531
381755180
418291773
397205410
716287720
819081669
756406580
383236489
963307313
910949169
769983933
612472610
53503920
318703506
689947897
99898097
446329391
135042334
124314115
355760359
599601711
355531579
183876027
341692289
271777705
952169661
169882850
974296487
79075644
728002739
572786722
376819753
737289701
409516985
655047536
73864401
317353858
752741272
770489133
842629962
45262634
619146733
276630889
235810697
250673296
110852542
339081775
368658463
291824224
680976954
23027
614747605
981768944
596481200
650465969
563793168
800796995
918371067
185878323
992373275
489420835
335559058
296792838
998273144
647783039
698875619
58086355
912288796
53471364
500040323
882214108
928034519
740350604
133297725
473824857
538646259
174703650
545187375
675442190
317410689
99930362
49544085
841055356
455584187
909372225
687193820
242730708
806860911
277362510
176993785
84312947
29753887
83352113
833877412
259080477
47754023
563048249
248650835
586995411
659315129
299099734
978690372
348094892
133970705
100639978
508253235
473833494
275508048
10960934
789367387
576510380
234113305
517650315
527125537
628140902
378616015
323688018
341833803
806388205
407097341
784201012
453921246
990024296
822618499
743230774
88978605
292028629
65196859
728950773
705910877
704585511
363020562
571397692
670454507
505278861
345965574
897264779
214875621
434226951
619774309
874911723
799651315
362898595
713521058
261404473
945547452
278575828
633795930
122489412
614980351
320293178
87566454
47523195
70337395
316631801
698296366
67688421
841373589
509256486
737264169
29447170
253414049
235726469
939412204
97114550
727114726
485046260
407725081
292829326
955645502
994525592
989994980
230505899
99294968
256826256
216485600
194495179
470152162
23439494
485516324
50139330
480202231
181473388
896047804
658651600
104075142
949616070
946688033
91987665
162904595
951753491
194324364
943194422
209275224
71306314
232036787
673066311
64806682
533623721
841874649
256871288
136018293
190591235
896837570
432676281
939581799
542865411
662326482
461530025
951349453
775005657
553474145
387896793
626916077
866242419
607430505
314157515
158133783
643419440
133840056
366643336
407288047
396375854
682715505
907887148
762872722
752435545
146317831
19412458
312964811
280751003
366944769
248719263
313949188
931255729
973683102
751924123
163896852
528525776
224806513
82930441
923353232
615321522
616150695
861308479
382788921
626430793
490548270
969852307
281647789
280114407
428409366
48029736
573067430
392490795
755298643
183876027
868640977
524610947
768335112
545292747
740213280
236357274
505278861
307406205
109820121
87566454
904858696
946844822
579009084
536861678
967676241
226063473
595351999
831168449
290220066
998094308
690810010
181629140
482294619
502533672
719008079
99898097
939412204
237583210
780678582
883346999
887027013
268317800
80280938
631825110
946558265
504530633
122986943
462303364
44093214
473832806
167984257
467676320
50028226
660991922
769371394
123906063
203561030
232775392
79987839
603250276
994434991
191616302
257908293
265149155
570020150
121888334
692787266
307406205
382280608
285621127
561650669
755784659
327062973
113664145
152990205
542789808
875566323
432676718
320416247
153036211
143390169
150167712
127731298
844163295
174983856
336762088
489330151
57361838
378707103
390714779
444337560
240713897
518558863
109310744
990552240
245425177
596729571
466541751
597133312
300239313
673374938
424863874
880262990
266715609
147028465
864292963
129519234
705613344
99687341
408786907
24217701
150167712
923353232
253414049
999776596
536861678
387896793
271515954
341558041
655309272
846605802
783571513
580030370
569117730
486454952
918371067
171704100
36330409
515687213
790291637
429122995
660633242
270286154
575802632
509110891
43436242
677325861
757584325
783794286
800207125
773318026
999943521
875221339
192863894
993873137
381755180
909372225
62278975
564973561
213178822
691107911
589039725
951753491
183876027
266427285
70797172
525100829
853310259
300484651
198682159
579209878
173541046
808555803
141906491
265508162
989092282
752689146
182758489
445405082
735530511
79592443
755758263
556530139
549138299
171835564
486107326
388860640
134599270
834494088
778134208
299322636
800170357
741386413
357952197
796711206
839651716
353096897
534747052
770854001
753070867
440115060
661847941
955645502
602019714
125928
160025090
452606017
281168105
560986700
912096553
97050984
771912445
669056316
689473818
964300431
167984257
420071414
139049536
175350142
795800451
153948174
689226883
39371310
469722480
379071801
284960849
335493505
715175828
626940430
496035406
145284413
789238758
858089636
464672102
501059022
146750598
624997876
927702802
473096031
982134229
523887314
981633523
234499033
624885405
82765802
566051499
972055459
222928713
646379820
300239313
145169198
228820456
251390666
530094740
395423196
415089764
460959672
883279709
331827195
964874189
768977930
40332148
201771483
187634501
815416561
927886037
940774954
67077976
708440083
299322636
2540957
150561057
11955925
660633242
718419158
899906504
368049204
556596764
960695343
399372397
758619292
105809603
897628269
522661800
395611976
834494088
310152833
236671353
686976608
898498878
88519618
530209670
90608213
483115742
33923505
335605909
727114726
82273719
706860689
299942502
495540835
775690928
893505518
546733990
112293779
665579263
761966479
785467481
40500065
727182843
169882850
735374326
436147432
320190015
918371067
523887314
561927263
634424852
509253570
717711636
596481200
675966917
285859923
718949535
784479687
827750535
706162428
489631570
325720925
880061175
460131108
250178805
346677668
780404281
275274950
729543329
775005657
514566735
118996543
999829726
324976377
847136311
312964811
944350211
558098168
581807886
746268034
963484151
87496312
963476682
314355843
719005707
877978481
634399106
265610898
872890896
562336946
52506632
16290246
648182276
249122015
73812231
886918688
878197914
373384006
809947751
530848961
207854418
517915463
222984022
424863874
145645456
655964748
364451247
591476050
232271330
626940430
87580587
746348761
720162115
878197914
556967856
192206477
980266267
286495927
694308716
310152833
707345278
850694891
62658489
216801835
854862368
940701646
474473670
113909507
670197092
822618499
544072277
219339466
743325434
274831335
809778338
880513419
596365156
37007427
782456020
864613039
263230092
216812241
970336503
177213342
76825284
27178236
502533672
690810010
875566323
199546229
204865575
956425559
172860255
901639211
700419224
603649831
649095705
951349453
217241099
894850254
240222857
977051764
549808360
468434064
145915444
712644915
568954206
536861678
908774777
495256522
234902725
146576630
91942177
772394323
622832655
610896570
549474617
457078269
443065043
756007642
324838306
641212049
793614308
981498273
340662227
313674752
151027413
488877308
921536719
334997435
812718396
340662227
137918766
125928
446072666
318641041
705262864
144911198
255681460
75037839
306360331
419612250
416316476
512852405
337793656
636105670
819109978
169391677
558817355
742950245
163029960
359789235
648010563
915606489
340946051
977772456
220883579
971277512
403621246
536611185
308885732
397586720
444788286
778134208
380641510
122519851
750767850
203615470
709269770
362898595
502215917
287867258
348872322
486925386
679866
566203156
460588606
421017925
779806357
703164983
133678897
611680973
241272190
740350604
126069193
19412458
416103440
889281030
646379820
129173388
298326571
569631445
619449588
762312864
728194530
688806611
543689619
344206011
485722542
398972640
539928037
366944769
923433942
335944894
287880462
733026518
649785144
812394904
666746479
722673985
525824940
68461701
709787434
58086355
94404939
554395372
577891604
735134534
434304466
562336946
419978799
429886177
699988777
229113311
627717405
438997712
940456068
625993214
863680078
564043690
82599855
968813402
928958479
921098205
621458069
740350604
131882036
871721098
565916153
53591496
813612210
439480729
398731101
731164909
203415074
221987246
404340321
653588736
998710505
667410136
937696059
203698261
869671621
61932085
620669173
54513357
592907268
352908178
286086147
133678897
22576800
713053020
66308413
500847090
696144959
159045950
835471379
660991922
660487444
566887638
937575462
261378734
704599896
722636324
458727445
121622111
554040964
248116556
61575575
720739518
324794436
331913757
339753371
523512304
738998475
205314135
90608213
481399706
136704482
735577427
733857021
128327405
946688033
991271184
731302849
492599439
993103849
807411836
70337395
270320748
655905162
627705409
90402653
285704831
762599676
269136593
428409366
971924009
736410147
567727762
408318260
843193783
423827642
395684981
513386070
972262989
868358896
482294619
176052073
635375988
988818770
984549037
214569567
204720895
472011502
491213976
723969792
551585434
580030370
78657326
625571622
928034519
454847708
703164983
211303280
920345423
727114726
792896178
762872722
247065774
153648379
505772390
570020150
455804604
691480177
261378734
176052073
295230283
453289294
110689703
626940430
346368715
775489307
171989754
409681605
375021138
8054660
106609250
455333341
351607620
800935754
473833494
390865
781628275
524765267
398158415
953479722
297911762
921904755
880262990
380408848
666236727
380486926
944350211
767719243
10480620
190591235
656869883
421017925
559560219
882459854
91987665
633795930
126277997
466999377
352226874
86960842
729960046
951349453
241514184
898951691
756064192
357432215
691052551
329482050
961364338
866965659
567439893
305431392
20323451
264404783
80943614
758379963
486082929
739881009
884712848
110303951
542865411
927886037
441527808
524009718
2911034
283136512
188880963
17647347
188721787
318822623
874911723
472102281
536575902
455692040
484007973
742402461
725786352
290019691
561658796
138076463
370700778
940132923
122198726
272398854
569964076
519742329
248735784
856341706
145868834
685639363
453289294
243678342
756546302
648491427
90023763
643184832
625608948
615578833
947513092
517008466
895060235
185184271
72217707
989168142
994891918
488565881
459133838
725730668
561064295
95780236
468435477
812444633
941749322
675781280
267472580
110303951
321635191
161956159
766311301
893720708
899669690
358317946
968721838
434123847
514500257
609287936
556967856
176052073
693107222
635129242
122489412
677325861
203117702
885760432
300002133
989707241
261562491
601347152
299942502
996693767
231573073
741331732
805213015
865340822
362357499
596481200
171469133
660638941
131882036
336762088
378813770
661210112
828659512
829269401
511724807
744449738
336697473
625608948
677325861
941510871
521288930
290019691
432451664
209903741
464604348
631821488
366075081
743705259
251301813
373384006
273385028
310307626
909372225
554680220
231573073
74073826
812816363
439480729
916483133
558069085
94114397
851198691
146786168
584826403
437955751
892977284
370801601
842421001
928740009
519742329
783089777
855380721
718260062
909685460
886190594
398731101
958265498
211525246
911293849
459917588
82930441
525824940
853899061
917564627
362692373
423137539
95687864
512618233
622393154
272767777
538906890
98649894
819227129
171835564
739756408
162904595
953157641
560700892
686875412
658908536
595444751
466999377
749673667
440429930
197436345
177186236
363728028
642437494
372906456
358034824
98638580
382330081
110852542
407998438
842046161
80207986
28045217
441679447
524610947
660991922
344206011
133993745
828947445
158732528
204720895
554680220
233104390
927361159
750746014
527178335
314522488
819973676
1818742
454948676
550551169
384553650
651772788
62268176
242301424
113909507
915442420
684483792
983318571
323688018
607539905
275148426
257207650
139728374
638143547
255354901
93075679
86747561
786780709
151896852
464038316
159250242
888118552
906695501
79537892
835675771
648010563
110188239
645175937
546957445
123906063
72501666
195544559
19759641
385712218
851198691
509110891
611680973
576560655
137289270
321691918
276706603
841545186
41506572
336697473
288971962
829269401
898895279
260601495
502698511
859290788
229113311
77076052
850091541
86569173
586240022
387259199
741938475
953324051
452327396
808898840
580017809
186210856
752995104
16148686
896795008
297385368
731302849
414962535
314241730
643682129
643498577
36330409
700757685
494741965
789877912
168508059
952799561
290442436
102990945
122883304
413179655
341444405
445405082
673374938
321642972
999807749
472546078
215722983
99653412
858615998
733169840
699198666
693211735
927133345
113651701
792896178
402737849
418779187
946525669
308885732
987100304
106539967
783089777
458727445
986542871
815416561
548522458
871594125
336697473
493971505
276957762
62832967
913830218
302860730
725679340
827269670
214004916
901639211
607846246
55382935
123729077
2268771
186268418
129332701
290774194
586929271
248650835
70426400
919692462
437993694
550551169
480783455
146979595
689469417
438004748
62832967
453559193
406302821
524023625
793635205
416103440
673640257
957525199
179154557
963387691
359789235
111802658
313683427
337793656
829366216
549808360
210060124
521078587
473824857
525535195
203698261
119351720
404603806
83879664
530828096
705675831
859922764
575043300
505440721
865686163
871268922
895485662
145436481
119202718
611680973
705675831
216812241
953377888
869751660
125928
604211032
458727445
444763785
137646768
721961849
648517946
671804521
242730708
243760727
812266337
102250267
989707241
882286189
639432326
228604261
139519365
417333804
898917881
365989972
634707443
473133423
656761902
751924123
300101620
940612051
371343694
17356576
479282982
204720895
159390630
947954361
515494371
602477865
422891295
248650835
659315129
682110764
709561278
44237563
927385157
537295748
255748671
593120577
945784482
197436345
38614350
308934993
275775836
512968314
948117462
571938185
624702115
71472119
852360856
572428162
104339115
260526894
213856818
542580774
810576028
52618443
666236727
224764206
125501315
48314838
707688301
972460562
765560151
453968857
490608967
725730668
927702802
913505481
777099572
745438903
694057165
244131858
713189031
214876948
52725035
870409069
95866528
855406361
668415225
740187725
105809603
714617036
302072542
309398193
179514061
79176146
470855481
970076355
966596933
60746186
845657619
46836795
516271927
185184271
207008561
805213015
6363350
592907268
383478484
607846246
341692289
107177037
122274217
221737340
136507983
950509003
387169413
419848486
583804857
426248649
928612867
398688477
479273375
317353858
800875559
473786151
933036886
440587481
281283725
264905001
193503327
103994044
783794286
468699539
877591864
553988634
792137851
129519234
136113307
254449124
383241333
795455988
62799122
681020805
898835908
545292747
187634501
400417061
216714270
779142243
151023350
947513092
318115181
374244915
620484107
599698427
8498132
933788414
66641653
677238959
530182631
53591496
882985943
934200491
485679014
510130598
126143075
559328707
666236727
886190594
248650835
9000783
395661092
387422162
713600838
185184271
399372397
163896852
739524681
275966906
275792717
65184627
489330151
551882779
1788755
555569311
415862464
770376993
177213342
362023424
103333664
284396336
83352113
998273144
619490260
845681048
523725805
492886677
329482050
289681227
145436481
669062482
259671697
791162172
649095705
675442190
786830486
683622406
824164603
279180416
646105804
167935375
446995002
221487539
103462083
185630411
442770324
884219840
770489133
215386817
787322244
79987839
970627656
532156957
182735029
884336684
744202151
498998688
929261246
976222171
773318026
352639805
207854418
510130598
635080532
32496664
951349453
602019714
114961202
164486990
103994044
194931355
85188842
215176393
865822374
352639805
36608168
838811546
277362510
423490035
689403626
986202696
842046161
2268771
520934922
382788921
744707662
63854004
88844458
87979206
278073542
319693210
660396598
719005707
918201548
630779995
317353858
485885946
209665637
763991504
671804521
85140529
440359811
42954256
941348130
916483133
135491950
586181383
295625824
421413040
5367400
998094308
465077992
803429662
424723885
2540957
954641398
874528766
905123933
912605198
568483975
711000983
540974620
928576498
458727445
32660965
795238041
885760432
489631570
588601036
369936260
202583777
174929757
182011773
308470037
511761841
590625838
504749103
931927116
203787768
962229774
644870229
678796411
880012975
324389569
355845755
710726486
704585511
215176393
281647789
420863457
341833803
740092340
301415326
634707443
197603705
366153913
347931099
43820999
734101620
467118269
561658796
65360388
274777164
902856148
446347381
233587289
217401238
865340822
929102462
944350211
186549993
35500816
852832561
464038316
89883449
575194038
440873196
174407286
733443111
639589074
937243431
586183262
440359811
677325861
506515649
554262260
278057103
209903741
143701692
660633242
300747395
361619737
274831335
777590440
846647226
128847803
222984022
656314365
691840120
53503920
944350211
189584689
643477383
337481685
331913757
656605682
117590420
563545851
485679014
49440753
949801583
181629140
552734143
842287840
925031259
783794286
265508162
152672015
427942980
25885889
401726127
341310704
754716572
363741817
298526129
115308892
750185585
479739143
365989972
347013213
854862368
308885732
888636355
95613363
206464208
146750598
170884245
747235060
206464208
928053228
810366315
279676159
674388934
865340822
13509438
800738413
191204093
474870362
864292963
898717495
161377513
715978897
99687341
772465874
606477831
532072421
126069193
590231602
113638008
552527312
471147075
322731992
174929757
114191416
535385439
549456183
912253858
655627701
368173650
291824224
279676159
40500065
1174185
233256575
120110305
361195985
664435284
300564722
124119122
880012975
519844848
692738762
613325464
230706114
232255482
118135587
8498132
262556947
608542238
517753154
981812962
278306215
256374784
273767254
874911723
411526283
775261579
331913928
238632946
598688649
971359908
721961849
339911773
424281822
759313172
298933739
71586101
278575828
966163234
455692040
690195401
696589541
493957721
574402261
341444405
267640953
895060235
2819999
793635205
988545087
708662140
603649831
351933827
727182843
634424852
373384006
283478874
219120859
990925063
437463582
366263270
663162214
511309076
772394323
710863098
684483792
536283941
842638862
434123847
971277512
570883861
716083537
858788134
734598954
927886037
560226231
684486297
594787744
514554554
53471364
666965173
751533076
302140658
750818840
562336946
688361030
412988526
325981312
274126864
921098205
162378889
851940454
202713340
973683102
278194783
435346861
580840904
875063683
861899041
133676064
962229774
8576661
821278933
227048087
452308045
694184924
813691849
280348090
145915444
509796549
43436242
638143547
134618008
164775602
436239083
781324055
508081034
453407859
940456068
794065516
619182572
692804530
613080378
664435284
234155213
903864360
762312864
505440721
866230124
47754023
29753887
631821488
712297459
122138555
22531247
525100829
52725035
982198000
205626686
285859923
960462159
177213342
727220439
332898518
646105804
295378462
601589387
216814690
264404783
865822374
830911086
342634130
885248942
912463554
485722542
302178906
377625764
404888096
684043064
982709274
545129557
434304466
237431778
862616689
833612237
469192528
244558325
707345278
296949413
579586634
689226883
559457514
120249462
812911441
905948104
685372953
579701439
802248129
728950773
150311836
335549258
155609450
405433550
808344340
105809603
393382357
188626260
953157641
695895078
518323814
211345709
303339069
290774194
543689619
136607832
284960849
64241256
328102906
341833803
319991217
749493618
644133951
136018293
199287455
132737237
273247116
659632532
535918199
815419419
751124855
831168449
269043845
378443527
628420022
787677119
285859923
423877534
507355977
489935420
859348078
986695501
300239313
333285206
973683102
191616302
362991490
269136593
51594995
626916077
350737692
955718067
96050310
107022763
966163234
30879992
146317831
96050310
374347458
707688301
944990341
390039018
468101816
434416659
796698725
26041975
651545032
300239313
380057525
707510983
158991111
888514421
605535005
104266850
55127219
854132287
668415225
787600781
171835564
879220233
78658678
845657619
216812241
173490858
913830218
981725220
314947563
916366894
606616385
171519720
444669024
493155360
335746348
214876948
841055356
131764369
30460214
438453588
224884568
164486990
735079421
187586942
264846066
716083537
461530025
128007956
560427605
192863894
891989769
482163733
136884559
631825110
88742706
606211401
846656961
634321749
828070778
358602702
591889489
171519720
103333664
134749986
128944627
745254905
327133072
323135524
532072421
324838306
742737647
383670664
134618008
737434623
412233211
16486398
916099202
404635215
980900949
167617593
660487444
432451664
526589247
394975955
439710041
235115489
770376993
135662455
417333804
361931082
741221580
198319416
353344829
614277710
959466116
430678030
171469133
368007231
760197894
201580599
988545087
740160189
145169198
513012076
421992274
603713942
828659512
48961171
270440549
77907784
43501170
30574845
556907117
22313472
155942875
421213371
971359908
832106108
559560219
770415534
437644188
235115489
977357974
127640454
57361838
456105109
580840904
977454529
817128143
259671697
759147566
725730668
534011294
8588107
800089371
213856818
370158900
779392924
771964318
36010087
314157515
543689619
281168105
48961171
889376377
791162172
279676159
126267669
147956732
631137965
521447816
335209083
666798594
929261246
171704100
389091410
44961493
467403213
437685866
345917911
635129242
236089264
770376993
783719596
799515077
602656724
325792058
323987895
8588107
727522237
126661116
878902287
777798806
77348418
546449793
331159247
817128143
204539360
690067785
872183036
103189020
598688649
145524938
842421001
130368635
476390777
712644915
288613831
805213015
641212049
276954950
145401030
540434900
219343917
955718067
972558388
86747561
812266337
340839022
442770324
761966479
85140529
139870326
383236489
190427781
283482347
67777816
13878461
490881178
222928713
885767188
400835514
677238959
655419405
438480661
974296487
968984847
538576820
985256752
791670872
812868218
199334486
181629140
949706778
472366255
846869625
947257550
940456068
535695959
532030154
247991220
341558041
854640559
686280335
129510995
712644915
957525199
339046881
438759728
169215057
41648217
857084906
629925385
911431539
542865411
912655054
933009991
591685029
576437136
473833494
321222641
48333694
96892761
204865575
586691717
289849601
242791866
611024068
694857316
151027413
228278183
631825110
264791583
464278011
132737237
684882558
17545431
964493285
188153395
643682129
955685043
791455191
24769082
811515830
489970482
15076365
252844762
799651315
962768704
494697432
243760727
4679574
213348654
40388874
593200454
456346221
601467315
238188851
750422871
946261121
600636337
139049536
54674614
320065609
339002303
244558325
928989756
655268508
378363393
980431253
109310744
252844762
599698427
862067341
841874649
838676534
491380447
697899833
456551512
381779589
519039986
756227896
741331732
343836531
884818286
945784482
982709274
894246612
282724279
207952787
493957721
244147670
520903686
875513825
700757685
834494088
218528461
990500710
133840056
548040207
216814690
361873276
741200146
110689703
666159861
782677142
200527387
317410689
668415225
124828950
623258415
617929802
571510333
416316476
921904755
416316476
878131711
990320809
574995195
880537704
285265212
675476065
696960259
554262260
982709274
420504682
140153737
426033596
519177847
384993393
870678313
776742789
477240580
491380447
104339115
606211401
96452314
611501219
751656813
566173351
332315047
998890052
81500810
891108534
85350000
285867328
233810330
937399008
764895461
236337973
55714782
196193524
988545087
629995551
977171466
411080432
627506813
125501315
811808922
370801601
715139405
533433026
866965659
44052816
931584215
171519720
741227136
580495859
387652133
256374784
52725035
577212900
140577335
205083705
985010043
267922159
167591432
176052073
50039937
908127222
923402224
943104178
670224103
532030154
692738762
931165174
560986700
357952197
752741272
357692041
931927116
955645502
858864137
37976523
681241782
56404134
794548952
675892155
719709621
608183285
521090581
835140882
982709274
150167712
117309837
683477026
16148686
270597859
424863874
443507719
351703750
740867539
361184389
712092439
137918766
344206011
583804857
980203016
696639961
871296620
190485626
343037874
653899926
292392151
488432938
1594528
824627392
405414006
359717629
158991111
480271897
973683102
489330151
528498045
808084842
378616015
981909107
322724629
566067764
981741436
788909770
567254986
534281626
127020918
246479219
242590481
184417541
103189020
72426849
733169840
93748428
914414614
458485672
504372195
26041975
82725822
407368217
692563697
800089371
448949784
290774194
511654142
635129242
882985943
975143130
501805592
773362750
46836795
713765163
216714270
837449913
981655905
929038210
951753491
523280961
216714270
741236128
518666575
170453500
917009561
199546229
16654254
713470861
77585481
35842209
247067771
470051007
791829373
586183262
454847708
723969792
42508280
9605306
96600777
678942597
651772788
997548061
586260881
878387672
133757133
571337769
884336684
235494869
887027013
40508177
383478484
58230509
552734143
875221339
150115228
895485662
243906652
809076111
379985925
470014055
755441589
842287840
181629140
561650669
752741272
829405488
550481708
472011502
252518544
669369004
294846859
89727520
70426400
715139405
284152087
761966479
815737796
566203156
468435477
297489741
837706005
355809959
275148426
126277997
625302331
138626505
446995002
475434304
333442434
604232450
912655054
445405082
537295748
706158367
46422171
173867073
627506813
336110469
880061175
464300164
732891441
709561278
53779156
524610947
519818705
345303698
882985943
936381229
690573252
715978897
906595885
650838979
408429985
545444603
5810277
201949849
388994831
124119122
90402653
172448910
222678705
286813258
381779589
643682129
777302262
361603871
898601260
88324092
483115742
899491674
815148432
419256420
863428174
669062482
859589175
422295578
963387691
292234136
479282982
382738237
276828025
327133072
158982258
925687213
250673296
285264818
67501396
987002431
576074024
902675108
713956830
627506813
487670868
313397866
252844762
627855345
24285110
30243491
720648261
248116556
350966690
702006144
534662469
668550997
908735501
537295748
720648261
71837707
694857316
387652133
933036886
870678313
415089764
160058689
158133783
818222241
187586942
625718076
791868776
300559867
33057252
167069063
989994980
9077505
399996323
896192367
699623546
286522306
9189186
102031934
544162488
145524938
493155360
171835564
577558397
786730998
744449738
906274739
440429930
23413435
492886677
906223862
569964076
559941954
499812215
968672214
815011008
142556183
888233780
862692060
568485213
809398488
100783111
549778550
175350142
642437494
934201997
687193820
479926495
765812128
122238417
944797637
929276870
190668430
731164909
252494340
540987026
985579053
40881249
439480729
417033024
739313322
51750955
833984907
939378739
7025229
287239708
243950061
360128521
365762632
537295748
923367080
713470861
459006545
786222871
530209670
26363273
752741272
78657326
202763538
177219422
433322003
265759830
60
876854161
739313322
64806682
968024554
998204151
206744726
837134157
440925808
294786451
13365933
714597751
846656961
13365933
760400346
828659512
371343694
658078502
190668430
931165174
952200533
197436345
315276976
358923812
537069076
318115181
540321680
859290788
559137700
741331732
73996675
1788755
403761944
602016003
503782622
998094308
278172521
555569311
684977059
32309270
296325602
720383578
715198521
225645275
569682261
485652069
421017925
927886037
273667386
365454283
690398940
479273375
291824224
560691114
214911073
422891295
896047804
261717200
807998251
826666005
281283725
252518544
486538353
673640257
833877412
386990076
508890660
553988634
232775392
623294605
382812160
881304058
407735429
909000051
860470604
939781874
664435284
750746014
474604497
22531247
192644516
301173592
971924009
630368234
963243418
314947563
848371864
45562375
336509443
441200642
290571392
775489307
235406293
838676534
745868910
740575622
800541464
370210955
607430505
331254816
224806513
424863874
193020042
390714779
152672015
957100302
645323141
221987246
770465479
777891107
72501666
86691567
162904595
560427605
46140662
208903911
770415534
244558325
261378734
118135587
659881526
986777772
299501065
5723654
65351800
987006938
643682129
843707691
382330081
955207174
921536719
898498878
246130001
728800853
198682159
144660712
827419924
975353753
625402982
218914439
685639363
420340981
558517437
387896793
530447093
968721838
792702062
594694758
862067341
320021118
795800451
220475770
1788755
383924113
300559867
596940900
761186899
248478546
578338951
598869135
784969695
784687473
292643797
97114550
784067079
943149042
167984257
274887204
460131108
769983933
771674281
670224103
3227591
673640257
74022590
83352113
988922901
501238222
208178763
530089668
130683555
749616931
835392110
256594531
72945029
465525226
382728456
589144625
57361838
831168449
474604497
669960318
92920457
329036469
142360356
293410099
614987167
27060377
357432215
955645502
57295197
400835514
294786451
673307522
369936260
4233067
26363273
756599829
234596180
583639194
934166969
822618730
398972640
110188239
328652851
587945053
690195401
198099305
769966289
123906063
150561057
737354771
278306215
361898816
499692193
100339701
382102620
875365940
331400346
50753306
648010563
727114726
522819489
619490260
697899833
254610019
633791874
997603707
362138024
456419842
883346999
240222857
707688301
425875506
498203435
530330674
633791874
858983323
962625583
177752059
267695931
967872912
949801583
378443527
705675831
573497824
365492724
736657205
442791907
879915101
467268454
145868834
210782759
33503155
56404134
271293688
225050076
345861884
787418361
416770318
892809796
965309544
290159900
318263961
837422832
503962789
783541301
190278162
314947563
597785095
933009991
323081087
415871098
856660208
692787266
692547691
338336902
947513092
271515954
305564699
146317831
603751668
627211250
934303286
313735500
299360490
986751507
197436345
576510380
241348768
131882036
561650669
875566323
629695651
493957721
928717416
817846191
442516163
423991240
206490884
525574908
481588203
689850867
939378739
843267370
887797166
888233780
899958395
970226898
302118374
125445259
883067706
474456970
20231275
852360856
262729188
164048640
756964626
987532054
440609397
390039018
480759753
134618008
646102232
548522458
162863645
32496664
52478440
459130269
384890783
62037000
558069085
759704672
349923942
698296366
380641510
419421929
925169881
344206011
451017665
489330151
91839682
717520335
319991217
331564019
431950369
466709804
648182276
348660146
437993694
867795275
693529139
485722542
181983021
877999300
326647512
125445259
557641775
626940430
294846859
359717629
795455988
981766236
747749778
152672015
530628194
853014783
107022763
676370399
96892456
811230923
613024801
361039145
177278276
446072666
952788626
279890360
865038089
588293570
878158907
784201012
836561421
134599270
634424852
856341706
479184374
366263270
685203934
769554308
65184627
739881009
352908178
5723654
636105670
909000051
469192528
700419224
732891441
858552850
302548115
38840075
418291773
238632946
285859923
707510983
664352708
118765210
566173351
163437370
671598445
5361499
445418665
176764906
405777433
506515649
576831545
502215917
588120462
660396598
719099062
982709274
722495823
259869193
934200491
76597105
454309725
421413040
503782622
700152329
912253858
46075177
126393525
111875016
773570333
987100304
90507943
99898097
736410147
883459496
214853837
69474826
361054497
785467481
129519234
898096066
627211250
290159900
976222171
151299217
799867044
714163644
887027013
118135587
828730362
736657205
307063605
131764369
598688649
305892065
638231051
382812160
433309762
603104643
660991922
942444918
4420781
896638221
524062683
643759880
941427223
19412458
812266337
907496794
865304956
352639805
295929403
527178335
875262995
923367080
11795907
675082707
621460504
454490383
303308051
945242755
543250111
556649750
583804857
834676716
786222871
935589006
487373430
214875621
662289917
66974346
356973391
548651251
775657172
12273710
30324466
110351547
151192763
473786151
441679447
751924123
483115742
917564627
174624378
705613344
218098403
380259038
36330409
629995551
990925063
48209866
970209853
21426950
401726127
999284815
159250242
637903451
626940430
793447322
942621338
361898816
13117486
551309338
840396007
498998688
947257550
302751630
690195401
928053228
548337783
238632946
167984257
332168372
837134157
747068617
53471364
746875441
929326132
549778550
770478311
370210955
439180739
238188851
577271690
139870326
365762632
8011654
109828240
511654142
946844382
577897554
525613259
707665815
354258948
863407927
630550655
579009084
816238072
197180731
510189985
831502419
249453076
871721098
520236676
345861884
587945053
912253858
592963672
944614024
519844848
850793312
597496095
185630411
95722331
857336012
523280961
554262260
981741436
349732351
936683563
865951590
554126869
542296825
242590481
859589175
995582295
49440753
270286154
52220150
660991922
282090156
213737196
534120441
35025960
858089636
254685035
816238072
200527387
779306540
964083182
607978798
485242375
717711636
816238072
325289888
947257550
748381992
860470604
94772002
335944894
216834869
501785879
302140658
472092494
706558135
413629456
800592533
532461519
245147188
857878235
910949169
972913950
492076539
361309151
197806806
433309762
898519379
424723885
643682129
400224905
885626042
65593665
316113545
421017925
270440549
332566210
273565089
418010824
331294816
682715505
669421111
672845194
656605682
870844245
876953877
96892761
228604261
859749505
413831930
764788066
576510380
811785106
640726917
83551851
97050984
711621640
758672060
858788134
607186775
647295079
570939479
158133783
13509438
305453303
698875619
233104390
911431539
170739427
741938475
52725035
383236489
197436345
769983933
94729104
449502732
931183119
942511259
506868236
906167289
798322610
646207231
744988923
635868872
726160188
319118261
85919606
783571513
988718646
167864015
400835514
438166869
949289975
33554440
687353430
494741965
377364351
572369778
859922764
554262260
423694673
11795907
962314551
270651068
204070393
418291773
967676241
649882910
571030631
662394423
361962353
418555531
331807864
56209822
216245200
326126525
744272072
740187725
91228151
209665637
392013283
714617036
240736619
556967856
499692193
935597404
203117702
548522458
897573889
207854418
419838915
317410689
597931017
611804693
841347588
619490260
514566735
401131637
830911086
372906456
684486297
266427285
283136512
845773850
862431409
982709274
648612660
858089636
348094892
841055356
693529139
178209190
295929403
913662148
616109681
949376778
439693125
314522488
450323755
769191724
880262990
359662996
997362391
229120430
177278276
829980338
826666005
969457664
971161105
132966544
811230923
213050551
105845648
690810010
359789235
374289720
957779055
361781475
12320173
512852405
595692063
460672795
331564019
183228736
744280341
945547452
125501315
547778637
313200854
142216814
373384006
621943514
295222023
232958939
770415534
62525242
752741272
16486398
203561030
135708002
788793568
393459356
347646203
649882910
983759144
949188096
1174185
470855481
564973561
854583907
57584730
541107643
554680220
282761040
658908536
229038795
444669024
59195228
11897706
291387468
857084906
963308892
770489133
511761841
157449467
229113415
68461701
341508437
754863889
325130264
981768944
891989769
408367486
439458275
299785721
917564627
131764369
95687864
927838052
236026064
157483798
800003944
577897554
839284991
660193879
766178342
719337492
770724766
193503327
76097374
846656961
516594280
953999896
361195985
439094878
975566180
619449588
260691876
284927949
973683102
534689450
143355483
121083949
151027413
704585511
128327405
442993861
771139830
720648261
184510116
464278011
245425177
249486461
284152087
52725035
880537704
440139499
857070917
597870093
937192694
488798249
356973391
588601036
167069063
325289888
621458069
661167337
813834783
675781280
779142243
624885405
386990076
210782759
29753887
472011502
151192763
800738413
554126869
990320809
354515198
551473233
290019691
711853454
354108923
634399106
835392110
511626753
858552850
624730194
831622783
145481838
534747052
378905261
110351547
791670872
487098557
31791552
52956912
993873137
561893712
178956781
467403213
746721114
303308051
105809603
703525943
133690229
449626087
570405121
755654419
135491950
1174185
526517448
655627701
944679417
668456423
800089371
440936380
447317928
731010907
656977129
203698261
772539193
171119983
82437839
367475659
549808360
889269370
981426062
596729571
435661099
613080378
38840075
126393525
889986276
126069193
819109978
622393154
619182572
275148426
760246532
607846246
631825110
613404059
704585511
171519720
126069193
7549537
423137539
775261579
314226811
832202435
201285762
650070080
101816607
506798105
990552240
400835514
177186236
939781874
196064375
535729086
699555778
74274797
234821745
404888096
285859923
590454550
635129242
599766758
285859923
739756408
534120441
716823762
115152927
454948676
968721838
686280335
942254120
8054660
313693058
16486398
728950773
13117486
951235215
152228729
761424185
651772788
740213280
285859923
955911136
136884559
341558041
671598445
328652851
963243418
685906176
216814690
85919606
192987917
315276976
356559090
497681686
612231698
319143147
939652015
177213342
593994471
424352289
985021034
248529623
540329796
7549537
236337973
698176447
962766714
174696762
972055459
860137710
95687864
933788414
826864381
93944784
614277710
464038316
90279914
216485600
932097476
227566072
615090449
760574156
898739673
40209597
666965173
792310029
202980783
778568307
367705107
251301813
384043429
714787413
78064964
581807886
156468076
479630181
789367387
790279454
770465479
325289888
674079998
967071928
966211512
157483798
14897585
883180483
931464034
596481200
113909507
782677142
987375594
763728930
109310744
599553543
463532907
522067738
543689619
150159877
923433942
953999896
866619223
451940513
336729195
737581570
361095794
769983933
438759728
72501666
361054497
866230124
785715044
160025090
290332143
587893269
862067341
663162214
102787261
936241840
136884559
597870093
252288633
747727838
627855345
98312579
985534564
895485662
400835514
4420781
139519365
90510973
530672620
885946716
729961356
143390169
374158989
135021494
37184523
138402621
151192763
494362770
461530025
876418586
688806611
386990076
438004748
463355000
631825110
952829156
101506642
866230124
88146232
987375594
518140306
475434304
291168042
269136593
623528936
298114892
61704000
383905951
426753475
634707443
937243431
219343917
266427285
425875506
887599152
729961356
347013213
125501315
219343917
486082929
284360427
714597751
905062233
103462083
937039831
72426849
926951195
128973339
160195296
146013592
853187749
150311836
765427742
642008218
720162115
607430505
391815613
521090581
674079998
185194425
175510143
261097082
921116525
886190594
680390481
633314965
66308413
525698965
377138060
302548115
935707989
554395372
722428861
68006694
303660073
835482991
382728456
420863457
291529958
767628130
177219422
668415225
734846476
988376492
317353858
718419158
410216973
815192601
120249462
906014855
891043472
589254499
894531956
44961493
588298131
920277924
695973422
297744464
81500810
716059081
857878235
678782109
716287720
490223828
120837685
214876948
320065609
939581799
680146794
473786151
275972424
453196717
506515649
655419405
888982406
216812241
440925808
505958361
273767254
861354864
532888539
632936726
459130269
361195985
649328347
79162832
475036949
444497733
352757829
253595491
917659776
299501065
508937183
916837933
213050551
432629638
778263207
130368635
360030103
934829039
930515966
625993214
744294245
718419158
990552240
294972939
853120706
308839617
973162036
275556215
411466263
184109632
224723769
383236489
893833593
845503466
750746014
855978117
781628275
795800451
119202718
37184523
747085371
798080568
750767850
437685866
382738237
841545186
634321749
975767573
37184523
681804818
91942177
406709072
990552240
691480177
244131858
361781475
951753491
992123302
230706114
505147450
45192168
675966917
757465104
324838306
779376310
658009114
202025498
470152162
329508039
797948902
509253570
235810697
190591235
493957721
35903395
294998666
948190783
920426673
972446098
120837685
655905162
621093045
627705409
49207688
496764746
88582210
231659344
636460657
386082955
236089264
381755180
126412316
16486398
276757601
371554167
259671697
3255078
82437839
52956912
597245704
33554440
249453076
79987839
882274344
364451247
65184627
30340942
597582799
150995857
260537796
512968314
949222246
737354771
819081669
809076111
700152329
561650669
290019691
296235368
935416575
425875506
732891441
164486990
537295748
586691717
957273262
812868218
934829039
109828240
71472119
739266348
543689619
314947563
320503359
11859735
861582775
666146162
492614070
314947563
428619925
971359908
677325861
598869135
178209190
234902725
869634969
920277924
564043690
508937183
632936726
496519647
254610019
304316804
976965596
211891187
39549321
140869348
224884568
588601036
236357274
517765770
29753887
389091410
145647557
664546931
946558265
871644200
27971395
193503327
963484151
569177763
634099962
514829728
871202412
353101427
461537283
569682261
567117735
836347383
977357974
706042503
644277558
564114473
356973391
824549476
71033070
779228673
686875412
199734305
595351999
71837707
671804521
485652069
522799132
933216883
383905951
541026019
162238657
924429248
889088820
800089371
994525592
86260471
722518289
608039160
577558397
810366315
134599270
967071928
732891441
238124870
122198726
689543058
541026019
486925386
57454438
128007956
234493345
980900949
988959073
459336649
495453776
377003645
29753887
616621658
579429483
548522458
278589205
727240576
242739340
646165492
190668430
95866528
515622658
584780868
877591864
153838836
251124674
614741072
429790521
853187749
104266850
579009084
575197358
261562491
409797642
333284582
627506813
790129479
947257550
916099202
896763278
225645275
780392260
658009114
923367080
571337769
976274268
999807749
923433942
273247116
507686439
341194382
772594235
482294619
759215059
777557378
368587479
885760432
486925386
213144807
670727807
341558041
457666497
114366548
88557579
296382470
329036469
274831335
565381574
690737745
284152087
76825284
954325753
778134208
540174870
572089540
94152580
481399706
704499338
934166969
668415225
255206617
387896793
395661092
607117913
312570439
808394658
428970240
581807886
94729104
68006694
594900816
588298131
245425177
9189186
613404059
403872144
614277710
73996675
456011965
204070393
659949354
766178342
139728374
147028465
444601843
440429930
896837570
155008924
84312947
100313784
398870832
38614350
295719999
207220541
326085383
323892638
519039986
925806348
984638261
187929385
554126869
677325861
734816884
370700778
233587289
284960849
896795008
727220439
882279573
668415225
278073542
303339069
611680973
611680973
951235215
44387111
963459009
947257550
295222418
395423196
188721787
300002133
13365933
403574323
836469726
828093399
611680973
495061050
229397345
718752878
945161790
29302564
478091863
135078348
560691114
278575828
812718396
323892638
516468883
184417541
177213342
86747561
968721838
548651251
637217780
540329796
742737647
369328462
77724948
48752050
718752878
755441589
221476767
823847585
599588252
913505481
777798806
55362639
499692193
89727520
493083368
83977835
208405809
185184271
489330151
738198229
799008672
869668727
209237236
477509810
794186310
458336050
142748878
574402261
286813258
556649750
191960613
694561777
261219421
846605802
82599855
524803129
344184937
302548115
992012809
946102514
128007956
783206871
604462815
145879631
686342459
647295079
851198691
291824224
502533672
713521058
218098403
963243418
738998475
411683852
415459440
648420936
970794236
888514421
969757476
582415582
281283725
988545087
375111401
241498136
336363860
806338066
521878879
332168372
617422239
990925063
739524681
316543047
107022763
384890783
284152087
534120441
904932683
524310787
255809348
133602611
552108100
516594280
808344340
265149155
431757571
369328462
869671621
942256826
143789554
990552240
596481200
435537915
333285206
691840120
987375594
464278011
224380568
891108534
880061175
281168105
317732665
470152162
437485383
835471379
391905046
779022988
455804604
32508752
10579873
564964555
330451934
199287455
323831682
318942084
274831335
145868834
273877368
138076463
122920945
842421001
336762088
837422832
158133783
207008561
389961961
177368732
21655549
762823246
136199616
150167712
22531247
235406293
828947445
672856736
853395693
670224103
900487109
35025960
318556165
630779995
242920703
222678705
468435477
775880818
813918395
690737745
782456020
333450813
119813829
386738155
842421001
917659776
68461701
517305096
197803350
854226690
715139405
326216261
543689619
527816115
126412316
436483539
320503359
312964811
53591496
976222171
249513798
341048950
885991127
711621640
763354546
684792647
322332104
41407078
596365156
264472876
866241061
375021138
319684987
892882943
165782625
744449738
913505481
249513798
888233780
127731298
126601087
277087679
183530967
944982194
670727807
614987167
284396336
130693451
412579404
110941013
91839682
671185337
689808611
578855308
934770653
860470604
677175467
778134208
700152329
543689619
467118269
763879426
67077976
13418899
322755910
621460504
325792058
561650669
987375594
811230923
361264649
423137539
969457664
251124674
763657674
174929757
275976654
819109978
396129338
980266267
554040964
705464292
763761479
465587470
819012562
260582731
983259180
596481200
731979344
64806682
545187375
158133783
881427098
61827593
211143812
239834375
517210154
746098213
831502419
248263240
229962939
204549487
675781280
596481200
376714367
333285206
36792271
152990205
207952787
335294103
64045753
303339069
739588416
986777772
113278277
437733129
718419158
636460657
691052551
19651712
816238072
317353858
554395372
340314682
91297501
800592533
258259352
568812759
81008506
575194038
918636928
366016801
185136146
90372097
586854587
928053228
859290788
10158665
992761131
861792341
59534678
502635108
746721114
813918395
296774933
341558041
858983323
467676320
479926495
827739901
17545431
986077016
532527600
697430531
981633523
962768704
800207125
366512522
171519720
151149875
406524814
626940430
690931026
368587479
96050310
149009619
755758263
143413060
482917405
565381574
1
229119333
152672015
3046030
428025657
861502998
662326482
999807749
436493146
261378734
233104390
945784482
940612051
849686073
78117061
897569787
475502462
464038316
63013446
621503692
688359668
676973054
166784584
66011108
275972424
59307419
968813402
944982194
734310998
81806695
756406580
845624792
681804818
75143417
681982810
427942980
700152329
878856414
852080353
949376778
788061710
389091410
930589936
991437324
260526894
145868834
95613363
704499338
427942980
267639144
857084906
335789093
971359908
40454468
147460667
443165136
416316476
987026802
65780016
664878581
8588107
655905162
596330469
818432179
761966479
211891187
990552240
65780016
844290518
811808922
88150381
110303951
656977129
789707240
240871708
882459854
952169661
860771971
775804602
690487818
105809603
533623721
429886177
957557692
997993217
720162115
879217263
67338729
81125813
192349193
226167730
273667386
649328347
632936726
689850867
476300305
130693451
499692193
844163295
165562632
800089371
740005462
786460130
706784967
425171868
876854161
120837685
202687612
260537796
342007074
762165620
675476065
735387716
785325286
316453010
836469726
639432326
423991240
456551512
714617036
921445764
675175303
947047242
836561421
701245619
569771856
574402261
297386116
368182285
842944341
43854334
761424185
53471364
269244465
494357100
388994831
619182572
931320437
619392513
807081453
566887638
346677668
957543581
801640280
512049520
650465969
768977930
730608042
403872144
916368366
992255746
291703974
931255729
90070480
789967384
122238417
565673119
917564627
332566210
868146443
513386070
500428137
940235643
574995195
441184671
541107643
731302849
556967856
636460657
974427401
213856818
589039725
49440753
846656961
384553650
274782997
851313728
606211401
850884934
437733129
950509003
185878323
233587289
380594555
216588424
274792471
569516450
517915463
322603098
660967161
513760194
389071360
841373589
675758483
83551851
851940454
531841178
304517263
147028465
677238959
332168372
243760727
109828240
882868059
220585550
231573073
343836531
912339885
631825110
102589214
307155844
77479383
502698511
616150695
719008079
505278861
565916153
545444603
967655311
769554308
636460657
527178335
706124495
909245977
64045753
440115060
110188239
896611764
568483975
967105417
38711068
258320345
863512815
831307042
360074605
307755238
857084906
931320437
994434991
534180331
564973561
949188096
899958395
723274557
146317831
770624708
271515954
990040880
161395745
585002836
198931646
330293791
55272595
232483250
474604497
739313322
746098213
880061175
250592483
306022453
68401094
837706005
771805858
787606653
486925386
919319699
151299217
13299278
994434991
441297770
741938475
159390630
36882333
52956912
467118269
986179088
602698696
740498516
784793539
506485259
827750535
763354546
260786658
622393154
566203156
38809825
852786777
286886711
367940519
215176393
826666005
380767301
282090156
568954206
626940430
492599439
343978232
138009589
27556611
426033596
489420835
228543893
940456068
913505412
349732351
800207125
225060404
530209670
13299278
744301238
935512313
944679417
371482574
16874804
434157965
655268508
204865575
739565421
6229409
143413060
39042597
632964770
586691717
857084906
429886177
286397169
186007956
534180331
971912336
358602702
911431539
211449370
477411902
151291719
597870093
240548774
77479383
418779187
875582374
472879654
360525247
378905261
898258302
854088371
662295238
687909245
337481685
615670299
307817912
288613831
233104390
275792717
843707691
281369705
669763277
908452884
628420022
243675866
538906890
600791368
684043064
931255729
344437838
402737849
236547597
909000051
790440079
258674093
942256826
243760727
71472119
322332104
205032757
124363148
312570439
400835514
576370394
470051007
87580587
478779172
860559593
443165136
499481934
66067243
752741272
643057233
229113415
672856736
515165867
48752050
81238989
432451664
664359393
761424185
10109439
925169881
833612237
549456183
643788112
921328481
216503840
854640559
440653770
146786168
49996859
348688083
906014855
129332701
281283725
395684981
467517396
19823643
481583896
416800084
139519365
38122431
461537283
117590420
986904340
164571946
790129479
52487936
685906176
990024296
103132153
620855530
805413261
988545087
945784482
934770653
145647557
935707989
20265450
328652851
867820252
977051764
704048678
885626042
936206232
256826256
790353347
375746681
931183119
331913928
104266850
739026880
333793439
450004611
576510380
464038316
506444165
916837933
341558041
12324102
388994831
580646209
779271529
577301783
494357100
204340529
779873538
340897383
993010740
712514555
299322636
579801990
517210154
330293791
407527358
252208897
44961493
231659344
600026931
646102232
852832561
763925952
306941067
321861378
939137546
757007301
398731101
150995857
232134838
115721922
720417795
934201997
617422239
314841676
540321680
567439893
251124674
949481134
235726469
145169198
955645502
858615998
39454611
339531659
185136146
697886483
453196717
96892456
980900949
287880462
156468076
951349453
306022453
874528766
182758489
248650835
485242375
683608847
268204099
451728122
204340529
867756516
993540711
273767254
630779995
44387111
126267669
182011773
416406636
511761841
935213187
706558135
366263270
470152162
678796411
438004748
433854588
588980465
170453500
948401257
361309151
265610898
439480729
644196341
376521364
8588107
655419405
603104643
412599343
948117462
49544085
936564768
915606489
386990076
426033596
388994831
118765210
332898518
381779589
864292963
693705846
395684981
369328462
418555531
357608835
368561209
839651716
568512686
835392110
474456970
815416561
789078974
452308045
633795930
120486392
921445764
899631676
135021494
802897564
590958914
41347427
819167295
868640977
63815543
100102780
931183119
553988634
580840904
428025657
701392210
707688301
299785721
677487877
650465969
741227136
857084906
967676241
679978924
911423258
780685652
97050984
343836531
339081775
762599676
490881178
761182698
1467795
317410689
772575291
302860730
590231602
727114726
687193820
945161790
262679419
554262260
302301943
698296366
868640977
77997992
96623695
106609250
413826928
419782569
831949320
476667270
523280961
111365003
48752050
49344157
870825683
25858695
40173620
596481200
48961171
18014088
291824224
432629638
256374784
295954378
203561030
61932085
741331732
284222594
476300305
936323492
146003116
336697473
473345224
576189581
935547852
208795310
681804818
874692678
252518544
270286154
42126337
733404776
426033596
826864381
198682159
171519720
483115742
100783111
216714270
105463709
896192367
339046881
753032188
987155842
434670964
400700235
333103035
772575291
353052802
119351720
505058581
15806106
558344033
710726486
306941067
198931646
90243903
385436455
221450585
917009561
496825944
214875621
638147832
340839022
277817954
420863457
139519365
528037567
505772390
697214758
666236727
648182276
961364338
297086518
692804530
427942980
258503773
930515966
246958838
892809796
289376552
962768704
980900949
861308479
508262845
259671697
240603073
926710371
110203551
518070524
17942184
64045753
660211101
51594995
832106108
474604497
621851651
32111559
90279914
954701057
501238222
616621658
706158367
832106108
850091541
199546229
117384912
465587470
523280961
938026301
206371589
682715505
591770684
893974672
292643797
819109978
125140833
656484108
728871327
662397370
741200146
357608835
860487554
347941037
579586634
656539777
660633242
317816452
180740490
501427252
189584689
530628194
246479219
413629456
685204054
209237236
660967161
485367679
655268508
401137524
203415074
196064375
120837685
937696059
575592979
84869861
90243903
169963094
655309272
767198560
967071928
772041081
518666575
795200256
45224215
823120433
680067110
213523557
229832977
942621338
105809603
521874633
761270887
474456970
587672026
644965503
48961171
95687864
177213342
969757476
698595891
282798368
694184924
335209083
785467481
517305096
740517129
723969792
453181508
126396471
24217701
89128947
150561057
218743671
765188507
466999377
658009114
42209203
318703506
851739310
334058787
626179442
500847090
92613376
919326729
365884096
428133680
145645456
291304195
662836884
601589387
347103343
520111431
200524484
554395372
567727762
14510336
579701439
983259180
224884568
910996055
531144641
716706161
518666575
386990076
737289701
619468221
579009084
596481200
912096553
203787768
130321696
990024296
209665637
634321749
162822951
295114106
308266398
709032463
645284610
95613363
518140306
141906491
720407823
8498132
559560219
278134554
68209550
48438896
201278334
239834375
982709274
516839030
491380447
746721114
166120189
41347427
499582526
835675771
762312864
458336050
688806611
831168449
89727520
304248308
951753491
460131108
36608168
517753154
525574908
736657205
438557992
906243520
941348130
798080568
580743733
397678557
943194422
340839022
579009084
82437839
921101051
143002617
671807578
336509443
662940995
822618499
682715505
760400346
837134157
560226231
502698511
296235368
998168674
40585118
907887148
257670128
290019691
740187725
294786451
223695140
276775185
321222641
977649253
971055408
345861884
812911441
105551897
118138813
278575828
434304466
777798806
246479219
600939206
429193078
28252311
518140306
9077505
82930441
713723276
171835564
194495179
864992000
112447508
619515968
606211401
874911723
286886711
107022763
807657932
513923309
925056314
596147050
287239708
518140306
205032757
384553650
152672015
314841676
244558325
521203381
399420876
626940430
8498132
589672269
381755180
342388553
290774194
587945053
459278786
670197092
479282982
681209307
537281929
518323814
493155360
85919606
786563791
632198036
738551682
561650669
668415225
246130001
827750535
717711636
251390666
996883844
538736183
865340822
135989877
464038316
998204151
920276740
811230923
391905046
432676281
992761131
17647347
19219318
232483250
841373589
958040581
403761944
696144959
151192763
727522237
94220011
883459496
62832967
733392732
150561057
664359393
990024296
739313322
810970940
124119122
236089264
940456068
676610607
4038153
813918395
81365874
71837707
120327805
323831682
811230923
172448910
518070524
446487051
380408848
235406293
94249974
243990042
370210955
534120441
863148561
276630889
987349975
753526356
596481200
715978897
398972640
859348078
274777164
736410147
453740923
819167295
632936726
193020042
125928
587945053
766043340
433322003
521874633
600939206
889376377
812777971
874788643
256374784
387896793
759147566
597931017
280563115
302871
627274102
147204350
859922764
718947404
741200146
303308051
818748694
387422162
423642983
441200642
691052551
211891187
324794436
157219371
886931270
183876027
538576820
95687864
307155844
371266368
188626260
508456476
163131878
357660098
581354559
619392513
281647789
799555360
997993217
727220439
59814054
921098205
864292963
225747598
97050984
178769388
564973561
204865575
619774309
931047480
295365973
870409069
611743067
681804818
330817280
777891107
122637109
211415676
62832967
857084906
598618592
236089264
25080275
84869861
8588107
265610898
489330151
687850850
47585752
369598227
371057194
641212049
786460130
344526263
758145277
844163295
685504576
660487444
546449793
156468076
475775681
563545851
90243903
274978340
314915985
580030370
17356576
418267001
485679014
93075679
221450585
214817629
86145055
153292970
320027683
946558265
333306620
955402370
21794471
525574908
675050210
542121053
122198726
770854001
136884559
754978144
117309837
329923419
379071801
26041975
953028086
145436481
937824495
246130001
28079110
837139625
576370394
547564636
319118261
439708249
793635205
549486176
827269670
508253235
806208764
16486398
300559867
11955925
151192763
374742749
876067150
42508280
858129809
972446098
721961849
849756209
140577335
268183522
4420781
57705637
917009561
563050374
340448768
155280267
535695959
526964438
817128143
839651716
47754023
839506770
62037000
981812962
29660735
541989247
716246825
7025229
406858112
961097067
246958838
291824224
354750269
658823951
940275545
54616746
621851651
94256517
260601495
417073620
46963297
103631677
823183388
809507446
937039831
488022465
478666554
541989247
869668727
852360856
606147999
40209597
254609123
769966289
150487792
822763980
435106113
43501170
278887099
643436194
79987839
170453500
201243502
397552683
259601516
606395047
471160323
755758263
768977930
222984022
882279573
63854004
632964770
111875016
38120582
382788921
974151762
427365771
693211735
763728930
709787434
116806993
423482488
845305300
246335179
259968180
944614024
458205899
788793568
114707038
1467795
635375988
676064801
839651716
508685738
764889510
272398854
426033596
950509003
494527935
242920703
917536073
741331732
235406293
680068550
321635191
380057525
935416575
184417541
971261581
853120706
94249974
203698261
950642803
142037553
232271330
971532666
572463094
48866837
783711380
619146733
66308413
717231895
507372030
24217701
719337492
751966106
942660871
203415074
762599676
418779187
530628194
537977462
179857309
142836384
942256826
198682159
880513419
216485600
464735206
514829728
758145277
636105670
296774933
928034519
987100304
831819045
73065862
755758263
483042850
625608948
374289720
411466263
844338022
709787434
33868311
753008579
661847941
101287873
676064801
996358323
954869647
866849462
731226414
115992489
963704431
872572565
52494895
863448845
643198273
58086355
919692462
445796366
321691918
40500065
280982505
713053020
955645502
922173907
738769861
552527312
708662140
563545851
342042804
40585118
928053228
83352113
961097067
274887204
266715609
986642912
289681227
82765802
987100304
354786212
884336684
501383450
859290788
870439994
44093214
156985708
649374460
918555147
818812933
470152162
398870832
860256882
395520796
368587479
883597413
851152371
535066401
675442190
959977838
258259352
664352708
366016801
72501666
655268508
554078455
411945058
658009114
553039111
374830492
194324364
731010907
795455988
254831250
254545909
357039880
421017925
673741086
361184389
928627931
800541464
990925063
787908722
556678391
850884934
18882336
41166775
288472246
632815600
516506385
889376377
26302683
17545431
737581570
891863329
973683102
335944894
365919939
716706161
897959226
344526263
991774260
751924123
826841863
488441120
341692289
753962079
479015156
235053409
32496664
648947535
900686107
276775185
117419035
491009883
915764437
357432215
856341706
823303655
548337783
892809796
728040999
439710041
180740490
897573889
829269401
104339115
88742706
860487554
739266348
860049720
236026064
222984022
815416561
319118261
919847785
434304466
875221339
683660031
165562632
509828259
240713897
121202190
603343190
549456183
712092439
279676159
287168713
77907784
827750535
519844848
447804554
352303414
344073579
406858112
542296825
487373430
873580360
693951884
298281942
72426849
593407648
203117702
987532054
923433942
739524681
666146162
217330509
952829156
23989768
308470037
193503327
855380721
320758142
231573073
715175828
250996186
348337507
967676241
124130257
572943904
633795930
558344033
463355000
497172869
313693058
976965596
317758433
922732176
257510397
102250267
902114339
447474465
349028849
250942987
137289270
165562632
361873276
567980049
357432215
196064375
422732523
936664724
565673119
380641510
10960934
646379820
844163295
214095966
649882910
602440265
434123847
453500564
392302017
866230124
521987097
197121258
219391262
381303641
902172030
36608168
974296487
562147823
819227129
200524484
428133680
242730708
619392513
285859923
992123302
913106313
163131878
335789093
202738875
189844722
252062272
167112897
440115060
858864137
248650835
281369705
139870326
942621338
734101620
303696473
833172207
207004841
952169661
290442436
774727016
707841977
197806806
11859735
299942502
793488015
502215917
917719778
673741086
285867328
361054497
5405397
716246825
435378617
713053020
394557621
623294605
351688148
469192528
87382879
607186775
957525199
897280910
752995104
157618133
26041975
860137710
921445764
216333066
501678262
331564019
700170015
441213154
847755156
375015618
120486392
627717405
678942597
130693451
324838306
850091541
437432653
829959293
427942980
767198560
368561209
74727472
5810277
22576800
504372195
631825110
625323963
654848179
77642454
193840647
955718067
719008079
162863645
984638261
324389569
264846066
487887445
771424236
299322636
162863645
211345709
85188842
458591027
753580094
307155844
259968180
857084906
279531295
811785106
518747278
558517437
213348654
264404783
386990076
635690534
299099734
37051332
702006144
110349081
150995857
718268249
452342988
504530633
44387111
963387691
378363393
150561057
438759728
259671697
251642423
536575902
451728122
444669024
607846246
399118946
640993853
669960318
95613363
74274797
255354901
118790345
423694673
158732528
877978481
832106108
184510116
110203551
427594584
581478497
398158415
274001779
335549258
860559593
453196717
59814054
175650932
395423196
250996186
278267987
282589720
95866528
242537886
145436481
505440721
576871909
648491427
223941585
171700874
553474145
102250267
816238072
718470492
20231275
644951129
232365869
580743733
643198273
916099202
288472246
460588606
557631854
395180214
751924123
767303201
156432001
638147832
853899061
431757571
664359393
745254905
430864967
571030631
882985943
648010563
707665815
119813829
269424190
64020316
46140662
103994044
647783039
74274797
267922159
103994044
498330451
705464292
599590352
233810330
420863457
323688018
463218495
566743636
894803259
50028226
577689516
333754880
490608967
590625838
533623721
329482050
421208663
897573889
759313172
441314264
437458940
607978798
143002617
904858696
965325473
791655345
822618499
784620409
470051007
887797166
406524814
939378739
877964291
136507983
888118552
446487051
900686107
243689291
322547930
908449832
281283725
960462159
170453500
917953360
112886465
524023625
991265651
970209853
169479441
906243520
993010740
5405397
244558325
613404059
521878879
164001329
644965503
258259352
45985840
209903741
650465969
249222498
44521238
456419842
388994831
545117077
140869348
540434900
615948728
326413308
754978144
278538337
5482114
463355000
187634501
762872722
546449793
577558397
714617036
591598615
722937488
899899631
119351720
84312947
930650177
678149863
322412156
591346101
255206617
788340929
738998475
581057036
26259510
883180483
761966479
572428162
946558265
845616885
221987246
692039054
716939903
150535289
6229409
963952975
822618730
893505518
971359908
411683852
764788066
524803129
720417795
775690928
879669222
998890052
497292460
150561057
680146794
951753491
321960274
935721287
826666005
650485416
778134208
548522458
677175467
793090452
519697347
178209190
198931646
333306620
47340891
324976377
433135168
26041975
876854161
406733306
163384751
353986912
594900816
787677119
52506632
886931270
590869214
732572967
525100829
828116782
971924009
81125813
248478546
530094740
784067079
366263270
740575622
944679417
977649253
19692539
453407859
856232747
201278334
368587479
429385955
582692494
52956912
806338066
879220233
503782622
770624708
264754564
381779589
911493080
455581591
243760727
720417795
706042503
502533672
25080275
454490383
750818840
437644188
334617515
920276740
151299217
574402261
844163295
696357801
962768704
861228542
644108891
879109191
925031259
888636355
43237723
110845004
503824334
850694891
966714807
24168081
22278989
728914135
361873276
639965606
295719999
958756356
911493080
153948174
558817355
575802632
492886677
510515641
522055127
15015679
849578731
716653555
386337294
395684981
666965173
550481708
970627656
464038316
642444553
905948104
469722480
578855308
24887157
183530967
671575005
715175828
733169840
412599343
83297965
382258526
445418665
660396598
868358896
273247116
491213976
483055511
31580906
267640953
325953629
947047242
194495179
2268771
955718067
705613344
46140662
252456791
855978117
590286553
705613344
496519647
402737849
461530025
656761902
736657205
152168404
449663894
898498878
365229939
169394443
605146969
319118261
220883579
916781872
559560219
449626087
627030438
85188842
313397866
870409069
139519365
268592716
956436161
629638891
491380447
546285627
124119122
128007956
380057525
97114550
441679447
103333664
792924286
908476210
884712848
302331073
719008079
919296106
459278786
511370057
697430531
46075177
645175937
973863191
593200454
600561167
783964096
534311758
410779421
30887563
918780370
698296366
75868781
465687668
609422403
90372097
815737796
987375594
250996186
560226231
655905162
401733564
952200533
815419419
221200478
468092954
774727016
279126939
161665162
789380360
226728104
617422239
898895279
913318488
626965668
596481200
312235866
146317831
118933014
167069063
453500564
956363108
892977284
419978799
944350211
690398940
557273005
436682904
911423258
438557992
151299217
877999300
330451934
783089777
863512815
126412316
316997677
722673985
227048087
967071928
325486194
130595587
552527312
171700874
599698427
230997351
344015918
203561030
296774933
569539828
300316538
762872722
44699519
329482050
127306217
541989247
565256349
631821488
634321749
415571890
928147972
868640977
42296418
275792717
324389569
348094892
326619645
791455191
386793549
319118261
920126120
916368366
333793439
728194530
357432215
705613344
514500257
2339291
999675409
286397169
896192367
422098276
192948180
742061758
273251621
458346678
798149160
54751104
232792560
242590481
351607620
779376310
224380568
599553543
964638776
505440721
372906456
812868218
800935754
449502732
716083537
763042827
1788755
209903741
597943425
372906456
704252813
984098636
216221926
706691035
617929802
528037567
168049834
530330674
344526263
947316121
10480620
120837685
771912445
459033950
845616885
816403166
286086147
795339147
167127130
490881178
198108999
229397345
772144799
912253858
232036787
683432155
150487792
226655332
274978340
741331732
625571622
474604497
278837180
560768739
984921930
972055459
510130598
409287996
389961961
374347458
151487547
128007956
216174668
409416785
813918395
660633242
274654908
995630584
83352113
521288930
1818742
957894340
200588692
655627701
214569567
514566735
874528766
229832977
527626738
644951129
415871098
489573661
740160189
781888786
97640382
941348130
932319752
633795930
160769050
332450186
735530511
875063683
595351999
1427156
52478440
374303226
678149863
598335883
973863191
295719999
542265752
241545957
536578969
970627656
646731251
789078974
621834361
607430505
264754564
238632946
493971505
192349193
835392110
874517817
989151371
112886465
772539193
161377513
934166969
856341706
848415193
988922901
973301201
953183853
757502394
818938973
862450006
879915101
776742789
912655054
159390630
877740106
472011502
902176963
257056790
561927263
545292747
911431539
414135213
685639363
406740975
543689619
943104178
97927309
697430531
645071091
13299278
415459440
666236727
735903497
707222099
800875559
479282982
300856723
377238921
103462083
899867813
606211401
677808970
543519592
117797890
62037000
3660796
621460504
355760359
158909070
993540711
438557992
376090650
391869654
690737745
717231895
291890857
866241061
917953360
341508437
185194425
175568778
351318026
422991300
713723276
275775836
791145352
370210955
344944507
308470037
85188842
81125813
889088820
315276976
650305692
970596869
161956159
395704482
69436781
36792271
574245394
161395745
420863457
580803334
357039880
940275545
597282715
988258985
740092340
782456020
145471849
435661099
976222171
777421851
548944911
314157515
218634279
793635205
486082929
783571513
70766235
542224762
747987936
174624378
792137851
575194038
467403213
7037684
627211327
127918242
296774933
10579873
239756458
342388553
646731251
118996543
668415225
789078974
557631854
458784624
45203121
554126869
720757423
79987839
987756404
701498198
10480620
285867328
339002303
923201463
269252136
981768944
593407648
973358514
477312802
471527518
27060377
331564019
27178236
83352113
898493648
3660796
606616385
150561057
465587470
191269470
896837570
649095705
417759360
800875559
265073850
91297901
336282492
123771489
900410098
977357974
784311267
209728083
358034824
359944528
183530967
168790516
401137524
956425559
193840647
250673296
277362510
537295748
379071801
551065051
514690355
854640559
204070393
568483975
357432215
991616585
424367098
672856736
617402968
403932706
432629638
321861378
401726127
880713325
634321749
940774954
89539629
744707662
646490568
207854418
281369705
184350727
302140658
386891321
949701411
827419924
947257550
785420848
409837682
222984022
91288247
269043845
419782569
580030370
205083705
457634507
426033596
194626206
438557992
432451664
319693210
581807886
932119842
441184671
758111256
425719752
425875506
742061758
320027683
353986912
537977462
955718067
858089636
741987766
13299278
52220150
948190783
850884934
78219057
844472244
13418899
880262990
989563743
663184446
968066776
10480620
231844385
403574323
511724807
535875688
286976524
892828588
632194072
528498045
341508437
746098213
791868776
596481200
406858112
216245200
773570333
941813494
432033223
571444676
977649253
617804736
819856093
609135129
300002133
727240576
819109978
760246532
543064044
412579404
566203156
381387711
129519234
273400581
252872783
67770799
981317821
329610022
471473312
625488251
192987917
716788345
677175467
939137546
884219840
892809796
767791207
809076111
33923505
