251124674
684382037
127731298
54513357
429193078
462303364
795952976
973832443
603343190
892882943
923367080
687909245
823237313
996028142
257056790
601589387
345527624
935512313
655512862
873708339
630368234
876953877
907410780
160382727
443065043
704585511
696639961
203117702
997548061
538688776
705675831
322547930
455333341
312964811
785432789
86947568
512852405
320293178
849911685
422295578
194004257
24075178
486931956
783089777
490840046
870409069
767303201
811785106
97050984
522695071
111365003
398972640
644579965
93138697
538742450
987349975
831819045
5367400
234596180
147028465
48209866
325130264
425875506
284222594
982709274
929965110
414130225
822618730
133676064
176993785
668550997
831949320
229113311
931183119
950699329
171989754
777782804
357364530
312570439
273838005
267922159
751712304
260691876
644870229
185136146
752689146
67995708
975767573
236357274
706042503
931255729
242920703
67640556
428409366
127918242
867015130
707222099
494697432
810277846
336363860
203561030
836132757
879941638
273400581
432676718
674079998
202763538
91381269
995630584
528245284
806388205
602019714
192863894
390093242
793841938
686976608
667220579
128973339
557456235
380259038
392662226
437993694
548153176
971161105
341692289
683977840
389594493
131038430
480810896
407368217
19219318
5482114
986777772
438997712
788007148
740160189
455692040
242730708
647750440
7709305
705872656
597870093
992761131
698296366
623294605
546433982
866006684
534662469
473096031
477509810
598869135
871721098
989707241
878131711
750720079
349718178
90540589
862176353
917009561
770501453
671807578
204340529
841545186
723274557
646105804
281065490
845602358
968066776
372906456
229113415
620669173
449663894
205032757
544234322
502872900
546285627
94136798
822618730
521203381
285873923
944614024
88582210
337793656
243906652
972788944
216801835
878701660
209665637
593388193
844472244
274001779
314355843
569539828
592419510
339002303
747987936
345965574
754810226
91297501
688117435
84869861
478779172
340839022
835134813
977649253
437370333
560986700
862616689
977649253
983034737
286397169
38161303
131764369
259671697
397586720
611680973
81744239
862558221
206464208
828659512
488551914
67995708
439710041
981812962
284326275
430864967
5482114
831819045
305557820
229397345
374244915
633955812
911960292
528245284
583081545
362968485
864684077
635080532
248650835
885991127
147028465
426279088
130693451
806120189
804145845
591486906
377238921
313447024
753008579
833129039
674079998
935721287
795339147
29753887
831168449
179591125
768335112
299233402
576510380
66974346
320065609
780685652
615321522
333625853
791655345
944350211
652194421
500040323
257056790
473832806
234929531
57295197
138626505
699198666
331913757
194004257
383905951
261717200
777661594
438557992
775690928
546333426
888075525
477240580
763641364
960608121
455333341
315276976
462474342
348153896
685949267
87580587
627506813
117563694
434304466
746348761
605184299
715057315
445796366
889675694
741938475
423490035
782456020
662394423
65351800
823303655
133678897
193192864
994525592
430328282
941490641
144911198
481583896
605184299
291387468
342067225
651545032
487267246
611804693
94249974
303696473
736657205
369328462
270564331
371565622
752622877
171469133
862558221
303660073
290774194
163437370
15297986
43436242
404727069
647847742
257056790
443724792
473786151
328019703
593906320
947513092
453559193
421073603
960462159
207083148
514957644
973985799
583142376
238124870
163896852
173577374
946261121
801217518
13418899
55382935
891863329
747235060
635129242
753526356
753580094
483115742
315276976
95613363
857748966
745908273
273247116
84312947
853120706
544193593
525613259
732180917
687975061
635375988
381417232
548339437
388994831
509110891
36103218
952788626
408318260
3660796
657326107
634399106
441314264
380486926
590958914
499715436
502533672
128891386
575194038
143611042
823023764
262556947
70687524
147028465
955685043
246335179
627211250
598869135
286397169
866965659
494045367
751656813
596940900
333625853
344206011
731010907
39042597
113703545
929325193
225050076
700152329
157618133
530828096
408318260
122637109
336409842
473096031
545444603
463825123
808344340
204340529
604073098
715057315
826709202
739754579
745777957
465524920
286086147
150995857
488798249
279607688
336729195
229540678
581168028
853187749
246864085
150167712
216174668
486804716
302893413
739524681
420504682
11947469
905647381
204340529
165449745
333190216
974458694
125302062
896795008
558817355
133297725
835471379
930589630
210601252
698296366
858552850
175054050
94256517
970596869
705927971
181108852
130368635
587815611
910786812
599553543
700329487
5810277
290019691
849827760
728950773
741987766
779392924
642106262
943745273
284396336
869634969
348337507
53739143
243906652
918780370
281393512
705910877
25858695
22531247
25080275
646105804
602019714
152990205
978202502
5367400
561650669
745405179
118790345
279623971
326593024
982198000
803401954
568312199
740187725
118135587
426279088
269043845
105741406
739313322
927886037
215722983
994431537
753580094
249122015
45562375
911042403
747103980
145169198
994520844
453196717
491380447
165294290
998273144
341833803
729611829
285314860
731861132
510737747
741940495
693665113
577558397
615410090
800875559
955053571
276308365
318207024
423694673
740946790
117563694
270901145
809804456
235980373
314915985
655627701
438557992
442791907
681209307
207083148
556596764
787526639
780963581
995630584
761966479
572943904
5367400
382788921
698296366
686976608
668604121
326709075
78005213
24217701
297386116
625302331
718752878
523887314
500836384
264786203
633314965
883459496
915597305
522695071
919074834
246479219
57508579
290019691
445418665
517898916
736657205
769177746
365443617
943194422
82765802
136018293
618476056
312570439
368587479
212309311
689457177
478666554
685906176
345192455
431950369
532928511
748330045
372906456
140869348
792896178
754978144
976965596
133676064
278887099
281283725
861228542
527178335
732891441
278837180
336697473
331827195
125501315
667410136
128847803
941348130
905647381
753526356
134224051
898166965
596940900
191616302
519039986
799515077
197806806
261219421
65780016
707222099
956470415
623528936
345917911
320143785
544234322
514290642
955645502
747413450
544072277
425875506
145879631
258503773
209774175
331863753
687193820
679978924
345917911
971924009
622393154
518666575
275972424
331827195
902794171
35025960
804428167
839024618
744294245
397678557
67688421
362968485
715978897
725730668
746098213
404084671
359789235
389594493
486804716
968066776
372906456
902794171
131034666
410997708
149776077
606477831
231659344
505202248
135989877
681188303
864613039
219120859
806338066
351688148
600791368
26041975
283136512
178935065
477281534
272981385
619392513
702467891
420177301
599489223
976222171
650838979
322731992
728914135
280656111
9259150
191616302
936206232
102570024
371777845
829366216
941427223
304248308
740213280
834676716
180196847
25080799
181861973
85564500
87968333
250770526
94136798
210082432
621458069
158991111
515526596
209187030
206860813
570405121
235053409
85032611
579184632
590454550
881967914
995706450
21426950
486931956
23027
176052073
879970761
229113415
30574845
857487920
378249564
693529139
889087529
752995104
566203156
299360490
369598227
377666749
167069063
699947935
95866528
936206232
4059299
864399427
731026057
804428167
64806682
589143564
52865333
883430391
64806682
377364351
402353666
353003177
58086355
177752059
160022536
892432492
767303201
866230124
989868409
635129242
578981687
244025764
338905383
523725805
54616746
722122666
694812896
731026057
755586646
828070778
102250267
536866500
660020757
397084395
229540678
992638629
206370355
698296366
192349193
95613363
296774933
606305017
899491674
435378617
276308365
410672060
88742706
766043340
502635108
37327432
67995708
317105426
490929410
859589175
216333066
725835404
474456970
211891187
662145914
819081669
625608948
747727838
216714270
572463094
256103494
705464292
775657172
474604497
643198273
917719778
224516464
662326482
67640556
518070524
194324364
267472580
248116556
535540284
608183285
747657895
434670964
205498274
124130257
505058581
340448768
189065611
145557486
507572775
753526356
485046260
550481708
524310787
648612660
467268454
314241730
370158900
737264169
740213280
6300175
638616147
74182363
133297725
406524814
226167730
819816377
866204209
976965596
596291638
284152087
844163295
923551670
334717735
102031934
506798105
275556215
995367038
715978897
639589074
923433942
740867539
718419158
415350821
48209866
919074834
60793130
808555803
843707691
124363148
277867709
102589214
928612867
944990341
620855530
152419123
915800892
824328873
397586720
298075007
800579858
517305096
463532907
372906456
980568674
294972939
185184271
818222241
90402653
608542238
874911723
27556611
953202101
382258526
787600781
562336946
684230638
702930040
936683563
365121521
647783039
822098336
309398193
401726127
165166683
470844323
647117243
314226811
8893130
979119242
700757685
53551937
980266267
437432653
416675769
61575575
230997351
606147999
671598445
275775836
207854418
312628118
340459375
103333664
124558954
83872057
775880818
425719752
668604360
574402261
690195401
525613259
822098336
458336050
617422239
566743636
181108852
489935420
502635108
63355363
128367386
917253567
143611042
166120189
349864139
128007956
504530633
424723885
439180739
147028465
4233067
790832187
986202696
842046161
295954378
973985799
842287840
963459009
494045367
146979595
655627701
163896852
366506893
244147670
487373430
481748395
753080751
96050310
815148432
599489223
849756209
690770484
525698965
631513654
391869654
85564500
44006192
296792838
18882336
869668727
251390666
526517448
842046161
965245364
332562064
630860236
5405397
127918242
801141585
892809796
850511499
711621640
321222641
137918766
844919271
229843860
381290105
246958838
488443935
321861378
142836384
203433283
242635017
548651251
282086629
862067341
842850369
846869625
962229774
532217124
100830783
693107222
16596268
849974663
636105670
785615942
128847803
272688045
436239083
894096372
931255729
656326413
198108999
912112989
740350604
923367080
761858916
777557378
42532729
35842209
352757829
473824857
57361838
123276401
973683102
358684036
283136512
457078269
510515641
169847088
878856414
404084671
735903497
298281942
402490424
530094740
885946716
246120921
302331073
824549476
684230638
146750598
502635108
548651251
255809348
758655559
393600956
270661687
704585511
852080353
795200256
581057036
502698511
666159861
902176963
680067110
650664046
198108999
842629962
158720146
329610022
210782759
643198273
910401135
735134534
300239313
300559867
888792170
318447187
600939206
445796366
519024066
605184299
171835564
215386817
794186310
162427389
728040999
978202502
927886037
843299956
387422162
736540687
628625740
291703974
174975912
700757685
810277846
874517817
361195985
842850369
732425802
470152162
775370307
915597305
267922159
318788285
600006395
583804857
354899464
269043845
956020889
570020150
400224905
96158198
518070524
744861264
705262864
834744892
709787434
513257425
858089636
177213342
13117486
739565421
845322925
762599676
440609397
461037572
619182572
305557820
41648217
467403213
759313172
406524814
676064801
15015679
271293688
963484151
905716622
289968756
928237777
550521747
650465969
141816558
824549476
734101620
314241730
68461701
842944341
683477026
595444751
561960584
468435477
151487547
453559193
265492397
203433283
648517946
895060235
138626505
719772677
877591864
801640280
93394929
122265192
829366216
809076111
141880149
242791866
898951691
554262260
291402508
289376552
649785144
858864137
561541767
63013446
530089668
131764369
687128773
400163739
272130765
972460562
739754579
808898840
430303383
706158367
838898020
263231716
22035481
459133838
505772390
323135524
906836248
209728083
520236676
889376377
169829999
136607832
762705334
177142018
921963407
53878008
980203016
332315047
628905582
829662462
811230923
994875312
854898947
556024528
806338066
839651716
775764015
364249223
795339147
362082604
147028465
419848486
711386934
523753556
543250111
424281822
729368147
733227110
248478546
853310259
716607649
296792838
147204350
64025634
800875559
538736183
24241822
821412101
684977059
602019714
684043064
889986276
236089264
814471947
67967255
235053409
463825123
523887314
756007642
630779995
194931355
120118395
234929531
516232271
401726127
778263207
75037839
807452793
631137965
306682258
878573444
892049810
83352113
608039160
242335963
304181189
237431778
341194382
197806806
162340845
525535195
514554554
670224103
385680196
408069879
453196717
602259088
459997417
190427781
578935120
676064801
733443111
198682159
426033596
768766400
806492209
173867073
115445006
117384912
472879654
279126939
516839030
187745052
269043845
67995708
432629638
440115060
159568890
609287936
886931270
299117306
649933407
809804456
725053706
461037572
385155296
169164756
867795275
643107336
783571513
683977840
37976523
887511939
593496093
221987246
459130269
994431537
124366070
732891441
751976465
946896548
426248649
24241822
599486070
862176353
314355843
599738284
693107222
544162488
695605089
666997685
216812241
691107911
421679565
378616015
314947563
122138555
542121053
735079421
24217701
584780868
874321008
366016801
472145407
905062233
467260383
669369004
860256882
4059299
414135213
20039351
966026337
408786907
495540835
874788643
361603871
845616885
893747519
235053409
125501315
486538353
608403602
695732457
337481685
548944911
527275712
320027683
422891295
735079421
121622111
967429270
555685950
377364351
44961493
583804857
744294245
510040814
823181278
942256826
998577116
408931591
577092121
153948174
76008079
389091410
333468470
160382727
819012562
707991037
809515343
961631407
97077855
898593987
580495859
368658463
652711979
598869135
681188303
777099572
675892155
329508039
291824224
781324055
201804294
624900264
559941954
53471364
671575005
702006144
584665302
120486392
365412914
583348312
102297181
702467891
662172245
177219422
646490568
286976524
435661099
877591864
188880963
199334486
994525592
96892761
511761841
79162832
491380447
844919271
722518289
5482114
303660073
625608948
398731101
976790267
463355000
744202151
459278786
933193833
627211327
722518289
775764015
737149948
469189864
153838836
149655235
267695931
455333341
797989244
432033223
729045982
970663088
117309837
255748671
942511259
24769082
339002303
370801601
589144625
686676513
574402261
968672214
918636928
783541301
361195985
558817355
75143417
953341285
225050076
947954361
320293178
171119983
146317831
705806153
855221759
77479383
639432326
66763477
928034519
227364445
610065695
746875441
236357274
417033024
740575622
344859932
962768704
988821398
564043690
248735784
647750440
675050210
947257550
21618501
599738284
939781874
474952030
259780100
395661092
57361052
870678313
407097341
159045950
275823362
474456970
432676718
460223963
99294968
586691717
599459807
671804521
45224215
261501256
232255482
361781475
693211735
374274953
506896833
977772456
242920703
575194038
800796995
594694758
697153295
606616385
291574820
976685681
797989244
987349975
502698511
169391677
592918943
576510380
120809982
348094892
735387716
700757685
306022453
579209878
190278162
579402537
336282492
800579858
980266267
266132950
354750269
351607620
26041975
730608042
260537796
136199616
222984022
472022934
202738875
213247166
269043845
700419224
664546931
525346800
177278276
916099202
919386298
709269770
429736273
446347381
871594125
750818840
127918242
230997351
406524814
804145845
607186775
853310259
701821766
780187364
201949849
552527312
674388934
888514421
841176438
382788921
130368635
619743860
697742324
26041975
863680078
829959293
464318634
886931270
191616302
86145055
979092745
88602510
573497824
65675301
556530139
425171868
727240576
865951590
282090156
669487713
276948008
203561030
36330409
267640953
684230638
781628275
362357499
963484151
64806682
44896064
543976368
685949267
161956159
828659512
537977462
687193820
351688148
688806611
35025960
23413435
843110544
421679565
236026064
191796047
441527808
128007956
24285110
441793
932319752
910949169
79075644
692563697
400224905
744202151
345192455
722495823
658513610
285859923
40173620
76097374
739266348
464995452
779376310
474154041
229119333
395777673
25379619
543689619
177186236
768977930
5367400
441200642
258259352
468422398
690737745
566743636
284736650
571933604
923551670
849578731
644286892
965245364
103333664
348872322
299942502
275508048
265610898
777891107
223993062
826466155
403932706
811785106
13541284
708440083
60673420
825636002
180740490
353525864
202025498
747987936
67177026
708440083
63854004
864292963
378838921
856341706
915206445
629995551
720648261
979086392
162127519
127731298
727114726
783571513
549808360
48033766
600561167
138402621
562147823
569964076
689421662
619774309
193192864
291890857
666949010
120110305
795800451
759574763
853014783
158133783
102990945
443165136
453967728
535875688
214875621
708299857
334717735
236089264
291824224
324389569
920277924
899899631
908449832
77724948
617804736
867795275
979092745
897573889
135078348
520438227
660991922
647117243
175054050
800339314
780662194
515687213
83924006
425171868
296792838
562076326
437370333
389961961
214253954
97296324
763354546
822182963
911401872
750767850
630368234
579402537
299785721
690810010
853310259
881427098
280563115
889986276
760391543
478779172
165779551
623294605
826666005
808279807
417528321
590869214
583804857
254610019
405777433
795800451
243906652
999023274
400348272
186478315
44896064
458727445
510515641
504130138
878197914
57361838
640396176
91381269
135078348
442791907
755298643
569682261
46963297
500836384
833508193
396049871
625402982
133840056
37184523
67967255
870409069
58198319
500836384
355845755
197489706
64132502
464429726
137289270
125302062
478658248
597496095
282090156
258752494
921536719
818432179
896611764
307063605
380259038
99898097
811785106
390714779
956363108
505278861
356973391
333450813
954252906
324389569
609078803
240222857
969757476
10169054
102589214
810970940
152990205
52618443
32933460
701991062
650664046
879087608
250673296
29413455
345917911
683622406
973683102
987100304
436493146
466521050
117858998
365884096
570883861
575615876
79987839
989459904
269043845
298526129
136884559
382966206
10158665
611804693
246479219
310152833
458591027
244558325
235494869
551598352
287036699
196068169
51294227
49544085
599459807
798149160
811785106
278134554
765025283
921116525
981058210
121028004
351607620
31034574
779324713
407163894
881392511
552108100
878131711
500512155
883595833
947047242
79537892
329923419
653964696
386669839
781162210
22278989
782067901
103333664
18354777
831028172
198021116
789877912
325130264
184417541
579643771
981498273
95079355
355809959
727220439
271777705
56738070
330511146
438759728
138626505
974458694
71435819
860256882
660396598
218743671
934829039
987155842
903844963
304256809
207854418
999284815
669056316
290774194
4038153
688036456
810366315
587815611
168790516
593407648
11795907
739466547
625993214
879106736
238632946
31757095
406858112
745438903
495540835
586294400
718949535
434304466
185184271
983034737
549295355
427195677
626940430
963952975
644286892
271515954
35662492
87496312
274978340
580017809
777099572
801640280
291824224
776862491
464318634
595351999
398870832
741938475
751449828
99593228
361054497
143413060
173808523
238124870
243760727
435325487
942444918
523949746
667647560
336409842
629708770
48961171
848951405
187929385
518558863
827424619
58198319
896658083
861097064
297276623
417033024
693529139
412988526
235980373
360074605
627211327
681247264
330451934
664486530
333514593
579009084
600561167
911278682
175510143
664359393
161377513
194495179
357039880
59814054
770710755
241288452
514829728
149776077
210265694
576446357
281283725
872060761
192349193
824328873
835392110
402262484
115721922
956363108
26041975
307521868
983318571
898895279
686342459
363171858
74727472
255066033
835140882
251589387
410997708
517305096
664979455
36749288
836875677
438997712
943194422
77997992
10579873
392662226
893560925
845322925
791655345
845773850
922707024
94136798
621503692
486925386
38357626
45333631
897573889
244558325
974151762
145647557
328485030
911042403
435661099
268884083
439094878
329482050
327928585
681188303
242590481
280083958
407368217
98381458
833877412
947513092
634988738
329408785
52494895
762454355
884336684
682332238
440429930
822618730
745438903
79987839
600939206
943215129
89727520
980568674
753580094
276630889
520236676
335559058
8648170
689808611
860470604
397586720
382788921
921957729
377364351
851404610
368587479
707982931
792553078
176764906
248650835
753603372
241545957
119202718
805213015
414130225
376819753
259080477
627855345
705331267
447804554
599738284
574534492
470051007
705331267
477509810
700757685
575194038
719008079
14702510
312570439
35845206
310152833
775005657
644286892
990024296
464038316
322488746
683977840
279676159
341194382
425923083
333285206
132594557
544072277
113703545
879106736
543689619
202114646
335559058
5367400
952799561
91297901
139870326
197065535
199546229
450323755
538576820
545292747
971532666
371343694
866965659
976965596
642577670
115445006
145645456
873708339
362976083
624900264
117309837
552527312
372975850
287880462
919847785
317702152
966026337
765025283
527178335
664352708
434670964
941574158
450709277
72945029
23027
678796411
872890896
976222171
131034666
479184374
611501219
548651251
850694891
260204321
291984212
548040207
585680003
511315110
433309762
46140662
521582976
514554554
773570333
489450868
352837118
261562491
97964130
771954669
875267267
124314115
125928
833877412
287036699
203787768
159390630
417333804
171700874
827947872
464735206
429886177
547273588
777590440
572943904
884336684
815244856
942256826
477525667
631062218
58086355
213709711
635129242
490057238
550007972
299255074
490712924
778263207
378813770
736297714
215722983
478863697
681209307
40332148
380767301
605333918
431084484
739881009
811765094
978690372
408101083
945750772
110393476
762454355
151299217
29447170
35025960
689947897
680067110
698765973
100339701
95687864
432629638
149187351
542819516
793635205
353785023
226655332
710561429
335944894
387169413
898498878
685459613
930360620
980568674
301173592
737354771
753603372
886336505
910949169
244970320
269147658
893747519
29660735
880713325
595351999
749622606
968813402
106539967
333442434
421992274
509110891
151192763
558817355
970627656
869634969
762312864
548040207
7781057
474307235
437955751
459133838
803348859
632936726
525698965
981958522
302140658
326113117
363282964
171119983
374627928
997548061
50028226
470051007
761270887
66011108
967604773
433322003
201278334
712286520
808394658
139956745
805213015
575807793
44896064
689457177
752741272
241348768
375746681
173867073
114707038
891043472
717384761
517008466
827947872
748992622
565275892
944982194
397586720
836161650
980568674
575897344
103193333
609162290
765025283
119813829
646521435
680146794
562336946
979086392
660688856
740517129
507305931
611804693
144911198
993451481
90243903
406378581
216546256
841055356
736062582
644713981
126069193
594694758
667378481
861899041
235976034
57361838
369598227
275976654
194004257
558817355
184417541
237971199
455692040
865686163
824985283
973224657
273767254
570405121
698176447
763641364
353986912
73864401
947604237
700152329
10579873
255066033
218254851
843267370
968721838
860256882
994995619
998094308
299510781
699599385
787832295
738769861
121083949
473096031
800738413
216730372
677953109
689121801
280083958
290932323
593949171
627211250
710726486
251390666
648010563
921957729
332566210
756007642
188880963
501386504
213993752
234596180
185136146
963411930
229113311
185184271
197677224
326605788
999943521
499582526
30879992
206860813
283788331
348874238
192644516
455692040
345861884
282371766
946685199
297744464
237208417
218634279
775880818
539542155
133297725
23033607
693529139
733224103
213993752
662326482
163437370
207985004
403687774
243169979
793367918
888056048
416103440
432676718
122138555
767719243
313200854
84544224
876854161
687850850
575592979
862067341
656539777
153292970
586072013
74909855
412579404
555309644
110303951
99753688
908449832
759313172
307406205
741938475
690487818
577558397
735079421
786460130
142360356
745438903
203561030
547623315
947513092
112293779
236547597
456779707
778263207
122489412
998710505
683977840
758510367
356149181
177219422
915800892
985534564
999510319
116806993
666812310
493957721
376808201
161665162
391682772
735530511
357608835
19412458
756227896
917564627
229832977
924180438
309892701
740575622
977649253
221487539
959977838
909245977
418779187
956363108
125430430
826914733
362930671
107177037
716607649
488825359
300002133
325156492
44387111
582472967
508685738
889087529
169856604
538532565
242590481
936206232
136018293
333793439
741200146
848893267
144911198
596481200
500729953
761858916
59534678
511724807
37051332
637225061
681098212
1788755
525792721
74727472
571065410
944982194
669960318
556976917
517753154
571444676
750185585
878197914
879217263
991873335
586183262
496764746
584500239
999829726
191165162
710726486
327133072
904132591
109359260
110349081
146786168
240821971
831506264
66016932
137196244
310152833
631821488
716706161
150114909
750746014
489330151
535540284
276329538
645284610
199420450
827269670
808555803
335590625
542865411
627211327
714617036
48314838
242920703
127640454
375719668
961548754
562336946
450045747
378616015
513923309
624389244
341692289
135042334
899631676
161377513
655964748
809098483
757502394
568483975
779022988
861763347
593496093
389961961
504795194
226958406
196923852
103631677
939504509
976222171
960608121
456419842
486082929
541520770
546634987
68209550
409797642
171771281
675175303
369328462
942621338
681197169
428801192
53471364
632815600
517305096
165826181
336509443
446072666
262679419
211449370
432451664
605184299
220475770
831064898
78658678
652711979
970627656
127918242
823067208
941490641
150827075
219391262
399420876
714352723
160025090
684977059
181983021
262679419
84162830
735387716
940456068
818432179
57508579
36792271
568485213
133050076
523800016
945242755
947513092
294665410
961563023
568485213
918371067
708440083
852303032
214095966
877121343
553474145
921101051
520721595
901969762
942511259
765025283
944982194
29413455
344410374
62672043
504530633
998559027
295884895
189876349
182758489
368658463
302548115
650465969
437485383
691840120
370109350
381227457
206464208
786222871
780685652
354750269
612041888
250673296
796862271
951349453
252536975
827419924
811765094
460588606
490590339
81125813
908735501
313949188
411080432
878197914
390456801
486925386
685504576
495256522
63815543
373677696
529573406
923433942
43436242
931267314
870678313
577558397
728950773
715607659
565381574
308934993
678550115
496035406
71485815
385639824
425011841
650305692
690398940
149072977
943745273
235494869
611501219
444763785
398731101
693529139
911960292
543689619
65184627
700170015
334622393
122274217
621460504
650606751
358946678
243760727
36117011
122198726
474604497
138626505
868146443
629638891
760400346
841176438
331913928
93945040
40500065
244025764
159401603
967344817
224067818
368561209
553474145
905716622
501204356
697153295
197489706
150246680
356149181
185878323
162863645
883180483
549046568
841176438
498203435
426033596
584665302
416770318
858552850
623528936
313200854
48961171
702047725
544050171
243901646
302599373
939378739
611024068
909012222
903923151
927385157
903864360
889281030
89727520
986777772
745868910
834676716
399118946
120837685
341324726
53591496
690810010
643057233
485046260
859589175
188880963
753070867
46075177
10579873
438004748
741920826
690737745
549497524
340897383
125445259
203561030
703654332
216221926
246130001
684043064
807081453
686976608
65780016
981426062
312628118
479211818
291574820
249398623
539928037
764314767
941490641
178956781
605184299
333306620
111700105
910585520
733224103
765501735
521090581
797948902
152228729
404719490
281168105
130693451
596132314
717384761
899669690
320021118
36608168
175568778
190668430
446995002
259671697
102179764
655512862
460672795
928034519
859290788
872060761
121028004
408786907
863428174
216333066
354786212
769955194
586181383
189844722
468835088
77823164
885946716
219120859
388923793
677953109
639589074
646379820
213737196
678942597
952799561
13418899
831622783
616204194
744707662
536575902
769434185
538736183
560226231
627030438
507355977
502635108
220000367
675892155
942318222
693705846
142216814
134618008
495540835
139049536
965245364
106389292
302893413
838893197
644965503
169856604
637306806
764314767
299942502
945161790
161956159
156019002
890317598
417073620
270320748
200527387
689469417
625608948
715139405
660991922
268592716
662145914
170445691
205032757
260601495
557156977
490608967
612231698
66763477
305391873
561893712
171771281
44961493
534747052
570678969
235980373
550551169
412233211
403687774
184251912
903864360
133840056
274118421
976222171
585258973
454559877
998168674
440873196
912541185
194495179
942855222
752267107
335944894
882985943
561960584
673741086
842638862
880064271
419407821
513385433
786275422
479282982
553023708
996636341
897959226
408950583
870678313
214911073
369328462
771912445
940456068
147537094
946844822
791655345
528037567
40861181
638133766
302599373
419782569
162238657
879106736
940463282
842980574
317196785
497292460
410997708
931464034
837858663
725024101
847136311
365229939
530254402
782483652
616204194
977454529
71472119
383241333
579009084
111700105
719637497
845657619
640396176
219047505
666236727
331564019
401726127
308839617
907528519
607810622
221602931
941858772
258503773
572428162
79574572
844163295
680067110
804335887
554308569
492599439
477815696
135042334
929038210
906167289
351688148
723969792
917564627
231573073
828116782
593200454
712297459
228857206
875540363
681804818
643682129
741920826
134704293
928612867
860559593
75592969
587815611
323040025
85350000
775690928
896047804
509112229
963476682
171771281
316453010
560226231
348686829
349816138
22531247
406858112
302871
13418899
519024066
490840046
63013446
709032463
884336684
764788066
68461701
501204356
519723095
72501666
809947751
682110764
963952975
902562470
43430801
785615942
47585752
44387111
756064192
526964438
684013520
426663205
228604261
435378617
756007642
841545186
585445983
158133783
559137700
487249468
354786212
198617661
519177847
8732094
259080477
883727329
866403804
378616015
718980260
941348130
933193833
440136885
989296944
812718396
923353232
313200854
759313172
61932085
685372953
221569287
769983933
562336946
25080275
516506385
612231698
290332143
898166965
912541185
955402370
141906491
104266850
857070917
860957868
968024554
822618730
722518289
447474465
432629638
903864360
747413450
896192367
206370355
37184523
27556611
949706778
978690372
739313322
661676142
643682129
368658463
283406091
62095836
163957989
666965173
36608168
782483652
376819753
333285206
564696581
864949989
150487792
532030154
486949110
989168142
561148064
240548774
822098336
548339437
946806895
929584200
209275224
916099202
344184937
484018344
884818286
176725891
835535542
425399333
685459613
13509438
844163295
988545087
364249223
141816558
380641510
313674752
549456183
835140882
339531659
681188303
552108100
151291719
259780100
753902836
653746718
593216800
128891386
925687213
358285991
351128556
182213589
244558325
83027182
621503692
474154041
504130138
103462083
365963243
167069063
842638862
120837685
898166965
635375988
736657205
393873872
12273710
334236368
378905261
370592605
530182631
192644516
870409069
100485736
550521747
933788414
761966479
788909770
644277558
212309311
434670964
349732351
934300800
694857316
858864137
315471574
866242419
85350000
314241730
398158415
660487444
408833907
707982931
617422239
263230092
643477383
219339466
436367177
938405712
403458776
341048950
647545786
498998688
519768918
405433550
288613831
667372001
902176963
736540687
270739504
865951590
107924169
87580587
787600781
555309644
653518360
851198691
135662455
301173592
107484462
395526789
530209670
445796366
644393439
930589936
728871327
264754564
461530025
849356058
91381269
976935913
24241822
552843776
7025229
911531881
837449913
725679340
967604773
916368366
382738237
942621338
134583415
756831993
897264779
758510367
635107061
510189985
52506632
420897486
658651600
162127519
52865333
643184832
53739143
956436161
977772456
79312582
382372509
739266348
711621640
655627701
358285991
371777845
211289237
650465969
571444676
818812933
509892212
105463709
597582799
543870511
336509443
889376377
418487094
298475888
115992489
998890052
140504681
789380360
789078974
287273929
942855222
692738762
509666829
268317800
761966479
216834869
334058787
428133680
738551682
185630411
801205902
718650312
228857206
968024554
356973391
14702510
316543047
745777957
355760359
852832561
391815613
921101051
942511259
946896548
874911723
238632946
981737499
380486926
561148064
908774777
656314365
736297714
90540589
91297901
329610022
691141367
288472246
624077461
102250267
441184772
149132440
64132502
278180380
355760359
312570439
87496312
457402625
148061036
446702913
992123302
942621338
543250111
807998251
459060467
505278861
474154041
519024066
226728104
223941585
500413424
308266398
973683102
197806806
57095374
359789235
702930040
82765802
615670299
741938475
280751003
767574642
936206232
344526263
196460898
941813494
163384751
535695959
332016333
774727016
284360427
739266348
16148686
843899893
738198229
681188303
430864967
465587470
95687864
180740490
79176146
233100177
498998688
721961849
134583415
998094308
419848486
135708002
143255267
916626930
923871682
96050310
632936726
698416852
221143737
183876027
113638008
907238427
145471849
480979416
542296825
664359393
944350211
658908536
898498878
112927118
322731992
740517129
923367080
403761944
203117702
259780100
83352113
203117702
17366736
46075177
197180731
97640382
768743803
689473088
857488315
122986943
781628275
639432326
406378581
181861973
72140549
625302331
751449828
46836795
536925266
9840153
172860255
979092745
496825944
161956159
915299366
949222246
361873276
729045982
804320010
660396598
906014855
820983139
13299278
599752610
987155842
945750772
313949188
500847090
593697557
314355843
426862970
357608835
720593991
915821453
91839682
146317831
950509003
386021526
781888786
201771483
216009933
520903686
831168449
391682772
166610466
860470604
448195945
56404134
408367486
650660755
700419224
841545186
961631407
718206562
489420835
169856604
881392511
373003854
916032423
312964811
292643797
954641398
365492724
675442190
510130598
707841977
296382470
759159400
437644188
646117008
544730167
119517565
928034519
423991240
330817280
825383659
564114473
40500065
463465925
298526129
472078158
781162210
880227900
16290246
428940661
6788365
279728041
940612051
549046568
398688477
697519353
302178906
132038040
391326650
149072977
261378734
349923942
401733564
582625835
244131858
302301943
565381574
828606594
532072421
784969695
175510143
123906063
176764906
941574158
146750598
532217124
130573309
521878879
279191071
84312947
200284403
502215917
250996186
54513357
74909855
328485030
581384535
542224762
719772677
956363108
827269670
512618233
916045459
938095652
38809825
460672795
581384535
909649933
912253858
744086545
438557992
57407695
265066851
605726830
963307313
973985799
942703990
632033872
881670849
991774260
307406205
699353459
933329757
862067341
695732457
761966479
788618903
22948186
962229774
203615470
74022590
406524814
673579724
857131488
233032261
198021116
10158665
544072277
201804294
716083537
943194422
126393525
615361320
344184937
2313031
75992359
145481838
419256420
402141629
320190015
320503359
928627931
346368715
30243491
545187375
634321749
142216814
774642799
866006684
738551682
763641364
905716622
793488015
539778235
204539360
596729571
528245284
8588107
389091410
571510333
956436161
534747052
512968314
769371394
518140306
474307235
320503359
689543058
485652069
784015541
256601052
945750772
426033596
77348418
458346678
278267987
359789235
499715436
673741086
762312864
396129338
396779421
574995195
16486398
88519618
676973054
753962079
251390666
596940900
664568350
314522488
949469283
745438903
705675831
201804294
653698092
313397866
910789902
287273929
940456068
813691849
343435136
579988701
927702802
221476767
96050310
843299956
880430212
531045180
196923852
286813258
37327432
314278549
638143547
226728104
893841984
62293729
519844848
302178906
81806695
425011841
478779172
756554259
339081775
97964130
826415707
941813494
751924123
815192601
520453538
517980565
904858696
91381269
209191587
678143720
118523233
753032188
142030094
513012076
244558325
581807886
722495823
646105804
474307235
486666284
412599343
977772456
416316476
850793312
319693210
991477582
317505530
134224051
226167730
304890166
140577335
283406091
785715044
43436242
374626129
221387613
965218322
605535005
734598954
89520791
335559058
626916077
717117252
886942664
690067785
926835135
934208982
30230170
133297725
383911206
276329538
642577670
770465479
944350211
611804693
971161105
313693058
956020889
287333745
361725321
946558265
759433655
147460667
274831335
708440083
96763513
199546229
362023424
112886465
143611042
477016810
280668467
571397692
44896064
15076365
386367275
668550997
30887563
34758790
909649933
191165162
572463094
310375792
314947563
560226231
822612016
542296825
357039880
187253159
287880462
537281929
377003645
421213371
687909245
588293570
172867412
744301238
899631676
812718396
227948649
137196244
132402061
581474200
341558041
681188303
541026019
911423258
273667386
486454952
264941813
453968857
929102462
519177847
549209891
378905261
124751142
741920826
254005716
821412101
371457376
91381269
561650669
927702802
482576192
521878879
310371949
513385433
340839022
241272190
593200454
5367400
666810757
838160042
572089540
757416292
535695959
142836384
512968314
536861678
970627656
406524814
442550913
647875622
466709804
851404610
234499033
909470713
45548864
847430528
810366315
732425802
499692193
775903644
85350000
35374647
219343917
631825110
88844458
556530139
66763477
968024554
761858916
774840370
635690534
139870326
377238921
435424397
497292460
573497824
813691849
663184446
863428174
935023551
546449793
553729773
428323688
559085495
228278183
426248649
663346707
149187351
668604360
968813402
235494869
354902440
370700778
437370333
714252889
684230638
328652851
684043064
490712924
147841359
994520844
995630584
284360427
221476767
317702152
331400346
742893681
417173187
633834772
46836795
944679417
562336946
663093942
632815600
894267572
297086518
771674281
888982406
816331270
561650669
13509438
264791583
2540957
546433982
577232613
878856414
356559090
124751142
279126939
684230638
650761872
760435910
808658516
477509810
76097374
886190594
175568778
705613344
986542871
314355843
419848486
483115742
322570655
254831250
440639334
83027182
390714779
366327154
590869214
395777673
807087382
638231051
372906456
564896704
660967161
248735784
938024783
980568674
821738628
603343190
11859735
216588424
546285627
90507943
404888096
174624378
171519720
586183262
624072632
841319097
955402370
800089371
949692731
393600956
259080477
849686073
591903838
38614350
300559867
495256522
317732665
235406293
883346999
451728122
714787413
185184271
61465412
339002303
862067341
716083537
757337369
581384535
71472119
635375988
661676142
981909107
506808017
892432492
937928423
16654254
946940064
631137965
762599676
145271195
458485672
413179655
139722408
298933739
104266850
420863457
505958361
388994831
4420781
546285627
310152833
906223862
358747046
548651251
801616182
196064375
762872722
626940430
366263270
285859923
710561429
256826596
549456183
929276870
807657932
909372225
927980509
391682772
317105426
269043845
197436345
700329487
525535195
486931956
521090581
763281559
920138872
843299956
340946051
110689703
785432789
323987895
869811382
891108534
718419158
660020757
919692462
48752050
485367679
103132153
203117702
95866528
549138299
104108403
70426400
90510973
290774194
465587470
479015156
220056291
966211512
939378739
789078974
377238921
727957005
911431539
499400446
408833907
753991327
740498516
904640476
98638580
27178236
375021138
745885264
807998251
137289270
266132950
82930441
314226811
235443621
65984159
892809796
565381574
403574323
425171868
388923793
95687864
73864401
102031934
983318571
961097067
115308892
305453303
498998688
230997351
905062233
352757829
651997290
403932706
110203551
661708234
563048249
190485626
255681460
697826647
171989754
623258415
587815611
319693210
36608168
19759641
785218999
202738875
522695071
453407859
863512815
643198273
62832967
635107061
231659344
683477026
61827593
684916895
972460562
421413040
246130001
892809796
349816138
553065683
128847803
293218123
632964770
545187375
57508579
306360331
673374938
882286189
923433942
596481200
423642983
859290788
294786451
393459356
145647557
472366255
635129242
794548952
368161414
764410614
140490391
274493725
941348130
741938475
438937591
22576800
641212049
619182572
147028465
477888590
305557820
198682159
158133783
335209083
814471947
442791907
459937592
239756458
758111256
704585511
967105417
229962939
22948186
691620754
3255078
909649933
307406205
22411712
895485662
461037572
795455988
988545087
321676980
606395047
233032261
220585550
522067738
927361159
30375848
501559997
861142218
528525776
261378734
243961347
361873276
126396471
399996323
506444165
806388205
733857021
816238072
72501666
915299366
353785023
36882333
399785641
73996675
722518289
167864015
392926626
799555360
606305017
410997708
184388625
325486194
208025745
185184271
840261332
945750772
226728104
276308365
921098205
216174668
858615998
159045950
840238736
560427605
510319341
564043690
577897554
770376993
830940018
146317831
149874155
395423196
554262260
494527935
139870326
676073439
880262990
149982317
683660031
704048678
365229939
366539407
407288047
123906063
988258985
651997290
274831335
322731992
567778066
550521747
537295748
420863457
700736436
209728083
147537094
120837685
689756318
442993861
381290105
766178342
2520
485046260
214856547
801393162
992908773
977051764
38284253
196064375
754978144
945242755
721961849
361195985
100783111
183315665
694184924
392302017
239139045
235406293
763042827
119351720
849827760
846429743
534180331
441200642
49207688
65229205
110203551
326605788
105224553
451017665
141504532
486804716
438557992
178935065
416103440
889146114
361873276
716522642
377625764
485242375
571510333
421679565
484169964
312570439
44387111
986777772
104108403
589039725
474604497
235443621
575802632
459613809
772575291
839046263
434533775
800461598
13117486
535695959
856306447
918371067
732112198
85919606
411262888
406524814
445418665
290774194
577897554
923353232
881392511
375719668
378616015
120110305
465524920
408950583
716607649
777099572
600939206
531045180
930360620
868739504
217330509
185656411
509112229
713470861
404603806
754978144
6947819
461037572
548040207
133840056
229327101
839651716
243960735
480810896
348094892
675758483
962625583
293410099
380840574
247537302
17625749
284894222
646105804
124119122
633506030
281647789
907887148
286397169
86747561
315756268
238632946
677487877
549046568
44387111
421073603
740575622
489330151
865304956
67995708
517753154
858089636
238632946
536925266
664359393
151027413
742061758
235726469
915606489
169479441
365884096
151192763
599738284
255681460
285264818
752664492
276537958
208963850
593407648
85481278
203561030
54513357
609581198
504749103
584500239
908452884
521878879
828070778
411466263
202763538
934208982
508937183
609824275
2384340
838910400
191616302
110203551
395611976
902794171
285859923
145647557
885991127
637118212
532072421
560700892
217936160
946688033
650465969
835535542
242791866
149187351
317702152
248983311
925622922
438004748
549808360
425399333
79592443
887511939
827419924
791868776
218043002
56404134
308934993
216525657
746348761
567254986
571996876
268183522
428827825
867756516
539542155
90608213
432676718
496035406
840396007
197806806
733026518
59195228
326430764
234499033
120837685
299785721
904632788
713521058
326605788
177752059
882274344
361309151
751045321
754716572
331928334
611804693
261219421
629695651
338901668
775657172
24096974
236089264
105575701
763864269
517305096
438997712
674669955
971161105
553988634
138009589
16596268
860487554
96623695
62877745
608542238
593538443
753580094
526517448
328652851
403468110
341833803
710726486
345917911
662289917
434304466
254449124
746098213
534180331
536226848
886190594
689473088
292234136
977051591
32309270
181861973
824623378
510515641
527683572
40585118
974070907
672845194
214911073
999268607
488569724
119202718
429886177
320027683
361054497
991533641
684916895
504530633
112293779
915206445
505346479
881427098
235494869
875513825
44052816
856341706
967105417
822618499
421017925
19823643
83352113
756007642
859922764
735134534
840960468
733392732
208178763
376439411
64735457
982233053
988376492
963387691
718260062
275274950
558517437
299501065
386990076
740575622
681070020
84544224
889281030
770465479
921098205
431698489
408429985
549474617
23413435
419737080
244025764
885946716
737289701
330105602
720648261
488761593
506515649
897628269
533433026
658823951
428409366
912253858
281065490
229113415
880064271
624389244
735134534
817128143
994995619
579586634
977030692
216485600
216221926
269043845
453968857
951730425
597870093
888792170
152419123
159568890
576144230
477016810
180991039
722636324
116213385
271293688
3046030
892809796
699623546
887380157
930360620
630036959
342761498
877740106
899899631
318788285
68006694
415089764
796698725
858552850
683660031
988818770
384890783
141230742
475775681
875566323
899899631
276630889
185630411
999807749
175054050
605184299
587945053
254559896
495453776
122519851
240871708
599553543
105092797
642008218
589302132
297029177
143413060
940456068
295625824
873708339
344853361
510130598
962229774
740213280
878900617
576519838
95613363
554126869
286976524
406524814
976965596
822674418
525613259
927702802
659315129
991271184
95687864
724557297
992123302
246245204
774860627
816331270
909470713
547345740
159390630
643682129
889376377
635375988
285621127
853187749
455692040
320293178
600026931
729543329
840238736
563050374
302140658
284617695
171771281
347368971
933036886
927980509
739881009
150311836
569964076
750422871
252518544
646165492
649882910
229038795
435661099
692711103
749616931
366512522
126393525
36608168
752741272
65184627
258259352
678942597
755586646
891024382
693529139
126350342
697430531
541037503
898593987
71996542
283906395
83924006
487595663
256826596
524245280
386082955
10960934
5367400
287867258
627234361
27060377
539778235
240603073
854226690
624077461
228579477
642991082
389594493
318556165
655419405
694787747
674388934
883597413
143413060
291168042
164980179
535066401
78117061
264754564
786275422
775657172
428827825
216814690
627211327
248650835
881427098
891989769
828606594
862692060
381417232
544234322
594109877
541520770
4869813
121221204
550551169
878197914
261717200
298475888
522067738
305431392
897569787
452327396
198995222
485722542
607186775
197806806
692804530
880709822
363728028
899669690
917861420
405433550
182280063
981685145
248734271
731334629
761525159
797948902
622393154
493853025
276757601
871393718
276757601
454644231
783719596
472022934
791241750
606616385
900742540
466999377
318703506
792310029
323088721
450004611
190427781
389594493
547345740
103189020
649882910
869671621
765385635
852784379
15076365
734816884
557456235
850290613
888792170
510130598
403621246
341508437
925806348
981741436
83027182
275148426
62832967
622393154
81090350
204310325
22531247
17646661
400348272
198617661
941749322
676064801
902562470
490223828
658823951
936206232
951753491
117309837
97050984
606147999
538576820
360128521
98638580
530848961
79162832
162238657
159390630
48961171
660020757
68461701
210060124
680146794
72426849
779873538
750903916
328652851
419638533
637339014
549474617
919692462
266427285
927702802
879109191
201499617
308839617
906274739
809076111
461530025
548651251
181629140
827419924
677489805
198995222
784655335
513923309
971924009
635337059
736540687
716939903
530209670
953183853
780392260
721961849
654202262
896837570
518747278
886942664
466999377
307755238
437993694
289681227
654202262
242184509
792553078
511761841
173577374
286495927
110852542
426663205
532461519
335209083
365884096
326113117
453091637
580495859
655419405
401286853
976222171
300559867
791829373
274978340
226728104
531424911
909000051
121202190
735374326
313397866
854226690
289968756
591346101
591486906
255206617
714617036
511654142
962343877
927702802
136018293
678942597
988545087
795339147
252518544
293410099
59534678
891863329
102990945
886918688
319684987
792553078
386021526
937078469
417073620
8498132
754863889
39549321
644393439
605184299
390093242
495256522
13509438
916099202
786460130
957273262
427942980
383241333
763879426
785432789
169882850
917564627
756554259
79176146
225645275
973035158
204310325
371057194
453559193
808344340
474307235
633924325
8498132
197806806
486804716
112886465
995630584
448195945
505041730
213737196
262471810
976222171
13825418
324389569
784067079
882286189
997055477
966026337
791439741
263231716
429385955
688297101
366980730
704456456
420340981
897923026
595351999
882731788
627705409
336282492
473786151
484169964
556596764
962807327
489106849
77479383
548153176
634321749
993986887
948117462
778568307
40585118
741987766
503622146
314947563
800461598
922557020
842638862
808898840
197819114
449663894
637455273
942511259
707665815
777099572
559946697
325486194
94136798
424863874
145868834
232255482
600561167
205498274
634424334
816238072
221450585
159177692
202687612
458784624
548339437
358673334
974458694
741938475
43942428
725835404
540987026
55629323
314241730
408950583
347013213
935023551
249486461
990024296
128847803
675082707
218098403
596173893
688806611
171771281
110203551
436493146
739266348
359717629
287960609
647847742
439949500
461537283
525792721
24075178
814061347
738998475
623727264
285859923
811765094
153948174
377351326
303696473
257056790
335789093
588601036
536590801
298114892
481583896
861097064
24241822
190485626
254005716
107022763
606305017
892432492
11859735
301173592
341310704
942621338
495291598
290995951
453289294
430328282
320503359
612231698
508456476
96050310
218254851
449502732
202583777
859749505
376090650
419848486
247991220
245147188
232483250
176052073
635085890
144660712
395520796
614747605
993873137
264075465
127918242
352908178
523887314
857084906
739881009
41815963
328652851
170714746
932592000
902172030
217401238
243961347
44961493
119202718
782971607
502715370
917536073
362357499
597133312
133676064
358034824
895060235
508685738
235115489
849686073
68461701
378616015
882139989
937696059
329482050
691052551
351128556
179514061
354902440
74727472
93748428
652611237
41166775
763042827
662030296
210082432
922173907
772465874
974427401
126808471
148061036
358317946
575615876
254005716
795423837
831819045
90507943
897264779
787418361
800579858
784201012
485722542
298933739
126393525
206464208
965701394
131882036
278172521
313397866
694787747
994525592
827947872
396375854
997881848
544905014
456779707
129519234
864292963
469722480
801684231
484076158
840328788
809515343
305564699
275148426
66148566
370210955
881392511
372906456
399420876
485242375
614747605
175510143
951753491
481261666
524892482
650070080
995367038
149655235
961097067
85350000
596481200
590286553
145868834
32111559
609422403
898258302
705910877
221143737
725730668
243760727
885991127
33401964
176052073
699623546
919448292
203433283
444627519
875537772
655419405
729960046
15111146
823181278
598934889
506485259
299785721
141504532
286813258
193840647
302871
793367918
664359393
149187351
246958838
382788921
440429930
842638862
318302032
917564627
362692373
959317929
715139405
986649990
756599829
628420022
305453303
382788921
366153913
631825110
291824224
181122091
259080477
887027013
153815944
425875506
691840120
219343917
957100302
942855222
278575828
766401312
567543200
480810896
929732149
221989523
222928713
478779172
16486398
642437494
437733129
967655311
192644516
334988404
250592483
282090156
943194422
198995222
809507446
613404059
8576661
722937488
452606017
465077992
540434900
619468221
961631407
365492724
666810757
507726804
455581591
757719236
597496095
908774777
870439994
918780370
927702802
553447172
778134208
470666643
441184772
768743803
495453776
78005213
225645275
619774309
937243431
998890052
737434623
100339701
274831335
415459440
504749103
426033596
859813233
254610019
79176146
754978144
366512522
655905162
856306447
279607688
44387111
243760727
68461701
150561057
333285206
348337507
906014855
432451664
591185848
378443527
171950277
362082604
97077855
838160042
773318026
150535289
784067079
74727472
24096974
336409842
122265192
70337395
71472119
162863645
52506632
315895050
115528380
927980509
998890052
8648170
785325286
294665410
91297501
802897564
304316804
907930641
33004330
848407760
750422871
386021526
985543744
612231698
413179655
265149155
993451481
645812885
751449828
928958479
260763027
611680973
459997417
481583896
956363108
366944769
590869214
998204151
886190594
419848486
896795008
809076111
791241750
605726830
898593987
971277512
265149155
556907117
468435477
474456970
521878879
520453538
146786168
878573444
380486926
877121343
805213015
633834772
855380721
970226898
94114397
839651716
503782622
151149875
70600389
349732351
981426062
650485416
860137710
366488079
72217707
786730998
882459854
315276976
575194038
307406205
770376993
887027013
725641244
365989972
169164756
15811141
140869348
286813258
561650669
882868059
464278011
700419224
509955583
139722408
716246825
107299403
814061347
896658083
318263961
313397866
962625583
440115060
561658796
222992884
591476050
514500257
65984159
265610898
322450622
891863329
959317621
668415225
736410147
70337395
736657205
568483975
611024068
939378739
477281534
768766400
463355000
720417795
606211401
13365933
331913928
649882910
165826181
700419224
962807327
615410090
744301238
854898947
65196859
751966106
723969792
550551169
643198273
118959233
912288796
118765210
979749819
662361989
787030378
927980509
225747598
26041975
369340254
424281822
741987766
987756404
594694758
882274344
781888786
274792471
770644282
353003177
29753887
194867753
450004611
621868124
680851993
666965173
299322636
795455988
840238736
436883996
493957721
931320437
623294605
545187375
30230170
591486906
848415193
967604773
279676159
898951691
371482574
521203381
846869625
634162314
62658489
755160626
383719056
756007642
504711264
827425557
619182572
942444918
698296366
432676281
969757476
844919271
328652851
524610947
33923505
30340942
866242419
360128521
580030370
510130598
879220233
133840056
185878323
145169198
742950245
216714270
751924123
103189020
13825418
962768704
436243719
314947563
468434064
593316762
307406205
769434185
981909107
247537302
579801990
916626930
596481200
53471364
809076111
386990076
115445006
39831189
859290788
15015679
852303032
912288796
913662148
555070030
480271897
117542131
415810191
345917911
71435819
505440721
892809796
647875622
976274268
71306314
705613344
86691567
569964076
962343877
893026756
304248308
880061175
26994208
768766400
738551682
266715609
52956912
122786299
278057103
403872144
904858696
943215129
23701959
606395047
468871030
891989769
959977838
57705637
916099202
809778338
211303280
146979595
834494088
44896064
876418586
509892212
713053020
163437370
753962079
504530633
324288671
961097067
939504509
104075142
934332415
380851747
145557486
988877075
501088188
954701057
261404473
302301943
699353459
707665815
538216413
523725805
977546820
831168449
7025229
135708002
71837707
122920945
990024296
716607649
601589387
332450186
795967141
732572967
331913928
486925386
222678705
847755156
765025283
177186236
656439860
326605788
488825359
967643686
616150695
333793439
370210955
585680003
410997708
965701394
77997992
908127222
128847803
770724766
934332415
777264242
431757571
88519618
642067326
962766714
137174046
545444603
473096031
638727205
194254701
145259431
499582526
874911723
579184632
671575005
537281929
934201997
875267267
38534351
211143812
403761944
565897524
892809796
786864642
190278162
68006694
989707241
380641510
671807578
90987822
152228729
745885264
779392924
5810277
516536735
974296487
104278520
912288796
250178805
718470492
488565881
643682129
150487792
710726486
143355483
339702450
474604497
290774194
754978144
331294816
934332415
459917588
440115060
866230124
949692731
298475291
232775392
142216814
815737796
549497524
798163988
5367400
249453076
456454266
562076326
770376993
967344817
711621640
634424852
602440265
811765094
36749288
91839682
973224657
975117198
251301813
695605089
309831061
273251621
760391543
315276976
885767188
536861678
979917645
23413435
232483250
8648170
838279504
544072277
991616585
759260946
469867625
55382935
950642803
304181189
83977835
62095836
121888334
250770526
634424852
491009883
403932706
437673857
516594280
726148995
441527808
489420835
160683377
25035855
436483539
464735206
169856604
126808471
904119104
404719490
552527312
132594557
294046897
322412156
197814512
758510367
763641364
196193524
725730668
254610019
479282982
678843997
44896064
587893269
580017809
81831479
86947568
135042334
696589541
222984022
302860730
75143417
287273929
593216800
986642912
795423837
936206232
197065535
715978897
763991504
264846066
951349453
173541046
874528766
626940430
979119242
102787261
126412316
270320748
425011841
415221686
518070524
997362391
881427098
993986887
714617036
752267107
305557820
777590440
690737745
822618499
611184474
842046161
38318007
823120433
403932706
974151762
320416247
885991127
61465412
240222857
956424304
707345278
590958914
352837118
215326624
654115430
871594125
583531270
216245200
480773841
895060235
404084671
916281722
326619645
612041888
67177026
760246532
509112229
103030045
912253858
746875441
312964811
986642912
696496521
822618499
48961171
511332453
232958939
865159874
263230092
662289917
834061110
374627928
269424190
571510333
91297901
894332600
103333664
341558041
759313172
526939427
113638008
460588606
664352708
244131858
921844625
23989768
42532729
294665410
357608835
50028226
527816115
441213154
736019015
491009883
727114726
866838731
902172030
921844625
733169840
276308365
714163644
63013446
883164219
15056284
763879426
779806357
472366255
798322610
513255928
53503920
638143547
38614350
988818770
884336684
776565642
970325831
66148566
478557253
59814054
445380789
790129479
630368234
186549993
922707024
199722812
419782569
535695959
841319097
759867621
566288981
197806806
836561421
688161094
743896394
455692040
489935420
281011958
355506752
740213280
133840056
388860640
58086355
91381269
568312199
748381992
182280063
75037839
20891347
698063944
140490391
581590838
120837685
870678313
922707024
197803350
163437370
264846066
376023515
399785641
60
98666823
300559867
365229939
773026935
3660796
10158665
603889419
32795022
643436194
957100302
945784482
82599855
331294816
538532565
778134208
939504509
257908293
277362510
519768918
430279013
609581198
473096031
849578731
889376377
181983021
497292460
438557992
356973391
402154912
726160188
439156474
291824224
500299736
339704578
592918943
202980783
819227129
788618903
193819659
2384340
485367679
438557992
937824495
122198726
624885405
352907442
910786812
236840663
883597413
716246825
899669690
257492624
753032188
874581111
219343917
344015918
249348551
761270887
481399706
132594557
75037839
166610466
81238989
128944627
757416292
614709355
784656055
600026931
696639961
593538443
596481200
216546256
999807749
318703506
47523195
570836727
21794471
250323372
753526356
911960292
19651712
274831335
302751630
564043690
720407823
171119983
621834361
229540678
149913510
151487547
160600827
856852331
343836531
422925141
866619223
145915444
206370355
786730998
605184299
506515649
476300305
89128947
808344340
979043835
437463582
318788285
52576393
387896793
446487051
768335112
439458275
741331732
258466431
221602931
579491875
643198273
96892761
781888786
536861678
88670278
408429985
85919606
328485030
464211433
452327396
646117008
681188303
386021526
513012076
774380516
578855308
934166969
799025050
971261581
655905162
590869214
684483792
288941679
270739504
279676159
242503580
242791866
798149160
110203551
432451664
378415910
615965445
747727838
545129557
16486398
734310998
251728773
341444405
427273947
77823164
737264169
67338729
297086518
567778066
128944627
252844762
119202718
569857912
805213015
555685950
746348761
380167947
837134157
381417232
271777705
328652851
235726469
714787413
659632532
73812231
97050984
485885946
171704100
254610019
443165136
392926626
945750772
229540678
355809959
508767167
685943945
522067738
994891918
216009933
305023378
629878795
731026057
805213015
843299956
527178335
120486392
910585520
765038847
893505518
31791552
871721098
413179655
857878235
876854161
97114550
775804602
223941585
102297181
770624708
722518289
281647789
905716622
888118552
56369509
123729077
75248355
454847708
120907485
718720441
26994208
207985004
368425904
784191838
549474617
273251621
338905383
145436481
617916804
102189770
26302683
224884568
725730668
571257698
190668430
715175828
895060235
899792045
102990945
454309725
857878235
502635108
787526639
931255729
133970705
486454952
668550997
68006694
49187205
604211032
256826256
981741436
910789902
656439860
282086629
273251621
332562064
625608948
320143785
735387716
200588692
29753887
822618499
459279339
420504682
898951691
218914439
621460504
575194038
735903497
407024082
902562470
275972424
633314965
857131488
326709075
188721787
588120462
485367679
624900264
150159877
309398193
570836727
358034824
83352113
598688649
542865411
482917405
696144959
783206871
216812241
704599896
580495859
591090397
120249462
246958838
284960849
783206871
434157965
786222871
860049720
325486194
219120859
386669839
421017925
934201997
751449828
295929403
211449370
716083537
989092282
202583777
125501315
935547852
505796279
690195401
929038210
370109350
934332415
898575531
910332057
705331267
66067243
121083949
13117486
436979093
216714270
325289888
945342877
318115181
661167337
870409069
480383442
865340822
714617036
711853454
430875872
499715436
864888528
500618614
131764369
285264818
877999300
967344817
607186775
718529924
299942502
297385368
643198273
274387798
727114726
460342369
590869214
621458069
203698261
562895691
87566454
856341706
24285110
785432789
630550655
5810277
326430764
146317831
561658796
134583415
871268922
254609123
434157965
808084842
348094892
314226811
81125813
936241840
403932706
647875622
470456495
318942084
899792045
300239313
5978099
469867625
842944341
26041975
799805076
226958406
458336050
386082955
219205802
666810757
243675866
134224051
375719668
235115489
164486990
862067341
214911073
504795194
331928334
47975702
400348272
345048737
57705637
917953360
694857316
930360620
769955194
963704431
297386116
662004344
659632532
281369705
674429926
363171858
229113311
419221957
986777772
495059777
757719236
674079998
592918943
371554167
214911073
648612660
522067738
410948467
727220439
888075525
906695501
528037567
105092797
38318007
197806806
586072013
557641775
349944490
286813258
21538378
945547452
928989756
67967255
253414049
71642825
777099572
211449370
720964925
717733743
64132502
214911073
961919640
43436242
208963850
352757829
811785106
981768944
692460040
880262990
214569567
32309270
362692373
727220439
521078587
460213201
334988404
636460657
434304466
99687341
29447170
591685029
524610947
872232752
789967384
712514555
167812604
180789791
549486176
896658083
79162832
270440549
74274797
182735029
993451481
942511259
454165160
689473818
885946716
463983438
659949354
516536735
59195228
169847088
584826403
185184271
775764015
138402621
278057103
705872656
644286892
857084906
20265450
779376310
458591027
774727016
653678084
534689450
769191724
160382727
856341706
298526129
257056790
791655345
885991127
126393525
967344817
530209670
637339014
913505481
500913377
720162115
185630411
835140882
687353430
394557621
842287840
384043429
542865411
521874633
670297113
376819753
428133680
938024783
304394394
698590841
535918199
855915840
559560219
647847742
422732523
836347383
689850867
858089636
429385955
62658489
386669839
478091863
386021526
719709621
358285991
872098868
757584325
302140658
30574845
132594557
808084842
331555549
28045217
880012975
60673420
709032463
796862271
992255746
520721595
431698489
852360856
523887314
3255078
955718067
296774933
489420835
209237236
18014088
459917588
861899041
939412204
143789554
44237563
186478315
45203121
510130598
803429662
122637109
467260383
952565549
9077505
886918688
368319430
314226811
198021116
596481200
320065609
750746014
383911206
335944894
740374409
11859735
260190005
561148064
640993853
212011689
565163752
159568890
731026057
121622111
426248649
66786769
259671697
270286154
302331073
135491950
407024082
549138299
800796995
556649750
454559877
136018293
351933827
584500239
100339701
104266850
934166969
360662221
294665410
109310744
766043340
254685035
866230124
427594584
840238736
268183522
260190005
553704569
76002262
174975912
753526356
207952787
815416561
733857021
275832624
30879992
278172521
800579858
458784624
178209190
321222641
891888735
837134157
90608213
38318007
345917911
747657895
849911685
577558397
343037874
208178763
470666643
380259038
583804857
621458069
286397169
419070040
819868481
363282964
380840574
264472876
956425559
110941013
787677119
882868059
67077976
366075081
565897524
801141585
134583415
576189581
996693767
224571756
209903741
891989769
516839030
756554259
632198036
133297725
197489706
284396336
760435910
441213154
758145277
697328220
981812962
309892701
500618614
309012251
874911723
779022988
105224553
295114106
2911034
163896852
569682261
29753887
465587470
234596180
114961202
754789346
160382727
270597859
728950773
585445983
231659344
529333408
800796995
949692731
859290788
970189
713470861
573797195
174407286
686073636
267640953
935213187
158909070
374303226
988545087
48033766
248719263
542121053
750767850
931464034
639212014
198995222
489106849
429032556
48961171
888233780
239756458
514566735
371554167
481303296
561960584
207559057
458346678
945547452
365412914
89883449
997271189
232134838
185878323
519039986
325953629
597582799
286086147
789758539
78219057
621834361
304181189
619939196
534180331
211415676
774727016
467260383
251124674
964638776
809398488
192863894
13299278
333514593
705464292
120249462
34758790
29660735
930515966
770854001
340662227
670454507
616204194
159250242
697214758
468422398
962858473
743325434
733295412
939137546
572428162
38840075
434670964
50140325
638143547
981317821
777099572
516839030
441166688
308266398
561650669
490712924
750887025
480202231
606305017
552734143
989707241
981317821
801640280
136884559
972738121
220475770
353785023
809515343
18315170
763682428
909245977
442770324
513012076
608542238
988877075
681209307
183228736
532156957
356973391
473548340
395661092
816238072
192349193
755758263
578271125
739881009
905045563
309892701
24961018
43436242
917253567
459280499
29365804
221476767
307406205
808495003
122138555
720407823
927702802
216333066
807081453
264905001
697742324
681804818
344437838
994386565
588293570
290995951
233211594
667647560
656977129
893747519
119813829
465525226
537977462
795800451
289681227
964638776
775261579
496022411
450004611
226399246
516594280
354786212
643788112
348094892
865340822
994434991
682110764
692738762
362991490
118135587
964638776
425875506
483094455
708299857
378454243
415871098
912621300
437463582
415221686
209903741
719005707
859450423
545187375
806492209
453559193
150167712
335209083
483147450
55272595
470217842
6229409
952176794
887027013
314947563
77724948
319118261
437685866
706860689
439699980
930360620
216568956
87566454
391682772
1818742
720931225
354614197
846556343
442847872
313200854
455804604
426248649
298326571
740374409
404888096
678550115
314226811
88978605
151641653
711853454
331564019
510040814
789078974
53551937
818812933
859290788
895060235
508262845
5367400
44896064
790129479
415663780
892809796
341324726
942486675
528245284
89727520
548337783
35500816
987349975
611680973
324288671
789380360
62832967
887797166
254545909
251642423
113930810
185184271
359789235
68461701
313674752
389091410
109359260
361931082
799651315
438557992
676064801
34758790
122138555
349028849
967676241
932119842
601589387
683622406
665547474
85742783
775004312
689403626
378616015
21794471
169391677
772594235
36050855
495540835
442993861
258320345
373239567
276980486
693529139
124751142
885760432
491380447
137289270
463355000
327928585
65780016
635868872
749793380
586183262
38621709
169847088
114366548
106539967
40388874
567254986
811785106
242739340
7025229
853219342
50028226
219343917
973341029
98381458
450323755
972913950
174300205
57361838
204539360
136018293
254831250
200519314
386687687
615361320
397678557
273667386
920345423
569177763
606395047
93075679
124314115
553340230
989459904
50753306
54669762
157449467
972460562
759704672
369340254
534815597
554040964
538736183
478779172
566069176
15297986
753580094
205032757
928034519
744301238
76680217
301724184
591855564
741938475
678418025
889376377
75868781
295376833
586240022
846556343
819081669
279623971
22035481
952829156
752664492
329036469
602523290
392926626
265610898
326113117
375746681
270564331
314241730
98638580
248735784
795200256
387169413
891108534
449663894
916626930
659949354
370210955
919296106
395704482
627828520
923433942
686450452
990552240
558344033
432033223
812444633
680067110
989459904
689632037
442550913
441184671
995661260
867121593
993452521
708243434
190416461
626598230
143002617
231541396
479015156
98638580
357432215
549295355
858983323
720648261
606477831
224380568
543826005
299322636
933408978
141230742
747987936
328652851
177219422
224751341
580840904
13450694
2384340
934201997
538736183
583081545
209237236
627211327
986649990
971277512
314522488
64806682
149009619
404340321
2819999
773479403
296949413
710458472
151192763
410948467
786222871
532030154
952201414
994525592
229832977
626137295
117542131
449626087
542121053
77642454
269147658
882868059
568485213
266715609
896192367
330293791
664200962
569964076
754978144
221987246
569682261
24168081
230997351
360128521
425875506
585680003
344410374
353096897
9189186
575197358
597496095
874528766
5367400
10480620
729771445
420504682
209665637
772394323
4059299
190278162
952788626
351688148
143390169
513385433
542296825
187253159
189876349
495061050
671598445
683977840
877591864
229038795
99653412
435661099
341310704
241545957
263230092
197806806
448195945
681247264
431698489
635375988
801217518
308547028
190485626
11859735
42965211
834159702
716083537
464211433
297276623
320065609
307406205
500836384
883346999
656761902
937243431
723274557
835471379
428025657
595351999
159177692
340372923
881392511
355809959
92920457
169856604
218007640
520111431
945242755
216714270
746047868
822674418
542032176
523265486
977649253
270901145
211143812
953324051
377625764
485242375
514829728
846556343
879074289
332566210
741331732
671033000
842629962
73324071
323892638
404084671
699555778
216801835
526517448
810838866
786460130
520141777
43430801
527178335
466069848
376808201
971359908
25379619
74727472
40508177
569117730
549474617
949706778
592963672
570883861
343836531
99294968
602440265
703164983
63854004
543250111
660487444
367077326
536861678
71642825
868146443
583531270
88557579
87496312
138402621
180567140
859290788
188721787
65780016
370109350
305643667
619392513
248263240
333103035
514874788
559137700
646117008
91381269
133050076
721961849
892809796
814061347
877978481
593316762
237208417
750746014
202583777
792553078
800207125
272688045
735374326
586181383
943149042
814471947
380851747
349028849
684230638
993452521
489935420
321676980
96158198
902172030
791319224
896658083
13117486
181983021
170453500
655347736
752114649
627211327
495061050
847053919
494088879
58230509
430946760
429669373
471667341
806388205
930360620
414130225
810277846
645812885
8576661
81125813
651653062
126393525
980900949
492886677
744449738
351565453
574534492
434304466
365229939
644817836
570939479
245837036
726794563
306360331
422425128
919296106
945784482
119351720
762872722
83297965
30887563
280563115
952706520
963243418
142360356
784969695
505929909
605726830
854226690
321691918
593120577
118790345
892977284
582472967
934201997
909245977
645812885
282591965
125501315
534747052
146576630
309398193
811765094
991714075
378616015
723274557
592918943
233587289
13117486
822098336
793367918
65593665
41347427
208537442
963243418
842638862
323688018
763354546
450323755
404888096
322332104
353003177
685982313
172835136
772144799
722673985
271777705
768181757
576519838
750746014
165826181
577558397
523761865
117577475
410948467
486949110
761586343
488798249
117797890
987349975
471160323
934853540
977772456
149328280
912663126
281065490
401137524
406524814
161956159
606660605
705331267
357039880
202583777
397586720
998204151
142216814
889376377
58230509
219391262
469192528
358673334
44699519
762312864
548040207
819227129
251124674
682715505
88519618
968813402
276757601
976790267
918732716
691552227
453963036
324389569
727114726
925469895
855221759
472366255
561749496
876702362
828770842
7582182
83551851
320293178
171771281
581807886
544438969
756554259
224723769
769831311
886942664
739313322
764314767
999268607
264787643
532928511
173212111
860256882
612735622
669421111
932492983
243760727
265149155
917009561
933329757
83352113
681147540
317251978
278057103
53739143
787606653
614987167
425011841
663346707
575194038
12273710
490548270
918555147
538532565
45583028
719005707
150159877
352908178
32933460
910996055
698590841
977602253
407097341
977030692
365002080
386990076
842046161
512968314
290571392
308885732
785325286
510515641
399785641
690931026
288472246
841384306
910789902
968984847
24769082
54695678
999807749
644286892
987155842
578445932
191165162
812816363
453740923
162238657
396049871
18014088
630779995
495453776
697899833
330817280
317816452
149238430
659949354
800935754
6300175
888982406
149874155
441793
310152833
338336902
550521747
147028465
324794436
598869135
787832295
707665815
722428861
142556183
99294968
506798105
249348551
648491427
795339147
56436839
105845648
867121593
871268922
688806611
866241061
751124855
723969792
421413040
57584730
846869625
448195945
951753491
549295355
216485600
691234434
982709274
671575005
845616885
972913950
102250267
490057238
932592000
177213342
775005657
846656961
357039880
373239567
844547639
428133680
78658678
90987822
83872057
941858772
506515649
596132314
152672015
58086355
896611764
897573889
882868059
598559411
352639805
180567140
527178335
415459440
849578731
362898595
753008579
466999377
71642825
667220579
430678030
750903916
744400308
631825110
889986276
575391677
564896704
544162488
854226690
570836727
343836531
694523524
583531270
949376778
364139037
750255014
750255014
499751998
131764369
878131711
580840904
822618499
963243418
333285206
723747949
368675318
648010563
241272190
915299366
627234361
921445764
775004312
251124674
944350211
872572565
468435477
974070907
846149571
432451664
806595889
378301363
989151371
780685652
691141367
354858445
321635191
520236676
632815600
774860627
905123933
489106849
751286657
688094907
977030692
468408732
459009688
838676534
887599152
795556060
216546256
790353347
402639460
203117702
324794436
931183119
297530911
574402261
557156977
378616015
457078269
56738070
167984257
838893197
860487554
499481934
20762516
695973422
226555893
643537212
321691918
822618499
161367257
959489963
198108999
645284610
117195694
720964925
274989273
296793028
8054660
705675831
94136798
253414049
1174185
87093028
135662455
169963094
189876349
586691717
416316476
194324364
302548115
278306215
30104877
159390630
958265498
347758716
965701394
911431539
717384761
204630919
139870326
136701136
158945899
989168142
336363860
478658248
121083949
866204209
284152087
454948676
452606017
80649946
442770324
786222871
464672102
281065490
358034824
261097082
419421929
831622783
395611976
62832967
63815543
714617036
481583896
98638580
694196886
391691412
814061347
522661800
874788643
736750627
358946678
554395372
600636337
314355843
123906063
167864015
72501666
186661956
706460151
475899735
96623695
90507943
374627928
209774175
327133072
1594528
750720079
866242419
555309644
607810622
486804716
861502998
577389088
361120305
53779156
8011654
628905582
490929410
607756409
920277924
932119842
596173893
228857206
799867044
952788626
452342988
815011008
216568956
464318634
538736183
162238657
825383659
793090452
194324364
582625835
619939196
663162214
33786741
896638221
763728930
974296487
991616585
202957372
110203551
739313322
385906631
678715694
163437370
263230092
397084395
324794436
557156977
744272072
91297901
184197010
302229858
488825359
497292460
339346931
941348130
248734271
577301783
430328282
68461701
769831311
706812568
619774309
203615470
372906456
912253858
72426849
160356855
320027683
649374460
577558397
946558265
402141629
577486807
91839682
354671855
540987026
643436194
801393162
705872656
527178335
106609250
964148649
224806513
4420781
525698965
151299217
998710505
966596933
203117702
19412458
354614197
886931270
932492983
483094455
624885405
660396598
609887093
862067341
337703358
278306215
561064295
48861427
418487094
387169413
308839617
8588107
922173907
196064375
693529139
698590841
26041975
115445006
113278277
586181383
122883304
381755180
633791874
907528519
571257698
491646249
209903741
858552850
36050855
643107336
233032261
998094308
862558221
517099697
545187375
81500810
614987167
545187375
854226690
835140882
44521238
696496521
360128521
292324868
731302849
83352113
644108891
382966206
235494869
177186236
517980565
46130601
864516889
28079110
589144625
579701439
281393512
7582182
366539407
872572565
792856374
931584215
117542131
626940430
977171466
898519379
38711068
935416575
502635108
54616746
225688302
945342877
342042804
599459807
753008579
801181956
145169198
339002303
750767850
514829728
759168908
999829726
527178335
997603707
97114550
458784624
370210955
198108999
918636928
956436161
615821780
141816558
218634279
134618008
939581799
652611237
529037849
771065373
714617036
635129242
704599896
762580090
919074834
359717629
826841863
963881505
785432789
208795310
309892701
19651712
976222171
944350211
766401312
596729571
777951696
406733306
977171466
122265192
214253954
815244856
775690928
607117913
89727520
94249974
301882866
668604360
654202262
595692063
415459440
115320379
970302272
439553009
348980765
879106736
499582526
284360427
752741272
8498132
628530472
673307522
571996876
915442420
372906456
645175937
442504009
650485416
142360356
725786352
735437886
488825359
315276976
208405809
994483038
163437370
737354771
129036972
942318222
79574572
388415259
98666823
517753154
358602702
981317821
275556215
16711860
146979595
130573309
254005716
432451664
886931270
340946051
731074938
211680018
77479383
844338022
274654908
429122995
316441228
9189186
981737499
739313322
220475770
119202718
199722812
305431392
980266267
977357974
729960046
705675831
756554259
624900264
575615876
115445006
254335015
420504682
706162428
593985813
981317821
534747052
269290888
201278334
708243434
607430505
905716622
245837036
227566072
265610898
500836384
863984011
302118374
733857021
692039054
378616015
338423540
756007642
542865411
166144936
713723276
706042503
71435819
704599896
278194783
532217124
112293779
556596764
484169964
647117243
26302683
906243520
963243418
71902846
361184389
735577427
135491950
909012222
246870610
87496312
694734437
792896178
321635191
336409842
265610898
524803129
653678084
759147566
23027
599553543
905123933
635375988
243990042
233104390
695605089
362912578
747479643
46075177
397586720
791655345
762872722
917564627
794065516
181473388
619182572
302229858
440115060
877121343
344853361
357952197
333306620
777719009
56404134
897628269
510515641
774940163
55877498
514500257
264776487
5213705
666965173
437644188
286086147
936241840
303696473
917719778
68536510
130368635
205232006
169882850
831168449
934166969
409681605
747235060
955160467
962858473
664486530
559116185
953741789
729543329
893227619
378838921
198319416
763723692
426753475
242602689
956363108
742061758
811785106
228278183
490608967
341558041
505058581
724246146
123906063
372906456
511482604
549295355
998339901
532217124
922732176
747727838
439480729
931255729
917536073
706691035
18354777
769983933
881864911
921116525
786222871
420897486
865822374
77642454
580030370
794499092
702467891
229832977
705613344
219343917
666746479
291824224
603104643
787322244
336824244
185630411
811785106
42428704
89883449
43820999
37051332
420071414
904858696
94152580
949251978
201243502
541989247
575615876
53779156
504749103
575194038
247991220
221487539
427942980
745438903
483677495
816127179
891989769
845928413
529037849
176993785
402141629
164114776
444669024
152990205
777891107
125501315
475434304
401733564
865822374
589672269
745438903
690487818
740213280
57361838
501558204
797948902
653678084
883164219
506485259
945245484
71435819
635868872
551309338
943194422
348337507
264754564
428827825
494362770
381099083
770376993
132038040
31757095
895485662
732891441
471160323
254831250
716287720
571444676
147460667
190427781
812394904
211289237
987349975
249348551
278134554
489631570
581474200
660967161
98638580
880227900
191616302
800170357
496022411
998559027
57705637
892809796
700419224
941813494
440359811
382738237
371343694
504372195
866965659
161377513
816127179
366944769
15076365
550521747
936564768
97114550
554380159
547345740
636460657
88670278
47754023
992012809
910949169
245425177
477016810
720417795
880513419
816127179
550007972
530254402
176764906
16711860
102990945
369328462
749793380
483042850
613177427
532030154
896611764
747657895
358285991
404727069
586181383
605146969
361054497
389091410
113909507
688806611
739757389
583348312
871268922
492886677
113108452
942318222
390323844
403872144
987100304
366263270
695392396
680067110
644579965
57458251
260204321
881982530
382788921
792670982
463465925
692039054
172860255
434670964
497172869
464273234
722518289
754863889
403687774
295451258
630801461
888118552
68859875
64499134
107484462
962807327
813612210
633795930
477906260
883164219
387259199
925031259
920426673
393465218
865340822
993540711
35025960
506515649
634905077
670197092
320503359
791655345
634321749
522067738
864888528
302893413
911431539
866576430
946558265
858615998
567543200
197436345
800089371
606908575
151487547
303660073
770376993
465587470
153838836
651997290
497348213
439699980
919326729
147460667
784479687
786460130
479282982
149913510
336409842
231562985
850694891
119793533
408950583
768977930
136884559
305142864
200524484
83551851
107304488
906444694
279676159
336409842
833129039
922921285
189876349
676064801
637306806
334236368
956424304
257056790
923433942
260537796
647545786
66308413
336697473
784015541
402154912
66786769
130972419
149009619
854862368
805213015
957894340
746348761
797948902
29753887
233211594
867756516
458205899
37007427
794499092
125760497
329102098
809657152
284152087
744301238
883597413
291304195
593407648
182213589
385970289
125445259
197806806
520258147
82125894
470855481
335590625
79574572
545129557
593120577
207985004
517008466
797948902
502698511
981426062
147956732
886942664
488432938
976685681
877740106
644965503
508262845
528498045
190485626
493048660
313056928
217330509
98638580
934208982
11795907
190591235
297634957
625608948
775657172
222928713
265610898
431450824
409837682
516232271
52725035
933408978
183228736
973985799
530209670
521447816
579701439
569117730
955402370
580030370
207220541
236428363
83872057
517008466
466541751
716382600
799555360
198021116
169856604
828947445
720118723
74727472
798883632
916045459
186661956
784793539
133757133
566822825
394107970
862692060
472102281
624900264
549456183
923367080
690398940
727257647
68859875
603649831
607186775
140490391
750903916
739658708
666146162
332168372
343978232
166144936
212309311
365002080
697899833
427942980
283406091
564043690
686450452
694876967
2268771
16486398
541989247
119202718
806492209
155220074
835251164
62037000
329974144
717117252
643682129
321222641
222984022
262471810
90540589
506868236
940774954
481583896
909000051
2384340
945547452
615361320
682715505
247265127
838160042
403621246
988821398
261717200
896611764
548522458
28932134
968813402
745777957
677175467
835126098
495453776
897628269
634399106
437463582
344062830
560427605
170714746
390540325
706558135
163437370
151192763
297911762
943149042
923806905
351565453
348094892
172860255
280751003
581331846
24887157
962296933
725024101
892977284
284960849
716706161
160385570
458450865
457078269
716706161
866230124
523887314
989122055
861308479
270286154
690067785
638727205
831949320
90402653
113930810
773923513
406524814
52494895
615965445
333285206
681098212
198863187
920277924
463461321
378616015
710726486
754810226
892809796
305892065
516594280
216714270
268884083
650611865
183530967
161377513
377351326
621851651
507305931
892809796
364210870
447317928
471667341
689469417
364139037
595351999
444669024
377671299
124119122
26363273
184770460
512970079
538736183
357039880
771537800
983759144
113664145
457550394
827425557
895060235
467867348
661676142
386559373
517915463
839506770
962766714
477674380
955053571
683977840
165826181
882459854
640396176
11859735
270320748
488761593
565897524
471667341
705872656
340897383
655627701
299501065
694184924
246130001
862067341
86145055
284894222
365762632
621093045
280563115
784479687
700757685
357039880
791655345
846869625
299501065
57584730
606147999
635375988
290220066
771805858
225060404
742950245
837134157
744202151
382738237
713189031
362180100
519768918
269424190
390541408
200588692
751656813
11859735
918371067
159568890
881427098
312628118
435854742
274831335
57705637
964874189
731566302
901639211
391239172
282086629
472102281
318942084
97050984
595444751
79162832
929326132
945547452
410948467
837134157
279531295
233104390
182011773
714352723
986777772
651351084
291703974
83879664
415871098
542121053
686517776
547623315
767546554
20891347
15056284
251390666
110941013
516506385
322450622
96050310
638231051
619449588
683622406
326504131
313397866
457078269
197436345
530461930
775764015
728040999
580840904
15806106
552843776
185184271
996028142
149982317
956363108
606616385
885946716
591090397
102402366
858615998
286813258
248529623
956927093
369328462
389091410
246479219
706558135
669960318
632964770
657549791
40293370
527275712
990925063
875540363
775880818
36103218
158991111
302636298
484721948
55126572
353074824
700329487
655627701
157235907
358673334
495453776
505440721
745822450
764314767
362357499
544193593
469720409
298281942
38161303
956363108
558344033
651997290
70600389
983259180
403574323
762599676
899491674
885903123
62293729
450323755
237431778
130368635
135708002
576871909
1253304
157618133
607539905
11983974
398870832
351029119
425011841
644965503
177219422
220056291
364249223
756406580
518453028
420863457
197806806
1818742
192206477
64132502
197677224
998094308
720417795
497292460
986777772
620711250
318115181
670727807
909000051
874911723
250360935
785325286
940456068
232483250
527178335
8648170
593316762
669056316
8588107
953479722
203589544
536861678
572426854
419782569
669369004
52494895
576189581
87382879
889986276
103333664
443165136
214876948
242791866
945750772
279516612
380259038
971359908
739313322
795455988
859749505
112293779
72426849
219120859
26041975
486082929
228803930
389091410
661847941
471434757
21794471
242791866
344015918
632743998
292402133
180740490
175054050
324976377
387169413
504711264
122786299
601589387
729368147
210265694
887797166
439693125
769371394
762036348
239834375
795339147
100485736
158720146
998339901
915442420
302331073
997881848
976965596
229832977
499400446
364451247
635375988
652748461
763925952
156468076
125928
520934922
444075591
546533495
621503692
77479383
770710755
473786151
691840120
71435819
360128521
716939903
813612210
527275712
599553543
739881009
921101051
751449828
415459440
492886677
200527387
762312864
54055809
928989756
141880149
899899631
433309762
807081453
955053571
526517448
718752878
858552850
239993910
579184632
649374460
568812759
77823164
982709274
96600777
681020805
265492397
535540284
463983438
474604497
385712218
398705283
919386298
956436161
648784334
250360935
727182843
343929387
934615493
309169125
887129971
348688083
765188507
684459813
389961961
304248308
769371394
183048475
731381537
422991300
822763980
564896704
341833803
285859923
904858696
89727520
374347458
140577335
828443996
132594557
65196859
65229205
896795008
649833358
301415326
883595833
737354771
525824940
956363108
576510380
900355462
135042334
761525159
965605940
687909245
143390169
17545431
72621038
450004611
504130138
492076539
180740490
516271927
314947563
24168081
70337395
783794286
110845004
240736619
907528519
13418899
366016801
36050855
913662148
852784379
15421088
173577374
956567789
415663780
998273144
850290613
578843652
373384006
286813258
733026518
859348078
567439893
735387716
606700811
489631570
26474978
398972640
230997351
58086355
878131711
326430764
885763997
595692063
364451247
770376993
152419123
63355363
85855115
530209670
771424236
103132153
973301201
572089540
427352686
921101051
509256486
664352708
89084088
234499033
824328873
218914439
403574323
987100304
874911723
771424236
939668665
336697473
258503773
687232109
670727807
4233067
197180731
764889510
134583415
40173620
691107911
487755157
200524484
410779421
88844458
177752059
387169413
38840075
731074938
463355000
766349653
549474617
811785106
807081453
434416659
77987842
281393512
754863889
530330674
685203934
517305096
278134554
601347152
8054660
396129338
220585550
234499033
448949784
871296620
802346321
537281929
763723692
68461701
275556215
460588606
244131858
378249564
995585274
835251164
468435477
570883861
856852331
321642972
522067738
811230923
77076052
909372225
279676159
649174687
715175828
3255078
216812241
686676513
75868781
672856736
490608967
332450186
229397345
964148649
325953629
171771281
162904595
775370307
908476210
429790521
574534492
409416785
415459440
607983503
181473388
830911086
118996543
766556108
658325538
913318488
181629140
874911723
690195401
276957762
748381992
740867539
756554259
306682258
367604294
514500257
226728104
41815963
109820121
706042503
544738173
343421639
597931017
295378462
651772788
673374938
66974346
473644011
809557614
550551169
290442436
565958658
637225061
105809603
561064295
745777957
232483250
549486176
150561057
751712304
270440549
946688033
655510230
330451934
285314860
489420835
418142348
415871098
486538353
778263207
741331732
942855222
373239567
942256826
247989773
90372097
436243719
988821398
979119242
41815963
381755180
728002739
90372097
871296620
766178342
683660031
560226231
488432938
803429662
414182677
599133041
77076052
993452521
922732176
23989768
954990699
700736436
434416659
874321008
940132923
515165867
789238758
378616015
731302849
882985943
812718396
993986887
62278975
670297113
169963094
666810757
624072632
30460214
662326482
6947819
685204054
611804693
50753306
781324055
635337059
384043429
818748694
918371067
613325464
912253858
521994361
298933739
244558325
873708339
254831250
188880963
945342877
384553650
770376993
599489223
225894204
417173187
364139037
29447170
134704293
362045642
704456456
480810896
11983974
644951129
308839617
407288047
24285110
998890052
744086545
165562632
8498132
554040964
440609397
436883996
738769861
395777673
228278183
24769082
367276228
169589440
119517565
569117730
873439122
352837118
346677668
743896394
785805613
775005657
795423837
375111401
423490035
933604376
795556060
719772677
129173388
959466116
27399446
126412316
285621127
362692373
27178236
860049720
44521238
778134208
407163894
235980373
921098205
532888539
655905162
643759880
298281942
498445009
136199616
302636298
964638776
794548952
500663420
544193593
561960584
327062973
175650932
769983933
160025090
927938402
600026931
250996186
964874189
359789235
694184924
280751003
874581111
884712848
126393525
986642912
686875412
391815613
909245977
814471947
731026057
770376993
981812962
267640953
211303280
257492624
210122821
4520057
194997170
631825110
345965574
215972468
874517817
703369260
97114550
991533641
116971008
214875621
347368971
432298794
792896178
207854418
435378617
795200256
522392004
262471810
935547852
639432326
3255078
77479383
522644652
417440107
849911685
280348090
896047804
427942980
757502394
528043876
906274739
271970424
295365973
502698511
108550518
738551682
767865377
173541046
56436839
123906063
860487554
965701394
865340822
736410147
110852542
801616182
377803750
124751142
133297725
579184632
971924009
238188851
326709075
625608948
301724184
927980509
88133664
518613411
38161303
439699980
477888590
213523557
181122091
182735029
607846246
402737849
360276463
13117486
194731276
193503327
34758790
65360388
145056528
577500041
400163739
467118269
586260881
295376833
218743671
53739143
629708770
436493146
22531247
927702802
329408785
667441999
678942597
143255267
9000783
722636324
579184632
932492983
36882333
134599270
620669173
711000983
524803129
221450585
720306601
344853361
270320748
878197914
521447816
296774933
467260383
267922159
549295355
485046260
438166869
80943614
181907423
309031427
39371310
639799339
941574158
274887204
78219057
5978099
133297725
146750598
443065043
71472119
302751630
85188842
878856414
651997290
524062683
360128521
5810277
470051007
826466155
352300215
406378581
280083958
507572775
74727472
846208698
437955751
666810757
332315047
23989768
105092797
90279914
812777971
167864015
513012076
157618133
747068617
474870362
362898595
458727445
338879967
90507943
419028627
663093942
502715370
858983323
81090350
71269201
171704100
85919606
348094892
288613831
522799132
899669690
690487818
499692193
378905261
136884559
733443111
480202231
816127179
568485213
71435819
977546820
611501219
265304563
245147188
811785106
543689619
472366255
539778235
315471574
853014783
87468295
387259199
411439851
637339759
391869654
603104643
678942597
15015679
478091863
66641653
909245977
704585511
827739901
705613344
458205899
988545087
548651251
334058787
278194783
590286553
72501666
333468470
625608948
846656961
769584139
127020918
383905951
366506893
428025657
260582731
135143006
841319097
286813258
236337973
504372195
741987766
531144641
413629456
928053228
314226811
179591125
906274739
646105804
353101427
302301943
593388193
678942597
809076111
179094468
190485626
231122701
684358872
397552683
291703974
76067545
582692494
249486461
973683102
850694891
838247164
619449588
842287840
552527312
936564768
596173893
319118261
38161303
159250242
326216261
401137524
725730668
946102514
457666497
20265450
897718958
129036972
243169979
305564699
70490701
91297501
559053687
530672620
589254499
669960318
436682904
735134534
589039725
284960849
459336649
883854490
972055459
316441228
560228737
386021526
493155360
811785106
584665302
251728773
160356855
428133680
463461321
604073098
346677668
162378889
934829039
971400820
587945053
632815600
373901318
477240580
670297113
505278861
123494592
545292747
23413435
61827593
491380447
725730668
99653412
925031259
684230638
1467795
963308892
44093214
648875646
218914439
514829728
439458275
632194072
125445259
681147540
331294816
831949320
68859875
885626042
926410050
554395372
860487554
558517437
625707380
732891441
374238350
342271196
836355509
197806806
242335963
480759753
361898816
623258415
150246680
68859875
866829970
142216814
956363108
310371949
365492724
947047242
49896972
352515295
334236368
98741135
141906491
660211101
276980486
669108760
619392513
605184299
982198000
951235215
334185022
758510367
550521747
72426849
608183285
270286154
545811890
490712924
200524484
246958838
56404134
576189581
621834361
970325831
961919640
134704293
77724948
308934993
314241730
587097320
428409366
478091863
170453500
842287840
449663894
65184627
975910252
369340254
681098212
710552076
203561030
599255665
445418665
30340942
16596268
200527387
549474617
808658516
406378581
800875559
513012076
811785106
684792647
386559373
383905951
473096031
919692462
327133072
441184772
120110305
516232271
755160626
874911723
478658248
137174046
691840120
858089636
860559593
187379976
633924325
73279174
756831993
388860640
556649750
587815611
561650669
253595491
410672060
488432938
391905046
302229858
676064801
339046881
912621300
410997708
857084906
175544234
962229774
264846066
26994208
79987839
134599270
962314551
752741272
200985064
875582374
806338066
601347152
70337395
15684663
875513825
980203016
508767167
169882850
67995708
49344157
176052073
845616885
766401312
819109978
33868311
47585752
388994831
986904340
346449098
291529958
426279088
861899041
643057233
392926626
128973339
419662683
595444751
247989773
647783039
994891918
704585511
951349453
564114473
64806682
272130765
287036699
424863874
216814690
766349653
977357974
236840663
723057184
110188239
328019703
224884568
145879631
400700235
720417795
848415193
769584139
120249462
83959539
236442569
139519365
463355000
569857912
66641653
841373589
99753688
14617474
424063150
629995551
489970482
76008079
800935754
110845004
639432326
335789093
519022487
955718067
675781280
386669839
736297714
457402625
365473158
870409069
5213705
987375594
555070030
362138024
357692041
146317831
769736765
785432789
874909616
980266267
710863098
490840046
113278277
349944490
912541185
382102620
114713124
233256575
728040999
824627392
821412101
302893413
439699980
374289720
713600838
537977462
386021526
779976957
920126120
45203121
705613344
579801990
650070080
190734323
427193422
586181383
438937591
937924749
410672060
419256420
235053409
113909507
258466431
568485213
439710041
691107911
184417541
339002303
834159702
303339069
276828025
453500564
315276976
490608967
267639144
139870326
225050076
57039021
494697432
770854001
274792471
377351326
30879992
782067901
260691876
336110469
44710452
245147188
904858696
966979174
520453538
325130264
499715436
630550655
753429831
615410090
734101620
332562064
365762632
292402133
15811141
307406205
892809796
45203121
196064375
692738762
330817280
24466668
4233067
412599343
932492983
763810221
655510230
653678084
93748428
381417232
458485672
655627701
751924123
722636324
83027182
662145914
714787413
256871288
916099202
487670868
6947819
261097082
916099202
21794471
369340254
681197169
283482347
404084671
938024783
501383450
549295355
574402261
958040581
283053169
135042334
540174870
878387672
734864460
586183262
97640382
115721922
265610898
473786151
711853454
978738090
239756458
276757601
377238921
955718067
878900617
460223963
936206232
310152833
391815613
836561421
390565534
508262845
574402261
925622922
499156434
15039537
445405082
816203967
77987842
1818742
521878879
483055511
142037553
193819659
351490757
70426400
318263961
300002133
842421001
460588606
196064375
594694758
322731992
741236128
425875506
148664950
278589205
