696639961
857488315
184083696
289376552
764471568
179514061
875063683
859348078
957273262
170290198
496671998
564043690
750746014
739313322
607983503
58198319
169589440
999807749
727114726
52725035
491380447
69201211
934201997
333450813
841347588
453196717
546634987
660991922
893026756
176764906
171519720
98479603
970596869
234902725
66641653
429790521
371482574
315895050
994385854
376819753
164980179
253414049
380259038
590625838
511724807
387169413
596365156
180867801
362082604
550907015
859290788
283406091
562336946
282090156
202763538
879106736
519177847
607186775
670224103
895060235
942621338
534747052
838676534
389091410
7025229
54616746
809848616
43501170
903273058
949222246
258010298
570883861
184197010
677808970
302301943
326941280
523761865
105779553
661847941
343836531
299942502
186549993
898593987
513923309
287168713
313251667
384553650
537295748
810576028
43854334
736297714
118523233
784793539
680851993
318942084
254609123
271970424
420897486
946688033
205187484
366944769
670224103
783549393
524062683
477620781
444669024
214253954
49896972
905563073
59814054
593388193
635375988
572089540
246130001
281283725
340897383
463825123
634399106
691234434
352907442
622393154
254610019
842046161
735577427
595351999
292028629
876418586
417830842
738551682
575194038
340372923
946558265
92613376
598618592
826914733
808020105
204100536
866619223
314947563
416770318
502635108
381996729
551030246
592907268
250331710
834494088
511654142
857681230
210088359
240736619
353634018
248650835
769983933
670197092
76500836
708648416
981741436
96212415
704499338
752726194
714166752
558817355
53779156
337703358
922173907
323688018
365121521
550551169
177213342
840261332
164274225
105972240
335789093
630801461
886190594
472366255
207985004
345048737
492886677
262672522
495256522
953919771
44093214
381227457
94772002
355119311
62268176
123906063
93748428
74022590
506868236
314355843
364139037
91839682
465587470
100485736
39042597
967786601
848407760
997362391
519768918
341833803
163957989
772594235
697826647
699353459
112886465
981655905
931320437
357432215
755784659
137289270
216730372
529662378
354258948
255681460
866230124
43430801
892809796
718949535
706812568
842775489
124119122
249453076
459917588
896638221
783089777
319684987
24075178
485722542
214095966
697899833
902794171
369328462
137918766
953202101
960025233
115528380
626940430
300747395
71969471
347013213
159045950
566743636
896611764
207097220
322724629
772144799
747987936
442993861
432676281
505011568
430328282
863599926
571806374
402737849
543949412
805213015
380057525
844472244
337024651
365518704
87382879
152672015
858864137
579801990
184417541
653616666
373239567
631821488
878158907
77823164
22767107
269043845
285867328
907528519
899631676
203415074
27178236
403458776
56209822
95079355
68859875
339002303
787030378
641022216
216245200
908452884
145481838
656605682
867756516
89469795
603713942
735903497
829980338
395684981
958265498
993572383
998710505
72501666
235053409
858983323
704585511
995848435
331294816
713600838
990925063
577558397
640726917
523265486
343421639
347013213
996628996
929102462
722495823
707457012
952799561
327062973
955160467
989151371
280083958
117195694
174983856
556678391
345356293
68461701
527178335
882279573
269659412
457078269
681098212
886190594
919448292
302751630
357608835
337481685
507372030
561064295
201243502
517898916
90070480
336762088
577558397
705675831
510634936
845657619
606305017
15039537
468479149
516594280
39549321
291890857
532030154
314947563
487595663
791319224
797989244
747292132
797982721
875513825
100639978
438997712
254005716
46836795
101816607
495453776
952788626
591889489
65196859
728002739
536866500
685372953
880537704
332315047
770376993
538228486
415089764
153948174
548651251
232515315
937924749
578338951
681773894
782483652
466583904
720407823
708440083
732891441
30460214
410012593
142360356
322603098
578445932
761525159
875365940
962807327
83959539
861228542
553704569
452327396
296774933
976310855
681147540
158909070
351128556
46075177
190485626
360662221
746268034
848893267
332562064
254610019
402141629
573497824
363728028
138009589
666236727
562147823
892809796
201580599
828606594
128973339
224806513
985804928
243678342
899669690
430328282
483147450
731026057
145169198
508382259
668550997
207432865
57095374
436979093
206792
847136311
630550655
56614682
341558041
46130601
298526129
573020095
55709667
658908536
769966289
741236128
290442436
292263718
700419224
26474978
335605909
816127179
716788345
627211327
122637109
295230283
530209670
851620953
917897770
627211327
619468221
234642106
784793539
738551682
857878235
70337395
392926626
656439860
83872057
71033070
655268508
822674418
998094308
479015156
860957868
131764369
355353113
820408301
606533033
870678313
821278933
279191071
344853361
56404134
98741135
658078502
992908773
420897486
184251912
625608948
169105295
909245977
575391677
690810010
283406091
655347736
887599152
989151371
631137965
941348130
543949412
390726302
335209083
771139830
332168372
143002617
290774194
882279573
243362108
933329757
534311636
769966289
520236676
91381269
751656813
492843004
37327432
908452884
145056528
202713340
562336946
777099572
979086392
875267267
39042597
880262990
884336684
334988404
146317831
424281822
501204356
634424334
353785023
314226811
879220233
216485600
250770526
154498774
31757095
705675831
274831335
295451258
243950061
348660146
275775836
597943425
591090397
681209307
915606489
86691567
695763095
697153295
461530025
656911905
817128143
464429726
149238430
554395372
98666823
397586720
357660098
44052816
664435284
374303226
550481708
76680217
143701692
898166965
235015947
324288671
375111401
439693125
449663894
621460504
562076326
558738068
219120859
11859735
359789235
479926495
973358514
589144625
644870229
443165136
20762516
606147999
239727896
520236676
176350741
238632946
716788345
767403349
395684981
296792838
771912445
672845194
214856547
26259510
736297714
891554440
647117243
215176393
439693125
177219422
301724184
246479219
484721948
964148649
320503359
551192917
281065490
216485600
803348859
820408301
562705467
807087382
244025764
164364378
587945053
409416785
530447093
13299278
924180438
269136593
49207688
543519592
655510230
351688148
51294227
907887148
645812885
119351720
444669024
784311267
720162115
788007148
608542238
557631854
606305017
753603372
77037323
290632417
814471947
211891187
814187523
879220233
892432492
879666938
260601495
224380568
175350142
903864360
449626087
331564019
356528870
105551897
306941067
699623546
875210899
13117486
882279573
673066311
275823362
374274953
544730167
256871288
71472119
54055809
53551937
304517263
418976212
447474465
552734143
718752878
151192763
935721287
454644231
60673420
639432326
183228736
475434304
990552240
420504682
909000051
764895461
924212835
892809796
344206011
963459009
345960432
647783039
968024554
938024783
927886037
644870229
935707989
919448292
988545087
248650835
651997290
527125537
292324868
706784967
454644231
593120577
137196244
304248308
428133680
452327396
648010563
290571392
252518544
177368732
457680472
953183853
877740106
842638862
729929985
967604773
434416659
95613363
695605089
403932706
526964438
219343917
600026931
72501666
231573073
809398488
909245977
455333341
474604497
93748428
525574908
22576800
601467315
362138024
877591864
219120859
318703506
959466116
287880462
308934993
234902725
784201012
60009287
324315861
364139037
896795008
684483792
192948180
779376310
418976212
920277924
55709667
190122847
758672060
249612324
555685950
299360490
145597256
826709202
313501069
414135213
767198560
667585617
768766400
319693210
936241840
761858916
559328707
19219318
720964925
886190594
419838915
628420022
720417795
654639234
945242755
366991695
502715370
134618008
976222171
49344570
886190594
726160188
359944528
922173907
251390666
855221759
989122055
705806153
691141367
73247645
20039351
279191071
927886037
46422171
791670872
225645275
414130225
482926364
773362750
584500239
38161303
388990176
242791866
582472967
874581111
632936726
943194422
554262260
798322610
287867258
146786168
783089777
214253954
331294816
432033223
739519893
561738897
102297181
598989395
354902440
689808611
819167295
324838306
453500564
234113305
374626129
179514061
769983933
189065611
714597751
323688018
793715933
895050190
611578995
229113415
8054660
25858695
66641653
276828025
352837118
210782759
203415074
65593665
702589140
971359908
653698092
50140325
576831545
590958914
120837685
212309311
741987766
744707662
868640977
850091541
389091410
830866741
489935420
179707238
963485382
100313784
658009114
207220541
296949413
739881009
272981385
452854092
15425809
819109978
648010563
146317831
979135181
909000051
30104877
226728104
374673363
797269650
315276976
910332057
333793439
840238736
370158900
254610019
70337395
166144936
330451934
816238072
351688148
740187725
28561220
807087382
733224103
345620883
694561777
986777772
963411930
242791866
326216261
550481708
386295968
206860813
627813913
615931719
287239708
304890166
438004748
304517263
964148649
752267107
15015679
221476767
258320345
941427223
485807823
391704282
770207118
59814054
789707240
934332415
799867044
386082955
269043845
708648416
221559779
757502394
290442436
51594995
325652269
704599896
178061338
827947872
704599896
259601516
945784482
658908536
857748966
436682904
650465969
70337395
284152087
768977930
36103218
390456801
442026604
629925385
629695651
79561271
896837570
300484651
285701963
137587355
585680003
487595663
291824224
201580599
364139037
577558397
86338417
160025090
261097082
549778550
865686163
810320745
276757601
924212835
327133072
806264998
416475127
154036209
189022823
201499617
724884130
277087679
939378739
853899061
320027683
668604121
733224103
401055551
243950061
637306806
670224103
486949110
800432383
232365869
559457514
163896852
903844963
778263207
899491674
648612660
200519314
790440079
847755156
632936726
770501453
780435064
418010824
96050310
888056048
571510333
252518544
366075081
697899833
216714270
952176794
867756516
8588107
391969710
764895461
865255024
898519379
706162428
454309725
397277902
642002646
937824495
464318634
769941417
655510230
299785721
436367177
229832977
285621127
505041730
744400308
949701411
658902758
221200478
614741072
233032261
194729384
364139037
549138299
824164603
705613344
344073579
745885264
853318843
784201012
102179764
588293570
3046030
8576661
79176146
725835404
94152580
967071928
785432789
447474465
601467315
229832977
799651315
316441228
916368366
599588252
680146794
449663894
122265192
446702913
854088371
209155513
434304466
885760432
582472967
921904755
751533076
240710407
249486461
138626505
745885264
886297826
94136798
639432326
811230923
63815543
608325544
434123847
673745685
916281722
549046568
638143547
508081034
944350211
314241730
458784624
855221759
66455027
912621300
361054497
190591235
375303025
308934993
744640777
229962939
169394443
511724807
485516324
718752878
860256882
761134959
643477383
467118269
667201503
120837685
245837036
329218541
934166969
32933460
106609250
565673119
862067341
609135129
405433550
378905261
988959073
459278786
424863874
143413060
537295748
689321560
974651698
970325831
642008218
421679565
454948676
153948174
507483747
757007301
763542833
152672015
341558041
94220011
320293178
218596835
306022453
145915444
504022811
159568890
509246504
644965503
179591125
908476210
760574156
359944528
987100304
871859881
297911762
792553078
150115228
775663689
746262637
549778550
688806611
931320437
141906491
250592483
505440721
923353232
418142348
675966917
285873923
451728122
78845301
513385433
744086545
553988634
562147823
206251682
509253570
742737647
793614308
363171858
343037874
231690864
51594995
197603705
865951590
495256522
584826403
30460214
290019691
892432492
308470037
261378734
353977924
221569287
87566454
490926131
442770324
251728773
540974620
130573309
489573661
138076463
960231324
875459374
208178763
611184474
137171566
49544085
554870173
854411464
586181383
397084395
383905951
344206011
635868872
366263270
25080799
158133783
822618730
935547852
15106471
246130001
818812933
216546256
365492724
948190783
791655345
414784338
157483798
695605089
715607659
309831061
349816138
209728083
533978017
651653062
381755180
750767850
475899735
133346411
900355462
466709804
602019714
931183119
596365156
997603707
920277924
388860640
870409069
940774954
265149155
943664133
33868311
745822450
355845755
256374784
591476050
885991127
287239238
259080477
908853443
115445006
682332238
273667386
722122666
317105426
285621127
45203121
834494088
86569173
45224215
482926364
290220066
398297516
861763347
180789791
499400446
733224103
460223963
847755156
400348272
699947935
575802632
250310431
290774194
13365933
673745685
407725081
251390666
436239083
871400731
254449124
198684857
935213187
846802766
305564699
294786451
700757685
586181383
653343912
283406091
708243434
645323141
915606489
88519618
428940661
425923083
894803259
865159874
870844245
345917911
459060467
427594584
502635108
312964811
358602702
601467315
50753306
683817586
656605682
750185585
61465412
122138555
22278989
300559867
863984011
780963581
777065353
179514061
50753306
571065410
746268034
589471434
492886677
54055809
669487713
800935754
668440576
137289270
868146443
340946051
125522820
689783905
789005381
680068550
955718067
990024296
377803750
331928334
430678030
790291637
554308569
387422162
945161790
284362512
242791866
842287840
646102232
728950773
731381537
949509923
192349193
100339701
529573406
425569409
274792471
889675694
863112812
151149875
226555893
273744891
98638580
936564768
206464208
917536073
689473818
785432789
530330674
231659344
886918688
113638008
131226189
161956159
415221686
549295355
765812128
417290635
470456495
842046161
947257550
207083148
936664724
260204321
689756318
655627701
705613344
609824275
793447322
429790521
987375594
860559593
798149160
126412316
417440107
15039537
689543058
909372225
837706005
910332057
285621127
935512313
556649750
49440753
52618443
339346931
517898916
280563115
204266874
173867073
831168449
279191071
681804818
557218758
77997992
275148426
304517263
130358790
601347152
84544224
713600838
231690864
334997435
398705283
898717495
977030692
136884559
753008579
549778550
432136661
31757095
931464034
918732716
954990699
885626042
977772456
216714270
399785641
945342877
324389569
506515649
629995551
751656813
998094308
952706520
910786812
517305096
742950245
40585118
59814054
434670964
862067341
312964811
146979595
534747052
247067771
892809796
124130257
478217717
543689619
880513419
566067764
334617515
885760432
435661099
570883861
583804857
860957868
436367177
974427401
525698965
237431778
38284253
190591235
184083696
357039880
682715505
949289975
530182631
800935754
454165160
851198691
358673334
490712924
405154895
659507650
940774954
126601087
264786203
747987936
481748395
550551169
823067208
692738762
609135129
92270762
676370399
785432789
578843652
888979136
434416659
676064801
625707380
554262260
133840056
966979174
549486176
945547452
632033872
602259088
76008079
886918688
907930641
276757601
267922159
454366768
279607688
295378462
775657172
440873196
149874155
44521238
683477026
783089777
655512862
295884895
567439893
327133072
596168011
669056316
236671353
552734143
203561030
279890360
681147540
226728104
161377513
597870093
103132153
340372923
644713981
846605802
660991922
16250311
281369705
274831335
170453500
649328347
54674614
368161414
516536735
378905261
822618730
425719752
287036699
716706161
802738000
107299403
281369705
538228486
794065516
344944507
357660098
651180948
969168610
94136798
763925952
807460164
415571890
248650835
63854004
594731161
983034737
878387672
509862102
298075007
486454952
998094308
666236727
47523195
133230385
335944894
674079998
685831795
705331267
611578995
467260383
73247645
466555080
302331073
690737745
887797166
40500065
715057315
17625749
568485213
958265498
209237236
807998251
439699980
687850850
160058788
962766714
21794471
439877249
364925361
332599595
478658248
339880362
123906063
794212447
207008561
931320437
243961347
284152087
110351547
438937591
473548340
219343917
777302262
330293791
290571392
523539839
383924113
769434185
644509246
480271897
378905261
445796366
691107911
660633242
326085383
290774194
723057184
71472119
438759728
167864015
320293178
596291638
514874788
907410780
881427098
476300305
420863457
562336946
143226910
488798249
335944894
875262995
615948728
120249462
955718067
277362510
851940454
624900264
32795022
509892212
25356686
420504682
518666575
530209670
231573073
604232450
250323372
32496664
516839030
54674614
45562375
58086355
987102355
550551169
755441589
943745273
565256349
784969695
962229774
880537704
500913377
839651716
673640257
992908773
764889510
810689749
711000983
959977838
147956732
542296825
542865411
5367400
3255078
946261121
691141367
11955925
331827195
369328462
143226910
209903741
978202502
579184632
889269370
309892701
279623971
542819516
631513654
337067499
705613344
896837570
372906456
95613363
964083182
102297181
929038210
306596048
739524681
779079896
258752494
229397345
309480836
980568674
635129242
441793
162127519
893833593
329408785
83352113
262471810
783549393
69738719
718268249
222678705
983259180
489935420
934201997
981958522
784969695
690931026
166144936
660211101
128944627
374303226
695732457
549138299
114917380
437485383
806584873
792924286
680067110
401137524
363728028
758145277
153036211
287036699
632815600
56614682
47975702
939581799
416800084
818222241
649882910
706784967
214095966
964638776
429032556
998913986
314355843
883461195
216714270
609162290
760391543
690827824
147028465
925806348
13365933
846955244
115528380
800089371
892809796
774642799
459997417
579491875
902562470
712286520
267922159
408833907
685949267
986777772
542292789
269136593
728194530
278172521
381099083
929038210
84544224
773362750
660487444
841545186
124130257
192987917
763864269
692738762
192349193
4233067
381417232
548337783
124130257
521556704
617402968
222984022
925364035
329482050
534662469
656439860
408367486
597145960
77987842
213709711
686073636
437458940
998890052
705806153
85919606
490712924
716607649
666236727
479273375
12320173
753902836
332562064
386021526
842850369
378905261
54669762
800875559
131882036
505440721
197814512
238632946
675892155
756007642
305643667
644713981
291574820
955160467
856660208
604873051
783089777
233256575
959466116
518666575
479630181
811728012
695605089
721961849
980974297
906274739
666965173
582415582
298526129
571065410
660991922
917659776
925046620
920426673
983982267
792670982
675442190
351029119
800875559
262729188
721494222
122786299
390323844
9077505
689321560
45562375
534180331
70337395
319847105
58086355
362082604
738042176
740033649
171771281
113651701
568485213
953999896
232813818
775764015
756831993
928627931
345861884
308839617
912605198
434670964
594787744
313674752
696144959
921445764
722069746
690487818
844163295
288613831
780678582
675781280
333793439
747292132
428970240
738769861
316997677
56738070
37976523
142556183
859290788
192987917
514690355
39371310
635129242
731026057
213178822
184591553
418487094
565958658
240603073
643788112
374158989
965218322
206464208
317251978
811728012
866242419
633924325
727182843
133969249
151641653
299233402
931464034
585002836
542265752
851739310
248735784
136199616
239654173
664359393
338901668
614987167
746925337
22278989
912253858
552843776
276948008
127918242
986649990
460959672
720964925
606908575
410672060
329610022
606700811
428133680
705985394
452327396
233587289
84312947
336762088
49344570
98666823
941858772
538742450
780598937
742737647
882274344
478779172
781103672
120837685
576510380
312570439
439094878
520453538
121888334
677808970
331294816
821412101
869671621
24096974
669960318
750767850
637339014
105463709
441527808
128975031
605535005
848415193
985256752
276349819
252062272
264404783
209237236
635868872
523800016
430864967
193192864
99653412
509110891
295114106
283482347
56738070
331913928
295719999
79312582
644817836
193503327
67640556
545187375
107022763
486454952
811785106
548944911
425923083
308622289
171700874
445065528
188625661
661482778
837134157
681098212
213144807
535875688
678418025
596481200
124363148
780187364
655309272
364210870
123906063
256103494
71306314
576519838
135042334
835392110
405777433
878131711
211680018
580736632
387846915
678843997
750818840
505772390
644393439
903844963
302140658
898498878
362692373
521878879
408950583
236442569
3660796
120837685
912541185
182735029
378616015
862616689
260190005
383534240
974070907
829662462
453559193
515622658
72217707
354258948
875582374
110349081
99294968
636460657
704585511
75868781
678942597
990024296
761134959
495540835
916099202
544193593
353785023
713053020
81090350
414182677
288971962
307406205
295719999
703164983
377364351
371554167
505772390
146786168
549295355
216568956
768335112
819081669
73201784
437673857
644393439
309398193
483094455
593985813
763637488
481583896
376819753
532030154
71306314
689121801
979028210
668550997
5723654
485652069
420504682
216546256
588293570
482926364
431084484
522392004
83551851
446702913
623294605
167112897
95780236
360030103
285867328
58086355
434533775
370410812
236089264
654146784
481583896
601347152
327062973
121888334
145915444
818748694
908774777
642067326
224380568
402353666
248478546
357660098
799555360
145169198
864949989
896658083
95687864
116971008
770624708
13365933
102250267
163384751
450709277
5723654
429669373
152672015
15806106
118135587
599459807
581168028
146979595
578855308
911531881
268884083
627211327
74909855
353003177
68006694
831622783
377351326
967451424
944990341
185878323
731979344
784793539
201777377
780392260
273156342
638231051
1174185
71837707
530461930
8493035
264786203
149072977
583780498
314278549
991477582
800339314
436305342
794186310
893227619
95613363
967451424
162099325
225894204
595200993
864292963
987723930
867756516
581474200
721500171
152228729
571024790
242920703
973251421
71837707
274126864
33503155
387169413
800339314
905123933
184251912
993451481
476300305
671033000
505440721
276329538
274654908
630368234
550551169
324838306
378249564
981058210
119202718
691141367
633314965
562336946
104266850
138786177
678942597
485652069
508262845
199722812
221989523
878856414
62832967
280083958
525698965
126612019
165562632
8498132
438557992
280656111
802738000
369328462
619449588
961097067
739881009
998710505
29753887
416103440
270440549
469192528
874911723
637339759
768977930
136199616
795762442
325792058
150167712
725641244
927886037
276828025
937824495
561960584
110351547
843267370
526888723
481583896
383241333
982709274
907410780
412233211
44896064
632936726
777099572
395535387
5367400
349923942
599608756
437370333
135989877
437363164
760435910
232134838
583081545
553039111
827750535
835140882
576370394
918780370
626940430
769966289
653678084
308839617
187745052
580632295
758111256
526888723
877121343
446487051
15806106
927886037
920277924
963243418
609887093
507483747
799867044
110303951
146786168
524897878
419256420
417440107
742402461
485242375
739026880
676370399
860256882
242739340
21794471
426862970
849686073
249612324
923353232
712286520
302599373
619449588
764895461
81090350
44093214
826415707
275274950
732425802
747292132
167127130
24075178
863448845
380594555
617402968
796862271
342067225
204651716
945547452
470585065
23022516
284326275
689947897
578935120
481261666
542292789
291890857
118933014
407024082
500836384
187379976
972446098
88742706
934832855
103252703
426892
649882910
626430793
884219840
104108403
627717405
17265481
870887214
31757095
347013213
118135587
768766400
130358790
963952975
1174185
902114339
971359908
548337783
83872057
800935754
420863457
414614345
662030296
308839617
888118552
553065683
113651701
947513092
883067706
809778338
329482050
487267246
334262723
529662378
963308892
972446098
326113117
64806682
139870326
782067901
520258147
177022130
560226231
911042403
165257028
869232686
861142218
16711860
523949746
862616689
489935420
828770842
218043002
917564627
612472610
590231602
665579263
486454952
935512313
911024042
876854161
437432653
197819114
197819114
198682159
738998475
306360331
706812568
763042827
698927578
491380447
483677495
424863874
689756318
197806806
917719778
262606712
507372030
806388205
98638580
633795930
594900816
779376310
927361159
535695959
927702802
197806806
321691918
973863191
952169661
953351794
934201997
530089668
738998475
684792647
323831682
362357499
456779707
120110305
739313322
284362512
750746014
100485736
264404783
253729894
325792058
857681230
13622807
759574763
113278277
510040814
683977840
655627701
407735429
420637996
218528461
120837685
429032556
249612324
479475871
26259510
353003177
50140325
782067901
479015156
887797166
171469133
995582295
681188303
707982931
94249974
215386817
440115060
292234136
638638531
851313728
380486926
111875016
357608835
512970079
29302564
422891295
145645456
615578833
500250921
804320010
161355054
392926626
87468295
863428174
635868872
622393154
148664950
940132923
866204209
424281822
866242419
467260383
425171868
262729188
201285762
286813258
733227110
188880963
83872057
689658990
507372030
543870511
683477026
911401872
215386817
133678897
33503155
176052073
512968314
566769439
119571734
589039725
946688033
554126869
323831682
728950773
968295818
721961849
150535289
898166965
655309272
695973422
271777705
993103849
860470604
152228729
512968314
190668430
228604261
795072435
475036949
93748428
704599896
517008466
913318488
490057238
660688856
791829373
981741436
521288930
286886711
403458776
677325861
265149155
105092797
138786177
967105417
199489329
504067852
115721922
198863187
844919271
690195401
859922764
407725081
940132923
898096066
554870173
359944528
713053020
635337059
749226371
207952787
866204209
321676980
372906456
770854001
856341706
112886465
254609123
275556215
921536719
940702335
596729571
264754564
532217124
967604773
545187375
478666554
621458069
614709355
856341706
271293688
239756458
771221997
143413060
163957989
882459854
979028210
814061347
365963243
439180739
172634685
90540589
169882850
460651646
67995708
250592483
241545957
8498132
336697473
502635108
151896852
78658678
153948174
227186842
37327432
314947563
928237777
167021268
446812626
120837685
769434185
201499617
9840153
206464208
348872322
656326413
356559090
660487444
460342369
644509246
848951405
752435545
203698261
304316804
662295238
992012809
898519379
445405082
656605682
339081775
488825359
247065774
426033596
759159400
47403918
389071360
183876027
165826181
54513357
477888590
546634987
90608213
850091541
816203967
921904755
578935120
247989773
313447024
260763027
928034519
24961018
660633242
990552240
882985943
625345143
905062233
931320437
104266850
520236676
273744891
117195694
466999377
502215917
236547597
85032611
721961849
521556704
786780709
986695501
763042827
654834209
785218999
264786203
390323844
93743307
150487792
808442915
717520335
527957187
933216883
211891187
807734609
872060761
775880818
600561167
438557992
415571890
806208764
794186310
543040267
870409069
102570024
77642454
150114909
70797172
361781475
695605089
763042827
642444553
203698261
171519720
784793539
228367045
713053020
426248649
485652069
397586720
833877412
257056790
185184271
466555080
152228729
846208698
187253159
557156977
40500065
364139037
687353430
802382669
940774954
596729571
786460130
258752494
641593781
542819516
26041975
472366255
119517565
882868059
421213371
139519365
177715384
248650835
722518289
420071414
561927263
999776596
949222246
203561030
776176626
150421428
487098557
535764406
799632703
930360620
52487936
918371067
85481278
998204151
709787434
644579965
864888528
184350727
335549258
329036469
16486398
439699980
395684981
488825359
374274953
776833794
419638533
510189985
735530511
639212014
719772677
159568890
406670430
214911073
860559593
130368635
990552240
165779551
705910877
839046263
429397481
351318026
534747052
817128143
414614345
909000051
242730708
982709274
831168449
25035855
521090581
826864381
434670964
359944528
202583777
662004344
461530025
669421111
590454550
808020105
908476210
544072277
464038316
994891918
262679419
505202248
197298034
588601036
573067430
567778066
5367400
656869883
905716622
344437838
713521058
408996645
364139037
781888786
77997992
840261332
689473818
361054497
787362608
680048346
634099962
300559867
208178763
801393162
507572775
522067738
606211401
171519720
641212049
518070524
150246680
145868834
298281942
831307042
600561167
871296620
237923045
599553543
641593781
858592562
139519365
866230124
915442420
81008506
838811546
750903916
870887214
563793168
946558265
499582526
651653062
765385635
873528982
499812215
684650724
150561057
306596048
934615493
329974144
716788345
489330151
291824224
557273005
751656813
100783111
298851189
71642825
57361838
135662455
344015918
806595889
400835514
509892212
793488015
981958522
942444918
931320437
236089264
66641653
380767301
204651716
472366255
514957644
810970940
119329620
981498273
335746348
905062233
88742706
24217701
846556343
204539360
432629638
416535657
671804521
465587470
688361030
518558863
361195985
595351999
828730362
929276870
604605563
955645502
302751630
136199616
576831545
398870832
886942664
623294605
453196717
741236128
655627701
464318634
207854418
272688045
56738070
81806695
295808614
622393154
931927116
290442436
891554440
132038040
746721114
179514061
648182276
911431539
880012975
54669762
113108452
139519365
396049871
762312864
203698261
464672102
493155360
708440083
175568778
722495823
782483652
780392260
220883579
970226898
764788066
624072632
471527518
716653555
192487324
931927116
643759880
721494222
371343694
957273262
530094740
542032176
477858168
360128521
548337783
77823164
140153737
622704206
626965668
745121738
666056744
756406580
318115181
855221759
204340529
173867073
848630772
400163739
806338066
650465969
301336434
147956732
272130765
583142376
988545087
150995857
401131637
414130225
219391262
755654419
345048737
7037684
733224103
202763538
786460130
383478484
420863457
506515649
198682159
173490858
998273144
884219840
185630411
868861105
988545087
494357100
667220579
946558265
57454438
522799132
378616015
821044557
167812604
614907922
972168487
203589544
427352686
675476065
265073850
15806106
181907423
398731101
615670299
698176447
585518458
358946678
123906063
977454529
147537094
688036456
469590510
149655235
605146969
207083148
128944627
95780236
846386860
234499033
313397866
96050310
353785023
177715384
203589544
377625764
164486990
246958838
299360490
690195401
645284610
694184924
53551937
198617661
284326275
990024296
502635108
107484462
799651315
950509003
436483539
634399106
17545431
382049965
216714270
366506893
94220011
386589427
68006694
58086355
637306806
199722812
939504509
33554440
905850888
8588107
593388193
15297986
676370399
160195296
90608213
764758469
499582526
988959073
54513357
854226690
809971768
374627928
334622393
163437370
607539905
842046161
573497824
791670872
842036484
181629140
757584325
967655311
509246504
757337369
822618730
325130264
204483824
241498136
911531881
542292789
520236676
372906456
709787434
530848961
648010563
398705283
568483975
161377513
638192144
186007956
906274739
767992304
96763513
920138872
249222498
808394658
643682129
282591965
114707038
203415074
423482488
93944784
269244465
957894340
313397866
26041975
134618008
947047242
574534492
275508048
511724807
756064192
683622406
770624708
525613259
481748395
758111256
848893267
619449588
567543200
745868910
204340529
769966289
124119122
884336684
633955812
113638008
77987842
133969249
395520796
845657619
682081390
763864269
976685681
307063605
193503327
658902758
604326368
141906491
784969695
706158367
775261579
892809796
844290518
320143785
640993853
704499338
949509923
959977838
356149181
9561792
294846859
157449467
292962582
1788755
922732176
254609123
762312864
47340891
236547597
697519353
291703974
290332143
700757685
735577427
815148432
60793130
110941013
616204194
81125813
84869861
389961961
324288671
74274797
379158553
755586646
591598615
819167295
390726302
40454468
635937335
979677995
708391753
160600827
12320173
949222246
573132987
362082604
593388193
464735206
711017225
919692462
113278277
794065516
539928037
364451247
928034519
420340981
250323372
777590440
931255729
568954206
418467620
375746681
478852791
414135213
361461977
261717200
328102906
286976524
422098276
62971995
151027413
100339701
135021494
242920703
830866741
19759641
406858112
5482114
784479687
884712848
145647557
831028172
71642825
4420781
606616385
270739504
984638261
265508162
20891347
224380568
166120189
835192146
549658399
913082462
324976377
624072632
723274557
783794286
67777816
814471947
879106736
435095390
820408301
635868872
428025657
865340822
657549791
677325861
227294508
9041318
214911073
133678897
3227591
759260946
678256121
826864381
875063683
22115776
464113060
792896178
615670299
809804456
694523524
808658516
143413060
345965574
63013446
568312199
693107222
153948174
619515968
602523290
1788755
405154895
383911206
69635986
718419158
867015130
264786203
396375854
665867451
39549321
789238758
564973561
164980179
839520998
627506813
91381269
199734305
959317929
517753154
938095652
836448991
40293370
114191416
439156474
333793439
942444918
686976608
34359874
408318260
295376833
692787266
140577335
965245364
71033070
770133111
606305017
753526356
794212447
390865
266583855
721130755
800339314
987100304
658078502
883597413
776565642
222984022
990110870
25080275
745908273
573020095
299942502
968024554
570883861
640993853
419421929
806492209
82765802
97927309
803855261
406378581
561541767
906014855
329102098
381290105
214095966
635868872
369340254
268592716
316500163
160683377
847071390
679978924
964083182
1501065
788793568
752664492
961097067
348686829
738042176
963243418
414182677
384993393
373352391
524245280
556596764
629708770
89128947
479282982
925056314
228367045
400348272
810576028
438453588
549658399
117858998
386337294
997904947
83551851
934615493
286086147
474870362
744794664
843512153
672845194
358946678
167069063
770489133
192206477
590286553
74727472
2712628
16148686
348872322
161956159
301173592
667585662
73279174
102250267
904132591
625608948
316997677
897569787
777099572
985010043
222928713
606477831
483094455
427942980
250310431
115152927
550481708
571933604
138842190
222678705
992638629
278134554
296382470
544730167
390456801
53591496
576149708
464213091
575194038
811230923
739565421
699353459
172688680
362692373
441297770
39454611
15425809
674429926
814343121
705927971
542296825
340662227
982058946
544730167
246245204
54513357
459006545
809804456
257207650
504749103
432180373
604326368
990320809
857487920
656911905
194626206
681648382
171469133
603649831
203589544
272688045
209275224
97114550
518666575
988545087
16148686
934478571
513386070
779376310
819109978
611024068
345861884
489935420
360128521
407368217
590231602
201580599
801551987
294930453
833706192
536283941
201580599
849974663
100485736
224571756
64806682
104266850
640396176
164001329
281687735
921904755
639799339
606305017
747749778
226655332
706812568
662030296
606477831
994891918
427942980
630036959
657326107
54055809
827419924
981426062
351128556
866230124
118790345
500913377
282090156
594109877
632964770
986202696
325486194
872890896
378905261
611804693
649174687
724489036
247989773
584034831
107177037
269290888
481303296
177219422
298526129
861142218
197436345
126412316
545187375
242739340
745822450
635937335
268884083
356149181
15421088
480979416
278589205
119517565
64806682
971359908
883164219
812266337
188880963
224751341
273385028
22278989
941574158
122920945
609824275
516839030
666965173
210782759
433135168
280751003
38614350
769983933
117309837
751656813
699623546
857084906
286886711
908127222
105809603
224380568
320293178
51594995
250592483
246245204
35842209
517753154
255354901
926268811
721961849
611184474
170714746
955402370
415459440
876418586
811680835
669487713
949289975
427942980
919448292
916837933
733227110
611024068
450445152
215386817
131864937
4059299
215972468
520258147
15806106
122986943
417033024
863148561
961364338
917953360
934348946
795455988
651180948
843707691
233032261
702047725
691480177
839506770
164486990
850290613
427302456
681804818
294930453
77479383
482294619
163957989
998710505
122986943
458727445
105575701
929038210
793367918
955718067
193020042
767198560
439699980
201278334
893227619
291890857
494362770
644509246
596481200
931927116
291304195
707688301
933788414
207985004
905351096
415350821
241488121
45371218
181629140
184388625
548842535
870887214
252844762
699786927
185184271
542032176
602477865
87382879
786864642
435424397
67501396
933604376
83297965
670297113
216801835
698590841
721494222
845602358
726794563
189584689
381417232
192206477
857488315
118996543
143927127
328652851
793090452
261102281
590869214
35374647
479015156
88670278
750185585
794548952
417972216
149982317
127020918
341692289
842638862
10579873
768743803
266319182
999268607
326216261
787322244
467403213
540174870
819816377
151299217
184197010
726160188
71472119
355240482
426033596
790291637
278306215
616238961
639799339
751533076
97640382
299785721
25379619
502386919
143390169
741331732
359717629
318207024
167021268
366263270
968786398
362357499
440936380
967655311
906014855
653358413
780662194
670224103
632936726
954869647
180740490
632936726
666965173
898498878
26041975
430778628
524803129
78845301
198184451
593538443
658513610
366263270
291890857
145915444
48866837
82930441
557641775
408833907
260526894
931255729
806388205
756546302
150114909
515622658
827419924
170453500
91381269
606147999
984638261
510189985
868358896
514037014
354614197
528245284
442791907
800935754
344241363
733392732
336697473
386669839
197436345
90279914
360276463
336697473
504372195
540174870
192644516
197806806
72129864
795423837
722518289
468422398
983034737
855915840
779022988
983259180
204310325
74727472
315066796
573497824
569964076
146576630
897092078
194004257
52220150
337024651
22576800
199119438
556678391
499601177
77907784
127640454
755654419
823067208
165562632
600561167
518558863
739472751
102589214
930766951
255206617
651626463
800170357
43100196
716382600
872098868
122519851
293039520
422891295
281393512
963243418
305643667
56738070
96452314
504372195
274978340
78367105
273247116
568485213
463355000
763637488
142360356
258466431
186833798
450232238
828947445
398705283
336509443
118996543
106389292
308839617
52956912
732891441
409416785
910789902
307155844
925056314
520459898
85140529
199873471
221989523
112293779
799805076
753032188
408367486
922921285
139519365
978378536
986179088
981426062
443013899
580840904
479459099
211680018
632964770
89520791
184510116
485046260
463158155
494362770
629117071
916366894
285621127
170453500
524892482
278306215
33057252
954325753
507810618
761525159
151023350
96892761
491646249
206464208
434416659
5405397
432676718
619392513
570883861
542672648
609287936
666146162
362692373
49207688
669421111
871268922
790295029
707345278
352837118
102179764
184197010
931464034
348153896
7788085
468435477
48033766
831908207
422991300
775804602
144911198
881967914
83297965
828116782
317353858
684120844
883164219
894504852
546886682
918732716
965218322
231562985
329408785
916099202
454948676
919074834
163957989
760391543
556596764
450709277
537281929
96623695
898096066
674492736
504530633
379602972
392662226
230913905
59814054
255188950
475504667
534180331
62095836
570405121
395939760
857681230
627265639
322324465
302178906
700329487
611184474
14617474
243760727
197803350
538742450
496022411
206193742
811728012
259968180
446347381
246130001
51936262
201804294
509275011
935835168
263231716
699353459
671575005
52618443
45262634
470585065
735437886
697519353
947604237
236089264
868358896
194997170
464995452
528498045
502635108
264754564
83977835
620812307
9614119
15806106
86199088
681209307
548522458
203117702
152990205
426248649
668415225
395611976
664500759
340839022
1788755
960608121
581478497
145401030
159390630
819816377
42347181
714163644
491646249
990500710
969457664
615931719
520141777
874909616
658908536
703525943
529573406
374830492
67777816
240736619
818812933
279728041
280982505
818222241
521203381
828659512
85919606
887027013
365454283
508253235
697153295
581590838
302871
414962535
695605089
909245977
750720079
865773245
401726127
239756458
107022763
715139405
415459440
474456970
133297725
19219318
238632946
361781475
541037503
637339759
38534351
911423258
142360356
427193422
180536093
515687213
717231895
300316538
290273875
539778235
751449828
164048640
602019714
770207118
385712218
386738155
351228449
777099572
23446352
458727445
361120305
970845849
508685738
15224455
729960046
332450186
722479600
477411902
934200491
967643686
77987842
740328265
843267370
2911034
741920826
576437136
318788285
857487920
711000983
490712924
655309272
795964911
300002133
838676534
60746186
687193820
921957729
440027818
520453538
105809603
958265498
209275224
986542871
909685460
380408848
943736717
543689619
643198273
419848486
491213976
5810277
48752050
880513419
368587479
245837036
858129809
791655345
912253858
300856723
691107911
635129242
307406205
242791866
207220541
295378462
998559027
816127179
919386298
769434185
825690776
457666497
285867328
530094740
654146784
399785641
923433942
317105426
514829728
689543058
243990042
646032190
871296620
721961849
15806106
64132502
4869813
492843004
282591965
162822951
120249462
542121053
94220011
169391677
812718396
775370307
989459904
761525159
187929385
522067738
971359908
903864360
646102232
716939903
812868218
243950061
228803930
18014088
178777177
967786601
143413060
729368147
573497824
226399246
421468257
126808471
336409842
521582976
57361838
70337395
520438227
326113117
57361052
25885889
420504682
603343190
113063301
173867073
735134534
43501170
5367400
504530633
268204099
204310325
352757829
789707240
245837036
842421001
162904595
275274950
936241840
67777816
229149813
535540284
198108999
185136146
83959539
466583904
989563743
917897770
44272363
795339147
888792170
681209307
947047242
137918766
911293849
83352113
342634130
162904595
736410147
85564500
888233780
904932683
505041730
847755156
304394394
786222871
695973422
863984011
398297516
133678897
708623858
986642912
653588736
167864015
5810277
518666575
705872656
962807327
912253858
841545186
338336902
787606653
173541046
842421001
852080353
802382669
731566302
739026880
317105426
345048737
306563407
561738897
549474617
738551682
351029119
647875622
789380360
104278520
333241658
535066401
267922159
404603806
349923942
111802658
786146079
809076111
421679565
21794471
561738897
894803259
554380159
596330469
528245284
224380568
85032611
36749288
997603707
365919939
233810330
118135587
38614350
881392511
334617515
205498274
584826403
863968627
500836384
554262260
291890857
704585511
134599270
309831061
799515077
542224762
335577823
236854831
505278861
865951590
538906890
800207125
362357499
858160231
479273375
677303761
222678705
911431539
902114339
862450006
799928832
383236489
340946051
717384761
923871682
745777957
826415707
164114776
798080568
302548115
386337294
46836795
794671118
689947897
979375130
776565642
767403349
159568890
190122847
733857021
329974144
362692373
309831061
700757685
976685681
889088820
517008466
619939196
704599896
932753234
586691717
439156474
689226883
831949320
271293688
472145407
988545087
181473388
365121521
667378481
366539407
931255729
831168449
207985004
815192601
125501315
737434623
537295748
143413060
478767995
688553925
510130598
454165160
8830143
991271184
161395745
26302683
776742789
658009114
544072277
460959672
313447024
231659344
245837036
521878879
288613831
770465479
276349819
563793168
431698489
229962939
766823490
317004775
912621300
862176353
124363148
305142864
122519851
908452884
370210955
646102232
497172869
15106471
998913986
402490424
143611042
508767167
816203967
128847803
489106849
775657172
770644282
901639211
981426062
944982194
15297986
51750955
681188303
486925386
599752610
746411544
491009883
111700105
779142243
645284610
89546497
645812885
689756318
974427401
181629140
728002739
169589440
670297113
996028142
827739901
58086355
244131858
781628275
705331267
803429662
971532666
942137302
396049871
765560151
308622289
822618499
36330409
207985004
51750955
339911773
547623315
86691567
382966206
537295748
434304466
333468470
44272363
472884500
174975912
902794171
165826181
267640953
4520057
183876027
922732176
919847785
305453303
165166683
792896178
186268418
468835088
962768704
425875506
130693451
156432001
13509438
756406580
230706114
926835135
699353459
55629323
1654129
829366216
361619737
981426062
415459440
51594995
530209670
158133783
626965668
721961849
186549993
756964626
604232450
290271819
204651716
118996543
427352686
245837036
720648261
870678313
787140563
291304195
784067079
888496107
606477831
55709667
760433876
274978340
172688680
633834772
543689619
235494869
487267246
808898840
429193078
595902476
359717629
298281942
458485672
826864381
44387111
717711636
741386413
7549537
643436194
906243520
649095705
698296366
466709804
867756516
604073098
451740733
89727520
462303364
290159900
793367918
344241363
106609250
783089777
80649946
741938475
213178822
810366315
299322636
127918242
242602689
74073826
643436194
566067764
165257028
762036348
659632532
118135587
723747949
975117198
291824224
302860730
272688045
706460151
725730668
564973561
302178906
512852405
424281822
336697473
181861973
796698725
260582731
867756516
412579404
224067818
880012975
181983021
307241095
483115742
36280012
360525247
500428137
974151762
763657674
642437494
164486990
151027413
351703750
180740490
735387716
137587355
207008561
761525159
115803940
993010740
91987665
423873039
589672269
479282982
690487818
873580360
878573444
768335112
939504509
140153737
976222171
288971962
867756516
298933739
278194783
939457477
912096553
508382259
390093242
147028465
697153295
314947563
290966067
536578969
6947819
807536860
385906631
766043340
291824224
564114473
741987766
460342369
975468169
326605788
145259431
442504009
44387111
872183036
139519365
600026931
76607032
575592979
493048660
561658796
98479603
871276406
816976883
550626746
159390630
205083705
800089371
103252703
359944528
229832977
419848486
111365003
554370391
764889510
722069746
635868872
960231324
378905261
257908293
594900816
187634501
844472244
211680018
299942502
855915840
184770460
67640556
102787261
139722408
281168105
190427781
944990341
705675831
549046568
384701618
426279088
622393154
20762516
791868776
358034824
51294227
935835168
651653062
863407927
274978340
783711380
90372097
466069848
545187375
23022516
854862368
221737340
501559997
981426062
447474465
319991217
55126572
516958544
438557992
960147126
554040964
582415582
274978340
417440107
258466431
894456166
502635108
71586101
597582799
562336946
907410780
861792341
151299217
799555360
203561030
455333341
684120844
673745685
777302262
815416561
4520057
687193820
955718067
779376310
453559193
88844458
437485383
131226189
680067110
577301783
828770842
317251978
85293063
990686969
537295748
354258948
859749505
970794236
942855222
354786212
682332238
282340851
921904755
521447816
710458472
689226883
250310431
603343190
517753154
10158665
378838921
607186775
74073826
164486990
191204093
229113415
74727472
233256575
862067341
436493146
750818840
102297181
800003944
575194038
292028629
233256575
83872057
586183262
976274268
17625749
759147566
768743803
646117008
200519314
421992274
609162290
325289888
721961849
142360356
786460130
504530633
653964696
343037874
811808922
307755238
939652015
885991127
579988701
125075210
518070524
90987822
994525592
491213976
432451664
651772788
616204194
30887563
85855115
687975061
941574158
99653412
458336050
718980260
186268418
293410099
290019691
132594557
909245977
383478484
185630411
508262845
378616015
489935420
697826647
375021138
146317831
586181383
150167712
679978924
432676718
998094308
407171238
637339759
666159861
670973172
622393154
18354777
95687864
604232450
365963243
744988923
475434304
53591496
763641364
645323141
795967141
912253858
662940995
439458275
708904974
686280335
320190015
706460151
708662140
581384535
133050076
759574763
83352113
677325861
544193593
489330151
184770460
927540189
561650669
409290282
403621246
75037839
25858695
300239313
979028210
17942184
609078803
354258948
38534351
163896852
86569173
562076326
319684987
981633523
256601052
951753491
342042804
509165070
600939206
943149042
732112198
641212049
541989247
92920457
888118552
447317928
167112897
973301201
410948467
234499033
475899735
225747598
368561209
412288975
358673334
829959293
935707989
37327432
739313322
100339701
839520998
693529139
998890052
664359393
525100829
739026880
89727520
85032611
282371766
38534351
664486530
717384761
356528870
264846066
795455988
103030045
13418899
65184627
370210955
52725035
465687668
927702802
32111559
652748461
314241730
946688033
946844822
745777957
169847088
220883579
506798105
145879631
324288671
48866837
771537800
62799122
922173907
892172054
728950773
332168372
242537886
64020316
727220439
523280961
735903497
472011502
870409069
830866741
874909616
278194783
910996055
496825944
386738155
147204350
275785303
294665410
364139037
926710371
543064044
975353753
508890660
587945053
519083596
295222418
580030370
284152087
650465969
413179655
570809931
125928
831168449
112293779
254005716
339702450
422098276
888982406
212309311
990024296
705675831
403761944
182735029
880227900
406109185
994525592
599133041
143789554
236089264
14428330
813612210
564043690
899899631
669369004
411526283
203415074
596481200
593388193
284993679
198099305
643759880
333284582
290513845
769966289
843299956
66763477
28045217
728139144
587945053
175568778
303834518
438453588
879106736
305453303
702467891
482926364
459997417
864914833
383478484
832106108
507355977
834159702
284152087
840342528
416535657
178061338
122637109
68401094
992123302
943149042
995630584
349816138
274831335
223695140
614987167
888636355
770489133
786730998
411683852
246245204
920417761
348686829
726160188
84529565
358034824
441200642
604462815
366016801
13365933
728478034
778568307
862692060
325953629
637924539
866619223
491213976
564043690
215176393
930650177
347646203
880513419
954641398
961631407
45192168
860559593
2819999
614277710
841373589
892432492
571444676
356149181
611680973
322450622
1174185
161875293
31580906
879087608
814017697
596330469
696589541
292234136
791670872
199223888
542265752
860137710
797687896
718752878
768335112
617804736
234499033
374303226
139870326
650761872
419782569
243906652
232365869
551598352
934208982
42954256
896638221
517305096
946558265
554262260
911531881
551490506
130125763
403872144
149655235
713600838
201243502
987002431
407163894
28932134
779022988
29753887
975468169
233256575
409290282
658654657
22948186
773318026
395939760
422295578
600791368
426279088
655964748
568485213
794186310
874911723
643107336
444075591
973863191
595428766
619385610
341048950
274989273
305564699
374303226
171700874
159390630
229962939
705331267
985010043
85188842
976965596
967429270
501059022
749140588
271515954
274978340
646105804
216546256
95613363
504155341
521878879
515526596
204340529
233587289
894504852
340915156
917659776
759159400
896763278
923158448
374303226
74727472
521582976
340448768
299785721
171700874
436239083
604873051
753008579
460342369
979092745
304517263
547345740
468434064
815108921
10109439
266132950
519844848
711853454
784479687
433309762
995582295
218914439
526027098
561960584
221737340
871202412
675442190
596168011
786780709
199873471
363741817
273767254
633795930
921101051
564114473
438004748
899906504
255206617
549497524
814061347
423936197
833877412
731979344
736086088
563793168
175350142
36117011
515494371
27085989
697826647
98638580
319143147
366944769
173490858
139519365
881427098
325130264
281369705
41648217
285621127
704585511
883113184
723057184
499692193
669056316
538576820
763728930
739313322
489935420
265508162
24285110
734101620
113314085
146979595
769679492
171519720
219339466
142037553
341833803
538742450
880064271
113909507
517008466
150561057
775690928
884336684
91468525
302636298
737434623
272398854
376819753
765385635
621896066
240710407
146576630
918201548
402737849
221487539
401733564
977772456
734101620
919448292
380767301
646165492
843230305
989168142
834159702
426033596
463983438
244970320
823183388
258562429
260526894
412288975
188880963
578981687
800579858
242602689
321635191
552527312
13365933
392302017
406972433
116213385
579801990
718752878
480810896
745868910
83879664
699353459
390039018
221486569
857084906
753580094
411821979
770133111
467867348
278837180
45262634
883180483
963243418
587097320
592918943
363741817
255206617
656977129
415459440
856852331
287168713
942621338
80649946
297386116
357039880
688297101
150167712
52506632
557273005
855221759
623473565
434670964
671807578
548522458
479739143
805213015
286251231
885760432
878902287
791162172
862692060
688161094
108526799
431698489
998913986
128891386
599486070
786222871
74727472
920417761
749140588
897569787
972446098
889675694
377351326
206792
982198000
358673334
625302331
136018293
273667386
93075679
314841676
308839617
333306620
655268508
194997170
694876967
454847708
567778066
3046030
508062797
742061758
67777816
254545909
675781280
378813770
408950583
372906456
450536956
751924123
705331267
939504509
718752878
452327396
139870326
792670982
27178236
602019714
450004611
377238921
691234434
460213201
90023763
964148649
94136798
611804693
85350000
973985799
689543058
424249855
447474465
2339291
243760727
459133838
664878581
147460667
660487444
880262990
403621246
733227110
581354559
29302564
965245364
478863697
265066851
664013029
92270762
126808471
493155360
590542422
760391543
731861132
735134534
545187375
47754023
319684987
562895691
633834772
705613344
868358896
883461195
607117913
574995195
20231275
831168449
686676513
28932134
395526789
902114339
467118269
593985813
37327432
662326482
458346678
828770842
229149813
731491337
800207125
438937591
25080799
274792471
147460667
463825123
273838005
66148566
770854001
913982657
293039520
886612750
751449828
88853197
536578969
675781280
509828259
149499994
940463282
482576192
755160626
140869348
370109350
180567140
623258415
91381269
287880462
634424852
684650724
401131637
43942428
83027182
391704282
924212835
953157641
741938475
744988923
971359908
624730194
159390630
300239313
896795008
46422171
505772390
693211735
557631854
22576800
978202502
806338066
451728122
641251014
967952497
986077016
617804736
200372854
611024068
847755156
693211735
650465969
317758433
952169661
165779551
740092340
419407821
737264169
769554308
204720895
265610898
501059022
894803259
713053020
611804693
261378734
994525592
386891321
149238430
155942875
444674079
918636928
83551851
235726469
95613363
549778550
46134526
779376310
383241333
655627701
675476065
187586942
366488079
382812160
100339701
290774194
869634969
572089540
378905261
689473818
59118215
747479643
125140833
410948467
746411544
262556947
741227136
323831682
61827593
542806682
474604497
335590625
725239043
629708770
963243418
780404281
568954206
474604497
87468295
340897383
369328462
368161414
878197914
619490260
119517565
413831930
417440107
372906456
235980373
698927578
10109439
384043429
1427156
923551670
662030296
176764906
697886483
398870832
45371218
57454438
6947819
26938089
169479441
278306215
789005381
574402261
931927116
288971962
257056790
693211735
624072632
994525592
598688649
644108891
551065051
441184671
748330045
203433283
125445259
583804857
898493648
453500564
987100304
357608835
735577427
211345709
842036484
819081669
214817629
671598445
744449738
918371067
981426062
134749986
885763997
32111559
297276623
274777164
120837685
767303201
189844722
769983933
784201012
463983438
643498577
673745685
257056790
670997786
27178236
801640280
707991037
93944784
172807072
406524814
505147450
62268176
173541046
245049671
913830218
164486990
858089636
549808360
85919606
824328873
928740009
510040814
447804554
455692040
637306806
643788112
787832295
858615998
292234136
72217707
193819659
58198319
188721787
460342369
94729104
778263207
394107970
485722542
362180100
951753491
524245280
564114473
444053332
864292963
240860341
788061710
496035406
32111559
410257536
162822951
998168674
314226811
98312579
75868781
784132173
839651716
393600956
162340845
540250925
739524681
429385955
75143417
663549289
143413060
250323372
802897564
698590841
45583028
531144641
136607832
919296106
866230124
15425809
624072632
603157247
392303523
420504682
976685681
778568307
426033596
792856374
723274557
660396598
637839377
374303226
414135213
569857912
766401312
344853361
490057238
57407695
133690229
198995222
222678705
963243418
767628130
715139405
118996543
180740490
322731992
208025745
470855481
542292789
283478874
612472610
268884083
500040323
261404473
382330081
65780016
50753306
246479219
586392943
686073636
922707024
403458776
728624925
274978340
299117306
896192367
681070020
45192168
802738000
605184299
319693210
501383450
948401257
41407078
206464208
871296620
87468295
332599595
64132502
288971962
722518289
441184671
731074938
479282982
735134534
339911773
189022823
366506893
877385198
233100177
163280407
147956732
914414614
203787768
921957729
407998438
379071801
895842573
583531270
675442190
19759641
396375854
744400308
886190594
412442870
684230638
310307626
464995452
653343912
884219840
771912445
122138555
525100829
892432492
681804818
757584325
228278183
22948186
5405397
92270762
838676534
684013520
852786777
403574323
332016333
15056284
164274225
460634988
109828240
926835135
333103035
130573309
56404134
930589936
645812885
898519379
565958658
753070867
159390630
248650835
806313076
988545087
420177301
290636494
816127179
477281534
782067901
967872912
687193820
361931082
896192367
907930641
505278861
664200962
70337395
788618903
979086392
428323688
667647560
490548270
483115742
951753491
169882850
765025283
528037567
121083949
930515966
677615096
432298794
144660712
691107911
206370355
122265192
900874037
273385028
230913905
386669839
318263961
9684938
910786812
544072277
378905261
264787643
467403213
473786151
525698965
923433942
432629638
295884895
604073098
750185585
410605633
633388068
374289720
71837707
725450690
689473818
458485672
987723930
498469429
792893361
841866164
666965173
540174870
533433026
21629945
265066851
89880904
870678313
492076539
414784338
296949413
957779055
449626087
453289294
999284815
488432938
236337973
528498045
199734305
977772456
99753688
784067079
855380721
962858473
302140658
203698261
376090650
136884559
819816377
276948008
83977835
721130755
198021116
535695959
222828536
135143006
279126939
735374326
991088528
76110619
884336684
439708249
653067192
126396471
315471574
548522458
480202231
644870229
250592483
207060149
888496107
512968314
164453107
664352708
306022453
831168449
453018920
690487818
554262260
464672102
425399333
10579873
36465986
145056528
864888528
140504681
882868059
587672026
13299278
94249974
554040964
977602253
366539407
993452521
740350604
224814519
379071801
181907423
338320810
243760727
629695651
87580587
510319341
800738413
865159874
709286033
651772788
599738284
188153395
378249564
222678705
694787747
359944528
270320748
926835135
191204093
695973422
475036949
683660031
357608835
769554308
846208698
160058689
377238921
452308045
35238192
356729898
376819753
432451664
471434757
546733990
971924009
537295748
152672015
772465874
201278334
787908722
675442190
610468974
864914732
779022988
410605633
655905162
235322196
556804714
741331732
486454952
649374460
317505530
844163295
276757601
988376492
120907485
729771445
159469595
276757601
386021526
441297770
829269401
424723885
603104643
934348946
279191071
75868781
850694891
547778637
381755180
880061175
203561030
530830298
585258973
732425802
574245394
675045253
508685738
866204209
368658463
937243431
525613259
536925266
162238657
164522278
772041081
339531659
735134534
343421639
603250276
57584730
678796411
937039831
705464292
467118269
371457376
655309272
774642799
793635205
506798105
4420781
287880462
778134208
228543893
551585434
741227136
545187375
534747052
107262809
634424334
835471379
784132173
619146733
656539777
599459807
874788643
665163605
43436242
333625853
770854001
333442434
951349453
835675771
480606376
365989972
667585617
512968314
216812241
797989244
472366255
150114909
902176963
763657674
632936726
424723885
106389292
381290105
963387691
492076539
71306314
769966289
962858473
519177847
151745612
545390143
354614197
549658399
677489805
772780587
894246612
147460667
184417541
744294245
532156957
689421662
972446098
371554167
302331073
320995920
274978340
125140833
561064295
643682129
355809959
233211594
569177763
85188842
907496794
333103035
965245364
857070917
77823164
45262634
361054497
763728930
720162115
417033024
290442436
293410099
355240482
530209670
633955812
882868059
994520844
236547597
542819516
530447093
328652851
374830492
3046030
535729086
259080477
489935420
62095836
859290788
927549444
212309311
732891441
876953877
547778637
403687774
58086355
329036469
229540678
792702062
857336012
788340929
82437839
191038521
625402982
632815600
698296366
671804521
122786299
181629140
485722542
359944528
991616585
150995857
453407859
851739310
870439994
909372225
863148561
128367386
651653062
258674093
965876039
435779589
779022988
916099202
49896972
252062272
703164983
699353459
24168081
477411902
573157895
382738237
703164983
516654064
188880963
86569173
13117486
478646447
729506314
643184832
590286553
933036886
584826403
872232752
52618443
440136885
202583777
629708770
858788134
972239122
246704809
739754579
988545087
102250267
200985064
774840370
741920826
38122431
635690534
262471810
250942987
229397345
712644915
880061175
977602253
632936726
549209891
140869348
72771839
708243434
656539777
613874123
955053571
683477026
862450006
49344157
785432789
648010563
722479600
706812568
464278011
107022763
944679417
206464208
139519365
976222171
199722812
577271690
977357974
465525226
173541046
384993393
842046161
470585065
15056284
476667270
79075644
397586720
999807749
576446357
968813402
900666986
870409069
823023764
755758263
23027
606616385
797423874
13117486
739466547
831064898
963411930
635129242
875210899
6229409
248650835
150167712
512968314
663346707
216485600
809515343
416770318
69436781
653899926
331928334
789707240
381227457
733224103
699555778
457402625
313397866
580017809
382049965
281168105
186007956
317142792
483115742
118790345
304517263
93944784
191616302
635080532
481303296
438997712
36749288
800579858
909396358
487595663
945342877
324389569
859348078
51807949
931255729
446072666
704456456
434533775
332898518
466999377
801551987
700329487
365963243
848893267
278589205
468835088
398705283
317353858
805213015
888118552
777891107
474955737
903844963
512557821
881864911
262606712
686976608
382728456
587672026
321861378
30739006
600561167
654976408
884336684
123906063
747413450
209774175
865822374
77076052
739524681
396375854
997548061
981426062
844472244
208178763
423482488
145879631
449573861
516839030
643057233
129519234
747292132
515165867
990279994
203117702
124876295
244970320
967451424
737264169
940132923
294972939
927886037
688760649
937518076
59307419
150561057
260190005
110349081
42428704
37007427
720162115
451728122
698296366
671575005
800793681
858160231
644951129
23446352
400835514
764895461
758672060
706691035
705613344
703164983
952799561
5978099
598688649
732112198
252083936
927702802
537977462
414135213
435779589
109820121
882214108
649933407
880064271
774380516
869671621
621764036
367961572
810689749
660193879
190485626
786730998
29753887
418779187
441793
842046161
254831250
25080799
250360935
627506813
956927093
91228151
199734305
933329757
3255078
51936262
690267743
917536073
436493146
777302262
808084842
826466155
611024068
598335883
90279914
565916153
986777772
509679509
754978144
811230923
814061347
236089264
752435545
423642983
619449588
229113415
874444523
349200923
943281560
257056790
432451664
104108403
44896064
701991062
448195945
363728028
407368217
719709621
117563694
917861420
855978117
551473233
660388190
131882036
534311758
925056314
184388625
282591965
739565421
341324726
328652851
524245280
683977840
693211735
177186236
686280335
56369509
870678313
587945053
736657205
3046030
991616585
303308051
366263270
315276976
863428174
454165160
648612660
93748428
940456068
757719236
400348272
716382600
211891187
545811890
998094308
305643667
81806695
860487554
274001779
974070907
331827195
216221926
517915463
247537302
199546229
521878879
488432938
666236727
613024801
36608168
250673296
931584215
774840370
26302683
573020095
639212014
385639824
229832977
715607659
827419924
897264779
79312582
633388068
310307626
236026064
314355843
928612867
698927578
360276463
282591965
611680973
130693451
499582526
962858473
514500257
872232752
506515649
800738413
422425128
455581591
224806513
93748428
749226371
599588252
90940448
254610019
714163644
927702802
344062830
568812759
970845849
191596342
696639961
674079998
184724320
454165160
186661956
642008218
280751003
502635108
421017925
879217263
456454266
227186842
926410050
935213187
675442190
566067764
794548952
525824940
444669024
7025229
145481838
911493080
474870362
940456068
93944784
880820253
884336684
2339291
410257536
747987936
284960849
85919606
783206871
198021116
546449793
181861973
474473670
958265498
135042334
251390666
21794471
786730998
682332238
966163234
391704282
239139045
240821971
103994044
74022590
23446352
124751142
981737499
146786168
631821488
380379425
770624708
388994831
747987936
887951259
189844722
987002431
90507943
23022516
151487547
934200491
706034469
517915463
537977462
372975850
980203016
718752878
697899833
668550997
756064192
781103672
666236727
447474465
459009688
56738070
723969792
675966917
987756404
762454355
934166969
553459625
153948174
44521238
729771445
477509810
925272899
365412914
858864137
415571890
823964351
419421929
787677119
619468221
574402261
12273710
955911136
91381269
252083936
222678705
207985004
667201503
495059777
543040267
920277924
257013786
765385635
954325753
642106262
82930441
524883736
185452367
751449828
530089668
473786151
864888528
204720895
450536956
357432215
39556977
934201997
135042334
134704293
908774777
460131108
490548270
668456423
622393154
483147450
856341706
569964076
943745273
898166965
378905261
256871288
178769388
515687213
739658708
66308413
400348272
960462159
340839022
532527600
690195401
118523233
739026880
122274217
758145277
810463583
428323688
416316476
943364907
759704672
777099572
299785721
54513357
590958914
947513092
384993393
858864137
935835168
49544085
430427250
897569787
13365933
500413424
646490568
199223888
337157800
62658489
67995708
739350141
47585752
203698261
127020918
24769082
709787434
687850850
941749322
998890052
423694673
808495003
318263961
160683377
378301363
860957868
185878323
863984011
899187489
742737647
274978340
119594401
486931956
336697473
609162290
169856604
255681460
423877534
512618233
137918766
216714270
803429662
550551169
606700811
708299857
495061050
436883996
681209307
512970079
531144641
56209822
625608948
123771489
953351794
834159702
460651646
401131637
660396598
8648170
127731298
835140882
888118552
378497156
411526283
515622658
4233067
998273144
591476050
985804928
91297501
543949412
853283163
306022453
141906491
372906456
668456423
850056399
507305931
887380157
87979206
623258415
705464292
425719752
438004748
979639340
300101620
920345423
256103494
98381458
758619292
937824495
597496095
93944784
858552850
54616746
78005213
977030692
996028142
716083537
681648382
520903686
98638580
82930441
501558204
468435477
172860255
659949354
898498878
821412101
359789235
522644652
243675866
759704672
505147450
55629323
685372953
681070020
452342988
202583777
810970940
246130001
949376778
441213154
800170357
948190783
837858663
383924113
643477383
142216814
981426062
317505530
445418665
945547452
71996542
712644915
497292460
313949188
291703974
501678262
915606489
274978340
706337700
419221957
255066033
687193820
708662140
243678342
949188096
674079998
653899926
39831189
704321999
727220439
290332143
526027098
589672269
415221686
552527312
586072013
499481934
934166969
956363108
786864642
999829726
786730998
150561057
188880963
593316762
907528519
815045476
325953629
605535005
656539777
136335158
39549321
266132950
511309076
386669839
201651170
790291637
527178335
54695678
495453776
629117071
264787643
253595491
122519851
666159861
467517396
151291719
968721838
216714270
929400772
341310704
363171858
516506385
878197914
193840647
339880362
95687864
896795008
617804736
651997290
646207231
713292582
135708002
40585118
428862479
87382879
64448785
82930441
207008561
669763277
331742386
310375792
738769861
992012809
868712398
37184523
122138555
320758142
330817280
753429831
320065609
785325286
543949412
22948186
170453500
643682129
136199616
351607620
290774194
392303523
967451424
49187205
89883449
811785106
86145055
740946790
819816377
952169661
282724279
302871
538228486
489631570
648612660
273400581
182398182
147956732
987102355
941813494
81626215
543976368
216812241
477620781
643682129
393873872
783089777
76500836
354902440
711386934
909000051
96623695
488798249
453407859
853899061
26041975
700757685
400224905
968813402
861899041
731026057
477016810
274831335
137196244
748381992
602019714
133297725
254545909
666949010
961548754
222992884
115445006
928717416
698403527
27178236
365492724
244147670
134618008
24168081
109359260
575391677
556596764
71996542
514874788
332198338
819586855
478658248
149874155
743671620
80207986
491646249
151299217
219339466
606477831
268884083
785432789
946261121
771139830
896837570
567727762
691107911
568954206
73864401
549295355
949701411
670997786
758672060
779376310
735079421
20265450
989030647
741227136
900742540
187929385
769966289
390865
488877308
68536510
840508076
12252240
705675831
970302272
485652069
271970424
290442436
388994831
763864269
681188303
107299403
40508177
599553543
586072013
149499994
534120441
581354559
95655687
775489307
100639978
227566072
294786451
585002836
280751003
602698696
336363860
301336434
162251496
165257028
141906491
603751668
767791207
143390169
339346931
162378889
550521747
492886677
747479643
552527312
400835514
537295748
328652851
906274739
779873538
440429930
88853197
785615942
933036886
590958914
998913986
461037572
25080275
518603059
469590510
395611976
104266850
24217701
267472580
588601036
147892430
259671697
639965606
930650177
458591027
10389605
491009883
702047725
159177692
927886037
780662194
209774175
238456184
996028142
897280910
83352113
892977284
915764437
603751668
733224103
754978144
534815597
688036456
24241822
376439411
915197132
569631445
617422239
28079110
562920757
448949784
444788286
544905014
199334486
497172869
649174687
297029177
907410780
614709355
762454355
333793439
374289720
471160323
920345423
413629456
994891918
727114726
569771856
75248355
437370333
912463554
470152162
952176794
453289294
42954256
179591125
666965173
530828096
565958658
109310744
373006578
210782759
921904755
295929403
998204151
24241822
591185848
292962582
458346678
902176963
499812215
998094308
873305214
841384306
756831993
648010563
819109978
391905046
40500065
372906456
44387111
119571734
998890052
529573406
272398854
673741086
215695038
569964076
282591965
837858663
468422398
398705283
896795008
786730998
313397866
576871909
363282964
207008561
535875688
944110978
689947897
134599270
538228486
934200491
204310325
213050551
453223813
936241840
440925808
139519365
989563743
888118552
29660735
479475871
163896852
822763980
620855530
970302272
465095614
690931026
280083958
842638862
193192864
158945899
906274739
614907922
310152833
809778338
347168080
622393154
945750772
941813494
435537915
158133783
87093028
673307522
738998475
707665815
419848486
302860730
586183262
791655345
575194038
541520770
336282492
54456449
332898518
546634987
63859273
166784584
977454529
349028849
566203156
606477831
822763980
242920703
267640953
417528321
243990042
651446249
219343917
541026019
307755238
265508162
368587479
569117730
814061347
152228729
16711860
201499617
744449738
841862394
680068550
570405121
937518076
809657152
122274217
192487324
376654110
145259431
61827593
621834361
576189581
712371406
596330469
805213015
76110619
691785310
113930810
193503327
962229774
228278183
385627525
57454438
720964925
472145407
61704000
690195401
124751142
83551851
886612750
841451436
712371406
736473882
118135587
318942084
382812160
276384435
249612324
690138203
391905046
763723692
752741272
858592562
181473388
988545087
810320745
842287840
371266368
924429248
777264242
785615942
453740923
382102620
86665351
428133680
765560151
846429743
389961961
598869135
458336050
998890052
727220439
426678310
204310325
964638776
371554167
918371067
953479722
880012975
886190594
368561209
298475888
628905582
121888334
910585520
977454529
70337395
684358872
280982505
135662455
291304195
450536956
232515315
917659776
726148995
513385433
103030045
988846505
499692193
323688018
191204093
619774309
756554259
637306806
365492724
84312947
66974346
90402653
676064801
320293178
620730537
858000668
866230124
365629336
107484462
198108999
94256517
480773841
603343190
974918945
67777816
55629323
73324071
940456068
761134959
711017225
881670849
499751998
58198319
392302017
719005707
808495003
792137851
185184271
496035406
93075679
644277558
312570439
201499617
753902836
603157247
779806357
763042827
597133312
540174870
349816138
707841977
47754023
636105670
97114550
36749288
764314767
65780016
17265481
627211327
604073098
581478497
313397866
395273626
284667432
905850888
374238350
275775836
987026802
827269670
864545084
569964076
251124674
756554259
888982406
355760359
69451701
739313322
17625749
417759360
163957989
13404325
879220233
442993861
530209670
643436194
605535005
446487051
453289294
77823164
71996542
201580599
951753491
419568254
504795194
13365933
360776961
72945029
837046496
204720895
607810622
974478732
204100536
920126120
236026064
411466263
800875559
296382470
906243520
906014855
243675866
761858916
138009589
437370333
994891918
996636341
718949535
987349975
67338729
602523290
311337531
323135524
566227953
378616015
95780236
690737745
74289492
743230774
632964770
196923852
596330469
621093045
203561030
777264242
188107766
553065683
341692289
438453588
369874559
925031259
497292460
390714779
676370399
238188851
724489036
864914732
415871098
761186899
149187351
672845194
247277568
751966106
651653062
533433026
149187351
650606751
765560151
343836531
619515968
115803940
600939206
556596764
56614682
990925063
358673334
666965173
271777705
678256121
488187169
383236489
596330469
358034824
393382357
273767254
770465479
408101083
597496095
566051499
354858445
549778550
259080477
414135213
373901318
165562632
779822030
876854161
986155796
361781475
245425177
799651315
688297101
450791189
167617593
64045753
521878879
194004257
506515649
102031934
872572565
921098205
454309725
884336684
78219057
401055551
538311134
674429926
191165162
520141777
110303951
126069193
9684938
229832977
758379963
551065051
990552240
484007973
245849606
578935120
308839617
449502732
391094740
690737745
690827824
945242755
819167295
31757095
248650835
570405121
70337395
609162290
464995452
43501170
534662469
318942084
85481278
692804530
857084906
351318026
19692539
834676716
673741086
884219840
41166775
630553121
83352113
645323141
954641398
545444603
740350604
509110891
4233067
862616689
739350141
690770484
435671348
675892155
677325861
363593388
810689749
858552850
190734323
633314965
336282492
615321522
512116319
214875621
378363393
828770842
902176963
40388874
565897524
486925386
650485416
244558325
617422239
229113415
521203381
368561209
939652015
862692060
810576028
985579053
518453028
733026518
554126869
925031259
899669690
912541185
36117011
75037839
185184271
682715505
699555778
197819114
477888590
981426062
831064898
81816351
142030094
787140563
348337507
192987917
989459904
318703506
819167295
579801990
521878879
593496093
852784379
649328347
875513825
877740106
982709274
804320010
735577427
353101427
225645275
987532054
625608948
110349081
492076539
403687774
321222641
323892638
598070024
358673334
719394926
329102098
916099202
29447170
658009114
425875506
467867348
799515077
980266267
222840460
115992489
368319430
572463094
705675831
767992304
450536956
248650835
430427250
992012809
501427252
415871098
562336946
502715370
662326482
994525592
299322636
776431236
986155796
869811382
609078803
617422239
405777433
169394443
392303523
571510333
685982313
598688649
105970551
46836795
517305096
839651716
51078894
604605563
378616015
292962582
294665410
111365003
330599707
880430212
126393525
448195945
246958838
279890360
861097064
898895279
386367275
865304956
687193820
902172030
221569287
884336684
649785144
290774194
607893706
145879631
931255729
38161303
864992000
593697557
749493618
95655687
657326107
44220210
812266337
782483652
955402370
719337492
900410098
298475888
770489133
658078502
335789093
722518289
425875506
57407695
702467891
115528380
875513825
893026756
517305096
291574820
810366315
192863894
302178906
769677147
716246825
255206617
965245364
250178805
624077461
432451664
71269201
167935375
197819114
174696762
842850369
87496312
517305096
214856547
424063150
378616015
204720895
517915463
160529708
332168372
151192763
249486461
170714746
511654142
938295754
502533672
807411836
962768704
162251496
411674150
26363273
854583907
564964555
424281822
525613259
119202718
327928585
126763005
573132987
40585118
968141219
6788365
93833336
438453588
353003177
390544898
366355930
75248355
937824495
134618008
42508280
992761131
340839022
145868834
516118386
274831335
572428162
463158155
153034505
905647381
987375594
912621300
647783039
178209190
66308413
282589720
964148649
110188239
77987842
429736273
234902725
597245704
287867258
949289975
963459009
969391097
400835514
467260383
667647560
690195401
234499033
970325831
245837036
365492724
396759893
869668727
144911198
989563743
568485213
928237777
822098336
199119438
571257698
875210899
389961961
961631407
139049536
575391677
540174870
419838915
45583028
591685029
323135524
606700811
675781280
240222857
496519647
169856604
46075177
70696264
112447508
898166965
162251496
520111431
99096910
333306620
843267370
146317831
944982194
83297965
502635108
63355363
165166683
240736619
295954378
423490035
429193078
664979455
874528766
762276194
161377513
328102906
56404134
568485213
909000051
489330151
899792045
302819558
778134208
32111559
396375854
928034519
627506813
647783039
433135168
771065373
611680973
630368234
735387716
232134838
604211032
586072013
942254120
158133783
477888590
673307522
452308045
435661099
548522458
231844385
249453076
502698511
931584215
372906456
976222171
281369705
631825110
669056316
44387111
608039160
711017225
577271690
574245394
925169881
760400346
260204321
117552027
171119983
879109191
702589140
437485383
725024101
748992622
274777164
939652015
678942597
335549258
362692373
126601087
170453500
946558265
435424397
660020757
794025995
716083537
553729773
328436727
389961961
130683555
468435477
268204099
989459904
800207125
762454355
774237609
7582182
911423258
182219669
69635986
33503155
826841863
130358790
312570439
579009084
300316538
755586646
547273588
247067771
5482114
701245619
335549258
877121343
858615998
694184924
813834783
606147999
250138819
638426798
591186134
845657619
870439994
25080275
823023764
577891604
401733564
485652069
105092797
77348418
89727520
913982657
574199522
452327396
930766951
845602358
355845755
708250994
250996186
136018293
177186236
150995857
373239567
363171858
441072212
211289237
186661956
770415534
354108923
544234322
220475770
44093214
127020918
398972640
992012809
385436455
519083596
670297113
634331762
982198000
137196244
150535289
109310744
375303025
253414049
634321749
437370333
750185585
771063230
664200962
622393154
882985943
11859735
585258973
545187375
547345740
317758433
512968314
284736650
479630181
534662469
732555125
912253858
899958395
896837570
630550655
650465969
551504391
728950773
113664145
819012562
918636928
385038567
678796411
72217707
760567873
313447024
642008218
417440107
403574323
921963407
569539828
710726486
653067192
881427098
873066190
787606653
999023274
22313472
198021116
143002617
68006694
986202696
442504009
187586942
67640556
888496107
425171868
744988923
385712218
213050551
33057252
68536510
521078587
840328788
646105804
429669373
603649831
600561167
274792471
222928713
823181278
888233780
739524681
303339069
361873276
341833803
838811546
143226910
831168449
676370399
510189985
814471947
434670964
793635205
122637109
935721287
801393162
792896178
392926626
656852240
263294963
109359260
704048678
246479219
75143417
621851651
570405121
597133312
841545186
618150451
693529139
972460562
86665351
608542238
793635205
846605802
893974672
67077976
298326571
943194422
838910400
638143547
431698489
77823164
738151201
479015156
200588692
547623315
769584139
884818286
840396007
145436481
658823951
989296944
947513092
47132032
850793312
728800853
370158900
521878879
418976212
153036211
915197132
692711103
516536735
160769050
170453500
808084842
744449738
734816884
107022763
554870173
376023515
539778235
390362597
627717405
520772970
868640977
566743636
521447816
795423837
992761131
30580875
830911086
530209670
849756209
625993214
25035855
489631570
377625764
290019691
896658083
429193078
157618133
625608948
606616385
334988404
449502732
940701646
336697473
377625764
216801835
198108999
920126120
839651716
293218123
877591864
635337059
386793549
505010285
293039520
56404134
953479722
556596764
949701411
224380568
870887214
403621246
113930810
193840647
334617515
455804604
525698965
605184299
329036469
636460657
60009287
325067362
618150451
242730708
931927116
22948186
831028172
670727807
621503692
231562985
287880462
942703990
792896178
979119242
967604773
361781475
317505530
278575828
735577427
112293779
371057194
823183388
164980179
454165160
153838836
831908207
79987839
228543893
955053571
362357499
596173893
783964096
824549476
362138024
68006694
333625853
895485662
493957721
694857316
880513419
586392943
168790516
374238350
369340254
313397866
184443938
687909245
185184271
623727264
720648261
837206402
545444603
983259180
246479219
317196785
139956745
916281722
473832806
963243418
549046568
159250242
935585182
917564627
623294605
379071801
627813913
10169054
843110544
109655940
906243520
197803350
33503155
439708249
874911723
602019714
810320745
383478484
659949354
928958479
193192864
884336684
186268418
650611865
24676801
133678897
694523524
187379976
322332104
664200962
338452853
487373430
324838306
64499134
505202248
470666643
33554440
981426062
548153176
215176393
14558943
175268445
789238758
635085890
124828950
824549476
740498516
336409842
296949413
362357499
716653555
6788365
382330081
232365869
619939196
133678897
374673363
934201997
762454355
335789093
998168674
973863191
735387716
752114649
285851084
522695071
908774777
67338729
472102281
70600389
884336684
993572383
840396007
458591027
166144936
872572565
586181383
523887314
93874396
769983933
371343694
287880462
163437370
631513654
587097320
256374784
532030154
265149155
165875780
699198666
311573126
782677142
664435284
687232109
488432938
897569787
968024554
90510973
316543047
73996675
808084842
815011008
874909616
685504576
852303032
223035504
85293063
571510333
646490568
366944769
442791907
538736183
211525246
476390777
304316804
574245394
954869647
233211594
131882036
332450186
236357274
102250267
376090650
329610022
80649946
118923700
15076365
295222023
273767254
806107795
52956912
303339069
764889510
916099202
695391373
564896704
620484107
727114726
860256882
353101427
966163234
854862368
689226883
543519592
698063944
422891295
719005707
295378462
835392110
174929757
898951691
835140882
937924749
593200454
455584187
32111559
315437346
676064801
619490260
876418586
527178335
88670278
387422162
363171858
26474978
126350342
664352708
974296487
693705846
567018092
680228496
556649750
434123847
527816115
266715609
8588107
7549537
98638580
733026518
105575701
812816363
245171603
632964770
362692373
243678342
495453776
167069063
835126098
983259180
482926364
979749819
823120433
911423258
888075525
633955812
407368217
49344157
328652851
716653555
4679574
248529623
228579477
846605802
353344829
270564331
295376833
934829039
213856818
799651315
320143785
866230124
339880362
791319224
603889419
737264169
235494869
112886465
866619223
660487444
688036456
747474245
90987822
473133423
849827760
874788643
468435477
910401135
248777096
236671353
216568956
822618499
866829970
977030692
685203934
602019714
122489412
79987839
390541408
911301293
619392513
208903911
246864085
993873137
26363273
818812933
434304466
107022763
524765267
419256420
775489307
786460130
756631469
285264818
657549791
383670664
150421428
489330151
281065490
392013283
893560925
289681227
497270415
974918945
17356576
544905014
460651646
679866
935721287
684230638
191796047
848893267
916099202
791670872
800875559
365473158
604873051
419256420
134618008
765929269
964874189
877385198
97050984
355845755
501559997
283136512
780027808
344073579
694734437
95780236
499582526
785615942
242920703
254545909
839046263
692711103
143611042
210782759
971532666
235115489
600698969
301724184
48866837
601347152
300101620
990024296
852786777
570883861
506868236
536226848
410257536
698590841
620176948
636460657
88844458
907887148
871721098
411167789
169829999
597133312
886918688
789078974
857131488
819816377
905351096
419070040
278837180
63355363
776862491
413831930
344015918
393382357
941574158
24769082
874788643
763682428
557641775
646379820
414135213
67640556
740213280
151896852
826864381
292402133
953874635
571397692
455804604
547778637
613080378
499812215
964874189
506515649
917564627
159390630
745450166
506515649
14428330
733227110
883727329
716788345
711000983
705675831
183530967
557631854
162251496
841347588
340758732
3357400
765025283
67995708
265508162
709286033
689555740
1174185
324838306
708308575
500512155
937928423
947047242
617804736
437644188
366016801
722636324
450004611
452342988
264941813
91288247
465587470
858615998
56209822
15076365
792670982
874788643
150165924
229962939
874528766
565381574
928053228
242335963
644277558
135078348
112293779
147956732
599553543
686450452
769584139
62799122
569539828
840790917
357952197
721961849
125928
795800451
202583777
26041975
383905951
775657172
197806806
230706114
655627701
648517946
113930810
333285206
150167712
693211735
424863874
494527935
432676718
604605563
11328290
464038316
627234361
741236128
993540711
221200478
597931017
464318634
976455267
184444043
721961849
847907323
538736183
989962866
896837570
656977129
443165136
802346321
403621246
335944894
399996323
81008506
834744892
681147540
289681227
982134229
470051007
497270415
593599584
982709274
69451701
502635108
366944769
877349697
644509246
277362510
439094878
128975031
976310855
416800084
753580094
761182698
7025229
629695651
664500759
586995411
431757571
71472119
716059081
514564544
489935420
898166965
751656813
573132987
567254986
324389569
970627656
438937591
635868872
207854418
549456183
559053687
443165136
40585118
302819558
834744892
473824857
274989273
531144641
585157274
474870362
486666284
514290642
49896972
133678897
716706161
623727264
120837685
320293178
351565453
956837125
971532666
754978144
408996645
691107911
862176353
738998475
370109350
858615998
705985394
423482488
160337091
4233067
175568778
119351720
917536073
964083182
691052551
289968756
743543676
22278989
923367080
90987822
595200993
954325753
377003645
93075679
919319699
68461701
295376833
952799561
231573073
282589720
929261246
724884130
143129369
778413360
374244915
207952787
342067225
330250578
455581591
841373589
499692193
105809603
334997435
126393525
847595593
670727807
888979136
587097320
130496206
995630584
20243155
982198000
110941013
784969695
819816377
986695501
560986700
720648261
586854587
312570439
317410689
682715505
420863457
67640556
86747561
575194038
651653062
592918943
777798806
579662327
632743998
376819753
31757095
467867348
243760727
110303951
546285627
420177301
695770681
718928057
115445006
520566896
766178342
718419158
577500041
720417795
787322244
117590420
313397866
81125813
942444918
440873196
102031934
8648170
205083705
395423196
681098212
540737380
426279088
336762088
446072666
538736183
942254120
179707238
677487877
4059299
54513357
912253858
402353666
720964925
15333286
894504852
168508059
325953629
122265192
22531247
103333664
94220011
410605633
907930641
90987822
304248308
68461701
644393439
677175467
882731788
582545871
731861132
754978144
154036209
791670872
353101427
689469417
170453500
483115742
866241061
541026019
332566210
7025229
22767107
486804716
801640280
652415626
923353232
931255729
521878879
545117077
485885946
981426062
202114646
477281534
283136512
511332453
304517263
479282982
111365003
705464292
632815600
491009883
885248942
138842190
278134554
429886177
466709804
716653555
603889419
235494869
310571394
707688301
190110857
190122847
664200962
905716622
282090156
536861678
32933460
38161303
919326729
25080275
720407823
73065862
659949354
258752494
577232613
99898097
157449467
595200993
296774933
858552850
549778550
242335963
590389256
127640454
82725822
519844848
716706161
891863329
769983933
102250267
780435064
888982406
27399446
472366255
783794286
629925385
716246825
96050310
774237609
629878795
987100304
147805191
322332104
921098205
548126250
508062797
443065043
200588692
717733743
556596764
204070393
307406205
19651712
343836531
440115060
542121053
482701321
942254120
820983139
347931099
810576028
842287840
546285627
247989773
841347588
118135587
681804818
633795930
420863457
982709274
329610022
362976083
366263270
167864015
962768704
599752610
290513845
588120462
918201548
428409366
561658796
931183119
985534564
727257647
548327829
998890052
717384761
762312864
790129479
17265481
40500065
753070867
683977840
947513092
549456183
259080477
831168449
440115060
320027683
428970240
644870229
719337492
908774777
934829039
228367045
547623315
521447816
984031570
222678705
837139625
60793130
519083596
905647381
435671348
204266874
945750772
94249974
125445259
894864950
579801990
477509810
886942664
372975850
321960274
867121593
611680973
150115228
577271690
529573406
159250242
15917621
653678084
822098336
553988634
56404134
973683102
622393154
719095835
437644188
299360490
321635191
310371949
779079896
541989247
549456183
865159874
236089264
964655243
89727520
316543047
124751142
801393162
50028226
115721922
10480620
611184474
819167295
405777433
989707241
360074605
513257425
959466116
423936197
907887148
6300175
570883861
71472119
51936262
179591125
668604121
463532907
401131637
327928585
988376492
72501666
837653399
50753306
117309837
912339885
51294227
668415225
510666485
282090156
312964811
672719647
484007973
383399161
632743998
799651315
390865
670197092
333306620
430864967
167069063
854226690
794186310
983982267
206193742
201499617
811765094
525613259
893227619
15917621
216546256
81008506
559946697
939504509
754810226
671598445
591770684
595351999
344184937
435424397
9189186
290571392
888636355
792924286
521447816
137289270
779079896
778413360
265759830
395684981
81125813
939504509
146317831
643477383
573378100
915606489
806595889
918555147
649374460
384890783
155008924
339704578
764314767
280348090
249222498
95613363
855813697
316453010
708299857
680851993
149187351
390540325
454165160
599698427
656977129
580646209
210782759
668415225
435378617
792924286
341833803
163029960
443699933
315276976
352837118
322731992
811785106
87093028
32795022
952799561
316997677
505010285
934166969
169963094
593388193
103132153
162238657
767628130
371266368
547778637
571337769
750746014
658325538
975143130
971924009
931267314
355809959
593538443
434304466
224067818
761424185
197603705
9259150
207854418
330105602
416316476
487098557
718752878
728194530
156468076
10109439
268183522
199119438
378838921
934332415
366016801
704585511
983207962
681470608
310307626
137289270
750185585
335209083
925687213
467118269
378443527
688117435
762599676
435779589
616109681
301882866
9952122
281369705
211303280
528245284
119202718
759574763
35903395
542865411
644108891
426279088
268522160
313735500
572428162
876854161
88742706
824621414
581354559
357692041
858864137
65780016
490608967
486666284
380057525
164486990
997271189
201580599
811728012
760197894
576871909
887027013
391815613
214520600
878197914
560700892
378905261
522799132
967952497
374303226
479211818
870865554
65780016
974458694
24466668
797269650
129519234
130368635
728002739
837134157
945242755
160683377
617422239
643759880
775261579
197489706
855380721
228857206
862692060
535200538
232036787
562336946
970076355
534747052
208537442
881427098
54669762
428409366
134599270
565673119
713053020
967604773
108954906
145481838
648517946
31757095
260601495
904858696
165826181
833612237
900410098
783964096
778413360
321222641
90940448
127918242
13418899
858422222
246864085
39042597
606875825
232255482
229832977
207985004
779022988
165166683
943281560
763641364
652611237
549456183
324838306
283478874
88844458
332898518
884336684
517898916
1467795
912288796
216714270
816238072
699947935
597245704
235810697
509679509
654310135
673066311
853187749
826466155
913830218
215176393
331555549
133969249
150561057
147028465
269147658
500847090
661847941
113278277
124314115
647875622
311573126
76097374
53591496
518316693
161367257
74727472
269043845
298526129
882279573
634321749
756007642
274782997
818812933
783794286
55127219
603713942
860487554
59538234
316500163
836875677
534747052
800170357
453289294
696639961
610390975
815011008
392926626
545187375
611531001
909422885
125140833
339704578
853014783
129036972
57584730
140153737
285859923
857878235
356973391
162127519
75992359
98741135
674492736
9077505
232036787
275775836
219343917
963484151
587097792
480810896
987375594
592963672
587943464
140504681
784656055
973832443
920126120
653746718
719709621
525613259
619774309
244131858
454709418
353074824
176993785
570279677
387896793
935707989
675476065
374158989
126601087
751656813
336409842
953202101
432629638
819586855
188721787
968066776
208795310
314915985
440115060
87496312
456419842
870439994
428133680
632815600
49207688
297385368
785467481
882985943
117797890
513012076
137448010
235726469
817128143
152672015
349732351
908735501
841874649
761858916
64020316
199873471
593985813
420071414
209275224
344437838
494045367
110349081
417333804
472080290
60673420
507572775
751286657
827750535
388923793
180567140
276980486
44896064
368007231
14428330
767992304
197603705
393465218
391815613
408950583
325792058
53591496
38534351
552843776
91839682
695973422
434123847
920417761
784132173
454644231
690487818
524023625
521447816
505796279
206464208
145169198
946525669
161377513
103119853
371057194
203787768
442504009
391704282
178956781
615821780
382812160
248478546
559560219
607846246
212309311
607186775
136607832
643759880
511724807
934332415
930360620
782067901
128847803
716083537
325953629
974427401
169847088
653899926
794548952
886931270
983759144
264787643
453223813
205314135
439458275
186549993
111576965
681648382
829959293
171835564
852360856
616204194
333285206
308885732
309831061
35238192
895842573
219120859
991437324
763864269
181246540
886190594
774336737
987100304
260532077
428323688
946688033
464300164
839651716
698590841
821412101
417375801
710726486
865951590
732891441
68536510
858615998
870439994
234499033
198995222
747474245
709787434
429032556
502715370
918780370
910803842
794212447
945784482
558344033
320503359
530209670
74570915
792702062
900666986
380641510
857070917
859922764
871268922
507305931
233104390
603343190
345356293
800170357
61465412
625571622
542865411
558344033
741938475
476390777
568485213
15806106
976685681
489935420
906587947
335493505
308839617
364451247
557273005
255354901
844163295
948190783
527125537
71435819
358285991
476390777
823181278
56404134
569177763
71837707
692467937
889376377
451740733
590454550
823247621
752741272
264754564
819816377
918201548
609162290
2819999
863680078
880537704
207985004
157618133
472546078
133230385
103333664
317410689
964638776
221143737
384701618
867756516
741987766
61575575
750746014
178209190
650606751
858864137
999829726
979677995
772394323
619774309
554126869
318115181
851198691
384701618
203117702
78219057
668604121
715175828
331294816
229113415
680048346
169847088
625608948
417528321
143413060
777798806
833379905
124119122
32933460
895535049
375111401
229843860
74727472
182398182
559946697
570279677
858864137
43820999
645529925
26302683
172634685
828659512
158732528
342388553
974151762
767865377
34359874
367172843
280114407
110203551
678796411
781888786
552734143
482294619
543826005
281168105
84869861
279607688
699905269
539778235
12320173
679978924
630801461
558069085
660396598
159568890
226728104
822182963
95613363
538742450
740213280
214911073
706812568
750767850
554308569
737354771
392926626
352639805
898519379
732891441
471160323
822612016
523280961
828770842
442791907
897573889
8648170
238632946
103462083
511761841
88133664
378905261
300564722
963459009
209665637
964874189
269136593
194254701
100339701
365492724
135143006
557631854
232134838
602259088
909000051
322755910
487267246
44237563
161956159
532156957
569117730
362138024
610235370
857488315
985543744
584826403
86665351
123771489
332566210
906695501
346368715
660633242
81626215
84869861
329610022
729929985
266427285
844163295
488825359
766178342
845503466
439180739
928731636
516594280
380594555
488745845
368425904
24466668
425171868
786460130
690195401
437432653
698296366
888233780
508262845
129036972
609824275
126763005
264404783
287880462
208178763
393459356
828947445
882868059
354858445
660396598
841545186
793894421
562336946
519022487
506896833
145879631
142360356
494045367
925806348
201580599
934166969
622704206
473833494
191616302
150167712
358946678
810320745
290442436
54695678
362692373
298526129
336697473
360128521
45192168
619743860
146038659
160337091
952201414
528498045
557125992
623103019
542819516
996693767
149187351
771674281
872572565
434157965
487670868
800738413
800579858
540434900
771912445
340946051
813918395
879106736
166120189
813612210
472011502
232365869
970663088
8493035
822182963
525346800
142037553
941427223
516594280
898519379
840328788
770478311
302860730
899899631
318788285
944566890
889281030
578935120
200284403
486666284
83027182
89816014
44896064
439708249
2384340
586240022
392926626
117384912
434670964
477509810
453968857
190427781
934201997
526280245
340915156
727220439
567018092
225645275
689473088
747103980
759159400
549046568
741920826
275792717
565275892
243678342
2339291
212309311
11859735
870409069
965245364
684230638
866241061
598869135
66455027
14428330
876035182
235494869
236337973
61827593
315276976
312964811
797948902
341007631
750746014
969852307
707982931
716653555
492886677
334622393
835471379
483055511
197436345
506515649
838910400
392490795
49896972
840261332
421208663
720964925
276630889
