73247645
153948174
898258302
222928713
134618008
740160189
387422162
564043690
992908773
772465874
759168908
549046568
856341706
379175837
460213201
745868910
242602689
851152371
282724279
866230124
319684987
44896064
241488121
586072013
335559058
831307042
97400647
879220233
102250267
676370399
629708770
828116782
112886465
4233067
583531270
971912336
534180331
284326275
443165136
971359908
781324055
408950583
216812241
741331732
678256121
498998688
507726804
40500065
425719752
332016333
758510367
743915141
199873471
290774194
827750535
974478732
706042503
274978340
255206617
769955194
321222641
784969695
406524814
773318026
882274344
8498132
416103440
487249468
180196847
197121258
738769861
695391373
945784482
705331267
572428162
590454550
407024082
33401964
282090156
451728122
96892456
320293178
781103672
798156637
320503359
117552027
20243155
661676142
793367918
868640977
264075465
235443621
863148561
621868124
875210899
275148426
310152833
761858916
659312694
98638580
745777957
366075081
120837685
693107222
260601495
476893714
658908536
550551169
268183522
377671299
587097320
259671697
638147832
827419924
134618008
124828950
599738284
800089371
48961171
915442420
137646768
11859735
407097341
998273144
983034737
938405712
176993785
664486530
190278162
548040207
895060235
931927116
955207174
128944627
760435910
651794170
840396007
885626042
24075178
353003177
222984022
58198319
456105109
252494340
848206187
769434185
676064801
102018169
888118552
532030154
380057525
380767301
300239313
981737499
153948174
335559058
905716622
240821971
119594401
370109350
611680973
806492209
152672015
436883996
770624708
421073603
530182631
306941067
283289125
831819045
766349653
560226231
792553078
9952122
787140563
942486675
504530633
469192528
30574845
246479219
411080432
596481200
723057184
509110891
595351999
800089371
383399161
56436839
406733306
67995708
11795907
523280961
706158367
554395372
528037567
957543581
895060235
937575462
422295578
297744464
903864360
511482604
675476065
26041975
850793312
892809796
29361641
115803940
496519647
717711636
87496312
686676513
87979206
239756458
292829326
220883579
216546256
520721595
877978481
23439494
405039579
171519720
630014726
598335883
861228542
741331732
646105804
852080353
269147658
192987917
240736619
757719236
454559877
941813494
599489223
467268454
393600956
298281942
546634987
207952787
29365804
678942597
151023350
910401135
795967141
223695140
180196847
553459625
680390481
216812241
320503359
521878879
44699519
681197169
594731161
46635527
775657172
543976368
549486176
325792058
687850850
630801461
90243903
107262809
258320345
127640454
285851084
837533788
567951535
528245284
992012809
217401238
189065611
339002303
220475770
489631570
110689703
257510397
255066033
185184271
424352289
686342459
287273929
524803129
987375594
437685866
835471379
234596180
126267669
437733129
850290613
175510143
122637109
775663689
193503327
875566323
442993861
333103035
66016932
840056636
512968314
4038153
447112787
706812568
450004611
250178805
911431539
889087529
807734609
598335883
728893038
667372001
688760649
404603806
442993861
90372097
675476065
110941013
586260881
302140658
970627656
704456456
777798806
838811546
23439494
140153737
217330509
25858695
858932933
398972640
477411902
314241730
159250242
769584139
340662227
542265752
570405121
696144959
798163988
105779553
658908536
596481200
442770324
125445259
691107911
858129809
962807327
969757476
165562632
85188842
353066643
766823490
877121343
970189
530182631
633039238
436979093
791319224
501558204
607430505
185184271
824627392
685504576
693951884
209728083
319771599
769371394
811785106
964874189
99687341
376023515
869668727
956363108
497172869
7516915
646117008
707345278
774822968
118933014
64806682
542865411
438453588
81500810
841373589
805413261
919448292
877349697
48033766
199119438
175054050
221387613
575197358
319991217
370210955
86199088
811785106
83959539
61827593
40388874
157618133
334236368
678149863
326619645
491380447
287239238
141352413
516506385
102402366
407163894
382966206
862692060
209275224
819012562
336509443
453289294
68859875
790295029
446072666
935416575
237583210
686676513
409416785
745254905
608039160
61932085
314947563
562336946
681804818
783549393
378294829
554040964
120997125
224067818
897573889
507483747
294846859
698296366
931927116
322658861
483094455
741331732
9840153
278134554
882274344
47509181
321676980
515165867
582678013
236357274
939652015
285265212
741938475
151291719
770489133
45203121
441679447
184197010
569964076
686976608
756831993
740092340
427594584
505278861
957894340
739881009
802738000
709032463
735437886
210082432
510737747
411167789
500040323
82930441
135143006
459060467
103030045
661847941
163896852
811785106
206860813
275556215
540987026
519039986
292962582
259601516
931464034
912339885
757584325
472102281
685639363
865822374
905850888
371343694
413179655
708440083
467517396
891989769
255066033
973863191
968984847
668604121
134704293
705910877
536283941
61827593
823181278
211891187
787526639
687909245
403574323
590542422
920276740
735577427
570883861
117552027
38953802
795556060
927886037
894267572
429669373
61827593
505041730
53551937
770710755
420504682
989563743
460223963
676370399
724489036
763991504
783602412
519083596
264786203
871296620
359717629
243362108
26259510
245837036
856660208
163437370
937696059
197436345
541026019
78219057
576144230
727114726
685504576
411466263
429193078
280348090
669742997
217401238
551473233
290513845
79574572
349923942
61807481
983034737
745405179
977051591
467403213
408833907
963484151
314947563
991088528
549474617
779324713
295929403
341048950
897573889
80878527
29365804
398158415
229113311
789380360
22035481
699947935
800796995
769983933
220585550
795556060
501204356
453740923
30324466
333625853
52220150
453968857
480773841
689808611
797423874
767403349
928731636
42954256
789707240
735374326
87468295
475775681
988818770
642437494
373006578
26474978
97050984
998204151
806120189
902172030
685372953
529573406
655419405
977454529
586072013
674669955
270651068
880709822
537977462
989994980
145557486
371777845
405433550
649095705
165875780
793635205
713225340
319684987
752664492
600561167
553704569
361054497
981958522
405433550
295884895
120809982
162214893
857336012
37007427
898835908
540321680
290932323
980900949
857681230
184251912
724884130
416770318
292234136
732891441
707982931
164114776
643788112
681247264
24168081
312892763
246130001
700757685
688036456
5367400
391815613
805213015
564043690
791162172
150159877
340897383
181629140
819167295
33923505
136701136
438453588
857487920
567018092
55382935
402737849
87496312
11859735
775489307
511654142
365492724
305564699
359662996
221737340
580762675
463158155
866619223
135042334
50028226
464144948
418467620
741938475
260601495
653678084
440587481
518140306
167021268
500836384
90987822
377671299
142556183
239756458
763991504
244131858
345205386
353074824
910789902
929276870
63859273
751449828
804830007
871268922
425011841
281011958
505147450
548529941
940456068
766099739
147460667
67335521
804320010
865304956
500512155
245837036
151487547
218254851
757465104
897264779
502215917
116806993
845602358
355506752
80590313
710137372
641212049
599698427
685071284
279676159
237431778
50753306
337024651
548337783
498464965
26041975
723057184
993572383
454490383
625707380
752435545
255354901
755586646
998710505
625402982
818182954
579184632
109310744
66763477
626137295
265149155
418267001
341833803
499601177
125445259
684916895
960025233
44093214
2384340
625993214
219343917
789877912
799515077
648420936
587097320
569771710
525613259
75592969
173867073
241514184
216219291
919448292
975143130
70145257
126661116
52478440
666746479
89883449
719772677
229099911
764314767
597870093
869634969
298526129
485885946
215972468
964874189
339321942
135708002
306682258
13825418
316997677
806388205
762454355
115743601
514690355
623103019
44961493
670197092
985307010
653746718
562336946
417440107
87048086
185136146
732891441
465587470
48961171
499481934
819081669
365884096
530447093
264787643
54513357
775880818
923551670
24168081
230997351
775657172
480783455
473398332
896192367
134599270
445418665
815416561
740867539
247716028
441585766
524610947
669742997
862067341
735134534
862176353
655033792
651653062
591185848
542121053
147805191
17646661
455581591
525100829
258259352
38161303
149655235
517008466
729929985
473345224
739266348
850884934
422096960
714597751
516232271
374303226
341194382
344015918
940132923
933788414
525100829
606660605
436243719
573132987
52725035
920417761
234642106
611804693
625608948
817649562
906595885
146979595
332566210
260204321
423642983
732891441
62037000
672845194
630550655
879106736
818748694
891554440
150827075
672378297
484028483
48866837
575391677
20323451
10109439
460625322
477888590
929038210
886942664
499751998
284691685
596365156
956363108
374238350
248734271
493853025
609078803
513760194
680048346
612231698
15425809
280348090
634995318
53503920
801551987
736657205
72501666
508767167
302636298
405433550
348016623
745777957
40293370
226728104
175054050
704048678
715175828
61432602
345917911
826666005
303339069
868712398
171519720
634424334
68461701
826666005
628041444
333625853
669742997
432676281
995630584
414962535
731226414
560691114
520236972
575194038
329036469
619743860
385906631
560986700
395661092
94114397
980568674
801393162
269244465
446995002
106389292
297530911
96892761
493853025
529037849
878131711
344410374
570836727
656439860
334997435
210939692
28079110
700152329
170453500
536861678
181629140
439180739
382280608
44896064
728139144
211303280
673374938
86960842
725786352
321635191
222992884
459997417
74022590
959489963
396375854
894864950
583348312
425875506
408950583
651653062
553704569
586240022
591486906
140153737
864914833
20762516
560226231
769983933
146317831
535066401
791319224
465335322
969457664
735387716
815192601
547273588
826841863
216568956
230505899
949222246
840238736
490590339
935213187
215386817
266583855
220689959
959317929
271293688
721130755
11795907
884336684
328485030
349732351
91228151
445418665
659312694
94095290
391905046
669742997
660991922
694787747
598869135
188626260
83924006
736657205
777049870
822618499
594109877
57361052
858089636
764314767
438557992
204651716
910401135
47523195
402141629
442993861
543689619
567543200
994386565
118933014
524023625
222984022
787725985
339911773
866006684
214569567
795952976
489330151
204720895
70426400
866965659
387422162
779873538
270320748
549295355
66067243
407097341
634424852
677325861
581478497
611804693
497172869
270440549
964689203
432180373
977357974
370700778
75868781
898895279
183228736
229397345
366944769
736657205
145647557
5810277
224884568
395939760
433309762
70490701
216588424
242056939
302548115
667372001
228278183
379071801
519039986
19651712
82207392
453407859
589254499
489935420
543040267
762705334
736473882
289849601
590286553
66641653
230505899
695763095
968721838
822618499
920138872
585680003
542865411
653964696
378294829
733857021
355845755
559328707
796342853
866241061
570883861
988922901
478592793
228604261
128847803
456419842
446072666
919847785
918636928
167617593
441314264
434123847
190485626
181907423
639067758
521288930
479282982
26041975
126069193
807998251
429032556
511334757
69635986
506515649
15418057
33401964
217401238
810366315
374627928
485652069
800339314
418779187
793894421
417972168
961892813
353074824
76597105
85919606
855221759
148311160
203117702
768977930
524887613
963243418
16148686
876854161
168823757
447474465
921963407
526888723
569177763
329482050
80590313
428409366
410257536
133050076
453963036
530330674
41815963
472102281
180536093
163370489
33554440
194324364
403932706
551598352
719337492
569631445
488877308
935589006
254545909
962625583
447474465
31757095
720648261
362692373
763991504
967344817
811785106
556596764
597133312
759168908
187929385
577232613
753008579
115743601
979749819
382788921
292829326
953533616
61575575
117309837
904132591
32496664
934332415
485046260
344859932
981426062
900874037
876854161
29302564
647253688
233032261
365002080
277362510
968672214
871721098
644286892
543250111
264941813
324288671
25080799
740092340
953533616
761065020
278575828
890317598
923353232
631137965
219339466
893560925
917861420
529573406
233027934
741938475
799555360
637306806
514829728
219339466
544193593
776176626
278837180
944982194
97296324
678796411
790291637
727957005
973863191
146317831
937039831
327062973
27085989
720648261
857084906
1818742
880513419
267472580
606147999
352515295
174929757
351228449
299360490
26041975
658908536
592963672
307817912
585680003
916032423
90987822
395777673
467118269
110393476
377351326
579662327
591476050
298526129
687850850
940529493
292234136
964689203
44710452
727957005
203787768
864545084
487026117
656605682
198618386
108550518
892882943
736297714
641212049
835122533
656977129
34758790
77479383
793635205
129173388
670224103
258313286
798080568
575391677
145271195
721494222
621834361
606147999
564043690
970336503
410605633
778568307
859290788
38284253
943194422
979917645
454847708
927702802
931927116
879072764
994995619
486931956
127918242
611531001
302599373
548522458
913505481
819081669
835535542
330105602
280563115
706162428
329408785
613080378
774525872
301724184
364249223
953533616
697826647
145915444
495061050
180327198
160356855
95780236
822618499
525110181
779376310
40500065
810464205
319143147
89727520
634399106
576446357
570883861
804320010
102031934
831168449
616150695
929038210
536925266
286086147
767574642
60673420
58086355
49896972
419848486
998710505
429032556
103333664
994995619
274887204
913318488
562336946
366512522
254449124
254609123
280209949
477509810
632815600
366506893
626137295
45714084
532156957
690138203
56404134
770376993
725144564
775489307
341692289
829980338
779079896
738769861
837653399
23022516
428940661
949188096
478217717
138786177
36608168
444627519
611647148
612231698
342388553
521556704
306542921
882731788
858592562
404603806
299785721
8588107
805213015
561650669
643057233
791655345
457634507
707457012
32965409
128973339
568485213
274831335
379602972
775261579
787418361
137448010
193078996
536861678
162815036
883067706
684483792
735374326
642067326
362912578
708623858
778263207
227566072
740575622
270286154
63859273
677025199
739565421
993540711
464278011
245710453
214875621
182758489
313693058
365229939
134704293
954701057
352639805
23022516
681773894
775261579
455333341
844472244
488825359
998273144
886931270
118523233
773570333
933788414
834159702
650465969
334236368
408950583
511334757
495453776
320416247
953202101
519177847
644196341
516958544
606700811
240548774
228820456
885434214
953157641
899491674
595444751
151027413
523761865
554040964
376808201
98638580
163029960
471160323
397586720
439699980
919847785
524803129
427365771
201484541
419848486
744707662
722518289
738198229
243760727
928612867
208795310
411167789
471160323
145436481
927385157
81925681
773318026
386891321
495540835
552614427
446702913
298526129
771751435
317505530
994431537
283123687
43100196
738198229
525613259
194495179
39042597
353785023
149874155
292962582
587672026
473644011
946558265
5405397
535729086
190734323
80649946
941574158
357608835
420125813
445065528
232208870
10169054
722495823
991714075
406733306
978690372
713765163
335789093
459033950
525824940
842046161
233810330
102589214
71837707
111700105
490712924
535875688
666810757
142836384
406733306
864292963
524897878
965245364
246479219
594900816
800793681
687800801
591486906
201285762
752438168
863984011
441679447
254831250
437644188
575194038
125445259
486454952
244131858
243906652
606533033
383236489
439553009
518140306
981426062
722495823
609287936
896837570
97050984
291168042
782067901
783794286
646521435
391682772
551192917
947257550
290273875
235494869
754787049
50028226
795339147
514690355
744280341
607539905
892172054
696102163
39556977
345917911
740092340
873066190
882868059
458591027
101506642
286813258
904858696
213348654
844163295
364451247
696639961
942855222
864043792
514874788
800579858
739754579
684459813
296792838
987375594
8498132
175568778
671804521
386990076
45583028
863148561
492614070
771065373
439156474
216546256
202763538
630368234
98649894
470585065
412599343
335944894
898096066
236337973
871721098
994166243
110852542
419421929
226958406
678942597
472145407
785467481
77987842
839651716
101506642
854862368
243906652
299785721
688806611
882985943
921536719
635375988
558098168
147460667
947954361
579801990
368658463
627030438
990686969
756064192
504372195
729771445
654343651
31757095
517915463
722122666
58230509
425171868
483094455
77348418
690487818
945161790
38711068
704585511
666146162
933935025
841373589
6300175
863407927
314226811
440139499
701329257
529573406
273661419
439693125
436483539
98479603
269043845
230505899
874581111
387259199
947257550
176350741
979917645
608756091
715607659
775261579
935416575
761966479
629695651
450004611
250592483
137196244
559560219
861354864
914414614
203698261
877740106
241488121
593316762
747749778
765385635
737434623
555070030
612472610
376439411
14558943
218918086
274978340
439458275
417033024
251390666
269043845
21264764
872572565
280656111
447317928
223673998
880064271
911024042
77076052
802738000
255403813
623294605
876418586
971851252
871296620
149460964
328652851
480783455
147028465
243760727
852832561
130368635
296792838
95780236
467118269
184417541
619939196
728950773
61465412
380259038
264941813
627211327
204549487
209728083
302178906
599601711
854226690
88853197
431084484
333306620
945013337
549778550
117552027
744707662
314947563
621093045
662940995
882274344
242602689
189876349
479015156
601347152
937536319
870887214
785615942
479739143
242602689
887797166
52956912
136335158
745438903
796711206
191616302
404603806
990320809
911042403
671598445
322412156
402353666
584826403
151641653
53551937
563050374
150311836
24168081
880227900
57361838
562336946
595444751
38122431
540737380
457620934
406378581
866829970
798322610
314355843
641212049
95866528
897092078
99096910
150535289
640993853
229038795
996636341
235980373
398731101
925031259
354786212
838160042
934615493
770376993
381779589
38621709
377003645
917536073
444669024
302893413
218098403
782067901
358602702
551065051
291387468
791241750
553474145
716382600
295884895
66763477
703164983
280209949
510515641
15056284
977030692
308934993
155347127
883597413
134599270
827739901
898258302
774840370
466583904
372906456
276349819
653964696
303308051
203698261
777099572
415862464
147204350
671575005
113314085
77037323
709787434
312570439
849578731
83872057
378905261
879915101
880064271
285264818
759867621
94114397
623258415
400348272
64448785
517008466
749793380
572463094
348337507
685071284
824328873
963459009
417528321
510130598
718752878
216485600
385712218
521288930
139722408
253595491
360074605
93944784
11795907
193049137
177213342
87979206
285859923
174703650
150421428
619468221
847136311
990552240
432676718
266427285
741987766
662940995
727114726
792553078
846647226
489053630
713723276
521090581
750255014
202713340
923367080
153948174
582625835
812266337
626137295
147460667
583804857
727114726
554262260
235015947
505772390
71902846
261404473
715607659
150421428
787600781
24241822
382738237
146979595
725730668
781236806
118790345
214253954
654848179
946261121
562076326
345917911
677175467
237208417
201499617
308885732
841866164
286397169
214895907
185630411
507483747
161956159
391691412
548651251
275556215
539764713
738551682
971277512
879915101
320065609
573132987
880513419
824544291
449502732
412599343
885760432
326113117
858615998
727240576
666810757
420340981
48961171
594694758
81925681
874788643
100102780
302548115
568954206
166610466
896638221
725730668
706042503
332566210
440115060
805088505
473786151
985579053
278073542
521556704
716059081
459917588
441297770
465077992
87468295
886931270
425923083
431698489
715978897
581590838
984549037
254831250
171989754
635868872
934332415
207985004
627828520
143611042
776565642
862616689
645614988
895060235
199722812
192863894
336762088
215972468
583531270
549295355
476893714
346368715
256871288
185184271
722518289
940456068
282090156
472145407
680851993
423072745
505772390
561064295
58198319
644196341
912253858
485046260
882868059
926268811
453740923
453968857
216333066
24961018
27556611
354899464
532527600
719772677
993540711
800875559
246245204
201777377
105741406
11955925
75868781
113651701
170714746
309831061
221737340
930360620
417440107
985543744
943194422
356973391
30574845
369301536
85350000
327133072
270901145
740213280
274126864
203698261
949692731
626965668
627211327
77479383
113108452
479015156
770624708
812718396
323135524
942254120
795339147
944110978
388990176
853120706
987375594
711621640
331913928
956567789
584826403
246479219
483094455
398731101
750818840
207220541
614980351
619743860
8011654
331555549
109820121
378838921
775690928
714787413
722673985
700240847
620176948
718752878
295376833
302140658
745868910
216714270
383905951
377138060
412599343
125501315
569033254
381417232
309012251
157618133
344410374
440115060
521203381
9698395
651545032
71485815
706691035
998094308
280668467
511761841
742061758
81816351
365121521
909000051
66641653
188626260
36393609
472102281
191796047
437432653
898951691
204720895
981655905
37327432
91839682
353101427
184197010
164486990
502635108
232271330
120809982
310375792
401733564
471147075
2268771
529662378
387846915
578271125
318942084
222984022
774336737
392926626
134618008
949376778
622504822
437685866
8588107
218934664
122786299
718947404
385712218
516958544
229113415
787832295
542296825
85350000
429669373
644817836
203698261
658325538
885626042
133297725
351318026
842980574
579009084
135042334
753032188
193958359
551065051
857084906
974659926
102589214
624077461
800339314
623258415
790291637
766401312
622393154
391704282
462474342
971359908
368658463
255748671
867756516
766349653
122002177
133840056
1594528
307406205
418467620
843193783
127918242
849911685
118135587
987002431
742737647
64025634
45583028
77987842
631821488
681804818
693529139
39454611
299233402
276706603
192863894
197819114
475502462
474456970
250592483
507810618
472366255
339002303
986777772
544676112
98649894
806595889
587097320
58198319
874528766
706460151
596940900
950642803
437458940
633955812
35374647
929038210
582415582
452342988
425399333
229113311
192487324
790279454
146038659
706812568
730608042
569771856
581807886
380767301
725730668
265759830
712644915
93075679
656539777
122489412
547623315
599738284
486538353
208795310
600561167
883595833
273311604
953157641
708662140
689783905
687909245
285621127
907528519
648517946
178021649
973683102
873066190
686342459
744707662
402353666
61932085
721961849
317142792
633388068
418976212
635868872
754787049
706784967
95687864
284960849
975767573
588980465
577897554
159390630
655512862
538906890
983207962
561650669
982233053
662295238
404603806
181907423
562336946
365121521
691234434
169847088
964655243
445418665
83977835
602698696
516839030
654202262
586181383
377666749
903332158
511334757
597931017
313949188
637225061
800207125
488432938
331294816
637306806
40881249
94114397
90070480
668415225
928989756
211303280
614747605
242335963
415459440
891888735
684230638
80590313
463158155
11770038
866965659
660396598
682715505
502698511
474955737
935721287
718720441
185630411
920276740
773362750
121888334
238124870
447804554
299785721
689403626
189876349
871644200
789380360
99593228
627211327
184109632
640993853
99898097
317505530
417972168
132594557
143002617
374244915
130693451
806584873
211415676
531144641
485242375
611024068
981812962
63815543
912621300
799662461
532461519
151299217
792702062
438937591
361781475
736297714
582326468
599255665
741920826
685504576
759433655
913505481
377238921
806595889
262729188
204720895
437485383
542224762
229843860
949801583
825383659
725024101
909000051
688117435
752114649
733227110
797989244
580030370
359944528
406524814
889269370
994525592
649374460
158991111
130693451
784015541
720417795
362180100
923871682
478557253
82725822
812718396
208178763
133678897
61827593
302636298
320021118
977649253
38711068
549209891
852272962
162127519
48033766
771063230
338336902
927361159
334058787
791162172
317353858
240511486
745908273
471147075
564696581
136113307
482294619
709787434
204549487
368658463
439553009
781888786
304181189
842287840
621458069
679978924
22948186
863114129
917861420
649374460
780027808
298281942
848310267
236840663
645323141
28079110
835126098
56404134
784969695
906243520
406858112
468435477
296774933
697899833
201243502
653899926
556530139
792856374
8588107
952788626
466999377
790440079
370410812
209728083
339531659
29753887
488551914
147805191
760947816
699555778
352639805
625900672
444763785
26041975
84529565
955685043
62971995
851198691
80280938
278134554
958756356
635129242
789078974
72217707
39371310
960025233
200229907
29413455
914414614
725730668
141906491
45192168
196090660
731302849
877964291
541520770
432033223
12320173
95613363
1467795
6947819
26302683
117563694
963459009
449626087
122138555
784620409
806388205
326113117
875726398
270661687
81238989
48333694
919326729
779806357
53503920
798080568
181629140
621093045
278306215
422732523
150246680
385906631
210744284
200588692
469722480
29660735
121083949
760435910
964638776
402353666
290332143
219391262
568483975
270901145
194254701
416316476
131034666
301336434
165257028
170453500
392926626
13418899
276329538
889376377
145647557
662394423
353781649
44387111
441200642
213178822
331913928
945242755
74570915
954869647
635129242
840056636
33868311
221200478
858552850
581807886
560768739
857681230
965245364
869671621
973251421
897573889
721500171
636460657
502635108
200524484
806492209
418779187
334717735
995706450
193503327
397586720
244045674
207083148
273247116
283053169
72129864
169847088
587893269
298526129
275823362
333268526
20265450
993986887
331913757
50028226
916366894
808495003
313693058
81806695
878131711
976935913
967451424
772394323
715607659
833877412
786780709
987002431
881392511
911024042
167069063
53551937
319991217
484261248
110941013
677175467
498998688
232775392
538576820
483042850
822618499
290442436
523949746
853219342
332898518
139519365
655905162
104266850
3046030
976965596
352757829
982198000
299236527
619939196
392926626
727114726
891043472
413648202
198968152
983259180
726794563
248983311
954641398
481748395
984638261
428409366
956470415
383241333
523280961
332168372
811808922
809971768
205032757
458336050
254831250
310375792
150827075
290019691
297029177
581478497
896837570
752267107
760567873
312964811
619743860
281065490
835140882
95076680
762705334
195544559
969457664
865951590
215695038
72426849
91942177
442026604
909000051
982709274
209972613
567848912
804320010
8054660
380594555
415089764
88978605
524610947
599459807
660487444
471434757
604073098
248116556
323987895
362898595
178769388
586240022
622393154
615087314
265066851
489450868
889376377
135662455
458591027
895485662
598335883
254610019
424841587
919326729
690810010
465587470
770489133
608183285
393873872
395180214
742950245
431757571
72426849
52618443
139519365
947954361
454847708
775470238
756064192
308637783
800935754
243760727
136018293
854862368
842638862
780685652
971851252
740946790
958265498
716059081
359789235
119594401
267922159
991774260
882985943
899899631
190427781
461530025
551065051
518666575
415459440
775370307
387259199
477620781
397205410
863148561
446702913
848310267
884818286
281283725
240710407
762312864
195593238
644965503
332898518
612472610
117563694
165562632
943341174
124828950
949509923
793367918
258674093
242791866
806120189
180740490
141352413
242730708
415871098
198021116
137289270
912253858
278575828
593496093
395777673
753526356
169847088
21538378
444788286
669140930
404603806
894096372
344437838
439949500
61827593
642504454
621943514
846079002
962748859
920417761
273247116
754978144
596330469
882459854
36303630
376714367
403687774
478557253
548522458
517753154
844163295
232365869
735079421
417063150
783964096
441793
593697557
960695343
483147450
502715370
853283163
130972419
151192763
229113311
853219342
141906491
11859735
265066851
746268034
670224103
126487044
558344033
586072013
479015156
741227136
323987895
590454550
280563115
360128521
898519379
316543047
722518289
341833803
909649933
687975061
662397370
712516726
839651716
762454355
928069345
150167712
981737499
409290282
174975912
934278056
253288798
346677668
495453776
520258147
3046030
307406205
536866500
197806806
221987246
260601495
145894936
902114339
663514621
815416561
519697347
145169198
508456476
368675318
880537704
779376310
892579862
559560219
316453010
819868481
493155360
808394658
89727520
962748859
931183119
997548061
55629323
150115228
673066311
759215059
354425963
802738000
600561167
290513845
725679340
221143737
965218322
993986887
274126864
415810191
485516324
13825418
358923812
191038521
896192367
254831250
998204151
126393525
568483975
628041444
912096553
444497733
606305017
493853025
711017225
714597751
136701136
284667432
517305096
24168081
840261332
644579965
801640280
713723276
319854469
100485736
747413450
77642454
284152087
69436781
360276463
592918943
417033024
745254905
130496206
244558325
369936260
119351720
802346321
611680973
772575291
26302683
47340891
755586646
468871030
93833336
983207962
947604237
345205386
678550115
486949110
203415074
122198726
344853361
17625749
696960259
50028226
470152162
814017697
842421001
229397345
77348418
278575828
886190594
134599270
454490383
989092282
126396471
91297501
367705107
83977835
986695501
940456068
989030647
596729571
155280267
876412645
612231698
196923852
100639978
61932085
339002303
739757389
699947935
744294245
579009084
646207231
923158448
216221926
615578833
683432155
661210112
448949784
913830218
929276870
197819114
527626738
871721098
434670964
127306217
72426849
829662462
93748428
590286553
197806806
636473986
162238657
224067818
72140549
502698511
290774194
167069063
429736273
158732528
774860627
874692678
6947819
653678084
366512522
107022763
704585511
689543058
525613259
883461195
540434900
688036456
232483250
795423837
598559411
44896064
146043011
608756091
915442420
850290613
725945970
194254701
549456183
234155213
762036348
982134229
978202502
26459486
349663397
47403918
837134157
524883736
145647557
91073395
872183036
320027683
977546820
635868872
118523233
174983856
370700778
622393154
905647381
473096031
397552683
232483250
885946716
559941954
3408431
392662226
814187523
91942177
103119853
438937591
693121584
704599896
753526356
899867813
216714270
627211250
667441999
663346707
1594528
531841178
339704578
627211327
344206011
778134208
200527387
191204093
361039145
194324364
90507943
643788112
83924006
931320437
976222171
472546078
287880462
578935120
747123098
57295197
188880963
793841938
1501065
387652133
882731788
945242755
136018293
207008561
715175828
118135587
98741135
666236727
4869813
141906491
56404134
521878879
877121343
741227136
727220439
188880963
347309099
493155360
840261332
681241782
944566890
369370768
656869883
932319752
878131711
882139989
575802632
586691717
700419224
720648261
103030045
130893703
333793439
234929531
294846859
234155213
132926710
75037839
336862102
57454438
507726804
124558954
234596180
428827825
521447816
447804554
206744726
915442420
31791552
378905261
525100829
819816377
405039579
381755180
321960274
475775681
48752050
787606653
445418665
935512313
852080353
499400446
718206562
300747395
811785106
80280938
983259180
763991504
605146969
143129369
13117486
570883861
541989247
145284413
132594557
697899833
458784624
201499617
194324364
524892482
283478874
140490391
851739310
183315665
683432155
760567873
314226811
725641244
810576028
970226898
87496312
858615998
438997712
826666005
270651068
65331712
260582731
331827195
895060235
556804714
103030045
940701646
822098336
743671620
221602931
713470861
320503359
254831250
384043429
648010563
756406580
601589387
712297459
776087577
52576393
846647226
795238041
834676716
741999262
689658990
762454355
103631677
368561209
50028226
268317800
644393439
971161105
535066401
816976883
874788643
165581796
736540687
33554440
320416247
764471568
619182572
505058581
456346221
501059022
283136512
326605788
941510871
884712848
244025764
325486194
521288930
982709274
162904595
557156977
198684857
351228449
75868781
690810010
367172843
293039520
345205386
634424334
167112897
481748395
517753154
562076326
971532666
456551512
265149155
967420655
331294816
627274102
644286892
442993861
271608255
971261581
117309837
677238959
203561030
181629140
230913905
786730998
94729104
823847585
13299278
250323372
72426849
903864360
142748878
112608721
300564722
627151299
601347152
378905261
489420835
904858696
366506893
814017697
97964130
378616015
908452884
223695140
974158467
151023350
579618030
883346999
274654908
118933014
77348418
959317929
42508280
633924325
512590644
846955244
611024068
171519720
138402621
866230124
206792
792310029
846208698
984952210
383478484
906695501
670224103
408950583
290442436
908452884
945547452
198682159
164364378
895806683
942621338
637217780
118933014
899899631
109112982
242602689
376023515
936241840
871268922
147537094
211345709
831168449
467260383
888075525
966026337
108303559
390726302
115308892
135708002
727114726
257013786
126277997
747292132
275823362
298281942
778825180
515687213
481583896
353344829
634321749
561064295
204310325
590869214
530089668
568483975
351565453
811785106
858592562
280563115
137918766
314355843
822618499
850290613
94114397
318703506
800738413
380057525
160195296
623258415
404719490
753580094
628905582
67777816
545187375
506896833
130693451
333793439
42508280
516271927
986777772
536249375
714787413
149460964
884336684
515066056
819167295
374347458
696060827
335549258
578271125
619182572
446702913
673374938
174975912
627151299
883180483
991088528
145915444
77724948
317353858
399420876
887797166
219339466
941510871
784969695
844284074
166144936
56209822
783571513
13544743
344241363
573036199
39042597
147028465
525100829
728893038
32111559
279728041
165562632
645323141
199722812
829269401
100485736
580646209
496022411
307155844
951349453
557631854
216333066
126661116
971359908
298281942
823120433
704599896
688036456
536283941
686342459
179707238
972446098
624900264
427273947
246245204
569682261
194862966
197814512
787677119
703164983
228367045
895060235
763761479
369205094
695732457
715198521
520258147
705331267
775690928
674429926
956363108
141906491
760246532
761065020
633834772
143611042
646102232
532928511
407163894
150114909
80943614
953183853
505772390
479015156
91297901
535540284
550481708
817674731
670224103
78064964
897264779
335944894
523761865
627855345
741221580
874909616
812994063
546285627
499582526
549138299
939668665
883595833
397586720
747235060
708648416
283478874
239756458
655512862
434533775
771537800
353003177
437432653
963881505
770415534
318942084
911401872
544302182
887951259
542121053
296792838
655627701
531424911
185184271
728950773
903864360
808495003
496519647
447112787
45548864
823023764
748992622
557125992
221989523
473096031
235443621
105809603
830866741
703553859
593388193
852272962
160058788
110351547
608945189
804145845
989092282
755374622
745254905
938024783
598869135
488551914
552527312
91228151
192349193
886918688
146038659
559085495
741227136
998559027
993010740
586260881
470152162
925031259
505510960
634099962
773362750
419421929
147028465
219339466
288613831
916032423
849756209
883461195
482294619
102031934
909649933
366263270
729611829
5361499
152419123
582625835
524887613
579988701
211415676
198099305
577500041
798322610
187634501
695763095
392662226
241545957
794548952
885760432
923367080
409516985
179591125
735387716
662940995
120249462
254610019
466999377
929584200
473096031
680390481
482926364
626430793
644870229
474456970
57454438
942621338
179094468
161956159
58198319
281369705
838676534
447804554
554078455
974911040
609824275
96623695
967429270
976222171
358317946
229962939
915606489
433322003
40508177
554262260
974458694
910949169
861228542
826864381
167984257
784969695
362692373
985804928
466541751
363171858
472011502
362898595
429886177
351688148
722636324
647750440
372906456
428133680
402262484
632936726
128891386
619774309
779142243
38284253
439693125
606395047
945242755
125501315
341194382
684230638
264791583
784793539
425875506
147956732
806584873
967451424
918636928
943297137
454709418
681098212
224806513
962858473
302140658
496825944
482926364
547623315
929326132
964083182
527957187
814655393
36050855
704048678
191038521
579009084
93748428
482163733
774840370
891554440
5405397
596481200
757502394
686280335
964874189
971851252
260190005
777099572
641022216
119202718
30879992
9259150
95372718
747987936
7549537
300559867
117309837
396375854
132594557
465095614
713225340
748330045
190485626
619182572
330451934
398731101
284360427
88519618
283788331
261404473
988821398
917719778
623528936
967344817
340946051
875210899
840238736
95687864
515622658
149187351
214569567
211415676
81626215
876854161
57095374
56209822
905716622
211449370
685071284
147460667
873708339
349028849
445238276
473133423
768335112
398731101
802767703
509828259
912288796
985010043
465335322
464278011
988545087
193503327
555563828
571397692
841176438
257573820
611024068
94220011
45262634
67995708
884219840
360516388
886336505
511654142
83872057
997870597
11955925
312964811
759313172
563050374
260763027
590389256
625608948
871393718
53739143
341692289
737289701
332016333
306360331
404084671
369328462
461537283
361873276
790279454
766823490
458727445
249122015
331742386
374742749
761966479
242184509
259601516
529037849
33868311
79537892
897573889
117858998
218914439
741938475
821738628
243675866
905716622
306596048
716246825
751656813
389961961
230997351
13544743
298475291
565916153
169856604
65780016
36465986
299510781
990552240
380321310
5361499
885760432
169856604
889281030
489935420
766043340
120110305
496035406
824544291
670997786
869668727
924338203
366075081
241514184
131226189
181907423
753580094
584826403
239139045
809971768
740517129
691840120
287333745
910332057
812868218
660991922
89883449
974427401
705872656
8588107
296382470
822182963
192056919
66974346
896638221
509253570
979119242
906274739
44896064
592918943
549497524
71837707
202583777
747749778
6300175
278194783
184251912
927938402
421073603
318703506
313949188
90372097
228278183
971400820
48866837
739881009
135021494
232365869
368561209
686073636
444075591
200524484
16148686
27556611
590454550
236357274
93944784
495453776
219120859
378616015
49896972
451017665
299942502
366016801
861792341
846869625
44052816
650611865
199119438
801217518
897573889
799008672
415571890
715607659
955718067
44961493
769983933
893841984
329102098
1174185
250323372
779376310
971400820
252518544
682110764
135662455
112886465
265304563
98479603
226167730
688117435
192948180
886190594
724489036
991774260
767198560
390093242
371343694
957543581
146576630
438453588
341692289
753928000
298281942
945242755
846802766
305643667
401726127
591770684
150827075
738769861
536404241
79075644
121083949
290019691
348686829
755441589
971924009
546333426
866230124
968721838
741200146
246479219
286086147
430864967
385627525
469192528
809076111
424367098
27178236
333442434
377671299
561650669
432180373
718419158
790291637
32496664
72501666
502635108
206792
527178335
199183157
852303032
353003177
7025229
603649831
232483250
158992872
110852542
882139989
497459943
874528766
34758790
630801461
71837707
436305342
880537704
354786212
145471849
170739427
450004611
931255729
986762481
763761479
758510367
484028483
119594401
551065051
126069193
264941813
795423837
237208417
995661260
707665815
17545431
532030154
699786927
470456495
309012251
69436781
345356293
258259352
331294816
392662226
670224103
308934993
232813818
688036456
524892482
107299403
131034666
910585520
891863329
98638580
634162314
226958406
967604773
604073098
756406580
801393162
715978897
881178428
222928713
670727807
798156637
685204054
119517565
366263270
737434623
507572775
499692193
344437838
167864015
931047480
886942664
235494869
688553925
279623971
886190594
229113415
638616147
856232747
182280063
837134157
187634501
679978924
691911010
227294508
385712218
459937592
160025090
246479219
841373589
265610898
119517565
332562064
206370355
931320437
267445669
648087082
62268176
442993861
545390143
239139045
4038153
408950583
549295355
478646447
456419842
480979416
48209866
905716622
321222641
836347383
241498136
517980565
402154912
302636298
797989244
608183285
126277997
318942084
330293791
507572775
276706603
552527312
779376310
190668430
733823350
94249974
523800016
796062821
167069063
705464292
169105295
851198691
991616585
20323451
742917859
425171868
59793356
132038040
998094308
569631445
329508039
283788331
624077461
576519838
282371766
551598352
899631676
428862479
468835088
147923576
858089636
688361030
514874788
659881526
740575622
627274102
58198319
33554440
384043429
425875506
198995222
125302062
302860730
143413060
528043876
765385635
370109350
467268454
810366315
305892065
879220233
457402625
183048475
656605682
649174687
872098868
728950773
831819045
913106313
925469895
998094308
751924123
676064801
560427605
98460514
368561209
897569787
620855530
863112812
378905261
102018169
841176438
599245265
25080275
762454355
404084671
599459807
772144799
631513654
841347588
977171466
174975912
762312864
307817912
962343877
308470037
548651251
235053409
858615998
242590481
682332238
553447172
432451664
37327432
432629638
753008579
747987936
939378739
325486194
729611829
690573252
710726486
843267370
561462960
376023515
71996542
891888735
977454529
538576820
876067150
853219342
998559027
854226690
317505530
217330509
902794171
590286553
140490391
412599343
117563694
126016392
446487051
352908178
110689703
731334629
800935754
119571734
307817912
994431537
625608948
758655559
968024554
909372225
32309270
805413261
986649990
54513357
235443621
378838921
87382879
32496664
569771710
739266348
151027413
493853025
592907268
763542833
389091410
716706161
303660073
577301783
361873276
20039351
91839682
925328363
281168105
140577335
793635205
747103980
113651701
844163295
444053332
330599707
302548115
184417541
904858696
160382727
210782759
782483652
831949320
727957005
5367400
127918242
74073826
209728083
540987026
716939903
222984022
606305017
163896852
776176626
302178906
640396176
939137546
453091637
370700778
271515954
225747598
434416659
151896852
852272962
934200491
850694891
71837707
938095652
48033766
395611976
528043876
33554440
426892
300559867
112927118
417440107
142360356
655512862
784620409
975566180
700757685
718752878
909649933
165562632
824544291
945242755
893026756
67338729
678256121
673741086
576510380
936664724
328652851
719394926
846149571
811785106
145169198
534747052
134749986
716059081
303660073
313447024
386021526
918636928
585258973
355506752
947513092
415663780
910949169
493957721
586691717
716823762
285859923
102250267
931320437
764314767
982134229
667449159
548327829
660020757
464211433
431950369
821412101
738769861
344410374
154036209
322731992
159250242
436367177
246479219
783571513
343421639
999268607
508262845
39556977
428409366
131034666
819109978
333625853
288971962
538576820
54751104
99294968
333625853
40508177
646682853
770501453
877385198
808898840
258320345
95655687
932753234
79592443
86747561
388860640
704456456
289849601
755758263
646105804
173808523
739266348
934166969
248777096
392926626
401847069
736410147
176764906
570883861
796698725
621458069
220475770
232271330
544730167
404084671
826864381
686073636
777099572
887912374
904858696
151299217
270440549
973510014
609078803
640396176
784015541
72501666
348980765
649785144
495059777
811785106
28079110
174696762
185136146
495453776
1818742
883180483
531841178
437685866
336509443
998168674
441527808
716589255
194254701
622037652
45985840
454948676
577212900
225050076
751449828
939378739
615321522
871644200
669056316
432451664
900410098
877740106
596168011
784132173
939581799
479015156
290019691
116806993
276757601
190485626
586240022
871721098
39042597
625608948
247277568
149132440
725730668
478779172
361725321
660991922
465335322
757337369
844163295
16890647
845602358
43501170
490926131
105092797
896795008
564043690
274831335
121622111
334988404
404897926
552734143
819167295
246130001
947513092
558517437
787606653
184350727
580646209
530089668
592907268
824623378
164980179
883346999
971359908
332599595
809778338
842046161
569631445
981685145
887797166
737289701
918780370
2268771
426033596
614747605
477016810
110852542
201278334
96050310
437993694
591476050
72501666
808555803
20265450
435106113
886190594
49207688
211143812
397586720
548327829
735082602
36608168
616238961
829366216
365963243
344184937
257908293
160025090
201949849
572463094
780435064
261717200
22948186
146043011
799555360
284360427
518140306
857084906
767791207
653678084
153292970
596729571
776565642
97640382
206792
456346221
78219057
739754579
934208982
303339069
256871288
53551937
198931646
10960934
348980765
924338203
949251978
270651068
549778550
104108403
650465969
779079896
544193593
186478315
171519720
271777705
361095794
522661800
487670868
11795907
273838005
10389605
676064801
458205899
177022130
130693451
689469417
52725035
817846191
283136512
795238041
85919606
404719490
91942177
763542833
112293779
838811546
745450166
905123933
896638221
339081775
838279504
978202502
457402625
533623721
91297901
492886677
843299956
536861678
163957989
742061758
211345709
678550115
988818770
900742540
61827593
597582799
24075178
581807886
952829156
997362391
882868059
484007973
45753120
472011502
655512862
906167289
609824275
619939196
907887148
691234434
677808970
435325487
740575622
787606653
446995002
483115742
645323141
165257028
750720079
284152087
272688045
445380789
144137011
630036959
188107766
537069076
243961347
961097067
270440549
685203934
270286154
712644915
439458275
853120706
571510333
277087679
988545087
597931017
272130765
258259352
295929403
29302564
242537886
240511486
545811890
416336399
67995708
610235370
451017665
683608847
15056284
811785106
276630889
87093028
933009991
111802658
134749986
314226811
496022411
511724807
573797195
692460040
912096553
690931026
928576498
4679574
530094740
105551897
274887204
234633871
887027013
211143812
720720
862067341
360128521
532928511
806264998
590286553
23989768
255354901
26474978
151299217
569682261
620338375
659632532
554680220
463825123
977546820
171519720
22576800
38626513
875337132
996636341
822618499
94152580
219120859
741938475
234113305
414962535
913982657
928612867
264776487
875210899
222984022
937928423
105551897
406378581
450709277
252456791
78064964
46076949
633506030
179591125
772394323
159390630
728820175
675442190
30243491
74182363
577689516
442504009
180789791
447474465
655268508
923353232
706812568
360516388
925806348
25035855
99593228
623727264
234642106
216714270
927385157
962296933
45224215
149874155
669742997
52220150
378616015
589144625
612472610
428409366
502635108
859922764
720306601
859450423
275508048
553474145
423877534
548339437
864292963
135662455
576437136
983034737
741938475
712297459
530254402
572428162
708623858
709250076
990320809
122002177
292028629
149874155
734816884
935721287
879106736
519083596
236337973
557631854
607539905
208178763
320143785
393459356
367705107
36010087
200527387
306941067
973251421
236357274
25858695
582472967
628140902
839651716
880012975
913505481
762705334
819816377
440925808
374830492
711000983
722673985
817674731
538576820
778134208
847755156
801181956
808020105
265610898
11955925
134599270
500618614
947047242
647783039
530672620
365229939
110203551
982709274
77037323
831502419
600698969
37327432
270286154
815416561
827739901
270651068
737289701
696639961
532030154
407527358
472546078
366075081
800796995
276329538
216568956
708623858
338596329
483042850
987026802
542819516
252844762
644870229
707991037
345097278
496035406
660967161
896611764
473508376
351565453
200985064
86747561
775470238
29753887
381417232
564114473
848415193
264941813
589151918
886190594
863680078
307755238
681982810
81816351
228820456
828606594
543689619
171519720
465687668
274792471
510319341
140577335
89763425
791162172
507726804
720648261
294620374
366506893
882985943
744301238
224806513
439699980
702589140
837134157
243990042
802346321
329102098
599698427
803348859
841347588
160600827
987026802
513386070
705613344
700152329
99593228
45548864
964150595
609824275
340839022
982198000
430678030
982198000
454490383
358602702
979092745
896638221
339531659
188107766
171835564
260786658
878131711
874528766
255748671
395520796
741938475
444669024
927938402
246864085
982233053
924429248
325130264
707665815
577301783
395535387
236337973
54616746
125928
504155341
646731251
714062982
274782997
580762675
73065862
988703377
482294619
704585511
36608168
940235643
725786352
779873538
49207688
281369705
662326482
579491875
928147972
165648706
797948902
924429248
278267987
113063301
44052816
740517129
737264169
919847785
147028465
510737747
426892
477674380
523280961
548327829
627506813
731979344
413310076
744400308
50140325
312570439
16654254
637118212
279728041
677303761
403687774
575615876
966211512
671408448
115152927
109655940
436147432
908452884
555309644
117309837
835471379
190485626
435378617
464038316
450232238
562336946
889376377
380408848
49344570
98479603
35025960
672719647
80649946
346677668
723274557
16486398
697214758
332566210
907355482
31793659
212011689
326619645
977546820
953725925
437644188
17366736
81626215
211143812
569631445
841319097
571065410
483115742
394107970
530628194
264754564
302140658
606211401
986202696
827739901
423991240
593388193
206464208
470558447
336282492
568312199
362357499
162904595
322547930
203698261
314355843
180567140
180740490
473786151
37327432
882139989
758145277
619449588
363171858
410779421
479739143
759260946
576510380
416316476
749622606
955160467
604232450
415350821
718947404
546957445
267640953
720648261
66308413
422732523
290019691
540434900
691107911
671804521
285859923
17545431
300559867
171519720
739756408
475899735
742893681
923849121
391053363
209237236
619182572
387422162
677025199
7588651
302548115
833379905
616621658
925806348
505440721
153948174
927886037
366506893
574402261
447804554
898258302
78117061
285621127
779271529
414784338
809848616
844163295
246130001
57454438
125302062
495256522
611680973
648010563
888982406
122238417
452606017
770501453
133676064
301173592
814061347
211515340
578981687
286813258
361931082
626137295
440359811
382738237
380259038
554370391
566288981
841384306
658009114
319991217
876702362
192644516
706158367
213709711
554262260
387422162
16486398
523725805
811515830
54751104
250331710
933036886
880513419
249222498
27971395
321222641
903923151
643788112
410012593
670197092
302860730
690487818
300335281
216812241
335944894
114191416
877121343
732891441
711386934
801640280
388994831
224380568
796862271
575592979
720931225
917253567
334622393
865340822
485652069
173212111
135989877
160683377
565897524
497292460
446812626
99653412
205032757
184083696
696960259
843267370
191616302
496519647
219391262
657549791
676786592
771908616
307241095
38614350
994431537
560986700
160195296
178061338
698296366
529662378
721130755
837858663
239756458
309012251
518070524
203698261
530447093
271970424
220585550
210082432
126393525
80590313
105575701
501678262
934201997
547345740
921963407
122637109
271515954
503824334
336762088
54674614
700757685
607756409
361273813
251390666
285621127
164048640
485046260
352031342
362138024
560875812
945547452
722495823
461530025
604073098
923201463
344015918
246479219
994431537
762454355
864043792
257573820
952788626
852080353
593985813
624077461
44961493
739472751
2
699353459
808658516
604073098
951349453
352226874
637339759
596940900
63859273
514829728
333285206
888792170
960462159
203698261
907410780
243961347
202583777
407097341
881670849
161377513
266132950
326513436
962748859
150561057
844919271
545390143
981128300
346677668
787606653
56738070
837139625
199334486
85188842
800089371
892432492
261404473
828093399
115992489
464604348
73864401
896192367
76223320
122274217
360360
229962939
752741272
580305482
822674418
139730253
491380447
647295079
979092745
540174870
222984022
412579404
747085371
634424334
553340230
879915101
899899631
135078348
865038089
758111256
855380721
951349453
883180483
826974842
591185848
746875441
74022590
380408848
218934664
294846859
66308413
993540711
299785721
89520791
527683513
447804554
345917911
217330509
542121053
536575902
125928
703654332
20977225
22278989
470666643
430864967
897959226
931320437
783964096
1788755
19759641
62799122
26302683
248529623
217330509
244970320
67777816
817674731
354899464
872183036
835126098
662940995
619449588
299942502
304517263
935547852
177278276
763682428
282724279
636105670
436243719
600636337
754863889
374627928
801684231
925031259
900874037
314947563
46836795
242602689
248478546
612472610
927385157
900742540
207004841
545187375
510319341
213348654
188153395
190427781
95780236
344944507
560228737
941574158
807536860
675781280
374627928
934166969
466583904
847755156
451728122
374347458
629995551
270651068
551473233
860559593
927361159
785325286
100485736
896611764
124828950
888979136
560986700
204651716
949289975
800793681
780392260
536861678
752689146
55272595
216245200
584139574
428970240
94220011
37184523
124314115
546449793
664359393
727979205
842046161
107484462
585258973
619490260
521878879
670297113
125928
418779187
250996186
166144936
52725035
678418025
614747605
767303201
30879992
241272190
386082955
798156637
761858916
16486398
906274739
596481200
330817280
468871030
48033766
105551897
283136512
269043845
192234458
648517946
815244856
998890052
584826403
352031342
747413450
620176948
927702802
167069063
296235368
909372225
137918766
102589214
840790917
650465969
762454355
232134838
525110181
933604376
548522458
858864137
417375801
885248942
150561057
744202151
643477383
822612016
775261579
64448785
741938475
625608948
842629962
923201463
204865575
31034574
298075007
741331732
447804554
504530633
172835136
828443996
720417795
418779187
142037553
809076111
16711860
871393718
314157515
380011149
270564331
322603098
24241822
10169054
151149875
675442190
80943614
894246612
283906395
373384006
449626087
432451664
198108999
477509810
784067079
151291719
841286726
45562375
412599343
256871288
308934993
482576192
66011108
544162488
689543058
485652069
63013446
638727205
931584215
813918395
25035855
220379441
13299278
599553543
868146443
581168028
135662455
338596329
274831335
122883304
889986276
515526596
644713981
636473986
302893413
402737849
843899893
599738284
800875559
327133072
433322003
888118552
415862464
136199616
642008218
438453588
898166965
566993562
520453538
626940430
91839682
313693058
248529623
77987842
931584215
132038040
194004257
827425557
364249223
391094740
209972613
896837570
517305096
220585550
892809796
561462960
800738413
707457012
901639211
548944911
818938973
301173592
233211594
308885732
691141367
374673363
44896064
722518289
611680973
939652015
967451424
795455988
837653399
510130598
592907268
794186310
378813770
89727520
222928713
537295748
489631570
23413435
789877912
742737647
418142348
197121258
113108452
509112229
676064801
444554121
69218615
745254905
444832021
490590339
285264818
549456183
573020095
310307626
823181278
545444603
668184214
119813829
843230305
871296620
419638533
506808017
480773841
857070917
420340981
785615942
224571756
467403213
912253858
550481708
305892065
840261332
859290788
711017225
751449828
511724807
556530139
184251912
326619645
274978340
265508162
733404776
922173907
391704282
557156977
565275892
15421088
549474617
842287840
840056636
812266337
837653399
988545087
489420835
134749986
722636324
676064801
976222171
1788755
141906491
540250925
298526129
135708002
362930671
360128521
554395372
356729898
143701692
575194038
558738068
775370307
495540835
259869193
410605633
527178335
264787643
986777772
435424397
160025090
765025283
490057238
368561209
862692060
866230124
304517263
859290788
763925952
157618133
80943614
929732149
372906456
242602689
39042597
844163295
242602689
219391262
16148686
806595889
770376993
185136146
682081390
422732523
417759360
664013029
90608213
972460562
91839682
527626738
216588424
365963243
581590838
586240022
525792721
620669173
582472967
776087577
65196859
60746186
145401030
197489706
562076326
670197092
432676718
662836884
752741272
260204321
556530139
710137372
95613363
281065490
280563115
422891295
1467795
420504682
615410090
988545087
957894340
294701650
761270887
606211401
812266337
372754773
48438896
216714270
464604348
732891441
524765267
485242375
200519314
2313031
282340851
76008079
622037652
305431392
619774309
291703974
383478484
290966067
24168081
10158665
62832967
528043876
959466116
22278989
317732665
880064271
480271897
634321749
934615493
940456068
503962789
834061110
53551937
831168449
936664724
301415326
225050076
562336946
386559373
203698261
429886177
662326482
490881178
561658796
332566210
939581799
616109681
347309099
366539407
855406361
269136593
64132502
360128521
976685681
297029177
182280063
922732176
120997125
963243418
343421639
849827760
15684663
917536073
636460657
928237777
222984022
261219421
662940995
313674752
199734305
284362512
769434185
576831545
981741436
361184389
351607620
876854161
919319699
520438227
599553543
290348645
559137700
391682772
779142243
892579862
165166683
179591125
153838836
216546256
807536860
325486194
415459440
916366894
882731788
527816115
165648706
38120582
329610022
848893267
414130225
457402625
535339967
29753887
183228736
182735029
107022763
315471574
210744284
245049671
508062797
53591496
223695140
145481838
165562632
806338066
781628275
849756209
45371218
671598445
968024554
774380516
981426062
213348654
256374784
149913510
988846505
216730372
252872783
201580599
587943464
658823951
561541767
287168713
429193078
421017925
20265450
880012975
291574820
688361030
974427401
266132950
728871327
931255729
94114397
13117486
142836384
761966479
684120844
846802766
465077992
602019714
472102281
333190216
999829726
689473818
366506893
317758433
16596268
306022453
228857206
534011294
378616015
834061110
720900736
580840904
418467620
664352708
702467891
732891441
605146969
377364351
596330469
434304466
214520600
521582976
246245204
185184271
820983139
366944769
392651265
425011841
707665815
931047480
360128521
191960613
48033766
554395372
508253235
396759893
441072212
758111256
3660796
85919606
925806348
87496312
643682129
709032463
877740106
782483652
963308892
44052816
404719490
687975061
102018169
799867044
162378889
554262260
62037000
819081669
28932134
929038210
857878235
460672795
645071091
414135213
506485259
366327154
354108923
508262845
197806806
284396336
647750440
44093214
71642825
14428330
288524703
150995857
523949746
976274268
532156957
562336946
9684938
134599270
747085371
260763027
908476210
175268445
90987822
603250276
735577427
85350000
46836795
437644188
248806690
432298794
822763980
516506385
702467891
160356855
715978897
943745273
465077992
404888096
365002080
410998985
78219057
516536735
624072632
769371394
211345709
933193833
209665637
739565421
226555893
544162488
770415534
188880963
161875293
675442190
476893714
705675831
344991991
858636838
15297986
809076111
243689291
580736632
709032463
183876027
642577670
505147450
786146079
261097082
247989773
29302564
782067901
473832806
597870093
307755238
200284403
670224103
801640280
734598954
891863329
580030370
180991039
478502859
704585511
488432938
725679340
763864269
625707380
91381269
550551169
5213705
541989247
291703974
217976053
117309837
390692826
358747046
841055356
160356855
647750440
909929532
89727520
687850850
531144641
362976083
672707790
472102281
319684987
856852331
518558863
118135587
812266337
278837180
51078894
72945029
460342369
514290642
511626753
186268418
494741965
475899735
660991922
205032757
90507943
578981687
756599829
43854334
795556060
831949320
370210955
502533672
623528936
133969249
512968314
581590838
221450585
945547452
642106262
313447024
891108534
841319097
90279914
609824275
956927093
929102462
903844963
498998688
688117435
502635108
880537704
594218361
129519234
165562632
934615493
565958658
965245364
947513092
189831506
666965173
657360042
352515295
414962535
545390143
762454355
266715609
382330081
906243520
139519365
1788755
997757309
110303951
875726398
435424397
536861678
597870093
157531739
230505899
167617593
25080799
191616302
667585662
314522488
865822374
576189581
775470238
716788345
971400820
779306540
658902758
713053020
982198000
638060887
276630889
201777377
333306620
428940661
234113305
829959293
453740923
324838306
670997786
767791207
883727329
85919606
474870362
218918086
690195401
408950583
521447816
607539905
989296944
583142376
268204099
536226848
415459440
283482347
562336946
709250076
564973561
718419158
93075679
882459854
992638629
299233402
858552850
607893706
647847742
249398623
531144641
246704809
198931646
137918766
879217263
80878527
478557253
320293178
155347127
738181469
200524484
298851189
469590510
348337507
788618903
79987839
895060235
603649831
22531247
840342528
315437346
416475127
518140306
22278989
502635108
626940430
884336684
896192367
204070393
916032423
40861181
269136593
864888528
866619223
36608168
486949110
903844963
228543893
852080353
114961202
203698261
95613363
668550997
997603707
210782759
4059299
219391262
574245394
314841676
164001329
304517263
382728456
654310135
438453588
508685738
774380516
398870832
826841863
689469417
65593665
787606653
549778550
264075465
96892456
136507983
679978924
985534564
762454355
250673296
938988204
366944769
691107911
611184474
644713981
521556704
931464034
31757095
667585662
705675831
274831335
516594280
164001329
26041975
510666485
988376492
25080275
998273144
165826181
145915444
817649562
577558397
740160189
648182276
870678313
993540711
268893415
893026756
253288798
30230170
235443621
552527312
479282982
617477730
334617515
917009561
99593228
648947535
176725891
637225061
927938402
871296620
780963581
485679014
484018344
979119242
278538337
698296366
747123098
351318026
197806806
801616182
572943904
988959073
368425904
368287830
347646203
580632295
669369004
430721992
407024082
998273144
95372718
159390630
112927118
544162488
133840056
430864967
320293178
535695959
689473818
612472610
302599373
718417780
694308716
786460130
725641244
701273144
541026019
771674281
479015156
969852307
964148649
354671855
124558954
780392260
896099040
635375988
835140882
976274268
89883449
145868834
297386116
654463684
900410098
909000051
238673757
886190594
510130598
321676980
62095836
395939760
927938402
89287156
466555080
425011841
432676718
314355843
677175467
754978144
665547474
82599855
882286189
273661419
274978340
522799132
45913159
671408448
18315170
216546256
935721287
140490391
553988634
467260383
845602358
49207688
362357499
859290788
759574763
656977129
316444619
197814512
485652069
638231051
898593987
863512815
94136798
129519234
266319182
75037839
282090156
139730253
228278183
295230283
765385635
78845301
757465104
251124674
665867451
700757685
502635108
353096897
843299956
711131408
101816607
431450824
72426849
75037839
919847785
874911723
383924113
329408785
755654419
621458069
659632532
76500836
735530511
862692060
688361030
314841676
767785320
510130598
897573889
89727520
647117243
707982931
410672060
431950369
923367080
768766400
232134838
125928
596729571
294786451
220475770
787677119
279676159
333442434
873066190
668415225
142556183
476390777
562336946
34758790
611804693
755654419
450323755
998890052
197603705
902562470
410997708
945245484
460959672
593388193
209237236
998710505
385906631
364139037
553729773
658902758
808344340
164048640
933788414
521878879
445418665
243990042
845657619
122274217
870409069
946688033
711386934
295365973
465525226
75172869
140153737
229832977
942444918
95687864
455333341
334262723
982233053
454165160
348872322
962229774
998168674
874517817
420504682
716607649
460213201
507726804
687975061
316543047
167069063
552614427
216714270
41506572
807998251
557453375
242730708
995367038
377671299
391262010
819973676
877740106
971161105
747474245
870409069
384701618
505147450
689756318
536575902
948401257
944990341
889986276
811515830
16486398
616150695
518323814
150167712
300101620
413629456
692547691
805213015
872232752
543519592
513012076
587097320
767303201
851739310
150421428
322332104
318450931
476893714
446995002
170714746
54695678
547345740
423642983
560986700
781628275
111700105
306022453
985131823
477509810
999284815
769831311
167112897
953157641
777719009
599489223
785325286
371777845
12320173
102990945
194729384
391326650
770465479
693529139
514829728
645175937
643682129
858788134
119202718
155347127
357039880
922173907
981426062
973510014
232036787
109310744
507372030
47523195
579184632
615410090
383911206
481583896
755758263
753962079
833877412
49187205
93075679
193503327
835392110
864914732
15425809
279676159
769955194
947047242
315437346
109655940
140153737
947513092
143611042
30879992
670973172
483115742
483094455
410997708
496825944
998577116
792893361
421992274
480773841
68401094
958265498
529573406
607014349
775261579
361781475
355353113
413883743
145879631
993010740
395777673
75592969
845657619
326605788
49187205
152672015
324389569
689808611
571996876
419782569
253595491
339870067
734598954
163896852
126412316
197489706
360516388
460672795
45753120
358673334
583081545
569682261
615578833
165257028
499481934
874444523
365963243
763879426
525698965
228857206
495453776
252288633
140869348
336862102
453018920
990024296
564043690
49440753
109310744
848630772
696960259
478658248
643788112
816331270
623727264
165826181
846208698
736062582
347758716
365121521
402141629
597870093
854226690
651653062
841015483
38840075
911431539
486804716
452606017
206193742
786460130
303339069
751045321
64045753
473824857
254559896
488187169
669487713
633388068
799550391
737434623
554040964
934829039
24241822
929261246
207220541
61465412
329508039
795800451
835678122
903273058
46422171
494362770
596330469
932492983
273251621
174364786
506515649
284396336
403761944
880513419
896611764
791162172
521987097
150561057
706034469
882279573
446487051
65984159
407163894
299099734
72945029
868640977
587815611
454490383
402737849
378905261
513424796
131138920
23446352
748381992
115152927
772465874
696960259
34758790
845602358
548522458
841545186
564451245
667378481
130496206
621503692
746098213
203698261
302860730
197603705
201804294
69436781
79987839
948190783
509110891
329610022
7516915
25858695
542121053
70426400
698296366
763657674
383478484
363171858
495256522
326113117
649374460
769679492
78219057
678942597
725730668
734101620
5405397
216219291
44387111
395423196
875537772
813612210
1427156
271970424
296325602
374274953
498203435
415663780
918780370
927702802
538742450
885991127
53591496
855200148
755160626
320293178
521447816
690267743
721961849
377803750
634399106
465587470
428323688
326619645
625402982
419782569
784969695
320416247
451017665
580030370
486666284
44896064
511334757
76008079
87496312
875063683
228803930
63355363
526888723
874629042
423482488
916366894
202583777
120809982
356729898
716287720
319684987
549474617
126412316
507372030
177219422
96212415
172316311
133757133
793715933
664878581
611743510
831949320
458727445
66786769
921904755
274641389
331653900
676064801
115308892
844431930
729929985
398870832
517753154
713470861
554380159
284360427
225747598
531424911
67995708
796698725
712516726
140504681
729543329
787600781
77585481
68461701
142216814
990925063
125445259
319854469
291890857
136199616
424863874
417063150
272053931
167733983
511761841
746268034
165826181
904585443
672856736
849686073
474456970
433309762
85188842
720593991
200372854
567778066
877121343
522367736
24769082
522485598
447317928
822618730
15297986
331827195
270286154
365989972
392013283
17625749
488432938
410997708
870678313
800935754
601347152
376819753
116806993
561148064
634707443
836161650
994875312
165257028
326504131
811785106
483115742
642431940
607846246
673741086
523761865
185656411
50028226
224764206
281065490
93944784
211303280
368658463
593538443
988821398
93075679
732891441
185656411
623727264
509256486
680851993
973683102
422295578
142748878
700419224
236547597
855221759
444075591
245436773
237583210
114366548
560226231
427193422
304181189
372906456
669487713
209774175
569964076
549295355
916781872
632194072
753070867
235810697
131424863
950056344
929276870
378443527
995630584
301173592
309831061
73247645
446347381
338320810
181122091
939581799
765501735
963411930
988545087
27720
78219057
275272528
735387716
771139830
425875506
419070040
396148571
805088505
232775392
786780709
828443996
365884096
99933
727114726
277362510
232255482
177715384
961227252
591855564
86960842
397678557
77348418
139870326
417440107
415459440
162822951
9259150
935721287
848415193
299942502
705014314
933935025
944679417
292392151
468435477
970189
737434623
704456456
378813770
397586720
124119122
155609450
518968814
442516163
330649942
473096031
646731251
176052073
756831993
971924009
589672269
915764437
962296933
945784482
328436727
655627701
670297113
945242755
756831993
56404134
184510116
127918242
241644491
437993694
185878323
661676142
899631676
799867044
143701692
9614119
981426062
245837036
805213015
471434757
279676159
751573381
716246825
841373589
629695651
325266551
246130001
996586977
331827195
739313322
877964291
791162172
340946051
388923793
856306447
933788414
202583777
276630889
383241333
369340254
331913928
60793130
718752878
134618008
268592716
229397345
483115742
795800451
779806357
510522193
677025199
229540678
559941954
486082929
828070778
728002739
100791449
425011841
75992359
677325861
107484462
126069193
878069641
171519720
528037567
712514555
281283725
651794170
703874450
864292963
57407695
644393439
878131711
619182572
138076463
124130257
161665162
681648382
824549476
662940995
109828240
655512862
777099572
228857206
344410374
349816138
182213589
843707691
577500041
475036949
215176393
874911723
33923505
823183388
815737796
797948902
282090156
133678897
341692289
396375854
478779172
201804294
806388205
765929269
761858916
359717629
123990520
417440107
2384340
846556343
853014783
184251912
653067192
763042827
870409069
514564544
429886177
23022516
765501735
742893681
37327432
235053409
58230509
552843776
377351326
934201997
921904755
977357974
873708339
425923083
854226690
313693058
41347427
990552240
989563743
920277924
157618133
229099911
4420781
831028172
993873137
113651701
827554436
365229939
341833803
780392260
159469595
609078803
648087082
480271897
290513845
99593228
302331073
234929531
460959672
189876349
807657932
369340254
230913905
398705283
991437324
595444751
202957372
235810697
627211250
239139045
382738237
53471364
801616182
614907922
981633523
106389292
615931719
741920826
279890360
811728012
482576192
182213589
284396336
734351959
332999347
64735457
88146232
331913928
586995411
295376833
109310744
436147432
221737340
929732149
600698969
763657674
544234322
782677142
63859273
499751998
489935420
89520791
857487920
778263207
408069879
304181189
971055408
426248649
278172521
135662455
887599152
112447508
347368971
910786812
523887314
664352708
937824495
238632946
259671697
653746718
889376377
707222099
800793681
405039579
725053706
204340529
116806993
884474993
348980765
530828096
259601516
140577335
65351800
53591496
426279088
962296933
731861132
339870067
216834869
551192917
649785144
839651716
644870229
58086355
621093045
808658516
411683852
456419842
946688033
102787261
21794471
921445764
467403213
243689291
137587355
499582526
775005657
203561030
372906456
565163752
81816351
806388205
600939206
470014055
918636928
1174185
63859273
93075679
125928
342271196
102418658
624885405
22576800
816238072
989459904
988258985
911531881
131038430
348337507
216714270
562336946
765501735
977649253
133676064
353003177
427193422
564114473
96892761
811785106
246479219
110203551
689403626
95372718
6229409
197436345
197298034
673066311
264905001
883597413
351976698
713225340
274387798
588293570
386021526
335590625
8648170
319693210
515165867
896837570
873708339
317758433
316113545
365963243
946806895
477240580
285621127
313693058
524887613
976935913
350737692
905045563
516506385
96050310
739026880
689555740
362138024
313447024
486925386
688036456
739519893
925056314
675442190
88582210
102250267
175568778
5367400
96623695
984549037
967655311
378363393
71306314
28079110
705331267
634424334
811785106
31034574
536249375
811785106
560427605
500663420
942621338
538736183
210484583
395611976
749140588
660487444
675442190
963476682
670727807
285264818
744794664
294972939
321960274
782677142
104278520
718752878
695770681
967344817
243169979
781888786
460672795
962768704
521878879
130893703
511334757
903864360
763864269
440925808
863512815
426678310
143831354
267695931
197436345
279191071
317732665
988821398
265093148
810277846
409290282
125522820
385712218
510522193
942621338
465525226
251124674
234988583
892882943
870439994
365412914
128847803
207952787
902114339
502386919
917536073
690487818
530209670
866230124
824328873
766349653
833877412
928237777
630801461
96452314
946806895
150167712
347168080
486454952
739756408
39549321
594787744
962858473
326085383
377666749
425923083
841286726
934615493
43501170
809076111
863112812
257908293
769983933
863512815
535695959
606533033
853014783
820408301
163437370
909372225
628530472
127020918
870409069
452327396
648010563
119351720
190278162
858089636
595428766
893227619
136199616
474307235
375111401
520236676
316997677
815192601
584665302
643759880
384553650
419407821
243678342
603343190
408950583
374158989
144660712
994385854
212011689
947604237
96212415
860256882
151896852
799651315
209728083
555569311
942254120
289681227
688806611
129332701
145868834
291501638
325953629
115445006
331294816
418487094
644286892
989092282
948117462
486829991
412599343
906243520
815011008
386687687
704499338
907930641
484007973
367475659
85742783
900487109
956425559
236357274
840328788
951753491
900410098
343836531
388990176
277362510
298475888
831168449
809557614
751533076
436239083
67995708
336363860
977030692
102589214
386082955
808940895
456419842
52487936
665163605
630368234
335605909
916366894
677325861
146786168
699353459
967786601
122489412
836875677
138402621
647295079
516468883
706558135
896837570
779376310
3046030
142360356
155280267
687850850
112447508
646207231
625608948
512049520
933329757
508767167
274448394
518968814
764895461
126412316
525824940
896047804
652748461
334058787
48752050
634988738
5810277
951349453
393600956
619490260
174929757
200519314
534180331
555658778
204865575
198021116
993171561
458485672
819868481
704585511
28079110
163437370
625707380
894267572
573132987
447474465
273247116
32508752
167617593
609078803
625323963
53503920
382728456
818812933
987006938
566743636
936564768
454559877
998204151
77724948
291703974
731861132
281065490
621851651
936683563
641593781
146576630
187929385
5367400
688806611
821278933
564973561
600026931
678796411
276630889
453921246
707982931
169856604
328436727
988376492
936241840
764314767
900874037
694308716
80649946
685639363
853283163
291890857
664352708
9605306
709269770
378294829
133297725
763042827
85032611
917536073
739026880
207985004
664359393
469722480
555070030
205083705
246479219
83027182
126661116
791162172
71306314
145401030
959317621
741200146
544072277
994434991
891888735
554040964
446072666
142037553
935416575
344853361
499751998
585680003
765025283
307155844
498445009
246130001
402154912
421413040
110393476
894504852
67640556
126808471
370109350
283136512
214569567
30879992
477509810
119351720
211303280
841373589
848415193
436239083
437993694
880513419
434157965
530848961
633795930
712297459
518666575
76097374
774336737
722518289
9698395
453559193
907410780
332562064
948190783
434304466
520258147
778134208
759313172
919514331
6229409
519083596
185184271
234155213
99753688
573497824
596132314
273767254
349816138
893227619
45262634
644951129
596729571
579701439
822618730
607893706
707222099
795762442
965325473
994891918
665163605
361273813
75592969
38626513
919847785
481583896
921904755
160356855
717384761
227153013
353074824
745885264
54669762
319118261
282090156
359789235
931255729
503962789
339880362
290273875
185184271
877964291
574534492
357952197
202980783
774380516
973832443
993540711
704599896
919319699
651653062
764314767
758672060
10480620
254610019
643057233
160025090
659949354
257510397
632863592
559941954
662940995
579801990
525613259
579009084
248478546
352837118
748992622
745438903
831819045
430864967
638147832
43957282
522067738
176010768
722428861
899867813
316543047
815192601
653678084
950642803
952200533
291824224
419221957
554126869
486925386
284960849
87496312
248650835
896099040
98638580
885991127
465095614
395777673
169164756
795800451
258259352
750767850
354902440
770465479
437685866
644870229
442993861
610065695
30879992
70337395
706042503
956425559
368561209
246120921
359944528
441200642
929326132
202980783
314947563
345192455
898717495
371482574
184197010
231562985
213709711
876953877
620730537
218043002
419782569
643198273
662394423
113664145
622393154
711017225
992761131
467831124
77987842
962343877
649174687
321676980
877121343
460958381
705675831
773318026
645175937
64045753
501678262
403570446
660020757
19651712
86199088
611680973
961097067
649374460
779079896
396375854
436883996
370210955
823181278
282090156
805213015
80649946
329408785
8576661
979119242
865951590
596729571
953067291
56404134
606533033
274831335
219120859
172012706
638143547
243990042
160385570
357039880
619939196
722880320
267640953
882868059
770415534
499715436
916781872
336762088
605726830
720757423
498998688
651351084
911024042
401764133
931183119
464300164
318641041
578843652
580762675
61704000
265149155
489330151
882868059
488022465
331555549
75143417
535695959
191796047
622393154
801640280
611024068
416316476
700757685
17625749
747068617
355240482
732891441
432629638
317505530
685504576
291824224
629995551
191978437
879074289
71837707
886931270
249612324
584034831
962296933
6788365
598559411
90070480
329482050
993540711
680851993
140869348
276954950
653678084
424063150
734351959
772594235
378616015
791829373
691052551
384701618
769191724
918636928
978738090
947513092
459009688
193020042
332315047
794909957
686280335
146979595
207220541
716706161
440052582
957100302
150827075
580736632
403570446
419782569
396375854
550551169
607186775
78658678
432433526
86338417
839520998
260582731
576510380
991265651
197603705
669421111
906587947
175138591
667372001
131226189
479459099
88742706
51594995
495540835
941490641
153583358
626940430
377351326
659632532
537295748
593120577
35167555
666159861
898096066
763682428
479015156
453968857
242537886
133678897
866242419
685204054
465587470
734101620
961563023
690737745
129036972
946844822
739350141
221476767
664200962
646117008
200524484
720240545
322603098
898739673
769966289
388990176
697826647
216814690
263230092
83027182
912655054
919319699
723274557
801141585
507726804
877591864
219343917
745405179
388415259
729611829
962768704
997362391
91297901
722495823
292324868
103158919
725024101
130368635
38840075
604211032
988258985
378616015
647847742
68461701
292234136
692804530
558344033
506896833
119166193
877978481
994995619
556530139
317353858
242590481
887027013
402262484
211289237
325792058
370210955
24769082
617422239
937696059
81500810
404888096
360516388
656977129
344206011
770854001
428940661
754863889
722518289
283053169
525792721
866230124
490929410
678550115
771139830
164486990
419848486
660396598
454948676
951753491
54513357
181473388
159045950
939652015
514478537
292643797
623103019
565916153
474307235
446702913
980568674
201499617
384890783
664546931
767719243
373880536
679866
172012706
484721948
450323755
293410099
658009114
127020918
259671697
959466116
716653555
130693451
749616931
624077461
110393476
933216883
380594555
955645502
425171868
394107970
278306215
62095836
190668430
553447172
284396336
360128521
91381269
15015679
514829728
716083537
550521747
720964925
681247264
744202151
165826181
896837570
826974842
231562985
615670299
127020918
418779187
543519592
339346931
548944911
234821745
486804716
390692826
678942597
439156474
84869861
21655549
607430505
632964770
272688045
629708770
710137372
629695651
25080275
436367177
969457664
92920457
925169881
949692731
611184474
181861973
944982194
594787744
800592533
818938973
948117462
516594280
590869214
221387613
215176393
857070917
412599343
543519592
883890362
763723692
276757601
433309762
505058581
505010285
118790345
497270415
153815944
122274217
648612660
720240545
478666554
720648261
366539407
221476767
243950061
859922764
651997290
270440549
990686969
648875646
808344340
693529139
558738068
326605788
860470604
365443617
192349193
827750535
239834375
455692040
40881249
225645275
489631570
159390630
917536073
336409842
632936726
905716622
32660965
758145277
135042334
752267107
128944627
152672015
880513419
353101427
265759830
472879654
264776487
766178342
161377513
358285991
633506030
645812885
715978897
799928832
877978481
635080532
708440083
509256486
75868781
126393525
10389605
540329796
990110870
380057525
477509810
91987665
938988204
437993694
980900949
510040814
885760432
961548754
441213154
941348130
977649253
974151762
249122015
324794436
49207688
973683102
664359393
984549037
450220140
556804714
732572967
380057525
998890052
725945970
629568427
9698395
937696059
72217707
590869214
278194783
397299906
727114726
767785320
784067079
216714270
225050076
372906456
410012593
785615942
317505530
411466263
856341706
193522293
97050984
632033872
140153737
351703750
662295238
359944528
133690229
927938402
413883743
242335963
540321680
86947568
597931017
940701646
24168081
283136512
489330151
812868218
773479403
742737647
753032188
740213280
908735501
381996729
78657326
837134157
785615942
934829039
935547852
941858772
763879426
933788414
586072013
634321749
990925063
767628130
737264169
698296366
52220150
537069076
145436481
595351999
545187375
942703990
122637109
126153958
549295355
842036484
908774777
44896064
614709355
33868311
376023515
965245364
65984159
489330151
759260946
496022411
656911905
977649253
409416785
859290788
149009619
858983323
216714270
873580360
644817836
303660073
335493505
181861973
882868059
341508437
437673857
252518544
410012593
629695651
441213154
543442611
549778550
244970320
996028142
928237777
395535387
641212049
619468221
634321749
105972240
676370399
229832977
310152833
876854161
688806611
566067764
606700811
446995002
689403626
246958838
997603707
989868409
699786927
185184271
598688649
103158919
415459440
676064801
181629140
387422162
716653555
120486392
963243418
94114397
823847585
114713124
544438969
605535005
552734143
760391543
385665772
627506813
200372854
518666575
197436345
242920703
50753306
194495179
856852331
287036699
554040964
722479600
881427098
789967384
357952197
184417541
12320173
516468883
349028849
130683555
478592793
488825359
274831335
940456068
700419224
880061175
235015947
575194038
248650835
137587355
338322303
106539967
664500759
213348654
86199088
998204151
298851189
982709274
336697473
224806513
619146733
412233211
824164603
684792647
87093028
50753306
683977840
425875506
377671299
744272072
650465969
549778550
594694758
123906063
327133072
80280938
551473233
331742386
62268176
71996542
666965173
194324364
246130001
705014314
502715370
360128521
230505899
800339314
434670964
718260062
525574908
789238758
130363126
894332600
273247116
419662683
722636324
960608121
228857206
160022536
550521747
320065609
104339115
416800084
452854092
986649990
872890896
50028226
670224103
752741272
244131858
669056316
913318488
75592969
835675771
987006938
99096910
236442569
331564019
787030378
891888735
255206617
263230092
185136146
202763538
606147999
107177037
453181508
437432653
90372097
146979595
544234322
520772970
111802658
957273262
629708770
913982657
6300175
808495003
798883632
298851189
718419158
255354901
135689895
962625583
327928585
354858445
939668665
248263240
119475188
785218999
947047242
330511146
560691114
81090350
31034574
901639211
113108452
29562688
109828240
640993853
803401954
754863889
340459375
846149571
885991127
119813829
883113184
938095652
185136146
690267743
427942980
944679417
931047480
428827825
264846066
385627525
691107911
898835908
751966106
974296487
49896972
739026880
705831183
699732471
728893038
46134526
28932134
933408978
165257028
280751003
146979595
643788112
781324055
98994657
815192601
105845648
838676534
83872057
115528380
488761593
321960274
682110764
364139037
607810622
800003944
882985943
740213280
658908536
324389569
689937085
160600827
722069746
645284610
326216261
916781872
468731198
552527312
681804818
747292132
566743636
267472580
246479219
899899631
542121053
359944528
113278277
800089371
279728041
898593987
16596268
892809796
675442190
376023515
889675694
300559867
671033000
790440079
102589214
920126120
85188842
839024618
48752050
946261121
757007301
174975912
841545186
447474465
400348272
606147999
406709072
767719243
314355843
457194287
504530633
875582374
39586937
146576630
23027
63355363
536404241
83297965
507726804
211303280
352031342
38621709
133297725
130693451
705464292
624072632
404340321
242590481
343234700
854583907
213993752
22576800
384890783
722069746
651772788
799515077
466709804
438557992
169847088
332315047
486949110
736657205
305142864
765812128
905647381
100339701
72501666
704456456
352226874
368587479
15806106
403872144
120486392
681209307
56209822
745613230
5978099
800461598
461037572
816203967
468835088
931320437
544738173
77642454
799550391
203615470
846283911
365963243
535200538
818222241
96050310
836355509
744202151
727220439
248650835
505796279
507726804
666146162
712514555
694857316
988545087
472884500
604211032
981426062
284360427
458727445
313251667
45262634
508937183
916626930
648612660
641212049
569964076
940456068
736540687
807734609
631513654
199334486
408069879
616150695
351607620
422732523
523887314
285264818
49268119
530094740
697443849
57584730
744707662
737581570
275976654
301173592
901556157
910789902
607430505
399785641
523280961
611680973
311337531
586072013
242537886
951867300
767719243
664486530
192349193
774642799
863984011
625302331
207060149
843707691
321691918
649785144
314947563
395704482
543035211
530628194
415871098
68209550
727257647
787725985
322570655
868640977
81806695
635375988
976222171
273247116
548944911
213709711
568485213
135021494
161875293
339911773
307063605
300239313
650606751
189831506
500512155
580017809
498998688
737581570
314241730
518968814
242791866
294846859
956425559
216485600
615578833
6229409
936206232
879220233
623528936
137918766
175510143
375111401
689226883
440429930
163280407
85350000
821738628
810970940
297386116
241498136
302140658
204483824
622393154
430328282
99294968
589151918
939668665
369328462
224806513
893974672
538228486
364139037
219120859
94220011
738551682
185184271
320021118
465077992
578855308
695973422
826466155
374244915
846149571
83879664
71586101
300239313
117563694
681020805
64806682
843707691
646379820
762823246
530330674
908127222
557631854
769584139
361461977
290774194
404084671
77348418
497172869
90510973
90987822
898593987
637118212
664486530
992638629
722495823
956837125
541026019
803401954
608542238
454490383
720739518
362912578
75868781
164300294
915206445
321691918
47975702
226728104
291984212
744400308
974659926
442504009
510130598
706042503
283478874
361054497
246479219
992761131
222678705
988545087
956470415
182011773
629695651
176052073
346677668
59118215
763864269
628905582
664500759
162378889
658122500
731026057
569682261
264846066
305142864
188153395
336762088
38120582
473824857
337793656
812816363
912605198
860137710
619146733
935835168
86947568
124119122
221569287
752741272
619743860
450004611
221450585
281393512
949692731
779806357
186007956
808084842
82930441
919296106
71837707
236671353
779376310
508262845
46075177
889376377
703164983
714062982
688036456
731164909
511761841
300559867
355240482
88670278
629695651
484947140
910789902
194004257
750746014
545187375
314355843
751449828
611804693
348686829
267640953
441527808
335209083
675476065
204865575
769177746
530209670
789005381
841373589
211680018
242730708
622393154
734120201
609135129
270037967
593388193
510189985
741200146
281168105
503962789
110203551
234596180
314947563
362357499
473133423
125501315
296774933
967604773
595200993
755758263
706124495
790129479
23022516
87968333
610235370
268884083
313397866
823023764
416316476
420071414
302599373
432629638
468435477
824164603
560542935
68461701
567018092
157219371
298114892
185136146
632198036
222992884
163029960
887797166
299785721
988545087
949481134
321222641
474870362
258320345
270440549
688361030
625608948
678796411
567778066
192987917
841874649
538576820
927938402
864545084
390714779
231659344
307755238
44387111
106609250
231573073
680068550
106609250
947047242
94220011
40454468
525698965
962766714
351703750
826864381
649374460
977649253
682715505
527178335
181246540
336282492
492843004
77348418
754978144
575592979
718949535
403458776
590527022
569117730
574402261
296792838
362692373
278073542
403574323
975143130
291824224
233032261
122920945
562336946
35842209
877740106
921957729
422891295
593316762
826914733
365229939
827739901
336697473
169856604
432180373
209275224
372906456
290220066
63854004
733224103
681209307
849756209
784969695
739524681
322731992
633795930
697443849
971924009
614741072
691840120
457402625
682715505
892828588
921098205
193192864
198099305
532030154
737264169
620855530
822182963
150165924
813918395
690827824
858129809
945242755
693211735
621764036
905647381
956425559
706812568
917564627
460672795
614277710
923433942
666236727
935547852
478392078
931584215
929038210
878131711
400348272
967071928
577689516
378905261
920277924
407024082
544162488
279676159
175650932
490712924
573020095
888233780
615948728
428323688
44961493
789758539
882985943
142030094
16596268
625608948
917536073
339531659
397586720
741221580
164364378
512968314
355845755
599489223
207008561
479015156
549658399
489970482
17566165
313397866
88519618
372412834
50028226
447804554
292234136
562147823
473824857
547623315
400835514
265073850
827739901
146786168
470217842
558738068
975143130
281687735
721961849
236671353
945013337
99653412
864545084
319693210
778263207
625608948
560427605
94136798
96158198
417333804
602698696
179591125
507572775
841319097
625302331
341833803
359717629
868358896
78219057
397277902
163957989
305391873
206464208
401733564
470152162
89883449
438997712
742950245
281283725
254831250
401726127
398731101
883430391
842036484
465587470
682332238
689658990
545292747
899899631
858864137
924212835
869668727
888636355
556649750
87496312
254831250
888118552
759159400
95780236
102189770
967604773
145868834
192987917
902794171
26474978
287880462
266642944
220883579
732112198
438004748
769177746
110845004
304394394
204720895
643477383
502386919
963476682
422444721
828443996
620855530
302178906
13299278
556649750
182758489
559941954
859290788
883164219
973985799
20323451
799203715
98638580
596481200
585680003
575194038
450220140
957779055
31757095
816127179
397678557
749159825
545187375
695973422
981725220
411945058
683608847
859418032
105224553
316204790
981725220
434304466
12324102
739881009
13365933
128944627
883727329
837706005
365762632
935785056
793367918
461537283
301621150
245425177
345205386
611804693
481583896
977051764
520236676
326619645
507726804
707991037
658009114
356528870
266715609
686342459
44093214
705831183
575615876
269043845
518666575
560226231
930515966
683208837
66016932
283788331
546957445
753737015
120110305
377666749
243961347
643436194
282761040
241545957
599489223
632936726
2384340
632964770
961097067
990040880
282090156
408786907
912253858
871268922
261717200
783964096
753526356
219120859
435106113
232365869
547778637
845503466
651772788
39042597
507483747
165875780
987723930
690931026
887797166
805213015
229962939
680390481
211515340
950642803
53779156
878131711
122002177
597496095
590527022
866230124
100102780
631821488
672719647
366539407
629925385
410997708
773570333
33923505
178021649
851198691
787322244
972460562
640993853
813918395
733857021
937824495
842629962
62832967
573020095
290019691
70337395
122986943
53471364
936300580
762521324
576144230
136884559
650660755
23413435
735387716
690931026
150246680
879106736
211891187
9189186
874788643
931255729
831506264
8576661
122519851
486082929
877591864
284152087
887006098
320503359
728194530
189831506
290273875
461037572
71435819
731302849
331928334
771139830
242739340
733857021
584034831
837046496
855380721
60746186
191616302
752741272
29413455
357432215
602440265
693951884
864292963
16890647
222984022
896638221
899906504
222984022
942621338
317410689
871644200
562336946
687909245
849974663
234155213
392926626
136199616
288971962
493155360
977602253
508890660
395611976
517305096
806388205
144137011
910786812
127918242
246479219
183315665
474456970
446995002
723057184
104108403
642437494
334988404
435653227
790129479
402737849
670197092
529662378
814017697
613177427
649933407
14510336
143927127
421073603
747987936
364210870
452342988
214253954
767574642
169856604
95687864
63013446
169963094
917953360
693121584
260582731
174975912
361309151
63859273
751976465
712286520
811785106
615361320
927886037
333793439
306022453
391815613
762454355
304394394
967429270
681804818
364139037
628140902
823847585
1253304
452854092
150535289
562336946
84312947
928237777
838811546
949376778
477888590
192349193
843299956
150995857
865951590
971924009
324838306
221569287
160683377
931927116
528245284
527957187
9561792
85481278
940701646
983259180
92920457
344015918
941427223
89727520
71996542
347168080
209237236
2911034
688297101
968066776
799928832
734120201
630801461
883854529
728800853
483115742
894504852
792670982
423694673
165779551
526605942
915299366
161367257
26041975
322645335
274978340
358673334
646102232
571337769
240736619
872890896
557273005
835251164
775657172
952891662
516780414
119202718
376521364
230997351
701821766
80649946
596168011
326513436
567951535
654202262
786222871
122238417
958265498
579184632
719394926
90402653
398870832
683977840
999829726
302548115
688806611
437685866
32795022
834676716
619146733
905716622
545390143
535875688
989994980
581474200
362023424
438997712
115445006
781324055
136607832
375303025
508456476
48752050
676073439
391704282
859290788
306022453
644393439
164486990
198682159
784311267
331913928
912096553
144911198
886931270
414182677
297744464
38534351
266132950
390323844
144137011
320293178
837422832
64241256
784067079
758111256
741938475
830911086
198021116
599698427
812994063
163326706
673741086
322731992
70337395
694876967
498330451
613177427
608183285
757465104
475884409
577301783
961097067
650838979
339002303
746047868
817128143
536866500
745438903
94136798
429669373
607978798
436305342
539778235
697430531
729960046
414182677
966979174
695770681
335209083
744794664
824549476
434670964
352300215
140153737
316453010
90372097
613024801
666965173
252494340
584665302
621503692
70600389
187634501
280751003
417033024
230913905
62672043
438453588
92085960
483115742
114191416
824621414
242301424
127731298
521447816
362976083
29413455
31793659
212309311
134583415
496519647
963411930
93945040
379175837
373239567
408318260
71837707
548337783
54513357
619385610
322547930
808344340
193020042
799025050
936636754
50140325
492843004
910789902
474604497
259080477
150535289
886190594
146786168
153292970
545187375
708904974
558098168
57584730
317105426
175568778
409837682
987002431
246130001
201484541
863112812
934478571
575615876
597496095
258320345
229843860
974918945
359789235
290442436
519083596
78658678
428133680
362946906
485807823
581384535
35025960
330649942
751124855
523725805
811230923
545187375
354899464
685943945
281647789
207576067
81090350
491646249
265610898
599590352
529662378
866576430
827269670
964638776
317142792
378616015
378616015
831949320
543519592
317142792
343037874
600939206
902562470
220585550
721494222
61575575
845616885
169737564
369874559
835126098
40173620
979119242
935023551
234155213
146786168
917253567
508685738
768012139
159045950
941510871
31757095
472102281
31793659
576519838
786598057
828947445
513012076
670727807
801217518
683477026
359789235
317196785
916626930
983259180
32496664
85919606
769966289
103462083
485046260
810970940
764889510
54674614
792553078
126016392
499812215
109359260
391691412
283478874
875337132
598869135
175435877
524803129
460213201
200229907
583034964
302331073
194867753
274831335
546634987
690487818
937824495
567778066
354899464
85188842
751976465
809657152
635129242
512968314
987100304
731979344
328102906
482926364
614987167
716823762
484471811
470217842
538228486
661847941
243950061
939581799
190122847
292402133
560875812
236428363
211525246
341692289
678843997
250323372
329610022
733224103
480773841
343836531
787322244
91297501
595200993
560986700
74570915
165562632
677325861
402490424
866660350
795455988
898199735
697826647
945547452
364479770
549456183
147204350
494045367
674429926
681098212
89727520
878573444
767198560
439699980
285264818
621943514
95613363
988821398
410672060
656439860
619392513
250996186
683977840
453018920
554395372
52487936
845616885
45562375
353785023
456105109
516958544
556530139
553729773
923402224
257908293
759313172
172807072
634099962
368587479
725024101
77642454
431450824
488551914
910789902
444674079
153838836
830911086
16654254
542296825
507572775
496519647
885903123
274831335
333284582
504749103
664359393
425719752
505440721
730817188
602698696
176350741
528498045
215386817
299322636
442791907
564964555
900410098
524610947
701329257
866829970
738998475
917719778
361461977
993986887
503824334
829405488
224380568
835192146
384701618
28252311
815192601
303660073
472546078
813612210
332168372
114707038
37822577
228543893
512968314
168823757
273877368
993572383
498203435
254831250
970627656
725024101
397101552
511482604
24168081
697429283
944350211
272398854
959317621
568483975
314226811
842421001
595428766
151745612
775657172
799008672
464038316
518558863
502980551
826466155
87979206
759159400
213050551
212309311
159045950
210782759
90540589
617477730
694876967
234929531
603751668
419070040
103132153
45985840
47585752
924338203
666146162
365762632
500836384
716706161
84312947
863112812
741200146
277362510
341048950
835140882
364139037
75868781
301336434
317702152
408950583
651997290
513386070
184417541
912463554
880064271
477411902
530209670
368287830
331294816
29753887
402737849
344410374
670727807
570883861
576446357
173541046
756964626
464211433
49896972
712644915
508253235
488877308
480271897
623258415
234840781
190485626
280348090
700152329
921904755
287880462
133346411
110349081
535200538
694519803
560226231
126601087
981426062
10579873
473833494
991714075
644817836
198995222
514500257
294846859
236337973
522067738
201580599
672845194
861354864
715208151
9840153
532156957
255681460
336729195
351607620
395704482
186661956
190485626
884336684
280668467
308470037
242739340
447804554
389961961
126393525
655905162
582287041
342761498
509110891
750720079
