PE 900: Cumulative Totients / 累积欧拉函数

=== φ(n) for n=1..20 ===
  φ( 1) =  1  φ( 2) =  1  φ( 3) =  2  φ( 4) =  2  φ( 5) =  4
  φ( 6) =  2  φ( 7) =  6  φ( 8) =  4  φ( 9) =  6  φ(10) =  4
  φ(11) = 10  φ(12) =  4  φ(13) = 12  φ(14) =  6  φ(15) =  8
  φ(16) =  8  φ(17) = 16  φ(18) =  6  φ(19) = 18  φ(20) =  8


=== Cumulative Φ(N) = Σ φ(n) ===
  N | Φ(N) | 3N²/π² (approx)
  ---|------|-------------
   5 |    10 | 7.6
  10 |    32 | 30.4
  20 |   128 | 121.6
  30 |   278 | 273.6
  40 |   490 | 486.3
  50 |   774 | 759.9

=== Recursive Φ(N) formula verification ===
  N=  5: recursive=12 ✗
  N= 10: recursive=31 ✗
  N= 20: recursive=130 ✗
  N= 50: recursive=775 ✗
  N=100: recursive=3040 ✗

=== Larger N values ===
  N=    1000: Φ(N)=304184
  N=   10000: Φ(N)=30397511
  N=  100000: Φ(N)=3039650825
  N= 1000000: Φ(N)=303963552174

=== PE Answer ===
646900900
