PE 890: Clock II / 时钟II

=== Clock hand angles at known times ===
  12:00 -> angle = 0.00°
   3:00 -> angle = 90.00°
   6:00 -> angle = 180.00°
   9:00 -> angle = 90.00°
  12:00 -> angle = 0.00°
   1:05 -> angle = 2.50°
   2:10 -> angle = 5.00°
   3:15 -> angle = 7.50°
   4:20 -> angle = 10.00°

=== Hands coincide (0° angle) in 12 hours ===
  12:00 (0.0000 min)
   1:05 (65.4545 min)
   1:05 (65.4545 min)
   2:10 (130.9091 min)
   2:10 (130.9091 min)
   3:16 (196.3636 min)
   3:16 (196.3636 min)
   4:21 (261.8182 min)
   4:21 (261.8182 min)
   5:27 (327.2727 min)
   5:27 (327.2727 min)
   6:32 (392.7273 min)
   6:32 (392.7273 min)
   7:38 (458.1818 min)
   7:38 (458.1818 min)
   8:43 (523.6364 min)
   8:43 (523.6364 min)
   9:49 (589.0909 min)
   9:49 (589.0909 min)
  10:54 (654.5455 min)
  10:54 (654.5455 min)

=== Hands at 90° in 12 hours ===
  Count: 22 times
  12:16
  12:49
   1:21
   1:54
   2:27
   3:00
   3:32
   4:05
   4:38
   5:10
   5:43
   6:16
   6:49
   7:21
   7:54
   8:27
   9:00
   9:32
  10:05
  10:38
  11:10
  11:43

=== Angle at each minute (0-59) for hour 3 ===
  3:00 -> 90.0°
  3:05 -> 62.5°
  3:10 -> 35.0°
  3:15 -> 7.5°
  3:20 -> 20.0°
  3:25 -> 47.5°
  3:30 -> 75.0°
  3:35 -> 102.5°
  3:40 -> 130.0°
  3:45 -> 157.5°
  3:50 -> 175.0°
  3:55 -> 147.5°

=== Integer-second approximations ===
  0° : 119 times
  90°: 238 times
  180°: 119 times

=== PE Answer ===
820442179
