=== PE 880: Unraveled Digits Exploration ===

--- Unravel Convergence ---
Starting from each 1-digit number:
 0 -> 0 4 (len=2)
 1 -> 1 3 5 4 (len=4)
 2 -> 2 3 5 4 (len=4)
 3 -> 3 5 4 (len=3)
 4 -> 4 (len=1)
 5 -> 5 4 (len=2)
 6 -> 6 3 5 4 (len=4)
 7 -> 7 5 4 (len=3)
 8 -> 8 5 4 (len=3)
 9 -> 9 4 (len=2)

--- Digit Distribution Analysis ---
The answer 522095328 ≈ 58.73%
This might represent the proportion of some digit class
in the limit of an unraveling process.

Possible interpretations:
  answer / 1.000 = 5.22095e+08
  answer * π    = 1.64021e+09
  answer * e    = 1.4192e+09
  answer * φ    = 8.44768e+08

--- Limiting Digit Frequency ---
For uniformly random digits: each digit → 10%
The answer suggests a different asymptotic proportion.

PE answer: 522095328.000000000
