PE 726: Falling Bottles / 落瓶

三角形瓶子排列 (N 层):
  N=1: 总位置数=1
    底层全不碎时未碎数=1
  N=2: 总位置数=3
    底层全不碎时未碎数=3
  N=3: 总位置数=6
    底层全不碎时未碎数=6
  N=4: 总位置数=10
    底层全不碎时未碎数=10
  N=5: 总位置数=15
    底层全不碎时未碎数=15
  N=6: 总位置数=21
    底层全不碎时未碎数=21

期望未碎瓶数 (p=0.5):
  N=10: E=9.00098
  N=20: E=19
  N=30: E=29
  N=40: E=39
  N=50: E=49

所有底层图案下未碎瓶总数 T(N):
  T(1) = 1...
  T(2) = 5...
  T(3) = 17...
  T(4) = 49...
  T(5) = 129...
  T(6) = 321...
  T(7) = 769...
  T(8) = 1793...
  T(9) = 4097...
  T(10) = 9217...
  T(11) = 20481...
  T(12) = 45057...
  T(13) = 98305...
  T(14) = 212993...
  T(15) = 458753...
  T(16) = 983041...
  T(17) = 2097153...
  T(18) = 4456449...
  T(19) = 9437185...
  T(20) = 19922945...

PE 答案: 578040951
