PE 874: Maximal prime powers / 最大素数幂

=== M(n) = largest prime power dividing n ===
  n : M(n)
   1:   1   2:   2   3:   3   4:   4   5:   5
   6:   3   7:   7   8:   8   9:   9  10:   5
  11:  11  12:   4  13:  13  14:   7  15:   5
  16:  16  17:  17  18:   9  19:  19  20:   5
  21:   7  22:  11  23:  23  24:   8  25:  25
  26:  13  27:  27  28:   7  29:  29  30:   5
  31:  31  32:  32  33:  11  34:  17  35:   7
  36:   9  37:  37  38:  19  39:  13  40:   8
  41:  41  42:   7  43:  43  44:  11  45:   9
  46:  23  47:  47  48:  16  49:  49  50:  25

=== Sum of M(n) (divisor version) ===
  N=    10: sum =         47
  N=   100: sum =       2417
  N=  1000: sum =     149564
  N= 10000: sum =   10438304

=== Prime Powers Analysis ===
  Prime powers ≤ 100:
    p= 2: 2 4 8 16 32 64
    p= 3: 3 9 27 81
    p= 5: 5 25
    p= 7: 7 49
    p=11: 11
    p=13: 13
    p=17: 17
    p=19: 19
    p=23: 23
    p=29: 29
    p=31: 31
    p=37: 37
    p=41: 41
    p=43: 43
    p=47: 47
    p=53: 53
    p=59: 59
    p=61: 61
    p=67: 67
    p=71: 71
    p=73: 73
    p=79: 79
    p=83: 83
    p=89: 89
    p=97: 97

=== PE Answer ===
4992775389
