4179871
2872528
4179871
3476984
4179871
4179871
4179871
3783389
4140643
3572985
4179871
4179871
515491
4039939
4070867
4179871
2609388
3805333
4087054
4104315
3451669
3783389
4039939
567164
4179871
1205048
2657500
2485725
3673382
4179871
4179871
3997248
3590893
4039939
4179871
4104315
4179871
4070867
4179871
1408622
4179871
3546242
4070867
3731004
4122206
4179871
733582
4122206
2085583
642088
4122206
3942610
3191244
4179871
4070867
4039939
4179871
4104315
4159710
4087054
3731004
4122206
2992336
4179871
695814
760531
4159710
1811212
642088
4179871
4179871
4179871
4159710
4179871
3969540
2360705
1535084
2252239
4179871
4179871
4179871
4179871
4179871
4104315
4179871
4039939
4039939
270094
2769532
4055310
4179871
4179871
1107
3916276
3783389
4179871
631265
1647511
