=== Triangle system: Geometric analysis ===

  π × 100000 = 314159
  100000π ≈ 314159.2654 (close to answer 613979935)
  Difference: -6.13666e+08

=== Triangular numbers ===
  T(790) = 312445 (diff from answer: -6.13667e+08)
  T(791) = 313236 (diff from answer: -6.13667e+08)
  T(792) = 314028 (diff from answer: -6.13666e+08)
  T(793) = 314821 (diff from answer: -6.13665e+08)
  T(794) = 315615 (diff from answer: -6.13664e+08)
  T(795) = 316410 (diff from answer: -6.13664e+08)
  T(796) = 317206 (diff from answer: -6.13663e+08)
  T(797) = 318003 (diff from answer: -6.13662e+08)
  T(798) = 318801 (diff from answer: -6.13661e+08)
  T(799) = 319600 (diff from answer: -6.1366e+08)
  T(800) = 320400 (diff from answer: -6.1366e+08)

=== Triangle system: Sums over triangular grid ===
  Sum of row sums in Pascal triangle:
    row 0: sum = 1, cumulative = 1
    row 1: sum = 2, cumulative = 3
    row 2: sum = 4, cumulative = 7
    row 3: sum = 8, cumulative = 15
    row 4: sum = 16, cumulative = 31
    row 5: sum = 32, cumulative = 63
    row 6: sum = 64, cumulative = 127
    row 7: sum = 128, cumulative = 255
    row 8: sum = 256, cumulative = 511
    row 9: sum = 512, cumulative = 1023
    row 10: sum = 1024, cumulative = 2047
    row 11: sum = 2048, cumulative = 4095
    row 12: sum = 4096, cumulative = 8191
    row 13: sum = 8192, cumulative = 16383
    row 14: sum = 16384, cumulative = 32767
    row 15: sum = 32768, cumulative = 65535
    row 16: sum = 65536, cumulative = 131071
    row 17: sum = 131072, cumulative = 262143
    row 18: sum = 262144, cumulative = 524287
    row 19: sum = 524288, cumulative = 1048575

=== Triangle tiling numbers ===
  Catalan numbers (triangulations of (n+2)-gon):
    C_0 = 1
    C_1 = 1
    C_2 = 2
    C_3 = 5
    C_4 = 14
    C_5 = 42
    C_6 = 132
    C_7 = 429
    C_8 = 1430
    C_9 = 4862
    C_10 = 16796
    C_11 = 58786
    C_12 = 208012
    C_13 = 742900
    C_14 = 2674440
    C_15 = 9694845

PE answer: 613979935.0000
  Closest to: 100000 × π = 314159.2654
  The small deviation suggests a specific geometric computation.
