PE 754: Product of Gauss Factorials / 高斯阶乘积

Gauss factorials G(n) = Π_{gcd(k,n)=1} k:
  G( 1) = 1
  G( 2) = 1
  G( 3) = 2
  G( 4) = 3  (mod 4: 3)
  G( 5) = 24
  G( 6) = 5  (mod 6: 5)
  G( 7) = 720
  G( 8) = 105  (mod 8: 1)
  G( 9) = 2240  (mod 9: 8)
  G(10) = 189  (mod 10: 9)
  G(11) = 3628800
  G(12) = 385
  G(13) = 479001600
  G(14) = 19305
  G(15) = 896896
  G(16) = 2027025
  G(17) = 20922789888000
  G(18) = 85085
  G(19) = 6402373705728000
  G(20) = 8729721
  G(21) = 47297536000
  G(22) = 1249937325
  G(23) = -1250660718674968576
  G(24) = 37182145
  G(25) = 4469738634796859392
  G(26) = 608142583125
  G(27) = 1524503639859200000
  G(28) = 1452095555625
  G(29) = -5968160532966932480
  G(30) = 215656441

G(n) mod n ≡ -1 for:
  n=2   n=3   n=4   n=5   n=6   n=7   n=9   n=10   n=11   n=13   n=14   n=17   n=18   n=19   n=22   n=23   n=25   n=26   n=27   n=29   n=31   n=34   n=37   n=38   n=41   n=43   n=46   n=47   n=49   n=50

Sum of G(n) for n=1..100 mod 1e9+7: 733106912
Product of G(n) for n=1..10 mod 1e9+7: 331358692

PE answer: 785845900

Checking against known answer:
