Verifying known values:
P(3, 14) = 1 (expected 1)
P(6, 10^6) = 14286 (expected 14286)

Streak values for small n:
streak(2) = 1 ✓
streak(3) = 2 ✓
streak(4) = 1 ✓
streak(5) = 2 ✓
streak(6) = 1 ✓
streak(7) = 3 ✓
streak(8) = 1 ✓
streak(9) = 2 ✓
streak(10) = 1 ✓
streak(11) = 2 ✓
streak(12) = 1 ✓
streak(13) = 4 ✓
streak(14) = 1 ✓
streak(15) = 2 ✓
streak(16) = 1 ✓
streak(17) = 2 ✓
streak(18) = 1 ✓
streak(19) = 3 ✓
streak(20) = 1 ✓
streak(21) = 2 ✓
streak(22) = 1 ✓
streak(23) = 2 ✓
streak(24) = 1 ✓
streak(25) = 4 ✓
streak(26) = 1 ✓
streak(27) = 2 ✓
streak(28) = 1 ✓
streak(29) = 2 ✓
streak(30) = 1 ✓
