3224862720
729
382365204480
317447424
2351462400
1536288768
338610585600
1896652800
79009136640
729
5184
729
1143072
274337280
25509168
67212633600
34992
5225472
275562
29160
183708
587865600
5878656
648
1354752
5184
64524128256
12192768
142248960
1080203040
9
275562
648
7348320
81
204120
7838208
6531840
10077696
4129544208384
9
1337720832
6531840
334569553920
729
88885278720
253957939200
4608
81
1349945170560
406594944
207360
81
136559001600
11904278400
1778112
1306368
975198486528
9
3840721920
171421608960
73483200
2519424
23514624
729
468202291200
1088640
10032906240
203166351360
8503056
895795200
2312110080
9
682795008
655483207680
5511240
1143072
1224720
729
5184
881798400
30618
31104
81
5184
81
221184
28224
476171136
81
11757312
47405481984
1928934
979776
81
6561
34992
28805414400
115736040
192893400
587865600
10077696
81
6145155072
32406091200
138265989120
40824
171460800
9
81
487710720
81
60989241600
279936
729
23328
47416320
408146688
1045094400
25088
9
81
217728
8035387920
15359376162816
39191040
825564856320
6561
31752
64012032000
20321280
81
32514048
9
3240609120
81
37933056
18517766400
8888527872
1481421312
729
406425600
120982740480
81
1248539443200
5184
2275983360
1632960
111476736000
9
5715360000
40824
5143824000
729
1658880
177020928
364568526000
9
68584320
658409472
228562145280
10287648
37340352000
8918138880
244944
2116316160
602654094000
81
9
1990656
9
13716864000
32256
2116316160
9
5832
25920
57868020
69441624000
6561
12597120
1851776640
1254113280
62705664
90737055360
6914880
24690355200
648
9258883200
317447424000
25920
987614208
203166351360
9
92588832000
34292160
23702740992
347208120
25194240
88885278720
96424655040
4115059200
40824
1306368
9
36288
373248
4608
45519667200
193536
10668672
9
274337280
4761711360
254016
391910400
393289924608
365783040
2176782336
8266860
729
222264
211631616
184320
276531978240
9
839808000
6069288960
25920
82301184
81
130636800000
23040
81
5832
729
94058496
3527193600
280921374720
81
186624
2654208
1763596800
9
27216
4608
9
1693052928
216040608000
1469664
81
9258883200
40824
617258880
158723712
3732480
5832
729
163296
81
35721
157464
36288
373318170624
81
244944
5832
10158317568
81
729
26873856
342843217920
258048
2624893387200
13934592
138265989120
9
26873856
5786802
6561
6561
5038848
186701760
152409600
52907904
23808556800
81
1058158080
89282088000
648
292626432
3889620
40824
1422489600
30618
648
6531840
181474110720
16930529280
568995840
9
81
9
4536852768
217728
285768
600112800
60949905408
13716864
14224896
6172588800
15676416000
729
3483648
4608
81
4536
14402707200
9144576
764411904
11757312000
752467968000
5832
176319369216
48988800
740710656
102876480
197568
283435200
294912
1280240640
9
31752
217728
81
2926264320
1269789696
250047
217728
409677004800
32256
54190080
27648
1280240640
52509870
365699432448
35271936
28449792
12644352000
107495424
23514624
31752
38698352640
41334300
24385536
338751673344
906992640
1166400
6298560
1428840
100776960000
4032
45927
9
184396800
5878656
7620480
9
1580544
187280916480
193536
9
1548288
1410877440
983224811520
729
6561
9
648
8166334982400
9
279936
1524096
40824
24696
9
419904
648
154314720
142851340800
55987200
3086294400
39191040
419904
9
9
3009871872
81
1111320
771397240320
648
708883245000
8778792960
1493272682496
36288
2612736
2286144
81
248832
163296
729
1646023680
42865200
1469664
100776960
5103
273118003200
49997969280
648
51609600
10450944
967680
6531840
70543872
244944
14402707200
13719442770432
32256
983224811520
81
13226976
81
24004512
540101520
81
27433728
81
10754021376
26336378880
81
3901685760
729
1410877440
172064342016
806400
4286520
2194698240
6858432
6193152
39513600
9
5878656
6350400
1679616
2687385600
111476736
5489031744
9633792
30725775360
165888
48009024
9
9
9
36288
648
1259712
40824
1244160
40831674912
995328
2548039680
783820800
127455068160
18289152
493807104
14224896
3969
1016064
33339600
45349632
5715360
729
108355387392
367416
6481218240
9
188116992
5832
100818950400
2539579392
116530348032
39504568320
81
229635
12400290
1132462080
2286144
10924720128
39366
35271936
4536
130636800
81
729
5832
262489338720
5832
219469824
648
729
573547806720
129024
9
28224
32256
81
9
5643509760
729
1469664
233280
30862944000
163870801920
5184
9331200
81
5103
729
88885278720
290304
1285956
1152216576
44442639360
5184
1950396973056
729
11022480
24084480
9
5103
12002256
178605
120932352
4536
41803776000
9217732608
62731791360
5103
9
34992
326592
9
32256
6718464
58786560
10404495360
493807104000
729
5184
34292160
54867456
3720087
661348800
373248
3401222400
5971968
829440
729
729
112896000
5120962560
5184
5184
40824
368709304320
9
5103
4536
5184
4938071040
77774618880
81
28224
275562
43208121600
1080203040
4608
69132994560
81
158018273280
487710720
148176
864360
134369280
8266860
9
81
34026395760
1881169920
14929920000
1306368
204120
4608
225042300
648
163296
38578680
495452160
13655900160
5832
36864
217728
566870400
217728
35554111488
933120
60036284700
282175488
201553920
129600
6534561600
493807104
158018273280
367416
4608
18522
9258883200
729
81
15173222400
280052640
244990049472
81
81
2800526400
290358577152
46294416000
729
4286520
648
871274880
729
1560674304
3919104000
1066867200
93640458240
3999837542400
46656
1080203040
87787929600
1959552
174960
72236924928
88179840
228614400
9
5184
1959104102400
97977600000
33868800
1574640
34992
687970713600
9
39366
276531978240
225740390400
81
440899200
2341011456
489223618560
158018273280
11522165760
27993600
568995840
5103
3571283520
244944
259248729600
1959552
52488
5356925280
346816512
12152284200
162570240
182891520000
333319795200
5016453120
39191040
729
3386880
80621568
15431472
321415516800
11522165760
20163790080
4608
583200
89282088000
163296000
8778792960
2687385600
342921600
1270080
104552985600
4608
5761082880
274337280
711244800
2520473760
28576800
1399680
31352832
59256852480
7900913664
9405849600
9
2645395200
217728
1143072
81
14814213120
576
642831033600
1327104
211631616
120982740480
7838208
5832
1185408
6913299456
81
250822656000
729
5618427494400
5733089280
81
81
15801827328
314928
4536
9
1071630
6561
1555848
84652646400
81
952560
36288
81
81
6561
44089920
41150592000
992023200
1270080
1463132160
648
275562
65318400
99995938560
31104
10077696
6613488
1120210560
5184
258048
85730400
9
5832
648
1312200
81
438939648
729
5832
729
1944365472
8230118400
81
896168448
5832
4536
81
9
4536
648
1500282
870912
860160
36288
35721
5832
175575859200
109734912000
2322432
64012032
55306395648
4096
10749542400
69441624000
729
67722117120
374561832960
487913932800
77157360
9185400
537701068800
18811699200
617258880
115221657600
2125764
61725888
365783040
725594112
7873200
9
648
1679616
1306368
1111320000
877879296000
190512
145152
262440
9
326592
1592524800
40310784
279936
1224720
26244
177811200
1975228416
4536
49172480000
216040608
16665989760
9
25719120
81
41479796736
13778100
188116992
211631616000
4032
729
3527193600
112896
7348320
312134860800
589934886912
146313216
161280
1327353495552
150528
12345177600
7620480
648
231472080
4214784
14511882240
5832
32256
132269760
1524096
9144576
1024192512000
1071385056
1572864
229419122688
4536000
40007520
26873856000
81
2592487296
244944
61222003200
25194240000
1469664
218494402560
316036546560
2304433152
36741600
81
229635
1486356480
6561
23808556800
34992
13271040000
725594112
5832
81
864162432
729
81
48771072
179992689408
1771470
1633266996480
3319142400
81
2731180032
3732480
9
81
45927
182891520
648
5832
520812180
5079158784
9
460886630400
33988018176
156764160
3657830400
30965760
9
36864
5184
1333584
81
541900800
648
967458816
96040
9
49787136000
3292047360
217728
8101522800
1451188224
81
81
209952
28224
40824
672126336
995328
1714608
81
27783
3023308800
729
285768
160030080
5619712
975421440
616562688
177770557440
45722880
4608
1928934
277766496
1653372
426746880
81
1769472
181440
5184
634894848
29023764480
71663616
64812182400
234101145600
648
423439591680
243045684
800150400
32768
190468454400
81
102876480
29628426240
6667920
213324668928
153628876800
535692528
952342272
1185408
9
34992
8001504
29393280
403275801600
6635520
576
9
648
151732224000
632073093120
27776649600
1371686400
5832
9
749123665920
964467
11718274050
40824
32672808000
81
81
6561
4032
491612405760
9
2099520
30618
80655160320
81
12597120
44452800
162030456
207398983680
384072192000
28805414400
568865783808
317447424
729
9
32774160384
275562
243956966400
1679616
50791587840
2016379008
17635968000
5832
32256
1851776640
648
36864
1548288
79361856
13436928
30481920
1333584
111974400
274337280
28217548800
40824
18903553200
857304
9
184354652160
36006768000
81
9
5832
244944
2612736
1128960
4182119424
38102400
214326000
70543872000
26336378880
15237476352
5184
9
632073093120
5184
52488
9
5184
1785641760
32920473600
47029248
35721
256048128
60963840
6967296
176359680
81
325066162176
16930529280
41150592000
133327918080
6561
233280
41472
19353600
279936
731566080000
38407219200
26453952
66134880
217728
275562
2370274099200
20407334400
64297800
2204496
326592
9
145152
36288
9
648
411505920
5103
1161216
1290240
5832
21676032
13544423424
9
163296
121927680
829440
648
1950842880
13934592
36864
9
9
92610000
81
5832
279936
38407219200
156764160000
9
1500282
5832
16131032064
174960
63515938752
141087744000
1306368
9
81
222264
4536
81
40824
648
648
34992
648
31104
354294
729
870912
48554311680
196608
290304
195084288
21403533312
6220800
82301184
9
81
81
160030080000
187280916480
242020800
129624364800
9
285768
873977610240
11428107264
3429216000
82959593472
178605
8001504
44089920000
18435465216
81
46656
17635968
81
123863040
27776649600
2962842624
1719926784
5832
4199040
23814
5832
23514624
231472080
1463132160
25204737600
6806835
81
41803776
79361856
601974374400
2592487296
4629441600
197522841600
1088640
6096384
1524096000
23514624
81
882165816000
243855360
3086294400
729
4115059200
677503346688
81
548674560
14696640
10754021376
23040
81
9
2015539200
729
139994313984
18289152
54867456
7407106560
19595520000
5103
374561832960
274337280
9
81
79361856000
1536288768
94832640
5832
648
9
1492992
213373440000
1280240640
5184
162570240
729
729
9
729
729
729
648
27869184000
97542144
13544423424
11287019520
158789846880
3703553280
1371372871680
6913299456
81
29628426240
45927
203212800
126023688000
81
46675440
81
14631321600
9
161310320640
762048000
30481920
204120
172872
729
839808
320060160
9
1422489600
81
153664
70543872
725760
6613488
5184
9
907370553600
256154814720
5832
6584094720
9
81
666639590400
648
262440
597445632
29859840
8001504
3528000
40824
9
2999878156800
6298560
9
204120
3645
81
2229534720
160030080
9
1024192512
9
9
76187381760
648
5184
729
124416
1548288
1646023680
372008700000
1088640
650280960
1280240640
648
729
4032758016
31104
983224811520
9
501645312
256048128
17069875200
1254113280
81
145118822400
9
210691031040
995328000
400075200
81
325140480
672126336
65548320768
729
9
81
7199707576320
14511882240
9
81
231472080
81
27776649600
81
7873200
20575296
5103
328111673400
26873856000
1492992000
31752
81
614515507200
81
1653372
650132324352
81
34992
25088
9
3900793946112
81
20575296
1658880
9144576000
5598720
17340825600
1991030243328
241965480960
22394880
1119744
25288704
2645395200
2688505344
29262643200
11757312
34292160
2275983360
127031877504
181440
5184
110612791296
31603654656
1720643420160
81
648
47029248
81
133827821568
1741824
2351462400
1504935936
40824
2133246689280
81
2204496
648
1179648
3888
81
5079158784
322486272
9
46294416
81
81
6561
4032
740710656
1219276800
729
729
9
9
9
4536
41472
27653197824
539978068224
198180864000
164602368
69441624000
1524096
4335206400
52488
81
209952
902961561600
40824
1428840
68584320
535815000
1880739938304
1741425868800
729
81
190468454400
3472081200
52907904
105840
1813985280
6858432
413343000
18289152000
5184
360067680
81
640120320
493807104000
44641044
9
648
295245
31610880
2160406080
285768
24304568400
331838373888
193536
31365895680
270888468480
846526464
9
91445760
1950842880
15431472
729
1632960
25082265600
295034880
699971569920
3809369088000
648
1580544
73466403840
2579890176
279936
823011840
5103
648
5184
729
1959552
81
27433728
81
648
609499054080
4536
12192768
1102248
1741824
55319040
666792000
7741440
195084288
3703553280
262440
41472
487710720
6561
602112000
537701068800
2687385600
30618
329204736
4608
5834430
9
46656
41803776000
58786560
390168576
216040608
729
10799561364480
632073093120
541900800
6970199040
95256000
36288
5832
86416243200
239990252544
244944
81
5832
207398983680
136048896
35389440
40824
15805440
36294822144
42515280
648
6613488
9
9
2314720800
7838208
23410114560
428554022400
6561
347208120
30618
1741824
729
23404763676672
720135360000
1741824
40967700480
6944162400
81
4233600
1143072
90757800
387144769536
632073093120
352719360000
418037760
3950456832
9
263363788800
290304
12602368800
145662935040
648
6533067985920
64012032
145827410400
19914854400
576108288
27216
146767085568
41472
217728
244944
169305292800
2286144000
81
43893964800
165888
5103
1137991680
729
139345920
166698000
2519424
59049
1734082560
27216
576
729
198404640
31752
244944
1828915200
842764124160
1350253800
367416
5184
195955200
209105971200
9
3901685760
9
6913299456
174960
518400000
87496446240
9
4608
967680
153628876800
32256
9
264539520
244944
1097349120
1333584
38698352640
28224
164602368
6827950080
470292480
648
1040883056640
13168189440
9
23147208000
2654208
174960
4608
6561
25920
81
98761420800
720135360
233280
54010152000
81
6635520
877879296
5832
237027409920
1469664
9
1317367618560
74348789760
27776649600
181440
81
23147208000
5103
81
648
5101833600
9
346816512
254016
9335088
31752
138297600
153090
190512
9217732608
729
7283146752
5832
648
153090
40824
46656
9
253957939200
2057059307520
126978969600
181398528
19999187712
2720977920
157529610
836075520
9
229635
1991485440
541900800
10450944
5120962560
118908518400
47405481984
37340352000
4838400
4536852768
81
576
81
286773903360
648
729
64812182400
9
81
33191424
36864
3318383738880
1337720832
729
648
1524096
145152
213373440
5143824000
26127360
2480058
2654706991104
81
164055836700
2612736
1296243648
1555492377600
33331979520
141120
3870720000
2150804275200
729
729
29262643200
729
14696640
34720812000
331776
9
4720558080
5852528640
685843200
18289152
729
275562
648
51438240
19203609600
36578304
1481421312
9
4459069440
9
5715360
36126720
136559001600
9
5489031744
81
73156608
45722880
9
4032758016
5443200
54190080
229635
1102248
32805
81
240045120
81
1270318775040
13719442770432
27216
81
8164800
56687040
54454680
9
9029615616
4536
9
1469664
414797967360
729
33592320
37340352
22861440
51438240
21504
5184
1333584
265531392
9
648
171460800
177811200
873977610240
5184
15676416
4723920
406332702720
4741632
27216
81
9
5832
1016064
27216
51209625600
1469664
168031584
6667920
55306395648
1889568
1290482565120
81
1560674304
40824
145152
81
677221171200
445906944
331776
9
627317913600
12962436480
1837080
1504935936
142216445952
81
729
123451776
244944
91424858112
32920473600
370355328
512096256
5103
1280240640
5184
111476736
823011840
81
81
604661760
933120
80353879200
648
81
321489
5103
1028529653760
8888527872
729
18207866880
18289152000
233280
5184
169344
5184
9
3628800
5832
612475123680
15431472
537477120
11430720
2834352
158723712000
81285120000
105840
125411328000
81
1053696000
3732480
81
22680
1960368480
648
729
116095057920
2032128
158723712
384072192
648
7838208
9
648
516193026048
559977255936
6249746160
7054387200
31104
2048385024
31104
81
47405481984
20995200
296284262400
648
55553299200
81935400960
81
18811699200
648
115736040
346816512
21337344
725896442880
12597120
576
9
5103000
6998400
14936140800
180633600
81
33331979520
217728
648
5832
365783040
67512690
13996800
9
81
548674560
5103
9
285702681600
81
321489
729
1306368
9
279936
18670176
81
7407106560
648
653184000
124994923200
609499054080
68584320
9
705438720
24078974976
1646023680
23514624
1881169920
84652646400
9
823011840
5952139200
975198486528
145152
8128512000
9
41803776
10924720128
36288
9
1296243648
48212327520
35721
9
279936
648
29160
81
28570268160
925888320
729
9
648
648
134369280
648
81
4608
199148544
10369949184
9
9
81
250822656
11890851840
31104
181440
9
5103
36288
114281072640
155520
10754021376
5079158784
1016064
22674816
1285956
457228800
5832
5103
123451776
6145155072
81
1469664
6967296
24970788864
81
537701068800
648
731566080
9
995328
217728
4608
648
34992
334430208
762048
746496
6967296
1679616
81
3919104
5832
355541114880
5598720
691329945600
559977255936
131712
114281072640
81
81
9
1524096
729
9
9
25719120
48009024
3969
5184
7620480
217728
1646023680
11904278400
128024064
345664972800
1234517760
307257753600
9
777924
648
275562
33191424000
526727577600
929359872
505658474496
19840464
729
8890560
829440
15554923776
5120962560
191182602240
36578304
193536
648
5143824
81
20065812480
4389396480
40824
43893964800
24004512
106686720
229635
174960
254016
6613488
729
165888
81
22295347200
302330880
2519424
19118260224
31752
3901685760
36288
10455298560
391910400
4032
6531840
2080899072
170698752
21163161600
5443200
222264
1457236279296
81
3174474240
870912
280921374720
113374080
5832
89579520
5103
8295959347200
219469824
334430208000
1270080
186701760
3967185807360
9
729
229635
418037760
81
204120
729
18670176000
6616243620
1587237120
5184
172032
9
9
225792
25395793920
5184
81
217728
313658956800
1300561920
14631321600
460886630400
64812182400
5079158784
6193152
66162436200
9
81
16460236800
44452800
446092738560
5832
373248
6429780
7777461888
177811200
81015228000
480090240
870912
66134880
729
382637520
256048128
36415733760
4515840
81
5832
241864704
326592
5267275776
46656
26244
186624
648
5184
9
40007520
5184
1750329
81
5225472
225792
4608
2580965130240
419904
37324800
92588832
81
10032906240
264539520
5103
3024568512
379330560
9
648
3048192
329204736
166471925760
900169200
672126336
9
648
27216
4608
2090188800
285768
6889050
149361408000
36288
4354560
5103
248832
122472
10668672
81
44789760
81
4032
279936
28224
17923368960
2125764
559872
2400451200
419904
81
34292160
93329542656
979776
23233996800
125463582720
491612405760
30618
11428107264
9
115736040
9
729
2212255825920
979776
25395793920
892820880
17635968
3024568512
529079040
729
729
3333197952
553063956480
4374
81
859963392000
81
36288
1028764800
81
4299816960
790272
81
45722880
18147411072
648
28224
81
81
2031663513600
25719120
111106598400
768144384
4286520
81
155520
290304
648
729
9331200
648
1741824
41803776
81
50803200
31104
365783040
166698
790272
1270080
1209323520
163296
474054819840
729
9
81
9175040
933120000
40824
9
6531840
233280
30862944
9
1524096
4536
682795008
60761421000
963379200
141087744
69132994560
4374
433520640
308629440
373248
5832
648
793618560
9001692
5184
241965480960
280921374720
5103
8573040
2286144
81
5878656
47029248
4408992
36288
81
155520
2388787200
6049137024
172872
9601804800
39998375424
987840
19756800
341397504
333319795200
382205952
85349376
987840
2893401
578027520
179159040
40824
729
180033840
35721
1991485440
61451550720
9
94810963968
9
6561
55306395648
52488
5184
24998984640
10241925120
4299816960
8573040
36294822144
198404640
729
33861058560
60466176000
295245
45927
952560
81
9
823011840
7375872
9
729
108020304
13716864
4536
1200225600
6531840
6531840
8538493824
81
520224768
1049760
34992
337486292640
10241925120
793618560
648
7558272
13226976
9001692000
23044331520
9
36415733760
6449725440
42674688
244944
40824
729
40642560
47029248000
321489
9
740710656
42998169600
28224
99202320
1654060905
9
1417176
81
25924872960
480090240
9
1254635827200
29393280
12192768
3292047360
254016
45368527680
12039487488
4444263936
9
729
16665989760
9
156067430400
9
417942208512
211631616
1567641600
10501974000
32920473600
81
6350400
81
4032
193536
336063168000
1474837217280
9565938
10668672
7112448
457124290560
360067680
81
81
81
729
1296243648000
81
75582720
648
729
48977602560
5832
81
34992
1238347284480
18579456
253957939200
326592
81
40824
26754416640
6451200
15431472
5184
5184
19752284160
948109639680
4536
2949674434560
4374
3511517184
325140480
169344
57802752
1119744
9
80015040000
4082400
39680928
9144576
163870801920
4898880
13168189440
26873856
48609136800
40633270272
1275989841000
2250423
81
1088640
71108222976
3456649728
694416240
17635968
54623600640
20163790080
13716864
326592
264539520
796594176
29042496
60491370240
7838208
648
46656
537701068800
52488
108884466432
648
2064772104192
17781120000
156067430400
1632960
1567641600
8164800
952560
426746880000
81
9
762048
6858432
648
222264
1720643420160
26754416640
9
1143072
26244
476369540640
729
2880541440
62705664
5832
11022480
23328
5832
48009024
81
222213196800
32805
2939328
648
979776
580849920
94058496
9
81
5184
289340100
4000752
81
50164531200
81
5832
4536
5103
204120
81
81
41472
5184
81
133327918080
120022560
256048128
933120
6561
504094752000
1209323520
46656
648
324060912
5184
158723712000
979776
9
6561
5927040
207360
10160640
40642560
9
4976640
10450944
8128512
6223392
4536
3749847696
81
81
138883248
62705664
81
18370800000
9
8037225
2314191720960
2032128
5103
33191424000
81
5103
367416
5184
4444263936
600112800
59256852480
30618
399983754240
4608
740710656
666639590400
1224720
39366
648
46656
729
28576800
24192
4608
34992
16003008000
529079040
4608
967861923840
89616844800
81
311098475520
183708
6449725440
3750705000
8918138880
264539520
8164800
290304
529079040
2601123840
125411328
229635
729
36741600
1428840
987614208
10668672
987840
1653372
856141332480
8001504
729
1741824
16257024
1493614080
2844979200
274337280000
1175731200
5974456320
81
4702924800
81
5184
9
190468454400
9
13436928000
81
9
14631321600
2985984000
104976
219469824
1175731200
233280
36288
7225344
9
153628876800
257191200
32514048
285768
729
208971104256
2560481280
276531978240
171460800
32256
180033840
168031584
1036800
77157360
217728
1020600
49545216
3456649728
2304433152
262440
729
7779240
2257403904
45927
729
6584094720
81
129624364800
4459069440
960180480
917676490752
1161216
8709120
1469664
72236924928
214326
9
4939200
1632960
23040
9
216040608
1088640
81
36294822144
1984046400
9
81
279936
6718464
1161216
385786800
1080203040
81
568865783808
107495424000
2286144
5184
325140480
1088640000
493807104
289013760
181440
81
483930961920
8001504
609638400
14450688
1111320
81
109734912
25920
31116960
2645395200
5832
9
5103
9
1306368
131681894400
705438720
1166400
261273600
9
351151718400
26754416640
1548288
1679616
5832
174960
6613488
746496
1111065984000
13063680000
514382400
4761711360
9
729
903168
2985984
5761082880
1451520
97542144000
5184
81
81
2039281090560
127008
9
1161216
4032
967861923840
576
264539520
7589772288
14929920
9185400
24883200
6270566400
156067430400
81
7001316
2170050750
30618
9
29160
648
1410877440
2232052200
2057529600
729
114307200
367416
81
9
28224
81
648
4536
1714608
41150592000
2766471998976
120982740480
30618
493807104000
76204800
11943936
9
81285120000
233280
5832
5184
4536
6123600
1088640
5184
9
6531840
6667920
170698752
67512690
93312000
348364800
1388832480
1111065984
9
648
32256
2717908992
127008
81
617258880
1524096
44442639360
144027072000
232190115840
193536
200704
139968
32514048
1587237120
729
44641044000
2257403904
5852528640
529079040
10158317568
81
214326
288054144
9
2926264320
2322432
1714608000
4572288
81
4536
81
4536
1161216
163296
34139750400
261273600
5000940
104509440
5184
139968000
81
5832
648
5643509760
9
729
729
4897760256
9
5358150
308629440
326592
13716864
27648
136080
169940090880
148176
1129172244480
107540213760
6096384
9
729
9
52488000
5832
3306744
648
4536
729
1097349120
699182088192
9
12602368800
25920
9
138265989120
1143072
58786560
6561
5103
2400451200
9
5184
17146080
5184
576
36006768
9
2480058
2821754880
648
270888468480
1066867200
2032128000
109734912000
11197440
81
31752
3360631680
5184
4536
16934400
70543872
213373440
829440
3888
30618
729
285768
21781872000
21946982400
81
1548288
9
9523422720
81
5103
51230962944
331776
52254720
174182400000
617258880
907200
6531840
5806080
81
36288
275562
3511517184
159252480
557383680
233280
27088846848
9
36288
4536
274337280
729
729
13226976
18003384
457228800
28224
107564800
5555329920
4536
3097866240
1327104
367416
5184
729
9
233280
81
158054400
35721
899963447040
5927040
300987187200
476171136000
2381400000
34012224
111974400
1028764800
9
622196951040
129624364800
82668600
658409472
9
959961010176
11287019520
6584094720
36006768
648
30965760
36126720
126414618624
729
729
9
109734912
790091366400
81
48988800
2700507600
158723712000
190253629440
580849920000
833299488
134369280
81
1008189504
5103
1327104
3674160
9
28224
5184
31744742400
4898880
27216
2880541440
5832
272211166080
17635968
45927
254016
557383680
6561
5103
217728
1763193692160
9483264
290304
380936908800
209952
680244480
31752
648
36288
6561
26244000
136559001600
21163161600
5103
4837294080
5184
56899584
648
4536
2821754880
46656
5103
656100
7112448
524978677440
198404640
3293419046400
44998172352
870912000
333396000
648
426746880
9
2926264320
254016
1062125568
9
634894848
146966400
240045120000
16131032064
145152
2361960
648
1290240
118513704960
43893964800
1632960
7681443840
192036096
66060288
3919104
81
282175488
3703553280
176359680
94058496
3499200
1143072
115221657600
7501410
27216
46088663040
3413975040
5832
9
82301184
233377200
5184
27556200
5184
136080
1316818944
729
81
274337280
4032
256048128
510183360
81
285768000
729
648
1270080
13442526720
184354652160
367416000
9
81
6531840
136048896000
256048128000
17142160896
1376514736128
9
3720087
169344
1016064
2239488
218741115600
711082229760
190468454400
4629441600
81
853493760
7644119040
171460800
190512000
81
2268945000
9
867041280
244944
81
9
10001880
91445760
81
23328
6561
9
3733181706240
285768
1105920
81
5103
225042300
729
22394880
9185400
7739670528
31752
1742549760
9
206671500
26572050
81
729
317447424
32006016000
24385536
178605
9523422720
370355328000
9
43401015
45927
13716864
1714608
36288
20065812480
9
88179840000
186624
8128512
133358400
81
54177693696
5103
331776
1119744
1469664
43535646720
1920360960000
1316818944
45927
36288
729
13934592
174795522048
10455298560
33592320
11022480
4064256
587731230720
587865600
148142131200
329204736
70573265280
8001504
30098718720
81
5832
8001504
4534963200
81
4320812160
28224
624974616
81
729
582651740160
13332791808
2519424
119489126400
22861440
60963840
833490
414797967360
5832
40824
23044331520
225792
308629440
61725888000
9
72576000
13063680
230443315200
81
1166400
20163790080
10668672
5184
79361856000
217728
9
28224
396809280
52488
5184
648
617400
648
729
9
27216
9
729
44452800
6561
81935400960
446308403328
31752
46656
5832
27216
9
201553920
258096513024
1451520
9
59256852480
5103
3656994324480
729
329204736000
9483264
159252480
658409472
81
3981312
5143824
347208120
335923200
22118400
648
1106127912960
24494400
2099914709760
35721
516096000
6561
34992
64297800
272097792
648
52907904
888852787200
126978969600
40131624960
81
69132994560
9
4180377600
10287648
78382080
1382659891200
376233984
70858800
4267468800
1481421312
128024064
325140480
24084480
34836480
71108222976
45927
2380855680
2926264320
3135283200
258048
149361408
576
5103
1143072
53747712000
6584094720
4536
31104
4536
158018273280
9
31104
2633637888
1207959552
183708
1244160
1058158080
48393096192
5832
2579890176
9
1194393600
2341011456
729
2065244160
80655160320
35562240
5184
9
1679616
258048
115221657600
3306744
81
622196951040
46656
203212800
10450944
231472080
45927
2645395200
9
81
648
411505920
81
38578680000
81
27648
81
190468454400
32256
1714608
576
99995938560
36288
4115059200
653184000
81
477956505600
22404211200
9876142080
2418647040
55306395648
4536
2295825120
27216
4725888300
3567255552
423263232
2550916800
9
5184
357128352000
32148900
10973491200
20901888
9
118540800
367416
1714608
7112448
270888468480
16934400
362948221440
34992
5184
1066867200
3265173504
81
45008460
12597120
217728
81
25719120
42865200
8888527872
1097349120
5832
644972544
176359680
9
3318383738880
81
30618
29262643200
35721
52488
8749644624
81
30618
279988627968
28576800
30233088
480090240
5184
9
1148175
18207866880
1469664
308629440
9
52907904000
1959552
10450944
501645312
44808422400
9
29023764480
5184
729
9029615616
9
1045094400
9
9
544320
729
9
3306744
45927
373248
5852528640
648
28677390336
770527199232
193536
254016
24800580
209952
9
169344
1270080
705438720000
877879296
1561324584960
44789760
31213486080
23328
39366
1111320
77157360
1574640
81
81
81
30494620800
1990656
666639590400
31603654656
19051200
334430208
264539520
5832
81
4592700
6096384
5080320
5184
9
81
25401600
10287648
648
181440
1911029760
12754584
5310627840
190512
204120
5103
68584320
3200601600
1504935936000
294055272
2666558361600
1399680
576
729
5184
2939328
729
24494400
524386566144
11202105600
29393280
9
12152284200
4445280
74996953920
857304
436988805120
648
729
9
6096384
9
9
5103
9
3920736960
907200
729
729
87091200000
4938071040
3360631680
193536
52488
376233984
27993600
7201353600
25088
156764160
3950456832
217728
205752960000
285768
967861923840
73156608
9
729
6096384000
81
1028764800
82959593472
177770557440
156764160000
20901888
258048
5184
9
41472
81
2571912
5184
5598720
548549148672
36288
648
5832
81
480090240
331838373888
648
3483648
3703553280
41472
18966528000
729
15606743040
729
81
25924872960
73483200
1040449536
9
421382062080
4608
729
4374
263363788800
31104
4536
14108774400
388873094400
211631616
15872371200
4032
1285956
16325867520
429981696
1920360960
746807040
9
326592
4536
716636160
921773260800
102876480
233280
1837080
729
5225472000
52488
729
9
6913299456
4536
42138206208
12485394432
1224720
9
5184
100776960
729
729
4032
11612160
6889050
4837294080
648
4954521600
174182400
81
80655160320
18289152000
120022560000
567106596000
28224
3292047360
35831808
10077696
96315899904
4608
648
12697896960
27869184000
479980505088
1736040600
1097349120
81
326592
9
45712429056
5832
9
9
1531187809200
326592
81
5267275776
11612160
7348320
864162432
36756909000
34720812
214326
59049
81
365783040
2613824640
11249543088
5184
711082229760
45927
6193152
81
367416
40824
871274880
1289945088
1209323520
23328000
335923200
169344
914457600
1244160
3024568512
13063680
184320
16665989760
81
183708
5643509760
955514880
592568524800
705600
81
15479341056
1778112
1612431360
40967700480
67184640
7112448
9
104509440
1074954240
314928
36288
6473908224
29160
25804800
367332019200
729
1959552
8573040
1240029
2480058
49545216
140026320
9
5714053632
254016
1354752
53508833280
28343520
40310784
1393459200
31109847552
148176
51438240
81
2893401
548549148672
9
38843449344
81
21870
3950456832
279936
54010152
365783040000
729
368709304320
221225582592
8817984
31109847552
4233600
73156608
9
34992
35721
245806202880
6584094720
4837294080
216040608000
595213920
729
45927
37035532800
277766496
326592
7838208
13544423424
34992000
764411904
1524096
20901888
182891520
20575296
475832254464
81
261273600
740710656
5161930260480
35721
285768
3612672000
4608
16003008
9
114307200
205752960000
81
80621568
81
16796160
2985984
40824
27216
435356467200
141087744000
51438240
81
165888000
470292480
762048
729
207360
31104
35271936000
15931883520
33592320
9
12541132800
648
225042300
25719120
137168640000
55112400
2821109907456
9
391910400
434010150
285768
39191040
4115059200
314928
36288
54010152
80655160320
790091366400
2370274099200
7440174000
216760320
5184
250822656000
568865783808
9
576
648
32920473600
176433163200
97542144
1365590016
5038848000
648
729
185177664
414797967360
350065800
729
199991877120
207360
2222131968
81
283115520
1209323520
81
67976036352
10416243600
7524679680
729
7620480
275562
25317258750
6531840
1032386052096
9
995515121664
244944
46656
967680
5184
5443200
28224
6751269000
1166400
108864
272097792
399983754240
648
367416
76187381760
783820800
9
1714608
9
952342272
1102248
27776649600
8890560
100776960
1180980
2000376
1097349120
6561
203166351360
3135283200
371589120
81
41664974400
186701760
729
30245685120
109247201280
5832
5832
9
9
1959552
339738624000
3950456832
2149908480
3969000
40131624960
54212659200
648
648
819354009600
20575296000
62705664
81
5598720
81
51849745920
13436928
1632960
5832
26453952
23224320
57868020000
4822335
182891520
557383680
1152216576
258048
975421440
61957324800
889056
23147208
190512000
182078668800
414797967360
22861440
8778792960
1179648
273118003200
729
23514624
101583175680
7838208
36288
7142567040
729
197568
170698752
585252864000
24772608
7054387200
6561
645241282560
3571283520
26336378880
2821754880
11666192832
4629441600
9
104485552128
1990656
580475289600
81
1693052928000
1428840
1672151040
729
975421440
81
729
3901685760
120960
567
6561
4536
20155392
7464960
233280
294912
4536
8128512
391820820480
141087744
1143072
45927
81
81
65028096
729
5806080
81
63489484800
73156608
229582512
1638708019200
165888
116640
5080320
28224
29393280
576
39191040
8001504
960180480
975421440
193536
56710659600
81
81
2902376448
1741824
18059231232
204120
648
9
217728
9
729
761873817600
31104
1161216
1881169920
9
17777055744
40824
176359680
1322697600
221225582592
45927
275562
5878656
37639074816
9674588160
5832
142884000
648
290358577152
34992
729
326728080
6429780
261273600
145800
248832
4608
26754416640
9
70230343680
1280240640
9
66134880000
2204496000
576
9957427200
233280
14696640
46448640
128024064
5832
34992
13168189440
729
2613824640
81
6561
228562145280
110199605760
11435482800
5832
8918138880
17643316320
2016379008
1653372
15801827328
4232632320
36288
248109135750
268738560
217728
9
226748160
20316635136
576
349591044096
184320
9
290304
1417176
13063680
2800526400
5184
5832
1020600
52488
874800
6561
1137991680
81
5643509760
60011280
65840947200
20163790080
810152280
72236924928
398297088000
729
7644119040
30132704700
248832
256048128000
9
9
81
40633270272
648
81
6561
36006768
81
44089920
149299200
5486745600
54010152
30618
282175488
52254720
8817984
51438240
96018048000
81
438939648
9
2579890176
23514624
10287648
262193283072
5832
9
595213920000
32256
81
81
46656
262440
9
35271936
96786192384
352866326400
31744742400
5832
1633266996480
896168448
7962624
34992
702303436800
19840464
213373440
648
81
330674400
2519424
46820229120
81
29760696000
36288
300987187200
557383680
84672000
9
9
107540213760
729
82301184
5184
1259712
9
21168
155520
36864
5832
6531840
370355328000
81
8001504
41472
1524096
9
1896652800
27869184
9
45008460
9
1463132160000
1185408
2204496
464380231680
81
1382659891200
1166400
141087744000
1741824
114307200
746636341248
1463132160
729
6251175
48771072
8128512
40824
2351462400
7169347584
209952
462944160
221225582592
48009024
58786560
39207369600
9
533311672320
1763596800
40824
1360488960000
705438720
81
108355387392
27216
1322697600
9
9
81
117182740500
648
12098274048
6301184400
2520473760
5832
29262643200
331776
106686720000
9
48009024000
10115481600
9
374561832960
19349176320
56435097600
2239488
335923200
967680
5832
7257600
19595520
1244160
47617113600
1244160
279936
1492992
258280326000
2194698240
207398983680
41803776
8037225
50409475200
1377810
229635
41472
52488
10450944000
226748160
32805
117573120000
729
578027520
81
541776936960
27095040
435456000
81
252047376
6561
25194240
4536
36288
30862944
5143824
22394880
975421440
11379916800
1175731200
24004512000
9
6069288960
9
292626432
169344
33861058560
164602368000
1097349120
729
5184
241965480960
1928934
1666598976000
481579499520
2940552720
440899200
81
20155392
103680
65028096
81
13716864
193491763200
6350400
729
5511240000
18345885696
13168189440
103723200
777746188800
1512284256
9
4608
1185408
9
36288
28224
2551979682
21242511360
9
18517766400
9
13716864000
21870
30098718720
6561
244944
39182082048
926274106800
6502809600
1285956
729
6096384
81
1714608
2268000
1741824
81
45148078080
1755758592
729
222213196800
81
30098718720
81
8709120
221184
31104
81
2267481600
45349632
229635
694416240000
81
27776649600
32768
4032
729
18579456
314928
81
23147208
46656
360067680
1778112
470292480
81
729
163296
1011548160
4938071040
9
2250423
1548288
81
40824
648
2592487296
16124313600
8888527872
51209625600
262489338720
15676416000
48009024000
12002256
98761420800
18662400
65318400
81
9
9
81
217728
4032
41803776
141120
648
4572288000
104162436
3224862720
129024
9
5160960
458838245376
7838208000
6348948480
37507050
75278149632
22404211200
7464960
186624
81
5832
6635520
48168960
24494400
24893568
379330560
243855360
347208120
139403980800
8193540096
87787929600
648
419904000
6001128
4608
46656
10369949184
20253807
65840947200
2048385024
6561
29393280
36288
9144576
35123200
285768
190512
186624
17635968
36288
1229031014400
46656
81
9876142080
27869184
362948221440
874800
81
60491370240
108864000
52488
39504568320
81
316036546560
7620480
4478976
729
725760
209952
729
119439360
8266860
9
729
81
729
35831808000
225792
216710774784
12802406400
81
1036800
14338695168
1679616
4374
470488435200
208089907200
9
68584320
229635
256048128
308629440
81
292626432
136048896
6751269
9029615616
648
18059231232
81
3175200
214326
55553299200
5184
42674688
28576800
40824
81
6001128
5334336
729
870912
2777664960
23514624
45368527680
9
5184
99090432
36578304
217728
81
833299488
729
1148175
3857868
250047
12541132800
154828800
10673117280
299649466368
648
9
4877107200
108020304
17635968
31104
1264435200
26754416640
81
3657830400
5898240
1714608
23514624
648
197522841600
1492992
46656
9
902961561600
1102248
842764124160
261273600
2612736
859963392
4266493378560
275562
304819200
221184
9
740710656
9258883200
18370800000
22044960000
4572288
867041280
5103
25515
23332385664
29160
1111065984
221184
27095040
1536288768
18749238480
6145155072
1296243648
4572288
9
22856214528
40310784
5103
11022480000
80263249920
12345177600
171460800
557383680
46656
31752
59256852480
91424858112
460992000
195955200
107017666560
2152336050
17557585920
1049760
13392313200
125411328
729
81
241061637600
51209625600
423263232
5598720
392073696000
5832
9
27216
6858432
5184
9523422720
60963840
8670412800
648
27311800320
5689958400
186624
102876480
4032
648
512096256
123863040
64297800
6613488
81
73156608000
9
81
65840947200
6531840
81
648
81
37158912
952560
182891520
13934592
41472
6718464
9
940584960
4838400
979776
146313216
1354752
1959552
81
7134511104
729
9
104509440
595350
729
133772083200
650280960
1365590016
45927
54867456000
2743372800
31104
4608
55553299200
81
1185408
274337280
870912
816480000
370355328
729
648
202309632000
1728324864
438939648000
42865200
5598720
235146240
4761711360
19840464000
307257753600
158760
7715736000
36288
31752
33592320
903168
729
9
9
5184
9
9
55553299200
438939648
9
225792
790091366400
47617113600
921773260800
691200
2939328
2066715
9
1083801600
5832
31104
81
462944160
51426482688
1016064000
9
5832
5103
37791360000
31352832
256048128000
81
34992
50409475200
95126814720
5715360
35554111488
2624400
290304
729
1119744
222213196800
352719360
6561
470292480
256048128000
217728
58786560
18059231232
5184
1343692800
7166361600
648
39191040
326728080
246903552000
45927
317447424
8037225
49207500000
6718464
1003708661760
729
9
10160640
12965400000
177811200
70543872
81
4233600
74317824
7348320000
960180480000
729
411505920
1524096
138265989120
28224
4644864000
413343
1361367
197568
81
201553920
24494400
26244
229635
73156608
2844979200
10287648
45927
648
4960116
1959552
18903553200
380936908800
20739898368
648
8294400
3857868000
3584673792
5184
648
27776649600
132269760
5184
2520473760
1904684544
21772800
516193026048
5925685248
729
44590694400
67184640
1123685498880
5103
7902720
648
31352832
6947055801000
846526464
39207369600
101583175680
81
197522841600
648
15002820000
258048
23814
1170505728
853493760000
1417176
48393096192
1428513408
382365204480
169305292800
292626432
3413975040
5832
2519424
248832
81
1071630000
175774110750
857304
56010528
895795200
1066623344640
3359232
92588832000
1440270720
4920750
29160
1209323520
4536
729137052
81
1714608000
9
1410877440
135475200
79996750848
81
139994313984
9
4536
154314720
648
3747179003904
9
17836277760
36288
5184
1959552
114709561344
4064256
9
148142131200
5184
889056
7260624
4013162496
15362887680
195910410240
99532800
9
21504
5806080
2499898464
45927
61725888000
81
5103
806215680
12350321424
944784000
197568
258048
2204496000
685843200
2612736
39191040
6193152
27433728
560105280
9
166659897600
9
281238577200
82301184
578547930240
325140480000
1417176000
81
9
35721
358318080
4536
11022480
1574640
225792
5832
203166351360
853493760
9258883200
725896442880
81
296407714176
40824
34992
5832
81
6561
2508226560
261213880320
1524096
729
137137287168
81
9
47258883000
36288
40642560
81
56010528000
9
59049
4644864
6561
6858432
4232632320
169869312
810152280
5290790400
6561
2286144000
1240029
4976640
126978969600
9
20412000
1463132160
330674400
178605
14108774400
5103
30474952704
81
9
105859897920
2204496000
2016379008
81
9
81
9
1306368
36288
308629440
10628820
622196951040
9
4267468800
285768
217728
1469664000
46656
81
3936600
236196
1234517760
82301184
5462360064
5832
4779565056
3584
214326
10001880
15676416
5184974592
45349632
423263232
16325867520
1607077584
40824
6858432
1016064
395045683200
244944
29160
145152
34992
9601804800
41472
4536
648
11287019520
729
1190155742208
3703553280
2015539200
39366
6561
1548579078144
23524421760
9
172832486400
711082229760
7838208
9
1185408
188116992
41472
51426482688
9
6667920
81
32805
312134860800
648
9
1512284256
89282088000
172032
1016064
658409472
9405849600
292626432
32527595520
81
81
903168
5715360
58786560
13716864000
979960197888
9
677376
222264
11197440
121899810816
94058496000
283435200
81
812851200
81
729
1365590016
102876480
81
895795200
9
278691840
729
1693758366720
1088640
81
4536
28224
764730408960
1152216576
1481421312000
423439591680
82649704320
729
9289728
81
9073705536
9
34836480
57610828800
23808556800
5832
81
648
5184
81
446308403328
59997563136
987614208
368709304320
81
91854
63504000
5852528640
15237476352
33339600
190512
148635648
41472
3265920000
864162432
196830
46656
5184
729
150556299264
55306395648
34992
1476225
36288
123451776000
385351680
671846400000
11943936
35554111488
154279448064
4536
48988800000
9
2962842624
5184
14288400
26011238400
9
5761082880
13826598912
36288
18903553200
9
1741824
81
33861058560
139345920
279936
2667168000
2106910310400
5184
3919104000
430160855040
292626432
85710804480
217728
89616844800
10369949184
217728
26248933872
41472
136105583040
5486745600
729
48988800
2809856
18289152000
3888
47829690000
13063680000
244944
5441955840
609499054080
1851776640
5832
81
81
627056640
3318383738880
326592
2057529600
20901888
52488
136080
68797071360
9
6561
1360488960
720135360
200037600000
6481218240
33331979520
648
50409475200
50791587840
9
52488
81
27783
9
8817984
9
316036546560
299987815680
159993501696
37456183296
32805
25515
1714608
7838208
217728
377913600
729
250047
266716800
264539520
720135360
24690355200
1049760
6806835
729
184354652160
132269760
20065812480
171460800
47563407360
65840947200
329204736
222264
3733181706240
261273600
81
9
81
311098475520
933295426560
128994508800
8573040
5184
254016
4408992
9
9
9
7620480
204120
5974456320
1975228416
438939648
90699264
14814213120
81
27556200000
189621927936
9559130112
109247201280
2480058
729
1728324864
200704
5832
34292160
677221171200
9
3888
5184
14002632
11522165760
81
248832
1111065984
729
1771470
2939328
32920473600
34836480
729
3170893824
10450944000
35271936
23702740992
5268480
221184
6584094720
9
806215680
7620480
8641624320
5643509760
10581580800
46448640
96018048
20321280
190512
21874111560
25798901760
46820229120
297606960
81
655483207680
7054387200
648
2239488
6773760
6613488
7524679680
21003948000
729
9
9
5103
9
979776000
365699432448
98761420800
5832
71124480
9
81
36415733760
81
18728091648
27648
236196
46656
81
74071065600
729
960580555200
9
81
729
1270080
979776
918540
1587237120
5103
10534551552
30481920
15801827328
69441624
135475200
36288
9
81
5184
11019960576
147456
9674588160
130636800
81
182891520
71663616
246903552000
5832
3901685760
26671680
6858432000
326592
81
95591301120
820125
252047376000
9
432081216
188956800
9
5184
940584960
83607552
46664771328
480090240
81
275562
9
6688604160
81
9
867041280
729
18289152
75866112
13063680
2613824640
6096384
648
11612160000
16721510400
6561
930021750
30618
81
145152
4938071040
729
270888468480
4608
1306368
1399680
209952
9217732608
1143072
729
5832
833490
340122240
1428840
836075520
24004512000
729
5103
43391094768
11197440
729
648
81
2519424
2539579392
13226976
5160960
648
18517766400
768144384
1741824
5878656
729
860321710080
223948800
53343360
29872281600
4608
38236520448
76187381760
648
5832
1371686400
9
1714608
12859560
2048385024
1143072000
9
81
6561
5832
15801827328
7348320
1088640
4741632000
279936
209018880
19686700404
240045120
9
86416243200
24772608
24304568400
81
85730400
5103
34292160
128077407360
3950456832
967680
9
249989846400
213373440
1889568
9
9
1062125568
9
14696640
81
9
496011600
290304
585252864
81
81
275562
1612431360
41150592
50803200000
729
15676416
237027409920
9
158760
11022480
9
67722117120
36864
30474952704
64012032
1333279180800
14046068736
9
5832
7873200
793618560
505774080
567000
3429860692608
526727577600
1693052928
1224720
84970045440
32256
81
52488
55319040
507915878400
5832
270050760
1574640
555532992000
548549148672
55738368
320060160
648
4629441600
9
576108288
648
117546246144
317579693760
729
13774950720
248832
1260236880
58773123072
81
81
42515280
21685063680
716636160
806551603200
729
1959104102400
29393280
240045120
31752000
4536
9
341397504
46656
11430720
9
576
9
1249949232000
172832486400
960180480
967680
68584320
16003008
29628426240
70230343680
104509440
190468454400
15173222400
1573159698432
9
27993600
1377810
9
406425600
9
9
190512
136080
290304
105369600
81
171532242000
9
9
7965941760
1080203040
408146688000
61725888
1680315840
81
16257024000
70543872000
729
9
24004512
3732480000
9
81
81
5511240
729
31752
2116316160
5159780352
9
9
15554923776
6858432
42674688
414797967360
51849745920
987840
31104
9
47829690
3359232
5832
31752
36870930432
5832
9
1638708019200
173604060
60491370240
1050197400
81
9
31863767040
658409472
7620480
73987522560
2133734400
110638080
233323856640
52488
262440
5103
41472
81
8641624320
2634240
60466176
729
244944
9
1161216
149299200
81
1354752
209952
40824
74680704
3333197952
32256
100776960
29628426240
45148078080
81
190512
6858432000
9
749123665920
244944
244944
529079040
1837080
7936185600
49380710400
359985378816
729
30245685120
30618
26873856000
225792
28229306112
65840947200
6584094720
1928934
223205220000
38887309440
205752960
725896442880
85065989400
564350976
222264
40824
334430208
4608
522547200
5103
101583175680
1679616
32256
729
1041624360
9
1959552
3200601600
36288
1306368
81
81
729
74071065600
174960
329204736
104509440
729
1658880
76187381760
952560
7524679680
1486356480
5925685248
9
114661785600
729
5143824
914248581120
2032128
729
699840
117573120
393660000
9797760
13940398080
2520473760000
16930529280
11430720
355541114880
729
914457600
648
529079040000
12499492320
17635968
391910400
81
2939328
4536852768
178564176
41150592000
16131032064
277766496000
248832
46656
56197120
31752
81
235146240
9
81
604661760
40824
109734912
139968
729
36288
81
5832
241965480960
648
396809280
2361960
81
81
101245887792
1071630
36288
823011840
1714608
47829690000
155520
648
9
5443200
9289728
334430208
9
81
14929920
79361856
8778792960
91445760
81
453496320
648
2090188800
208324872000
774144
9
2939328
819200
81
367416
81
15676416
24690355200
9
5832
157464
160563200
27433728
514382400
66663959040
411505920
5419008
47416320
148142131200
47029248
5184
338610585600
164602368000
130606940160
81
32805
151868831688
96315899904
3009871872
190512
1306368
857108044800
729
25509168
228562145280
648
2508226560
597445632000
6561
98761420800
36288
135025380
1066867200
33861058560
3292047360
16003008
6913299456
9
1218998108160
32659200
1224720
14515200
9
9
9
781218270000
4898880
85710804480
14814213120
5184
28449792
184354652160
81
81
9
112394240
580608
222264
123451776
174254976
76204800000
158054400
210691031040
108355387392
71108222976
6001128
729
9
729
1289945088
3292047360
9
2777664960
15240960
3360631680
277766496
8128512
762048
145212480
95256000
20412
45927
648
8957952
155549237760
92588832
746496
658683809280
283553298
1306368
3135283200
54454680
12697896960
9
1185408
60011280
10032906240
52254720
729
729
9
352719360
1032192
81
257191200
36288
1463132160
7499695392
2016379008
22044960
8573040
5832
2743372800
544195584
9
535692528
81
6123600
9
9
9
62219695104
1714608
5832
2592487296
141717600
9
1053455155200
32256
23514624
36864
3306744
1000188
51597803520
136105583040
30618
131681894400
81
179233689600
11612160
1706987520
74071065600
36288
648
5184
1959552
5120962560
207398983680
1111065984
1928934
40967700480
50803200
960180480000
155520
27216
5103
8961684480
729
28672
1658880
3870720
121927680
314928
72013536
630118440
9
40310784000
75246796800
290358577152
2167107747840
9
5927040
6561
42674688
9
204120
62705664
31752
576
118513704960
22044960
110612791296
117573120
9953280
36864
81
1632960
32262064128
9
34992
210691031040
193536
1799926894080
5184
9217732608
23224320
9
7023034368
9
374561832960
9
1959552
25920
271904145408
648
17340825600
2571912
207360
241864704
275562
4536
1741824
155520
4536
1866240
648
245806202880
81
46438023168
1003520
729
81
43758225000
648
10450944
10838016
30098718720
1234517760
81
26336378880
46820229120
5832
3265920
550376570880
544320
729
648
6613488000
22226400
291654820800
25920
37791360
115736040
81
183708
117050572800
493807104000
5832
7407106560
1102248
8851046400
416649744
31213486080
5103
24192
44789760
244944
35721
729
370355328
292626432
84276412416
274337280
35115171840
81
81
1259712
433421549568
9
1296243648
5832
648
4608
17836277760
9
23814
69441624
34398535680
211631616
5184
1632586752
40824
553063956480
729
729
8164800
30618000
27227340
81
729
9
256048128
9
1568294784000
1185408
9
29132587008
7715736
205752960
24004512000
400075200
5184
729
94058496
56184274944
48988800
1119744
3292047360
9
217728
4608
279936
43563744000
846720
81
9
9
32659200
22394880
1659191869440
2212761600
6858432
81
165888
23040
40507614000
903168
462944160000
190512
406425600
96018048
12962436480
36288
729
111974400
1146617856000
186624
10369949184
104509440
90296156160
222264
28449792
9
4761711360
81
5689958400
9
933295426560
580475289600
877879296
544320000
648
25509168000
1270080
5225472
9
846526464
29628426240
480090240
171421608960
188116992000
12599488258560
9001692000
85710804480
2133246689280
975421440
31752
6096384
9
729
274337280
314928
1185408
2893401
62705664
5103
174142586880
25395793920
1377810
987840
28092137472
5733089280
275562
81
35006580
648
326592
648
648
190512
9
367416
118098000
587865600
576
9
183708
812665405440
444426393600
650132324352
729
41990400
66134880
76814438400
86113125000
141717600000
136559001600
1574640
4032
30618
9
117050572800
752467968000
6350400
81
1719926784
46820229120
928760463360
4898880
1316818944
1492992
5832
4608
2389782528
5443200
244944
36288
62208000
648
873977610240
22404211200
8128512
18435465216
13436928
9
81
4514807808
1312446693600
94832640
93640458240
38407219200
9
4536
81
5832
5225472
25204737600
169344
58786560000
5832
33861058560
843715731600
9
225792
224990861760
136559001600
45148078080
648
32256
316036546560
207360
5832
52488
217728
254016
729
5184
423263232
864162432000
24192
254016
36288
3584673792
648
648
35721
1714608
5832
18435465216
17418240
1120210560
32256
3252759552
9
81
205752960
345664972800
864162432
170698752
204838502400
105369600
84934656
266655836160
81
78033715200
12859560
36879360000
90699264
156764160000
1119954511872
158723712
868020300
371589120
209952
385698620160
47029248
2519424
81
765450
81
9
9644670
2480058
9031680
7838208
859963392
167215104
648
23328
1500282
729
714420
705438720
1028764800
648
729
43535646720
648
313528320
342921600
4608
7558272000
45927
244944
5832
800150400
2720977920
136048896
22856214528
5103
9
81266540544
352866326400
187280916480
2755620000
37791360000
2341011456
40824
81
221225582592
74348789760
7838208
325140480
6145155072
41472
7057326528
81
5184
734832000
18144
81
32262064128
648
729
45298483200
820279183500
36741600
87091200
846720
20155392
4536
31752
244944
1975228416
1161216
274337280
5832
648
55761592320
244944
41803776
31104
729
1517322240
314928
892185477120
354294
648
63489484800
89579520
3199870033920
40824
952560
9
5184
1333584
9258883200
81
9
2304433152
81
34850995200
18517766400
94478400
648
11809800
5832
59256852480
32006016
8573040
1161216
81
648
59049
128595600
1693052928
729
3841600
4938071040
648
9
83329948800
115221657600
668860416
81
396809280
81
209952
4389396480
4761711360
2286144
81
209018880
685843200
833490
233280
4608
1327104
297271296
3950456832
316036546560
9
81
1567641600
4389396480
81
648
34992
41803776
5832
27433728000
833490
84015792
9
1950842880
24690355200
81
634894848
11757312
223948800
918540
1194891264
355541114880
162570240
40824
11252115
34992
9
38102400
1828915200
8360755200
1280240640
163296
44789760
9
1469664
5832
36288
729
1176221088000
81
81
1175462461440
576
336063168000
4608
71108222976
773967052800
7741440
22680
81
82301184
38093690880
81
193491763200
3932899246080
135444234240
31104
219469824
295245
1741824
158723712000
81
3600676800
34836480
9
729
9
529079040
17557585920
20321280
142216445952
354294
4608
35554111488
445906944
178605
326592
6172588800
5832
2788079616
290304
1290240
107540213760
3527193600
4608
2880541440
7838208
190512
292626432
2239488
126978969600
5103
4608
1111320
4536
72589644288
331776
1493614080
1587237120
7054387200
9
871274880
648
45927
9
36741600
46656
57868020
1333584000
20575296
729
729
729
185177664
9
70230343680
148176
29393280
729
648
24192
119042784
2539579392
1889923238784
729
1512284256
182891520
32256
5832
2880541440000
273118003200
190512
462944160
67722117120
648
2032128
9
444426393600
2257403904
133327918080
9
40824
1706987520
933120
4536
217728
78382080
5103
326592
82301184000
5834430
207360
373318170624
9
4629441600
1851776640
9
1088640
8778792960
18662400
9
81
5103
42343959168
648
7620480
1646023680
217728
16930529280
254016
5832
214990848
21337344000
497757560832
648
5184
1607445
9797760
103723200
51849745920
516193026048
9
1410877440
192893400
6967296
627056640
5443200
6502809600
573547806720
648
18966528
164602368000
361184624640
26127360
877879296
1166886
793618560
4800902400
200037600
12859560
9
5974456320
5443200
944784000
822823723008
27216
73483200
36288
25204737600
200704
857304000
17777055744
15116544
9
5832
25515
9
177885288
436988805120
187280916480
32774160384
1097349120
81
27993600
840157920000
212576400
1301732843040
9
81
81
75582720
648
204158374560
1170505728
21168
1587237120
118540800
31863767040
319987003392
5878656
29760696000
27869184000
1365590016000
812851200
51209625600
4200789600
7558272
1306368
47029248
260406090
60949905408
36593544960
41803776
648
729
5832
6561
4536
9
787320
1161216000
81
12002256
214277011200
114281072640
33861058560
8001504000
3121348608
4032
4032
8817984000
11430720
711244800
226748160
25515
4032
1422489600
36288
169344
634894848000
2099520
53747712
1741824
27869184
8398080
5184
9
9
225792
352719360
40824
1049760
5080320
823011840
165888
9
5927040
729
9
229376
5308416000
32006016
622196951040
32256
6718464
145152
5832
115221657600
81
1524096
222264
209952
30618
3869835264
31104
81
68584320
81
7558272
367332019200
3584673792
320060160
9
81
139968
290304
729
30618
81
27993600
30233088
17006112000
2314720800
729
1714608
81
604661760
46656
78414739200
193536
18289152
1058158080
81
1820786688
190512
11757312
47405481984
9
127455068160
326592
18728091648
440899200
74912366592
81
4536
4408992
38698352640
729
629856000
5881105440
73483200
55738368
243855360
117573120
995328
81
81
9
177147000
39813120
179233689600
4536
648
648
648
1210104
5016453120
150493593600
6635520
3703553280
59256852480
5733089280
78033715200
25920
81
1524096
1224720
9
648
64497254400
81
81
1249949232
6561
9559130112
1476225
60963840
23514624
729
4608
81
399532621824
491612405760
244944
9
716636160
560105280000
204838502400
15362887680
5184
244944
761873817600
237081600
34992
2743372800
1679616
7375872
81
81
1492992
46656
9289728000
81
5832
18435465216
5103
1574640000
195084288
6561
6561
7291370520
729
648
1088640
409677004800
1672151040
40824
8957952000
4459069440
406425600
896168448
5832
729
1919922020352
9
108020304
307257753600
31248730800
477956505600
27648
5925685248
780337152
22574039040
259248729600
4000752000
81
940584960
258155520
1376514736128
11022480
251942400
11757312
125411328000
313528320
9
761873817600
1152216576000
163296
41150592
1106127912960
274337280
81
4741632
4536
512096256
190468454400
169344000
169305292800
40824
17836277760
151165440
29030400
4285540224000
133772083200
59049
7741440
5832
205752960
1736040600
68584320
13271040
419904
240045120
221184
214326
373248
92897280
486091368
41472
9
61236000
79272345600
1428840
25719120000
8364238848
7077888
214326
68584320
45927
223948800
81
85710804480
244944
3456649728
14582741040
17777055744
4536
474054819840
486091368
92897280
17199267840
203166351360
8573040
326592
11147673600
13502538000
914457600
1555848
1828497162240
41472
81
1451520
244944
457228800
3009871872
55987200
211631616000
4232632320
154793410560
30245685120
46656
21604060800
5103
174182400
81
14929920000
81
6451200
648
4232632320
46656
729
648
4286520
35271936
1270080
899963447040
9
13005619200
81
112368549888
648
6999715699200
22226400000
8323596288
60466176
13716864
729
9144576
59256852480
14402707200
314928
5832
729
3344302080000
11147673600
14450688
181440
29030400
9
215080427520
169869312
248832
34992
648
246903552
729
1440270720
5267275776
326592
573308928
31752
729
132269760
24186470400
129048256512
141087744
1451520
246903552
1555848
13436928
729
2083248720
729
729
175575859200
729
225792
632217600
5103
9
685843200
81
31603654656
870912
2939328
1866590853120
729
4408992
2167603200
9
540101520
7524679680
4374
30098718720
3627970560
8037225
73156608
2222131968
18662400
81
8817984
35831808
117573120
648
9
81
169344000
9258883200
81
58786560
725760
4837294080
729
154314720
9957427200
9
4608
5832
30618
244944
14797504512
34992
84652646400
9
1959552000
891813888
19203609600
9
39191040
2361960
1928934
60197437440
15676416
24192
9
142248960
75582720
37933056
4608
217728
49161240576
5290790400
87071293440
1587237120
414892800
81
5103
81
533433600
9
729
8573040
648
9
648
5715360
23808556800
219469824
571405363200
3628800
9
5103
5184
6172588800
195955200
8065516032
11202105600
142248960
25920
342921600
254016
2866544640
1574640
244944
37456183296
5832
648
2777664960
153090
548549148672
4180377600
2571912
68568643584
2579890176
1224720
910393344
9
544195584
816480
237027409920
384072192
40824
293932800
30862944
1024192512
729
979552051200
644972544
5184
7524679680
99574272
126443520
5761082880
181398528000
4536
758661120
3981312000
4299816960
5184
9
1417176
326592
3386880
577895399424
4032
384072192
32256
9
648
123451776
729
28224
428070666240
5832
7838208
52907904
244944
92588832
67184640
5377010688
32148900
190512
9001692
7144200
9
32256
34292160
174960
326592
729
4536
40824
793800
33339600
729
9
254016
237027409920
81
9
648
1920360960
648
154314720000
729
36288
31352832000
35721
7739670528
81
2275983360
81
254063755008
47775744
1306368
81
729
75582720
2592487296
52672757760
261273600
138265989120
2560481280
8230118400
1646023680
7715736
148142131200
6350400
63489484800
81
81
9
28672
729
244944
135444234240
4064256000
9
648
11796480
285768
90737055360
648
225792
729
829595934720
141087744
9
1066623344640
729
253957939200
236027904
219469824
3121348608
9
190512
31352832
694416240
154828800
658409472
59256852480
81
648
3265920
195955200
1234517760000
81
40824
313658956800
1306368
37340352
81
131712
31352832
81
648
14108774400
90737055360
82335476160
180592312320
40824
1016064
28570268160
648
5643509760
81
290304
163258675200
8026324992
49161240576
52254720
9
9
23436548100
576
32805
940584960
1316818944
8398080
5832
793800
69132994560
9721827360
62426972160
66663959040
40824
1874923848
612360
7464960
2539579392
3627970560
9
1410877440
67976036352
9
44789760
211631616000
1185408
4761711360
2633637888
10450944
81
78033715200
5184
2926264320
9
1646023680
642105999360
746807040
622080
729
11757312
214326
81
9
9
81
1041624360000
81
5832
28217548800
5143824
3174474240
41150592
319987003392
4877107200
23814
3061100160000
9
244944
2571912
36288
22680
729
2304433152
645120
648
16533720000
9
81
648
1928934000
6696156600
3870720
729
168552824832
5184
81
4608
81
12039487488
5832
17418240
31752
3951360
9
9
802816
9
45722880
580608
31752
9
8573040
81
225792
39366
290304
81
30481920
9
9
1071630
26244
2239488
4536
4536
2600529297408
592568524800
729
211719795840
81
609638400000
290358577152
41472
81
81
9797760000
214326
52907904000
36126720
1422489600
45148078080
5832
648
419904
81
148803480000
1492992
9
184354652160
137625600
1152216576
8360755200
190512
6428310336
5971968000
81
648
104044953600
58786560
81
627056640
729
729
373403520
279988627968
219469824000
85710804480
5832
81
12597120
451480780800
398131200
8266860
9
16721510400
222264
96018048
1365590016
8847360
8641624320
17635968
268738560
2580965130240
1469664
32256
39504568320
188116992
6913299456
9
2032128
9183300480
72013536000
9364045824
9
113799168
334430208
30098718720
7586611200
149993907840
2835532980
22963500
274337280
3951360
81
326592
21139292160
729
20736000
189035532000
3584
34836480
468202291200
98761420800
27648
254016
81
52488
24084480
39016857600
23514624
36288
153090
22856214528
14285134080
78382080000
135444234240
1219276800
19840464000
81
17499289248
648
41472
377913600
23328
40824
5832
31104
274337280
8573040
25515
952342272
752467968
29023764480
648
9
81
201637900800
66588770304
2601123840
163296
33592320
5225472
9
81
595213920
1143072
38723328
225740390400
179159040
94478400
9
1574640
133327918080
9523422720
29628426240
70543872
4032758016
1975228416
3292047360
148635648
233280
1813985280
45008460
293932800
5878656
5103
253957939200
99202320
58786560
326592
9
163296
40824
244944
275562
40824
4572288
179159040
9
1244678400
182891520
432081216000
1161216
6220800
2240421120
35562240
9
3344302080
9
1166400
51849745920
7936185600
36288
1274019840
2972712960
2000376
2688505344
5184
9
367416
5103
5225472
175616
81
131220000
163296
35721
81
101583175680
4356374400
9
225792
1587237120
9
729
740710656000
250822656
30618
325140480
81
648
23814000
5184
557885504160
58786560
7838208
192893400000
16796160
8957952
9
729
52254720
38102400
6584094720
5080320
13168189440
277766496
79996750848
3888
1234517760
92588832
1204450394112
578680200
15676416
768144384
244944
2688505344
41472
49161240576
1881169920
27648
39366
1174405120
81
661348800
52488
290304
48609136800
17418240
81
36864
25920
7715736000
4608
1399680
9
1306912320
209105971200
204120
30098718720
3826375200
9
8817984
874800
54867456000
193572384768
81
8001504
836075520
77157360
81
9
648
46656
1469664
933120
119042784
20639121408
244944
1306368
979776
330674400
8001504
9
503884800
11616998400
1920360960
5832
244944
4389396480
81
36288
705438720
3809369088
585252864000
129600
204120
5689958400
38407219200
31352832
6531840
56010528
1092472012800
186624
729
28224
181440
19440
729
9
9
9876142080
5184
45927
816480
34998578496
1143072
226842638400
1285956
29160
5184
5038848
1866240000
16930529280
199065600
117573120
319987003392
50791587840
90296156160
3969
5184
72013536
157529610
9
81
1170505728
729
708083712
278691840
22295347200
1428840
8573040
108864
264539520
719970757632
1920360960
9
1820786688
9
250822656
243855360
27216
729
3901685760
376233984
79009136640
1866240
54442233216
729
1410877440
668860416
4000752
1102248
81
8890560
648
81
40814668800
3499200
35721
282175488
19752284160
185177664000
4425523200
5184
3704400
9
3185049600
254016
35721
106686720
2341011456
119489126400
35562240
6944162400
500094000
5184
4032
65840947200
217818720
27216
5832
873977610240
36864
7169347584
829785600
2667168000
396809280
839808
13655900160
571405363200
1567641600
81
599298932736
81
204120
40824
292626432000
2508226560
81
853298675712
35712835200
6561
184354652160
367416
1451520
135475200
729
9
81
35115171840
1714608
4479818047488
9721827360
8778792960
573547806720
846526464000
84652646400
6026540940
244944
4741632
9
9
17499289248
81
9
136080
13063680000
10241925120
522427760640
1134213192000
8398080
1224720
81
4536
1306368
5832
6561
1815156000
61725888
207360
27209779200
51209625600
9797760
17915904
236196
5184
2229534720
31752
1111320
1041624360
9
1170505728
12597120
168552824832
648
9
60491370240
1049760
189665280
9
193536
25367150592
163296
40824
1612431360
5356925280
81
10450944
56010528
5103
729
13934592
5184
122472
5184
1327656960
411505920
127545840
30618
729
648
27549901440
80015040
1161216
3000564
1244160
1200225600
729
617258880
729
27216
4536
3780710640
4608
4128768
12859560
384072192
438939648
4374
9
2696845197312
729
217728
81
729
1132462080
31752
14046068736
729
31752
9
648
5103
3265920
979776
163296
729
10001880
9
45148078080
279936
7620480
2499898464000
1360488960
81
9
81
18289152
181440
4608
5832
64012032
45927
79361856000
220449600
81
762048
75246796800
5184
2194698240
44089920
729
28677390336
152409600
41472
228562145280
11428107264
25509168
1119744
3072577536
580717154304
288947699712
9
13436928
13888324800
11705057280
648
777600
284497920
81
189665280000
729
5079158784
27216
1632960
648
729
86032171008
243855360
1659191869440
45927
8888527872
152946081792
81
34992000
59049
81
191102976
8164800000
1959552
729
13063680
9
217728
3567255552
729
4374
7558272
1016064
264539520
9
81
7464960
5184
729
9
106168320
280921374720
2286144
6561
81
4608
896168448
28224
110224800
777600
1327104
3174474240
319987003392
166698
183708
5832
411505920000
261213880320
987840
9
30481920
160030080
9
45741931200
513684799488
4536
1053455155200
1300561920
1574640
81285120
648121824
45927
9
9
729
34992
8128512
1259712
7741440
304946208
648
31752
4444263936
9
25719120000
176947200
200037600000
705438720
204120
30098718720
5832
11522165760
2438553600
1999918771200
1322697600
53747712
470292480
81
729
1128701952
6967296
4938071040
9
9
1269789696
20155392
744017400
9
106686720
648
370355328000
1881953740800
8062156800
263363788800
185177664000
217728
9
6773760
13442526720
34836480
1224720
1524096
4374
5832
81
36288
50577408
16184770560
5832
81
729
186624
640120320
5184
365783040
576
274337280
81
729
32256
7348320
81
248005800
296284262400
5184
30481920000
1991485440
38896200
74317824
132269760
648
1469664
27776649600
9
279936
906992640
125411328
258048
2519424000
81
758661120
81
171421608960
3160365465600
9754214400
4478976
28224
95551488000
5759766061056
6613488
43748223120
17635968
696729600
28224
5832
21604060800
81
9029615616
25515
476171136000
9
24192
544422332160
34445250
9
648
7348320
1354752
857304
11430720
222264
41472
174182400
15362887680
81
391820820480
9
8128512
326592
25515
1607445
7900913664
129024000
204120
388434493440
36864
30233088
648
28224
648
6967296
3888
9
9
112021056
1959552
13826598912
4536
13377208320
6561
12345177600
8890560
217728000
2304433152000
35115171840
1382976
1428840
9
52488
168031584000
193536
1179648000
5079158784
1428840
31104
5184
25395793920
5832
793800
95551488
18435465216
648
129624364800
36733201920
648
52488
373318170624
37623398400
81
141557760
3511517184
9
233280
1429108621920
296284262400
291325870080
38578680000
648
729
62497461600
5832
145152
41150592
81
244944
272097792
216040608
376233984000
3292047360
30245685120
29160
378071064000
5832
4374
17635968000
648
102419251200
81
729
26336378880
81
28677390336
648
4096770048
1778112000
9
34992
1333584
254016
326592
5225472
52488
6270566400
9
14631321600
1333584
765275040
240045120
151165440
94810963968
24196548096
370355328
238085568
71693475840
2116316160
240045120
7054387200
1185408
1851776640
1959552
5689958400
1111320
9
1224720
209952
51849745920
272211166080
3810240
81
25924872960
870912
81
1769804660736
1161216
1714608
2754990144000
81
9
5080320
2006581248
211631616
102876480
4536
6613488000
12192768
367416
11757312000
729
181474110720
63489484800
31104
729
9
8398080
3023308800
217728
40824
37035532800
592568524800
172032
3734035200
564350976
9
1157360400
81
2125764
31104
587865600
27880796160
729
2916548208
23337720
714256704
7715736
648
30098718720
1254113280
30380710500
182891520
81
9
81
329341904640
81
2400451200
8817984
214326
9
367416
31850496
66382848000
176359680
59256852480
729
68584320
9
81
5103
357128352
12244400640
212425113600
548674560
19046845440
9
40824
31104
9
9
5601052800
14285134080
9
178564176
793437161472
6096384
51438240
9
620014500000
263363788800
12386304000
5103
648
81
400075200
1102248000
178437095424
111106598400
279936
2987228160
1327104000
5832
1836660096
158723712
36288
3251404800
925676688384
1658880
1143072
45722880
4608
1080203040
7777461888
326592
17418240000
17635968
9
225792
54010152000
9
41803776
9
209952
1119744
2688505344
185177664
1524096
35554111488
25515
373248
9
8573040
81
648
11287019520
2257403904
5832
145118822400
169344
72013536
163296
66886041600
9
648
1248539443200
258048
9758278656
648
244944
418211942400
648
81
434010150
338610585600
41617981440
34992
308629440
4898880
40824
68279500800
31752
2204496
385786800
5225472
787468016160
4147200
11757312
3572100000
41821194240
21781872000
768144384
4608
6584094720
30005640
9
809238528
2149908480
103699491840
142884
152374763520
5832
174142586880
729
250047
940584960
5186160
5832
32256
36288
37158912
26542080
1945175624280
172032
1837080
204120
81
365783040
729
9
118513704960
4374
2322432
169305292800
81
870912
222264
6531840
648
420078960000
2250423
40824
93746192400
9
5184
1633266996480
18366600960
4536
109734912
35721
252047376000
248832
632073093120
146313216
1574936032320
217728
5103
100776960
5103
9
5374771200
7939492344
3348078300
403275801600
108380160
60466176
32256
30005640
7407106560
1463132160
455196672
182891520
5761082880
357128352
81
1469664
987614208
367416
30618
9
477757440
36288
546236006400
81
81
6561
53343360
729
2239909023744
840157920
345664972800
51438240
11809800
184320
181440
3951360
5103000
729
53331167232
533311672320
64012032000
186701760
58786560
22394880
729
145152
9
20910597120
10450944
453685276800
9
41472
34292160
729
9754214400
548674560
32256
19051200
81
2116316160
36879360
81
462944160
777746188800
10616832
150493593600
81
729
37456183296
555137630208
8961684480
19046845440
142884
21337344
1481421312
4031078400
105345515520
1679616
979776000
476171136000
1959920395776
4898880
2844979200
396809280
96446700
9797760
355541114880
2972712960
81
22674816000
200704
8092385280
6348948480
648
68052791520
181440
1587237120
34566497280
729
27209779200
325066162176
9217732608
226842638400
41472
9
248832
9
48771072000
1066623344640
9
5598720
5225472
166698
2688505344
1143072
279936
5806080
622196951040
81
13226976
11612160
37035532800
9
399983754240
1714608000
12859560000
11612160
1492992
35271936
244944
28343520
9754214400
190512
1417176
174182400
388873094400
31104
41287680
5225472
2341011456
1755758592
81
373248
3214155168
53331167232
5832
948109639680
1428840
648
183708
230443315200
45927
1365590016
36288
47029248
34992
190512
188195374080
9
9
20065812480
8573040
33718272
178605
1763596800
514382400
7900913664
3793305600
32256
1632960
9
740710656000
367416
270888468480
5103
31352832
81
4762800
729
3809369088
327741603840
8888527872
9
222264
326653399296
1587237120
81
81
109734912
979776
294967443456
2857026816
4032
36864
376233984000
14285134080
5832
1365590016000
1399680
1306368000
32659200
209018880
5832
25194240
192036096
81
1194891264
52488
40824
29760696000
81
1410877440
10001880
5016453120
279936
47029248000
3386105856
1572864
9
317447424000
214326
9
217728
2889476997120
35721
9
90699264
81
194436547200
68584320
5832
5832
729
9
783820800
9
285702681600
3333960
167961600
2286573795072
81
4608866304
7657689375
1404606873600
1119744
61917364224
5184
190512
125411328
48771072
984335020200
236196
81
111602610
80655160320
4374
729
30481920
67722117120
853493760
729
315059220
6096384
50803200
444528000
178564176
41472
72913705200
81
9
9
12002256
3571283520
5832
36288
62208000
658409472
1771470
6531840
23328000
81
1451520
5556600
568865783808
376233984000
267544166400
1653372
12290310144
1157360400000
729
74071065600
11022480
881798400
42855402240
157464
61917364224
403107840
9
4536
562477154400
13544423424
217728
881798400000
81
9
790272
48009024
5103
14402707200
2755620000
8128512
26336378880
286773903360
40824
193536
37340352
21168
1959552
1372257936
9
203212800
5643509760
9
181440
4762800
1238347284480
1529460817920
24696
61152952320
419904
2286144
729
48771072
648
88179840
1607445
1040449536
122472
37035532800
4608
1270080
24004512000
151228425600
31752
601974374400
222264
1393459200
81
5184
113799168
132269760
729
576
34992
11430720
648
1300561920
7464960
22404211200
277766496
370355328
729
1152216576
604913702400
48223350
9
248878780416
285768
120022560
81
7900913664
32105299968
729
15676416
2257403904
9
36288
106686720
1714608
88179840
6561
5832
165919186944
1741824
20739898368
326592
2240421120000
35429400
48009024
35846737920
11430720
6561
729
9
3360631680
6531840
15554923776
8230118400
250047
780337152
9
1371686400000
1111320
3333197952
6561
39191040
186624
9
1244160
81935400960
648
42998169600
1626379776
23224320
294967443456
222264
1128960
1555848
8465264640
648
4608
81
2239488
23328
9
61451550720
9
149299200
9
81
184354652160
34992
5184
4646799360
423263232
2612736
634894848000
217728
729
193536
5184
9
952560
5556600
4536
3674160
30005640
114307200
367332019200
148142131200
15805440
1119744
367416
6858432
48009024
48009024
147456
81
4515840
5184
729
729
21069103104
81
4302592
254016
5832
729
81
286773903360
279936
28224
244944
47029248
2032128
11757312000
9405849600
16329600
870912
190512
385786800
23224320
33331979520
9
81
5120962560
82959593472
532710162432
225792
282175488
5832
385263599616
48771072
76187381760
12962436480
1270080
7054387200
125463582720
1234517760
41150592
648
31752
26671680
1244160
2099520
729
1698693120
1306368
81
729
81
285768
4444263936
6773760
36288
81
54190080
3413975040
45927
81
1224720
81
4302592
8001504000
13377208320
233280
183708
38407219200
5103
230443315200
1316818944
52488
648
31104
522764928000
280921374720
2497078886400
41803776
159993501696
81
192893400
240045120
39016857600
163296
472392
8193540096
4572288000
9
2314720800
1806336
124994923200
729
1959552000
168552824832
50009400
9
9
2194698240
9
987614208
63772920
81285120
313528320
29160
9
26121388032
14002632
81
9
7715736
1147095613440
9
648
8890560
9
564480
150493593600
102419251200
688905000
81
729
423263232
403275801600
903168
4608866304
118513704960
165888
9
14002632
653184
155520
45927
12345177600
27776649600
2985984000
28224
237027409920
133327918080
81
587865600
248832
1433272320
14224896000
81
25088
41150592
158018273280
81
755827200
9
180592312320
204120
729
729
756142128000
1119744
81
729
648
181440
272211166080
7464960
174960
729
23814
627056640
81
4536
7873200
81
729
4976640
254016
56899584
4478976
33606316800
22044960
6220800
5184
5184
11943936
9
3429216
76814438400
9
60011280
7348320
5184
279936
477757440000
152374763520
81
1170505728000
58330964160
6561
1517322240
12597120
5040947520
9
1044855521280
82301184
829440
8821658160
188116992
163296
27648
46656
3527193600
648
163326699648
82301184000
203212800
227598336
101583175680
6115295232
36288
585252864000
34992
313658956800
314928
152374763520
215080427520
470292480
9
648
81
1143072
6584094720
214277011200
42674688
170698752000
204120
58525286400
37933056
1074954240
31752000
18811699200
4800902400
714420
21337344000
21168
1524096
41472
5925685248
9144576000
4608
5832
648
210691031040
6298560
416649744
877879296
987614208000
729
5080320000
2149908480
34992
729
9
125463582720
617117792256
5103
33592320
1111320
153055008000
41150592
70543872
12859560
1764331632000
2000376
38887309440
28677390336
6193152
1306368
149299200
11110659840
9
167961600000
81
1045094400
2341011456
1137991680
186701760
1097349120
470292480
290237644800
648
81935400960
34992
18289152
648
118513704960
3657830400
140460687360
2418647040
246903552000
81
648
225792
13063680
2116316160
28672
166698
81
27433728000
326592000
729
6858432
761873817600
81
9
22226400
720135360000
995328
6021120
3628800
52488
42138206208
6531840
27648000
833299488
131096641536
1128960
9
2194698240
6584094720
9
1250235
918540
51597803520
658409472
320060160
52488
22861440
2720977920
32006016
729
326592
391820820480
99090432
455196672
81
294967443456
5184
30481920
648
2720977920
731566080
10973491200
729
10883911680
576
5971968
1792336896
40824
2500470000
4479818047488
2572983630
512096256
9
6561
30481920
1463132160
9
184320
128421199872
918330048
1097349120
340263957600
41472
81
2469600
5184
134425267200
217728
225740390400
81
777600
617258880
32148900
190512
25604812800
9
1119744
81
297395159040
617258880
1290240
81
66663959040
1778112
40824
184354652160
4938071040
729
648
98322481152
648
81
5832
68584320
40824
20412000
23619600
428554022400
1481421312
248832
81285120
5184
326653399296
9
18728091648
4536
37791360
6023628800
51597803520
3779136
6721263360
326592
41803776
122880
940584960
60491370240
27648
1170505728
81
316036546560
139994313984
27880796160
13232487240
729
746636341248
33067440
4608
12386304
81
349985784960
81
1128960
92897280
81
264539520
81
6561
46656
50164531200
276531978240
4608
217728000
53770106880
9
15728640000
5832
38407219200
472392
36288
30576476160
123451776
7838208
30618
256048128000
648121824
52276492800
720135360
714554310960
2962842624
1343692800
816480
5601052800
663552
31492800
5016453120
3888000
6667920
5832
52022476800
793618560
729
30618
7876480500
39366
9
729
25604812800
622196951040
120960
7440174000
5184
81
952560
34992
1512284256
14631321600
967680
229635
23808556800
4064256
5103
28224
729
729
796262400
44789760
1270080
979776
5184
213373440
4536
81
1959552
729
20155392
13436928
729
2519424
2140353331200
5832
846720
5184
729
9
8778792960
648
193536
2633637888
2675441664000
34992
5832
128566206720
960180480
806551603200
12192768000
59049
39366
7715736
101964054528
244944
592568524800
81
46448640
9
5143824
81
493807104
729
150493593600
729
91445760
9
81
648
648
4032
6298560
41472
19508428800
312134860800
297606960
186659085312
6449725440
138883248
53343360
31104
123451776
729
729
36141772800
174182400
32514048
217728
24192
308558896128
2107392000
2257403904
729
81
4608
10241925120
18059231232
385786800
438939648
9
125411328
729
227598336
5184
1208462868480
3456
3456649728
81
7142567040
1270080
648
40824
25920
81
6123600
910393344
170698752000
3344302080
2722111660800
7900913664
370355328000
399983754240
292626432
177020928
729
277766496000
143386951680
118513704960
23514624
52488
5598720
36288
487710720
52929948960
22404211200
860160
149299200
4536
23328
9
5103
9
8817984
729
435456000
32006016
286654464
4353564672
69441624
262440
204073344
729
68584320
576
10164873600
367416
6998400
34566497280
81
211631616000
81
23410114560
12098274048
6123600
1399680
52254720
31352832
81
22044960
5079158784
5103
11757312
5184
648
2257403904000
81
7962624
26453952000
190512
34998578496
881798400
829440000
81
42007896000
595213920
70778880
2866544640
1632960
9
9
948326400
6481218240
81
9
648
5184
76814438400
4536
39813120
47239200
529079040
170698752000
5080320
1058158080
5832
632073093120
15362887680
518497459200
729
139968
32256
729
193491763200
2232052200
26244
13226976
268850534400
995328
224042112000
5184
40824
9
81
3344302080
773967052800
16930529280
192036096
9
5832
79305375744
5832
32256
11428107264
1555848
9
9
180796228200
51209625600
1857945600
81
4182119424
9
225792
489888000
29160
1433272320
5103
1567641600
1316818944
967680
1800338400
4572288
857304000
23410114560
45875200
298722816
2066715
987614208
81
1224720
4267468800
13716864
567
764730408960
14511882240
81
5184
374984769600
81
81
217728
5832
4199040
248935680
6481218240
9
163296
34992
5184
404619264
36741600
239990252544
2560481280
729
9
318637670400
254016
12856620672
1166886
933295426560
81
14285134080
92588832000
109734912000
186624
40824
29030400
52488
41472
9
280052640000
6718464
9
81
108884466432
752781496320
41150592
84652646400
85349376
8890560
254016
9289728
740710656
10978063488
172832486400
451480780800
22320522
196830
1542794480640
5184
81
290358577152
233280
22861440
809238528
81
729
729
9
3932160
4032
9
81
81
174992892480
729
10032906240
3888
9
2821754880
35831808
9
164602368
1180980
15801827328
3932899246080
36279705600
5832
6046617600
4032
27433728
702303436800
112870195200
1157360400
1741824
190512
5103
6270566400
52254720
514264826880
6584094720
1365590016
729
864162432
16721510400
9
1161216
729
609892416
5103
32774160384
648
221225582592
32148900
9
4536
1469664
18517766400
5184
143360
41803776
729
24883200
1599935016960
178605
52488
3762339840
1269789696
326592
9
45148078080
36288
1659191869440
9
1837080000
6561
10239584108544
314928
9797760
160030080
43748223120
5103
4898880
36288
118513704960
15676416000
1741824
648
254016
9
61725888
19752284160
186624
367416
41479796736
1143072
9
81
551124000
5080320
81
648
190512
47239200
236196000
47029248
839808
282175488
32262064128
152409600
9
3919104
6561
480090240000
8026324992
72236924928
180592312320
645241282560
11287019520
82335476160
725594112
648
5103
214326
524978677440
1851776640
217728
9
8257536
376233984
9920232
153055008000
81285120
81
1024192512
38578680000
98322481152
35721
81
746807040
5668704000
9
952560
8062156800
368709304320
41150592
263363788800
1259712000
81
1399680
3703553280
5419008000
17142160896
9
34992000
3456
1800338400
648
5927040
31104
193536
983040
32256
648
5898240
35115171840
81
81
5103
1422164459520
405076140
10287648
1469940296832
9
81
15676416
2176782336000
729
254016
548674560
15925248
632073093120
217728
5184
526727577600
142884
2560481280
6429780
9
244944
1354752
9144576
100818950400
7838208
729
4536
23044331520
120960
4723920
