54867456
648
274337280000
17640
979776
81
22932357120
18289152
3292047360
5184
6561
1500282
9
79361856
576
1451188224
6584094720
117546246144
14814213120
81
9
244944
81
10077696
22394880
734832000
18435465216
440899200
1200225600
2015539200
57868020000
52672757760
1157360400
24893568000
105345515520
9447840
57153600
40824
666792
217728
708588000
32148900
20901888
18432
20003760
5184
84652646400
225792
2222131968
34292160
40824
189035532
225792
1161216
81
12644352
6046617600
800150400
23328
13442526720
5573836800
18966528000
2950348800
529079040000
87787929600
81
11197440
81
567
4536
10838016
316108800
25515
2985984
51209625600
81
1769804660736
729
33339600
493807104
1991485440
6145155072
163296
391910400000
1111320
9
81
5529600
746496
217728
31104
590490
125411328
499979692800
94097687040
1115231846400
9
555660
1365590016
36456852600
1911029760
2275983360
729
18522000
19051200000
36288
39191040
5832
102876480
1137991680
44808422400
43535646720
5598720
47029248000
2612736
54867456
25082265600
5184
867041280
1008000
169344
719970757632
81
11522165760
36288
4536
5832
48157949952
5184
285768
172872
212425113600
7681443840
36288
9
336063168000
40824
4536
24186470400
47029248
79009136640
729
729
31752
24690355200
729
81
132269760000
729
152409600
9
648
836075520
9
697019904000
1693440000
933120
172064342016
4608
12002256
24192
4032
5103
9
22574039040
1511654400
1327104
1097349120
1224720
9
169344
412782428160
5832
67737600
8778792960
2257403904
13168189440
9289728000
1161216
384072192000
648
2809856
81
174960
81
1306368
9
4032
512
210691031040
57868020
22394880
35721
4536
25920
21952
190512
6429780
40824
3174474240
729
244944
13230
36288
24893568
81
4374
648
18144
3024
3096576
648
41150592
81
338610585600
544320
520224768
3779136
17499289248
9
16329600000
114281072640
80655160320
57868020
1213857792
2700507600
979776
14450688
451584
4536
891813888000
504
3674160000
81
1190700000
9
308629440
4032
9
8503056000
338688
3888
729
24893568
9035443200
685686435840
81
123451776
2177280
14631321600
9
396361728
17557585920
729
19999187712
3402
2099520
131220
28672
181440
54419558400
518400
1493614080
104162436
5832
10584000
9
729
4320812160
13934592000
15482880
1666598976
27783
426746880
150493593600
9
3135283200
1607445
81
29628426240
292626432
4000752000
21946982400
466560
27648
81
20163790080
81
790091366400
2903040
1259712
9
81
576
5832
81
81
25719120000
4938071040
81
38407219200
10973491200
1041624360
1990656000
1881169920000
5974456320
365783040
1285956
164602368
1024192512
4536
9289728
648
9
2667168
23040
576
421382062080
729
9
1088640
4032
188116992
1128701952
9
895795200
567
987614208
892820880
98784000
9
1469664
729
235146240
4725888300
10973491200
729
2489356800
6967296
108864
104509440
88179840000
4608
4082400
178564176
81
31752
35721
214326
648
128024064
203928109056
123451776
22674816
3840721920
105019740
648
576
27216
9
84652646400
81
186624
2341011456
9
103312130400
81
7938
21168
27783
806400
252047376000
1365590016
42883060500
14515200
70543872000
3240609120
9
262440
3763200
1959552
81
34992000
41472
9
138265989120
158018273280
81
68024448000
326592
10497600
81
2286144
8641624320
796594176000
106686720
142884
5832
141087744
1000188000
79626240000
460886630400
9
3267280800
1244160
567
907200
63
23514624
34992
105840
34284321792
81
1106127912960
16803158400
4032
110224800
13442526720
4374
5184
142851340800
9185400
648
10080000
648
32006016
11430720
36288
277766496
32262064128
12697896960
298598400
150528
3963617280
81
40824
3628800
9
660602880
729
81
1358954496
648
5832
31104
132269760
648
729
4064256
22044960
787320
812665405440
1209323520
291325870080
150493593600
729
14171760
573308928000
3185049600
131220
233280
73156608
11705057280
127008
29160
24385536
81
729
163296
94058496
81
3360631680
29393280
25798901760
71124480
564480
4536
9
27648
582651740160
9
1837080
9
32148900
3048192
139345920
995328
81
5832
1653372
5971968
906992640
5806080
36288
81
1679616
238978252800
304749527040
72236924928
385786800
325140480
1991485440
66134880
250822656
1896652800
729
382365204480
1728324864
5103
4898880
504
81
1062882
4444263936
7681443840
317447424
2448880128
254016
4608
72
180592312320
1161216
729
567
2449440
149361408
81
1270080
69672960
1984046400
81
648
5103
304819200000
462944160
3982970880
22574039040
147483721728
940584960
1080203040
36288
20230963200
4032
2149908480
5740875
4374
3811827600
9
61222003200
81
222264
29405527200
11612160000
4741632
9
19443654720
81
705438720
81
72
13888324800
7900913664
5184
1714608
9
648
729
987840
10581580800
308629440
648
729
918540
31109847552
10160640
1016064
81
483840
15925248
9
178362777600
121927680
47029248
5103
648
3086294400
758487711744
2744000
289340100
9
43352064
126023688
145152
9721827360
6242697216
933120
729
648
729
9
472392
81
365783040000
3888
41472
9
2438553600
67184640
35721
9
6613488
145662935040
3483648
9
3429216
476280
8888527872
576
2100394800
35271936
4389396480
20808990720
531062784
483930961920
2240421120
90296156160
228614400
292626432
567
2519424
148142131200
567
125411328
5832
81
573440
36006768
5103
4032
36288
81
9
4374
576
18522
9
155584800
81
576
680244480
1896219279360
6688604160
81
4960116000
16128
183708
80015040000
729
9
9
81
617258880
5248800
81
907200
12152284200
26885053440
4572288
304819200
5832
729
1209323520
142248960
7144200
13716864
123480
81
109734912
729
36288
1486356480
188116992
81
648
3386880
81
151228425600
1548288
81
81
948326400
1119744
870912
661348800
248935680
81
148176
81
61451550720
8817984
567
55490641920
183708
36288
302456851200
1020600
81
81
9144576000
81
88885278720
8503056
81
23040
5184
81
1045094400
81
101964054528
2023096320
1285956
370440000
1451792885760
81
72
4536
26244
223948800
72013536000
902961561600
104509440
4608
729
870912
648
4682022912
9
699840
193536
57153600
5806080
81
28224
729
3456
342921600
5103
137168640
76545
451584
10716300000
4082400
329204736
45916502400
35846737920
88885278720
648
743178240
81
367416000
5925685248
81
1524096000
189035532000
316036546560
217768932864
244944
4514807808
5103
95256
6913299456
27005076000
279936
9029615616
23808556800
9920232
81
7838208
81
81
181440
224737099776
108884466432
5184
50803200
25515
2380855680
648
228614400
158760
140460687360
5573836800
877879296
186624
17283248640
143327232000
5184
677376
142248960000
9
576108288000
9
40824
9
129024
182849716224
5080320
81
46313705340
207360
4444263936
5103
836075520
15746400
5016453120
9144576
3840721920
21168
31104
4514807808
163296
19595520000
14814213120
2743372800
457228800000
36288
47029248
36118462464
10754021376
576
81
793618560
214326
944784
1028764800
30725775360
81
9
648
9
169344
5184
2720977920
1317120
18522
9289728
6123600
9
38093690880
9
729
940584960
149299200
18522000000
648
9
292626432
15362887680
3386880
653184
81
5832
7936185600
1032192
1161216
373318170624
246903552
504
5832
285768
5184
648
9
81
81
734832
16930529280
81
1146880
48009024
6889050
2700507600
7112448000
19440
64512
81
5103
31365895680
46656
367569090000
5080320
1851776640
445906944
248832000
127008
41150592000
857304000
1306368
1881169920
136080
4167450
3950456832
1333584
3456
35721
217728000
92177326080
9
15431472
85349376
81
81
20901888
29262643200
107540213760
9
29160
576
185871974400
187280916480
57610828800
9
81
10241925120
214326000
72
4536
32920473600
13436928
81
30098718720
1530550080
722369249280
313528320
1161216
301112598528
12902400
39366
3483648
125440
142216445952
648
4536
816480
658409472
19508428800
9
141087744
20160
132269760
81
54867456
7803371520
81
236196000
80015040
9512681472
36294822144
31213486080
151263
325066162176
23147208
203212800
13716864
13996800
5555329920
45927
197568
749123665920
944784
24192
5643509760
181440
2133734400
10287648
62705664
69120
914457600
9
100818950400
3538944000
9
18587197440
217728000
355541114880
1814741107200
6889050
9
23328
5184
4536
877879296
39813120
2926264320
4286520000
4536
3674160
729
5184
3969
23702740992
2239488
9
648
118513704960
64210599936
68584320
108864
81
1786050
227598336
9
15116544
729
81
1074954240
9
214326
2963520000
24893568000
6531840
358467379200
4032
108380160
138297600
9
81
11022480
491612405760
2939328000
45927000000
6451200
925888320
9
114307200
30481920
331776
288054144
135475200
6718464000
94058496
648
483729408
27095040
4608
60466176
169344
29727129600
8332994880
576
3969
746496
11943936
38578680
81
1714608
9
136080
16994009088
604913702400
154828800
3703553280
1244160
25092716544
250047
5103
1714608
553063956480
41472
480090240
183666009600
812665405440
9
174182400
4898880
108355387392
9
1156055040
1555200
353894400
43352064
790091366400
40824
278691840
31104
125440
72
86416243200
205752960
163296
833299488
6561
1889568
103699491840
1463132160
729
116661928320
82959593472
81
83607552
1658880
520441528320
5103
624974616
648
15431472
81
9
729
426746880
36126720
18207866880
72
725760
9405849600
11287019520
9405849600
27216
72
31752
918540
3214890
694416240
635040
3413975040
677376
4267468800
9
4128768000
729
7803371520
3386880
81
50164531200
9
16930529280
50388480
104509440
3870720000
152374763520
71345111040
4166497440
130056192
846720
768144384000
729
9
952560
153118780920
9
5715360
1170505728000
648
84652646400
169344
914248581120
108864
290358577152
15554923776
10886400
9
31492800
309786624
367416
829440
81
5080320
2903040
136048896
108864
480090240
214326
52488
6270566400
555532992
3674160
13377208320
4374
568995840
9
783820800
4180377600
7468070400
2667168000
3240609120
66134880
20160
77396705280
139968000
729
729
9
11152318464
25920
190512
71425670400
729
34566497280
85349376
41472
1492992
23514624
94517766
5832
685843200
881596846080
5377010688
81
3386880
37791360000
1638708019200
1458274104000
28538044416
81
592568524800
1806336
20575296000
62208
9
15309000
213324668928
8230118400
516096
81
5103
1285956
83329948800
816480
12093235200
1306368
12700800
93640458240
5832
59049
61236
576
716934758400
1088391168
326592
2571912
729
41472000
26453952
154793410560
31752
81
2388787200
5832
650280960
9
1161434308608
40824
9
40131624960
49766400
27556200
37158912
585252864
331776
241864704
645120
313528320
94832640
7201353600
124439390208
203843174400
120022560
5878656
1778112
2880
81
26671680
576
846720
4374
308629440
81
9
20575296
31104
135025380
1300561920
5184
227598336
729
81
4232632320
58786560
57610828800
648
81
81
145118822400
1036800
486
2962842624
372008700
120960
32006016
419982941952
19595520
69672960
16934400
918540
729
5832
279936
5248800
240045120
3645
648
729
4536
1209827404800
81
24690355200
9
81
45722880
4480842240
51039593640
264539520
34992
105840
4877107200
62985600
21069103104
4032
26244
69984000
40824
16441671680
5832
79361856
9
752467968
1428840
326592000
19914854400
33861058560
390168576
729
77157360
128595600
826686000
228614400
7144200
34992
196830
1742151462912
11520
5184
1119744
9
46088663040
2418647040
9
7838208000
81
9
2519424000
209952
1904684544
13063680
42692469120
105815808
30252600
889056
40824
77774618880
108355387392
9
27783
94832640
9
32256000
96768
102876480
19840464000
233280
24690355200
270950400
134369280
421478400
5878656
145152
857304
81
61451550720
9
52672757760
416353222656
576
39191040
578680200
43352064
317447424000
9
1469664
44452800
3888
2560481280
3200601600
1128701952
81
7741440000
1524096
9754214400
196036848000
81
4335206400
5103
576
1975228416
3888
9
32256
106686720
275562
464380231680
6146560
155520
266655836160
29172150
503884800
3762339840
729
2667168000
3000564000
1269789696
4408992000
20575296
12290310144
186624
34292160
41472
23814
5832
82668600
72
31752
5103
64
81
101606400
9
24696
729
81
5103
648
9
10450944000
16460236800
373403520
1190700
81
48009024
11022480
244944
28343520000
188116992
21508042752
280052640
81
9
771397240320
8957952
35721
349920
1714608
23887872
4644864
648
1074954240
81
648
2939328
41803776
81
81
12098274048
4374
1679616
9
5832
68356598625
18579456
81
27556200
256048128
648
548674560
81
43545600
648
45927000
729
70230343680
44089920
326592
5715360
81
32514048
9
10450944
3174474240
9
34445250
81
790272
5832
67947724800
81
576
45722880
2985984
3292047360
1469664
172832486400
72589644288
248935680
197522841600
112896
4251528
11904278400
870912
564350976
4032
31752
133358400
20995200
2571912000
75582720
9
1714608
81
81
32256
32256
52907904
1088640
648
3674160
5878656
214326
341397504
9
123480
34992
48372940800
1306368
729
4608
360067680
4536
151228425600
81
36288
1066623344640
979776
9
860321710080
470292480
1646023680
7112448
31708938240
648
71693475840
10241925120
4180377600
67184640
345600
9
5443200
648
714256704000
734664038400
264600
20575296
4148928
9797760
17069875200
81
38887309440
20736
137168640
576
279936
46656
41472
9
8605184
120982740480
42007896
6561
533433600
648
20901888000
707788800
5184
441
2032128
648
2621932830720
512
31352832
544546800
729
32256
4877107200
113421319200
526848000
4389396480
5832
297675
21870
326592
52488
668860416
74071065600
7464960
241864704
9
22861440
9
12098274048
17557585920
5832
11943936000
12859560
176359680
93312
1316818944
204120
27095040
31116960
27653197824
3386880000
4032
16595712
280921374720
197568
158760
138883248
1290240
9
729
81
7681443840
714256704000
81
345600
30618
1524096
126978969600
1143072
119070
81
25920
3110400
127008
4536
316036546560
12441600
25515
1371686400
81
438939648
1244678400
214326
4536
3703553280
19906560
81
2257403904
81
20643840
576
9
54867456
275562
6531840
31104
948109639680
23147208
3386880
7838208000
729
4536
81
1306368
18522
32659200
5715360
91854
16124313600
27095040
261273600
4374
729
2743372800
27648
1653372
3969
36288
1632960
81
7201353600
729
8364238848
8930250
244944
10455298560
125411328000
81
66150
487710720
23044331520
1469664
4374
308629440
81
2612736
11760
9754214400
31752
4179422085120
1161216
729
10973491200
326592000
81
17418240
4608
209952
81
52254720
3292047360
9
285768000
5832
5103
984150
13604889600
41803776000
317520
116121600
26453952000
129024
12290310144
486
112896
17280
9
4232632320
240045120
512096256
27648
419904000
429981696
248832
324060912
860160
9
29628426240
8360755200
20901888
258048
355541114880
9797760
2142770112
10668672
348509952
81
987840
877879296000
81
81
1296243648000
648
368709304320
32369541120
157464
181440
81
81
729
99202320000
169305292800
504
68568643584
9
21168
619573248
16003008
1185408
648
27216
27216
36288
40007520
3528
9144576
23702740992
42674688
3969
1469664
648
43208121600
13544423424
16803158400
64812182400
9
729
64297800
12541132800
9
1866590853120
9
4032
5184
123451776
27216
72831467520
14338695168
41472
132269760
217728
165957120
11287019520
8709120
1524096
9
442451165184
84652646400
4032
9
648
1088640
81
207446400
138240
81
270050760
474054819840
113799168
72
1548288000
1285956
60011280
131681894400
9
7291370520
729
5643509760
529079040
142884000
576
30252600
81
975421440
36288
12541132800
9
190468454400
2822400
9
1377810
5184
975421440
9
77760000
5832
81
62705664
27216
120022560
5832
174960
1020600
1097806348800
9
9
4608
9
11757312
21604060800
4032
448
222264000
30245685120
6806835
81
2304433152
829440
105345515520
4608
31352832
81
3110984755200
22684263840
21163161600
1088640
19118260224
648
2939328
2268000
9
2351462400
81
648
10668672
4536
9
2322432
37035532800
1492992
9
648
895795200
47416320
5184
1928934
5971968
222953472000
384072192
960180480
14046068736
40642560
117573120
47416320
9144576000
254016
248005800
4214784
729
5486745600
7779240
9
292626432
21508042752
9
729
81
137168640
55112400000
81
55761592320
9029615616
5057740800
9
737418608640
32659200
9
22680
5945425920
81
46656
81
57354780672
64812182400
76204800
118120202424
181440
81
1646023680
6220800
979776
1706987520
314928
4082400
15606743040
39680928
59719680
1354752
23224320
1106127912960
2124251136
81
648
1800338400
36288
648
120394874880
11428107264
28672
264539520
1482038570880
39366
81
3359232
910393344
1646023680
7112448
292626432
191318760
9
3715891200
4608
7741440000
9
1574640
9
50009400
115736040
940584960
9
248005800
781218270000
2438553600
9
648
190512
30346444800
52488
9
3023308800
85710804480
81
297606960
4389396480
7144200
7315660800
25092716544
284497920
279936
262440
6613488
9
3584
571536
7225344
1128960
5832
6401203200
1270080
1354752
9
81
86704128
520224768000
2212255825920
186701760
5832
279936
2985984
967680
155373797376
35721
20901888
1714608
81
3440640
1410877440
196830
28805414400
38102400
9
15479341056
4608
729
9525600
1224720
3674160
113799168
31610880
648
112896
729
5852528640
270050760
9
81
26127360
6050520000
165337200
648
5184
81
725594112
648
6481218240
81
279936
32805
233280
3086294400
5832
4608
10032906240
3034644480
365783040
540101520
29023764480
32514048
19752284160
14814213120
193536
54623600640
9
20003760000
9
5184
6350400
27216
198404640
257191200
25920
167961600
81
34292160
109734912000
36578304000
729
604913702400
79361856000
104044953600
127575
1316818944
103680
428652
64210599936
3951360
435456
6858432
663552
290304
81
81
47029248
6584094720
27993600
54867456
5184
8957952
1185408
74088
296284262400
51849745920
145860750
7348320
592568524800
729
36288
16257024
576
648
52242776064
758661120
326592
200704
4082400
43352064
25082265600
648
92876046336
9
1679616
860160
64812182400
1279948013568
729
131681894400
1219276800
40824
648
9797760
4032
200658124800
58525286400
174960
2540160000
326592
92177326080
1388832480
60963840
6350400
45722880
634894848
90699264000
995515121664
729
2090188800
21337344
56458612224
9
2177280000
14521248000
6561
122472
7741440
9
1354752
5186160
81
153628876800
648
254016
1354752
156829478400
6561
9217732608
6858432
3457440
5103
729
3888
13005619200
317520
12345177600
81
979776
162533081088
9
9
161280
9
10450944
28224
48988800
166698
0
26671680
9217732608
26127360
504
729
576
4939200
21870
48620250
857304000
2178187200
83607552
27221116608
181440
5184
648
1984046400
76187381760
952560
406332702720
119439360
9
177020928000
9
118513704960
25088
4459069440
9
18579456
406332702720
1632586752
1492992
5832
2926264320
274337280
15120
979776
81
504
1646023680
25088
221184
2380855680
9
746496
1354752
625117500000
37340352000
9
2917215
81
16003008
9
159993501696
18496880640
225740390400
81
129024
952560
576
64524128256
32805
17496
23328
1270080
12446784
263363788800
4723920
414720
154314720000
292626432
124416
61236
1224720
4050761400
5103
6718464
16257024
9
36288
81
81
317520
8957952
285768
9
21946982400
28461646080
92160
1771470
2000376
5804752896
35831808
81
576
9
31109847552
9
15431472
1024192512
24772608
1028764800
9
9
314928
23808556800
81
9
62705664
326592
952560
9
5668704
340200
349985784960
169375836672
729
81
648
81
5832
31104
870912
285768
81
585252864
290304
3919104
1224720
9
32105299968
81
101583175680
285768
6561
45927
560105280
1451520
25920
576
23410114560
9
6718464
48009024
648
5878656
266716800
9
1075402137600
186624
1469664
197568
39016857600
9
345664972800
14880348000
0
5184
81
81
16669800
6096384
9
10287648
35831808
176359680000
174960
13168189440
3527193600
320060160
7348320
9
510183360000
32148900
9
80621568
146932807680
34992
24883200
4032
28224
9
28092137472
81
1991485440
1157360400
81
5184
36288
218494402560
18432
98761420800
74088
1492992
322486272
3292800
557383680
576
280921374720
22579200
979776
57153600
17777055744
81
156764160
6350400
16460236800
37623398400
9
7142567040
290304
729
17418240
63489484800
9
740710656
7225344
81
470292480
169344
576108288
4536
702303436800
512096256000
40642560
45519667200
373248
62720
32006016
198404640
4536
576
4536
9
14224896
248832
128994508800
983224811520
151732224
57140536320
28224
4644864
334430208
4536
153090
9
9
725594112
1032192
2709504
3048192000
729
27648
280921374720
80015040
81
1429108621920
199148544
11430720
699840
12002256000
4032
648
158760
9
2257403904
34992
2539579392
3810240
45927
51438240000
9
204120
163870801920
104509440
42343959168
15603175784448
5668704000
1185137049600
81
1658880
4536
685686435840
31104
126978969600
395136
9
22044960
3149280000
9
81
9644670
1469664
355541114880
81
367416
24196548096
22680
5832
21676032
435456
12192768
1975680
504
326592
154314720
9
292626432
529299489600
729
41479796736
81
1371686400
729
5103
914457600
9
1511654400
197522841600
1102248
3072577536
3571283520
105840
116121600
729
244944
81
22394880
648
4608866304
153628876800
5832
81
2389782528
8429568
141087744
6350400
290304
3136
94058496
1270080
2322432
7681443840
1161216
1161216
34292160
76204800
1003520
27745320960
292626432
112896
27216
136559001600
3600676800
20160
188116992
486
729
31752
4354560
9
81
181440
81
81
846720
5103
2675441664
1720643420160
83349000
497664
29628426240
648
7201353600
45368527680
522547200
7283146752
34139750400
81
583443000
1417176
5103
46448640
9
7134511104
388434493440
29998781568
9
9331200
60750
63504
9
3456
6561
14515200
222264
979776
6584094720
3584
729
470292480
174960
504
9
3888
3870720
9
648
621495189504
9258883200
10287648000
3674160
1143072000
209952
37324800
44442639360
2940552720
58982400
17146080
14515200
331838373888
81
13168189440
29393280
8957952
103699491840
9
4629441600
304946208
5832
290304
1517322240
3888
217728
1881169920
89282088
23814000
81
680400
20643840
7873200
11337408
729
8890560
3628800
81
236196
81
1071630
26671680
9
774144
987614208
26880
28805414400
37933056000
261273600
9
132269760
15606743040
28092137472
214326
8573040
24192
124416
992023200
453496320
36288
285702681600
81
1306368
251942400
3528
5184
329204736
27216
8817984
81
31744742400
163870801920
36288
5671065960
209952
81
952560
108864
15682947840
426746880
576
881798400
2477260800
10287648
207398983680
182891520
1032192
3456
81
9
81
3888
244944
925888320
877879296
9405849600
967680
8128512
9
69672960
2240421120
348509952000
120960
104509440
4608
116640
26873856
290304
125411328000
333319795200
576108288
4837294080
29393280
139345920
800150400
40310784
749969539200
783820800
181440
280921374720
4608
21604060800
2032128
576
37623398400
107520
1312200
151165440000
9953280
9
729
1523747635200
2880541440
46820229120
27106329600
45722880
90757800
233280
20808990720
23808556800
141087744
32256
699840
9876142080
122472
627056640
9
106686720
564350976
4976640
729
648
1204224
9
6096384
6561
9
189621927936
31752
539978068224
142216445952
9
79380000
10450944
39191040
81
20575296
81
81
190512
504
729
1741824
729
326592
493807104
27783
3888
544195584
181440
304819200
9
1075402137600
9797760
16329600
4374
729
1333584
3024
233280
192631799808
164602368
9
48393096192
13060694016
81
36578304
648
1741824000
163364040
648
995328
55296
870912
117573120000
30618
296284262400
4032
504
311098475520
92588832
36288
1837080
214990848
80621568
648
1097349120
9
729
62233920
729
24192
23328
131681894400
4608
32805
1548288000
68584320
28805414400
4608
285768
163296
617258880
1119744
36288
169305292800
254016
1152216576
138240
20412
737418608640
35286632640
9
870912
170698752000
2418647040
9
5184
2844328919040
4608866304
398297088
40824
326592
4536
34292160
189621927936
5733089280
5832
176359680
81
9
28672
9
1119744
45927
4702924800
103699491840
4572288
46656
72
12192768
658409472
326592
2939328
729
1015831756800
1991030243328
4644864
793800
9
4032
36741600
5184
725760
1316818944
331776000
81
23514624000
4167450
1741824
1088640
81
81
378
839808
4374
648
81
648
195955200
4608
6802444800
81
93329542656
696729600
21073920
9
4536
9
72013536
3888
34566497280
23514624000
1410877440
504
6403870368
9
81
47563407360
50388480
1166400
24690355200
23897825280
5555329920
5832
4682022912
10713850560
6242697216
987614208
209105971200
8668430991360
486000
270950400
81
9
2520
5103
836075520
117050572800
67184640
677376000
11943936
1071385056
27216
1935360
1632960
49787136
24700642848
705438720
116121600
9
979776
4115059200
13436928
9
10534551552
85050
29760696000
3779136
96786192384
25920
110224800
1224720
648
2539579392
729
3265920
141087744
18816
193536
1440270720
40007520
15360
228614400
226842638400
694575
3572100
288054144
33331979520
81
39680928000
9029615616
61725888
10160640
1337720832
27869184
11904278400
9
567
601974374400
81
829440
9
3645
81
126443520
26336378880
81
4000752
567
72
10802030400
38707200
1300561920
9029615616
23514624
14450688
729
81
576
9
212336640
1632960
544320
31104
82301184
9
155520
648
729
189035532
6422528
3810240
4954521600
578680200
9
186659085312
685843200
164602368000
46675440
614515507200
24192
72
55099802880
52488
5184
5103
9
2612736
2351462400
1016064
1706987520
13063680
9
31610880
936404582400
158760
28805414400
151165440000
136080
27216
758661120
29998781568
2800526400
36288
6967296
705438720
9
2857026816
4536
13950326250
29628426240
112896
31104
81
81
4199040
504
634894848
3857868
4536
7561421280
9
250822656
214326
120960
158723712
729
5555329920
42674688000
31104
81
20155392
67722117120
209952
648
1016064
34992000
150493593600
61725888
1428513408
4536
7407106560
609499054080
571536
501645312
27648
9
518497459200
14745600
327741603840
1393459200
81
29160
81
4032
221184
282240
17635968
81
2667168000
2177280
41472
2057529600
504
2601123840
12002256
4032
5184
4536
225792
81
1658880
5184
4608
1015831756800
6531840
2612736000
2902376448
107520
14224896
81
115221657600
884736
35562240
451480780800
36288
884736
94832640
81
749123665920
9
648
29760696
181440
47029248
71663616
32659200
169344
15552
548549148672
9
81
4374
1714216089600
243855360
2204496
96745881600
32920473600
58786560
3317760
714420
8712748800
740710656
3888
124416
81
9
2799360
31610880
729
9
9
23708160
424673280
3402
7586611200
5832
126023688000
81
870912
15676416000
37035532800
562477154400
146313216
31104
12345177600
35831808
63
278807961600
24504606000
26336378880
17915904
264539520
25509168000
423360
9
9
91445760
158723712
5184
34836480
45927
9876142080
85349376
162570240
24772608
4515840
13547520
4898880
225042300
3762339840
29160
1312200
81
4536
56623104
181440000
5184
9144576
24494400
604800
648
619315200
37035532800
9
9797760
35721
17283248640
7001316
6001128
1410877440
304819200000
1161216
398297088
987614208
3402
576
5441955840
555532992
81
27216
286773903360
5971968
9
448
648
1990656
1008189504
619315200
9
31752
81
5103
10754021376
9
103195607040
22861440
9
524880000
3456649728
174960
9
729
5832
81
725760
68024448
1049760
134369280
40967700480
81
81
846526464
36288
40824
7715736
729
648
1567641600
9
137168640
68584320
4032
675126900
19443654720
967680
81
576
27209779200
762048000
141120
9
81
292626432
9
7112448
1714608
666792000
40824
9
3024568512
145152
6827950080
9
81
267846264000
5184
81
7902720
11430720
235146240
62426972160
5334336000
4320812160
10287648
2799360
1213857792
81
2893401000
9
1469664
108864000
5377010688
480090240
32805
435456000
9
9
192849310080
22680
4536
292626432
493807104
4608
483930961920
729
682795008
9
1905120
2286144
113421319200
576108288
12597120
448
49766400
729
320060160
294055272000
1632960
70543872
9
4536
9
130636800
367416000
5832
107495424
9
1920360960
4608
8065516032
25920
580608
81
6936330240
23814000
4608
3265920
2731180032
4032
592568524800
729
9
23514624
5184
5832
7501410
81
44089920
7838208
118513704960
9
24696
111523184640
11851370496
108864
3402
81
15876
70573265280
81
105369600
57610828800
9
203212800
48988800
3762339840
96018048
612360
113421319200
254016
81
35721
8164800
107540213760
1706987520
160030080
648
1881169920
23514624000
51018336000
181440
314928
20160
9676800
14511882240
4536
235146240
81
729
9
81
290304
4082400
4374
28343520
1160950579200
677376
729
69672960
81
14269022208
81
274337280
567
207360
292626432
4608
576
553063956480
113799168
344207360
474163200
9
81
63504
2286144
493807104
45148078080
44255232
149299200
120022560
12002256
90296156160
81
13168189440
222953472
3645
217728
1088640
84672000
172832486400
4182119424
22054145400
81
43208121600
648
816480
3359232
4646799360
21767823360
1224720
131244669360
95256
1672151040
23044331520
1920360960
9
97542144
81
113293393920
19595520
4608
27648
163296000
1008189504
285768
148176
4898880
1524096
979776
1439941515264
196608
1741824
2688
216760320
102419251200
209952
13168189440
98784
3584
34139750400
27216
6772211712
17915904000
4536
119070
30005640
71425670400
9
299987815680
9
2560481280
4082400
272273400
133358400
9
648
272097792
28805414400
81
27659520
658409472
9
34992
81
5971968000
225740390400
5671065960
81
576
3840721920
1399680
2508226560
10581580800
1337720832
10497600
277766496
49601160
72013536000
5184
108020304
22932357120
411505920
1959552
314928
81
470292480
1119744
694575
1088640
653306798592
8851046400
888852787200
151165440
86802030
5419008000
729
226586787840
105840
648
622080
5103
5103
3888
134369280
3540418560
15872371200
18139852800
184354652160
9
576
9
587865600
31104
1959552
36578304
729
20736
244944
107495424
223948800
960180480
9
4536
5573836800
225792
104976
6531840
3402
9
31104
3969
213373440
576
36578304
487710720
1548288
149299200
18289152
81
9
45722880000
52488
12541132800
22680
3468165120
56899584
222264
290304
81
2314720800
104509440
9876142080
1451520
5038848000
207360
233280
474163200
32256
576
26127360
46294416000
103699491840
25604812800
8957952
432081216
9
9
41472
4536
20321280
324060912
20321280
9
11573604000
52488
1959552000
227598336
3528
5080320
81
41472
184320
19914854400
36288
1428513408000
81
81
10241925120
2939328
58525286400
64012032
672126336000
16128
979776000
81
3969
10206000
31744742400
107540213760
729
1045529856
81
237081600
5529600000
9
9
2721600
54190080
34992
52907904
81
9
9
1632586752
5486745600
42467328000
22221319680
8503056
979776
81
40310784
3224862720
67722117120
4408992
9
217728
225792
1147095613440
46656
9
71124480
116688600
648
33592320
729
734832
729
12290310144
9
258048
181440
40824
9
9797760
26754416640
302330880
4536
3485099520
60011280
12802406400
8164800
39813120
5184
31752
918540
81
1632960
648
20575296000
81
3048192000
7620480
126978969600
243799621632
648
5184
87091200
1142810726400
3779136
4536
116095057920
362797056000
138726604800
46656
244944
360
145152
9
9
9
81
14400
9217732608
298598400
5806080
648
5350883328
630118440
98761420800
648
893025000
13934592
146313216
648
504
648
839808
9
944784
9
576108288
9
15676416000
81
58549671936
27216
81
184320
648
9
4608
648
32256
4999796928
9
567
1290240
7902720
648
36288
9
23814
731566080
58525286400
20575296000
25082265600
1417176000
85730400
9
648
1234517760
52254720
42674688
10077696
13442526720
448
46656
9
26453952
648
1161216
40967700480
453600
31752
5852528640
36288
4199829419520
222953472
4032
68279500800
360067680
4515840
632073093120
729
81
6561
1045094400
555660
5225472000
2066715
806551603200
3703553280
9
1806336000
19203609600
7348320
1254113280
812851200
161280
168552824832
9
42998169600
648121824
45927
9405849600
9
313528320
1659191869440
5103
617258880
41803776000
33861058560
26754416640
152409600
40824
214326
11664
80263249920
81
72
155549237760
81
35721
40007520
169344
2488320
41150592
27311800320
81
174960
270050760
90016920
940584960
38698352640
81
4536
9
10621255680
576
105815808
1175731200
77774618880
197568
729
576
148176
26138246400
31104
81
154314720
8957952
663552
28449792
279936
23044331520
5832
201553920
2176782336
576
1354752
61917364224
31104
148142131200
31752
82301184000
274337280
81
1306368
248832
648121824
47617113600
81
9
4354560
78382080000
211631616000
9
3645
952560
4408992
3888
1837080
36864
32256
25088
257191200
3936600
88179840
13716864000
44808422400
44442639360
28005264
903168
9953280
41803776
1032192
9
1053696
4200789600
92588832
9483264
125023500
6531840
81
114281072640
2469035520
279936
192036096000
28224
264539520
6019743744
85349376
17635968
1524096000
209952
321489
5017600
167215104
729
188116992
4514807808
9
648
455196672
136559001600
5103
260112384000
81
1146617856
2240421120
729
2926264320
45349632000
4232632320
648
729
19999187712
512
6298560
10668672
155520
746807040
26127360
244944
99574272000
81
1269789696
864162432
81
5601052800
34992
3969
50388480
320060160
7779240
238140
79009136640
26244
24576
5103
4389396480
36288
3732480
5103
147456
1492992
41472
2777664960
114281072640
123480
58525286400
373248
27216
10287648000
72
780337152000
266655836160
91445760
1012458877920
9
1333279180800
514382400
9
197568
2821754880
944784
632073093120
11573604
225740390400
2286144
81
17635968000
1574640
81
11907000
1388832480
361267200
31352832
62219695104
859963392
9
3024
32256
152409600
5668704
648
914457600
322694400
38887309440
217728
812851200
274337280
729
146313216
141087744
81
126414618624
15676416
23224320
81
21403533312
114791256
101583175680
7620480
870912
3857868
193491763200
1270080
170698752000
68812800
32774160384
496125
144506880
244944
122472
1066867200
440899200
46656
1881169920
6967296
313528320
51849745920
948109639680
35115171840
1814400
30233088
1562436540
60949905408
391910400
50803200
81
9
1382976
1296243648
9
81
648
648
9
34992
612360
7620480
244944
4536
9
648
432081216
9
30105600
5832
11287019520
4608
629856
14224896
1388832480
14580
108864
150528
87787929600
207360
729
169375836672
1517322240
279936
870912
211680000
81
341397504000
1469664
251942400
4536
2489356800
114281072640
839808
25719120
5898240
85030560
262440
5267275776
409677004800
4756340736
30611001600
217728
5377010688
250822656000
1481421312
14108774400
648
10160640
764411904
729
1500282
576
39680928
783820800
13888324800
61725888
14046068736
195084288
30481920
81
729
9
21504
1270080
46656
1944000
1224720
114307200
3981312
3628800
81
6804000
2880541440
225740390400
81
30862944000
153664
529200
81
9
22759833600
1003290624
81
4536
16721510400
69672960
13063680
81
30018142350
4536
20736
9
1463132160
3600676800
487710720
8817984000
441082908000
10978063488
153090
3950456832
37340352
72
86704128
34992
729
2612736
2286144
1280240640
217728
729
1806336
10077696
731398864896
36288
217728
8001504000
700131600
72
9185400
648
393289924608
217728
4702924800
124416
13171200
33177600
190512
49601160
41803776
3086294400
1440270720
567
41803776
729
20316635136
123451776
34992
9
3292047360
19508428800
9
193536
1393459200
217728
141120
2520
5120962560
76473040896
648
11904278400
9
729
952560
3703553280
85730400
285768
9
13502538000
3627970560
47029248
729
19845
105815808
648
9
15120
88885278720
5184
67722117120
4096
105815808
1185408
76814438400
3386105856
154314720000
33868800
729
81
2940552720
481579499520
1828497162240
504
9
5184
8001504
1088640
26453952
476280
3888
1463132160
4032
81
685843200000
9
55553299200
186701760
648
401483464704
136080
4536
326592
635040
1036994918400
266716800
34292160
203166351360
80015040
146966400
5878656
826686
36870930432
648
23044331520
75582720
1161216
9953280
3472875
174960
12101040
293932800
1097349120
72576
6667920
209952
648
342921600
5184
51030000
81
725896442880
254016000
1161216
34992
648
2560481280
25515
27783
41150592
79361856000
76832000
254016000
1204224
3024
38407219200
5038848
9
321489
435537865728
233323856640
320060160
342921600
1371686400
417942208512
16329600
24696
493807104000
9
6096384
4000752
729
501645312000
117573120
1166400
47029248
1053696000
326592
73741860864
445906944
174960
6451200
4536
217728
1333584
1049760
9
9
940584960
975421440
285702681600
661348800
333319795200
376233984
5080320
594542592
227598336000
979776
1185137049600
159993501696
2286144
18432
70543872000
26671680
2099520
10287648000
36288
9
25515
116640
729
3200601600
787320
1721868840
81
9
242020800
31104
5103
102876480
21069103104
326592
9
2985984000
83642388480
4762800
214326
284497920
12039487488
4536
729
4536
518400
1071630
648
28217548800
599975631360
2099914709760
457228800
216710774784
217728
9
3483648000
16595712
151732224000
348364800
839808000
40824
5832
4233600
100800
288947699712
3936600
846720
245806202880
71124480
81
1285956
203166351360
648
6193152
131712
9
648
321489
12962436480
5852528640
9
290304
729
53747712
6561
731566080
24192
4608
81
1881169920
9
10501974
121927680
9
105840
9
221276160
1481421312
2688505344
658409472
5184
3149280
11287019520
34992
100018800000
13442526720
9
9
800150400
1270080
17360406
10534551552
203166351360
17920
40007520
81
138883248000
648
648
203212800
13168189440
99202320
214326
39191040
729
16200
6429780
9
627056640
4480842240
81
133327918080
130056192000
3456
81
7620480
72576000
668860416
53770106880
418037760
693633024
9
5486745600
35672555520
17635968
4629441600
182967724800
557256278016
5832
9
36288
15925248
22574039040
81
27648
9876142080
648
58773123072
81
9
204120
445906944
308629440
72
308629440
49997969280
165888
4572288
1280240640
1706987520
52672757760
81
729
81
7348320
1102248
648
1481421312
433520640
18816
1175731200
145152
6561
1959552
2753029472256
316108800
8037225
3888
6967296
52022476800
4500846
1102248000
4032
181440
54685278900
124467840
27648
11573604
213324668928
90296156160
81
433520640
42865200
48791393280
2939328
7558272
34574400
228614400
240789749760
4608
967680
472392000
24192
32768
648
95234227200
9405849600
15120
141557760
34836480
81
217728
193491763200
158723712
2194698240
276531978240
19508428800
233280
462944160
142216445952
81
9
352719360
291654820800
629856000
31104
46294416000
4031078400
20808990720
7112448
4032
85710804480
5184
9
2777664960
4608
896168448
9
17635968
846526464
81
40824
18579456000
9
81
1469664
81
84672
5184
30618
81
576
2204496
141087744
81
31752
729
1672151040
7715736
648
472392
77774618880
4536
41150592
26542080
486091368
4032
648
81
5184
4423680
81
553063956480
648
64283103360
8465264640
284497920
5184
35712835200
729
5267275776
52672757760
9
81
108864
35115171840
4536
23147208000
373318170624
477757440
2540160
9
648
81
9
9
2239488
648
32256
423360
81
46656
1783627776000
10241925120
119070
183708
181440
20480
24696
960180480
648
81
2275983360
1088640
6350400000
3556224
50009400
117099343872
9483264
612360000
537701068800
16669800
3687936000
9
3024
729
13716864
81
5290790400
81
112870195200
266655836160
333319795200
141120
274337280
12446784
81
145152
5103
9
5184
1950842880
5184
72
9
57330892800
783820800
188116992
512096256000
2519424
141087744000
81
156243654
746496
405076140
4032
480090240
3456
22127616000
51438240
2764800
9
18370800
6001128
9
39513600
163296000
154279448064
2592
52488
2048385024
81
9721827360
41472
32256
231472080
42326323200
142884
24192
12644352000
5184
26453952
3853516800
292626432
4032
9001692
870912000
6772211712
1053696
60480
294912
2962842624000
71663616000
729
91445760
5619712
3556224000
669615660
5832
19046845440
17199267840
169305292800
11337408
839808
290304
666792000
128566206720
39366
15240960
81
201553920
3009871872
21168
9
334430208
438939648
1463132160
5103
729
130203045
1066623344640
58786560
1728324864000
4032
9
108864000
2646
729
5435817984
576
6561
141087744
7348320
225792
7715736000
292626432
99202320
121927680
29393280
1530550080
4551966720
1701000
4536
1422489600
77157360
330674400
81
181440
81
23514624
5832
10287648
9
93746192400
81
1736040600
648
509820272640
571536
504
321489
17146080
352719360
241920
9
21609
1959552
81
128566206720
3402
2016379008
3703553280
11522165760
30005640000
81
3969
648
3870720
26336378880
156243654000
3360631680
290304
13168189440
326728080
14814213120
272097792
489888000
9
73156608000
5832
4536
233280
3048192000
181440
72
648
4608
6401203200
225792
729
13392313200
77414400
1890
1244160
81
16325867520
33868800
438939648
5184
1493614080
117573120
1337720832
396809280
35721
504
9
21432600
153628876800
308629440
497664
163296
729
16934400
9
245806202880
105840
476171136000
648
2926264320
58047528960
1037232
1129172244480
145800
15479341056
91854
731566080
352719360000
9
9
141087744
5184
1306368
60491370240
40824
365783040
17920
1316818944
96018048
648
9
81
9
81
9
1290240
3888
390168576
1524096
648
1143072
81
729
37791360
9
36006768000
81
6772211712
75600
1102248
567
6561000
823011840000
5668704
197522841600
9
4608
4013162496
5555329920
81
3087000
145152
4608
282175488
5832
52488
12859560
20321280
77157360
81
438939648
262193283072
38236520448
16460236800
3732480
725760
5832
3888
2032128
729
203212800
141120
729
17702092800
16533720
55553299200
58786560000
6688604160
1071630
91424858112
3527193600
716800
2239488
9185400
81682020000
27556200
158760
282175488
1679616
222264
9
97542144000
36288
300987187200
3556224
23887872
729
4374
617258880
10081895040
18289152
5248800
1180980
2939328
1339231320
81
2571912
1371686400
81
81
5038848000
2687385600
576
1399680
36864
5103
870912
29160
18432
81
183708
135444234240
298722816
13604889600
105840
166698
489888000
826686
6721263360
1851776640
139968
3024568512
10883911680
44789760
81
180592312320
5832
9483264
4898880
936404582400
9
3969
88216581600
36006768
979776
10536960
9447840
36288
30618
34992
5184
5184
41990400
5184
1625702400
24192000
266655836160
16930529280
204120000
127008
32514048
3528000
94810963968
81
1312200
777924000
3528
163296
3528
190512
39366
7112448
648
47239200
18432
432
9512681472
272097792
124416
152409600
55987200
27556200
303464448
648
9
283435200
223948800
266716800
836075520
1866240
10077696
5080320
110224800
2916
19353600
576
47029248
4536
6531840
81
1088640
135475200
23040
36741600
21767823360
81
952560000
729
32256
1354752
648
1088640
7112448
22579200
1377810
392073696
6172588800
11329339392
4587520
18289152
445906944
3810240000
50388480000
81
729
69672960
30611001600
497871360
1161216
81
28449792
398131200
1071630
729
1244160
1428840
601974374400
9
5184
51209625600
464486400
4608
28665446400
81
81
576
6967296
9405849600
276531978240
45927
254016
49787136000
544320
729
8470728000
9
25401600
48609136800
4536
373248000
72
9
648
5832
1975228416
5356925280
4608
7841473920
5103
11612160
729
250822656
112495430880
17856417600
28449792
729
3703553280
1828915200
7372800
286654464
31104
31104
81
65856
362948221440
648
32805
1161216
13168189440
22680
729
145800
25395793920
697019904
52081218000
762048
78121827
9
164602368000
1587600
23040
81
178605
109247201280
54442233216
9
617258880
2304433152
3734035200
5143824000
81
661348800
30233088
81
180033840000
11110659840
104162436
81
9
6401203200
729
29393280
31104
9
729
294967443456
81
3645
7620480
648
18811699200
331838373888
16325867520
1446700500
15052800
72
254016
2743372800
729
5184
30618
270050760000
2458624
406425600
1058158080
12697896960
1045094400
472588830
9
24078974976
193536
21432600
35721
7169347584
102876480
3024
987614208
3344302080
190468454400
5184
6718464
49997969280
136080
29393280
81
5103
145152
15489331200
9
81
1820786688
4536
653184
51849745920
56184274944
209018880
952560
38102400
27433728
9
81
15360
648
26011238400
288120000
2926264320
740710656
17635968
5103
163296
304946208000
9
3240
3919104
9754214400
104976
5184
503884800
60949905408
1512284256
44089920
347208120
580608
195084288
282175488
34566497280
6858432
1016064
5143824
892185477120
160030080
326592
46656
8641624320
440899200
9
648
571405363200
213324668928
6561
178564176
4374
5184
648
576
186624
148176
22861440
3528
81
9
5832
61725888
1959552
5832
14863564800
6348948480
221225582592
3292800
5184
5120962560
9
17418240
3645
81
9
8709120
20163790080
1866240
4898880
1111065984
209952
14046068736
9
235146240
8680203
13826598912
16325867520
9
1867017600
2286144000
9
30098718720
106686720
81
117622108800
7777461888
81
6773760
81
367416
1003290624000
487710720
5761082880
110199605760
23514624
737280
25920
914457600
1445068800
97977600
729
1469664000
2286144
111132
24192
2275983360
4320812160
18207866880
9797760
806400
3628800
648
248878780416
81
15288238080
13716864000
2286144
3528
729
7558272
14402707200
36415733760
12697896960
1333279180800
5832
1680315840
825753600
207360
399983754240
24192
1371686400
46088663040
43893964800
122903101440
9
984150
4608
226842638400
576
38220595200
52672757760
128595600
9957427200
12400290
36288
9331200
1422164459520
72
51209625600
241965480960
5184
81
3888
8817984
40642560
5832
680400
81
729
158760
1399680
81
81
124467840
14467005
1763596800
27869184000
648
448
2710632960
411505920
27216
1083801600
85349376
41472
9
114307200
129024
729
648
36456852600
9
622196951040
1179869773824
13436928
870912
14696640
729
16665989760
104044953600
1075402137600
566870400
144027072
4232632320
9144576
95551488
27216
130636800
81
81
3840721920
27869184000
27783
172800
6370099200
5103
746807040
995328
9
4536
61740
5832
81
1492992
81
7464960
8360755200
81
4374
81
729
244944
290304
290304
31104
81
81
2107392000
18496880640
4536
31752
1058158080
2090188800
28672
696729600
70543872000
537477120
1028764800
4877107200
254016
38093690880
1428840
932242784256
1881169920
504
36288000
4572288
884902330368
144506880
81
14108774400
3456
1219276800
2903040
526848
18296772480
1143072
729
100329062400
9
729
81
2430456840
81
414797967360
1224720
2057529600
5308416
906992640
1306368
53747712
663676747776
1176221088
81
24883200
27095040
20065812480
464679936
42855402240
1280240640000
22759833600
3888
81
46656
66679200
376233984
493807104
3429216
102876480
617258880
123451776
98018424
648
6561
69120
78382080
1857945600
1813985280
16934400
331776
81
244944
81
338688
1146880
158018273280
71124480
12859560
290304
3511517184
3483648
284432891904
5832
423263232
6718464
10369949184
1851776640
31603654656
46656
81
186624
69132994560
367416
725594112
1612431360
258048
81
18517766400
1679616
1500282
548674560
27433728000
5832
81
2439569664
2834352
46656
285768000
4374
3869835264
4898880
740880
1714608
979776
5832
163870801920
142884
910393344
60197437440
815712436224
32920473600
81
2116316160
6531840
5832
36279705600
13934592
762048000
68584320
98761420800
5927040
326653399296
414797967360
648
995515121664
396809280
5689958400
367416
729
9920232
220150628352
142884
284497920
13168189440
72477573120
5080320
648
870912
262440
1881169920
258048
41150592000
110592
2571912
63011844000
39504568320
4877107200
8640000
158760
81
576
729
1451520
31213486080
58047528960
1778112
6561
45927
508032
18728091648
780337152
81
3456
331776
729
129024
2116316160
9
9721827360
355541114880
174182400
141087744
441000
5806080
84652646400
39504568320
81
342843217920
155520
627056640
5832
4665600
14880348000
81
34566497280
9289728
34292160
729
752640
6350400
77157360
396361728
111132
9
81
9
81
3888
648
81
1312200
1058158080
168552824832
36006768
3969746172
31863767040
1928934
32651735040
18003384000
3482851737600
6561
220449600
627056640
46656
504
125411328
5878656
987840
9
139968
576
1333584
414720
7524679680
81
8294400
130056192
548674560
1574640
12386304
4478976
139968
6584094720
13226976
188116992
34992
6827950080
90296156160
4374
5715360
462944160
25082265600
156764160
81
9
6721263360
734832
5401015200
81
125411328
979776
576
28665446400
9
648
28224
506345175
81
9
11757312
229635
9
9
256048128000
35271936000
72
4286520
127008000
72589644288
567
5184
81
2709504000
3009871872
777924
648121824000
329204736
2939328000
15120
238878720
567
308629440
54867456000
222264
81
9754214400
9
81285120
70543872
5715360
4761711360
672000
1306368
6172588800
186624
96768
165337200
34992
495452160
46294416
22932357120
4354560
3456
9
26244
1904684544
246903552
729
39016857600
1306368
81
1764
32659200
11430720
16257024000
4515840
174960
172032
179233689600
284432891904
34992
2091059712
6451200
1041624360
214326
81
346816512
17280
20412
5186160
40824
119070
46656
9
248832
729
1814400
3888
8573040
4572288
9
564480
4480842240
38707200
2032128
9335088000
5443200
9
20316635136
5184
163296
92588832000
948326400
148142131200
2240421120
81
729
711082229760
177770557440
145152
648
2100394800
150028200
567
9
18289152000
729
493807104
114307200
238085568000
248878780416
174960
26244
185794560
104162436000
648
466560
167961600
9
40007520
5952139200
419904
10158317568
691329945600
46294416
9
4115059200
20901888000
7407106560
39680928
104509440
4644864
5184
9
8128512
3359232
26336378880
88905600
16515072
60692889600
2222131968
7558272
5806080
9
9029615616
36864
34992
4478976
106686720
180033840
3762339840
309786624
3121348608
100352
6348948480
576
6561
496011600
108380160
238978252800
1693440
9144576
81
64012032
8026324992
275562000
81
30618
165888
648
5925685248
15872371200
48009024
1837080
4608866304
1128701952
4572288
9
5103
220449600
129600
1327353495552
9
3024
13547520
567
13716864
8297856000
933295426560
31104
19595520
220449600
14515200
1234517760
36864
109734912
4536
367416
20736
2633637888
9
4374
12700800
4877107200
314928
81
683079505920
3413975040
61222003200
1975228416
729
9
5786802000
17915904
23224320
106662334464
135475200
84276412416
9
1536288768
2160406080
2962842624
41479796736
624269721600
6721263360
382205952
124416
27216
60466176
1111320
34292160
4032
2100394800
1176221088000
729
190547816256
4032
163296
5103
9
81
11573604
12152284200
998831554560
9
81
126023688000
12541132800
234101145600
1440270720
31752
107540213760
1741824
10160640
5184
1224720
44590694400
1088640
259248729600
88905600000
108864
9
4529848320
9
114307200
266827932000
244944000
7873200
2962842624
15931883520
254016
2571912
1058158080
81
4536
26127360
119439360
8230118400
691488
13226976
81
1632960
9289728
2322432
1920360960
1672151040
81
21504
1860043500
428652000
40824
13063680
28217548800
3528
3456
22304636928
12859560000
285768
16200
3009871872
24192
30233088
30862944
5832
16387080192
30481920
35721
5184
214326
131712
762048000
5443200
69132994560
81
334430208
2765952
161280
11854080
1244160
68797071360
190512
3870720
874800
987840
81
5832
729
944784
36288
46656
20253807000
14002632
784147392
46448640
9
8707129344
25920
4046192640
3333197952
88885278720
11522165760
81
9601804800
81
175575859200
27869184
81
72589644288
5832
4608
198404640
75866112
18370800
2177280
4608
98322481152
1653372
694416240
81
729
26244
163296
576
16329600
36288
518832090
38407219200
81
79996750848
237027409920
72
32256
9
6858432
81
81
10319560704
1548288
4374
4133430
414720
109734912
38843449344
34720812000
9
100329062400
34992
60011280
22689450
4536
6172588800
12192768
54867456
9
27869184
15554923776
564480
81
160030080
548674560
81
81
2480058
6123600
4536
53331167232
3402
979776000
3265920
47617113600
26244
711244800
16460236800
185177664
7586611200
3888
870912
433421549568
17635968
4536
129624364800
136080
1209323520
1843200
4032
648
7201353600
81
9
648
1106380800
729
82959593472
48168960
9103933440
81
501645312
161280
188116992
5715360
1451520
21946982400
4285540224
2519424
188116992
81
102060
648
6944162400
214326
1469664
3386880000
4536
6561
293932800
11202105600
1175731200
187280916480
2438553600
81
27433728
5598720
925888320
122305904640
1371372871680
27648
52488
438939648
864162432
81
139968
248832
567
6561
391910400
4536
33592320
3704400
139968000
1755758592
30233088000
103195607040
40824
29160
18811699200
16665989760
26553139200
729
290304
1632960
46656
1218998108160
7134511104
910393344
928972800
33592320
81
4536
11287019520
589934886912
1896652800
14814213120
23044331520
169305292800
2580480
81
6298560
5016453120
9
1741824
317447424
3888
2580480000
648
217728
81
4032
81
50388480
100818950400
81
648
2286144
648
81
18816
9
9
149299200
16930529280
5486745600
9
18147411072
9
10838016
180033840
648
32256
36288
346816512
823011840
93312
34992
14696640
576108288
7779240
1070622572544
81
9
28224
729
3402
81
3526387384320
6049137024
1143072000
248832
725760
9
4800902400
81
170061120
11022480
2903040
31752
172032
6453888
9
75582720
33592320
36288
46664771328
1343692800
25194240
3628800
627056640
29160
8778792960
612360
23044331520
1270080
377913600
20901888
979776000
4032
1959552
2777664960
9797760
39191040000
26336378880
840157920
174992892480
3840721920
648
3528
3224862720
302400
36864
250822656
81
54867456
2286144
7001316
13377208320
4115059200
1200225600
1658880
64012032
2419200
8360755200
251942400
81
617258880
2709504
4572288000
576
183708
729
10754021376
156764160
65028096
480090240
5184
348509952
37158912
5103
367416
250047
1679616000
5016453120
9
81
8778792960
3048192
2821754880
19353600
1679616
1016064
96786192384
43893964800
20412
1200225600
22044960
1114767360
81
9
9
341397504
81
13005619200
9
17360406000
522547200
81
58320
154314720
124416
1152216576
2322432
2304
9
145152
2032128
3969
567
62705664
81
4032
648
24494400
219469824000
3333197952
1071630
979776
864162432
90296156160
4800902400
925888320
1120210560
7348320000
38102400
576
129024
5832
81
48771072
4608
564350976
3072577536
5103
5103
648
295245
81
4032
37639074816
4976640
188116992
635040
21870
3265920
642978000
20910597120
40824
9
846720
5184
22861440
27869184
20160
648
648
56899584
648
15682947840
73483200
504
34566497280
60480
81
34992
7142567040
23814
1049760
2160406080
1428840
124994923200
122444006400
5103
248935680
13335840
25920
387144769536
18289152000
197568
64012032000
55306395648
3888
5184
1410877440
699971569920
7873200
3292047360
229582512000
9
81
75246796800
9
9876142080
1259712
156764160
1285956
214326
5832
189035532000
222953472
9876142080
31752
9331200
4536
30481920
5832
406332702720
4536
9
81
144506880000
81
44808422400
10497600
9
4877107200
648
81
60491370240
705438720
4608
67722117120
5184
136048896
81
142884
4938071040
74088000
56184274944
725760
84652646400
7620480
396809280
762048
23040
137168640
632217600
2880541440
7838208
93312
729
7112448
9
10368
217728
1161216000
1229312
8778792960
729
720135360
9
81
580717154304
367416
1881169920
94810963968
839808000
2903040
61725888
9
5445468
3762339840
648
5925685248
161280
60197437440
81
36288
480090240000
1036800
46656
20155392000
7348320
399983754240
1741824000
256048128
40824
32256
9
5486745600
18147411072
5334336
2257403904
81
648
2539579392
18207866880
20070400
9
2006581248
1451520
9
5350883328
9
123480
648
10001880
19752284160
4374
373248
846526464
81
46088663040
729
291600
190512
16003008
881798400
10241925120
729
1285956
330674400
17557585920
352866326400
907200
217728
1128960
5486745600
3919104
145152000
81
5832
72
1881169920
487710720
884736
81
3240
81
729
487710720
1504935936
81
88179840000
1376514736128
648
31752
74996953920
23328
31752
1128960
5103
1548288
40007520000
995328
1399680
4389396480
116640
729
63207309312
67722117120
8918138880
1170505728000
729
9
158760
444528000
41472
7054387200
6945750
229635
136080
4536
1016064
963158999040
33861058560
4032
944784
23514624
81
24395696640
254016
235146240
1433272320
567
46656
209018880
599975631360
81
28224
6193152
5334336
9
414720
746496
1371686400
4354560
6350400
4064256
22574039040
35562240
3810240
214990848
648
4761711360
83349000
9
401316249600
567
46664771328
191182602240
672126336
163296
4536
209952
22680
58330964160
540101520000
5443200000
244888012800
5832
892820880
56435097600
130636800
373318170624
40131624960
9
48609136800
81
55490641920
81
529079040
23224320
3292047360
428652000
59270400
648
648
5643509760
36288
2066715
5878656
510300
279936
61451550720
112870195200
1000188
5103
967458816
1632960
41150592
1114767360
846720
3840721920
123480
3458089998720
9
7137483816960
653184000
139345920
6561
4608
14929920
987614208
699840
258048
9
9
3375634500
3840721920
6635520
672126336
355541114880
279936
6193152
2903040
1714216089600
9
2032128
285768
426649337856
53084160
457124290560
30098718720
11202105600
16257024000
13716864
80015040
729
57802752
470488435200
587865600
19508428800
617258880
81
1410877440
381024
5184
161280
3499200
13608
290304
648
3888
13226976
1080203040
9920232
5643509760
52488
126978969600
161280
51209625600
5689958400
176433163200
658560
2257403904
459165024
3413975040
5832
115709586048
30481920
5103
438939648
5832
762048
432
1428840
9
9
15876
19051200
5832
12962436480
32805
264600
2314720800
7838208
58786560000
6123600
123480
81
275562
57330892800
81
9
4374
9
60466176
23514624
122903101440
1348730880
31752
8957952
729
24192
576
512096256
147483721728
9
5184
729
4148928
9
60011280
960180480
163296
725760
119489126400
246903552
4587520
138297600
622080
2612736
24690355200
595213920
326592
208089907200
2935341711360
725760
1959552000
3657830400
89282088
9
10534551552
4536
36864
46656000
705438720
9
729
694416240
36288
87071293440
16930529280
108020304000
9
3584
205752960000
81
33606316800
3174474240
1185408
2799886279680
1492992000
2560481280
8465264640
2427715584
13996800000
81
36864
842764124160
9
81
729
5441955840
91424858112
63221760
32256
9103933440
5184
12150
240789749760
945177660
2866544640
2009306250
175774110750
15552
10749542400
3969
903168
139968
25719120
13934592
648
81
72589644288
10754021376
1920360960
411505920
9
28224
4536
1224720000
7057326528
156764160
44998172352
81
81
5832
3048192
172032
15052800000
297271296
148176
210691031040
198404640000
214326
27869184000
81
91445760
9
1451520
114307200
24192
15362887680
17635968
1218998108160
27783
42138206208
1500282
6584094720
11612160
9
650280960
11757312
2540160
6096384000
81
9
81
576
81
9
648
35846737920
5832
31104
5120962560
321489
280052640
36578304
9
9
68584320
1185408
23708160
30346444800
9
34992000
81
274337280
1638708019200
3919104
685843200
35721
20744640
729
3969746172000
12290310144
648
40967700480
25920
136080
41990400
9
81
1567641600
12192768
81
7741440
4897760256
7900913664
326592
312264916992
5038848
4536
729
4064256000
81
48771072
172064342016
5308416
1204224
9
2743372800
97977600
1928934
5184
2419654809600
9
212576400
19046845440
5832
3857868000
59521392
1244160
729
4032
55801305
81
62720
81
81
80015040
5103
129024000
176319369216
952560
367416
2258344488960
15362887680
4032
11287019520
44236800
86032171008
9001692
26453952000
729
32805
3333960
285768
4536
34836480
12400290
3901685760
268738560
30618
52254720000
2239488
213373440
9
7739670528
236196
5184
9
1270080
36288
648
21870
81
81
254016
149299200000
189665280
46675440000
99995938560
35721
1417176
214035333120
5226454388736
2612736
158760000
34292160
128595600
457228800
22680
1244678400
1393459200
648
731566080
81
296284262400
5184
552960
263363788800
28224
117573120
25515
617258880
26244
72
172832486400
4536
9
697019904
49601160
5267275776
27216
24494400
4761711360
9
13335840
4408992000
7558272
7200
1097349120
1024192512
34992
213373440
2041200
8465264640
816480
27648
448
23328000
1234517760
15554923776
75866112000
4166497440
161280
10450944
2687385600
9
462944160
7201353600
576
2938656153600
10838016
81
91424858112
229635
62705664000
109780634880
98018424
5120962560
787320
8709120
34992
200930625
17146080
31365895680
73156608000
3135283200
188116992
4536
13335840
81
453685276800
150528
2304433152
1580544
10001880
1224720
2645395200
13063680
5227649280
53331167232
9
21946982400
181440
188822323200
90720
729
81
293932800
171460800000
335923200
9
55112400
1612431360
47029248
34836480
108864
1244160
2239488000
31104
162030456
592704
175575859200
4299816960
9
846720
225792
567
29628426240
9
576
4286520
9
2520
3968092800
10752
29393280
648
1792336896
823011840
10668672000
320060160
163296
576
438939648
5160960
52254720
192631799808
168031584
877879296
6561
4032
189621927936
28224
3969
416649744
576
6096384
4389396480
4286520
157493603232
1481421312
5832
17635968
1306368
10450944
9
1984046400
9
314928
5925685248
37158912
648
31752
40824
4572288
9
31752
45317357568
9
19752284160
79361856
1763596800
5120962560
81
9
6561
4161798144
28576800000
9
1555492377600
217728
141087744
5832
731566080
4822335000
178605
2032128
8709120
180592312320
105815808000
1119744
123451776000
1481760
729
188956800
31104
9185400
559872
334430208
2116316160
4032
111106598400
24494400
40824
40824
99202320
313528320000
156764160
46820229120
483840
648
33339600
214035333120
81
9
18144
28224
75246796800
25920
648
3456
294912
46675440
9
105840
39636172800
3936600
12348000
94832640
5832
5184
77774618880
47628000
6451200
648
217728
81
119070
82301184000
329204736
1920800
9
655483207680
13720
979776
2488320
9
9
2709504
1028764800
1088640
5832
1088640
5925685248
587865600
648
6858432
186624
6967296
20995200000
504
107495424
1587237120
648
50791587840
19046845440
2322432
6021120
1128960
2400451200
606928896
237027409920
34992
17496
131220
1620304560
13168189440
870912
729
22680
36288
6481218240
1354752
6666395904
2654208
476171136
36288
1607445
23814
6913299456
7971615
1088640000
14450688
9
9
31104
244944
648
244944
729
18522
9
27783
35721
9
725760
289013760
576
1365590016
36288
5832
2239488000
4374
290304
89282088000
9
5832
86416243200
81
76187381760
58786560000
4374
648
45712429056
81
9
9
145152
5103
1285956
262489338720
3584
81
23814
3034644480
31752
23328
355541114880
34836480
16387080192
279936
4536
668860416
185177664
64524128256
250047
30618
32256
2721600
682795008
9
26453952
967680
81
16329600
5103
342921600
36006768000
66886041600
105345515520
5806080
4536
9
41472
10077696
120960
8001504
1290240
29160
41472
1119744
24893568000
54867456
22680
296284262400
160030080
6322176
9
78382080
6772211712
116640
3472081200
81
493807104
23514624
729
1016064
5103
118098
21504
9
15554923776
2722111660800
58786560
9
4082400
123451776
4879139328
4536
92177326080
3888
10287648000
4536
81
40824
729
9
13824
50409475200
4032
70013160000
889056
6913299456
514382400000
81
249989846400
9
226748160
1209600
1492992
5598720
9
432081216000
81
504
1185408
81
1254113280
658409472
9
457419312000
1185408
648
3840721920
23887872
46294416
9
870912
413343
18144
979776
6049137024
9795520512
163296
262440
4898880
81
462944160
250047
5184
47405481984
416649744
9
81
19443654720
4536
4608
81
9797760
163296
14171760
6751269000
1088640
3359232000
4032
9
1851776640
103680
18289152
204120
222305785632
32805
5184
925888320
2257403904
729
6350400
26244000
35554111488
32659200
12602368800
320060160
729
23887872
188116992
46675440000
22680
7501410
162570240
35721
88179840
5832
9
648
25515
365783040
576
18728091648
15120
4536
28224
11197440
81
2048385024
34139750400
31104
9
30481920
5103
729
1049760
10321920
1175731200
9172942848
5103
43208121600
40007520
9
12192768
2799886279680
156067430400
81
17920
85614133248
25088
165888
172832486400
4536
81
44442639360
3413975040
20003760
405
9
576
12700800
9754214400
7407106560
258048
248832
192036096000
39016857600
29042496
133358400
696729600
6561
1137991680
36741600
729
28224
248832
567
4536
81
2985984
6561
1016064
8193540096
31850496
746807040
307257753600
214326
35271936
524880
53760
33756345000
5832
617258880
407686348800
46675440
81
9
5832
3969
1388832480
9
26453952000
52488
648
214326
648
604800
27216
21337344
2893401
729
846526464
81
418037760
43208121600
81
627056640
135444234240
2985984
81
81
53331167232
4938071040
9
4536
204120
648
22221319680
32514048
5184
349985784960
15872371200
105840
8573040
250822656000
179233689600
10581580800
313600
88510464
32256
975421440
180033840
130636800
6123600
2322868617216
276531978240
73483200
81
23040
11019960576
45722880
5184
81
711082229760
489888000
1269789696
9
3951360
3527193600
9
35115171840
165888
170698752
13824
45927
6827950080
47617113600
671846400
61725888
5103
2286144
2903040
5184
5443200
592568524800
5184
9
29160
130606940160
40186125
13608000
158760000
9405849600
26011238400
7962624
4032
81
27216
5733089280
3612672
38578680
9
3919104
3528
5601052800
1991030243328
29160
9
300987187200
17499289248
290304
1394039808
201553920
870912
3061800
4148928
1224720
13655900160
306180
1312200
729
165919186944
1837080000
529079040
27648
5184
27648
243855360
81
9
15872371200
34292160
38102400
111132
648
4666477132800
64524128256
50388480
81
31352832
27433728
69120
131712
1763596800
28224
3600676800
9
5832
2149908480
2286144
81
648
56010528000
729137052000
561842749440
27648
8890560
39191040
81
81
9
81
46656
5103
46820229120
5184
33443020800
576
367416
278807961600
361267200
31863767040
92588832
322620641280
21069103104
8709120
762365520
81
81
34992
9
254016
29030400
9
501645312
34836480
331776
7777461888
81
6428310336
4572288000
22054145400
693633024
5184
94058496
987840
9
7440174000
576
31104
648
765450
10160640
5715360
644972544
128994508800
172832486400
104509440
4536
9676800
55553299200
1728324864
9405849600
39504568320
81
9405849600
27216
4608
8257536
5832
162533081088
24998984640
5832
433520640
58265174016
5900697600
648
81
31104
5103
729
17280
62731791360
790272000
3857868000
1102248
23224320
6827950080
158760
19845
1600300800
512
290304000
15801827328
81
1592524800
2032128
326592
81
81
567
2976069600
29393280
10450944
645120
225740390400
25088
26453952
5080320
11022480
31104
326592000
4536
358467379200
8001504
9876142080
13377208320
486091368000
4536
118540800
945000
7085880
1020600
106662334464
2939328000
5184
799967508480
51849745920
4898880
541900800
729
9
9289728
48988800
15872371200
96808320
729
135025380000
23514624000
204120
127401984000
23044331520
181440
4608
4536
1399680
9
5103
28092137472
3240
2083248720
9
2488320
419904
729
105345515520
1763596800
4536
81
3251404800
504
409677004800
52488
3704400
568995840
576
81
6123600
729
21946982400
117622108800
330674400
27095040
3919104
76814438400
124416
7260624
2799360
136559001600
729
2469035520
22680
13547520
190512
1599935016960
176359680
1088640
1950842880
576
161280
5143824
474163200
5761082880
9144576
326592
53106278400
21168
44442639360
186624
648
81
124416
5832
1548288
634894848
729
648
9
3919104000
250822656
648
244944
10973491200
2149908480
2550916800
9
9
97977600
24192
4032
324060912000
6502809600
5374771200
9
648
214326
9
1254113280
729
1488034800
567
617258880
9
81
1224720
576
9
6858432
136080
81648
38723328
5184
9
3528
2469035520
81
129024000
98761420800
197568
1728324864
81
9405849600
5184
9
2612736
3413194702848
316036546560
3645
4374000
3136
9
1828915200
186624
62001450
81
9
5832
41472
9
5038848
195955200
240045120
25604812800
12700800
9
81
119995126272
734832000
864162432
81
31104
1114767360
762048
326592
46656
88885278720
24192
7838208
20321280
6635520
1646023680
648
32256
163258675200
14112
21168
81
176947200
19440
244944
285768
44442639360
36006768
489888
31104
672126336
544320
648
731398864896
14171760
411411861504
36288
9
107495424
1524096000
9
9
166698
22295347200
9
9
81
81
665887703040
1111320
9
169305292800
30618
9
9
1394039808
23328
46656
729
1560674304
18207866880
15931883520
28217548800
5184
1166400
1778112000
49601160000
2539579392
244944
103680
9
292626432
36288
137168640
1828915200
655360
81
184354652160
12697896960
1259712
11890851840
1354752
14702763600
4608
322560
31104
447897600
50409475200
60197437440
262193283072
90737055360
65028096
97542144000
4536
32256
38093690880
13722579360
290304
40310784
12754584
870912
46448640
52242776064
9
4374
72
5878656
3292047360
1771470
304749527040
648
56899584000
214990848
1037232
9
800150400
1088391168
52254720
31863767040
10369949184
483729408
26127360
81
26244
3344302080
58786560
15362887680
5184
78382080
81
145827410400
568865783808
33067440
166698
9
18432
96808320000
1270080
17340825600
81
1399680
648
1166400
1393459200
9
207398983680
5443200
31752
36126720
6772211712
14702763600
4608
314928
5103
18144
648
5103
9
10450944000
270888468480
10701766656
6553600
120982740480
5832
729
9
9
2939328
180033840
9
21168
5832
464486400
26244
9
48157949952
45722880
1254113280
9
39366
181398528000
6613488
103723200
36864
5832
68279500800
72
1097349120
189621927936
13168189440
81
359985378816
4374
632073093120
25194240000
5443200
8128512
22394880
7965941760
857304
16930529280
49601160
348364800
9
21163161600
193536
2857026816
248005800
275562
1492992
26885053440
9185400
729
864522499680
3969
197568
3780710640
9
967680
260112384000
21168
9
81
3252759552
648
4032000
82944
2286144000
390168576
81
11705057280
1105920
221184
4082400
6718464
43545600
31603654656
2160
36864
1926317998080
1434466962432
28805414400
251105872500
170698752
816480
18296772480
5184
746636341248
4389396480
7927234560
576
94478400
19752284160
8164800
648
19440
9
23514624
1469664
81
2926264320
75582720
55987200
1646023680
5268480000
483729408
614515507200
4536
648
81
102876480
27216
96018048000
5184
4536
877879296
1219276800
138915
107520
416353222656
24576
10924720128
4354560
53343360
95256000
9029615616
5184
227598336
7501410
216040608000
20736
9
13940398080
2675441664
52488
567
81
299649466368
510300
16003008
24192
9
5184
81
196644962304
124439390208
2488320
177770557440
1097349120
2508226560
3528
944111616
118540800000
34992
17010
4032
13063680
3600676800
514264826880
1102248
9
3292047360
1269789696
4608
1071630
22118400
217728
714256704
148176
39366
568995840
5225472
29160
36288
81
2877292544
69657034752
34836480
617258880
137749507200
365699432448
555660
4962182715
9
9
160030080
5184
154140672
1074954240
1066867200
6322176000
221184
12345177600
3333197952
1612431360
609638400
1224720
248832
18522
9
77157360
6561
207360
79361856
171460800
567
18670176
1574640
39504568320
76527504
196830
9
576
648
632073093120
81
93312
199148544
49766400
127008000
5832
6223392
9
24111675
5832
995328
131220
864360
1007769600
842764124160
151165440
5184
9
81
928972800
9
729
10450944
5184
14171760
152409600
34992
1024192512
405076140
304819200
117573120
27433728
2361960
193536
81
4536
9
417942208512
17146080
5184
141087744
3000564000
81
48771072
81
36288
274337280
526848
48988800
6172588800
18144
382205952
9
9
6858432000
81
222953472
29393280
8266860
1028764800
398297088
5103
97542144
115221657600
6561
576
244944
9
81
88473600
103680
36288
9
526727577600
9
81
120932352
1866240
5832
20575296
32256
729
992023200
2612736
46656
1679616
705438720
236196
2285621452800
193536
9
597196800
470292480
648
576
29160
169344
190512
60480
9
82668600
576
4445280
1348730880
3969
4032
71663616
6200145
34292160
2090188800
34566497280
43016085504
26453952
4032
5103
24192
576
3704400
9
426924691200
864162432000
648
2788079616
9
221276160
11890851840
81
67212633600
37933056
4423680
734832000
385698620160
1763596800
25082265600
5715360
729
9
1361367000
28224
9
648
35721
248832
9
81
2380855680
729
114307200
9
15676416
624974616
1244160
4032
576
464486400
2488320
114307200
4608
9483264
44442639360
174960
40461926400
9
352719360
76204800
729
5184974592
9
164602368000
5878656
81
81
524880
432
27648
30618
3024
1045094400
101606400
45722880
5184
9
34992
31752
3429216
3024
40824
2032128
432
77760
2250423
6718464
96768000
4032
167961600
60491370240
2016379008000
1679616000
32256
48771072
32006016
81
81648
729
43352064
907200
80655160320
225792
438939648
1800338400
1088640
119439360
128024064
877879296
342921600
23514624
13888324800
5832
20412000
35271936
23814
1999918771200
142884
81
15931883520
9601804800
1905120000
533433600
2688505344
6998400
74401740
3969
1791590400
9
9
15801827328
36288
209952
4374
30481920
4586471424
522427760640
512096256
72013536
648
5184
49380710400
5184
20575296
533433600
217728
1399680
204120
3888
36741600
16533720
72
645120
714420
47617113600
81
13332791808
9
81
1944
331776
17777055744
58060800
8571080448
1399680
653184
40327580160
266655836160
17635968000
6298560
979776000
5143824
1119744
19440
81
237027409920
122523030
1365590016
357210
514382400
9
225792
11287019520
1045094400
627056640
23147208
5184
146966400
635040
812665405440
104976
9
374561832960
2116316160
13335840000
14171760
5184
9
907200
9
90016920
9601804800
27216
9
1371686400
2654208
648
7779240
244944
9
5832
46656
195955200
40186125
219469824
13716864
7936185600
25719120
27216
405076140
333319795200
127008
9
5184
9
4064256
145152
6913299456
933120
151165440
10536960
729
5184
4608
8001504
1428513408000
123451776000
81
72253440000
688257368064
508032
81
1792336896
4133430
6967296
217728
37791360
72
1128960
5832
322620641280
209952
10160640
632073093120
1312200
46656
729
642105999360
77157360
27311800320
648
6561
10883911680
9
81
81
14929920
1806336
188956800
21233664
8890560
9
1679616
116121600
26244
1016487360
2380855680
1296243648
2116316160
324060912
146313216000
77760
151732224
729
9
50577408
3483648
194481
3456
15120
26127360
81
5267275776
21952
81
191182602240
4354560
2867200
81
67722117120
5832
193536
225792
4837294080
100352
2239488000
2539579392
648
193536
746807040
169344
107540213760
729
15288238080
266716800
1269789696
35721
23328
46656
81
169344
9
33868800
11202105600
5832
38407219200
5598720
2240421120
17360406
221184
648
13826598912
648
696729600
4032
5925685248
30618
846720
8817984
46656
62705664
648
197568
3888
729
477956505600
504
952560
41821194240
30618
5290790400
416745
720135360
9
265531392
933120
737418608640
79659417600
648
349985784960
729
68797071360
5040947520
19203609600
63489484800
190512
81
9
2834352000
81
9
85710804480
18289152
104509440
11757312
285768
22684263840
107520
35831808000
5184
328050000
514264826880
28005264
290304
317520
40131624960
5184
142884
109734912
279936
9
9
7201353600
21504
5334336
42998169600
307257753600
15173222400
12802406400
53747712000
1382976
229635
133358400
20160
2835
73156608
9
46656
279936
3674160000
54867456
4115059200
1354752
1218998108160
413343
81
370355328
648
9
142910862192
129654000
3240
1000188000
9
729
4536
46294416
2880541440
895795200
2249908617600
317447424000
600112800
31752
4536
5832
20230963200
2592000
7348320
5832
16665989760
553063956480
21168
893025000
5643509760
648
38093690880
648
66679200
576108288000
73156608
81
45927
4800902400
23808556800
4572288
15801827328
18966528
6530347008
10534551552
4762800
81
31863767040
7348320
92588832
12502350000
109350
29160
3810240
81
225792
1837080
47029248
7962624
1913187600
1032192
9
576
1990656
1469664
36864
1322697600
237027409920
5832
161280
4444263936
92588832000
18063360
9258883200
90720000
7902720
367416
50409475200
28901376
393660
3645
1653372
1469664
123480
49787136000
885901518180
8026324992
5714053632
729
266716800
114688
48384000
6220800
7715736
5462360064
22394880
3225600
4536
304819200
42326323200
46656
238878720
762048
4536
1400263200
1984046400
1919922020352
5486745600
2341011456
2710632960
80621568000
1244160
60466176
28449792
1371372871680
559872
81
4536
576
5184
987840
8193540096
783820800
71124480
43698880512
367416
14511882240
21946982400
81
192631799808
243855360
342921600
8294400
3402
23808556800
82335476160
30618
514382400
9953280
421382062080
716636160
101583175680
16930529280
1133740800
27648
2469035520
9
7715736000
729
23814
1632960
91854000
5806080
9
648
2880541440
280052640
8573040
672126336000
39680928
31104
36288
933120
967861923840
11757312
424673280
100800
9
921984
119489126400
648
181440
149361408
207360
640120320
25082265600
29132587008
5080320
846720000
60963840
9
9
12002256
22856214528
27216
19595520
5160960
2926264320
9
1028764800
6858432
20321280
174960
19203609600
214035333120
38707200
9
7407106560
146966400
896168448
23044331520
940584960
9
599975631360
576
960180480
35271936000
2057529600
9
729
290304
599975631360
8266860
101583175680
2880541440
9
398131200
294912
3793305600
8401579200
46656
642105999360
81
729
5806080
1694145600
72236924928
604661760
257132413440
1161216
59744563200
63207309312
6772211712
569232921600
9
81
81
113374080
81648000000
5878656
423263232000
31752
32920473600
4608866304
729
46294416000
729
237081600
1417176
28677390336
273118003200
9
17920
30618
5184
9
2688505344
2133734400
46656
9
1568294784
7962624
81
729
752640
4353564672
42343959168
39366
81
4032
9957427200
2646000
17923368960
7142567040
526727577600
30725775360
737418608640
9
9
25719120
321489
4536
10113169489920
7741440
1866240
190512
81
81
395045683200
289013760
45722880
81
1032386052096
290304
1143072
72
278691840
55553299200
81
141557760
7620480
438939648000
5761082880
2090188800
11287019520
2834352
145827410400
270888468480
729
421382062080
47775744
3528
1128701952
26671680
2963520
30005640
979776
23328
472392
567
5143824000
23514624
1714608
71124480
648
37507050
81
7144200
2090188800
6123600
40642560
189621927936
1469664
28224
14580
518497459200
1270080
531441
224042112
209952
4232632320
9
294967443456
604800
47029248
1959552
317520000
34992
20736
151165440
40824
729
24494400000
1866240
81
81
75582720
29172150
516193026048
32659200
88905600
4608
1037232000
207360
8164800
3333960
81
17557585920
214326
3136
181440
5925685248
658409472
5832
12541132800
124467840000
9289728
81
648
81
3072577536
74317824
52907904000
447897600
4608
14224896
46656
150994944
9364045824
648
358318080
2006581248
70858800
31752
4536
107495424
278691840
9
144506880000
3982970880
382725000
290237644800
5184
1045094400
10160640
604913702400
136048896
6561
120846286848
177770557440
9
8164800
13547520
81
81
175575859200
275562
5103
32651735040
5334336
81
16003008
648
864162432
680400000
56700
1720643420160
81
4536
4180377600
5511240
2116316160
8778792960
120960
282175488
504
3969
777924000
3528
729
2312110080
72
2250423
3888
269746176
42467328
178605
204120
81
4374
1204224
120932352
68812800
22579200
28224
81
5184
1306368
8398080
9797760
45722880
31116960
81
1161216
7169347584
78121827
5184
14002632
31104
108045000
2116800
1679616
1728324864
5000940
23514624
44442639360
13436928
952342272
17360406
871075731456
9
308629440
4608
729
3888
81
81
154314720
38896200
37933056
9
5573836800
5832
22044960
9
4032
3645
72
9
987614208
360067680
44089920
8709120
576
192036096000
81
13276569600
43545600000
8323596288
648
214277011200
254016
50388480
9
130636800
729
1410877440
25719120
648
87397761024
81
36288
27648
91039334400
34292160000
2149908480
29393280
4536
169344
47029248
86400
54867456
3919104
4032
2688505344
81266540544
81
48009024
1200225600
731566080
8857350
648
18207866880
56435097600
9
893025
164670952320
81
512
158760
36288
204205050
194436547200
81
531441000
729
370355328
165150720
8571080448
5334336
4115059200
35389440
352719360
648
4644864
2351462400
1011316948992
9
14929920
440899200
11022480000
26244
729
1693440
81
1088640
33861058560
40967700480
112917224448
19025362944
512
81
172032
266716800
609638400
17006112
3969
60989241600
1244678400
40310784
907200
648
4536
225792
612220032
3149280
11252115
31752
144027072
160030080
35831808
92876046336
1088640
5120962560
4032
729
56646696960
36870930432
2592
8641624320
146966400
137781
2322432
1224720
2500470
1620000000
29160
1037232
275562
31104
800150400
72
5832
81015228000
836075520
1837080
497757560832
635040
81
28576800
2720977920
928972800
81
480090240
19516557312
27993600
127008
154314720
729
1244160
30481920
6561
399983754240
3265920
3872332800
2090188800
7620480
24690355200
6096384
244944
14797504512
9
6944162400
2675441664
59049
6481218240
76473040896
81
94058496
93640458240
115221657600
49997969280
24192
263363788800
1080203040
975421440
580475289600
1088640
12002256
186624
20575296000
96018048
2520
4389396480
4536
4032
20160
32805
81
648
522427760640
4335206400
20412
139968
1920360960
648
168552824832
5225472
729
9103933440
2857026816000
88179840
9
3528
2212761600
81
816480
846720
9
26453952
10668672
193536
9
9
98018424
179159040
14880348
2322432
41472
640120320
38578680
1714608
4536
1161216
5038848
5184
1066867200
12899450880
40824
41803776000
1037232
9
1306368000
6531840
197568
11022480
31752
36870930432
72
9
9
15431472000
455196672
81
5852528640
129024
81
1333584000
96018048
7468070400
9
651015225
81
11668860000
17836277760
298722816000
4253299470
729
4536
81
340122240
204120
648
231472080
640120320000
102852965376
32256
28224
9
4374
34992
5832
38578680
7054387200
14171760
254803968000
5832
765450
1302030450
476280000
5103
41472
81
4608
504094752
2400451200
9
9144576000
796262400
648
93350880
146313216
47048843520
74317824
6858432
119070
493807104000
15240960
41287680
59521392
2239488
1224720
24192000
285768
302330880
81
9
470292480
62426972160
81
9409768704
16307453952
30481920
8164800
790091366400
729
22861440000
395045683200
5184
66134880
63207309312
147483721728
3687936
91854000
209018880
504
576
266655836160
81
57868020000
81
28934010000
419904
4723920
1406192886
4320812160
27216
134369280000
161310320640
81
81
5184
5832
70230343680
81
3809369088
874800
365783040
83329948800
36288
27216
3762339840
9920232
1451792885760
19752284160
280052640
217728
52254720000
130056192
5668704
5184
729
36288
1161216
81
5832
83607552000
907200
217728
27648
24192000
330812181000
20003760
5184
152946081792
9
5143824
76204800
285768
648
326592
540101520
7838208
567
130606940160
52488
190512
225792
81
36303120
46656
36415733760
190512
52509870000
121927680
204120
27095040
9
47048843520
81
24690355200
59719680
20321280
576
12093235200
86032171008
5832
967680
262440
181440
186624
24696
3048192
7620480
1020366720
2232052200
87091200
34992
45519667200
729
998831554560
81
20736
9
40824000
10754021376
139968000
81
729
221184
81
714420
846526464
68584320
53343360
108045
81
1333279180800
46656
36870930432
36288
442451165184
58786560
19840464000
9
1306368
522547200
1858719744
31104
81
209952
2389782528
81
3715891200
4536
1259712
50388480
164602368
10077696
9
1574640
3869835264
2286144
