81
1119744
81
9
51849745920
648
29160
3919104
648
279936
21073920
9
438939648
23224320000
49601160
444528
32920473600
1428840
8605184
31752
3024
17557585920
780337152
648
1016064
22226400
209018880
14696640
19051200
839808
1037232
470488435200
145152
16131032064
229635
783820800
26244
84652646400
10838016000
14224896000
2893401
193491763200
7558272
576
293932800
290304
648
246903552
1792336896
46088663040
81
355622400
376233984
9
284497920
567
10032906240
6827950080
34139750400
1587237120
81
16588800
203166351360
251942400
34992
9
90720
226748160
23814
290304
4232632320
330674400
148635648
7841473920
3072577536
81
81
24192
81
2380855680000
290304
28224
31104
81
93640458240
5832
27869184
64512
156764160
81
9
5184
32514048
11197440
501854330880
567
576
11110659840
23814
81
81
4032
34992
300056400
1128960
5832
321489
78382080000
836075520
12960
10628820
2880541440
72
648
729
22574039040
1620304560
743178240
19349176320
78382080
75246796800
81
5184
81
1612431360
17781120
1555848
86032171008
7169347584
108020304000
1843546521600
729
238878720
1016064000
81
84276412416
395045683200
81
31104
734832
81
158054400
24690355200
5120962560
248832
1837080
914457600
648
182849716224
143386951680
5443200
734832
297271296
49172480
9
1469664
184320
105840
38102400
9601804800
73483200
4199040
296284262400
9
28224
6561
25920
81
5832
81
7558272
142884
406425600
462422016
729
9
211631616000
411505920
67212633600
3135283200
737418608640
9
248832
31752
648
504
6913299456
29160
178362777600
648
1100753141760
81
426746880
373318170624
109734912
4182119424
9
81
112896
438939648
296284262400
17640
36288
31104
39813120
7561421280
278691840
190512
979776
729
49766400
250047
58786560
81
81
209018880
661348800000
1493614080
580608
729
9
4976640
1360488960
338610585600
10716300
729
48372940800
36279705600
14580
280052640
9
81
6531840
169344
330598817280
1102248
3024
25920
1061683200
4536
81
128077407360
29859840
12902400
6773760
81
195084288
29628426240
156243654000
648
1926758400
52672757760
576
571536
648
1734082560
1097349120
31752
53331167232
60466176000
31104
81
325140480
3969
9364045824
4938071040
5184
79361856
218494402560
1185408
158054400
38102400
9
1200225600
48988800
5443200
141120
85349376
3810240
16387080192
567
50803200
806215680
139968
114307200
11063808
277766496
4353564672
1504935936
16203045600
4665600
4064256
8401579200
2380855680
677221171200
18003384
31752
1016064000
30618
25719120
190512
195084288
5832
813189888
190512
4354560
10838016000
9
4536
81
81
4665600
81
3136
141087744000
9
9
1600300800
31752
21337344
9
9
98018424000
53747712
5184
955514880
648
5103
6696156600
31752
486
4536
8398080
671846400
181440
28224
612360
4741632
3402
55987200
9
2667168000
81
1143072
648
193536
177811200
321489
648
27525120
152374763520
5832
9
16387080192
7900913664
729
5832
150528
5832
78382080000
3034644480
1143072
5832
13442526720
127008
648
640120320
13655900160
2520
796594176
81
275562
62497461600
91445760
16796160
327741603840
129024
2592000
1567641600
3981312
31104
23328
9
63700992
1300561920
870912
7965941760
26873856
4032
36288
27216
160526499840
6967296
16329600
4572288000
1333584
928972800
729
23147208000
5184
5184
9
840157920
25515
163296
9
23328
352719360
81
81
11757312000
3318383738880
504
729
4267468800
9
1259712
34992
20910597120
374561832960
12802406400
864360
37324800
40824
9
648
193572384768
21163161600
2007417323520
208324872
4536
50388480000
9
33067440
36288
43698880512
72
9
729
524880
2419200
42674688000
5714053632
87091200
9
17418240
44089920
6561
241864704
6584094720
10628820
22226400000
9
8680203
36870930432
426649337856
27433728
9175040
648121824
193536
31104
81
1469664
61725888
734832000
696729600
233280
546236006400
9
1500282000
494012856960
81
16257024
46820229120
786579849216
4592700
3969
3072
418037760
1394039808
576
3969
387072000
156764160
576
685843200
8297856
483840
71124480
174182400
619315200
49161240576
648
5832
48393096192
1152216576
82301184
72
540101520
5184
6429780
462944160
26011238400
653034700800
32614907904
9
24385536
6350400
20412
129600
256048128
995328
14817600
2222131968
112021056
1045094400
3969000
204120
4320812160
14338695168
6667920
68584320
39366
1679616000
870912
729
22574039040
729
81
30725775360
2040733440
13063680
3136
64012032000
9
1152216576
1451792885760
181440
35554111488
487710720
729
81
9335088
217728
20160
84276412416
648
9
617258880
17635968
233280
81
7558272
14450688
150528
6251175
418037760
35721
4354560
9
4536
571536
35721
21337344
183708
36288
118098
790272000
85349376000
20575296
81
17777055744
136080
17788528800
12754584
4082400
92177326080
1451520
491612405760
22680
65028096
2091059712
352719360
9189227250
172032
81
729
648
81
1062125568
81
10241925120
16934400
1354752
7315660800
541776936960
12541132800
20412
648
123451776
27216
207398983680
320060160
5184
108380160
181440
34139750400
81
57802752
34992
648
19595520
9
3969
1354752
45148078080
537477120000
648
61451550720
4536
9
12039487488
365783040
165888
32920473600
870912
81
9
9
2177280
163296
1316818944
26885053440
648
146313216000
9
995742720
11022480
122903101440
4877107200
3982970880
871075731456
466754400000
326592
135444234240
81
82959593472
3174474240
3528
81
729
209018880
729
8230118400
3810240
81
13063680
150028200000
20321280
245806202880
4536
31104
105815808000
50388480
58084992
68307950592
648
5184
4536000
43563744
7739670528
22759833600
4374
254016
388873094400
2449440
105840
5419008
146313216000
89616844800
81
81
368709304320
1354442342400
12499492320
81
15362887680
648
4335206400
11851370496
5832
9
36288
9
9
19752284160
127008000
529079040
110224800
9
204120
81
3734035200
418037760
2204496
241864704
63
9
285768
729
166698
1161216
58773123072
41664974400
81285120
2211840
6667920
829440
35562240
181440
9
25719120
12899450880
401316249600
9
43893964800
290304
15362887680
1058158080
45722880
164602368
28224
82959593472
472392
24192
10160640
244944
27776649600
1706987520
6126151500
600112800
161280
81
4032
290304
66679200
17640
648
41821194240
20901888
1620
320060160
1440270720
3674160
11664
874800
648
4536
293932800
28224
5832
1322697600
76204800
735138180
325066162176
81
9
156067430400
6773760
41803776000
6881280
44442639360
729
149299200
6145155072
60197437440
11612160000
548549148672
699840
648
2645395200
56184274944
14402707200
146966400
740880
653184
2380855680
21609
6501323243520
72
1327104
4644864
66663959040
81
6936330240
874800
9
376233984
11059200
15116544000
4515840
34720812000
489888
5832
4536
21952
24696
285768000
3175200
589824
41472
222264
1733686198272
10973491200
36288
391910400
4082400
40967700480
11573604
438939648
11430720
648
130056192
81
81
3402
158760
4536
485543116800
8465264640
81
34720812000
729
81
72589644288
9
169344
32256
30346444800
72
6858432
293932800
10883911680
263363788800
81
283115520
4536
9
3969
9405849600
162570240
5184
81
35721
6858432000
96018048
60480
133327918080
2799360
891813888000
31752
729
32659200
864162432
46656
23328
142248960
52488
609499054080
4608
6561
9
1651129712640
648
35271936
839808000
45927
8360755200
117573120
9
81
3251404800
311040
153090
9
60466176
48157949952
9
9876142080
211631616000
81663349824
1959552000
535088332800
1143072
3870720
762048
31603654656
5184
17360406000
576
21163161600
186624
576
45927
276531978240
183708
729
6220800
762048
36578304000
729
17781120
163296
4032000
31352832
22680
19906560
559872000
241965480960
787320
9
81
731566080
4032
859963392
321489
6967296
8398080
279936
8573040
81
4199040
163296
5103
195955200
39366
504
576
1234517760
41472
486
1316818944000
71108222976
9
705600
7407106560
11612160000
5103
131220
31752
2099520
22674816000
255197968200
576
729
648
297606960
9
9
105815808000
46448640
3292047360
217728
107495424
12947816448
22861440
4032
26127360
144027072
907370553600
576
576
1944
42674688
244944
729
67184640
4147200
10534551552
2560481280
45927
1837080
77414400
81
4032
438939648
1653372000
9
816293376
193536
81
4608
325140480
9
4032
9
290237644800
25092716544
729
592568524800
729
2150400
752781496320
548674560
4536
40327580160
20253807000
9
248832
3981312
57076088832
270050760
1074954240
3174474240
5080320
504
648
13934592
28449792000
3186376704
9
41472
2239488
790272
9
9
1714608
97542144
723350250
23814
172832486400
9
5925685248
729
75582720
15680
72013536
10978063488
6967296
1049760
457228800
5832
7348320
1290240
81
57153600
74071065600
729
36288
504
179992689408
3853516800
414797967360
3174474240
26754416640
81
44789760
183708
9
648
1161216
6122200320
9
155520
5103
104976
139968
222264000
14402707200
444426393600
6635520
3292047360
34398535680
42326323200
4536
32256
9
21168
225792
4233600
233280
194481
23328
714420
75246796800
648
9
6561
9
94810963968
81
27216
4032
568995840
19595520
592568524800
10973491200
9
5184
10081895040
8465264640
81
2592487296
99202320
45927
17146080000
9
729
133358400
142884
81
5832
2488787804160
10886400
677376
81
81
45722880
9
81
640120320
204838502400
9144576
158760
4232632320
21609
648
1451520
672126336
5184
22680
26244
29998781568
112917224448
51438240
6721263360
648
9
889056
1310966415360
792723456
5832
126023688
40310784
9
13888324800
30725775360
9
98761420800
2286144000
564350976000
9
256048128
34992
729
285768
258096513024
4115059200
497871360
6561
8571080448
23514624000
159252480
576108288
648
69148800
6348948480
857465173152
86416243200
5103
1224720
669615660000
576
32262064128
81
155520
3969
290304
207360
28092137472
308629440
32256
127575
13063680
81
4032
729
2195200
15240960
537701068800
612360
729
81
181474110720
94058496000
81
11573604000
1333584
19595520
2916
136105583040
878080
68052791520
24696
85030560
81
3319142400
127031877504
78382080
3527193600
8599633920
5832
416745000
1146617856
31104
75866112000
18144
1161216
705438720
9
18063360
54867456
648
2247370997760
1071630
31213486080
145800
507915878400
165957120
677376
45349632
18003384000
95551488
31752
69132994560
9
725760
9
81
10749542400
99090432000
1706987520
73156608
28229306112
190591380000
32768
12541132800
13934592
4723920
576
106168320
604800
61917364224
165919186944
5832
211631616
265420800
52488
914457600
4374
137168640000
9
9
222264
793618560
81
4608
16464
59719680
17915904
9
1587237120
2267481600
512
16257024
3149280000
13826598912
68040
4682022912
4374
35846737920
1040449536
3456
6561
106686720
884902330368
119995126272
648
326592
27216
97542144
864162432
729
37035532800
576
768320
1632960
9374619240
9
211631616
11110659840
209952
51438240
81
992023200
376233984
2508226560
3499200
311169600
129024
79361856
9
9
9069926400
9
1259948825856
729
4976640
567
1851776640
61725888
41334300
81
290304
225792
40824
81
146313216
729
235146240
5184
22044960
576
81
18432
355541114880
47029248
77774618880
576
8817984
5248800
4000752
378071064
1463132160
648
4608
24192
3528
10450944
729
37639074816
127008000
705438720
729
4390400
81
2380855680
1269789696
35721
7559692955136
219469824
1474837217280
81
635040
32805
4608
23814
9
81
729
90016920000
34992
81
585252864
150556299264
9
1493614080
1037232
1128701952
1469664
7560000
268850534400
729
81
21233664000
8297856
40824
58549671936
26022076416
9
57802752
870912
7900913664
729
7257600
3240
244944
222264
34139750400
10668672
181515600
1049760
166698
40320
16128
81
1872809164800
16859136
20316635136
1666598976
19906560
1410877440
1088640
260406090
685843200
9
40824
1166400
60466176
31863767040
648
362880
81
81
1851776640
70543872
1244160
27216
5103
16934400
27783
9
10077696
3903311462400
9
5184
3087
5832
3779136
444426393600
18517766400
263363788800
81
2314720800
486091368000
564350976
81
9
544422332160
78382080
4374
5668704
6998400
9
14515200
2508226560
2834352000
10077696
40824
86704128000
81935400960
88179840
25288704000
4608
474054819840
6913299456
3200601600
290304
5080320
9
871274880
39680928
984150
148142131200
729
167215104
41472
27433728000
38880
46656
23044331520
567
81
81
9
330674400
17418240
81
3840721920
81
5016453120
95681250
20736
2939328
36741600
644972544
81935400960
31248730800
244944
7001316
37933056
1498247331840
17920
2267481600
622080
9
508032
6944162400
576
5184
483840
18144000
81
21772800
8128512
16796160000
284497920
69672960
576
85349376
5804752896
40824
8890560
648
4032
564480
648
16595712
1016064
2322432
203212800
729
4064256
13063680
9
134456
31104
592704
5079158784
576
13655900160
72
78382080
1170505728000
81
20739898368
967680
648
141087744
27648
576
1020366720
568995840
57802752
571536
987614208
9
5904900
292626432
1410877440
4166497440
25194240
20483850240
71693475840
627056640
2090188800
418037760
190512
5184974592
476280
663676747776
129024
18289152
11340
200658124800
13716864
1755758592000
81
279936
175575859200
62219695104
1500282000
25194240
489888
2560481280
42674688000
27216
918540
6220800
421382062080
2540160
462944160
248832
8398080
9
13377208320
81
158723712
9
1327656960
81
17777055744
37340352
81
9
25719120000
4644864
3969
225792
31104
83980800
18728091648
126978969600
6348948480
11522165760
480090240
307257753600
4032
6561
10668672
5832
1911029760
72236924928
4032
81935400960
81
5184
5143824
201637900800
725594112
9
691329945600
29393280
137781000
146966400
903168000
158760
10319560704
20739898368
71663616000
3386105856
81
36864
1763596800
5832
17146080
57153600
258048
529079040
4608
5292994896
648
1185408000
1032192
200037600
551124000
1003290624
5598720
165888
3429216
81
108864000
192036096
3402
145152
79009136640
68584320
445906944
952342272
729
3704400
7144200
17920
29160
37933056
9999593856
177811200
1161216000
729
5184
244944
648
6193152
81
729
729
8641624320
1254113280
1680315840
648
73483200
148176
7777461888
373248
4374
244944
1219276800
204120
48393096192
11573604
39016857600
187492384800
88179840
12859560
2304
1714608
81
4335206400
5290790400
3175200000
6348948480
1706987520
216040608000
5761082880
5267275776
30618
217728
270888468480
4536
159993501696
24690355200
33868800
161280
148176
46088663040
12602368800
648
79009136640
190512
5184
15120
617258880
81
81
612360
4200789600
4608
9
86032171008
32256
145152
526947047424
120960
379243855872
487710720
62426972160
11757312000
122472
81
576
171460800
15049359360
3072
66663959040
169344
729
367416
5832
435637440
190512
24690355200
279936
128595600
190512
158018273280
35271936
12290310144
21604060800
2835
12039487488
81
52488
7464960
34992
9
2257403904
9
430160855040
58060800
648
4536
9
45927
90296156160
1511654400
40824000000
3888
10160640
4551966720
81
729
96018048000
9
10581580800
12192768
16665989760
81
5227649280
857304000
69672960
157529610000
729
4741632
304819200
222213196800
1088640
634894848
23328
1371686400
1128701952
178605
677376
3628800
637875
5832
1097349120
13716864
4939200
58786560
197522841600
567
9
13226976
81
5103
6561
34992
3402
11520
14269022208
576
2800526400
752640
81
225792
18003384
1741824000
206391214080
629145600
169344
14814213120
5832
438939648000
4013162496
81
3641573376
429981696
315059220
5832
729
21676032
7561421280
20412
9
148176
32256
2646
32256
32256
6638284800
217728
36864
21069103104
746496
9
729
762048
337486292640
9
244944
81
166698000
746807040
9
81
9
35444162250
370509642720
9
225792
33718272
729
4608
552960
2438553600
12962436480
504
18370800
5000940
40633270272
156764160
128024064
1088640
1224720
714420
169344000
32659200
3240
75866112
609638400
81
648
423263232000
533311672320
1881169920
816480
21073920
168552824832
26873856
5184
666792
81
1741824
1088640
81
537477120
1143072
729
20736
105345515520
17146080
2821754880
53343360
470292480
3919104
15288238080
2540160
17006112000
334430208
11197440
2000376000
729
384072192
884902330368
9
34398535680
81
5184
81
81
699840
84652646400
81
7618738176
5103
5184
9
9
5401015200
105815808
1000188
81
3969
1092472012800
28449792
127575
274337280
96446700
552960
220449600
571405363200
15606743040
46656
164602368
514382400
225740390400
81
12192768
9
24084480
583443
81
9
2204496
13127467500
839808
5643509760
98784000
32256
22044960
7348320
70543872
216760320
163296000
188116992
4536
4032
3097866240
653184
156764160000
81
65868380928
594542592
6858432
9
518400000
124994923200
103680
192036096
9
81
2194698240
9
3402
4032
209952
81
576
15120
40967700480
648
168031584
9
2160406080
2540160
36288
19203609600
10886400
9
61725888
15676416000
102419251200
726062400
9
24696
150528
9144576
15479341056
28224
2764800000
2430456840
254016
9
81
9878400
81
16329600000
72
26542080
1934917632
37340352
56010528
729
4536
207360
9
3402
119489126400
155520
39191040
150528
266655836160
178362777600
740880
4536
49941577728
889056
9185400
81
5511240
9
510395936400
270950400
1185408
15049359360
81
8266860
24494400
81
533311672320
7434878976
5974456320
33756345000
21946982400
388873094400
75246796800
729
836075520
81
47029248
376233984
176359680
209952
66663959040
9
2688505344
18063360
1119744
213324668928
18144
31352832
225792
9
36864
39191040000
81
23410114560
3584673792
81
3511517184
198404640
9
351151718400
81
25401600
256048128
9
4682022912
174960
9
286654464
765450
256048128000
186624
460886630400
729
48988800
30481920
81
31752
9
708588000
22574039040
617258880
18059231232
9
6096384
11428107264
252829237248
3870720
181440
5184
2160406080
186624
1016064
81
3870720
306110016
567
28672
729
900169200
671846400
1428840
7620480
1157360400
21946982400
81
648
12700800
10581580800
2275983360
257989017600
20901888
1097349120
17557585920
55566
19349176320
116688600
61440
3265920
29160
58786560
2041200
2821754880
7001316
250822656
8573040
729
40824
503884800
22574039040
16464000
3096576
990904320
199991877120
648
124416
81
7618738176
81
933120
648
31752
145152
30481920
118513704960
200884698
729
54419558400
1161216
1492992
25401600
5443200
21163161600
28217548800
2612736
5184974592
27648
92160
105815808
273118003200
81
1200225600
699840
14402707200
266716800
9
921773260800
5832
222264
152374763520
5419008
100818950400
329204736000
81
995328000
3188646
4032
368709304320
16796160000
1672847769600
4608
35721
836075520
1161216
648
967680
648
31352832
17856417600
6122200320
560105280
50164531200
17777055744
1659191869440
780337152
178605
46656
1049760
468202291200
266716800
9
979552051200
49380710400
193536000
59049
1016064
29160
1254113280
226492416
5103
5184
345664972800
38578680
73741860864
1536288768
1111065984
142884
9217732608
81
32256
81
9
1102248000
9
22504230000
1089093600
3086294400
5103
36006768
62219695104
8506598940
181474110720
604800
8294400
81
4096
9
648
25920
18895680
806215680
346816512
729
169305292800
181398528
3901685760
833490
146313216
558013050
4608
129024000
81
50803200
47405481984
231211008
595213920
4667544
9
6298560
2508226560
20639121408
14511882240
81
91424858112
2700507600
56010528
17635968
9
72913705200
3600676800
4976640
81
486
19595520
2488320
3024
729
9
26336378880
648
8128512
999959385600
5120962560
1269789696
384072192
27783
182891520
302456851200
720135360
169344
28098560
5143824
11428107264
816480
45741931200
3485099520
186624
34992000
1574640
2709504
72831467520
334430208
9217732608
285768
7558272000
9
9876142080
36288
81
29160
30481920
72
6348948480
4515840
40824
30098718720
46656
81
90720
645120
9
9
224737099776
3456649728
823011840
88885278720
81
204120
9
2000376
46656
81
20575296
58786560
15002820000
3657830400
192893400
4536
5832
6531840
40824
40824
130636800000
132120576
423360
105859897920
9
63504000
10160640
12192768
7348320
9
24385536
181440
14171760
504
41803776000
271904145408
3657830400
5832
2032128
34720812000
69132994560
235146240
987840
9
8398080
112870195200
36288
9
81
1905120
5103
576
204120
1166400
9
9258883200
3511517184
46656
19289340
40824
6479736818688
6096384
9
52907904
2786918400
376233984
729
1259712
156764160
846879183360
235146240
355541114880
77157360
4536
4608
248832
81
39504568320
10890936000
11522165760
419904
1778112
161280
60466176
183708000
384072192
432081216
197568
23410114560
5952139200
648
9
43370127360
4536
2857680
5248800
195084288
3673320192
81
89579520000
13226976
650280960
5184
3528
3822059520
2799360
529200
3969
8497004544
373248
37933056
248832
13436928
21168
365783040
244944
729
474054819840
9
34012224000
1097349120000
9
141087744
345664972800
729
3344302080
41472000
1016064000
829595934720
5832
35846737920
2835532980
9
81
128994508800
21168
9754214400
84276412416
81
190512
13544423424
1428840
5000940
27216
49545216
244944
81
172872
132269760
567
36288
34836480
155520
151228425600
548674560
9
9483264
148176
98784
24192
878080
25088
36288
567
367416
264539520
28343520
1399680
826686000
9
9
1219276800
9
2080899072
159993501696
343985356800
81
109734912000
30481920
81
3583180800
3024000
1935723847680
987614208
4032
217728
2438553600
249989846400
55306395648
729
34292160
648
4536
252047376
1474560
648
677376
81
33606316800
39366
4862025
45927
130636800
773967052800
92897280
9
1259712
56010528000
7681443840
284497920
648
28224
197568
9
11851370496
729
120960
3292047360
705438720
262549350
2022633897984
3600676800
1934917632
9
2023096320
576
106686720
870912
165919186944
244944
116640
1306368
21168
138240
81
81
518400
476369540640
1926317998080
648
648
181515600
9
36288
81
5143824
787320
729
8128512
3809369088
139968
746807040
81
41472
9
4536
4354560
385698620160
5184
81
52907904000
17635968000
385786800
752467968
14814213120
4199040
600112800
39680928
59719680
38093690880
9
1185408
612360
1653372
9
4644864
229635
163296
548674560
31752
648
243855360
729
3657830400
190512
1157360400
729
186701760
17496
34292160
839808
385263599616
1161699840
10001880
4096
41472
6046617600
28224
9
108864000
0
11809800
2016
81
1344252672
568995840
284497920
23328
81
1306368
9
36578304000
2721600
81
127008
1045094400
311098475520
14511882240
22504230
4877107200
209018880
914457600
729
122903101440
9
153090
74680704000
14402707200
648
81
1007769600
1264146186240
22579200
338610585600
2667168000
4286520
81
81
4286520
16325867520
5184
3969
4032
987840
27216
17856417600
9
12754584
5832
499979692800
31104
27653197824
2419200
109734912
128024064000
11340
24196548096
2408900788224
118908518400
81
81
3951360
5925685248
3888
210691031040
6298560
453600
30481920
196830
32413500000
1209827404800
952560
28772925440
57076088832
2612736
81
8062156800
762048
31752
677376
222264000
7838208
1658880
120982740480
34566497280
9
21163161600
5878656
25088
222213196800
661348800
648
426746880
45722880
23328
36006768
92177326080
186624
25920
81
5160960
5038848
81
1146880
5143824
1463132160
504
169344
13377208320
648
81
117573120
571536000
32920473600
648
40824
126978969600
30481920
31752
31752
2777664960
5184
23040
21432600
9
3483648
497871360
25920
24192
2032128
648
3456
1600300800
2985984
729
213324668928
5832
729
810152280000
133358400
127455068160
1306368
576
61725888
95256
3359232
241864704
236196
235146240
129624364800
6561
81
9
45927
73156608
9
17496
9
729
5832
81
6718464
4536
3840721920
370355328
940584960
432261249840
877879296
5832
59049
248832
635040
15431472
9
1524096
2064384
5103
9
233280
2048385024
729
4032
145152
17280
8670412800
648
729
8918138880
6967296
81
440899200
9
31752
5804752896
682795008
4445280
190512
5184
111476736
6858432
45927
6858432
166698
3571283520
290304
32406091200
5184
2903040
24576
2624400
9
576
5832
648
81
132269760
571405363200
45148078080
9029615616
846720
1316818944
4374
4837294080
41821194240
81
40824
330598817280
81
755827200
9
9
142248960
116640
321489
32256
3556224000
2016379008
6350400
1410877440
729
15240960
81
294912
823011840
6772211712
52488
250822656
4515840
486
81
110638080000
32659200
729
146313216
1106127912960
4608
56010528000
1904684544
1088640
4032
20744640000
2322432
9
367416
29859840
729
11522165760
36288
416649744
3584
10450944
729
2000376
3888
9289728
13271040
468838125
893025
222264
130056192
40967700480
9
81
3809369088
7900913664
140460687360
6223392
367416
32256
64512000
87480000
576
5159780352
1524096
1097349120
711082229760
1224720
1959552
4762800
1646709523200
81
2116316160
576
731566080
12754584
34139750400
576
4608
116640000
5832
1700611200
354294
98761420800
9
873977610240
47029248
51849745920
73156608000
68584320
145152
102060
23897825280
4286520
1567641600
720135360
1399680
326592
2940552720
9
9
18728091648
7315660800
5103
9
4032
11022480
9
1741824000
1469664
1613103206400
1492992000
81
2949674434560
162533081088
9
171460800
209952
36288
60197437440
580608
5832
15431472
62705664
5103
14929920
156764160
5184974592
1771470
373403520
8001504000
729
5643509760
48988800000
81
81
8751645000
1580544
35721
178605
729
2222131968
3048192000
3096576
105019740000
648
81
3792438558720
31104
2286144
166698
2743372800
81
576
650280960
1646023680
81
19046845440
171992678400
158054400
81648000
648
5184
870912
5080320
531062784
967458816
2799360
1190427840
24385536
983224811520
870912
9
12644352
5468527890
64
119070000
546236006400
23514624
668860416
4608
592704000
317579693760
129600
136080
28576800
5000940
233323856640
23708160
150028200
31104
153090
51849745920
5832
37456183296
133327918080
100776960
204120
432
14224896000
940584960
116640
806551603200
648
6172588800
7779240
648
38880
3024
81
11854080
40327580160
261273600
325066162176
580608
1120210560
65548320768
39191040000
27648
108020304000
9001692
8193540096
162570240
933120
103195607040
81
1306368
22394880
81
3292047360
304749527040
3224862720
648
1147095613440
2579890176
4608866304
141087744
27216
8001504
145152
40824
1146617856
81
405076140
1143072
425250000
9
2571912
4374
37035532800
3528
3200601600
97542144000
7620480
135025380
81
725760
300987187200
13060694016
3888
131096641536
1377810
9
928972800
209018880
4536
9
6561
3888
15122842560
26873856
109734912
2352442176
4608000
729
280052640
7715736
209952
1161216
9
2720977920
918540
5143824
3612672
62705664
26553139200
6298560
514382400
32256
9
9
541900800
9
104509440
1791590400
204120
3292047360
4096
9
39697461720
4898880
5038848
81
9335088
9
185794560
39366
81
18144
9
119995126272
5832
138240
648
311098475520
2177280000
9797760
9
20575296000
326592
9
20407334400
1143072
72
290304000
489888
4374
174795522048
27005076
979776
5715360
2592487296
81
648
368709304320
729
367416
983224811520
70013160
167284776960
95659380
81
34566497280
8128512
181398528
254016
648
493807104000
4000752
6348948480
6531840
314928
2962842624
123480
352719360
9
4444263936
4939200
729
211631616
3175200
143360
30618
1045094400
729
307257753600
27783
8294400
146313216000
16257024
9
126023688000
9
91833004800
52488
1959552
21168
752640
9
34992
314928
52254720
175616
34992
648
387072000000
246903552
2962842624
746496
5186160
73741860864
38707200
15682947840
27433728
2890137600
3528
1714608000
1451520
5248800
729
22044960
17146080
9
17635968
81
25004700
3888
2341011456
81
31104
81
81
5832
384072192
33592320
36288
80655160320
14285134080
31603654656
138265989120
768144384000
10450944000
9
576
199148544000
81
2926264320
210739200
81
32262064128
648
2645395200
10160640
145152
5103
19110297600
26891200
94810963968
3174474240
4536
4032
6721263360
435456
8778792960
799967508480
1700611200
5103
20736
170061120
4115059200
1881169920
9
699840
9
19508428800
277766496
81
35721
1213857792
952560
688128
6561
648
170061120000
1920360960
240789749760
611784327168
240045120000
217728
4898880000
4514807808
940976870400
219469824
116640
816480
2222640
229635
178605
45349632
81
612360
995328
355622400
169344
19752284160
38407219200
148142131200
9
2688
1469664
81
5225472
81
419904
2890137600
32805
1404928
61451550720
674972585280
27216
14402707200
12859560
21432600
9
3200601600
967680
179233689600
1524096
435456
948326400
1259712
9797760000
7348320
29628426240
81
3386105856
5184
81
720135360
21767823360
209952
367416
20901888000
1463132160
97542144
3888
829440
2204496
81
19349176320
81
41472
77774618880
743178240
2926264320
5832
51597803520
81
1422164459520
244944
245806202880
81
12859560
499415777280
27216
746807040
8817984
1991485440
93640458240
7838208
4608
1377810
52254720
373248
5120962560
729
12192768
16329600
28224
5103
155520
5184
729
9
680244480
81
1562436540
20321280
61440
16131032064
3528
504
52488
81
256048128
155520
405076140
121927680000
25515
648
3969
4389396480
29524500
40633270272
60466176
12002256000
90296156160
167215104000
2939328
729
9
153090
106168320
9
300056400
5184
3000564
3950456832
81
1928934
217678233600
3732480
3292047360
14631321600
59256852480
648
2351462400
6350400
816480
5080320
5103
3048765060096
1290240
81
118513704960
85730400
36578304
6967296
46656
228562145280
627056640
36288
62705664
4536
66382848
36288
38407219200
81
448
186624
1881169920
729
648
220449600
130173284304
32256
28934010
929359872
98761420800
12290310144
95256
169344
33443020800
217728
4032
5184
2743372800
3919104000
32256
123480000
729
5334336
81
367416
1203948748800
3969000
411505920
5878656
46656
559872000
648
174142586880
3583180800
23147208
25920
278628139008
34836480
30725775360
15682947840
9
64283103360
391910400
9
49601160
36288
96786192384
81
1632960
81
3265920
648
5184
6531840
244944
32805
2892739651200
39382402500
816480
5103
3556224
677376000
9
373403520
1440270720
5786802000
3840721920
4536
812665405440
32659200
512
233280
648
9
355622400000
648
27216
8467200
1881169920
9
5443200
474163200
729
6561
12039487488
204120
2755620
9
23328
729
576
13377208320
20575296
3136
6967296
39680928
81
9
81
142884
768144384000
585252864
1102248
81
40824
110638080000
453496320
41472
58060800
457228800
163870801920
81
60963840
41472
199148544
20995200
31104
9447840
31104
8193540096
39191040
377913600
49161240576
31352832
65840947200
81285120
174960
3186376704
4838400
52488
30005640
28224
158760
1975228416000
5120962560
1548288
9
987614208
426746880
1587237120
15872371200
81
24576
331776
4032
56710659600
153055008
5103
5184
1679616
244944
279936
3645
3240
285821724384
147517440
2400451200
648
39191040
11573604000
64225280
2123366400
18144
148176
27783
7054387200
571536000
5184
73741860864
69132994560
5184
729
196830
8957952
567
230443315200
3121348608
4536
729
2032128
90737055360
10321920
5419008
729
31104
9
3333197952
14288400000
6561
881798400
81
2821754880
9
23897825280
9
576
81
14402707200
81
124416
27216
2073989836800
368793600
81
3061100160
5184
13888324800
8001504
4199040
34992
41150592
222305785632
503884800
39191040
17557585920
451584000
3402
1080203040
104509440
7620480
5184
17557585920
35721
1306368
81
1194891264
329204736
161280
4032
81
9
19752284160
58525286400
81
23514624
30618
7838208000
9
165888
322560
21604060800
648
5832
9
493920
9
9
9144576
138265989120
9
1316818944
1234517760
34292160
27095040
9
181440
55553299200
229635
135475200
10701766656
533311672320
152409600
8465264640
4032
32256
5103
244944
204120
3749847696000
93640458240
58060800
1625702400
110592000
3732480
9
51459672600
225792
9754214400
9
829440
11573604
4608
1580544
19595520
221184
256048128
81
31752
441
121927680
181440
32256
5184
43545600000
1219276800
81
59744563200
44808422400
31104
246903552000
81
6561
66134880
200037600
671846400
109734912000
1646023680
10581580800
15676416
4667544
174960
304819200
19595520
987840
209952
81
3584
2064384
648
9
1249949232
9405849600
466647713280
9
2275983360
112870195200
121927680
41472
567
9
3024
36288000
53343360
4536
81
11197440
564480
15801827328
648
1693440
729
3483648
9
320060160000
50388480
731566080
31104
4032
3136
25515
6967296
648
40824
5184
47636954064
4032
1166400
52907904000
5419008
67184640
28224
31104
5103
1049760
1306368000
4514807808
81
81
25920
729
9
14566293504
84652646400
81
729
661348800
5184
2133734400
423263232
7431782400
53569252800
81
167215104
34850995200
8465264640
7715736
4536
31752
2765952000
9
23224320
9
27221116608
24696
40824
4608
113374080
81
59719680
11573604000
338610585600
1382400
33067440
9
81
43535646720
9029615616
1175731200
677221171200
112896
171460800
6561
5832
81
19595520
1646023680
20003760
3919104
9674588160
39504568320
290304
308629440
4285540224
190468454400
548674560
430160855040
27216
62705664
258048
648
46656
729
152374763520
181440
846720
127008
81
65622334680
472392000
6298560
648
4608
81
220449600
3024568512
9
53331167232
222264
81
1049760
81
148635648
1088640
604913702400
27095040
8162933760
9
4536
9
729
1536288768
181398528000
9
81
2133734400
93312
81
317447424000
9
907200
204120
81
25515
262440
2341011456
10077696000
668860416000
108864
2099520
9144576
21508042752
161280
720135360
6301184400
3135283200
23044331520
9
5511240
9
3174474240
59270400
9
11337408
3196260974592
729
1771470
4536
367416
81
419904
1224720
22304636928
76814438400
9
9
4354560
282175488
1234517760
6718464
666792
24192
9364045824
1469664
9
3950456832
480090240
81
470292480
33592320000
648
58786560
31752
9
32659200
9
483840000
21870
364157337600
4032
576
84276412416
729
5103
1806336
368709304320
4478976000
9
193536
32006016
261273600
1587237120
3888
2972712960
729
45722880
81
2257403904
648
10450944
12859560
3584
504
661348800
3657830400
135531648
1600300800
254016
5715360
3888
31752
115221657600
5103
37623398400
893025
4976640
6223392
105815808000
984150
604913702400
5334336000
81
21168
1493614080
5184
3024
45722880
470292480
34992
34292160
31744742400
648
222953472
9
81
21946982400
23328
204120
4180377600
2592487296
1567641600
1837080
571536
9
2592487296
4032
47617113600
9953280
41472
648
81
26244
28449792
36578304
1333584
27095040
88200
1119744
685843200
40824
1224720
812665405440
15309000
21069103104
786579849216
6298560
22044960
16467095232
18816
9
1950842880
512
21168
47416320
2469035520
711244800
373248
66679200000
131712
12602368800
322486272
1488034800
81
81
14108774400
729
5878656000
9
406425600
9
18517766400
31104
77396705280
193536
61152952320
418211942400
51656065200
1632960
84652646400
3950456832
36303120
81
4800902400
81
7112448
4032
8709120
9
127008
3584
155520
878080
7838208
4536
36279705600
81
629856
2167603200
82668600
176359680
1399680
5832
9
9
4536
2799886279680
9
9
5016453120
3096576
82668600
15876
9
9
15120
19421724672
3135283200
1040449536
165888
72000
81
6096384
4032
4536
81
285768
3686400000
1600300800
121899810816
41472
4608866304
181440
648
104509440
41803776
1161216
1469664
5184
474054819840
104044953600
648
81
729
36288
232190115840
3969
9
17915904000
181440
9
1646023680
648
4536
5038848
116640
4536
2438553600
81
9
28570268160
81
648
391910400
81
25920
1469664
284497920
81
24078974976
729
81
4741632
181398528
217728
304819200
1428840
55738368
43016085504
940584960
12290310144
1354752
280921374720
21168
81
53343360
219469824
5832
6721263360
2204496000
1365590016
9
559977255936
1693052928
294967443456
27311800320
27216
81
31104
161280
1224720
12345177600
729
31752000
9
81
23040
81
648
77396705280
288054144
4032
18144
8001504
58047528960
52488
13934592
5103
81
9
1036994918400
211631616
729
9
81
648
4644864
28927396512
81
6613488000
217728
7407106560
27216
228562145280
81
105840
81
11757312
5878656
648
51849745920
244944
26453952
81
264539520
37791360000
1213857792
36741600
648
75582720
878080
1469664
3528
34992
576
1143072
320060160
161310320640
37807106400
72253440
81
5016453120
24192
131681894400
18432
155520
21946982400
171460800
71442
398131200
81
1179648
1612431360
10701766656
214990848
2430
65840947200
124467840
36578304
10160640
10978063488
37807106400
367416
236196
143327232000
995328000
27216
7464960
648
233377200
81
65840947200
3293419046400
254016
1306368
81
1106127912960
1428840
1152216576
15676416
235146240
9
1003520
4608
48384000
26336378880
331776
37324800
2857026816
2612736
3149280
3024000
32920473600
27216
9
648
3359232
12348
9
4032
144027072
326592
259248729600
9
74317824000
5832
161280
999959385600
4572288
104976000
642978
1469664
648
9
17280
2985984000
173604060
2774532096
81
55738368
2857680
294967443456
2286144
130636800
145118822400
5832
35721
10319560704
59256852480
220449600
9
27216
9
5832
17635968000
282175488000
48009024
74088000
25088
127008
58047528960
729
52672757760
413343
142851340800
729
756142128000
7741440
839808
292626432
5143824
172032
81
84276412416
7838208
639974006784
9
81
52907904
9
2520
1646023680
23040
648
25604812800
12541132800
81
226842638400
559872
72013536
48384000
13063680000
108045000
40824
5184974592
504
130606940160
81
62705664
9674588160
907200
13063680
244944
9
248832
221184000
32256
1152216576000
81
11337408000
81
1016064
166471925760
126414618624
4032
67497258528
81
95256
24004512000
36864
130056192
41472
1270080
229635
18435465216
355541114880
8001504
9
60011280000
729
551124
48157949952
139968
396809280000
3135283200
648
604661760
15801827328
627056640
141087744
9
72
1428513408
59256852480
13063680
648
132269760
5184
4682022912
5832
81
27216
1270080
933120
10321920
9
6561
203212800
23328
136080
9
81
2032128
3240
648
373248
650280960
46656
20329747200
81
6561
648
31104
52254720
2709504
340200
1428840
3149280
447897600
61440
544320
4013162496
729
648
26671680
285768
860321710080
6298560
392073696
9
81
81
1524096
20483850240
9
9
81
743178240
81
499415777280
418037760
15872371200
46656
223948800
3386880
7112448
9031680
39191040
1920360960
31104
22759833600
195084288
31752
11573604000
691200
4321800
166698
3734035200
23328
4251528
158760
648
567
27433728
146313216
53343360
614515507200
423360
411505920
27433728
489888
1632960
94810963968
9
4898880
6001128000
81
9
16329600
587865600
1337720832
1881169920
129048256512
11110659840
1097349120
81
27088846848
20160
576
64012032
648
1000188
9
9
1067311728000
522547200
1316818944
9
5832
2857680
214326
504
27648
9
3009871872
106686720
192036096
3810240
9
6531840
5852528640
14338695168
3919104
225792
648
171421608960
130636800
4608
3200601600
604800
303464448
28224
158760
102419251200
32514048
13063680
729
2835
3250661621760
1119744
9
648
115736040
25920
8888527872
9
254016
31850496
27095040
9
4536
205752960
5761082880
6967296
5160960
174960
20736
648
78382080000
6561
279936
6220800
314928
648
81
9
18144000
5832
432081216
290304
9
5832
320060160
9
34992
24078974976
143386951680
28672
6350400
105815808
9
5832
177770557440
6096384
1088640
23708160
2834352
116640
81
4608
2400451200
1469664000
1837845450
37340352
1555200
5184
81
9
4032
81
7715736
279936
34406400
26790750
81
47405481984
576
1102248000
32256
91445760
4082400
243855360
81
132269760
276531978240
995328
1097806348800
1016064
9
2204496
250047
9
244944
2916
544320
145152
3888
24196548096
560105280
433520640
163296
544320
9
74317824000
2592
175616
846720
41472
6096384
520812180
24883200
873977610240
576
874964462400
352719360
19046845440
9
24893568000
1800338400
136080
4374
167215104000
81
36288
33592320
161280
36288
9
477956505600
184354652160
9
81
755827200
152409600
648
31752
9
81
3528
14696640
4608
10450944000
396809280
23044331520
46656
65318400
197568
181440
155520
398297088000
762048
729
261273600
36691771392
5644800
188116992
12597120
225792
7962624
81
729
279936
3240609120
25401600
81
627056640
3048192
81
1524096
215080427520
7936185600
27216
254016
157464000
9
729
32256
9
80621568
81
1814400
9
9
31752
131096641536
1306368000
188743680
729
972405000
5334336
567
16796160
261273600
2032128
9
512
25401600
881798400
2040733440
23224320
5832
9
9
148697579520
15362887680
4478976
774144
73156608
1800338400
103680
9
307257753600
7348320
9
729
381024000
24998984640
1679616
9
419904
30618
1097349120
1148175
29628426240
648
5184
967680
19595520
250927165440
1536288768
4032
9
277830000
694416240
244944
11337408
81
889056000
6913299456
1270080
81
27653197824
186624
4374
367416000
1792336896
9
3086294400
5374771200
279936
81
217728
150528
33030144
642978000
648
11063808000
296352000
4608
10321920
30252600
5804752896
1524096
14880348000
75246796800
5103
48988800
9
2177280
262440
5184
3413975040
126414618624
648
32256
8128512
768320
648
21499084800
729
163296
14936140800
3096576
44089920
729
15049359360
27869184
81
58320
9
6223392
933120
9
81
236196
362797056
266655836160
13608000
3888
23044331520
58786560000
2177280
2032128000
1928934
918540
4374
40824
648
604800
58525286400
2654706991104
468397375488
3584
1944365472
13934592
25920
5598720
3720087
4032
1244393902080
32514048
252887040
576
9
138883248
5878656
217728
7936185600
6401203200
20736
1555848
314928
81
729
9
10450944
560105280
25395793920
9
101606400
187535250
940584960
11337408
134369280
7558272
19208
79361856
35831808
36288
548674560
1599935016960
9
37050964272
210739200
4128768
57868020000
110224800
2821754880
243855360
254016
25924872960
512
13872660480
18728091648
2520
4939200
314928
81
9
35721
142884000
40310784
22221319680
294967443456
21870
648
81
2835
1016064
146313216000
820125
36279705600
31752
6298560
16003008000
144473849856
298722816
81
20412
13716864
304819200
648
729
81
81
426649337856
648
120530818800
648
26784626400
408240
3528
705438720
5103
648
576
65318400
4445280
92177326080
7291370520
9
24576
172872
9
67184640
648
31752
33331979520
81
17283248640
9
52488
3087000
204158374560
1348422598656
2057529600
338688
81
28224
14515200
24186470400
10001880
12644352
81285120
1433869516800
952560
666639590400
3969
58786560
3397386240
169344
27776649600
3527193600
104509440
31104
2743372800
3174474240
244944
28224
1451520
907578000
22856214528
2675441664
496011600
347208120
81
64512
768144384
9
1185408
952560
9
344452500
81
54190080
176359680000
340200
81
12597120
4608
55319040
2177280
77414400
9
163296
20901888000
62705664
1750329000
474054819840
2007417323520
1672151040
81
8266860000
5184
27653197824
20160
9
19289340
100776960
9
12597120
131220
303464448
729
9
180033840
24192
108864
129048256512
35271936
648
44089920
91445760
217728
228614400
81
81
156764160
53770106880
153090
1399680
180592312320
181440
100329062400
3888
455196672
1327104
884902330368
124439390208
220449600
30618
1741824
81648
1244160
52672757760
73156608
504
81
331776
101606400
3136
81
1128960
1580544
36864
25920
674365440
18579456
162570240
3969
93312
1741824000
1016064
9
677376
1451188224
5184
90316800
31352832
14631321600
13934592000
10160640
3009871872
17414258688
677221171200
648
21168
589824
9676800
729
21233664
246903552
5761082880
2438553600
9
27311800320
179159040
391910400
1706987520
81
111132
81
222264
81
4762800
1632960000
81
260112384
17199267840
1080203040
81
105345515520
1561324584960
134425267200
567
7524679680
144027072
729
27216
193491763200
66382848000
81
132269760
23702740992
1600300800
36288
2304
409677004800
71345111040
648
559977255936
81
457228800
9
7620480
11757312
11152318464
14002632
81
20230963200
729
31752
648
979776
1905120
290304
1975228416
292626432000
10287648
40824
76187381760
3344302080
5184
1280240640
1530550080
9
18432
5103
285768
426746880
22574039040
241920
22674816000
9
448
123480
105840
1316818944
79009136640
72
182891520
2149908480
458647142400
48771072
9
27216
148176000
999959385600
135475200
8001504
148176
32256
6429780
96018048000
15120
81
22680
1560674304
1204450394112
1008189504
15049359360
729
13829760
136559001600
244944
4408992000
2903040
248832
158760
1785641760
81
510183360
648
182849716224
5103
1625702400
1769472
77760000
9
275562
9
48771072000
121927680
4536
4976640
30862944
203212800
81
1306368
1306368
16464
67722117120
27216
4741632000
10450944
160030080000
28224
25194240
1658880
41472
14108774400
9
52488
9
1693052928000
158760000
768144384
167961600
22579200
204120
1422489600
81
25082265600
26011238400
677376000
487710720
81
806400
874800
2926264320
3048192000
40824
9
9
5184
23887872
221184
233280
2194698240
81
66162436200
419904
88179840
45008460
279936
22044960
166698
367416
96018048000
89616844800
1327104
214326
729
5184
197522841600
23044331520
25920
27653197824
9
1741824
23233996800
22394880
279936
729
155549237760
265531392
1632960
233377200
81
81
81
648
36288
6936330240
180033840
729
984150
1440270720
6561
31352832000
4180377600
1166400
5740875
178605
313528320
2099520
6967296
30862944
1741824
729
7902720
4536
108864
172872
45927
14108774400
145152
22680
31104
144027072
238878720
4608
15925248
12192768000
729
10203667200
3359232
5184
729
4199040
5927040
4180377600
648
637009920
1143072000
729
9
1463132160
81
65318400
42865200
1837080
112021056
648
4374
655360
9
26127360
1469664
9
81
158760
31352832000
411600
68584320000
34992
9
81
20736
244944
215080427520
47416320
729
3969
358467379200
362880
81
9
9
46656
9
45317357568
110270727
243855360
1428840
4032
22574039040
4536
4096
138265989120
131712
51426482688
729
3174474240
5377010688
6502809600
1440270720
917676490752
7464960
9
45927
9144576
26127360
4536
3200601600
166698
34566497280
2151296
4064256000
9
15116544
7776000
24970788864
331914240
222213196800
30618
168552824832
487599243264
648
274337280
5184000
585252864
3240609120
1541054398464
18435465216
871274880
648
496011600
1306368
8709120
68040
691329945600
576
81
1388832480
28005264
20160
25515
3809369088
261382464
889056
32805
376233984
4816896
648
214326
35721
435537865728
10450944
73156608000
3061800
1254113280
1828915200
40507614
109247201280
315
81
729
340122240
1028764800
7468070400
9
81
244944
19051200
3024000
9
17635968
217728000
3628800
28449792000
11110659840
576
31104
102876480
207446400
209952
4608
5184
9
214990848
9
35721
29160
81
139345920
140460687360
283553298
9
154314720
9
31352832
4013162496
7283146752
109370557800
9
31752
648
5184
540101520
42147840
746496
952560
128994508800
1693758366720
21946982400
150493593600
16203045600
5103
124416
208089907200
81
45864714240
25515
3240
62208000
9
2066715
145118822400
9
504094752000
73156608000
5103
69441624
4320812160
17069875200
18811699200
1128960
66382848
1074954240
9
52672757760
155520
69441624
8131898880
1524096000
729
5184
190512
5358150
250822656
460886630400
1224720
288054144
126023688000
61725888
11616998400
52488
1706987520
40824
3969
94058496
49161240576
302330880
367485074208
81
99202320
3674160000
62705664
40824
9
31752
216040608
2222640
318504960
60480
1049760
64297800000
75582720
979776
6172588800
84276412416
10621255680
209018880
729
1327104
7681443840
680244480
6172588800
719970757632
81
567
39366
1587237120
95234227200
3809369088
18903553200
6324810240
22861440
423360
81
340122240
5184
24192
127575
9
4608
49380710400
4837294080
81
314928
33067440
2352442176
5184
24800580
1866590853120
15746400
237081600
81
136559001600
4374
28805414400
5184
493807104
14693280768
133327918080
5103
246903552000
1088640
229419122688
5598720
103699491840
14402707200
4032
23808556800
1071630
60963840
14046068736
870712934400
576
531062784
952560
1333584
64297800
4032
181440
94080
148176000
1088391168
40642560000
167215104000
2508226560
5184
274337280
836075520
1270080
48791393280
9
252887040
81
914457600
41617981440
1388832480
21767823360
245806202880
3901685760
181440
10032906240
13604889600
2469035520
9144576
36578304
1270080
45349632
24192
31492800
248935680
5832
7407106560
326592
1632960
219469824000
4515840
5804752896
442451165184
9
17418240
9
1524096
81
1904684544
36288
567
235244217600
11430720
3402
1088640
3888
5601052800
15479341056
648
9
522547200
116121600
1254113280
262193283072
9
81
204120
34292160
423360
81
32920473600
1417176000
3124873080
81
622339200
342921600
205752960
9
130056192
648
3528
122472000
19752284160
3402639576
7348320
758661120
648
3657830400
816480
648
648
321489000
5832
1857945600
22574039040
576
81
1143072
28224
20321280
244944
557383680
12386304
14002632000
81
3779136
4608
1404606873600
186624
351151718400
384072192
829440
9721827360
979776
9
44442639360
1632960
442368
1666598976000
5184
233280
8778792960
186624
1813985280
1143072
81
161310320640
729
1451520
9
4182119424
6193152
13063680000
648
15362887680
30862944
32920473600
1843546521600
1755758592
34720812000
32768
4148928
81
8101522800
3344302080
229635
62497461600
1755758592
378
9
268738560
2250423
81
16994009088
34992
3024
1524096000000
11430720
1290777600
4608
885735
4374
729
6019743744
404983551168
1632960
444528
5103
27776649600
258048
8961684480
81
4536
1137991680
1259712
81
326592
8957952
5401015200
4608000
15676416
69132994560
351151718400
22680
3528
1111320
8001504000
9
5184
470292480
12002256
81
84295680
9
5103000
648
11022480
648
25920
3869835264
3306744
680400
1219276800
5832
22574039040
648
158760
290358577152
36288
944784
2499898464
5832
49787136
15552
3121348608
100818950400
104162436000
29165482080
9
429981696000
16460236800
4000752
74071065600
3528
3429216
918540
68024448
244944
48384
36288
8401579200
25604812800
4286520
1543147200
655483207680
567
648
64297800
80640
4536
648
81
20316635136
1944365472
580608
11147673600
729
384072192
45148078080
2239488
8888527872
1959552
40824
30618
836075520
193536
2613227194368
622080
5878656
370355328
9
13547520000
113293393920
81
186624
729
9
87787929600
648
37791360
282175488
81
2418647040
10080
233280
38723328000
7838208000
146313216
1469664
126978969600
53747712
200037600
9
9
31505922000
81
37807106400
45722880
4032
88905600
576
1049760
54010152
7112448000
1088640
83235962880
81
157529610
163258675200
9
1574640
5103
15676416
64297800
141557760
4032
30618000
580608
10886400000
1080203040
9523422720
1161216
354294
214326
120932352
178605
4608
806215680
4299816960
188116992
9
39366
648
81
21403533312
15237476352
729
933120
6172588800
150528
2057529600
2106910310400
648
13716864000
567
1028764800
9
13063680
46656
7838208
60491370240
14631321600
9676800
2257403904
31752
1524096
31752
1003708661760
11110659840
26336378880
15362887680
3527193600
2480058
9
27095040
266716800
1828915200
115736040
729
36288
5184
1755758592
10713850560
4096
36288
6561
220449600
133327918080
22221319680
321489
9
648
2240421120
39504568320
29262643200
60480
27776649600
134425267200
1741824
324060912
3888
23814
78382080
248832
7144200
200704
917504
1003708661760
396809280
1053455155200
2097546264576
36288
64297800000
10973491200
839808
1306368
31104
1316818944000
3527193600
729
9
331776
4741632
9
217728
13996800
30618
3810240
29160
5832
642978
725760
6270566400
81
176359680
46656
248832
153090
5184
251942400
9
5733089280
217728
27869184
5832
160030080000
135444234240
24696
533433600
10160640
81
8294400
4608
661348800
27783
346816512
4536
9
8571080448
82959593472
24192
729
1580544
1244160
44789760
241965480960
268738560
470292480
648
8857350
9
18289152
9
9
648
952560
320060160
567
1524731040
1574640
663552000
102876480
30618
529079040
13544423424
17010
21069103104
44789760
6172588800
4166497440
9
648
293932800
186624
952560
292626432
26671680
5832
4608
15362887680
5248800
30618
12400290
4267468800
1536288768
50577408
154314720000
1007769600
1574640
24192
1041624360
39366
5000940000
1960368480
1612431360
81
23410114560
6889050
1011548160
648
5806080
5832
1180980
256048128
8573040
925888320
75264
55738368
729
9
46438023168
952560
68584320
8323596288
4608
600112800
648
17915904
147456
635040
3440640
118513704960
2480058000
15872371200
94058496
4536
36118462464
440899200
81
54010152
2786918400
9
3810240
2032128
25920
8065516032
42674688
6805279152
88179840
12644352000
18895680
81
5184
30233088000
4536
51030000
40310784000
1219276800
734664038400
4032
648
28217548800
450084600
14515200
2032128000
81
5184
6531840
11609505792
69984
81
725760
3306744
3571283520
1344252672
648
1714608
7348320
208089907200
1719926784
5103
29859840
1161216
729
4445280
81
2687385600
1672151040
95256000
49601160
23328
33861058560
2000376
1492992
4388393189376
9
81
411505920
648
648121824
321489
8817984
130636800
476171136000
81
180633600
4536
84015792
4032
193536
1143072
89579520
2469600
82944
5103
576
41472000
84672
147483721728
56260575000
81
1322697600
1524096
20384317440
9
9
81
4082400
9
81
729
612360
103195607040
201637900800
5184
9
143360
2361960
567
190512
648
222264
46656
9
22127616
2777664960
648
294967443456
5377010688
13544423424
4608
11287019520
109734912000
90699264
60466176000
27648
169344
23328
2939328
186624000
244944
1036800
205752960000
36691771392
510300
15122842560
2612736000
39680928
214326
11573604000
4608
729
1259712
39366
17557585920
164602368
16930529280
1659191869440
441
987614208
576
193536
734832
729
3386105856
4571242905600
41150592000
65318400
13226976000
244944
1889568
9144576000
648
933120
81
29393280000
174960
9
648
9
86093442
9
7283146752
81
27648
2032974720
24772608
4374
34850995200
3810240
81
9
3024
567
261273600
1428840000
2418647040
6561
161280
2880
76527504000
35115171840
45927
81
518616000
756142128000
9
18816
103723200
3673320192
5184
729
81
1119744
81
617258880
497871360
9
282293061120
41472
648
885735
348364800
840157920
3061800
5832
81
81
196608
568995840
9
3888
1075402137600
3669177139200
2149908480
306180
183708
5184
2090188800
12485394432
648
81
9
5184
566870400
134369280
576
26453952
1820786688
5103
1679616
98761420800
49380710400
8503056000
50009400
36864
38093690880
34992
81
10241925120
729
1306368
197522841600
5832
1289945088
11948912640
480090240
5598720
279936
81
10838016000
734832
729
81
141087744
81
315059220
58786560
3456
3457440
14999390784
133358400
274337280
3528000
746496
5715360
217728
1791590400
88905600
61725888
81
81
130056192
16128
12802406400
132765696
648
474054819840
5290790400
15746400
9
127008
529079040
15362887680
384072192000
7255941120
360067680000
223046369280
6291456
1778112
42674688
79009136640
81
81
725760
29132587008
1646023680
29859840
40824
320060160
8817984000
81
76441190400
131712
9
729
8505000
2286144
128595600
52488
27648
275562
41472
83607552
20808990720
1296540
9364045824
36578304
82301184000
5878656
2322432
81
360067680
2519424
9
9
627056640
1300561920
129024
40824
185177664000
244944
3528
34026395760
23814
119042784000
89616844800
13544423424
6502809600
5715360
3135283200
816480000
6481218240
81
729
27005076
30618
8918138880
2645395200
9
81
761873817600
9
5419008
34681651200
121927680
648
783820800
186624
1755758592000
51849745920
5832
30978662400
9
84015792000
9
196644962304
12098274048
96315899904
30098718720
9
4096770048
4096770048
13608
10287648
648
6773760
8128512
326592
7561421280
9
35721
729
174960
4536
472588830
952560
3317760000
393660
1350253800
1959552
9
51209625600
774144
448
10084200
81
648
12096
87480
5080320000
31752
47029248
94058496000
36288
243855360
153090
3528
33861058560
42326323200
5462360064
154279448064
7812182700
9
5832
81
4340101500
7644119040
1600300800
20575296000
1959552
21337344
55112400
9
28224
18144
25004700
98322481152
4572288
67184640
73513818000
4608
19440
4410829080
81
1463132160
729
145118822400
15676416
30618
1404928
1493614080
235146240000
5925685248
144027072
32811167340
81
7715736
25509168
3149280
4536
576
38887309440
97200
520224768
36288
729
3674160
853493760
725760
78033715200
81935400960
648
376233984
9
18966528
204120
9
3840721920
1632960
81
19595520
163296
5832
20003760
4608
40824
29262643200
4500846
648
192893400
823011840
248832
22574039040
259248729600
729
839808
648
158760
409677004800
63772920
729
3024
122472
28224
4514807808
899963447040
155520
81
740880
595350
81
1741824
34992
4032
729
17920
4133430
81
1244678400
24690355200
5832
233280
7468070400
12859560
91483862400
9
2777664960
143327232
81
81
952342272
33861058560
81
1269789696
752781496320
32256
106168320
326592
6561
2322432
64524128256
84371573160
9
729
18003384
317447424
373248
1219276800
567
32514048
52254720
3919104
9
105840
1741824
217818720
2322432
4232632320
27216
406332702720
5184
123451776000
19840464
5290790400
176433163200
90296156160
560105280
3096576
12290310144
3674160000
3528000
497871360
864162432
85349376
19752284160
3096576
29393280
81
79361856
5143824
9
723350250
1376256
1049760
321489
11560550400
32920473600
1990656
326592
45741931200
81
56435097600
576
6249746160
4536
658409472
7056
9
15049359360
1469664000
9
64
7340032
546236006400
4608
195910410240
1755758592
5225472
729
1679616
1991485440
432081216
146767085568
9
729
106662334464
19440
1905120000
7715736
4938071040
261273600
17923368960
9601804800
151165440
9
43698880512
5038848
181440
2688
9
6096384
9
857304000
81
41472
195084288000
25515
729
5103
3000564000
6561
21772800
34566497280
229582512000
172032
29628426240
729
5248800
1741824
4032
22221319680
31752
47405481984
13377208320
31104
9029615616
81
23814000
474054819840
14936140800
4374
9
22861440
85349376
94058496000
648
49787136
73483200000
9
9
4536
180592312320
9
211631616
254016
5832
648
1481421312
34992
729
56435097600
34992
853298675712
81
6251175
4536
14696640
145152
27216
81
729
8778792960
34836480
121978483200
729
11943936
360067680
6561
3429216000
116640
128024064
35672555520
225792
648
44089920
4536
9405849600
9
3857868
250047
136080
576
367416
560105280
103699491840
81
309657600
764411904
9
504
29760696000
576
222953472
4032
129024
112394240
5184
2041200000
1053696
87480
5715360
2469035520
731566080
46656
81
3612672
64012032
255091680
4354560
99202320000
729
2592487296
419904
136080
5832
19595520
87787929600
1524096
729
601974374400
1161216
14171760
222264
1959552
34139750400
5832
499979692800
729
729
81
23708160
164602368
125411328
576
4389396480
285768
933120
5308416000
3810240
81
3981312
81
2016379008
172872
126978969600
4032000
5184
13442526720
9876142080
1568294784
63
9
40824
3402000
40824
1990656
829440
81
129624364800
42336000
219469824
1259712
1088640
199148544
4354560
13716864
729
9795520512
179159040000
45927
10032906240
635040
2312110080
1653372000
21952
69120
19752284160
1028764800
2624400
81
1016064
9
285768
648
237027409920
7407106560
261382464
45927
46448640
141087744000
5103
1741824
73741860864
9
9
853493760
27653197824
432000
8778792960
447897600
9
5832
3840721920
5832
72
9
485745426432
7838208
190591380
45864714240
729
5184
3386880
13547520
13940398080
1249949232000
9
7166361600
576
567
5184
81
9
4536
225792
36288
2520473760
752640
182891520
36288
800150400
5184
10616832
21432600
355541114880
13377208320
368709304320
41472
81
362797056
81
13377208320
46675440
504
125971200
14467005
11522165760
4822335
1128960
871274880
67722117120
1143072
1194393600
5225472
1306368
12247200000
5598720
1632960
1990656
46294416000
111974400
81
290304000
9
1555848
5184
729
9
253957939200
914457600
81
17635968
5103
66382848
1143072
9
186624000
18432
9
81
14108774400
1377810
696729600
9
133358400
559872
648
839808
1658880
580608
15240960
3136
99532800
183708
81
1837080
13655900160
6561
124994923200
756142128
663552
81
136080
1904684544
9
81
184320
35831808
373248
1632586752
1672151040
1632960
457228800
196830
57610828800
159252480
9172942848
737418608640
29023764480
576
4032
37200870
24385536
4536
341397504
967861923840
2194698240
8707129344
5103
36288
81
729
3010560
73187089920
56435097600
2116316160
87787929600
81
233377200
9
81
648121824
8817984
5832
81
81
223205220
5184
9
210039480000
81
38407219200
190512
81
31104
1036800
81
11757312
81
729
27216
9
21073920
419904
28672
48212327520
202309632
729
319987003392
3429216
262440
9
29405527200
395045683200
188956800
5184
19683000000
3888
5832
1088640
81
648
674211299328
1316818944
23040
3888
648
3657830400
1224720
567
648
285768
214326
15116544000
634894848
1469664
403107840
746496
9
870912
37791360
9
3456649728
2857026816000
9
46656
4180377600
140460687360
729
9
193536
81
15872371200
4536
729
6936330240
925888320
40824
68024448000
816480
2116316160
28217548800
81
5103
4608
409677004800
729
2341011456
14814213120
28224
22127616
20483850240
81935400960
148176
186701760
15746400
25924872960
1620304560
4180377600
592704000
15676416
1481421312
25930800
39366
4550926270464
729
32651735040
5184
5832
81
72
309657600
14002632
81
32256
9
39504568320
740710656
8957952
69441624
254016
9
376233984000
398297088
59049
91445760
1679616000
228614400
121522842
69363302400
23337720000
81
1646023680
244944
4837294080
33861058560
1003520
576
1106127912960
585252864000
501645312
648
30618000
571536
9
531062784
1161216
1119744
80621568
192893400000
20575296000
88179840
129624364800
9
280921374720
283435200
330439065600
1143072000
59479031808
9
4032
45722880000
42674688
28449792
81
324060912
249989846400
3483648
56435097600
244944000
27648
48977602560
9072000
14175
288054144
435456
10497600
13436928
253957939200
14402707200
213373440
1097349120
260112384000
81
13230
155520
34566497280
352719360
81
42515280000
34836480
7838208
5832
107540213760
5184
89579520
564350976
81
11430720
148635648
537477120
162570240
100818950400
283435200
47029248
36288
81
33067440
4799805050880
28217548800
17635968
3888
81
128024064
198404640
7348320
29393280000
10668672000
442867500
27005076000
64812182400
14002632
81
190512
2032128
512096256000
186624
20230963200
619315200
150528
9
433421549568
6613488000
31104
1593188352
5184
81
166659897600
84015792000
4065949440
411505920
5267275776
154314720
487710720
373248
139345920
26754416640
27088846848
7464960
2972712960
8257536
2987228160
7838208
40007520
205752960
4536
48988800
14580
3135283200
314928
24078974976
833299488000
9
81
2821754880
50803200
10668672
10973491200
197522841600
31352832
1088391168
88785027072
8128512
9
320060160
5945425920
576
184320
918540
50164531200
5184
85030560
81
648
129024
279936
9
2962842624
153090
9
1274550681600
561842749440
819354009600
81
20901888
88905600
146313216
81
13934592
9
48988800
5016453120
648
62705664
846879183360
9
9
14108774400
32141551680
3888
176359680
81
22680
4608
648
81
729
648
4536
13063680
102419251200
81
362797056
34992
89579520
846720
761873817600
4536
40824
196830000
6531840
20483850240
286654464
4536
648
27216
60011280
384072192
202538070
81
21168
83642388480
4976640
83607552
21870
143360
2149908480
4032
9
49380710400
61725888
9
6561
209952
4374
222264
1984046400
9
212576400
5103
90016920
4608866304000
3413194702848
75582720
9
1259712
136080
403107840
3511517184
41472
1185408
326592
4702924800
81
19752284160
3888
186624
229635
27216
282175488
81
1204224
158760
15676416
2654208
186624
398297088
183708
1852200
74071065600
4608
522547200
567
472392
10001880
9
20316635136
31109847552
159993501696
254016
12189981081600
1548288
6667920
907200
9
5184
1867017600
40824
20003760
178362777600
19845
18144
5103
163870801920
12002256
4536
4608
3344302080
729
5202247680
21168
648
7257600
231419172096
8957952
616562688000
9335088
276531978240
193536
246903552
163296
32514048
81
157464
8398080
4096
27648
17640
648
729
889056
49766400
486091368
4536
6348948480
214326000
564480
4608
5832
9
648
63221760
35846737920
396809280
102060
15801827328
1185408
13826598912
18670176
806400
25920
401483464704
79361856
329204736
2987228160
9
3095868211200
21073920
7144200
207446400
31104
81
442451165184
648
29262643200
108020304000
6561
833299488
113799168000
358318080
210039480
229635
4147200
72831467520
9
345664972800
40824
27653197824
1179648
8266860
14046068736
285768
1306368
25920
330674400
491612405760
423263232
158760
68584320
12247200
235146240
423263232
188116992
1333584
648
370355328000
9
9
418211942400
576
73156608
6249746160
13226976
419982941952
80621568
81
30618
99090432
3528663264
128024064
777924
29393280
3969
24078974976
7464960
648
35672555520
3402000
3344302080
25924872960
158760
1152216576
8193540096
1778112
7464960
487710720
81
40824
4374
81
118908518400
5832
3870720
870912
315059220
1517322240
5832
141120
4536
39998375424
729
6223392
648
156764160
126414618624
34836480
31752
648
105345515520
537701068800
75278149632
846720
7803371520
4032
31752
81
25920
9
9
612360
27088846848
576
9
257989017600
4536000
165957120000
158760
5184
11705057280
31752
501854330880
13230000
716934758400
4536
833490
9
9
5225472
39998375424
72
9
7169347584
25920
666792
648
120932352
29262643200
8573040000
3888
14402707200
576
36288
266716800
4608
26885053440
9999593856
2032128000
81
2314720800
6561
6449725440
680400
31603654656
31752
648
6046617600
5184
30098718720
2962842624000
24385536
72576
18728091648
1371686400
169344
9
648
54432000
9
150493593600
634894848000
96018048
3457440
9
5832
279936
30618
90699264
222264
48977602560
2286144
1851776640
31104
15679363166208
10973491200
648
9
193536
9
1440270720
576
1088640
6096384
72013536
297606960000
23814
72
3456
43352064000
3963617280
30481920
3225600
81
9
9
36288
1516975423488
1128701952
9
480090240
1337720832
5184
81
34992
729
1137991680
729
12192768
311098475520
116121600
81
2419200
9
5184
243855360
648
141120
3136
84652646400
40131624960
567
87516450
12644352000
31752
5103
2202927104
823011840
81
1866240
9
344128684032
42865200
81
1548579078144
28570268160
36864
419904000
23224320
648
304819200
8294400
9
265531392
5184
648
81
8817984000
4500846
81
256048128
31352832
1524096
187280916480
279936
262440
185177664
27216
81
81
483930961920
918540
81
244944000
81
40327580160
1116026100
1719926784
13063680000
5103
127008
334430208
1706987520
1658880
33030144
4032
32256
387420489000
4536
321489
38102400
8164800
24192
10973491200
31104
10158317568
2091059712
6298560
31104
35721
40824
672126336000
9
46656
31603654656
1224720000
4536
20483850240
15240960
36288
248832
648
81
81
3888
34992
5832
857304
12290310144
419904
240045120
260112384
648
729
1306368
53343360
81
179159040
35115171840
16257024
1312200
81
771573600
105840
81
685843200
113374080
9
729
1451520
207360
4608
290304
5832
28570268160
8817984
27095040
81
18966528
272160
9
20832487200
26542080
11757312
612360
78033715200
836075520
1333584
13716864
663552
115221657600
5080320
16128
15801827328
5184
42147840
137225793600
504
36741600
40824
6967296000
3086294400
5184
55566
60963840
13996800
81
7623655200
239990252544
45927
105369600
2449440
31752
3888
4032
161243136000
34992
9
729
1016064
8847360
205752960
2351462400
729
13060694016
81
72559411200
278691840
729
254016
81
2949674434560
3456649728
120960
16595712
121927680
9555148800
9
55319040
729
5016453120
3810240
19353600
979776
510183360
1302030450
3840721920
7112448
31752
18662400
41472
30618
441
4480842240
27216
52488
2177689328640
68279500800
9
27993600
944784
179233689600
4682022912
648
5103
214326
3456
124439390208
2229534720
5103
81
24696
67184640000
229582512
379330560
279936
576
4084101000
671846400
14171760
504
1741824000
81
94058496
81648000
41472
1244393902080
17414258688
940584960
729
36288
81
35006580
15240960
729
1555848
4536
3359232
4536
9217732608
148176
72831467520
4608
6561
16934400
19118260224
26873856000
240045120
5120962560
1991485440
39191040000
1120210560
5103
635040
8709120
36864
1679616
1300561920
1580182732800
833299488000
9
5103
4161798144
35271936
42674688
81
1585446912
46448640
81
326592
1896652800
131681894400
81
25920
36288
24690355200
4082400
28217548800
81
4408992
22044960000
124439390208
24196548096
41990400
106686720
41472
246960
72
81
3456
9
3528
11197440
134369280
126023688000
67184640
203166351360
648
15931883520
9
889056
893025
9
1143072
576
10886400
116121600
165888
159993501696
888852787200
3969
9
81
5184
60963840
268850534400
19051200
32256
21163161600
576
308629440
2275983360
96018048
167215104
9
1224720
5715360
155549237760
3200601600
91445760
9144576
23147208
5184
31104
5290790400
81
156829478400
7134511104
32256
3888
110981283840
6531840
2167603200
9
25920
648
604800
316036546560
68040000
24494400
19046845440
4032
870912
81
6534561600
1500282000
119070
20575296000
812665405440
5832
857304000
19353600
279936
23147208
2844979200
33191424
438939648
725896442880
729
18144
9
1234517760
140460687360
81
7318708992
365699432448
602112
1524096
725760
2857680000
975421440
846526464
648
72
129024
2099520
9405849600
1469664
963158999040
648
32514048000
81
33592320
82301184000
22932357120
28224
60949905408
28224
4032
5103
93640458240
14108774400
20995200
24192
31352832000
207360
1244678400000
88590151818
846720
1990656
16003008
32256
3969
316036546560
4572288
3499857849600
774466560
2786918400
4514807808
799967508480
4032
663552
5184
10207918728
9
5103
41472
857304
34992
17146080
196830
9
653184
115221657600
21427701120
576
483729408
4608
376390748160
3968092800
31104
11757312
2074464
11337408
9
1587237120
725760
9523422720
15682947840
81
648
94058496000
729
81
155520
729
9
2008846980
16124313600
81
9
8817984
13442526720
8128512
4536
1778112
5832
62208000
225792
13226976
133327918080
190512
47405481984
81
5225472
9331200
35721
1058158080
12597120
11612160
648
5832
729
960180480
254016
6718464
28224000
67436544
9
84276412416
873977610240
81
729
36288
477757440
207360
6001128
5334336
1469664
9
5927040
411505920
239990252544
32768
9
648
193536
864162432
648000
5505024
1088640000
23147208000
85349376
9
2133734400
18144
648
174960
81
36864
81
204120
81
16257024000
5103
419904
1019640545280
47405481984
9
1185408
57610828800
7468070400
7315660800
57610828800
29859840
36288
172064342016
198404640000
5103
91445760
81
45519667200
201553920
5103
4536
9
96446700
9
29160
14224896
729
6561
302330880
23328
342921600
576348333120
419904000
5832
81
142216445952
24970788864
56458612224
9
1720320000
2381400
414797967360
262440
2304433152000
9
31752
370355328000
711082229760
5832
2438553600
52254720
72589644288
284497920
4408992
312487308
367416
19203609600
19289340
729
4976640
6242697216
2962842624
9
123480
648
81
210039480000
9
81
9
190512
9
164602368000
576
15552
57354780672
274337280000
233280
27433728000
648
24580620288
170698752
4032
49161240576
559977255936
497871360
13547520
576108288
373248
32256
109734912000
11522165760
17496
46656
59521392
6773760
9
12002256
21676032
1161216
192036096000
1928934000
4976640
14515200
31752
3612672
1451520
56458612224
4032
16665989760
9
1219276800
9
40824
476369540640
3110400
7838208
9
829440
48609136800
5832
92588832000
67184640
9
6561
42674688
833299488
7434878976
81
4536
9
1428840
5103
334430208000
209952
650280960
71663616
857304
729
793800
2286144
107017666560
81
39513600
729
40310784
9
1935360
1866240
30474952704
45148078080
137168640
9
2352442176
60963840
576
729
132269760
567
9
476171136
440899200
1306368
9
120982740480
3888
20003760
2939328
1119744
81
4064256
21163161600
8465264640
96768
72
3317760
1920360960
668860416000
9
1991485440
3024
81
165888
3810240
103699491840
78382080
1306368
3840721920
233280
94058496000
648
5079158784
1000188
585252864
2688
1755758592
35721
5184
4032
734832
955514880
15240960000
888852787200
38578680
699840
12042240000
9
10001880
1106127912960
47795650560
9
81
23708160
648
93312
9
2926264320
4032
4000752
4536
648
520224768000
648
20321280000
314928
483930961920
64800
4032
6172588800
81
9
9
6967296
1680315840
4032
420078960
22689450
172832486400
26754416640
10206
67512690
18522000
729
9
30618
902961561600
11809800
21508042752
109734912
3009871872
648
4032
71124480
5184
81
3386880
14566293504
81
9
448
648
22574039040
648
23328
81
138240
118513704960
2633637888
9
186624
390168576
27311800320
3674160000
2675441664
65028096
266716800
23328
5334336000
136048896000
648
6001128
1755758592
480090240
195955200
9
729
72
292626432
14880348
81
645120
25401600
104976
20575296000
13377208320
3072577536
1896652800
874800
9
5184
9
1741824
9
407856218112
8778792960
5832
160030080
81
3627970560
280921374720
5000940
9
1306368
225792000
114688
9
457124290560
360
648
102876480
503884800
5184
81
14285134080
298722816
49787136000
72
9
36578304
207360
100329062400
648
194436547200
9
4536
194436547200
33177600
933120
181440
1185408
81
23814
4082400
1161216
17777055744
3969
1152216576
491612405760
903168
113421319200
1270080
5184
10001880
65840947200
72
398297088000
279936
181515600
312264916992
15237476352
83329948800
9
4898880000
3556224
81
9
28217548800
5486745600
81
472392
4741632
3456649728
81
1482038570880
13655900160
9
3645
2116316160
27648
648
34992
4536
729
25395793920
34992
170698752
384160
20575296000
31213486080
3096576000
729
39680928
4096
648
155549237760
57153600
139968
648
32920473600
559977255936
13063680
18289152000
8709120
18059231232
42485022720
16257024
73156608
41472
729
12345177600
9601804800
254016
729
81
4354560
210039480
3024568512
729
9
648
1128701952
81
5186160
191102976
81
833490
22221319680
6805279152
1166400
3429216
405
1524096
137168640000
1102248
1959552
1070622572544
20901888
2777664960
2778300
9
4199040
5786802000
24192
217728
5184
11612160
5184
9
729
185871974400
26127360
522547200
9
5832
228614400
102060
21504
73483200
56700
3528
278691840000
793618560
81
1567641600
705438720
4032
729
17283248640
567
342921600
5832
77774618880
8062156800
13716864
816480
174960
6584094720
81
81
3009871872
4445280
54867456
326592
870912
846526464
268850534400
27095040
1280240640
9
809238528
5878656
54190080
35831808
720135360
46294416000
131681894400
153628876800
182078668800
16203045600
190512
337105649664
51849745920
1016064
81
1350253800
1679616
138883248000
11430720
1036800
9
1185408
823354761600
65028096
5715360
5419008
6967296
181440
31752
190547816256
790272
81
504
134369280
729
85349376000
376233984
812851200
81648000
729
150994944
1749600
752640
881798400
277766496
26138246400
38407219200
1399680
729
5601052800
320060160
8128512
22579200000
640120320
5927040
61261515
9
3645
6858432
9797760
555532992000
762048
8467200
396809280
188116992000
5878656
19845
31765230
3344302080
34445250
10160640
504
81
5832
81
89579520
388800
9
9335088
81
11524800
729
4572288
40967700480
10158317568
9103933440
10616832000
92588832
120960
2560481280
9289728
9
24192
6772211712
9
29030400
12345177600
705600
47775744
222264
385786800
50960793600
108864
729
142851340800
793800
1728324864
81
4115059200
169344
1469664
63221760
551124
231472080
81
9
9
7001316000
293932800
1714608
2633637888
110100480
36288
9797760
4536
729
714256704
1143072
860160
31752
33067440
846720000
203166351360
3888000
81
8332994880
20003760
4320812160
14696640
5184974592
1280240640
72913705200
272160
198404640
109350
9
15362887680
1088640
5184
8573040
81
193536
729
105345515520
233280
39191040
2194698240
4724808096960
81
5184
648
36006768
21870
21504
14515200
181440
9
3528
162533081088
246903552
144027072000
129048256512
18662400
5184
41664974400
5202247680
256048128
1469664
5832
34992
1714608
2786918400
9
10536960
45349632000
4534963200
648
360000
648
186624
4898880
81
2229534720
9
81
1451520
5184
477757440
24576
441
714420
67976036352
390168576
355622400
52672757760
1028764800
337486292640
4938071040
729
2644790538240
1270080
31752
4536
2418647040
365783040
1306368
1354752
17640
164025
8467200
254016
72
903168
5441955840000
497664000
47185920000
4536
3111696
5184
31752
133327918080
90737055360
46656
9
3527193600
49380710400
247726080
648
1224720
1755758592
1530550080
952560
4233600000
318864600
1580544
2508226560
8230118400
2275983360
3969
2821754880
21499084800
102852965376
31116960
648
41150592
4515840
118513704960
2286144
2032128
35562240
81
5184
790272
9
2304433152
205752960
84276412416
948109639680
4536
24883200
285768
3225600
40824
36288
33067440
24192
11428107264
729
81
15676416000
648
5832
15002820
599298932736
36288
119439360
81
34992
75295360
45368527680
81
4285540224
81
18522
1300561920
27216
21604060800
6773760
859963392
9
9
648
3901685760
330674400
367485074208
81
12859560000
1499939078400
5184
1580544
16124313600
1377495072000
327741603840
648
246903552
729
1016064
6193152
1860043500
22680
3888
13063680
4214784000
1404928
111106598400
18370800
163296000
4938071040
285768
14814213120
42855402240
1548288
438939648
31752
81
1399680
39366
1399680
81
329204736
648
9331200
820279183500
81
600112800
81
6193152000
3763200
1555848
81
5832
26464974480
553063956480
729
9
341397504
1111320
5103
39366
81
90720
38093690880
1666980000
3456
41472
14402707200
548549148672
576
32256
31104
81
11609505792
257191200
4082400
8709120
9797760
40642560
217728
666792000
1185408
63489484800
5184
81
2560481280
555532992
109760
762048
163296
44998172352
4536
1990656
9
26754416640
1486356480
372008700
80353879200
75600
437582250
81
19203609600
2032128
177811200
296352
11904278400
9
2007417323520
41150592
219469824
82944
9
1524096
729
648
81
4938071040
9
9
331838373888
9
428652
5103
9
9
6322176
3174474240
5832
17069875200
214326
1148175
567
577895399424
17280
94058496
648
21168000
8062156800
440899200
9
2268
592704
2857026816
18517766400
81
729
10886400
1920360960
150028200
81
7561421280
8643600
21676032000
34292160000
9
81
120960
139968
205752960000
4822335000
9
16131032064
72
200704
81
21163161600
290304
36288
13063680
6001128
169344
40824
39680928
36288
325140480
524880
3456
1071630
729
19110297600
81
176359680
81
181440
648
9
648
418037760
5184
729
275562
68024448
3919104
504
7838208
34992
1280240640
1102248
31104
4536
36288
81
2032128000
18144
290304
36288
967680
368709304320
329204736
3048192
46820229120
20483850240
32262064128
1327656960
648
729
78382080
928972800
267846264000
731398864896
35286632640
1959552
9
105840
1778112
342843217920
150028200
8709120
190512
26244
3888730944
81
9
31752
762048
3200601600
648
142248960
81
4032
31352832
1306368
81
1143072
222264
292626432000
3024
1259712
3174474240
6858432
35429400
58047528960
135025380
648
4608
3888
6561
1440270720000
12096
7620480
1175462461440
5714053632
244944
829440
602112
280921374720
59049000
711244800
3969
806551603200
81
9
1011316948992
221184
4032
292626432000
648
233280
153090
165888
94058496000
32768
33592320
204120
12386304
4389396480
48372940800
137168640
9
20901888000
5832
235146240
41167738080
6502809600
1209323520
262440
3762339840
604800
190512
648
2903040
860321710080
9
3919104
9
9
5739562800
762048
31352832000
81
870912
918540
19595520
71693475840
746496
729
2633637888
243855360
16003008
254016
8888527872
222264
746496
239990252544
3136000
13716864000
17199267840
3528
25515
46294416000
81
81
5184
367416
423263232
5145967260
5184
81
246903552
35831808000
1143072
81
888852787200
11904278400
2057529600
3870720
18144
87071293440
90720000
4536
26244000
3240
376233984
68584320000
1089093600
3704400
648
11252115
1170505728
1259712
23147208000
648
250822656000
6773760
65028096
145800000
1415577600
357210
9
648
9
512096256
1928934000
1088640
61917364224
24385536
5832
5184
185220
17923368960
13226976
41479796736
1142810726400
184354652160
8465264640
14814213120
31352832
268738560
100818950400
600112800
7741440
5186160
2593080000
8128512
320060160
27216
5832
9
451584
21508042752
12700800
108380160
612360000
51438240
948109639680
5573836800
567
3528
279936
235146240
5184
9
28576800
24696
68040
9
1889568
175575859200
25719120
81
81
117573120
86436000
729
1296243648
81
3628800
24690355200
119439360
9
3556224000
81
2073600
1119744
17635968
4838400
133772083200
11522165760
648
97542144
9
102852965376
9
1224720
1646023680
1990656
233280
81
648
9
40007520
10450944
6561
2222131968
1889568
2612736
1481760
1280240640
3982970880
567
7965941760
17146080
5419008000
20321280
1141521776640
752640
81
648
1269789696
440899200
729
2571912
4082400
3086294400
3413975040
25401600
27648000
729
1474837217280
8128512
40007520
729
685843200
648
155520
35562240
47029248000
9
2743372800
387072000
43545600
1097349120
601974374400
8128512
26244
81
3333960
1071630
81
1185408
30481920
857304
1327656960
21168
1224720
967680
31104
24192
648
1111320
3528
1036800
63489484800
9
9
242020800
144636982560
2322432
696729600
24192
3527193600
27216
829440
952560
1587237120
576
152409600
592704
330674400
4536
27209779200
167961600
2540160
2604060900
2972712960
23337720
204120
5184
81
352719360
161280
81
578547930240
61725888000
81
27216000
81
4147200
9
5832
9
1306368000
2560481280
9
4354560
81
537477120
9
4017693960
301056000
118513704960
36288
174182400
235146240
669139107840
185177664000
3809369088
15925248
729
571405363200
9
7166361600
116121600
48988800
874964462400
2178187200
1071630
81
22680
26453952
9
1959552
48988800
1240029
729
768144384
5103
11342131920
229635
21952
81
116640
729
17781120
9
4076863488
7803371520
181440000
7315660800
729
1680315840
9
32651735040
20739898368
648
6429780
9
37948861440
81
1400263200
1785641760000
648
256048128
23814
458752
52488
9
7346640384
209991470976
34992
18579456000
1088640
158723712
81
81
27433728
5832
207360
104976
81
1004423490
740710656
211631616000
54010152
15552
81
211631616
27216
5668704
24004512000
66382848
31752
663552
512
3402
10032906240
318504960
81
9
5832
5832
964467
552960
163296
41472
45741931200
5248800
729
291325870080
1451520
34992
6584094720
6145155072
81
1679616
27216
19845
128994508800
15309
217728
55306395648
3386880
145800
4536
186624
74317824
3703553280
9
9
28343520
3024
1119744
27783
4032
244944
41479796736
9483264
900169200
2697461760
878080
36288
25515000
9
12597120000
21337344000
740710656
14696640
40824
9258883200
20901888000
630118440
433520640
12759898410
81
181440
1296243648
8534937600
729
6019743744
81
162030456
2160
163296
88905600
967680
729
12002256
557383680
451584
72576
4374
21499084800
40824
1410877440
5832
677221171200
401316249600
2285621452800
3265920
158723712000
1037232
164602368
101606400
3292047360
995328
49380710400
685686435840
1428840
163296
109760
141120000
72
6531840
81
38578680
448084224000
35721
125411328000
