4536
81
81
729
1365590016
9
9
567
96018048000
3224862720
138915
9
870912000
4032
9
23328
658409472
26453952
163296
1866240
244944
1679616
5832
9
2834352
294000
648
358467379200
81
9
142690222080
729
4644864
209952
4608
9
1003290624
35115171840
7838208
1270080
5832
258048
207360
630118440
1469664
9
1161216000
16669800000
52488
5715360
52254720
81
111106598400
254016
16460236800
302400
29160
10241925120
23814
17557585920
648
162533081088
51438240
5832
225792
8957952
56260575
26127360
9
60197437440
387072
276531978240
9
1469664
281238577200
204120
7618738176
1984873086000
25920
1646023680
6827950080
1433272320
81
13230
1474560
1451520
87496446240
9
1289945088
9
729
9
215080427520
81
164602368
449474199552
9
3239868409344
12252303
1524096
23044331520
7407106560
3072577536
326592
23887872
9
135025380
381024000
81
205752960
771573600
458838245376
933120
1866240
41472
4877107200
729
116169984000
5832
1866240
232339968
645241282560
6638284800
1935360
127008
6718464
371589120
46656
31109847552
9
729
114307200
81
25920
56687040000
2777664960
677376
214326
3920736960
192893400000
9953280
2612736
1270080
650280960
56435097600
52254720
5184
344128684032
81
3292800
1157360400
4536
2821754880
81
25920
4050761400
121385779200
23328
154828800
734832000
5184
729
680400
24494400000
3175200
460886630400
3200601600
80015040
190468454400
9
9
113421319200
81
146966400
9
3265920
1234517760
83329948800
714256704
4286520
812851200
63489484800
23224320
39016857600
14450688
125411328000
148176
68024448
27659520
9
4608
1270080
166698
4608866304
4000752
141120
5806080
2022633897984
81
629856
2764800
44789760
32006016000
204120
129654
8062156800
25194240
275188285440
5643509760
51438240
504
5832
254016
9258883200
31104
81
31352832
870912
447897600
648
154828800
677221171200
6350400000
2090188800
7257600
49161240576
2469035520
4353564672
64812182400
245806202880
4166497440
4608
648
419904
571536
46656
3149280
438939648
483729408
9
752467968
42998169600
154314720
729
729
8709120
708588
81266540544
48009024
3240
3024
1422164459520
60480
62219695104
12597120
81
9
62497461600
72
81
5016453120
5184
2239488
9
44590694400
9
45927
2099520
2468471169024
648
576
5057740800
36288
14002632000
3402000
21504
5184
16460236800
1264435200
7620480
4536
129654
23897825280
22674816
1316818944000
5143824
136080
25920
82944
81
53747712
367416
4608
451480780800
72
22044960000
2176782336
526727577600
4782969000
1504935936
324060912
27648
1881169920
729
9
5184
729
12192768
849346560
17414258688
39191040
1250235
5184
19051200
6613488
9
4644864000
13826598912
4536
99202320000
3265173504000
84672
9
558013050
236196
9
13168189440
12288
127455068160
143327232000
9
16387080192
81
480090240
5832
1511654400
57600
41472
9
81
81
42674688
648
7375872
40824
81
6298560
4444263936
345664972800
12345177600
86802030
4608
1679616
1561324584960
172064342016
9
13716864000
32805
188116992
6096384
486
15925248
103680
9
63489484800
66663959040
254016
36288
114307200
7620480
326592
524880
248832
348285173760
3703553280
14814213120
4702924800
2204496
14696640
165919186944
141087744
1433869516800
648
15854469120
729
370355328
3528
13168189440
1061683200
54190080
1620304560
5184
576
3528
2916
81
576
567
5643509760
326592
4608866304
729
5103
592568524800
6827950080
464486400
214326
70543872
98761420800
3456649728
40007520
967680
14814213120
9
290304
729
3135283200
19046845440
27433728
567
4514807808
829595934720
146932807680
124416000
190512
36288
36288
3810240
1333584
948326400
35721
9
1066867200
12960000
32256
116661928320
127455068160
2612736000
504
81
793800
857304
9
34992
321489
36288
145152
2987228160
423263232
20316635136
9
154314720000
18432
174960
648
24998984640
729
604913702400
6429780000
3483648000
18816
324060912000
4286520
4536
1451520
36578304
567
46088663040
648
19508428800
81
202538070
16387080192
81
258048
688905
247726080
16515072
48988800
9
11522165760
89282088000
52907904
729
426746880
432
9797760
32527595520
81
1625702400
313528320
252887040
176359680
2540160000
36006768
217728
215080427520
1161216
481579499520
188116992
25920
5832
3584
81
188956800
169344
216760320
5103
159318835200
20643840
81
81
3779136
512
264539520
40824
1567641600
729
6584094720
36288
16003008
9
34292160
81
2341011456
648
677376
12965400
4032
13826598912
25515
661348800000
147483721728
32006016000
10241925120
365783040
81
31352832000
141087744
47250
1600300800
648
9
9
81
6172588800
30965760
13655900160
653184
486
27993600
1451520000
81
81
15305500800
9
4572288
2332800
122903101440
81
2031663513600
81
4082400
192893400000
254016
81
89579520000
14929920000
15116544
1653372
4608
36288
90720
156067430400
3265920
1632960
6561
4898880
5184
5832
5184
97977600
89302500
81
8817984
5927040
76545
5832
191102976
158760
81
1410877440
36864
833299488
9
10241925120
2520
1542794480640
9
576
158723712
40824
68584320
118513704960
634894848
19051200
567
729
2250423
5184
952560
5832
285768
8778792960
81
9953280
5832
81
4389396480
5925685248
352866326400
6561
54867456
81
254016
648
21952
3240
20160
17915904
2560481280
88179840
5103
9
36578304
846720
81
22221319680
97977600
45927
7715736000
57624000
497871360
4644864
3072577536
5120962560
19595520
22574039040
194436547200
1524096000
648
9
204120
1851776640
9
6249746160
37623398400
1837080
41990400000
680400
59521392
3870720
9447840000
13872660480
15116544
41472
729
83607552
5000940
9
26244
2520
24893568
387144769536
81
5832
36126720
870912
156764160
9
416745
63221760
19353600
12138577920
225792
20995200
9
2250423
576
6667920
1543147200
9
102876480
71693475840
420078960
48157949952
35721
81
9
4286520
22680
777924000
5225472
66134880
30725775360
259248729600
81
148176
9
648
806400
9
3584673792
41664974400
612220032
729
729
5505024
5184
952560
65028096
796262400
9
39366
12541132800
9
1114767360
6429780
5184
129600
43535646720
1244160
31752
183708000
81
648
50164531200
52672757760
34992
108864
317579693760
81
2015539200
165888
241965480960
4374
99532800
9
9
567
1102248
567
81
204120
5832
4478976
54212659200
19595520
246903552
81
22574039040
92588832
145118822400
37791360
81
9
108864
325066162176
1905120
81
3149280
373248
93312
166659897600
57140536320
81
1679616
246903552000
482233500
14224896
9
52488
61931520
139968
29160
9
17836277760
52672757760
3969
74071065600
5832
857304
81
36118462464
516678750
18435465216
691488
5832
27783
27216
1574640
16387080192
648
81
7558272
250047
10668672
88179840
9
156764160
40824
6242697216
50803200000
2449440000
6881280
39191040
4608
9
171460800
81
43208121600
9
175575859200
6531840
1632960
15116544
290304
740880
181440
167215104
155549237760
254016
35721
12138577920
5832
648
3359232
4608
37158912
2488320
729
9797760
31104
47239200
4536
9
81
144027072
4762800
142248960
2268000
729
1128960
2508226560
7315660800
233280
9
952560
3703553280
9
5832
147456
222264
170061120
9
81
5971968
2721600000
1097349120
80621568000
36864
27216
38707200
4374
9
4478976
167215104
373248
9
285768
42138206208
1003520
2624400
315059220
20910597120
7348320
193536
583309641600
2926264320
120394874880
69132994560
5103
39813120
668860416
1289945088
559872000
45722880
790272
148635648
81
64524128256
23814
600112800
248832
5378240
2204910445248
648
35115171840
1451520
648
9
76204800
373248
52907904
181440
24494400
210039480
9
110224800
5184
15876
9
9
2418647040
127545840
1194891264
54867456000
216040608000
2176782336
22394880
6096384000
967680
31603654656
5103
648
181398528000
1161216
158723712000
10081895040
10369949184
62705664
78382080
10976
163296
639974006784
104552985600
9
81
81
9
979776
14817600
26121388032
36288
729
380936908800
1700611200
448
81
6561
81
4444263936
5832
9
1327104
52254720
32256
648
729
3888
729
729
4032
13544423424
9
699840
1371686400
28224
682795008
729
20643840
72
2016000000
11110659840
3456
1016064
298722816000
56010528
182891520
5350883328
3136589568
11340
118513704960
725760
15752961000
17142160896
150028200000
118540800
3657830400
14929920
8193540096
81
311040
72
4898880000
5000940
158723712
1911029760
64012032
414797967360
9
9
81
1008189504
9
13544423424
548549148672
39697461720
1088640
35271936
79009136640
2520473760
5832
3528
186624
4032
43893964800
2744
8401579200
386983526400
388873094400
2963520
2212761600
9
356725555200
5832
2032128
23328
9
81
12039487488
141120
889056
4032
36288
4536
6561
81
81
5000940
3057647616
9
1285956
27518828544
1088640
7464960
9
5103
69120
81
39504568320
1400263200
1984046400
302400
1451520
65840947200
25920
34992
41803776
50009400
622080
9876142080
2204496000
248832
81
35554111488
1053696000
18207866880
1377810
6858432
9
373248
317520
9
39191040
576
9
22574039040
451480780800
81
197522841600
131712
4608
6827950080
1016064000
967680
1306368
8957952
216040608
1451520
260112384
576
122472000000
1950842880
9
9
504
152374763520
4374
81
169344
21168
352866326400
17635968
3969
87480
3456
4459069440
28092137472
729
4032
1474837217280
5184
4536
81
32256
4082400
35831808000
5832
648
36006768000
933120
9
4354560
987840
24998984640
81
9
816480
5689958400
648
5486745600
6613488
247726080
15805440
81
9
145152000
41150592
17635968000
40824
13442526720
2333772000
645120
23514624
699840
3087
29160000
31104
645120
648
58786560
612360
9
5184
368709304320
4536
585252864
9
6429780
9
23514624
1371686400
576
81
9
40824
63700992
1088640
67184640
21870
48372940800
292626432
248832000
248935680
27433728000
82978560
206524416
9258883200
7681443840
28672
40824
28217548800
1968670040400
5715360
9674588160
81
729
116169984
46448640
45722880
61725888
23410114560
94058496000
207360
285768
2916
81
9
4032
222264
111476736
158760
5184
244944
50803200
40824
6298560
493807104000
9
7900913664
857304
20412000
3025260000
729
81
8294400
648
81
9217732608
4536
8230118400
88159684608
1105920
29393280
5184
97542144
264539520
78033715200
273118003200
6914880
41821194240
193536
9
9
3240
2508800
25515
8817984
11025
514382400
3969
29160
138915
2903040
66134880
103699491840
3402639576
5184
648
6049137024
6096384
282175488
112870195200
15801827328
60466176000
17283248640
45722880
124439390208
31365895680
45148078080
1524096
685843200
3584
4423680
5184
48771072000
28224
8164800000
81
94371840
348364800
158760
5878656
81
4286520000
127401984
2880541440
576108288000
3919840791552
204158374560
9
75582720
3584
9
22320522000
8957952
125411328
27648
81
81
648
1761607680
729
4536
203212800
3969
729
7080837120
72
9
612360
1959552000
121899810816
914248581120
3810240
729
4536
83980800
648
12244400640
23328
39191040
81
69657034752
729
9
131096641536
18289152
6449725440
3527193600
125411328
5184
10450944
67436544000
95234227200
22680
14112
3387516733440
2764800
5394923520
52488
9
155520
9
170698752
20575296000
40824
9
3240
275562
1632960
729
5225472000
4536
81
429981696
9
34292160
139968
9
39366
2239488
648121824
4761711360
1229312
816480
81
294055272000
5184
81
729
9721827360
381024000
729
225792
7838208
344128684032
5103
4096
178605
3456649728
750141
195084288
134369280
31104
23814
514382400
3628800
3968092800
188116992000
78382080
4374
746496
293865615360
81
992023200
81
5184
9
9
567
72
374984769600
9
10203667200
979776
163840
1254113280
3969
4408992
1264435200
180033840
313528320
70013160
49766400
8001504
41472
233377200000
96018048000
648
16052649984
32659200
3511517184
5878656
5832
768320
1632960
42674688000
81
729
137168640
9374619240
1111320
9
9
232243200
268738560
81
33443020800
3968092800
3703553280
3969
326592000
40327580160
81
15676416
81
4115059200
30481920
129048256512
365783040
81
6688604160
237027409920
9
17640
5878656
188116992
88905600
1410877440
181474110720
381024000
80015040000
165957120
3888
240045120
483840
2633637888
816480
729
1194891264
78382080
567
44789760
120982740480
3413975040
1422489600
5832
1792336896
3869835264
9
1646023680
648
55553299200
23814
4536
22674816000
32256
290304
729
5761082880
32256
360067680
382205952
9
298722816000
259248729600
428554022400
729
729
77792400
3528
8817984
81
36864
70543872000
4536
9876142080
81
158760
72
52907904000
44100000
237027409920
39813120
81
370355328
5878656000
12597120
5184
729
42865200
2743372800
2116316160
2834352
40824
1806675591168
17635968
9
501645312
126414618624
79009136640
3511517184
116661928320
41150592
317579693760
612475123680
512096256
1814400
5419008
9
1632960
282175488
81
3969
120022560
648
4374
81
9
11337408
99574272
22680
648
121522842
1088640
10973491200
11762210880
4921675101
81
1714608000
653184000
576
24970788864
199065600
3483648000
426746880
45368527680
729
39191040
3224862720
124467840
9
1166400
493807104
341397504
9
1728324864000
318637670400
6635520
5832
81
156764160
351151718400
1028764800
5832
403200
362797056
4572288
729
31104
1866240
2322432000
268738560
163296
9
5184
9
3025260
9
28672
301112598528
1049760
13716864
214326
6531840
225792
1234517760
4536
113374080
9
81
8230118400
635040
342921600
493807104
81
1679616
5832
1016487360
89616844800
36288
187492384800
7348320
91445760
121927680
401408000
567000
28343520
50791587840
3599853788160
1555848
4702924800
36288
165957120
9
12802406400
25920
130636800
31104
1530900000
209018880
826686
3200601600
413343
9
112896000
567000
3674160
81
3528
76187381760
81
131681894400
4031078400
9
3969
81
1600
92897280
73741860864
3888
648
445906944
1505562992640
33861058560
462944160000
55761592320
99202320
29030400
15676416
3840721920
3762339840
952560
105840000
160030080
217728
81
124467840
14814213120
9031680
1458274104000
9
31752
248832
5184
270050760
188195374080
576108288
57140536320
12697896960
153055008
14929920
259248729600
246903552
438939648
1234800
3528
54867456
81
14224896
72
24696
1020600
92177326080
2361960
729
4536
196830
19845
595213920
648
56646696960
2721600
51861600
4960116000
371589120
5804752896
5878656
64012032
77175
60466176
9
25395793920
348364800
576
816480
96315899904
28224
3645
1528823808
571536000
5290790400
87091200
2571912
1316818944
36126720
6001128
8360755200
1209323520
3061100160
28224
10883911680
783820800
31752
81
3645000
9
1714608000
4536
29160
23814
9
648
991796451840
150493593600
40814668800
10838016
4741632
3483648
81
26244
341397504
9
6561
1289945088
250822656
9
81
944784
193536
653184
87787929600
9
787320
15431472000
65856
36288
352719360000
5225472
20643840
36733201920
80640
9
12600
729
576
602112
3240609120
7586611200
320060160
19595520
3333197952000
35831808
27216
658409472000
23328
1032386052096
252047376000
225042300
891813888
35721
729
9680832000
567
26754416640
81
5184
3674160
36288
274337280
44089920
190253629440
5225472
25924872960
16934400000
40642560
802632499200
33331979520
17146080
4665600
9
3645
9
370355328
36864
78732000
10241925120
1672151040
1071630
288054144000
35672555520
15237476352
29872281600
29160
5184
2642411520
4608
123480
3732480
65840947200
104976000
35846737920
61656268800
6530347008
122903101440
174960
1244678400
258048
24883200
81
32256
5832
5832
24690355200
426746880
1728324864
8398080
28805414400
1024192512
36288
81
1837080
72013536000
3779136000
81
5334336000
33592320
94810963968
43563744
285768
2194698240
81
7440174
960180480000
504
174960
246903552000
729
725760
10241925120
18579456
316036546560
4536
5080320
3402
2667168
783820800
9
423263232
250822656
217728
46820229120
165957120
24690355200
13608000000
102060
9
152409600
19595520
648
75246796800
520224768
960180480
81
3703553280
12096000
6401203200
81
88179840
81
116640
3810240
2788079616
9364045824
81
10886400
301112598528
668860416000
1074954240
48609136800
9
367416
161280
2731180032
5103
1249949232000
214326000
48223350
1354752
156067430400
39016857600
9
829440
111152892816
5505024
88885278720
1088640
4536
137625600
159432300
2048385024000
55306395648
648
9
632073093120
185177664000
27869184
190512
3762339840
53747712
202309632
9
24998984640
254016
729
63489484800
25509168000
119439360
21676032
81
196830
314928
192849310080
1284211998720
1666598976000
27525120
1440270720
627056640
1693758366720
3048192
25395793920
4082400
9
4536
409677004800
729
1161216
81
38102400
740710656
729
18289152
6584094720
254016
26671680
477757440
81
111476736000
42674688
5184
7348320
5225472
197568
9
1377810
4536
9
96768
1851776640
81
81
9
5103
81
1111320
20412
774289539072
47258883000
4536
24192
23337720
3456
5462360064
10890936
567
31752
22861440
279936
81
169344
85349376
330301440
163258675200
1269789696000
81
3919104
81
23814
3402
2835
9
15431472000
514382400000
403107840
6561
9405849600
3266533992960
576
2204496
27653197824
31752
111106598400
548674560
81
21337344
81
81
14511882240
30474952704
35429400
15240960
72
1492992
1791590400
26011238400
4536
31104
9
979776
2239488
5103
30965760
41472
6561
29859840000
111106598400
648
4032
148142131200
23410114560
729
81
64012032
219469824
4199040
81
227598336
9
81
9258883200
1285956000
9
128024064
7257600
81
163296
7501410000
20736
169344
9
174992892480
155520
68584320
680400
2612736000
322486272
66663959040
48168960
22574039040
66382848
6273179136
806400
32805
4536
4898880
1106127912960
21337344
192036096
155520
5290790400
685686435840
774289539072
3097158156288
81
222213196800
93350880
5573836800
9
1053696
225792
9
81
729
3456
25920
1778112
19906560
27648
81
31752
74680704
387144769536
9
24696
648
729
245806202880
12962436480
1632960
141087744
81
2322432
27216
1451520
9
263363788800
648
729
16464
4665600
31752
81
1016064
33067440
81
81
2400451200
787468016160
150493593600
81
20316635136
108864
31104
74088
3823652044800
5832
4536
142884
589934886912
282293061120
3840721920
4702924800
648
648
576
13226976
48372940800
4032
96018048
35271936
3810240
35721
5927040
1492992
196830
98322481152
81
35721
1000188
1382659891200
729
10287648000
81
5184
34992
4081466880
6858432
10321920
36288
518400
197568
81
94058496
1016064
729
186701760
1306368
9
729
141120
3456
193536000
94058496
729
81
81
81
5925685248
1355006693376
193536
81
81
34992
1806336
4938071040
9258883200
9
3810240
648
66134880
576
9
33592320
114709561344
2857680
2939328000
274337280
284497920
1016064
9
81
228562145280
81
47795650560
218741115600
31104
9
729137052000
34992
3136
136080
9797760
806400
24696
81
9
9754214400
200037600
46294416000
214326
16387080192
9
617258880
17557585920
144506880
4761711360
9
86416243200
729
2844328919040
181440000
13934592
16728477696
61725888
9601804800
193536
133327918080
22856214528
164602368
1338278215680
9
39016857600
31752
914457600
7558272000
3528
758661120
611529523200
13332791808
2903040
648
91445760
94058496
16003008
81
658409472
73483200
4536
6561
81
181398528
5598720
2400451200
1280240640
729
20160
9
7838208000
81
1463132160
5927040
1741824
3528
329204736
61725888000
20995200
5806080
1371686400
111106598400
9
9
9
648
2985984
209952
153090
81
13063680
81
8101522800
81
9
22304636928
6913299456
304749527040
9
1574640
51840
178362777600
5832
9
1322697600
729
3009871872
49601160
680400
177770557440
7255941120
632073093120
1224720
15676416
2645395200
4572288
35271936000
241920000
20575296
4096
6348948480
444426393600
165337200
197568
204120
2322432
870912
984150
211680
4536
20155392
1493614080
250822656000
77686898688
5080320
17635968
648
21337344000
3969
81
222264
268738560
17146080
648
4408992
4608
320060160000
3969
81
5290790400
261382464
20575296
2304433152
190512
279936
624974616
47775744000
9
10455298560
365783040
71108222976
201553920
5511240000
285768
40768634880
81
8778792960
2341011456
1646023680
211631616
57610828800
9
729
14288400
81
5184
40824
1327656960
1327353495552
4374
25194240
9
1250235
1290240
127008
9
4536
321489
77760
37158912000
250822656
28224
81
576108288
3292047360
1327104
2834352
29262643200
117573120
203166351360
14402707200
6967296
1088640
729
309657600
6481218240
418037760
53343360
279936
41472
640120320
1469664
244944
486
13122000
225042300000
81
137168640000
729
918540
576
178437095424
1224720
4032
9
1106127912960
68307950592
14402707200
15801827328
103699491840
81
1469664
20003760
167215104
123451776000
29160
20412
648
165337200
720135360
774289539072
163296
648
30862944000
14582741040
648
729
27216
7501410
2457600
648
45349632
217728
81
27648
5184
2275983360
9
17635968
840157920
290304
81
378000000
5832
1458274104
1791590400
8260976640
729
81
80655160320
80621568
9
836075520
729
257191200
169375836672
648
21952
61725888000
762048
81
138240
81
5184
576
31752
82301184
34836480
5225472
179159040
8230118400
648
30105600
3009871872
41150592
259248729600
9
7681443840
9797760
714256704
3810240
2939328
4608
127545840
1224720
3888
3645685260
4166497440
975421440
1088640
81
5143824000
729
48771072000
5184
9
20736000
30618
729
174182400000
254016
4536
5103
4608
5184
9
2520473760
324060912
81
105345515520
5832
201637900800
250822656
138240
4232632320
28570268160
81
30618
9144576
18144
17923368960
460886630400
729
729
61247512368
967861923840
81
207360000
83607552
5184
10973491200
903168
161280
9
36578304
4115059200
23147208
3657830400
9
1306368000
81
870912000
2194698240
9
112021056
5832
222264
870912
14288400
290304
29160
9
6584094720
2000376000
258048
6401203200
1394039808
177811200
136080
27648
9
6561
52488
9
81285120
62705664
729
81
31752
2520
696729600
729
5103
80015040
1254113280
510300
576
9
648
44789760
7112448
1143072
48384
157464
36578304
648
6021120000
1185408
17280
3936600
240789749760
5419008000
7348320
414797967360
81
726062400
5832
12042240
147456
2891341824
8360755200
51438240
40824
158723712
176359680
371589120
3086294400
729
4536
1289945088
1806675591168
75582720
2799360
457124290560
34720812000
104044953600
81
9
9
1679616
432
217728
23514624
9
110592
829440
4608
9
25092716544
8332994880
413343000000
1224720
18811699200
24192
19845000
451668897792
58786560000
548674560
4536
14336
1428840
26665583616
82978560
3224862720
99995938560
89616844800
6772211712
44442639360
729
5556600
2645395200
3048192
112917224448
6220800
296284262400
4978713600
648
81
128024064
44789760
3528
67184640
609499054080
214326
17635968000
81
5184
975421440
108864
16336404
138265989120
25194240
5832
9
9
254016
1350253800
4644864
122472
81
81
184354652160
5786802
6561
24494400
72013536000
36279705600
13716864000
3456
293932800
4536
181440
8401579200
5184
222264
3359232
648
44089920000
146313216000
72335025
104552985600
634894848000
1659571200
30481920
253957939200
39366
5927040
19591041024
177770557440
648
8503056000
576108288
185794560
4536
1750329
1481421312
28224
3333197952
6718464000
193536
4286520
166698
3888
1693440
903168
9
426924691200
15116544000
5952139200
9
11430720
4180377600
6561
31752
41617981440
243045684
11612160
1088640
172872
81
31752
17557585920
95234227200
2032128
729
81
15240960
188743680
23814000
19906560
243855360
36288
16387080192
153628876800
46656
1354752
580849920
391910400
1254113280
105840
288054144000
31752000
5832
504
81
1399680
729
1536288768
4032
1632586752
126023688
1543147200
9
648
290304
11019960576
9
448
29393280
1517322240
62985600
27433728
385786800
367485074208
9
11059200
38220595200
1741824
9
1417176
2540160
5160960
146313216
4374
5143824
207360
15116544
9364045824
9289728
181440
2160
36864
729
214990848
27648
729
6220800
41472
720135360000
45158400
32805
15552
3265920
21168
11851370496
1666980
9
44789760
138240
1161216
29160
5511240000
209952
1659571200
81
790272
18966528000
2904249600
7023034368
81
48157949952
653184
691200
870912
27216
146313216
77157360
4800902400
1143072
284432891904
31352832
54190080
10450944
82959593472
3793305600
32256
279936
373248
4032
9
81
21604060800
81
553063956480
222213196800
2489356800
2304
729
54867456
9
5832
5832
1244160
30618
81
648
783820800
3048192
428652
387072
20736
44089920
30098718720
5832
4536
138915000000
9
6220800
3440640
295950090240
995742720
29160
648
14814213120
9
2239488
28224000
162533081088
4761711360
5184
576
7464960
2645395200
9
2370816
29393280
49601160
4608
4938071040
6721263360
309657600
5184
5643509760
155520
9
6531840
11379916800
552960
222264
9
1959552000
16124313600
1209827404800
313528320
141087744
729
648
802816
138297600
129024
3360631680
36288
165888
285768
4536
8503056
2809213747200
25804800
132120576
65345616000
37791360
9
9
870912
23514624
31603654656
9
4032
24192
75582720
172872
345664972800
48009024000
290304
81
28901376
40824
34992
576
72
81
1451520
81
6858432
729
117573120
24192
617258880
705600
34992
6827950080
81
564480
2778300
9
9
555532992
9
54867456
81
2939328
9
43758225
214326
40824
576
36288
5833096416
1264435200
81
639974006784
81
7054387200
16930529280
119042784000
36870930432
9
36288
151732224
81
109734912
174182400
24576
9
20412
81
7348320
688905000
331776
4536
466647713280
22680
162570240
4354560
18728091648
7838208
9
81
2427715584
6718464
4608
81
2048385024000
81
81
72
145827410400
25920
30618
8928208800
145152000
248832
81
6667920
294967443456
195910410240
5689958400
282175488
49787136000
1327104
729
81
237180384
81
4445280
4536
8641624320
983224811520
729
729
9680832
3674160
29872281600
7257600
448084224
81
81
2488787804160
23514624
326592
1088391168
81
1714608
15676416000
36288
3888
362880
20412
290304
81
81
648
166698
4374
152374763520
699840
71425670400
12400290
3556224
66162436200
5103
1161216
1592524800
648
1097349120
368709304320
48554311680
7255941120
979776
204120
158018273280
9
257132413440
762048
9
110224800
225740390400
81
65028096
648
235146240
13934592
9
6635520
1658880
5143824
1517322240
2612736000
9
136559001600
9
28224
576
2985984
583200
2099520
25920
13226976000
1504935936
3889620
6804
41990400
9
9
655483207680
1428840
18370800
46294416000
11202105600
4064256
36288
512096256
27659520
47795650560
81
752640
729
81
217728
6827950080
81
41803776000
5878656
22044960
406332702720
81
37791360
302330880
9
9
5103
1991485440
34992
729
8918138880
12802406400
1045094400
2939328
29628426240
4374
27216
4608
4536
4800902400
21003948
70013160
1306368
555764464080
45008460
576
4608
9
9
210928932900
28224
952560
1088640
217728
419982941952
81
9
6096384
122903101440
65028096
24696
816480
560105280
3359232000
39998375424
30481920
5832
4608
457228800
1102248
81
5103
2592
31104
12192768
5832
53569252800
486091368
2204496
1763596800
102876480000
765450
648270000
46656
507915878400
21849440256
4800902400
4572288
10713850560
9
48771072
313528320
1175731200
648
7620480
9754214400
81
368709304320
4536
5832
81
448084224000
81
217728
30481920
9
9
81
15362887680
46656
81
1088640
648
388800
5143824
53770106880
1410877440
4705960
164602368
648
81
81
97542144
3483648000
10369949184
138883248
30618
1451520
120022560
5834430
1469664000
544320
30618
9217732608
948109639680
57153600
22044960
9
1428840
12700800
214326
979776
186624
57802752
15431472
161280
583200
9
2000376
4299816960
940584960
9
41472
729
648
17010
9
533433600
5832
26885053440
2304433152000
846526464
975198486528
338688
3528
1404928
34836480
2633637888
81
126023688000
9144576
806400
4572288
1492992
37498476960
9
648
4644864
40824
1679616
3888
153628876800
9103933440
81
254016
4478976
729
81
13888324800
1399680
78066229248
9405849600
19440
1045094400
41287680
290304
648
274337280
94810963968
28576800
31104
889056
193536
433520640
39680928
318504960
5334336
6721263360
81
105345515520
8571080448
2124251136
10287648000
9
3969
54867456
7144200
168031584
32920473600
217728
42007896
34836480
36288
30105600
209018880
12290310144
4096770048
524880000
648270
3240
7838208
4976640
544320
1071630
270888468480
2286144
1632586752
5832
571405363200
648
2893401
261273600
18816
9
9
711244800
103699491840
178605
104976000
193536
7803371520
4976640
326592
5184
1835352981504
362948221440
2799360000
20575296000
5184
1333584
86416243200
1355006693376
33868800
729
72
1492992
632217600
576108288
81
94080
967458816
1143072
40131624960
81
5202247680
161280
122880
81
256048128
1567641600
4536
34992
165888
3810956325120
81
2880
7715736
729
2939328000
81
5356925280
5184
81
36578304
52672757760
23328
480090240
5832
80015040000
1976051427840
116688600
5715360
1672151040
4374
9
948109639680
5401015200
81
9
1653372
10160640
3657830400
5184
9
26138246400
9483264
7900913664
11757312000
423263232
69657034752
4032
41150592
27648
1274019840
290304
81
793800
373248
4608
1632960
145152000
81
79009136640
81
36288
81
987840
34992
35721
9144576
3485099520
1607445
1574936032320
918540
1679616000
648
1070176665600
215080427520
9
214326000
292626432
780337152
648
34992
31352832000
5184
54867456
648
9797760
217728
3240609120
648
37791360
326592
64497254400
13547520000
29160
150528
3135283200
6561
81
14002632000
166659897600
411505920
81
81
258096513024
36288
11022480
81
2257403904
4096770048
3024
147483721728
9
171460800
228614400
9
10838016
3715891200
4777574400
159993501696
22680
60963840
9
46656
81
1105920
1741824
711082229760
354294
361184624640
28677390336
666792000
20163790080
46820229120
222264
14171760
2916
5103
729
13063680
1327104
1445068800
5103
21069103104
362948221440
81
39680928
52488
18882232320
987614208
5225472
4032
313528320
1959552
8890560
36288
72576
5334336
85349376
648
303807105
648
267846264000
31104
293932800
7348320
204120
24192
1851776640
81
2962842624
729
685686435840
74071065600
81
22143375
78732
17496
114307200
81
544320
4389396480
729
1161216
51438240
12039487488
18139852800
248935680
2106910310400
1148175
2204496
32256
5761082880
320060160
320060160000
1481421312
9
609499054080
37623398400
406425600
5225472
27869184
5832
35404185600
5878656
1306368
25088
7464960
16124313600
1244160
729
225792
109247201280
81
41472
66679200
112021056
279988627968
81
648
8401579200
9
192036096
2143260
205752960
41803776000
648
326592000
9797760
5103
81
5832
6773760
254016
81
358318080
4608
164602368
13934592
336063168
31752
14511882240
195084288000
888852787200
6858432
161280
9
108884466432
1755758592
1632960
729
68600
81
440899200
729
103195607040
729
40507614000
13271040
576
1866240000
1270080
9
205752960
23337720
436988805120
648
477956505600
68584320
783820800
576
648
249707888640
26127360
9
9
23887872
72
153090
6531840
4374
576
4354560
24998984640
906992640
9
8128512
81
4608
5832
4267468800
81
729
69672960
145152
81
426649337856
20736
130056192000
27216000
4536
13168189440
729
150528
8890560
39191040
1928934000
9
8817984
23708160
81
10160640
5832
5832
3024
145662935040
272097792000
302330880
749123665920
131712
1555848
105815808
5159780352
2743372800
75582720
43748223120
26127360
503884800
7744665600
275562
729
1524096
7112448
470292480
648
113400
81
15872371200
2160
196830
9
169344
81
3199870033920
31752
9797760
21604060800
806400
895795200
34437376800
59256852480
18144
12859560000
170061120
648
81
14224896000
17915904000
188116992
729
6561
91039334400
256154814720
3359232000
213373440000
9258883200
112896000
4389396480
6889050
9
648
176359680
96446700
81
47029248
7471182096
165957120
204120
106288200
9
9
11289600
26671680
4608
3174474240
102852965376
278691840
3584
72
43893964800
64012032
7965941760
23410114560
146313216
1270080
6561
18289152
648
729
30965760
729
9289728
9
5832
55306395648
18228426300
81
50791587840
4665600
9
352719360
40824
5832
165888
81
729
7620480
3240
1170505728
8670412800
617258880
648
81
470488435200
20736000
146313216000
829440
9
2126649735
60718178304
81
130110382080
217728
9
26453952000
81
648
204120
46448640
729
65856
6561
23040
529079040
3333197952
11022480
290304
19595520
4444263936
9
204120
4608
38263752000
9
162570240
1016064000
29160
6561
9
9
4232632320
1105920
9
1354752
53508833280
3762339840
455196672
174960
25924872960
179233689600
3888
27216
19051200
29491200
3969
32256
2821754880
4536
191182602240
16257024
1105920
567
193536
1500282
729
211631616
497871360
81
1061683200
29503488
155549237760
24883200
62705664
2624400
4199040
3528
1194393600
1024192512
8294400
23147208
85050
31752
314928
81
4536
28570268160
9
1219784832
2239488
9
512
33339600
377913600
4608
597196800
648
37035532800
6584094720
3919104
357128352000
19353600
81
8398080
6502809600
2389782528
72
32256
576
4536
9674588160
159252480
5184
4096
81285120
261273600
648
27869184
226748160
1555848
7644119040
16647192576
54623600640
4534963200
18147411072
2286144
682795008
5103
9
421382062080
326592
4608
1714608000
10450944
555532992
81
342921600
9
1003520
487710720
41803776
36733201920
39366
41479796736
36288
4459069440
4374
103680
470292480
3135283200
43893964800
45349632000
164055836700
31752
729
9
4389396480
1007769600
567000
214990848
230443315200
10287648
13608
839808
5832
21504
170698752000
5038848
36126720
4976640
9
22856214528
9
729
9
645120
3024000
190468454400
217728
1004423490
1133740800
28449792
35006580
15676416
10287648
93312
3265920
9601804800
6502809600
133772083200
43545600
5600
4608
60491370240
81
648
233323856640
200037600
81
52488
5103
81
568865783808
5184
81
28224
162533081088
9483264000
16533720
227598336
145152
2116316160
367416
2893944959388
14814213120
411505920
7001316000
51209625600
504000
81
120960
4180377600
38887309440
5832
9
4536
447897600
96768
648
84015792
729
4032
155520
5806080
81
9
317447424
28217548800
729
41472
522547200
81
411505920
125440
9
185794560
32805
108355387392
1881169920
1119744
648
31000725
44089920
9
48009024
302330880
34992
59256852480
24192
2304
9
4608
81
411505920
26127360
20155392000
9
81
9
230443315200
52488
81
1119744000
65548320768
2351462400
115221657600
2560481280
320060160
1889568
41803776000
81
9
5184
933120
40310784000
3888
694416240
4425523200
30474952704
35721
34992
22499086176
1990656
925888320
166698
8001504000
2032128000
10581580800
1828915200
81285120
81
1881169920
326517350400
504094752
10450944
663552
109350
829595934720
81
35721
444426393600
6223392
50734301184
648
81
84672
67512690
9
1166886
1128960
225740390400
576
128024064
28576800
3240
56184274944
211631616
16588800
76187381760
484041600
744017400
31603654656
81
27216
252887040
576
141120
230443315200
3456
2205000
96018048000
2239909023744
1975228416000
42998169600
25509168
9
4608866304
4572288000
36288
36006768
81
4389396480
648
1851776640
1493272682496
81
268850534400
5184
24004512
1306368
705438720
81
92177326080
102060000
13826598912
1469664
282175488
81
7524679680
2275983360
648
12546358272
275562
1975228416
1244160
217728
34992
20168400
81
2499898464
1000188
4608
169344
551124
17142160896
290358577152
49380710400
812665405440
26453952
9
30965760
2488320
193536
13226976
3919104
398297088
3527193600
9
87480
14696640000
81
6350400
9674588160
9
28224
262440
36288
5832
3149280
373248
8817984
17557585920
81
193536
648
27783
175575859200
57610828800
94058496
729
30618
103699491840
840157920
81
222264
326592
217728
57802752000
27209779200
2645395200
127008
5598720
26873856
9
648
4500846
127575
12247200
302330880
9
189035532
77774618880
1646023680
329204736
46088663040
870912
235146240
1152216576
43352064
3969
3857868
190512
411505920
1680315840
4536
9
6667920
11612160
81
105345515520
2499898464
81
388873094400
1016064
165337200
382725
367416
8128512000
109734912
14285134080
9
37035532800
254016
2025
5184
5103
564350976
26754416640
4608
4536
9
81
2777664960
1580544
50409475200
81
27216
1152216576
358318080
140026320
20808990720
377644646400
576
63489484800
19914854400
7618738176
304819200
262440
317579693760
106212556800
504
576
11612160
1470276360
22579200
8193540096
9
81
34998578496
1185408
12446784000
25924872960
2388787200
5184
9
2286144
17923368960
3240
6172588800
11943936
31752
9
729
81
567
27216
94080
244944
729
24385536
57140536320
28672
648
6049137024
150528
181440
9
46656
196036848000
13996800
1935723847680
81
2080899072
233280
81
27216
729
6858432000
81
139994313984
11430720
9
1224720
9217732608
41150592
3969
25515
648
5120962560
1097349120
648
31104
12192768
2032128
677376
4536
27209779200
4608
31104000
74649600
5103
20995200
3528663264
81
49380710400
6096384
52254720
15676416
4898880
1360488960
158760
20901888
244944
504
2560481280
51438240000
439122539520
104044953600
5878656
76187381760
123451776000
4032
81
28677390336
81
81
81
313456656384
2999878156800
2508226560
1828915200
72
24690355200
55987200
31752
648
6613488
468202291200
145152
27648
16460236800
1344000
121927680
597196800
2880541440
5832
62426972160
113374080000
409677004800
141120
19208
648
373318170624
112896000
53770106880
9
9
622080
18496880640
161310320640
504
108380160
33443020800
149299200
552960
653034700800
60963840
9
7900913664
9
80621568000
8001504
1119744
6742112993280
20412
1327353495552
3675690900
41803776
62705664000
20160
81
9
30245685120
81
20155392
5184
158018273280
326592000
4180377600
551124000
729
17010
81
9
842764124160
5103
5445468
729
635040
62219695104
395045683200
21168
5184
567
548800
1097349120
425152800
9
125971200
23328
27216
88179840
9
729
864360
9
10032906240
9
4286520
9
35115171840
3456
290358577152
79996750848
270888468480
326592
130636800
326592
127008
1040449536
648
19756800
154828800
41472
829595934720
42998169600
474054819840
4800902400
8465264640
3888
1088640
648
31104
4032
31752
24192000
13377208320
81
15805440
127008
2903040
11705057280
81
1016064
4133430
41334300
3386105856
108864
145800
81
6531840
10501974
81
213324668928
209952
30618
5184
729
81
81
22680
653184
5832
233280
306180
5184
5184
567
2239488000
2654208000
4032
25515
5080320
158018273280
2822400
576
134456000
9
38236520448
81
1975228416
1322697600
512
82301184000
30618
81
318504960
71680
466560
1259712
349920000
175575859200
73741860864
441
36870930432
81
5443200
583443
24192
10838016
979776000
648
18144
5486745600
648
190512
81
1224720
7255941120
14515200
47795650560
889056000
145152
352719360
2275463135232
9
5120962560
104509440
734832
15676416
1194393600
1053455155200
20003760
648
1254113280
10883911680
36288
1792336896
4644864
648
217728
6531840
5184
999959385600
8641624320
153090
9
27216
62426972160
19845
11664
27216
81
158723712
6561
9
84652646400
6613488000
1632960
29160
308629440
1354752
5878656000
126023688000
5334336
161280
3511517184
29042496000
2133734400
163258675200
1248539443200
648
49787136
952560
716636160
705438720
34284321792
6613488
2962842624
11757312
648
81
9
6613488
81
258048
61725888000
41472
1672151040
17640
635040
432081216000
987840
9
203166351360
4032
279936
1492992
270950400
9
4536
5017600
23147208000
82944
161310320640
52488
7524679680
30618
4608
3888
504094752000
1574640
290304
561842749440
30618
24192
1587237120
952560
729
4667544
729
720135360
4082400
508032
4536
85730400
2601123840
440899200
134369280
52488
9
278691840
27088846848
82301184
9
4115059200
5832
58330964160
81
2006581248
22680
248005800
509607936
92177326080
3061800
680527915200
81
729
81
1170505728
81
300056400
5184
116169984
9
4761711360
5334336
28805414400
2962842624
4032
729
169344
711082229760
979776
12697896960
264539520000
9
314928
36288
529079040
376233984
134369280
69672960000
9
1224720
81
4374
38102400
23328
1620304560
65840947200
45722880
285768
829440
72
1785641760
7315660800
25194240
968083200
49601160
193536
182891520
3780710640
9
13716864000
648
240045120000
213373440
5184
576
81
48009024
7001316000
30481920
5184
7257600
70543872
81
33606316800
4374
4536
154793410560
11854080000
100776960
729
36288
529079040
1741824
81
9
884736000
39191040
285768
6531840000
13168189440
32256
816480
27653197824
944784000
36864
94058496
1213857792000
9
36288
6350400
169344
1360800
822823723008
165888
279936
4032
576
2275983360
92177326080
40824
33592320
132269760
1866240
300056400
19752284160
234101145600
24192
3483648
81
990904320
729
729
49009212
9
544320
48988800
9754214400
11757312000
648
5974456320
190512
5184
648
93312
61725888000
347208120
6561
26127360
186701760000
252887040
22394880
81
77157360
9
1377810
9
82668600
8128512
10450944
2508226560
384
322560
2667168000
576
16460236800
382365204480
86032171008
1199951262720
11147673600
1959552000
1020600
9
648
576
1612800
2239488
81
14224896
5184
522547200
1254635827200
34992
81
1194891264
3386880
19440
29872281600
33067440
322560
117573120
571643448768
881798400
34992
135475200
2438553600
2239488
1679616
435456
9
147483721728
729
4032
2304433152
9
6858432
26336378880
729
1524096
8890560
122444006400
16124313600
853493760
9
9
9
5832
648
68584320
121927680
81
4032
107163
5832
4536
3136
512096256000
14224896
294912
81
179233689600
81
9
120960
6913299456
81
501645312000
166659897600
9
816480
5225472
56899584
18895680000
15876
455196672
10241925120
648
504
1851776640
3186376704
279936
1889568
81
17856417600
597445632
12192768
81
648
240045120
72
940584960
5852528640
30618
137682944
92897280
5878656
73156608
729
15931883520
254016
81
339738624
24192
9
26435125248
40642560
940584960
1778112
451668897792
34292160
19595520
20736
729
214326
2293760
196830
184320
23147208
4013162496
896168448000
3779136
136080
214326
29160
9
10585989792
198404640
648
9144576
1088640
790272000
16994009088
3951360
36864
190512
1755758592
81
3318383738880
2048385024
648
12247200
729
31104
9
576
576
335923200
309657600
2222640
729
4389396480
1244678400
27433728000
612475123680
11612160
6967296
77070336
702303436800
1327104
70543872
699840
4032
33030144
81
408146688
2633637888
10534551552
10886400
47239200
81
10838016
73156608000
9
541900800
5832
9644670
25204737600
1881169920
1463132160
352719360
571536
3822059520
81
567
32659200
9258883200
14046068736
108864
5103
1037232
9
9
26336378880
441
9
81
295245
47029248
1574640
555532992000
15482880
1393459200
12754584000
18966528000
81
39366
1959552
27216
40131624960
648
5531904
2834352
30862944
169344
17283248640
9
358318080
13934592
729
5103
4536
156764160
59049
32148900
729
20808990720
6967296
164602368
180033840000
118513704960
8193540096
5184
9
777746188800
476171136
120982740480
9
648
3888
36288
734664038400
9
81
81
1327104
4032
648
9
4764784500
155520
279936000
222264
186624
250822656
3734035200
609499054080
9
158760
3429216000
42674688
1632960
236196
9
5184
1143072000
4741632
409677004800
27869184
12446784
648
2194698240
557256278016
10883911680
233323856640
14814213120
228562145280
32256
8709120
331776
9
228614400
150528
190512
31213486080
81
541776936960
2972712960
5184
44255232
34836480
1607445
5832
1463132160
25082265600
31752
18289152000
81
13005619200
645120
7023034368
3024
138240
648
9
81
564350976
548674560
9
9
8001504
35721
9
376233984
2286144
3386880
23708160
9
36870930432
729
26244
81
5832
10001880
1896219279360
72
146374179840
567
987840
1512284256
1264146186240
5715360
9144576
268738560000
81
146966400
9
196036848
11202105600
8101522800
3034644480
30481920
3888
9
295245
158760
729
9
81
9
1190427840
46656
9
39207369600
5038848
576000
114709561344
648
68568643584
576
47405481984
460886630400
419904
81
11466178560
648
87480
23328
2592
3645
129624364800
9
453496320
290304
66663959040
4536
437400
1492992
10581580800
186624
413343
5103
258048
9103933440
22680
3528
5184
2880541440
6348948480
866843099136
114307200
26127360
5715360
729
3840721920
514382400
5832
9
107495424
81
7841473920
729
2352
729
120960
18579456
34566497280
891813888
132269760
11705057280
201553920
9
81
729
81
33443020800
746496000
214326
1524096
1741824
2286144
279936
729
648
244944
31104
1451520
5832
3402
55490641920
45148078080
20736
15240960
391910400
555532992
9
648
81
325140480
4374
1049760
2612736
1161216000
979776
16460236800
54177693696
5832
790272000
522547200
12002256
576
6531840
729
907200
1097349120
58786560
9
648
90720
1175731200
29160
244944
448
81
29160
34992
80015040
81015228000
57153600000
952560
1658880
5103
60011280
4232632320
4000752000
3981312
567
1714608000
975421440
680400
725760
77760
188160
1632960
81
88510464
5999756313600
6718464
14046068736
2687385600
1322697600000
81
4536
18811699200
63515938752
9
9
1580544
174960
648
6370099200
190512
437400000
150493593600
2032128
32805
5971968
2449440
4551966720
54010152000
60963840
4608
9797760
995328
32768
7962624
1837080
136080
197568
5184
117573120
3456
9
72236924928
648
9
995742720000
362880
19046845440
576
135444234240
23514624
5462360064
81
178605
32006016
4251528
666792
5080320
15801827328
51438240
120530818800
9
3703553280
36741600
5103
81
57610828800
5878656
3456649728
81
133772083200
65055191040
60963840
188956800
392
9
729
580608000
27648
9
5832
52488
9
9
33067440
36288
501645312
4536
30618
746636341248
81
1422489600
1316818944
120960
3556224000
13716864000
3240
81
80263249920
81
138726604800
9
147456
567
97542144
35554111488
153090
3870720
1371686400
5334336000
37748736000
68797071360
76545000
36288
376233984
8961684480
648
787320
360067680
36288
209018880
230443315200
78382080
72589644288
1555492377600
158760
8961684480
1306368
5184
729
5832
548674560
4837294080
138240
9
16003008
64812182400
867041280
497871360
1111065984
23410114560
17635968
20808990720
9
1486356480
1440270720
1045094400
256048128000
25604812800
4800902400
762048
35115171840
5832
26040609
279936
252829237248
40967700480
648
4374
23410114560
729
11757312
3402
24696
107898470400
12192768000
16329600
3732480
564480
5556600
81
111523184640
42998169600
140460687360
16533720
261273600
22759833600
504
81
2323399680
9
1143072
3572100
100776960
627056640
677221171200
100800
85730400
161243136
881798400
256048128
204838502400
839808
219469824
9
35271936
81
81
627056640
5643509760
9
903168
3969
28672
23814
1143072
196830
2430
71442000
120982740480
19595520
729
567
713451110400
599298932736
925888320
3528000
9144576
81
41472
9
20412
7501410
5832
648
52907904
1224720
5832
9
71124480
1224720
81
65318400
186624
247726080
6561
6773760
81
9335088000
877879296
9
61725888000
9
81
9
196830
163296
5103
128024064000
54867456
5184
5038848
69672960
7838208000
104509440
46088663040
4762800
5555329920
907200
6772211712
9797760
729
729
81
118908518400
81
30346444800
8817984
10534551552
25082265600
1088640
73156608
9
20995200
4536
90016920
474054819840
36288
72913705200
1210104
3703553280
81
576
1058158080
262440
213373440
435456
648
2160406080
81
50388480
35721
729
107520
81
10581580800
9
32256
222264
209952
32256
5832
448000
27216
122903101440
148142131200
585252864
22039921152
37200870
11098128384
63504
208324872000
9
729
3732480
9
27648
903168
40824
209952
972405
36288
944784
74401740
648
83607552
21781872
153055008
39191040
47029248
31752
874800
81
3919104
145152
5160960
288054144
2222131968
81
1814400
1215228420
265531392
15116544
250047
9
5184974592
9
9953280000
8573040
9
24494400
10160640
39680928
23044331520
214990848
5184
414797967360
172032
36288
190512000
53569252800
31752
163296
4536
737418608640
139968
157464
979776
716636160
30474952704
11430720
4898880
29160
5715360
648
22680
283115520
244944
70543872
7257600
4920750
81
140619288600
9
1147095613440
1244678400
576
17781120
9
88510464
40824
349985784960
4096
81
5184
233280
2857680
567
1161216
128024064
238085568000
1492992
1028764800
648
81
174960
97542144
1672151040
233377200
10924720128
705600
13604889600
5184
316108800
81
2799360
41472
12697896960
72
81
10455298560
86016
122472
81
21772800
14171760
51597803520
9
152374763520
81
644972544
10450944
405
32256
105815808
3188646
36288
3048192
81
41472
1560674304
1813985280
279936
11757312
238878720
367416
244944
28224
13826598912
22674816000
244944
141146530560
167215104
1259712
92177326080
22221319680
165888
17557585920
522547200
282175488
1344252672
9523422720
32256
3200601600
71442
967861923840
19906560
32256
70013160000
8264970432
21337344
8062156800
36288
5184
262440
729
5143824
493807104
17146080
121927680
1741824
10287648000
1399680
81
102060000
3969
194436547200
10032906240
648
81
219469824
5832
12485394432
133953750
729
330674400
331838373888
31752
109734912
18289152000
9
768144384
39033114624
94478400
27095040
93312
10077696
81
99574272
648
19752284160
729
228614400
285768
268850534400
1102248
2655313920
27648
146932807680
373318170624
729
81
4536
2580480
316108800
544320
5184
9
81
729
25920
29760696
903168
9
774289539072
9
2633637888
6561000
88179840
1481421312
18144
4032000
1179648
1215228420000
219469824
233280
48977602560
62219695104
31104
81
648
14108774400
627056640
161280
207360
44789760
190512
16721510400
257191200
6096384
648
45927
384072192
177770557440
3386880
27227340
30618
4161798144
1531187809200
14108774400
648
1003290624
1180980
8128512
3601500
9
81
648
3969
1632960
37324800
21168
197568
176359680
9
90296156160
9
8890560
352719360
470292480
734832000
5443200
165888
29160
207360
743178240
510395936400
2430
26671680000
18749238480
9
3538944000
244944
13544423424
209952
648
6531840
103723200000
648
729
1175731200
2370816
254016
6123600
9
1259712
81
155520
5184
26671680
640120320
14224896
419904
81
24998984640
4741632
8401579200
8961684480
6021120
23514624
2032128
491612405760
6531840
418037760
9
5103
2116800
9
1175731200
457228800
6172588800
3527193600
2323399680
81
26542080
1928934
153664
7838208000
9001692
30618000
4032
1161216
3762339840
24192
9
153090
540101520
925888320
4586471424
8573040
7257600
576
5377010688
81
229635
36288
3627970560
7620480
81
22221319680
504
116661928320
81
9724050000
2286144000
96018048
12002256
8297856
165957120
9
9
66134880
30481920000
21168
648
243855360
23328
83349
4389396480
7838208000
9
35554111488
9
81
244944
729
2286144
9
13124466936
8890560
729
9
870912
27311800320
118513704960
142248960
60963840
39504568320
41472
39016857600
3888
4608
256048128000
34828517376
1259712
1646023680
944961619392
648
68584320
399983754240
567
80048379600
145152
3528
2116316160
374561832960
987840
60963840
1143072
9
18289152000
9
48771072
36288
1959552
81
41472
604800
6001128000
26127360
2204496
4629441600
3584000
40131624960
222264
1881169920
4299816960
3888
210691031040
816293376
5143824
30481920
4702924800
184354652160
25604812800
81
1399680
729
39680928000
4592700000
77760
514382400000
24690355200
89616844800
5184
373248
47029248
81
3359232
3969
9
331776
6049137024
27869184
9
40642560
29491200
3703553280
84371573160
11289600
167961600
81
341397504
3401222400
537600
1071630
32256
9
274337280
30725775360
512
31752
308629440
72
21168
336000
648
729
508032000
104509440
35562240
24192
109760
27648
729
79009136640
81
120932352000
46656
81
4374
326592
329204736000
648
118513704960
72
81
326592
121899810816
5334336
729
6667920
131220000
52907904000
648
316036546560
16994009088
41287680
321489000
6096384
40824
44998172352
14880348000
81
9
648
12039487488
268850534400
729
259248729600
36864
285768
26244
12802406400
4536
9405849600
3627970560
729
612360000
290304
448
802632499200
45722880
5103
9
21504
81
22680
9
914457600
567
1128701952
6889050
3527193600
729
30725775360
2540160
1388832480
81
81
139968
277766496000
1296243648
81
729
648
9
1469664
567
136080
81
81
9
729
169344
24192
39366
30481920
15049359360
14467005
4536
614400
98761420800
207398983680
729
9
297606960
426746880
81
11609505792
9
244944
870912
9
5832
80015040
12247200
31752
55738368
180592312320
96745881600
5103
1062125568000
96768000
38896200000
21870
57153600
2560481280
15431472
33748629264
23328
8062156800
860160
31757969376
9
9289728
483930961920
20412
1587237120
9
20163790080
4762800
41472
24192
27216
221184
17915904
484041600
14402707200
19756800
81
21069103104
9
444528
729
1234517760
381024000
72589644288
9
34836480
41803776
653184
81
648
419904
23514624000
81
42865200
836075520
70543872000
4837294080
16595712
217728
2286144000
576
4779565056
64297800000
1143072
10581580800
46656
14696640
190512
4536
9
3456
55987200
609638400
7715736
169344
248832
302330880
64812182400
174960
373248
5806080
1310720
33067440
28576800000
66663959040
447897600
169344
5103
17694720
178605
9
123451776000
74071065600
105345515520
3170893824
2962842624
45722880
21946982400
30098718720
544195584
86416243200
36288
23328
87787929600
40824
9797760
28576800
2880
181440
108864
9
231472080
30618
117099343872
55306395648
4032
27783000
106686720
9754214400
244944
4572288
112896
705438720
504
24385536
188116992
26453952
81
30618
9
729
8128512
9
2645395200
729
5443200
5832
25088
979776
1259712
853493760
106288200
658560
6858432
9
1950842880
1735643790720
13996800
4445280
46656
4032
32256
24192
7838208000
15552
23147208000
8128512
729
103699491840
25798901760
24772608
81
9
34992
6123600
4608
129024
3344302080
729
9
16052649984
3888
729
9
65028096
81
343000
900169200
64800
16803158400
6123600
576
23702740992
5184
24580620288
12697896960
31000725
19595520
39191040
2520473760
648
600112800
1399680
15676416000
86032171008
244944
244944
209018880
83607552
34292160
146313216000
4898880
9
46656
9
87787929600
9
25194240
191102976
445906944000
36288
9
9
9
1244160
576
170698752
67184640
729
403107840000
648
81
16930529280
24772608
77774618880
47795650560
7255941120
4374
108864
279936
9
81
81
81
2133734400
3969
6584094720
648
81
1828915200
5184
56435097600
18144
81
1422489600
17203200
3306744000
211631616
21337344
205752960000
19131876000
10404495360
12290310144
32659200
4608
1333584
752467968
75582720
5184
3265920
612360
1354752
39504568320
23328
1161216
477757440
29859840000
705438720
648
27648
21772800
285702681600
96446700
90699264
4389396480
357128352000
229582512
64524128256
40824
7779240
729
5832
729
2972712960
4898880
4032
7348320
81
1783627776
737418608640
50791587840
2601123840
15746400
217728
5184
2821754880
157464
17635968
4572288
195084288
40824
24192
41803776
46820229120
26665583616
914457600
983224811520
5832
16128
5184
81
18811699200
576
295245
23224320
6561
5184
1991485440
193536
6298560000
9
2275983360
44089920
259248729600
4374
4877107200
326592
19443654720
81
395045683200
9
25395793920
256048128
327741603840
36733201920
6561
20160
54867456
1074954240
9
3456
81
9
5832
7348320
81
64297800
30098718720
4374
9
109734912
6718464
14288400000
9
81
9
4478976
51209625600
193536
3483648
9
12962436480
81
4286520000
29760696000
634894848
92588832000
203166351360
648
9
9
729
6019743744
68024448
4572288000
877879296000
24192000
896168448
43208121600
81
18670176000
1049760
619173642240
2352442176
6096384
740710656
411505920
153090000
183708
36288
11668860000
1800338400
5016453120
81
81
189621927936
129624364800
9
113799168
967680
142216445952
435456
648
64012032
1333584000
325140480
104509440
16200
13122000
190512
1058158080
17418240
5832
308629440
4032
107520
26127360
2116316160
81
987614208000
36288
9
24192
81
254016
4608
995328
16930529280
34836480
47029248
29405527200
13502538
9
32148900
205752960
298598400
127401984
619173642240
497871360
23702740992
648
116530348032
648
1428840
5103
653184
3023308800
316108800
423263232000
81
176359680
73156608
648
172832486400
165337200
729
5832
1417176
34012224
145800
1037232
5399780682240
4032
320060160
41472
729
9
4128768
5832
408146688
1175731200
11757312
8360755200
42326323200
31752
6220800
3792438558720
3011125985280
81
87516450
774289539072
87071293440
933120
82944
84687918336
671846400
8153726976
20901888
576
1474560
480090240
9
1102248
408316749120
186624
5832
124416
411505920
13604889600
143360
9797760
3456
1536288768
36578304
725760
81
2015539200
13226976000
729
5486745600
648
729
648
81
567
61451550720
136080
903168
4999796928
81
9
22861440
18811699200
162570240
7166361600
617258880
58525286400
9
6481218240
50388480
3732480
13716864000
95591301120
290304
67976036352
246903552000
3571283520
729
37340352
553063956480
204073344
4608
253957939200
9
175616
45875200
161280
32248627200
729
189665280
998831554560
11757312000
5103
59256852480
5184
8398080
53770106880
5103
4536
254016
9447840
2389782528
1254113280
2149908480
12039487488
2322432
9
6502809600
648
5511240
729
16329600
5832
27783
1185408
4536
4465125
1799926894080
9
17414258688
2430456840
22044960
15237476352
33067440
9
8778792960
46242201600
135444234240
1791590400
28934010
9
7144200
4536
338688
39191040
1066867200
1016064000
47795650560
326592
1128701952
22861440
81
9
1161216
576
13271040
1613472000
2407897497600
648
576
266655836160
85730400
729
28005264000
576
110981283840
28449792
37456183296
1417766490000
1128701952000
658409472
250047
329204736
729
22861440
5103
8001504000
1741824
853493760
4608
5103
4608
7499695392
219469824
81
729
13335840
48771072000
217728
4161798144
9
648
6561
219469824
100800
360067680
81
840157920
277766496
101921587200
142248960
257132413440
576
33177600
8918138880
9
995328
81
23814
33861058560
11337408
135475200
209952
9
1225230300
5184
370355328
7142567040
2926264320
209952
33592320
1410877440
5945425920
4624220160
1219276800
81
5832
6220800
846720
648
219469824
213324668928
68584320
262440
32006016
580608
216760320
81
952342272
245046060000
3969
223948800
294055272
5511240
4233600
4354560
40824
648
78033715200
127008
14929920
23328
1944365472
1165303480320
9
3048192
3584
81
54867456
101583175680
1587237120
21242511360
2323399680
9
5103
20736
65318400
313528320
4233600
10160640
13063680
9
6718464
11522165760
64827000
59719680
61152952320
37158912
45722880000
975198486528
26244
4536
729
184354652160
49997969280
1493614080
27216
117050572800
352719360
163296
18063360
34992
4667544
10668672
5511240
40310784
278691840
648
4762800
18147411072
9
189621927936
13610558304
2341011456
113799168000
576
225792
179233689600
3402
648
729
141120
166659897600
213373440
3061800
192893400
52488
648
81
597445632
378071064
7348320
3703553280
9
750141
9
13063680
216760320
68584320000
9
4536
580717154304
181440
648
53770106880
27088846848
639974006784
46294416000
102852965376
81
9
9876142080
729
567
21069103104
30618
1492992
32256
84687918336
72576
28224
317520
2016379008
896168448
823011840
46675440
244944
81
648
81
4608
165919186944
136080
2743372800
31104
793618560
141120
2612736
9405849600
4214784
680244480
139968
11152318464
729
729
13436928
8817984000
105815808
4877107200
1975228416
222264
5832
12700800000
729
5184
307257753600
21432600
5832
516096
265531392000
32256
45927
73483200
9
9
840157920
7900913664
1111320
10241925120
36864
214326
1763596800
1920800
3048192
8497004544
548674560
9
3072
8888527872
60466176
9
3840721920
23044331520
1119744
1205308188
952560
3265920
81
335923200
1714608
796594176
64012032
192036096000
34992
72
233377200000
69363302400
762048000
25920
9
648
2987228160
186624
13271040
47795650560
9
9
548674560
27648
29160
4536
408240
9
2222131968
576
20321280000
66913910784
13716864
23814
729
5184
21168
251942400
9
6773760
82301184
1874923848000
143360
81
1488034800
9405849600
1741824
11337408
587865600
81
81
81
21073920
27648
209952
225740390400
14515200
37158912
648
967680
41472
21870
81
729
1219276800
23410114560
3240609120
329204736000
5080320
504
2667168000
975198486528
9
627200
3703553280
26244
46656
145152
50164531200
27648
65840947200
632073093120
29760696000
648
9
52907904
6967296
26244
352719360
13442526720
729
82301184
2764800
110612791296
9
40824
7936185600
559872
7841473920
4536
19046845440
137168640
2963520
46656
30965760
254016
602654094000
244944
32256
1185137049600
4608
20643840
5832
9
39366
829440
4608866304
76814438400
5184
940584960
190512
1229312
27433728000
1306368
41472
4115059200
4445280
19508428800
80015040
16203045600
27216
58047528960
5143824000
46656000
13226976
36118462464
39513600000
50803200
24192
1524096
44641044000
171460800
96446700
450084600
61917364224
81
729
7558272
51849745920
81
11113200
65840947200
4425523200
23702740992
97977600
1376256
1016064
8534937600
11197440
145152
204120
23814
9
81
987840
729
21168
3826375200
348364800
19289340000
278691840
105815808
17557585920
5832
81
14402707200
313456656384
13226976
438939648000
14336000
81
122472
326592
32256
568995840
72236924928
648
823011840
75246796800
1981808640
395136
648
68584320
204120
9
3402
3540418560
3950456832
1244393902080
35712835200
36288
290304
9
9
9
1693052928
16203045600
729
5184
170698752000
11202105600
1190427840
5486745600
1672151040
3584
3149280
355622400
9
331776
169344
440798423040
3810240
846526464
32256
81
4536
87787929600
561842749440
217818720
580608
29160
3429216
4536
6223392
160526499840
13377208320
285768
522547200
96018048000
16131032064
34566497280
81
274337280
139968
324060912000
3456649728
181440
972182736
1428840
4723920
50388480
81
36578304
648
48384000
18003384
102876480000
20901888
36288
68584320
4608
81
885104640
2239488
112021056000
6193152
4608
4032
7838208
148176
81
183708
729
1524096
43893964800
26127360
233280
3333960
10978063488
359985378816
648
209952
3901685760
81
5419008
21952
729
2194698240
1469664
335923200
25194240000
650132324352
81
3175200
1166619283200
400075200
190512
833299488
199766310912
588110544
1119744
696729600
2835
9
10158317568
9
34992
3810240
1433869516800
248832
290304
4032
4644864
630118440
25194240
186624
62426972160
19752284160
648
9
5668704
23814
1382400
9
81
81
19440
1020600
285768
1280240640
4536
1097349120
1058158080
125411328
41472
729
274337280
1646023680
79009136640
6348948480
21163161600
2240421120
3511517184
22394880
11147673600
222213196800
395045683200
4536
933120
729
382365204480
60963840
36288
3333197952
9
1493614080
9
3919104
9797760000
979776
30862944
9
884736
370355328
20575296000
81
225792
680244480
7257600000
1083553873920
376390748160
1548288
81
731566080
21257640
204120
88179840
13716864
580608
44442639360
314928
13226976000
53770106880
134425267200
138883248
648
112368549888
426649337856
11948912640
81
9
22044960
5832
9
27653197824
262549350
1074954240
31752
3919104
1028764800
686128968000
15240960
25194240
2540160
9
2204496000
245806202880
279936
4665600
9
81
2000376
27216
6270566400
36288
1469664
2916
9
76187381760
193536
155520
36864
4354560
5184
84672
158760
4536
183708
329204736000
3344302080
81
140460687360
612220032
1959552
5120962560
1354752
4115059200
5184
45927
4862025
138915000
399983754240
2091059712
130056192
81
729
201637900800
967680
7201353600
11851370496
4374
1219276800
3888730944
54867456
5184
52254720
2480058000
729
119070000
81
734832
35831808
5832
640120320
416649744
1896219279360
169344
203212800
309657600
50803200
7620480
168031584000
9
9
81
33067440
81
316036546560
2709504000
15752961000
29859840
914248581120
60011280000
72831467520
9
10668672
6743654400
3969
275188285440
5103
313528320
1285956
27216
38102400
45927
8164800
96018048
22044960000
4199040
132269760
81
4536
288947699712
240789749760
122903101440
125440
448
37456183296
123451776000
846720
285768
31492800
1728324864
648
288054144000
3674160
9
81
9
4374
27311800320
729
870912000
9
1451520
9
3186376704
32659200
41472
4536
9
5184
464486400
74088
729
9
81
41472
82301184
812665405440
7348320
33861058560
568995840
246903552
361184624640
1881169920
729
9676800
1327104
483729408
13276569600
114307200
6096384
576
168743146320
40642560
40327580160
648
702303436800
5103
55738368
72576
108864
36578304000
16460236800
81
27648
7838208
127008
9
9
3779136
81
829785600
81
384072192
12252303000
1500282
27216
9
1778112
507915878400
163326699648
166659897600
9
433421549568
75246796800
857304
648
5184
73156608
367416
2939328000
36288
162030456000
571405363200
5184
15362887680
128994508800
729
729
3810240
268738560
2645395200
1935360
666792000
84015792000
81
81
567
1632960
529079040
129600
26873856
9
2800526400
217728
14511882240
68040
1194891264
20160
504
720135360
816480000
1219276800
400075200
504
25920
52488
3402
205752960
27216
3919104
39829708800
9
6667920
81
31752
449981723520
81
9876142080
648
729
648
933120000
137625600
32256
629856
55987200000
38102400
41472
153628876800
6531840
225042300
147483721728
81
248832
1410877440
40824
27216
181440
274274574336
2765952
9601804800
9
36864
201553920
5184
3429216
48771072
5184
1672151040
648
648
7681443840
4374
870912
729
157464
47029248
221225582592
777600
4374
466560
2939328
10883911680
13276569600
32920473600
14224896000
446410440
95551488
153090
5832
20483850240
81
426746880
4032
42138206208
214326
12192768
12002256
9
148176
136080
209952
7561421280
729
104509440
12345177600
648
152882380800
78382080
645241282560
222264
10754021376
1828915200
9483264
320060160
17915904
9
178564176000
188116992
289340100
81
4354560
25920
9
524880
395210285568
5225472
1194393600
376233984000
10158317568
81
81
166659897600
648
2351462400
1428840
80655160320
38707200
81
341397504
17360406000
66679200
10081895040
47029248
373248
893025
27783
612360
30965760
10581580800
40824
252829237248
76814438400
28224
9
241965480960
145152
7936185600
995742720
5225472
120960
4032
9
201637900800
4354560000
28224
19752284160
648
81
9
9
4374
7023034368
648
17283248640
18144
155520
691200
9674588160
177811200
3762339840
729
9
1166400
911421315
48009024
2687385600
24494400000
21168000
486
233280
285768000
81
2893401
81
4779565056
2777664960
2178187200
81
20160
81
9289728
2000376
9
30245685120
576
648
52920
729
4096770048
5184
2116316160
80640
30618
1451520
170698752
995742720
5184
1800338400
34836480
729
93746192400
63489484800
81
576
9
6718464
648
145152
36288
462944160
729
81
648
9
67722117120
9
1851776640
31603654656
83980800
213324668928
48988800
746496000
81
918540
40967700480
25395793920
2645395200
7586611200
777600
41472
4608
81
1858719744
81
648
36288
295245
5971968
49997969280
182891520
24782929920
449474199552
4536852768
2000376
5103
9447840
81
648
40824
648
648
5852528640
8230118400
27088846848
8957952
729
81
3401222400
13826598912
81
571536000
995328000
3333197952
304819200
9
27216
635040
729
9
2699890341120
20575296
9
3483648
35721
576
103680
10077696
559872
705438720
254016
9
22680
8465264640
96768
58786560
411505920
5103
12544000
4032
34836480
141087744
313528320
36006768
41287680
385786800
4064256
9
87071293440
391820820480
9
8128512
54623600640
648
365783040
24186470400
12802406400
17010000
36288
186624
7260624
236196
18147411072
49766400
20995200
9
3888730944
261273600000
86416243200
4536
6021120
640120320000
29628426240
13610558304
5761082880
7620480
27216
5184
237027409920
241965480960
11147673600
21946982400
361267200
367416
8888527872
108864
729
81
2939328
106662334464
9
332943851520
1259712
56435097600
221184
4536
33191424
9
552960
35831808
1548288
243855360
29393280
2821754880
81
604661760
51438240
101269035000
81
1296243648
1058158080
9144576
597445632
4408992
463050
81
34992
5184
551124000
4147200
41472
21676032
193491763200
622080
3584
120022560
729
279936
166698
9
4976640
48372940800
32256
6773760
19840464
19046845440
40824
3572100
9
9
576
1959552000
648
497871360
9
23619600
169344
222213196800
1720320
20736
252047376
16263797760
1333584
81
1376514736128
55987200
3969
31352832
31104
3440640
81
9
5184
5184
1896652800
9
81
8709120
1259712
8164800
20412000
138297600
25082265600
88885278720
9
153055008
4013162496
627056640
9
31352832000
190512
1049957354880
1560674304
567
11757312000
1857945600
5643509760
3048192
285768
83607552000
648
155520
20736
11197440
116169984
5184
9
1300561920
81
2438553600
9
3240
16796160
13655900160
729
28224
8128512
13934592
12499492320
17418240
72
156067430400
4741632
648
19845
2116316160
365699432448
41489280000
729
133358400
81648
181440
72013536
2194698240
27216
5832
25920
5184
1632960
35672555520
17496000
23814
533433600
4608
81
120022560
5832
3429216000
1279948013568
261273600
1959552
45927
20160
576
5184
705438720
8707129344
9
8465264640
585252864
74071065600
1653372
161310320640
6858432
211631616000
292626432000
729
5643509760
49787136000
232339968
81
23224320
21870
13226976
81
2418647040
373248
3919104
9
157464
836075520
979776000
9
9
1451520
203212800
4353564672
52488
32659200
42326323200
7144200
677376
6773760
729
648
94058496000
84295680
576
27216
9
9
576
352719360
47239200
99532800
1524096
9
731566080
233280
163296000
25920
372008700000
81
648
148697579520
41472
6096384
396809280
81
81
5184
81
648
9
2267481600
1741824
179159040
311098475520
816480
177770557440
716636160
4082400000
85349376
79009136640
833299488
22861440000
7741440
27095040
9
31752
58330964160
8534937600
12602368800
169869312
1071630
20832487200
2519424
1523747635200
163296
9
648
9144576
790272
29393280
648
207360
1143072
3061800
4032
3072
9
352719360000
21168
45722880
5267275776
648
36288000
447897600
1302030450
648
23224320
9001692
486
729
326592
64012032000
9
1066867200
224042112
1843546521600
7838208
11337408
2778300
258048
9
2469035520
81
34292160
648
5184
25194240
1828915200
6666395904
81
123451776000
11379916800
6193152
6561
3888
17643316320
320060160
3024000
116640000
32774160384
5184
26754416640
9
181440
648
460886630400
171460800
33177600
155549237760
5832
21499084800
729
55306395648
285768
4374
9
1388832480
5808499200
3645
13547520
81
81
5103
81
3174474240
67436544
592568524800
4608
1306368
725760
1837080
1120210560000
14696640
1866240
135475200
99090432
648
26040609000
1143072
5419008
81
1290482565120
133358400
107520
9
2032128
8890560
9
3456
3359232
7112448
9
228562145280
9
504
29023764480
66679200
5143824
3732480
518497459200
5103
81
24385536
9
1166400
35115171840
21600000
5143824
1088640
5832
6561
5832
81
9525600
5184
81285120
81
303464448
688257368064
77760
3528
81
12754584000
46820229120
182891520
774144
103195607040
3888
2743372800
5832
108380160
4667544
120960
23814
33868800
729
576
979776
81
18139852800
78382080
165888
5184
31104
94058496
142248960000
548549148672
5832
76473040896
29160
729
112368549888
11287019520
81
1327656960
1296243648
40824
25515
9
5079158784
248878780416
4644864
34292160
31752
40642560
622080
46656
12290310144
3188646000
26665583616
177770557440
326592
197568
16329600000
46656
7348320
729
81
12600
155520
960180480
26671680
11430720
668860416
774144
165888
22574039040
9
16329600
25082265600
29393280
1605632
777600
4536
60491370240
893025
31104
8571080448
37498476960
64210599936
326592
39813120
2645395200
89282088000
14696640
648
109734912
215040
9
5486745600
3888
4761711360
964467
347208120
15116544
81
17923368960
123451776000
39680928000
292626432
493807104
86436
34992
9
13226976
6451200
25401600
139345920
19203609600
544320
40310784
189665280
9
729
846720
71663616000
1270080
1088640
166698000
57868020
729
11337408
36006768
435456000
5103
3871447695360
537477120000
22127616
5184
1685913600
81
3627970560
9
10450944
95256000
174992892480
9185400
195955200
98784
35271936
6502809600
729
4536
5103
40967700480
5103
4608
52488
2177280000
65028096
189035532
81
5184
4587520
27869184
81
44089920
9
122903101440
9
3511517184
121927680
145152
16070775840
62705664
9
78382080
239990252544
1133740800
9
1185137049600
592704
40824
1088640
36415733760
81
244944
13168189440
2116316160
3240
2821754880
8890560
40824
186624
2580480
14929920000
5308416
81
1469664
145152
28123857720
54190080
391910400
5057740800
197568
15872371200
91445760
918540
576
540101520
69148800
833490
81
403275801600
20736
2438553600
5225472
37035532800
40310784
9
9
737418608640
412782428160
9
349591044096
40824
20910597120
729
1990656
189665280
857304
41472
290304
5184
9
314928
81
28927396512
5832
1800338400
36691771392
1333584
9
253957939200
36864
1354752000
2239488
4644864
194481
1049760
918330048
24192
123451776
24580620288
91424858112
14880348000
32256
7838208
5290790400
4166497440
7803371520
33592320
26127360
441
300987187200
576
8918138880
13063680
3034644480
1020600
81
5878656000
81
5103
33067440
2323399680
40824
274337280
8670412800
285768
4389396480
648
224042112000
81
31104
1137991680
5103
7407106560
2654208
109734912
53770106880
17777055744
1143072
5555329920
567
41803776
65318400
23887872000
7524679680
11252115
367416000
81
11430720
290304
88885278720
120960
61725888
49787136000
2380855680
1377810
699840
216710774784
6001128
9
3306744000
181440
9
9
367416
171992678400
30618
512
860321710080
52672757760
88905600
400075200
158018273280
453496320
7803371520
7681443840
995328
9
144027072
7348320
12290310144
14046068736
196830
30618
142248960000
27648
648
5832
5080320
3087
180633600
81
17360406
72
250047
11430720
36288
74680704
222213196800
609638400
81
81
109734912
302330880
63221760
367416
20575296
175616
27311800320
58786560
204120
40642560
9
81
186624000
9
648
81
4536
983040
5832
81
11757312
81
5184
129600
870912000
9
5598720
729
729
648
9
81
9
1269789696
1580544
35115171840
1166886
9
32805
229635
729
1244160
3888
5832
81
367416
4032758016
2844328919040
1316818944
4536
9
107163000
13063680
408240
194436547200
373403520
12697896960
68890500
217728
6613488
1388832480
6561
97218273600
3317760
36288
1548288000
7838208
979776
36288
81
1322395269120
5248800
1672151040
25176309760
9
15931883520
362880
2571912
81
13934592
9
729
5832
4096
142884
81
40642560
9
13122
48771072
1524096
5184
27216
9
31752000
576
3888
8573040000
21946982400
35846737920
4939200
9
151165440
729
46664771328
66886041600
1646023680
54010152
1102248
7112448000
217728
81
6561
145800
81
1028764800000
203212800
81
90296156160
136048896
81
30862944
33592320
9
14285134080
27783
1097349120
36864
648
708588
10886400
66382848000
43535646720
22680
1755758592
648
27216
576
33443020800
108380160
9
31104
3456
41472
3919104
261273600
34992
576
388800
937461924
275562
13168189440
47416320
1371686400
44590694400
1028764800
729
44789760
19595520
9
5143824000
148635648
293932800
128566206720
1410877440
81
27216
2090188800
648
1492992
18144000
81
680244480
121927680
349920000
1492992
81
225792
3386105856
33606316800
1200225600
225792
1560674304
52254720
1950396973056
81
129024
1157360400
101606400
288054144
48009024
46656
648
225792
5184
72
18432
371589120
5184
9
17069875200
81
81
41803776
729
214326
4898880
64297800
120022560000
163296
2239488
125411328
1244160
24004512000
648
104976
81
123451776000
36288
54867456
29160
112870195200
1161216
250822656
9
36864
31104
18289152000
9
2116316160
37791360
17146080
580608000
2268426384
81
604661760
208324872
1444738498560
900169200
21870
13335840
952560
29160
11851370496
12859560
3779136
229376
98322481152
1574640
1016064
13436928
6561
32659200
23328
967680
204120
62705664
81
150028200
55490641920
40131624960
4608
21604060800
5832
144567091200
81
81
145152
9
14814213120
4032
2519424000
1032192
1741824
648
453496320
19752284160
5832
648
648
124416
1714608
576
877879296
92177326080
5080320
45158400
648
1190427840
7838208
548674560
18811699200
1714608
13436928
2438553600
4536
35115171840
13122000
780337152
145152
648
5689958400
3919840791552
81
14230823040
9
81
9
648
493807104
31255875
81
32659200
7902720
9
23814
1003290624
1049760
150028200
9
384072192
132710400
9
648
7057326528
940584960
22861440
20412
36288
268738560
24385536
1797896798208
833490
464380231680
7620480
81
6050520
4480842240
6193152
729
31104
806400
21168
6944162400
6270566400
4536
975421440
541776936960
1161216
967680
178605
290304
15049359360
81
37623398400
729
195955200
104485552128
78364164096
20744640
1254113280
169344
21163161600
8817984
559872
4976640
1040449536
979776000
746496
2048385024000
22221319680
54432000
9758278656
9
153090
490092120000
30005640
222264
81
3483648000
23328
60491370240
1224720
9
24192
3086294400
8709120
1410877440
9
555532992
244944
326592
823011840
81
15479341056
12541132800
24192
7681443840
907200
9
45148078080
7464960
171460800
669615660
9
571536
15431472
29872281600
48988800
9
768144384
38407219200
5832
10886400000
6561
72
975421440
448084224
33339600
326592
336063168000
96768
90720
191102976
52907904
9
4064256
3732480000
1451188224
65840947200
13226976
16257024000
648
81
108884466432
3024
2250423
4374
576
15305500800
12962436480
9
170170875
70543872000
46656
729
282175488
81
80015040
1244160
290358577152
19046845440
186624
209952
3402
567
92177326080
20639121408
9
2204496
9
1170505728
241965480960
729
8641624320
193536
54010152
648
37623398400
729
81
169344
124467840
181440
18059231232
5184
9
68024448
645120
24696
1354752
317520000
9
5644800
285768
2519424
5184
5103
3627970560
100776960
9
648
5184
97542144
1185408
163296
106288200
48988800
548674560
81
74317824
164602368
9
9
34992
16588800
35712835200
10321920
9
125411328
5184
6298560
2675441664
111106598400
13335840
81
9
648
9797760
2687385600
373248
307257753600
127008
4536
162570240
52488
576
33861058560
9
2916
30618
7561421280
6223392
31610880
17010
125411328
81
9957427200
20575296
5715360
3628800
72013536000
81
3809369088
729
816480
22861440
648
9
92588832000
9
8001504
4115059200
7900913664
648
52488
225792
197568
504
96768
23328
38400
9
6096384
9
8778792960
3888
1543147200
102876480
7431782400
5832
1881169920
1279948013568
176359680
81
6667920
4608
158018273280
40824
648
31752
288054144
829440
1270080
269989034112
227598336
1306368
313528320
1143286897536
7315660800
172064342016
440899200
6584094720
17557585920
45158400
25920
3870720
98784
32514048
208089907200
81
648
2500470
8573040
234101145600
152374763520
37807106400
4374
1166400
5832
158723712
46675440
560105280
51438240
648
458752
648
103680
132269760
81
89616844800
7464960
60197437440
5186160
27216
1224720
28934010
3840721920
103680
45927
576
17010
729
165888
9
648
81
5832
1866590853120
11430720
195084288
3969
1285956000
2821754880
36415733760
4608
729
81
388873094400
9
9
729
3072577536
101583175680
81
648
648
4608
476171136000
154314720
18895680
7620480
1102248000
29393280
336063168
13934592
55738368
1333584
729
4536
9
36288
79361856
8778792960
8398080
216760320
388962000
4536
53343360
1074954240
81
32659200
77774618880
119439360
31752
367416
9
302330880
4032
1632960
63221760
9754214400
30481920
13759414272
226748160
6096384
1285956000
64
11010048
22394880
274337280
4536
5689958400
254016
39366
1800338400
4536
609638400
1285956
5878656
1185408
12345177600
189621927936
4608
65840947200
9
173408256000
148176
729
20412000
9
90720
334807830
52672757760
793618560
9
9
181398528000
81
4032
4000752
390168576
952560
4536
148176000
5184
1333584
68024448
12345177600
648
25288704
150528
2194698240
22680
81935400960
2057529600
150528
6096384
127008
265531392
30233088
995328000
1778112
59997563136
4354560
190512
172032
537477120
34681651200
1244160
3888
256048128000
27216
113799168
16074450
5080320
81
10160640
9
857304
1920360960
56623104
6401203200
23040
145662935040
1285956
96315899904
4536
8128512
19440
9289728
729
81
9
126414618624
31104
170698752
729
250822656
6635520
3810240
68584320
190512
979776
172832486400
15479341056
190512000
505658474496
67184640
9
181440
326592
1333584
5832
918540
31744742400
10973491200
840157920
731566080
48009024
9
81
620014500
46656
1580544
182891520
314928000
208324872000
5184
93767625000
36733201920
6858432000
5832
35721
52907904
6096384
123480
6531840
746496
129024
304749527040
9710862336
69132994560
145152
27776649600
204120
564586122240
6561
3674160
278628139008
370355328000
11289600
729
36288
81
5184
258048
27648
48009024
9
62731791360
365699432448
97977600
5715360000
1524096
13168189440
44452800
9
209018880
573308928
4725888300
244944
4536
21168
783820800
11324620800
446410440
7255941120
7777461888
7838208
52907904000
24586240
4354560
11522165760
2427715584
163296
29160
153090
5555329920
122903101440
22861440
89616844800
2133734400
186701760
648
41472
82320
279936
70543872
9
75582720
4444263936
151263
9
648
648
4978713600
1290240
9
6561
231472080
3359232
34992
9
4320812160
116640
21168
28224
32256
26885053440
35721
222264
6802444800
729
47405481984
1119744000
167215104
62233920
4480842240
52488
81
303464448
430160855040
13168189440
32006016
26127360
1049760
143360
81
1105920
75278149632
40967700480
9
2939328
7225344000
13608
648
152409600
9
20901888
1493272682496
9
81
286654464000
1693052928
729
43208121600
4233600
28672
5832
292626432
85349376
7779240
4515840
5184
9
246903552
15558480000
7112448
81
9
9
51209625600
39813120
96768
5832
5184
81
81
9
3111696
6096384
81
290304
65303470080
2721600
3556224
729
23808556800
720135360
1224720
6561
24078974976
31744742400
10032906240
81935400960
729
95234227200
142248960
399983754240
81
26244
194481
1741824
648
17496000000
37791360
77414400
1088844664320
23328
156067430400
81
27216
124416
648
729
222264
73483200000
992023200
576
14696640000
4116773808
1881169920
189035532000
442552320
58060800
81
31352832
20901888
8957952
105840
117050572800
36870930432
122903101440
37158912
5971968
4702924800
34992
185177664000
4536
629856
211631616
220449600000
81
274337280
9
9
81
1904684544
30965760
9
5184
179233689600
225740390400
313528320
197568
3306744000
364568526000
22680
81285120
1504935936
45722880
1975680
729
457228800
729
2612736
9
254016
149299200000
27433728
4536
729
238085568
2389782528
7618738176
83607552
1672151040000
111476736
145152
41472
81
18662400
27783
9
81
81
15479341056
48157949952
576
32006016
15479341056
81
576
5225472
41472
81
15676416
5761082880
1851776640
1574640
68584320
1555200
9
1137731567616
113400
18728091648
189665280
357210
138265989120
5832
548674560
110592
102419251200
24494400
50791587840
25088
81
8164800
729
36279705600
81
161280
34992
13436928
1852200
470292480
72
221225582592
648
66134880
106168320
3240
81
20483850240
24192
1020600
326592
3087
889426440
