512
444528000
729
5184
81
9
5511240
1778112
168031584
7900913664
40824
1706987520
3527193600
70543872000
17694720
7201353600
5000940
81
9
248832
129624364800
1290240
193536
314928
1720643420160
25515
252047376
186624
81
5079158784
14696640
22295347200
35271936
14696640
81
49787136
1524096
16595712
9144576
52488
320060160
207360
27311800320
283435200
18370800
19131876000
62426972160
21499084800
648
576
15240960
829440
9
244944
50009400
573308928
81
147456000
9
992023200
81
43016085504
169305292800
56899584000
31104
27653197824
729
3528
857304
60963840
406332702720
81
729
214326
9
5184
157464
648
8709120
81
5832
952560
648
3950456832
108380160
95551488
2449440000
731566080
174960
400075200
1904684544
729
13063680
182078668800
10287648
19906560
90296156160
1574640
193536
137137287168
81
108355387392
276480
35721
10287648
81
9
81
31104
729
1706987520
70778880
20003760
109350
81
11573604000
9
9
2099520
729
1679616
76204800
9
11851370496
9
9
24192
6481218240
5184
9
2032128000
1000188000
648
4536
648
22861440
81
9721827360
4032
4536
1828915200
20160
217728
9
14582741040
145152
36288
81
31752
59049
5974456320
1463132160
79009136640
81
5103
90720000
1920360960
1587237120
81
9
9
3150592200
1327104
52488
28672
55566000
592704
233280
112917224448
2275983360
648121824000
17340825600
81
1270080
81
8398080
95234227200
81
293932800
1524096000
114307200
15925248000
4335206400
82301184000
11197440
101583175680
81
131220
36288
268738560
9
3969
246903552000
9601804800
4374
3429216
13824
81
1088640
7962624000
5598720
46088663040
81
5832
1333584
45927
648
4374
34836480
921984
9
9
944784
486
4147200
24192
1548288
134369280
1143072
2000376
1024192512
81
3344302080
1632960
279936
9
31752000
648
163296
46656
36741600000
30965760
1763596800
8398080
5971968
2000376
874800
9
62705664
217728
8164800
81
91039334400
11796480
52672757760
677376
21609
9
504
7644119040
64297800
81
111974400
746496
253957939200
3240
4536
648
81
77157360
648
373318170624
4608
181440
9
529079040
31752
27648
1119744
17418240
81
764730408960
115736040000
342921600
81
806400
9
418037760
924844032
5103
3188646
762048000
18207866880
1555200
3224862720
96315899904
45927
81
933120
9
7348320
5184
46656
9
3584
9
933120
14631321600
1219276800
40824
1574640
36288
146966400
895795200
379243855872
81
81
648
9
244888012800
38707200
1728324864
9
59270400000
2341011456
48988800
94058496000
12541132800
8817984
49392000
564480
9
27216
81
836075520
40824
81
13888324800
576
571536
648
6584094720
6561
214990848
214326
699840
261273600
4032
12192768
20065812480
30618
627056640
373248000
290304
3674160
2880541440
648
1016064
28576800
9
5184
9
762048
219469824000
530841600
105815808000
16930529280
17915904
36288
4898880
3499200
40824
113799168
3556224000
1612431360
9
77157360
9
171421608960
746496
81
483840
729
928760463360
34992
9
197568
9
729
3969
1322697600
70778880
81
806400
24192
9
101921587200
367416
82575360
38880
529079040
648
22394880
237027409920
2032128
15049359360
13226976
7838208
160030080
1851776640
648
11337408000
3048192
9
24192
9
23044331520
5290790400
27221116608
57854793024
16464
298598400000
1410877440
40824000
746807040
83980800
9
46656000
4374
9
1066867200
576
220399211520
244944
27648
9
9
899963447040
1679616000
729
30618
28576800
3061800000
81
289013760
486
16329600
4536
8128512
235146240
81
1270080
170698752
9
11943936000
2646
81
227598336000
18670176
13826598912
24078974976
729
642831033600
3359232
9
151732224
81
236196
46656
3149280000
9
729
567
1755758592
84652646400
6584094720
4608
81
28224
729
8957952
9
9405849600
9
9
9
29160
1959552
648
23040
889056
2939328
31752
217728
2540160
1783627776
81
9
729
648
367416
5184
53343360
48384
677376
81
244944
360150
1548288
9
73741860864
11522165760
35389440000
1783627776
56010528
7407106560
209018880
853298675712
729
906992640
28224
5184
156764160
28570268160
756142128
4900921200
648
648
324060912
36303120
504
83607552
5184
207360
2267481600
11851370496
105815808
81
421382062080
81
2057529600
28217548800
3413975040
81
3762339840
3888
81
248832
5419008
5832
483840
4644864
5832
233280
6667920000
55306395648
81
81
39366
34836480
7464960000
73483200
25412184000
10287648
95551488000
8398080
12345177600
1580841142272
41472
4608
33861058560
33592320
729
6193152
83329948800
544320
846720
9
33030144
4572288
3969
9
68584320
5555329920
9
67212633600
774144
57140536320
9
4536
7524679680
1224720
1440270720
4354560
26671680
9
11340
34850995200
333319795200
9103933440
44789760
5832
1354752
75246796800
9
314928
762048
31752
14171760000
94058496
1254113280
34139750400
88885278720
6688604160
217728
41472
48157949952
9001692000
30380710500
5242880
259248729600
729
31752
314928
174960
504
243855360
382637520
2777664960
297271296000
70543872
81
32514048
632073093120
9
91445760
9
979776
21870
181440
1270080
3429216000
7838208
81
11202105600
52907904
387072
790272000
11757312
1410877440
1128701952
36294822144
135025380
99202320
29160
5356925280
81
80640
50388480
61451550720
152374763520
44089920
396361728
31752
7524679680
490092120
2322432000
406425600
9
120960
9
9
576
31744742400
9
9676800
65318400
15624365400
20575296000
677376
30618
81
4608
5103
780337152
907578000
17146080
4536
3024
1120210560
9
217728
35721
81
41803776
2612736
972182736000
115736040
164602368000
17640
2480058
1354752
6914880
5143824
1439941515264
36288
330674400
17283248640
9
357210
209952
1763596800
648
4608
45148078080
1679616
81
435537865728
1333584
720135360
2612736
31752
9
2438553600
829440
5308416
793800
81
9258883200
186624
9
317447424
169344
13940398080
680400
691488
1333584000
648
4779565056
11197440
197522841600
82575360
320060160
81
340122240
2286144
691488
4536
274337280
81
235146240
1111320000
419904
5334336
7468070400
6667920
1156055040
142884
182891520
58060800
853493760
46656
9335088000
279936
6096384
182849716224
9
3674160
567
52488
39504568320
35271936
714420
81
3344302080
85730400
22680
10581580800
14863564800
22394880
4572288
81
6561
16131032064
81
360067680
81
2916548208
204838502400
236196
1327104
16595712
1653372
248832
243855360
9
648
4114118615040
81
180033840000
232243200
214326
7201353600
9
5832
857108044800
39513600
31752
9
1260236880
1143072
648
20316635136
7739670528
19051200
144027072
241965480960
11757312
30862944000
28934010000
1028764800
5832
6561
117573120
464486400
9185400
9
164670952320
9523422720
729
7620480
12446784
411505920
846526464
648
9
61440
52488
144027072
35846737920
2447137308672
46656
503884800
576
4536
40824000
729
3528
195955200
27433728
5184
146966400
648
9
3265920
729
81
1451188224
52907904
57153600
9523422720
18895680
221184
6401203200
2133246689280
1517322240
729
840157920
3969
6298560
25920
76814438400
1270080
1666598976
1763596800
839808
576
2765952
9
3386880
3456000
9
3240000
127008000
648
9642465504
314928000
269989034112
19595520000
81
98802571392
308558896128
81
5184
177020928000
26542080
6998400
34992
81
5103
466560
5401015200
11948912640
145152
4644864000
44089920
560105280
81
9
729
4536
522547200
4536000
27216
648
15049359360
7112448
81
43535646720
196608
5103
10001880
7340032
23514624
279936
82944
142248960
1755758592
27653197824
9
207446400
419904000
84276412416
3889620
5184
777924000
9
8001504000
81
22674816
24192
6429780000
111106598400
1741824
40310784
81
3048192
22680
62426972160
13127467500
627056640
92160
58525286400
305764761600
972182736
9
729
279936
148803480
81
4960116000
94097687040
27221116608
9
243855360
5184
59719680
2777664960
4032
40824
96768
36006768
493807104
384072192
82301184
918540
783820800
4354560
729
1770209280
40967700480
102852965376
16074450000
39366
41803776
9
1524731040
85730400
5927040
10081895040
9
524386566144
860321710080
96424655040
5184
123863040
106168320
648
648
81
5184
190512
23814000
707788800
10534551552
370440
38407219200
1382976000
1469664
740880
4444263936
5038848
9
705732652800
952560
3456
4608866304
76204800
2962842624
63504000
164602368
20575296
124416
5878656
777746188800
4536
648
9
262440
648
41472
3810240
81
9
81
4572288
85730400
3023308800
13332791808
75866112
40824
3888
8680203000
5832
493807104
1785641760
51849745920
5334336
98784000
725760
67512690000
952560
27209779200
731566080
666792
31752
846526464
6718464
22680
1433869516800
179159040
9
5832
40824
729
81
4608
41472
19848730860
13168189440
9
4939200
648
50803200
15431472000
5184
6481218240000
2519424
367416
1058598979200
31752
206438400
3584
129024
746496
1600300800
23514624
81
56247715440
176359680
793618560
5103
136048896000
24696
239990252544
29635200
268850534400
648
27783
9
41489280
648
1000188
648
483930961920
214326000
52022476800
150028200
952342272
6561
19595520
1097349120
1102248
658683809280
1555848
72
9
4115059200
30618
125411328
4032
1058158080
685843200
313528320
9405849600
4032
81
5079158784
65345616
1166400000
39504568320
14936140800
25395793920
3888
321489
81
9
4898880
975198486528
1234517760
648
81
81
28665446400
31104
67184640
174182400
217728
81
1837080
734832
19203609600
1020600
292626432
241864704000
254016
451480780800
9
270888468480
188116992
525098700
39366
7112448
2000376
38698352640
229635
4976640
23514624
59521392
34292160000
9
38407219200
10534551552
28224
169344
217728
44789760
81
241864704
20160
640120320
28449792
1451520
2091059712
21168
168552824832
1128960
213324668928
7620480
403107840
25395793920
2488320
1156055040
2799360
1555848
98761420800
3969
602112
9
15682947840
81
81266540544
13608000
81
725760
1350253800
36288
326592
18811699200
9
553063956480
154314720
122880
9
8257536
9
6584094720
2778300
839808
17010
5419008
15676416
41150592
204120
87787929600
3135283200
13063680
183708000
81
23514624
1463132160
146966400
2458062028800
11287019520
81
25920
32256
9
418037760
5832
1659191869440
1290240
822823723008
23814
648
601974374400
1592524800
7085880
31104000
14929920
6301184400
282240
6967296
5120962560
729
6584094720
41472
347208120000
403107840
35721
42326323200
28224
645241282560
87397761024
19845
121927680
806215680
279936
164602368000
1143072
4821232752
31863767040
576
3386105856
520812180
3360631680
9
13011038208
729
46088663040
5184
13824
110592
203166351360
67184640
7962624
884736
85349376
729
313528320
56687040
42007896000
46656
2902376448
81
4898880
25515
2688505344
1323000
145827410400
41472
254016
45927
15558480
26244
65028096
3969
111602610000
166471925760
21946982400
73156608
453600
44808422400
5419008
1204224
24580620288
81
2612736
648
648
1625330810880
6970199040
186624
4536
36288
85349376
648
3240
27216
268850534400
5225472
22856214528
9
44089920
992023200
1806336
13436928
55112400
81
31752
9
1180980
49161240576
39337984
81
4536
190512
46656
30481920
2116800
279936
201553920
5096079360
295245
4536
846720
1224720
35562240
66134880
995515121664
58060800
674211299328
24385536
316108800
346816512000
4445280
401769396
32256
109734912000
7348320
59719680000
81
3888
175032900
7681443840
457228800
3901685760
190512
254016
677376000
1200225600
1111320
26671680
15558480
162533081088
28677390336
9
24385536
3888
34992
8888527872
9
729
84015792000
12290310144
113374080000
9
122472000
81663349824
22221319680
648
297271296
648
113799168
729
311098475520
914457600
132710400
20483850240
108864
576
3950456832
9001692
27776649600
189621927936
45722880
81
254016
663552
829440
47029248
504
9
4608
3402
40824
11430720000
1016064
81
41664974400
61725888000
72
27869184
1285956
729
80621568
1685528248320
141087744
9
26244
331776
3901685760
5832
6561
1653372
139345920
9
933120
746496
580608
9
24690355200
1204224
131096641536
31104
81
13604889600
1285956
6635520
648
9
729
138883248
279936
23328
192036096
232243200
15558480
3528
163296
5184
2743372800
9
5103
11612160
729
324060912000
79009136640
4608
4762800
2332800
232243200
52488
24385536
59049
8573040
3969
191102976
3715891200
13168189440
81
7468070400
9
9
80015040
1890
29393280000
15606743040
729
72
3674160
829440
729
81
5103
381024
81
8709120
30618
175575859200
81
5184
19508428800
44789760
38707200
5334336
128024064000
68584320
104976
81
26336378880
7779240
17635968000
576
32805
440899200
30862944000
1111065984000
115736040
263363788800
4299816960
762365520
116640000
114281072640
194481
1088640
1632960
524880000
7524679680
952342272000
7372800
21504
81
18144
195955200
2023096320
1975228416
3969
729
22504230
12859560
9
2250423
161280
648
648
729
483840
648
33592320
36288
2150804275200
1806336
250822656
648
648
47775744
5334336000
81
594542592
9
466560
172064342016
677221171200
81
33861058560
40824
32256
75582720
38578680
9
14288400
1881169920
35554111488
1440270720
6561
2469035520
13716864
8641624320
648
209105971200
3981312
74071065600
11522165760
5184
4478976
81
3982970880
5832
9
8573040000
79626240
115248000
5103
56010528000
45349632000
729
729
3583180800
141087744
6370099200
197522841600
4608
729
3732480
99202320
8709120
487599243264
150493593600
4286520
5832
9
52488
103680
9
111523184640
72
371589120
7838208
34992
195084288
166698
979776
648
5184
17146080
846720000
11948912640
36288
5832
1858719744
37791360
576
11757312
193536
2857680
41472
3240
648
5184
666639590400
40824
105815808
22680
9
28224
237817036800
486
23219011584
132269760
1555200000
5927040
109734912000
677376
4536
4354560
23514624
3456
10160640
46656
4536
28224
164602368000
645120
6370099200
149361408
169344
121927680
17640
4353564672
648
8778792960
36288
567
20316635136
56260575
870912
9
449981723520
5184
11287019520
823011840
109780634880
81
35721
81
13271040
11430720
270888468480
708083712
148176
181440
5184
65318400
5184974592
32141551680
4800902400
729
5184
62426972160
1190427840
163296
300987187200
5832
381024
457124290560
829595934720
9
725896442880
666792000
331776
5184
19440
9
1300561920
5103
576
72253440
104509440
1512
78414739200
34992
81
4536
365783040
5832
142248960
640120320
174960
92610
17836277760
4608
423439591680
32256
339738624
150493593600
81
37639074816
7715736
81935400960
5878656
567
567
81
696729600
666639590400
9
108864000
2753658880
3919104
714256704
42326323200
239990252544
16257024000
729
6172588800
15240960
24576
3359232000
81
764411904
1365590016
131220
56010528
567
411411861504
9
1088640
17781120
81
419982941952
5878656
10160640000
406332702720
89579520
27433728
4799805050880
30098718720
486
52488
1587237120
8751645
36294822144
295245
72576
4013162496
5040947520
81
76545
31752
29628426240
56899584
1244160
317447424
15552000
12386304
1574640
77157360
50388480
72
45722880
5268480
164602368000
65028096
81
2592
9
9
81
9
648
9
5832
5184
5184
81
1567641600
1935360
254016
68024448000
27216
576
97218273600
20155392
4032
9
777924000
35562240
2286144
6561
81285120
8571080448
477757440
1714608
81
99243654300
5184
149824733184
8609344200
9
5160960
617258880
18974430720
9
23514624
9
6858432
163258675200
26244
122472
81
5160960
174182400
4536
54867456
466560
9
23702740992
729
1835008
276531978240
12859560
35721
2540160
6858432000
859963392
161280
5103
28805414400
32659200
45927
1175731200
163296
11664000
3969
9
81
10487731322880
81
3048765060096
34836480
149993907840
120472576
205752960
6223392
81
21163161600
81
11147673600
55112400
1536288768
183708000
81
6195732480
261273600
25920
9
493920
62233920
204120
40642560
295245
5184
4608
4536
5904900
41803776
1975680
3919104
22856214528
493807104
99202320000
4761711360
729
58982400
5441955840
288054144
889056
9674588160
648
729
127008
4064256
9
81
39016857600
254016
1254113280
1587237120
1371686400
729
159993501696
83980800
5184
81
3456
148142131200
72
2926264320
15676416000
30481920
43893964800
2149908480
10160640
81285120
282293061120
81
14817600
52907904
3429216
3969
725760
1097349120
264600
25920
4032
17923368960
280921374720
81
2418647040
4536
220449600
81
22932357120
526727577600
648
244944
182891520
222264
90720
555660
2540637550080
1452124800
331776000
34292160
4536
870912000
567
4762800
1843546521600
5103
36288
81
729
9
4032
81
13063680
9031680000
90699264
1088640
711082229760
1344252672
743178240
24772608
2083248720
75614212800
2204496
6913299456
1574640
236196000
1428840
321489
81
2449440
2559896027136
1990656
16930529280
9
9144576
17360406
729
18816
504
209952
81
829440
6561
204838502400
333396000
81
32248627200
9
9
752467968
33191424
16003008000
5184
896168448
30725775360
31752
2612736000
68584320
11612160
37791360000
8709120
18517766400
1920360960
11202105600
3645
729
376320
5832
217728
5832
42326323200
28092137472
6858432
1536288768
86704128
5806080
1866240
5184
1492992
81
9
165888
33081218100
41150592
163296
20420505
774144
2286144000
4702924800
211631616
518497459200
729
268850534400
29635200
36578304
6561
8164800
2257403904
126414618624
729
32256
81
227598336
138915
729
3584673792
36288
1306368
185177664
9
9
146966400
576
270050760
42865200
15049359360
648
648
4762800000
4514807808
97218273600
81
14402707200
9
81
648
102876480
93312
20995200
9
40824
356725555200
203212800
1306368
190512
870912
8957952000
9
406332702720
52488
81
24696
285768
729
197568
6561
31104
193536
489980098944
0
81
116640
1469664
541776936960
612475123680
9
70543872
35271936
47416320
302330880
1128701952
146932807680
46656
304749527040
1119744
4536
6967296
81
1254113280
99574272
112870195200
648
3024568512
87091200
174960
5160960
90699264
14814213120
483930961920
190468454400
5103
81
97542144
15431472
3645
5974456320
17640
81
81
8599633920
81
152946081792
155549237760
338610585600
15624365400
238085568
143360
648
501645312
5057740800
386983526400
178605
81
7315660800
81
5184
4032
12345177600
172032
207360
8465264640
9
44040192
15002820
28672
31104
31352832000
8001504
21168
81
648
35271936
136080
9
81
31752
19840464
975421440
20901888
40007520
5184
20901888
58060800
63011844000
1928934
14631321600
59521392
5832
648121824
3612672000
95234227200
3840721920
244944000
57140536320
9
2821754880
190512
1322697600
481579499520
28449792
39680928
418211942400
55553299200
3402
604661760
648
462944160
31104
7560000
77774618880
17557585920
81
1209323520
81
635040
92588832
11025
5016453120
53343360000
81
174960
19349176320
1881169920
81
4608
190512
125411328
729
158760
21168
5878656000
5715360
35721
81
28224
81
81
9
34836480
1088844664320
81
33868800
81
30618
729
68024448000
321489
2519424
205752960
4032
81
4032
462944160
4723920
8398080
1975228416
2032128
8573040
9
1071630
81
3888
10160640
78382080
81
246903552000
1088391168
22680
1672151040
729
4536
161280
262144
81
2612736
729
68040
933120
1020600
396809280
31109847552
4608
16796160
546750
10032906240
4096
367416
15676416000
1646023680
44808422400
28677390336
1524096
1785641760
110224800
36288
30481920
567
1032386052096
1990656
1016064000
4515840
9
30098718720
419904
82301184
1469664
3306744000
9
5184
105840
262549350
14817600
169305292800
648
4032
823011840
3135283200
76545
5486745600
725760
2015539200
59049
1469664
10077696000
9
3810240
1428840
365783040000
729
5832
4608
2430456840
580608
1742151462912
9
3969
181440
577895399424
137168640
27433728
9
23814
504
1371686400
5184
2962842624
9
705600
5832
81
5832
21604060800
155520
9
181440
9
731566080
3276800
30233088
4514807808
9
40967700480
1399680
238878720
9
2177280
25920
20412000
729
4232632320
1128701952
9
648
81
135475200
9
15431472000
163296
81
81
11289600
161280
929359872000
89616844800
9
382205952
60963840
1185137049600
2777664960
132269760
729
1088391168
27880796160
9
705600
82301184000
81
45927
34992
2286144
25719120
9674588160
123451776
34292160
217728
81
81
5486745600
252887040
81
164602368
1607077584000
41150592
74680704
842956800
104976
729
5184
39366
43208121600
81
9
567
84652646400
777600
6561
1071630000
64524128256
81
9069926400
2926264320
432081216
4536
9
125440
81
88200
576
9
9
7468070400
634894848
9
5374771200
6561
9
81
349985784960
27311800320
5556600
85349376
457124290560
576
4335206400
4976640
13934592
5103
576
154314720000
6584094720
2341011456
1555848
39191040
4480842240
83980800
18144
105345515520
2304433152
1463132160
29859840
11110659840
2777664960
23514624
280921374720
102060
14631321600
1524096
1161216
4572288
2286144000
282175488
14929920
933120
217728
6096384
823011840
405076140000
4032
81
140026320
9
134369280
81
9
52488
2857680
125411328
110270727000
27648
12039487488
81
19752284160
1990656
10450944000
36288
13762560
313600
80621568
120932352
79009136640
81
933120
7398752256
81
37324800
9
729
6193152000
42147840000
7225344
1224720
72236924928
6998400
1270080
9
146966400
5184
504
17923368960
573440000
252829237248
81
390168576
406332702720
158760000
110224800
158760
6561
648
222264
23147208000
612360
729
648
285768
9331200
2304433152
9
155520
1486356480
288947699712
9
149361408
73156608000
10287648
3086294400
17777055744
21403533312
5689958400
41472
907200
40824
205752960
11110659840
1679616
5462360064
729
104485552128
2142770112
25082265600
5184
193536
27088846848
115200
648
9
5832
41472
3086294400
244944000
1679616
148176
81
1058598979200
52488
648
975421440
81
46656
114307200
1119744
1224950247360
4608
4233600
98415
12644352000
146313216
81
58786560
576
100329062400
3528
2015539200
85349376
1003520
4536
1306368000
2962842624
5103
11705057280
307257753600
6827950080
4572288
18522
21609
20412
400075200
9
2032128
85349376000
49766400
11200
81
181440
2720977920
186624
81
1837080
5184
7620480
85030560
5878656
609638400
3386105856
291325870080
2322432
1083801600
7681443840
3429216
137168640
5832
296284262400
81
165957120
390168576
648
1445068800
702464
24696
486
174992892480
30481920
139968
2633637888
181398528
81
244944
952342272
47795650560
352800000
9
3888
622196951040
9
72
483840
81
9
19443654720
108864
40824
81
693633024
16203045600
27433728000
903168
3527193600
499415777280
36006768
81
41472
7348320
425250
245806202880
4629441600
668860416
143489070000
5832
5832
34292160000
28449792
29859840
81
81285120
45148078080
163296
933295426560
70543872
918540000
390168576
729
9
35846737920
4032
367416
73741860864
612220032
3402
176359680
32659200
216040608
2592
26244
13168189440
4536
6967296000
112870195200
126443520
102060
6172588800
3888
298722816
55112400
1867017600
62705664
3919104
334430208
181398528
292626432
26244
176359680
14450688
11705057280
648
96786192384
349920000
49380710400
9
3857868
279936000
81
5832
3135283200
9
4536
83607552
12244400640
1999918771200
81
6967296
14450688
4032
720135360
3556224
4898880
1354752
648
448084224
4838400
2893401
36288
4536
3968092800
52672757760
129024
81
682795008
559872
1224720
17781120
568865783808
4777574400
5103
40824
9
1524096
52488
81
32768
10081895040
142884
4478976
729
4536
81
5184
36288
1548288
9
419904000
5103
1763596800
648
114307200
23514624000
40824
244944
174960
648
381024000
243956966400
32006016
5511240
43545600
35271936000
4232632320
2612736
576
10973491200
13940398080
81
163296
9
1036994918400
5971968
190512
3888730944
290304
13716864000
6046617600
483729408000
8398080
90016920
48404160
391910400
163296000
9
9
384072192
119042784
952560
17860500
2073600
73466403840
1679616
533311672320
4133430
14175
493807104
5715360
24192
9
416649744000
172872
6667920
5443200
202538070
22861440
40131624960
1306368
4032
81
196830
54010152
134425267200
107138505600
217728
81
81
34836480
185177664
3174474240
9
66679200
81
81
2731180032
126443520
1322697600
648
3240
46656
576108288000
18819537408
691329945600
110592
4445280
729
7144200
5184
1920360960
15240960000
783820800
658560000
7464960
60963840
181440
9
81
2286144
2985984
367416
161280
4032
28224
4877107200
326592
6635520
199991877120
5761082880
81
3869835264
648
1904684544
9289728
81
28224
6773760
80621568
76187381760
576
979776
38093690880
188116992
2204496
5184
4356374400
40642560
15872371200
78033715200
9
9
1585446912
30618
36864
1300561920
14161674240
2645395200
510183360
9644670
97977600
10450944
27216
3584
41472000
5184
108909360
806400
1469664
1625330810880
81
5184
9
217768932864
9876142080
139345920
65318400
4702924800
1849688064
81
15680
81
648
5103
7201353600
36864
4032
1734082560
129654
7838208000
48771072
8398080000
4762800
648
290304
583309641600
9
326592
464486400
81
10160640
31752
691488
279936
81
1270080
11430720
194481
648
2057529600
21946982400
30618
2322432
740710656
19752284160
32768
42807066624
29160
81
163296
9
82301184
81
4320812160
47029248
38887309440
634894848
15552
2116316160
30618
6145155072
81
688905
142851340800
1881600
28224
11430720
9797760
142248960
3888
47617113600
9
1975228416
90316800
5832
14224896
13377208320
5184
4032
20995200
41472
5103
7681443840
4354560
2257920
228614400
61725888
132269760
729
4300800
249989846400
23514624000
9754214400
1219276800
58344300000
81
9
1209323520
81
8709120
144473849856
9185400
648
1143072
145152
729
116640
2074464000
746807040
233280
518616
14332723200
1146617856
6858432000
1306368
746807040
31752
5878656
10450944
27993600
1469664
181440
159993501696
30005640
190512
4667544000
81
81
125971200
68040
314928
9
5832
940584960
1524096
612360
3950456832
219469824
8128512000
1990656
326592
457228800
148176
9
129024
9
164602368000
648
9
6882573680640
2985984
1285956
211631616
238978252800
34836480
729
1032192
1555848
783820800
122472
3024
487599243264
9
65028096
729
4536
13716864
173408256
7169347584
413343
132269760
123451776
81
34292160
15676416000
244944
648
40824
940584960
1270080
16595712
36288
357128352
7112448
197568
216710774784
3429216
221184
1306368
5184
6561
3306744
9144576
27216
433520640
94080
504
88885278720
653184
87787929600
9
284497920
26244
648
729
790272000
648
2721600
130056192
729
38407219200
729
144087083280
81
4032
55566000
2268426384
209952
263363788800
567
5079158784
14402707200
30005640000
9
6429780
1959552
321489
174182400
1800338400
81
878080
81
6967296
218741115600
729
3982970880
9
81
358318080
576
53144100
1327104
9
8817984
448084224000
466560
193536
746496
4608866304
5103
648
1733686198272
21956126976
8709120
4938071040
94058496000
244944
31104
688257368064
197568
15676416
209952
576
33339600
12093235200
2267481600
31752
2314720800
729
31213486080
193536
4536
5486745600
81
705438720
142248960000
8465264640
5103
91445760
81
145800
248832
914457600
13934592
183708
16930529280
6193152
172872
64012032000
46656
81
2634240
1866240
5000940
15116544
64012032
9754214400
12962436480
240789749760
31610880
282240
998831554560
24192
5832
45368527680
725594112000
604800
81
129624364800
634894848
960180480
648
169344
20003760
23224320
1837080
8573040
341397504000
428652
36288
198404640
136080
1714608
81
8164800
4586471424
10077696
215080427520
23814
5927040
8641624320
34139750400
23044331520
9
5103
99574272
495452160
293932800
560105280
23040
72
5103
10534551552
6561
648
209952
102876480
1155790798848
55553299200
209952
190468454400
5184
27433728
81
352719360
132765696
94058496
28224
81
309657600
4608
729
367416
26754416640
126414618624
1028764800
4032
1410877440
81
81
127545840
99202320
2205
181440
97542144000
952560
176359680
1536288768
31104
81
81
81
10886400
648
9
1806336
24696
233280
5290790400
4608
14108774400
576
3674160
14817600
268738560
396809280
81
99202320
3023308800
178605
102060
274337280
435456
12002256000
5184
9
40824
15676416
1274550681600
21168
9
1306368
442451165184
15116544000
185177664
15431472
31752
2239488
2177280000
1119744
504
2304
81
160030080
16003008
41150592000
2380855680
29160
64812182400
145152
729
4286520
29262643200
5016453120
47405481984
3344302080
81
26572050000
6858432
9
316036546560
1219276800
1574640
297606960
9
104976
6773760
40642560
76204800
137168640
3239868409344
2351462400
64297800
3240
5927040
157464
302330880
585252864
7431782400
148176
4536
592704
1536288768
4267468800
3657830400
566870400
2709504
1463132160
43545600
83349
725760
73483200
89616844800
1244160
28570268160
81
150028200
1036800
146313216
2023096320
161280
122472
81
3073280
648
87091200
1371686400
49545216
105840
658409472
8957952
81
138915
43893964800
214326
1960
169344
882165816
81
2646000
3870720
242020800
3240
9
54867456000
209952
81
699182088192
166698
54442233216
1371686400
2844979200
62233920
40633270272
3402
3048192
729
188116992000
6773760
169344
449981723520
576
141087744
2304433152
27993600
11757312000
81
49601160000
104976
918540
158760
24998984640
81
4166497440
668860416
564480
43904000
81
81
405076140
29859840
881798400
128024064
9
19443654720
225792
40824
190512
5832
1944
81
13005619200
138915
576
95256
3674160
9
27648
2777664960
7803371520
9
82301184
457124290560
248832
126978969600
729
81
737280
3527193600
5832
9
1469664
146313216
25401600
5555329920
21432600
648
41472
27095040
152946081792
41472
4608866304
56899584
526727577600
1105920
725760
896168448
81
576
72
3888
18517766400
179159040
604800
11483908569
9
20995200
40824
729
139968
36578304
9
9
111106598400
81
321489
14929920
217728
248832
9072
9
600112800000
4536
35712835200
233280000
12290310144
40824
1428840
289340100
45148078080
54867456
9
36288
907200
1348422598656
41803776
6718464
112896000
14696640000
204073344
314928
9
282175488
4536852768
1037232000
48009024
4779565056
13716864
23814
1469664
441
2688505344
1354752
209105971200
81
2916
1016064
285768
289013760
1469664
1306368
81
62001450000
81
9
9
7838208
20667150
2031663513600
1492992
81
576
9
197568
25194240
7681443840
1428840
816480000
1161216
9
81
580608
8026324992
313528320
244944
81
729
462944160000
106686720
729
2116316160
41472
37623398400
9
645120
925888320
362880
260112384
17283248640
23328000
36288
1536288768
2222131968
169344
403275801600
10584
5668704000
5511240
11428107264
34836480
58330964160
81
3888
774144
81
116121600
8851046400
158760
2666558361600
52488
7348320
14046068736
10890936000
2489356800
25509168000
52254720
37933056
15240960000
9
11197440
729
889056
729
9
36864
68024448
6967296
24494400
320060160
729
370355328000
36288
2743372800
13716864000
2571912
9
2645395200
2286144
81
15552
81
474054819840
1620304560
108864
136080
22226400
81
5184
5184
87516450
258096513024
15552
156764160
9
5184
1032192000
81
354294
297675
12541132800
666639590400
1075200
290304
2480058
3888
9
9
81
648
1354752000
81935400960
12856620672
22680
9
152409600
728314675200
2799360
9
9601804800
158723712000
117573120
648
34992
13436928
889056000
680244480
4031078400
45349632
466647713280
648
4536
33592320
1041624360
123863040
1259712
27433728000
41150592
160526499840
85050000
576
4572288
8573040
7779240
529200
5832
362948221440
708588
7618738176
151165440
576
9144576
36288
178605
9
46656
729
4665600
367416000
1928934
180033840
7865798492160
175616
237027409920
354294
81935400960
169344
9
7618738176
20160
489980098944
9
81
9
10333575
4608
179159040
576
48157949952
28092137472
204120
81
1755758592
96745881600
648
9
3149280
617258880000
70543872
22680
5160960
2667168
192849310080
31603654656
1377810
35271936
567
3674160000
5225472
1679931767808
7315660800
426746880
5832
334430208
28224
4608
79361856
564350976
1300561920
1791590400
123451776000
7440174000
1306368
1333584
18816
208971104256
32256
430160855040
12400290
306180000
193536
419904
40642560
3024568512
9
254016
73156608000
5184000
1170505728
4161798144
85030560
186624
1053455155200
5945425920
320060160
49380710400
1114767360
268850534400
9
8360755200
130691232
21168
81
6561
1706987520
77774618880
209018880
14112000
9
48168960
648
3009871872
3348078300
40824
53747712000
1444738498560
147975045120
177770557440
63207309312
81
81
32256
2645395200
78382080
46656
4478976
648
29262643200
3024
44442639360
81
26244
190512000
7838208
483729408
952739081280
6298560
451480780800
2697461760
185177664
752640
52488
1152216576000
119439360
576
326592
63727534080
9
117573120000
85349376
20575296000
17915904
81
10973491200
672126336000
4515840
729
12138577920
1365590016
2709504
169344
3645
2229534720
4800902400
124994923200
648
5715360
34992
244944
21772800
3809369088
30618
181440
54190080
816480
54623600640
23410114560
14936140800
9
360067680
729
4536
23224320
576
1500282
28805414400
2612736
8001504
14814213120
23147208
889056000
9
3528
190512
5184
189665280
57610828800
4608
174960
5715360
81
9
31352832000
4032
6429780000
979776
33331979520
5832
487710720
729
94080
11022480
476171136
6049137024
207398983680
7838208
362880
5184
5184
1889568000
244944
100018800
81
11337408
9
34992
81
405
17418240
27005076000
81
1574640
237081600
9
870912
1555848
5103
1469664
32805
406425600
7257600
9
1600300800
254016
30618
729
51438240
11757312
466647713280
7524679680
85349376000
3224862720
10802030400
81
1504935936
470292480
44089920
81
9
63207309312
367416
6449725440
50388480
35271936
9
221276160
3888
18517766400
20901888
157464
2743372800
221184
22044960000
103699491840
4939200
3175200
36288
6348948480
5184
7777461888
166659897600
6049137024
244944
5832
81
1679616
21171979584
9
9
4423680
20739898368
204838502400
127401984
729
548674560
250822656
186659085312
134369280000
2032128
32805
1959552
19752284160
36578304000
81
768144384
729
1219276800
9
25515
430160855040
1881169920
952560
17915904
44808422400
172872
228614400
81
1083553873920
648
9
497757560832
7779240
6019743744
9797760
12597120
1306368
38102400
56435097600
7779240
8709120
15049359360
136080
2786918400
22674816
4536
2880
7938000
4032000
4536
9
4032
12697896960
308629440
81
6858432
204120
486
288054144000
555532992
87787929600
7803371520
40824
6429780
65840947200
6561
226748160
81
11197440
3024
9258883200
6718464
576
29160
12697896960
99202320
84015792
3888
46656
576108288
367416
2731180032
9
3657830400
81
806400
241864704000
34836480
1587237120
9
731566080
987840
9144576
6635520
292626432
1097349120
3645
91445760
81
41472
4096
81
10973491200
129624364800
10160640
5832
120394874880
2834352
599975631360
552960000
50803200
9
3901685760
4032
1399680
41150592
34566497280
640120320
9
27095040
31104
576
39366
459270
20065812480
1714608
5184
5000940000
9
16595712000
17777055744
1037232
1504935936
9
729
2916548208
884736
22861440
1632586752
1350253800
69392203776
1632960
12192768
244944
648
31104
142216445952
76441190400
648
2160406080
1161216
4536
1280240640000
2667168
3413975040
81
1285956
81
34992
101269035000
4147200
4551966720
9
279936
2939328
9
36288
30623756184
2125764
1481421312
3009871872
28224
15876
9
648
944784
3968092800
3732480000
190512
1741824
622196951040
648
7620480
1904684544
14288400
11666192832
555532992
206438400
348285173760
9
4389396480
217728
85730400
139968
1053455155200
1137731567616
51438240
81
7257600
94058496000
3009871872
23514624
3657830400
81
4199040
9
2540160000
288054144000
1528823808
925888320
729
144506880
50388480
812851200
576
952560
71442
5184
548674560
18819537408
5598720
23328
362880
5184000
648
1088640
81
25920
903168
58330964160
12597120
729
4879139328
65840947200
181440
918540
81
9
64012032
648
2539579392
32659200
888852787200
11573604
275562
9
146966400
126978969600
272160
5832
4762800
5184
7900913664
120982740480
648
10287648
104509440
729
31752
7741440
1071630
28449792
2488320
729
5080320
987614208
2519424000
190512
44089920
183708
9
9
16796160
440899200
66886041600
81
120394874880
160030080
52488
729
4572288000
648
1161216
3888
110592
236240404848
592704
82301184000
5103
195084288000
81
2204496
9
9
14046068736
326592
4762800
806551603200
1587237120
27776649600
518497459200
648
36288
330598817280
3429216
316108800
1152216576
4166497440
81
648
42865200
1260236880
403107840
9
793618560
677376
331776
1693440
526727577600
107540213760
195084288
833490
48988800
255091680
16257024000
95256
5671065960
7225344
75246796800
5715360
204120
4340101500
96768
258048
6348948480
198404640
87496446240
9
16728477696
7112448
250822656
1161216
95234227200
5143824000
1536288768
17640
9
576
14515200
9
595350
16669800
1486356480
5143824
181440
13063680
1088391168
6967296
2601123840
134369280
81
9
76187381760
3240609120
18289152000
29160
4608
1618477056
76187381760
3888
15676416
4374
648
1194891264
68584320
81
25088
81
9
163296
11022480
201637900800
2160
2987228160
36741600
9
64012032
27648
589934886912
41479796736
5832
12152284200
5832
81
307257753600
16930529280
7524679680
3969
1632960
16665989760
275562
21870
22861440
240045120
1155790798848
8297856
30618
1806336
8709120
69441624
2240421120
1920360960
1975228416
396809280
56458612224
41472
489888
2149908480
3072577536
5733089280
5160960
165919186944
128024064
2322432
152946081792
4064256
72
9
1741824
6096384
9
10886400
9
1714608
4608
91445760
185177664000
358318080000
143386951680
279936
9
142884000
9
1285956
580608
9
293932800
2601123840
81
4032
81
8599633920
9
304749527040
12541132800
2322432
81
1289945088
648
1071630
25604812800
165919186944
483729408
229635
648
3174474240
18517766400
3810240
16200
28677390336
40824
176359680
81
26453952
159993501696
567
3969
81
2449440
290304
5601052800
27783
567
20483850240
160030080
3359232000
156764160
27653197824
729
36288
1289945088
576
228614400
128024064000
15801827328
1070622572544
6049137024
398131200
235146240
285768
53343360000
8360755200
1037232
41150592000
28576800
1102248
36288
326592
211631616
1066867200
136080000000
533433600
1128701952
81
1736040600
1548288
321052999680
671846400
15676416
81
9
1492992
156764160
9
9
1128701952
13824
142884
18966528
3111696000
4500846000
248005800
32805
4115059200
1632960
136559001600
648
28224
16200
2548039680
28449792
16128
41472
132269760
432
19845
285821724384
81
246903552
131096641536
6561
24461180928
16329600
66382848000
5832
4032
1446700500
145152
1045094400
47617113600
2116316160
4167450
1306368
107540213760
81
11113200000
231472080
9
1333584
8888527872
292626432
1028764800
125411328
55112400
18432
15237476352
118513704960
285768
2194698240
648
32672808
41472
17635968
23328
9
1492992
159993501696
81
6561
9
81
1928934000
81
31610880
69120000
5401015200
74088
3174474240
247726080
11762210880
5184
180592312320
31352832
9
45927
64524128256
7166361600
163870801920
4013162496
29030400
9
81
480200
28224
9
30618
696729600
967680
368793600
223948800
217768932864
26244
1327104
81
648
146313216000
139994313984
3657830400
907578
822823723008
38698352640
133327918080
81
102060000
114661785600
9
81
9
889056
648
648
217728
66382848
81
823011840
17557585920
413343
752467968
177811200
277766496
41821194240
2143662932880
3888
184968806400
85050
2720977920
2916
5832
19443654720
258048
617258880000
648
4999796928
9
32805
5080320000
40633270272
230443315200
729
42807066624
92588832000
1574640
27216
81
177770557440
81
2204496
907200
16257024
559872
103680
81
3951360
33067440
648121824000
51438240
137168640
729
18207866880
1658880
17199267840
117573120000
31109847552
3292047360
18289152000
9
4408992
5184
4064256
97977600
2560
17640
4064256
1548288
115221657600
20901888
716636160
84652646400
2939328000
50982027264
160526499840
16052649984
37623398400
3072
390168576
648
705438720
729
731566080
648
94810963968
274337280000
36288
435456
23514624
3048192
648
24192
30965760
9
133827821568
29030400
43025920
146966400
31352832
9217732608
314928000
2239488
80015040
914457600
233280
1959552
576
3779136
254016
38093690880
81
81
9
54010152000
221184
28343520
1058158080
64012032000
729
2916548208
13934592
7838208000
729
5225472
658409472
2571912000
186624
2143260000
314928
129600
81
4898880
4536
81
648
3174474240
81
9
1120210560
17418240
9
81
81
285768
648
9
8439086250
19595520
165888
4064256
3674160
11668860000
648
432
576
28311552
314928
32256
567
702464
8890560
9
26336378880
70543872
1316818944
685843200000
648
28224
29030400
73741860864
70230343680
4897760256
6561
470292480
30618000
25088
331776
2322432
650280960
3528
1605632
7902720
1492992
81
14112
895795200
2743372800
73483200
254016
246903552
81
3251404800
4536
2720977920
4480842240
36864
10450944
987840
1253826625536
762048
81
604913702400
1045094400
149299200
3429216000
1133740800
13226976
15925248
806215680
33331979520
5184
5878656
17777055744
43545600
23233996800
69672960
193536
145152
9
1058158080
3858593279184
81
20003760
1417176
108839116800
40824
81
20832487200
15801827328
81
1428840
1254113280
729
5832
906992640
6582589784064
1742549760
2194698240
4514807808
40824
7112448
9364045824
7838208
81
1106380800
3318383738880
1428513408
72
1259712
22680
648
648
90737055360
31104
4761711360
5184
63504
1851776640
81
9
9
20160
587865600
483840
227598336000
81
729
189621927936
635040
254016
186624
5184
81
23808556800
699840
64012032
40824
217728
493920000
46656
6944162400
1555848
24192
31104
729
501645312
5832
2835
476171136000
493920
81
204158374560
5715360
3556224
352719360
235146240
3121348608
47775744000
576
2361960
316036546560
33592320
219469824
6096384
918540
203212800
5184
376233984000
489888
102876480
30245685120
2612736
4425523200
3413975040
3359232
233280
40824
74071065600
1828915200
167961600
609638400
63207309312
24192
5267275776
31752
240045120
648
1049760
1285956
15049359360
655483207680
648
86416243200
81
1224440064000
54177693696
184320
9
648
2177280
9
257191200
7741440
8751645
2601123840
4374
9
31752
9
40824
5103
81
87091200
9
32256
339880181760
28449792
648
49601160
9
28934010000
4465125
2688505344
125411328
316036546560
650280960
576
9
125411328
2257403904
93329542656
2821754880
20483850240
9
3023308800
6001128
1706987520
1058158080
3888730944
19752284160
272211166080
27216
504
20808990720
3333960
9
952342272
81
56899584
229635
46656
5103
9185400
7558272
374561832960
43545600
9
729
23040
537600
561842749440
23702740992
504
36288
780337152
18432
864162432000
6858432
1517322240
9
411505920000
7558272
1224720
576
43352064
11197440
32805
35721
28677390336
36288
243799621632
9
25401600000
81
174795522048
81
52488
179159040
20160
492075
112896
1016064
1016064
296284262400
5419008
207398983680
1959552
9
46675440
329204736000
12802406400
342921600
9
258096513024
576
34850995200
81
1562436540
359985378816
729
1632960
66134880
13332791808
629856
81648
124467840
5184
6613488
22680
10287648
16464000
1300561920
95126814720
73156608
81
30862944
18228426300
27216
940584960
35123200
729
31104
137137287168
13063680
18882232320
207360
15240960
4800902400
134369280000
285768
419904
69672960
139345920
567
648
320060160
202309632
290304
2508226560
3010560
40131624960
143327232
734832
1536000
103723200
7715736000
1093500
8961684480
470292480
501854330880
190512
4032
440899200
3779136
816480
37933056
768144384
9
52509870
4320812160
4233600
648
6096384000
124416000
5103
9
648
5832
136080
20003760
3161088
634894848
4536
81
302400
8888527872
127008
136080
81
365783040000
648
34566497280
1469664
1741824
1244160
9
279988627968
81
1769472
346816512
10416243600
661348800
81
3901685760
661348800
81
10668672
1143072
71124480
3556224000
829595934720
103219200
81
6858432
2571912
3527193600
105815808000
3024
37035532800
314928
5184
4320812160
4608
4374
68584320
106662334464
77760
30725775360
28224
94832640
326592
9
114281072640
1481421312
1828915200
648
5184
81
81
200704
648
362948221440
5761082880
9
3086294400
5184
948326400
60963840
226800000
874964462400
1143072
535692528
31752
46656
110612791296
81
975421440
153628876800
350065800
162570240
9
5103
81
81
400075200
202538070000
9
358318080
1440270720
79027200
81
9
35721
81
35271936000
544195584
198404640
29274835968
81266540544
250822656
4199040
202538070
36288
729
4976640
1410877440
3175200
166698
81
2229534720
24192
2419200000
640120320
81
9
5103
1143072
9
186624
567
7838208000
81
9
504
2400451200
9
3762339840
1451520
2633637888
1250235
58811054400
213373440
33592320
3472081200
1204450394112
355622400
1524096000
648
41472
104509440
4665600000
952560
89579520
5184
9
187280916480
326592
576
504
11522165760
2160406080
376233984000
3703553280
576
87091200
4536
802816
3265920
15482880
1306368
4536
9
95234227200
944784
85730400000
27648
25604812800
165957120
14631321600
567
729
56700000
8573040
17142160896
262440
100329062400
9
20321280
5806080
595350
1143072
464679936
9
960180480
5832
4064256
252887040
548674560
544320
62705664
3779136
1866240
190512
27433728
81
1536288768
680400
5184
110224800
16329600
1728720
1111065984000
1822842630
64812182400
979776
290358577152
81
81
5419008
3969
600112800
9
455196672
979776
408316749120
729
81
9
211631616000
1259712
29393280
9
4608
373318170624
81
1574640
10450944
5184
1504935936
9
72576
3704400
81
81
81
151732224
166698
1111320
2788079616
3969
156764160
148142131200
40824
1280240640
4536
209018880
141120
437400000
729
81
987614208
36288
81
648
2240421120
4536
84015792
3511517184
50791587840
19440
9
790091366400
256048128
2204496
5184
37200870
13826598912
81648
1474837217280
18144
1050197400
2204496
1143072
648
4536
102876480
635040
79027200
81
1950842880
53084160
9
9
36288
15872371200
672126336
39366
229635
79009136640
489888
877879296
23514624000
81
31757969376
22680
7900913664
557383680
487710720
154314720
30098718720
587865600
222213196800
23224320
100370866176
7464960
1088640
4608
729
219469824000
9
1306368
290304
81
428652000
41803776000
1469664
109734912000
9
3024
31104
33443020800
9
1088640
13436928000
18289152
896168448
25920
20736
181440
47185920
9
5184
31116960
23814
3072577536
4536
1388832480
2239488
9
4536
166698
5184
512096256
19508428800
3951360
326517350400
40824
9
63489484800
59256852480
661348800
648
729
1111320
3402
548674560
74317824
3888
7779240
9
9258883200
5832
137781
1224720
729
567
36288
153090
12700800
7023034368
6172588800
884736
35286632640
20832487200
258048
79361856
27653197824
181440
648
169344
174960
793800
31752
23619600
11705057280
13826598912
342921600
10077696000
9
373248
870912
118513704960
9644670
6531840000
9
5643509760
23224320
9
5832
60963840
45722880
293932800
133772083200
290304
3359863535616
145152
823011840
5103
39191040
1560674304
35271936
10749542400
41821194240
5832
9
27088846848
81648000
81
627056640
9
81
2381400
18435465216
300056400
2006581248
60197437440
793800
123480
504
483840
141120
31752
16934400
1128701952
48609136800
22680
648
729
81
2916
1080203040
122903101440
171460800
146966400
300987187200
1088640
148635648
4500846000
120022560
120022560000
36288
867041280
18059231232
13377208320
169344
729
112870195200
9
81
4644864
8162933760
1088640
9
148176
15431472000
20995200
441
729
230443315200
31104
752467968
1146617856
2857680
928972800
648
14515200
163258675200
729
69132994560
568995840
34292160
268738560
84672
948109639680
6069288960
81
3456
31104
1148175
101583175680
17557585920
81
116640
4286520
285768
520812180000
6561
81
740880
729
17836277760
9
1224720000
9
4608
207360
197568
40824
1778112
25924872960
38707200
1143286897536
180033840
6429780
729
132269760
153090
36288
181398528000
1741824
188743680
36288
5103
186624
233280
9
564480
959961010176
2048385024
15931883520
21168
823011840
52022476800
9
648
27216
329204736
57868020
81
129654
81
31104
9029615616
528482304
1224720
215080427520
263363788800
89579520
163296
6096384000
286654464
96337920
1741824
7315660800
181440
154314720
5832
42515280
2100394800
648
34992
5184
762048
111476736
15489331200
76204800
648
9
1593188352
5511240
648
3306744
3024
141120
51849745920
5184
108864
3483648
483840
4608
1143072
21163161600
1306368000
90296156160
81
4374
9
6858432
8709120
54867456000
6172588800
317447424000
32256
45927
2204496
95256
567
4514807808
14814213120
2480058
29030400
5834430
5832
9
20160
313528320
20321280
864162432
576
128024064
40824
2322432
36118462464
2250423
9
25719120
38050725888
1400263200
501645312
81
122472
81
9
4032
1750329
419904
576
1092472012800
120960
203212800
4644864
20065812480
81648
136048896
23147208
9
729
128024064000
275562
62705664
146313216
81
20901888
1763596800
648
36288
331914240
12859560
69672960
36288
9
4390400
364568526000
19906560
9
627056640
1157360400
113799168
836075520
1120210560
4551966720
783820800
37324800
9
133358400
52081218000
23887872
648
9
967680
21168
4232632320
152409600
1693052928
298722816
3402
987614208
24576
4031078400
3840721920
205752960
1741824
4938071040
17283248640
8266860
648
233280
27216
4514807808
9
9
341397504
648
4374822312
5689958400
7741440
103680
10321920
365783040
118513704960
3870720
5832
325066162176
162533081088
25515
285768
576
21685063680
4251528000
34574400
504
189665280
9
3888
81
1045094400
205752960
4032758016
1500282000
11943936
9
16329600
663552
221184
17280
648
696729600
81
24192
219469824000
5715360
504
1199951262720
729
31752
768144384
1371686400
190512
4374
341397504
17781120
20736000
227598336
26453952000
2194698240
17557585920
248832
1097349120
40824
275562
5184
1959552000
6001128
165957120
658409472
6718464
98784
9797760
6481218240
64012032
128421199872
4032
9
548674560
1659571200
945177660
6667920
7257600
8297856
250047
19845
39680928
35721
5016453120
118908518400
364157337600
9
31255875
7023034368
5290790400
22680
182891520
1632960
24494400
576
96018048000
1600300800
8465264640
9
4838400
444426393600
5832
4480842240
9
46656
1377810
648
4445280
1828915200
373318170624
25798901760
357210000
91424858112
46656
81
1306368
27556200
4702924800
87787929600
41472
135444234240
27783
95256000
13063680
34836480
136080
2032128
3333197952
1028764800
3135283200
38093690880
648
648
2821754880
6561
812851200
165888
186624
85730400
76814438400
1714608
4938071040
648
81
435456000
1679616
108864
3188646
5184
1270080
81
470292480
370355328
172872
30611001600
737280
5103
9144576
58525286400
21849440256
567
729
42998169600
6481218240
9
167284776960
846720
250822656
432081216
367416
81
411505920
67184640
4608
181398528
1028529653760
1152216576
28224
109734912000
5290790400
632073093120
22861440
4939200
4180377600
81
952560
9
29160
1451520
81
86802030
79626240000
4299816960
31104
5103
2295825120
81
3968092800
734832
4374
117573120
793800
9
3402
106212556800
3402
20321280
589934886912
924844032
1133740800
8092385280
9
81
28934010
81
48771072
308629440000
248832000
72
297606960
9
26754416640
136080
109734912
5761082880
28217548800
4536
1088640
254016
36288
836075520
648
7739670528
9
3386880
1750329000
1451520
10287648
533433600
47239200
41472
1080203040
4536
4536
9
8709120
67722117120
228562145280
1524096
595213920
88885278720
9
8001504000
7715736
9
81266540544
27783000000
3888
29160
23897825280
435456
2064384
32006016
91039334400
7464960
1511654400
19349176320
648
6635520
793800
648
63221760000
9
81
28576800
20321280
9
81
47239200
66663959040
3919104000
2926264320
81
836075520
66134880
9
1612431360
154314720
432081216
42532994700
32256
783820800
14467005000
222953472000
438939648
3360631680
765275040
9710862336
731398864896
5184
81
1259712
58786560
2438553600
150493593600
163296
4572288
8230118400
81
27433728
453600
729
27216
3762339840
1296243648000
925888320
595350
445906944
165888
11705057280
13226976
648
6561
9
35721
225995285250
567
9
209018880
3810240000
130636800
5184
729
648
1152216576
5832
26336378880
9
81
2799360
5184
52488
816480
4536
81
737418608640
5184
729
1567641600
36288
705438720
12446784
5806080
648
5184974592
729
9
5401015200
9
217678233600
74680704
9
5103
571774140
1866240
9
30965760
3149872064640
9
81015228000
254016
396809280
1088640
9
2645395200
42674688
81
120960
1488034800
81
5786802000
979776000
4032
46088663040
217728
163296
729
97542144
6270566400
176359680
314928
9
81
238878720
81
131244669360
663828480
204120
731566080000
8101522800
53343360
81
390168576
648
174960
190512
5878656000
648
254016
396361728
75582720
6172588800
48157949952
40824
729
8890560
4536
486
4032
4572288
56448
529079040
31104
6858432
645388800
1312200
9
21257640
34292160
819354009600
39813120
22680
567
5334336
81
9
5832
25288704
314928
4938071040
163870801920
648
5832
7346640384
24696
81
254121840
729000
3779136
102102525000
5832
117573120
881798400
9
560105280
1080203040
11796480
2821754880
1625702400
27095040
52672757760
31116960
190512
9405849600
300987187200
960180480
26127360
60692889600
497664
47617113600
65318400
81
81
650280960
9
9
165888
9
111476736
81
41472
1137991680
100018800
5184
176359680000
24004512000
193536
12700800
20155392
7558272
27216
102060
648
32659200
9483264
92160
6481218240
6967296
9
1259712000
648
4837294080
9
26336378880
648
4445280
4702924800
9
17222625
9
19595520
677376
729
8001504
34292160
3061800
2612736
2066715
16329600
238878720
952560
2057529600
45349632
110224800
81
188116992000
9724050
8599633920
6858432
67722117120
896168448
149361408
9601804800
72
4608
21168
167215104
4898880
9
9
17640
3359232
35721
2205414540
47405481984
100329062400
81
871274880
352719360
7348320
80015040
1270080
648
254016
81
648
1270080
9
326592
127008
331776
576
162570240
6858432
524386566144
27216
18366600960
9103933440
580608
60963840
5832
3528000
933120
146313216
26011238400
178605
24192
81
46656
183708000
6914880
56710659600
72
576
181440
975421440
27648
197568
8398080
156728328192
729
1755758592
2194698240
2239488
32514048000
62208
9
40824
3703553280
4251528
1088640
68584320
12700800000
30481920
576
21337344000
103680
470292480
31603654656
9
36288
48168960
722369249280
8001504
6531840
41472
648
132269760
4725888300
9
7112448000
146966400
2419200000
2222640
217818720
576
729
274337280
194436547200
79380
190468454400
632073093120
453496320
8398080
493807104
3612672
3456
71124480
436988805120
36578304000
9797760000
33592320
138883248
329204736
36288
214326
58265174016
278691840
3600676800
4299816960
106686720
1204224
38102400
729
9
46656
3888
81
194436547200
40131624960
7112448
19840464
1250235
9
81
1693440
81
29160
39504568320
4046192640
9909043200
1354752
244944
41821194240
8890560
243045684
1587237120
48988800
1492992
6635520
5310627840
9
1142810726400
9
193491763200
7681443840
1866240
8534937600
9
576
40824
11430720
903168
42674688
5000940
24192
3969
564350976
53343360
233280
1991485440
81
36288
81
77774618880
5184
2857680
729
729
867041280
114307200
6401203200
910393344
36578304
90699264
81285120
81
3969
17010
53331167232
1672151040
9
146966400
3174474240
258048
3969
4536
5184000
423263232
504
910393344
853493760
3901685760
1693052928
36864
2048385024
55738368
80015040
329341904640
9
18432
1500282
81
6561
161243136
46656
9
33606316800
25082265600
4608
104509440
1128701952
9
857304
404619264
1778112
81
278691840
5314410
1714608
677376
19203609600
1071630
248832
9
1264435200
5971968000
4877107200
906992640
3413975040
1350253800
102876480
165888
52488
501645312
326592
182891520
102419251200
81
5832
5184
81
81
1500282000
2700507600
9
81
82301184
81
7112448
729
459165024
9
81
12247200
32514048
49380710400
81
120932352
81015228
81
291325870080
81
347208120000
7873200
627056640
352866326400
5878656000
1024192512
93312000
113799168
411505920
476171136000
153090
8641624320
23147208
36578304
32262064128
648
31109847552
82301184000
9
29628426240
3240
19051200
9
22680
583200
326592
285768
1896652800
36288
117964800
3511517184
20575296
127008
426746880
4960116
85614133248
14112
5103
62705664
110592
26121388032
22759833600
1185408
731566080
7838208
648
3888
48988800
677376000
330674400
729
2090188800
31104
36288
5786802
1926317998080
193536
933120
22680
1966449623040
39813120
9
4536
51609600
9
96768
9
81
1119744
4459069440
161847705600
2032128000
5103
81
576
81
8957952
22680
764411904
40824
18749238480
81
186624
5184
34992
14814213120
187280916480
1166400
197522841600
27433728
194481
884736
296284262400
193536
5184
9
576
17283248640
81
314928
71663616
41472
81
226748160000
5643509760
27993600000
975421440
40824
30481920
268738560
5143824
414892800
4232632320
9
81
9
9
1270080
161280
870912
163296000
2352
486
729
967680
504
9
169344
3528
108355387392
72
3386880
108864
81
40824
1543147200
70230343680
1797896798208
160030080
81
10321920
648
9
630118440
20739898368
4608
9920232000
925888320
24192000
16329600
23897825280
5832
18579456
8065516032
4536
17146080
580475289600
81
13826598912
205752960
31492800
81
559977255936
81
20901888
2731180032
24004512000
4286520
725760
32256
9
27216
81
370355328000
3527193600
448
36288
9
1327104
4032
23224320
8778792960
4938071040
979776
2257403904
26127360
729
11197440
3413975040
4032
21772800
38578680
209952
486
8000
408146688
56247715440
729
5184
181398528
81
207398983680
5852528640
4536
31603654656
29132587008
81
133358400
279936
4536
4408992
29628426240
161280
4032
81
7561421280
816480
576
455196672
4389396480
15237476352
8709120
1567641600
2985984000
9
3386880
31104
189665280
4536
81
95256
233280
9
18207866880
169305292800
298722816
2519424
9
36288
45927
165888
161243136
73156608
1399680
81
312134860800
123480
816480
729
5184
115736040
1714608
388962
81
11197440
216760320
5143824
25004700
23702740992
522547200
81
453685276800
129624364800
459356342760
648
165888
19289340000
9
81
28901376
5832
23514624
83329948800
512096256000
2006581248
14402707200
326592
81
5832
979776
1007769600
729
81
117050572800
1837080
30618
462944160000
40824
254016
30618
5832
81
648
5103
2032128
74680704000
31603654656
1555848
6998400
79626240
14696640
81
2286144
576
162570240
729
15925248
23514624
529200
576
36288
8128512
83235962880
302330880
499979692800
85030560
81
4032
154314720
9
1928934
27216
4032
1469664
154828800
81
419904000
553063956480
3584
9
19595520
345664972800
9
1555848
217728
90296156160
239990252544
32256
31752
672126336
2380311484416
245862400
81
4608
4536
54867456
7255941120
5832
17923368960
81
3456
195084288
258048
475832254464
241965480960
388873094400
141087744
217728
9
537477120
19752284160
3439853568
648
1119744
11851370496
987614208
81
729
32805
81
171421608960
21337344
384072192
289013760
9
699840
81
5184
648
729
81
81
1016064
18207866880
1333584
419904
27869184
14108774400
1428840
39200000
81
648
4032
612360
276531978240
9
576108288000
179233689600
4898880
40824
3511517184
2100394800
81
4251528
4536
36288
592568524800
11522165760
40642560
648
2000376
23328
81
4199040
6001128
5103
729
303464448
31752
274274574336
3919104
4608
979776
46448640
7965941760
154314720
9
34992
9
165888
1920360960
81
265531392000
81
1240029000
45722880
4536
179159040
30862944
10668672
1493614080
4536
176359680
262440
648
285768
3657830400
4822335000
9
388873094400
66663959040
52254720000
9
17146080
54432
285768
23337720000
9
125411328000
32256
100329062400
142216445952
186624000
56899584
620014500
337105649664
3333197952
609499054080
648
26671680
109734912
28224
424850227200
882165816000
45927
5832
182891520
967680
5120962560
36288
2612736
4608
81
5184
25204737600
325140480
5971968
28805414400
816480
172832486400
2675441664
3214890000
50388480
52254720
9
300987187200
5832
1555848
12345177600
20736
326592
512096256
9
77157360
20575296
46675440
47416320000
411505920
27648
76204800
4147200
81
2222131968
426746880
275365888
183708
123451776
3556224
138240
486202500
24576
2352442176
10001880
29739515904
4032
4374
1679616
648
6561
617258880
6123600
304749527040
286773903360
34992
205752960000
81
127455068160
81
9
114307200
33600
9
56010528000
8599633920
190512
504
9
309586821120
648
6998400
729
80655160320
60197437440
729
6773760
133327918080
6688604160
15240960
9
373248000
5184
30618
177770557440
211631616
68584320
567
9
164602368000
204120
4608
648
296284262400
9
81
653184
4032
81
1881169920
4536
648
967458816000
451668897792
43893964800
23708160000
870912
81
264649744800
9
1600300800
365783040
428554022400
164602368
156764160
16803158400
24883200000
306180
4536
39998375424
2430
14863564800
1857945600
18139852800
243855360
3584
9
2407897497600
12499492320
648
119070
8128512
5184
8778792960
3511517184
32256
648
26127360
19046845440
1714608
186701760000
48009024
729
3402
40824
211631616
116169984
109734912
9
96315899904
9
95256
648
6967296
7586611200
13168189440
324060912
214990848000
14402707200
123451776000
13824000
3734035200
648
81
592704
186659085312
4551966720
19508428800
975421440
36905625
8001504
648
81
297606960000
729
4459069440
4536
9801842400
26244000
4267468800
9
576
163296
25401600
9
1119744
32256
10924720128
5040947520
36288
1189085184
1143072
181440
36288
6688604160
1111065984
1543147200
10581580800
4536
81
648
70543872
222213196800
512
4353564672
2939328
9
134456
91424858112
138265989120
6348948480
33067440
68584320
30618
329204736
104509440
4233600
21337344000
28697814000
190512
56899584
648
120022560000
2710632960
14108774400
27783
19118260224
419904
300987187200
217728
115736040000
9
120530818800
53569252800
9
9
21767823360
34992
35271936000
564350976
46088663040
7838208000
81
112896
9
146966400
96768
33592320000
634894848
9
6019743744
39366
313528320
1316818944
870912
14338695168
32805
7023034368
4445280
9
48771072
4536
86416243200
169344
45008460
27433728000
36288
8641624320
81
9
41150592
6123600
52497867744
158760
7803371520
3265920
729
576
18517766400
14046068736
108380160
9
126978969600
176359680
130636800
74088000
66663959040
326592
4032
2066715
1088640
39680928
45927
576
3704400
11160261
39366
648
1543147200
1097349120
226748160000
9
13544423424
16052649984
1343692800
24690355200
9
435537865728
81
3888
668860416
81629337600
148635648
81
81
403275801600
81
564350976000
81
1393459200
142884
92588832
84295680
9
3919104
81
32256
666792
1259712
79009136640
193536
54685278900
1486356480
26127360
8193540096
5184
576
46656
26336378880
81
36288
186624000
17640
9
1254400
39504568320
559872
144506880
1016064
33592320000
1143072000
2064772104192
8332994880
68584320
81
2211840
181398528
7112448
84015792000
31752
81
110612791296
81
4608
658409472000
634894848000
84652646400
4741632
7900913664
648
385786800
23514624
9
268738560
933120
1316818944
17694720
60466176
4644864
73156608
33861058560
12706092000
1428840
317520000
1975228416
163296
1889568
5715360
1714608
72
46656
250822656
219469824
729
5267275776
41472
1008189504
382205952000
222264
25092716544
612360
81
648
9
113799168
2579890176
648
524386566144
12802406400
6967296
518400
40824
1714608
43352064
32514048
9
1646023680
1866240
729
3009871872
9
3888
85614133248
3888
1679616
1481421312
6913299456
277830000
157464
17360406
30862944
32006016
2519424
33592320
9
30474952704
12947816448
31104
5103
18059231232
5184974592
5832
31752
5878656000
1175731200
10077696
167215104
9920232
181398528
648
7144200
100329062400
4572288
6773760
714420
2296350
63207309312
8001504
15801827328
399983754240
907200
12192768
1679616
278691840
32672808000
1049760
36288
2380855680
8162933760
109734912
53144100
729
1259712000
52254720
1161216
627200
77157360
1290240
82703045250
1463132160
1422489600
501645312
82301184
329204736
3472081200
38578680
23808556800
147483721728
72
52488000
746496000
5832
36288
25088000
81
164602368000
6096384000
564350976
9
21508042752
4536
136080
14814213120
9
95256
79361856000
648
160526499840
8573040
6096384
22574039040
5184
290304
729
12644352000
72
27216
27783
28224
5225472
23219011584
9
627056640
9
503884800
4096
5443200
7085880
2857680
1451520
49161240576
149361408
75246796800
729
226842638400
145152
122903101440
81
2926264320
2133734400
34992
31365895680
648
4608866304
86416243200
1097098297344
209952
2239488
2322432
5184
173604060
41472
729
78033715200
648
190512
209018880
9
1881169920
79361856000
221225582592
5806080
81
81
9
217728
729
9
6096384000
127008
68584320
560105280000
1224720
5878656
367416
36288
9
13716864
3888
6096384
16460236800
73483200
1567641600000
2322432
576
6827950080
9
71345111040
40824
8778792960
81
5038848
4445280
9
4741632
3240609120
4536
9
60011280
29859840
1548288
342843217920
2322432
722835456
67212633600
91445760
238878720
655483207680
46656
3600676800
484041600
489888
29760696
729
79659417600
21849440256
139968
1058158080
5184
1290240
6322176
9
150528
169344
1280240640
5184
1128960
84295680
56184274944
23040
6531840000
122472
8573040
70543872
81
22394880
963158999040
151165440000
3732480
207398983680
7524679680
9
14511882240
5120962560
161310320640
33592320
338610585600
1306368
81
81
446410440
81
26671680000
1975228416
9
729
9
96768
4515840
1524096
72
82301184
1143072
13332791808
17283248640
793618560
81266540544
329204736
836075520
25920
1763596800
4608
4644864
9
32659200
322486272
5143824
9
952560
26336378880
163296
25401600
205752960000
682795008
298722816000
108864
567
31213486080
696729600
4374
46656000
54867456
2204496
334430208
480090240
7464960
5103
33339600
16329600
288947699712
81
4032
14880348
4354560000
1270080
23814
2381400
76187381760
54867456000
34284321792
219469824000
78121827
81
23814
5184
81
381024000
1128701952
264539520
24800580
849346560
14511882240
30098718720
146313216
5016453120
36288
81
222953472
81
29160
1393140695040
576
1646023680
4702924800
314928
1548933120
28005264
3969
899963447040
4822335
140460687360
5401015200
36126720
995328
648
9
729
7620480
4536
714420000
685843200
81
622080
5103
6145155072
1361367
19353600
9
81
342921600
36288
31104
5184
1959552
20808990720
9
8641624320
5780275200
34292160
44442639360
24494400
1071630
28224
326592
9483264000
322620641280
889056
121927680
1693052928
379330560
30098718720
81
729
52488
327741603840
47239200
3888
3048192
81
81
81
81
25920
6858432000
3333197952
2469035520
3870720
40967700480
17146080
5103
76814438400
729
81
1685528248320
9
27095040
9
81
5832
380507258880
648
576
9
124416
874800
58330964160
66663959040
1088640
229376
567
648
27216
145662935040
57600
9
81
161243136
256048128000
193536
816480
952560
100018800
26244
609499054080
120932352000
160030080
10581580800
82668600
12697896960
11202105600
17360406
8817984000
44089920
81
91483862400
3200601600
576
23337720
1224720
3023308800
567
9
39366
2124251136
614515507200
46088663040
576
30098718720
35721
40633270272
56010528
9
219469824
123863040
411505920
1498247331840
222264
185177664
2592
16257024
68903451414
2400451200
1224720
5184
823011840
166471925760
27221116608
4082400
15606743040
36288
15676416
2194698240
729
2939328
109247201280
9
5103
23897825280
449474199552
2125764000
540101520
81
829595934720
3333197952
19289340
217728
9
729
1244160
20480
560105280000
9
9
6534561600
285821724384
137168640000
35554111488
302456851200
669615660
9001692
729
2304
648
1105920
9
30965760
6773760
12802406400
12192768
2239488
2160406080
7315660800
1152216576
20901888
283553298
83642388480
32659200
181440
208324872
22861440
78382080
338688
4536
10838016
64012032
9
87480
8266860
99532800
248832
9
254063755008
648
648
806736000
648
127008
9
81
1492992
28224
102876480
1157360400
9
12597120
5184
59256852480
6531840
155520
40824
108864
1166400
42485022720
60011280
24696
729
123863040
5248800
81
1481421312
46656
16329600
578027520
81
8266860
325140480
18207866880
1632960
370355328
975421440
2612736
258048
34292160
9
352719360000
178362777600
13226976
127008
48771072
5486745600
10287648000
9
27216
294055272
9
4536
1463132160
27216
18811699200
217728000
9
25088
9447840
9
9
4536
729
81
648
9
20808990720
17280
10450944000
1133740800
9
8957952
148176
63489484800
99202320000
9
648
405076140
19595520
5832
896168448
81
5103
20575296
182891520
29628426240
25920
322486272
396809280
141087744
113400
59256852480
4779565056
16728477696
9
31213486080
10287648
25920
729
729
576
9
81
217728
48009024000
669139107840
4251528000
306307575
7054387200
35115171840
30233088000
4536
24004512
91445760
555532992
26040609
169344
5184
48157949952
142884
4536
555532992
2963520
96768
866843099136
34139750400
2592487296
275562
123480
11379916800
1399680
62705664000
1828915200
4591650240
373248
1580544
189621927936
102419251200
9
26553139200
285768
518400
317447424
12345177600
729
3265920
19284931008
20412
9
208324872000
9
1011548160
225792
458838245376
100370866176
361184624640
20316635136
9
27433728000
5225472
84672
1612431360
41472
71345111040
38102400
146313216
637009920
4246732800
19840464
648
74317824
53770106880
4665600
16533720
4064256
5832
62219695104
314928
15925248
3762339840
376233984000
1016064
169344
42865200
589934886912
729
81
3600676800
940584960
3240
8573040
151165440
8128512000
1778112
729
304749527040
231472080
729
174182400
7257600
18207866880
3175200
24696000
2408900788224
24690355200
9
9
81
35271936
9
27216
388800
1348730880
17199267840
3645
121927680
3515482215
300056400
5290790400
648
207360
540101520
4285540224
68040
25515
9144576000
3240
526727577600
765450
31104
60480
9
40824
81
285768
81
250047
9144576
11430720
6667920
23219011584
6584094720
5184
1244393902080
648
150528
14338695168
141120000
2571912000
3779136
318504960
297606960
1333584
21772800
27216
27005076
522547200
14224896
27095040
26244
40824
39366
5443200
19131876000
15676416
648
653184000
9
33756345
5832
22680
2016379008
81
729
7346640384
5878656
4536
21233664
31752
81
448
438939648
6967296
81
882165816
4148928
21504
235146240000
3888
564480
396809280
663828480
9
170698752000
81
4032
81
160707758400
9
37791360
945177660000
195955200
81
3888
7803371520
35721
3657830400
1259712
585496719360
217728
2000376
9
14696640
4536
24893568
959961010176
1393459200
9
322560
81
81
26885053440
648
501645312
671846400
9
57354780672
3527193600
1928934000
185177664
122472
81
729
476280
4147979673600
9
729
2916
729
19826343936
81
43912253952
648
151165440
4032
15925248
3086294400
24192
81
3571283520
406425600
6794772480
26336378880
2469035520
648
81
340263957600
1102248
1244678400
6616243620
118513704960
8398080000
81
166698
23887872
4353564672
419904
6696156600
8573040
472392
648
32006016
31104000
2469035520
1088640
11110659840
31104
4536
201553920
5925685248
81
32256
1474560
4536
32805
20575296
81
55738368
325066162176
71663616
71663616
81
677221171200
4354560
112896
19752284160
30618
34566497280
648
17280
122880
771573600
28224000
853493760
110592
342921600
158789846880
4032758016
204120
81
729
29160
395045683200
9
171460800
98761420800
12644352
10369949184
190468454400
44089920
2257403904
153664
9029615616
5832
217728
9
47029248
6561
5103
5184
4608
4536
504
27216
1254113280
933120
5598720
61451550720
648
7054387200
163296
144027072
85349376000
648
224042112000
567
5184
27783
385786800
126023688
261273600
6584094720
9
729
5016453120
192893400
557383680
1244160
66679200
9
576
3292047360
441
780337152
46820229120
604661760
5103
9
729
81
1524096
160030080
1185408
1102248
321489
9601804800
55738368
9
9
193536
2418647040
2857680
4536
9
30481920
34992
10713850560
2332800000
237027409920
162030456
1474560
57354780672
762048
124994923200
36578304000
648
9
166698
4976640
36288
181398528
812665405440
149299200
426649337856
4267468800
16003008
2786918400
648
40824
4082400
61222003200
122444006400
6858432
486091368000
1837080
9
81
816480
81
19595520
2449440
4536
648
486
81
1399680000
933295426560
301112598528
7777461888
5715360
207398983680
14046068736
580475289600
3571283520
2985984
729
60963840000
9
10886400
1166619283200
9
364568526000
314928
209018880
105840
163296
81
604913702400
1289945088
4938071040
74317824000
290304
225740390400
23814000
550376570880
81
134369280
7431782400
81
4032
40007520
81
25515
56899584
5184
22404211200
576
31752
4032
13996800
1399680
15552
4536
8401579200
3240609120
10369949184
61725888
30233088
145152
185794560
14515200
131681894400
9
181474110720
648
729
2449440
21870
57354780672
1071630
9
197568
696729600
81
81
30098718720
69984
17856417600
36288
2488320
663552
16329600000
744017400
293932800
5080320
12859560000
171421608960
188116992
5878656
9
35554111488
7440174000
23814
105345515520
9
30618
9
7258964428800
97955205120
648
2370816
81
4800902400
18662400
889056000
1741824
59744563200
286773903360
114281072640
5832
81
5080320
241864704
510183360
5103
81
9
1679616
4166497440
165337200
4608
81
979776
9
6531840
8957952
12192768
2926264320
9
41150592
12859560
196644962304
93350880
39191040
64812182400
1587237120
5160960
32256
4096
9
41472
1027369598976
15876000
3072577536
48009024
648
9
45722880
5184
1049760
164602368000
9
8817984000
729
12597120
4199040
11202105600
46656
46656
170061120
181440
285768
23702740992
2985984
6967296000
174960
548674560
81
166698000
783820800
10450944
2025380700
3048192
41472
30618
9
302330880000
3527193600
17010
263363788800
658409472
24277155840
92876046336
81
6561
653184
9
9335088
195955200
7902720
729
36288
13716864000
41472
18517766400
4478976
1377810
9
30725775360
81
45927
729
1555848
3444525
648
244944
251942400
4608
648
1306368
39829708800
3779136
81
108864
5715360000
714256704000
132710400
122495024736
9
149361408000
13655900160
1213857792
729
217728
72
11757312
729
1111320
219469824
567106596000
60480
9
36288
165888
94478400
5808499200
4536
711244800
138265989120
81
72
162533081088
895795200
17915904
6531840
559872
35562240
225792
27216
25088
9
1399680
15801827328
4536
8168202
5143824
88473600
1224720
251942400
14631321600
3386105856
8128512
501760
81
210039480
81
9
3072577536
81
65318400
1728324864
9
583200
5080320
274337280
580475289600
411505920
4374
41150592
9
762048
72000
81
11573604000
170698752
52488
729
520224768
9
2204496
8641624320
6970199040
46088663040
32514048
163296
4032
81
81
5511240
81
78382080
2091059712
98761420800
36578304
2633637888
139968
40824
19765032
8332994880
408240
16803158400
1327104
729
2926264320
11289600
36741600000
77157360
1469664
2204496
1422489600
73741860864
9
510183360
1728324864
5715360
27216
5878656
172637552640
5832
3763200
552960
181440
774144000
4536
9
166698
37174394880
2000376
17640
54867456
81
46448640
262440
658409472000
47416320
47239200
9
4536
24004512
648
165957120
840157920
1493614080
2962842624
1119744
9
98761420800
27216
740710656000
14224896
829595934720
9
729
35554111488
729
648
70543872000
50803200
2066715
217728
20901888
5715360
457228800
6666395904
22680
31213486080
9
5832
16203045600
223948800
6561
104162436
90737055360
341397504
5511240
145152
9
73156608
839808
77774618880
731566080
81
8890560
4408992
12192768000
2160406080
609638400
729
8817984
321489
31752
22295347200
9
24385536
177770557440
57868020
34398535680
5080320
236196
9
20808990720
27783
1492992
81
4374
9
2755620
30618
9
1560674304
3919104000
987614208
606928896
729
155520
19752284160
7348320
33030144
1083553873920
65318400
57076088832
116169984
204120
35271936
320060160
833299488
7169347584
40824
29393280
81
1937102445000
18579456
32256
203212800
9
816293376
8230118400
24192
13168189440
81
210039480
53343360
2646000
81
1959552
34139750400
5184
240045120
20065812480
325066162176
60466176
13168189440
4032
37158912
40824
40824
1741824
35721
432
81
7054387200
729
27095040
3596615680
81
648
134369280
7620480
172064342016
1382976
154279448064
9
9525600
285702681600
9
9
249707888640
571536
699840
4536
322486272
9
5184
3456
81
5832
4877107200
11522165760
9
188956800
52907904
495452160
907200000
907200
250047
9
648
261273600
3359232000
35721
40824
6967296
29160
11428107264
39366
3919104
774144000
14112
197522841600
71693475840
28224
81
9
27648
17283248640
56435097600
45360
326592
9843350202
81
15116544000
204120
3528
648
81
9
31116960
14108774400
729
7558272
1259712
312487308
77760
9
3121348608
22394880
81
270050760
4425523200
71124480
765450
406332702720
81
81
81
50409475200
2388787200
648
729
279936
31752
90699264
5832
193536
196608
9
9
2880541440
35115171840
81
4115059200
81
119439360
275562
163296
645120
11757312
81
435456
102036672
2194698240
141616742400
9
231472080
16257024
43208121600
1088640
14171760
9
5038848
5103
5103
5184
26244
2480058
16796160000
69132994560
119439360
483840
153090
9
836075520
14402707200
617258880
1889568
9217732608
70246400
9
19046845440
5143824
1377810
737280
387072
5832
4032
83607552
39182082048
729
5832
4014080
244944
81
27216
99995938560
1185408000
32256
25395793920
52488
13377208320
508032
9
228562145280
1646023680
23514624000
8817984
67212633600
7803371520
44609273856
11522165760
592568524800
9
632073093120
2519424
663828480
137168640
648
9
329204736000
1354752
10081895040
2743372800
6096384
81
3919104
41150592
4536
31603654656
711082229760
86400
145152
121927680
648
648
2285621452800
576108288
1433272320
81
5927040
27216
69132994560
81
10032906240
729
240789749760
81
25920
13934592000
256048128
15482880
36288
9
6561
6718464
677376
1161216
81
5806080
9
8957952
81
576
6561
9
238978252800
1070176665600
18289152
645120
933508800
729
2519424000
995328
1800338400
9
52672757760
668860416
15872371200
129654
17146080
190512
32774160384
26121388032
1653372
3226944
648
870912000
3600676800
7715736
5832
119070
110592
26665583616
204120
190512
9
217728
13335840
884736
66382848
180592312320
10241925120
145827410400
81
2844979200
1074954240
571536
56184274944
81
9
489888
175575859200
138240
576
39191040
27525120
25515
4374
1327656960
1269789696
190512
215080427520
1333584
51438240000
149361408
7558272
28224
4148928
81
2508800
15876
438939648
268850534400
361184624640
314928
9
5832
15431472000
8641624320
16184770560
7283146752
217728
8957952
46656
81
112870195200
487710720
6502809600
9
81
72
169344
9
81
1469664
790091366400
16515072
101606400
74912366592
1679616
6584094720
1244393902080
34992
9
83607552
696729600
1128701952
144473849856
36864
668860416
61917364224
504
81
285768000
5832
28217548800
857304
3810240000
130636800
72
3969
729
158760
15676416
55553299200
274337280
9
4232632320
16325867520
14046068736
9
4536
4665600
2247370997760
1493614080
914457600
2880
81
65840947200
17069875200
23044331520
98784
130056192000
595213920
26453952000
81920
253957939200
34139750400
648
9
648
21946982400
1224720
391910400
1806336
30618
2480058
551124000
13940398080
47563407360
125411328
272160
11337408
361267200
5103
729
9
296284262400
5103
531062784000
729
36288
22394880
34992
27088846848
504
9
46656
9
81
24192
31248730800
39366
18670176
2612736
729
9
56448
29503488
55738368
786432
186701760
18147411072
183708
54623600640
19591041024
102876480
504
9
1646023680
81
217728
9
1306368
1143072
31752
15676416
108909360
1049760
49380710400
9
4898880
186624
45722880
3826375200
240045120
648
9
283435200
83349000
23702740992
27783
6967296
261273600
1428840
90016920000
4800902400
6638284800
6561
16533720000
4032
648
196830
9
5103
569232921600
46656
44089920
1944365472
771573600
5184
11337408
826686
167215104000
121899810816
433520640000
9601804800
4536
1032192
41479796736
5511240
81
1078984704
26342400
371504185344
453600
81
2000376
648
9031680
81
81
136080
888852787200
5334336
7620480
39366
1959552
293932800
40007520
87397761024
23410114560
81
35721
979776
153628876800
504
40320000
2571912000
1088640
125411328
81
354294
23781703680
489888
373248
729
18144
244944
514264826880
166698
40824
1200225600
59521392000
28343520
729
32805
987840
272211166080
38407219200
1950842880
34992
1428840
24970788864
11430720000
47029248000
1161216
1000188
1474560
324060912
19440
81
81
2370816000
10450944
729
52497867744
5290790400
576
2099520000
504
81
65548320768
227598336
6019743744
16131032064
180592312320
31752
1700611200
3611846246400
219469824
6019743744
1524096
2633637888
116661928320
30618
1548288
729
98761420800
3920736960
3888
729
198180864
3809369088
2304
59256852480
79380
729
987840
3584
729
7777461888
1463741798400
51849745920
3888
729
729
248832
9
290304
28224
336063168000
176359680000
157464
252829237248
5038848
648
8037225
522547200
992023200
145152
9
729
472392
9
81
20412
1975228416
300056400
36288
50009400
81
4096770048
648
568995840
205752960
46656
225792
9
101583175680
209952
1659571200
9
97218273600
6270566400
135475200
3023308800
1102248
163296
293932800
23328
9
816633498240
40642560000
35006580
3483648
3024
38407219200
11337408
3584
27216
27216
81
4374
1574640
9
796594176
34292160
24192
193536
20003760
9
361184624640
9
24385536
1088640
5184
51438240
59744563200
29160
1975228416
41990400
55987200
2286144
617258880
93640458240
576
27653197824
3888
113400
580608
20160
235146240
1270080
147456
15431472
263363788800
209952
193536
4536
21337344000
29042496
604661760
338688
351151718400
81
16074450000
3901685760
510300
6561
362880
10160640
79361856
27216
16460236800
23708160
165888
36288
23328
504
419904
15431472
729
61451550720
270888468480
80621568
141120
22226400
9
13377208320
30725775360
1806336
4608
4374
9
36288
40831674912
1828915200
5103
5668704
252829237248
81
30618
7501410000
6501323243520
2469035520
108380160
648
170061120
20160
5832
1306368
183708000
2916000
450084600
81
36288
5184
38578680
5832
73156608
7838208
238878720
7464960
36288
1920360960
914457600
34992
413343
314928
1574640
9
45927
127401984
36288
78033715200
1371686400
108864000
21168
29998781568
217005075000
36864
210691031040
96018048
373403520
3087
81
1580544
9
1646023680
451584
41150592
21946982400
17283248640
10616832
4644864
95256
216760320
787320
23514624
9
25401600
14814213120
32006016000
10077696
648
648
5832
81
458838245376
27095040
5103
9
138265989120
33067440000
76814438400
289013760
729
110638080
314928
648
5184
25920
435456
193536
30618
4032
46656000
183708
81
3888
23814
3483648
9
576108288000
6429780
580608
729
19840464
72
217728
36288
1857945600
448084224000
6348948480
214326
1016064
14108774400
3888
81
987840
37507050
1587237120
2194698240
77175
44442639360
170698752000
4608
3969
41150592000
5080320000
5668704
31752
169305292800
54190080
9
31752
9
22674816
9
696729600
59521392
92588832
16934400
6193152
900169200
81
787320000
4608
1524096
382365204480
81
222264
127008
5103
52929948960
448
331776
567
2304
816480
6858432
648
45148078080
9
1224720
3317760
145179288576
432081216
9
207360
114661785600
313528320
104552985600
10080
148803480000
1058158080
81
367416
9483264
9
2540160
255150000
122472
81
729
1866590853120
414720
