3024
81
9
4536
81
762048000
5184
108020304
172832486400
9
9
509607936
48988800
648
81
8573040
1157360400
32256
1290240
81
358467379200
648
729
81
35721
81
729
729
81
4591650240
3456
183666009600
244944
1333279180800
9
81
95551488
3402
256048128
3950456832
729
4898880
5832
210739200
81
3086294400
9
27216
5184
9
17146080
41472
1285956
3538944
504
9
326592
121927680
308629440
31109847552
81
18895680
9
62219695104
23436548100
28224
1200225600
338610585600
81
18966528
30618
9920232000
233280
2721600
933508800
648
9483264
666792
10581580800
81
81
5225472
17923368960
24385536000
81
268850534400
20321280000
275562
34836480
9
36288
26665583616
32920473600
137168640000
74317824
3888
17418240
576
54010152000
5225472
75582720
5441955840
21604060800
91445760
9
81
222264
72013536
30481920
405
504
28934010
66886041600
16994009088
136080
219561269760
650132324352
635040
694257516288
729
5103
9
4445280
177770557440
367416
43208121600
313528320
169940090880
3174474240
81
16721510400
81
47775744
9
8817984000
4877107200
34992
156829478400
936404582400
5184
233280
82301184
3657830400
1365590016
199991877120
1587237120
54190080
147483721728
3186376704
211631616
5832
17856417600
4374
9
5832
81
583309641600
816480000
114307200
85349376
254016
43698880512
933120
1488034800
3556224
81
729
20736
65028096
5184
81
8168202000
10158317568
9924365430
7742895390720
5556600
3645
5184
9
254016
96768
833490
864162432
285768
352719360
81
860321710080
6553600
34139750400
17414258688
20483850240
14696640
204120
9
9031680
64012032
1599935016960
9
40824
96018048000
3674160
19267584
11757312000
81
222264
81
391910400
48393096192
81
9
97977600
729
28224
729
2380855680
43218000
1234235584512
566870400
3919104
15049359360
531441
174142586880
25515
729
30862944000
9
2645395200
9
22680
440899200
729
5832
1950396973056
5832
42353640
142248960
24998984640
7169347584
648
648
729
11522165760
9
7936185600
13716864
1343692800
453600
411505920000
5143824
729
284497920
75014100
81
56899584
12002256000
7315660800
81
34992
76814438400
9
181440
81
122903101440
23147208
3359232
81
5184
1632960
2419654809600
3048192
4167450
8230118400
1428840000
2268
120960
18144
326592
12348
8599633920
155520
44442639360
48771072
1771470
81
1300561920
5143824
9
24494400
83349000
9
5832
182891520000
36006768
190468454400
81
81
9
81
59521392
17418240
7110822297600
5103
2025
81
54419558400
6348948480
648
1128960
213373440
9
9
55553299200
564350976
155549237760
139345920
19595520
32514048
648
2786281390080
1128701952
4515840
1679616
168552824832
2268
81266540544
81
2519424000
40824
640120320
81
648
81
648
41472
729
1285662067200
5184
78732
705438720
156764160
279936
165888
81
40824
337486292640
3010560
35271936
2560481280
32256
829440
9876142080
648
8162933760
4536
6531840000
58786560
6773760
9
3703553280
81
18662400
524978677440
1119744
207360
1058158080
576
729
702464
648
75866112
32805
11904278400
59997563136
44609273856
37933056000
3456649728
12446784
9
3456649728
432
15943230
124416
54623600640
5184
1524096
2469035520
2400451200
16934400
5184
979776000
806215680
44808422400
65840947200
995328000
81
576
5184
238085568
9
648
23514624
11022480
729
47239200
5184
10160640
89302500
3251404800
648
14814213120
1653372000
359985378816
1234517760
960180480
335923200
2239488
81
35286632640
209952
26244
576
24186470400
178362777600
14515200000
940584960
144670050000
9
285768
28224
1137991680
111974400000
504
165337200
184354652160
9
46656
1659191869440
81
81
9
3472081200
5832
280921374720
1088640
1411465305600
49787136
9
232190115840
18811699200
4459069440
9
244944
40824
1679616000
101964054528
65028096
294967443456
6401203200
1778112
2489356800
22221319680
16796160
729
75582720
29160
57610828800
15554923776
15360
284432891904
4608
1032192
9
146313216
9
3265920
24192
16930529280
3265920
81
457228800
189621927936
21168
81
28934010000
196608
576
497757560832
37035532800
9
7900913664
197568
729
4608
81
75866112000
5832
28224
836075520
5419008
9335088
7257600
906992640
27433728
648
9
910393344
31492800
34292160000
2786918400
43912253952
32006016
632073093120
423263232
4032
23224320
29030400
185177664
812851200
48771072000
17010
36288
5486745600
156764160
367416
250047
81
97200
45148078080
14696640
101583175680
32256
399983754240
5184
921984
2000376
1234517760
81
44789760
2560481280
501645312
2985984000
5184
114307200000
121522842000
9
113799168
81
13168189440
334430208
49787136
8957952
5832
27653197824
45722880
7001316000
2341011456
28805414400
28449792
31752
5832
338688
2962842624
5832
31752
262440
32256
81
3686400
576
2528870400
81
5184
124416000
648
648
22861440
70560
11329339392
729
1975228416
1337720832
2351462400
21767823360
4032
23328
960180480
88885278720
105019740000
1111320
81
1469664
9
36288
14936140800
5832
6773760
132269760
54190080
20995200
39366
2080899072
395045683200
1741824
19595520
77157360
97542144
9
4536
5103
12149506535040
9
729
217728
4608
702303436800
20155392
35721
9
9
221184000
7620480
967680
9
81
9
31109847552
1806336
36578304
41472
4115059200
6531840
27216
27216
5184
41150592
9
3010560
4032
123451776
648
8641624320
1185408
250822656000
1866240
6534561600
3048192
186624
47617113600
108355387392
81
46656
504094752
967680
4644864
115221657600
81
419904
206671500
5671065960
729
1354752
9
1607445
22680
1607445
44808422400
26885053440
8957952
27869184
448
116121600
351151718400
3024
2821754880
2765319782400
2322432000
1137991680
2777664960
9
14696640
268738560
9
81
24192
601974374400
477956505600
9
18895680
1672151040
142851340800
10241925120
200037600
81
290304
203928109056
81
1813985280
9
9001692000
564350976000
56646696960
21168
31752
81
302330880
95591301120
165888
96768
1646023680
9
194436547200
21168
3124873080000
944784
340122240
81
3024
1058158080
6251175
23410114560
81
18435465216
158760
25204737600
2257920
49787136
156728328192
124994923200
4536
9
5928154283520
56435097600
3584
4374
537701068800
145152
4536
57140536320
505774080
81
734832000
326592
81
36288
5184
5184
729
10890936
146313216
6584094720
244944
48988800
5103
205752960
197568
26342400
914457600
8888527872
326592
26127360
77157360
4897760256
117573120
52254720
2752512
2539579392
276531978240
1327104
13271040000
37035532800
22861440
9
6531840
18289152
2709504
72
23808556800
2560481280
30005640
6858432
3240
6534561600
5878656000
1440270720
148176
648
81
27095040
41472
1036994918400
294967443456
9
258048
412782428160
31104
8817984000
577895399424
1469664
3292047360
4032
47416320
81
1975228416000
529079040
20575296
162570240
5531904
9
5184
9
585252864
42674688000
4115059200
432081216
78382080
729
213324668928
2057059307520
4335206400
729
9
81
2765952000
83607552
5184
81
416649744
442368
289013760
14631321600
81
5852528640
5644800
1451520
128024064
3161088
61247512368
81
5832
432081216000
529200
457124290560
31752
23514624000
729
5184
81
940584960
5184
9
5832
1896219279360
476171136000
472392
10160640
4608
33339600
6001128
217728
63727534080
121927680000
5401015200
729
10001880
18289152
27095040
81
10749542400
31352832000
3402
9
416649744000
4032
5184
178605
34992
81
254016
4536
154314720
729
10160640
2116316160
1045529856
250927165440
326653399296
729
79361856
41472
22394880
35712835200
81285120
1451520
846720000
3096576
14511882240
71124480000
258048
2222131968
4536
54177693696
84276412416
95591301120
9
33861058560
650280960
4572288000
76814438400
83607552
62705664000
5832
648
3734035200
903168
157464000
115221657600
6096384
161243136
583200
9
617258880
9
52254720
729
1599935016960
81
829440
9
1645647446016
9335088
28672
1128960
47029248
71693475840
3161088
4374
76204800
5184
222264
136080
44040192
72
9
9
1469664
398131200
5184
4608
5184
39680928000
147456
9
1488034800
2612736
10081895040
60963840
9144576
2000376
41472
9
8957952
119042784
10321920
28217548800
771573600
30862944
188116992
5225472
5486745600
571536
9
39366
823011840
326592
1200225600
34292160
25515
20163790080
729
9
4667544
5225472
648
119489126400
3528
2788079616
33177600
537477120
2800526400
5184
1405192126464
38263752
81
1316818944
130606940160
435456
300987187200
62705664000
25920
1524096
2449440
142884
2381400
12802406400
31104
8641624320
9
1166400
729
5225472
1143072
2177280000
576
11757312
6021120
2249908617600
97218273600
31492800
253957939200
1500282
89282088
379330560
33592320
81
4374
650132324352
9
9
81
34992000
81
357128352
81
435637440
365783040
917676490752
4115059200
22680
940584960
37807106400
141087744
81
483930961920
91854000
222213196800
5761082880
10501974
3840721920
5601052800
5832
884736000
15116544
497871360000
448
17635968000
81
367416
648
504
1658880
365783040
155520
25401600
3265173504
30618
47029248
3584
14224896
442368
233280
648
33177600
21432600
390168576000
371589120
48771072000
250047
9
60480000
9
82301184
4478976
3136589568
7257600
677376
7558272000
1137731567616
4536
3024
6584094720
6773760
233280
141087744
40642560
39016857600
1959552000
248832
5832
1244160
28576800
195955200
237027409920
12541132800
48384000
1343692800
648
4032
648
6220800
81
151165440
89579520
52488
196036848
9
391910400000
1343692800
21337344000
9
642831033600
376390748160
490092120
11430720
3703553280
13547520
2032128
4608
7927234560
21168
81
221184
5689958400
46656
5184
9
5832
49325015040
4445280
153090
6172588800
1481421312
190468454400
648
752640
925888320
9
3429216000
23328000
81
5852528640
192036096
6967296
10077696000
5832
5832
81
126443520
648
4536
38093690880
1574640
64812182400
192849310080
609638400
35721
31752
81
99532800
13442526720
15872371200
16003008
8709120
81
2091059712
192893400
230443315200
9
5184
68052791520
166698
9
46088663040
648
15120
139994313984
3483648
648
8778792960
2123366400
1200225600
12345177600
2821754880
12192768
640120320
193572384768
470292480
12386304
5832
448
81
9
5832
279988627968
30618000
25004700
81
36288
7524679680
9
25480396800
162030456000
5184
4536
95256
29030400
6223392
9
729
1543147200
1646023680
5832
49766400
390168576
81
33339600
1920360960
102876480
81
40824
214366293288
567
5160960
21073920
5184
729
5974456320
6561
1524096
121927680
63489484800
41472
81
52907904
145152
1306368
729
734832
9
567
1161216
13934592
7144200
81648
81
81
147483721728
81
161280
2057529600
5103
21874111560
85349376000
567
5832
3628800
228614400
7838208
533311672320
44808422400
5715360
1088640
106686720
9
645120
9
729
81629337600
5832
648
648
23702740992
1011548160
104976
158760
29160
1984046400
52907904
329204736000
227598336
2257403904
99202320
3762339840
606928896
663828480
19840464
19603684800
708588
731566080
342921600
81
580475289600
127060920
6096384
81
31352832000
680400
12962436480
4032
3528
4762800
111476736
423263232
108864
175616
107520
576
14936140800
195955200
50388480
9
343
729
81
9
9
163296
130056192
9
168031584000
250927165440
219469824
81
860321710080
4534963200
12002256
6561
31104
20412
304819200000
9
956593800
5184
317520
1179648
1646023680
230443315200
79009136640
1981808640
4536
34992
44808422400
47617113600
16128
29160
4536
166698
3919104
10321920
62985600
6350400
1280240640
147456
142884
81
82301184000
72
25515
233377200
4115059200
729
84015792000
68584320
190512
120932352000
430160855040
222264
27783
390168576
648
729
1097349120
729
30965760
17360406000
504
27216
17499289248
4354560
576
729
3542940
4115059200
6936330240
60466176
10158317568
71345111040
18289152000
11110659840
39813120
3456
9
604661760
127575
1016064
9
5832
118513704960
508032
31863767040
18579456
3121348608
81
10158317568
4536
5120962560
7054387200
2066715
9797760
40824
193536
145152
197568
4374
81
248878780416
9
729
252047376000
576
802632499200
195084288
5852528640
81
314928
217728
13436928
46088663040
81
365783040
15746400
4536
829440
22861440
81
27216000
52907904
5103
648
576
36288
32256
81
63489484800
3024
36288
9
881798400
1028764800
9
5057740800
5103
567
5643509760
9
3732480000
55553299200
1463132160
138297600
5184
432081216
4354560
23337720
331914240
418037760
28224
632217600
23219011584
576108288
1234517760
1219276800
729
2688505344
338610585600
81
734832
9
5443200
30481920
9
4999796928
78414739200
81
225792
1469664
358467379200
5832
576
9
52488
138297600
43208121600
1024192512
3888
268850534400
3733181706240
25088
320060160
147456
81
63207309312
648
56687040
504
423263232
81
81
1548288
81
78382080
694416240
648
1399680
4536
648
648
72
1959552
108380160
1469664
79361856
1306368
37158912
14269022208
174142586880
9
365783040
13377208320
28343520
33592320000
120982740480
34566497280
104509440000
161280
648
40824
2143260
75600
396809280
5120962560
133327918080
7501410
9
1264435200
11110659840
19203609600
13716864
49161240576
4702924800
576
95234227200
495898225920
5103
6858432
81
705438720
1567641600
504094752
648
197568
145118822400
34992
729
56435097600
64800000
7348320000
102876480000
56435097600
107540213760
1881169920
9
9
648
2654208
252047376
9
27209779200
25798901760
9258883200
72
3456
9
3186376704
9
2400451200
729
40642560
9
1612431360
771573600
31752
648
459270000
13271040
7468070400
416649744000
91424858112
29160
967680
4536
81648
810152280
52488
145662935040
81
16128
40824
9
203166351360
81
263363788800
138883248000
302330880
81
729
152409600
864522499680
66886041600
30618
254016
6721263360
8778792960
356874190848
27648
52488
268850534400
5832
907200
9
121927680
23514624000
850305600
67184640
49787136
9
51209625600
648
81
5038848
70543872
3402
132765696000
81
81
192036096
2880541440
23814
4536
20483850240
82301184
28217548800
4013162496
20316635136
1433272320
35721
548674560
81
552960
96768
40642560000
6451200
4032
182849716224
9289728
729
33067440
1306368000000
8890560000
9
529079040
14511882240
903168
1653372
592704
53581500
81
11757312
800150400
444426393600
648
45722880
81
9
1851353376768
648
190512
95256
874800000
274337280
5103
10404495360
9
81
1524096
23708160
4374
316036546560
81
1382659891200
755827200
9
37623398400
9
4180377600
35721
30618
132269760
15552
9
181440
303464448
729
81
330674400
81
648
19203609600
171460800
13440
41472
81
3906091350
36288
1524096
15049359360
1161216
290304
2430
92160
430160855040
9
189621927936
213373440000
32805
139968
3888
18003384
81
79659417600
81
3375634500
9405849600
729
1867017600
10081895040
2322432
24084480
9
192036096
3402
6021120
30862944000
211680
81
27783
5184
5832
141087744000
648
3456
1300561920
640120320
9
3888730944
20163790080
29160
293932800
4898880
145152
870912
5184
145152
17860500
1194393600
1548288
45722880
225792
36288
81
7054387200
3919104
4536
7255941120
112870195200
2592487296
172032
470292480
104509440000
31104
81
275562
22684263840
26453952000
15362887680
2177689328640
135475200
589934886912
729
13436928000
648
5832
9
352719360
81
6298560
9
9
846879183360
1451520
567
5103
30233088
32256
10192158720
925888320
1451188224
10287648
823011840
81
68584320
14696640
648
476280
45927
24192
220449600
1851776640
1019215872
24004512000
2016379008
9
6635520
105840
179233689600
6561
8164800
304749527040
81
4938071040
81
9
691329945600
84652646400
476171136
9
442451165184
836075520
20321280
7201353600
9
23224320
9
34992
24004512000
30005640
729
9
150556299264
15554923776
46656
752467968
823011840
42865200000
729
846526464
1474837217280
79659417600
256048128
729
45008460
39680928
17010
508032
2194698240
590069760
75278149632
38698352640
4536
134369280
2972712960
5806080
15049359360
4408992000
1185408
63011844
205752960
746496
9
272097792
1785641760
165888
148176
115221657600
4408992
5644800
11428107264
524880
8573040
81
5832
28311552
2976750
129600
326592
1548288
123863040
202538070
3265920
729
780337152
4148928
27783
2116316160
555532992
4064256
40131624960
148142131200
5184
567
648
729
9
123480
567
9
648
9
1693052928
18289152000
648
72013536
604913702400
8193540096
21609
81
648
217728
190512
217728
92588832
105815808
2239488000
59049
1975228416
164025
9
729
80263249920
5184
289340100
1170505728
39680928
729
122472
648
1959552
567
9
56435097600
12446784000
272160
9
54867456
81
3024
53343360
66961566000
81
81
197568
7524679680
5715360
264539520
217728
3732480
648
248878780416
392
3969
1492992
1658880
248878780416
5358150
23814
7741440
7715736000
1706987520
34992
39182082048
250822656
5120962560
219469824
285768
6967296
156764160
26127360
3086294400
10534551552
1053696
9072000
72
27216
5184
35271936
10001880
5832
8028160
130636800
1469664
2786918400
5184
7741440
13063680
648
9
181440
5832
4838400
160563200
3901685760
6561
81
81
81
571536000
21508042752
18811699200
648
1088640
5832
2880
81
8294400
31104
95256
156764160
10001880
2902376448
457228800
9
1244160
1440270720
9
39016857600
6001128
576
33606316800
81
11705057280
9
9
7620480
3528
716934758400
190468454400
20901888
59049
729
559872000
72
9
9
933120
6613488
9
384072192
1524096000
36864
82668600
7838208
13996800
36288
237027409920
1269789696
9
53343360
9
81
25515
54358179840
5832
124416000
31752
270950400
4536
442368
10287648
705438720
1224720000
444426393600
4536
729
1166400000
1003520
81
81
2520
24300000
11197440
2579890176
314928
1075402137600
247726080
541776936960
93746192400
3809369088
26873856
198404640
9
4536
81
9920232
699971569920
145152000
50409475200
384072192
7348320
81
4682022912
166698
648
40824
729
233280
9
117050572800
729
3584
140026320000
32406091200
81
204838502400
1254113280
29160
263363788800
32672808
2116316160
448
139403980800
317447424000
92198400
1354752
27783
78764805
117573120
711244800
648
31752
2176782336000
32805
6561
560105280000
731566080
3919104
648
729
81
39366
81
3715891200
3612672
112870195200
648
5103
10668672000
9144576
4536
5832
3840721920
54867456
604661760
9029615616
9
81
355622400
95256
20575296
47416320000
81
4032
43545600
36288
9
168552824832
1333584
52488
65548320768
4608
7054387200
42138206208
117622108800
367416
72
2799360
32256
27549901440
30725775360
1632960
102060
385786800
2902376448
483840
1244678400
405
205752960000
41472
5598720
8817984
16930529280
81
816480
314928000
6561
895795200
81
319987003392
222953472
40824
72013536
658560
151165440
21499084800
729
40824
3086294400
31492800
13377208320
395045683200
338610585600
8641624320
45927
648
233280
360
158760000
4500846
4032
14450688000
1889568
81
81
504
155549237760
5832
7348320
8778792960
729
5445468000
9
2633637888
60963840
36864
11612160
24883200
9
2040733440
1000188
725760
6944162400
264479053824
197568
9
15925248
9
146313216
4032
67722117120
66382848
277766496
107540213760
29160
648
5715360
20736
944784
1028764800
81
5080320
45519667200
72
56899584
2519424
4536
980184240
5103
258048
1071385056
115248
232190115840
9
3733181706240
1229312
25604812800
10534551552
3584673792
4214784000
29160
209105971200
1306368
31752
20575296
36578304
24385536
3086294400
9
13335840
3686400
6561
4591650240
81
30005640
648
15120000
81
12446784
195955200
54623600640
63207309312
15876
75614212800
166698000
3657830400
136080
2239488
32006016
326592
90699264
9
680400
1032192
40967700480
39366
20412
6096384
3456
81
33606316800
1016064
1062882000
17283248640
3303014400
5832
205705930752
433520640
729
53508833280
81
1828915200
5832
2250423
5832
81
533311672320
4199040000
23514624000
244944
5290790400
729
5832
175575859200
2645395200
4536
31104
609499054080
4572288
275562
5184
14224896
1161216
510300
23044331520
48771072000
41472
14929920
25719120
1093705578
81
18728091648
734832
72
685686435840
68584320
729
9
729
9
3528
6561
47029248
729
30618
411505920000
21499084800
783820800
17069875200
250047
263473523712
36870930432
254016
1428840
288
9
41472
9
3024
9
145152
253172587500
768144384000
198263439360
250822656
13168189440
6123600
729
729
142851340800
117573120
592704
4536
13168189440
9
5103
131712
29628426240
148176
672126336
49601160
6635520
81
81
28224
11022480
4999796928
1813985280
154314720000
1371686400
62497461600
5832
5184
105815808000
161243136
5832
1224720
40131624960
81
576
36288000
1032192
576108288
3732480
948109639680
34398535680
4938071040
21609
8230118400
1327656960
580608
81
81
1270080
13716864
729
5184
11705057280
81
29160
1792336896
4536
493807104
91445760
66663959040
9
45712429056
1032192
81
6998400
93329542656
81
1080203040
792723456
1049760
1555848
9
3402
81
514596726000
1128701952
8465264640
9
144027072
648
34992
20483850240
1399680
127008
2073600
290304
5624771544
2322432
5160960
33443020800
870912
2645395200
648
26873856
972405
27209779200
1143072
37507050
9953280
1234517760
81
30105600
1944365472
2000376
28805414400
5739562800
25515
3483648
81
51459672600
1524096
81
233280
81
57354780672
2090188800
3174474240
9
27216
39191040
729
1310966415360
590490
22499086176
445906944000
9
25920
27648
275562
900169200
81
5079158784
729
10160640
9
648
1399680
81
52488
419904
2351462400
34828517376
214326
81
9
648
35554111488
648
20065812480
13436928
27216
40461926400
203166351360
2488320
9876142080
373248
10192158720
81
125411328
729
178605
81
25719120
35554111488
344064
729
156764160
298598400
9
28311552
285768
80263249920
314928
1128701952
5832
5443200
32651735040
729
43545600
729
81
4536
4374
110592
9
1306368
4354560
9601804800
81
17280
17280
3901685760
10450944
729
81
729
4032758016
4536
153090
81
237081600
899963447040
81
23328
19595520
592568524800
23040
1990656
483729408
4536
40824
5443200
9
81
81
81
285768
7348320
81
4665600
9
1264146186240
19046845440
58786560
8101522800
367416
1742549760
81
5184
1365590016
81
729
1102248
352321536
141087744
4536
141087744
9
891813888
5184
5184
729
54432
6096384
648
9
2212761600
729
5832
648
81
438939648
1881169920
1728
31104
1451520
5080320
14288400000
69132994560
81
9
561842749440
28449792
3333960
158760
1543147200
411505920
1822842630
130691232
138915
6561
16257024000
106168320
846526464
204205050
1049760
81
233280
7902720
567
282175488000
2560
4064256
7558272
648
4032
2777664960000
3402
23044331520
12138577920
318504960
81
940584960
53770106880
81
9
5184
5103
1959552
13063680
55761592320
9
1607445
1333584
182891520
365783040
729
81
17146080
9
36279705600
816480
275562
314928
53770106880
5927040
648
6858432
1036994918400
859963392
39829708800
2688505344
6298560
853493760
1867017600
729
36741600
81
13762560
4536
5184
9069926400
81
2041200
9999593856
20736
4536
6561
3086294400
81
1333584000
41664974400
46675440
4536
1097349120
82301184000
379330560
123480
355541114880
1190427840
955514880000
648
661348800
6561
5832
167215104
27216
155520
155520
8465264640
3528
52254720000
15237476352
644972544
12152284200
373248
5184
158018273280
903168
729
8961684480
9183300480
853493760
160526499840
5103
2755620
3919104
141146530560
21772800
729
13655900160
58786560
4536
24192
81
31752
30618
2032128000
2519424000
9
28224
264539520000
20480
648
10077696
30618
6270566400
21337344
14999390784
245806202880
4536
23897825280
5184
2322432
2916000
28672
34992
31752
21168000
9
9
648
3612672
130056192000
3528
15552
9405849600
7900913664
648
1185408000
36864
4032
37933056
648
40824
27433728
3096576000
28224
4147200
13226976
4199040
2655313920
81
53508833280
9
81
1653372
81
512096256
81
4536
9
5103
284432891904
9
729
37324800
3528
81
2293760
1270080
2438553600
28217548800
8465264640
666639590400
46675440
182891520
648
729
158760
2090188800
648
5184
592704
10077696
9
9
26542080
2880
9
116169984000
1080203040
24696
10241925120
11430720000
31752
9
5927040
256048128000
1016064
648
81
11757312
9
226748160000
729
277766496
648
12002256000
142884
120960
504
734832
9
22196256768
81
441
81
5832
30862944000
32148900
5227649280
6096384
182891520
193536
63
1371686400
113799168
367416
576
729
190512
82301184
826686
75582720
52672757760
17280
648
1016064
5184
9
163870801920
874800
5225472
487710720
524386566144
214326
729
4096
4374
9
9
9
595350
25930800
9
81
2351462400
1175731200
4514807808
44089920
752467968
672126336000
23224320
46656
279936
51849745920
359985378816
14108774400
23514624
1959552000
3456
836075520
31752
114307200
118540800
167284776960
28092137472
9
3584
24696
9
3402
81
244944
111974400
134425267200
960180480
491520
29160
9
6998400
41472
1300561920
17777055744
4000752000
29393280
186624
9
729
81
8193540096
29160
3734035200
2916000
3333960
3969
4536
4180377600
91445760
91445760
67722117120
104995735488
9
81
75582720
182891520
9
34012224
116121600
5643509760
6348948480
81
203166351360
5184
967680
17640
3456
8957952
522547200
6721263360
648
1185408
846720
2655313920
81
914457600
455196672
41150592
3528000
1428840
1269789696
49601160
42326323200
8890560
160030080
1180980
44452800
1306368000
740710656
31603654656
9
6914880
27311800320
3982970880
52907904000
62208
8398080
9
78033715200
2800526400
3087000
122523030
110224800
9
7900913664
217728000
10668672
512
6561
204120
188116992
762048
6019743744
2160406080
209952
27216
14751744
5225472
9
113421319200
576
308629440
17640
4536
81
81
5832
19289340
2204496
27653197824
587865600
9
329204736
1365590016
9
6561
47775744
3762339840
24883200
146313216000
1990656
45927
2041200
14402707200
118513704960
874800
648
30005640
302330880
1152216576000
5184
20412
694416240
3306744
182849716224
61152952320
160526499840
9
48157949952
11705057280
9
1600300800
26127360
174182400
27216
207398983680
46088663040
81
14880348
2419654809600
33868800
4536
576
2194698240
217728
3483648
81
412876800
85349376
2057529600
4572288000
26244
292626432
5186160000
66134880
2322432
42138206208
9633792
571536000
27433728
658409472
264539520
6914880
3556224
174254976000
2964077141760
729
176359680
25604812800
5832
5225472
708588000
658409472
729
1851776640000
9
9
57610828800
1166400
2834352
81
40327580160
208324872000
96768
163840
70543872000
15120
81
5225472
91039334400
859963392
39366
729
367416
244944000
1097349120
320060160
148176
39680928000
317447424000
4031078400
1376256
729
420078960
4032
5832
9876142080
23337720
9
390168576
648
43748223120
122903101440
2411167500
28449792
668860416
21168
7838208
1935360
284497920
27216
7620480
1097349120
602112
56010528000
648
4320812160
1959552
36288
9
10077696
387072
4032
9
9
116661928320
9
27216
829440000
81
4064256
9
3645
663676747776
27659520
29160
5761082880
63727534080
96768
1666598976
30618
14817600
10973491200
729
9
714420
576
940584960
40824
60491370240
88179840
15676416
94517766
90296156160
31104
1524096000
7618738176
576
81
21499084800
36288
320060160
512
648
41472
9
169344
27433728
5740875
22574039040
2654208
100776960
635040
136080
1224720
313528320
18579456
780337152
12802406400
28224
5555329920
9
9
9
158054400
765450
72559411200
1393140695040
31109847552
36864
557383680
6858432
4608
90720
16003008
4444263936
3174474240
10802030400
117573120
72576
648
4536
6561
3749847696
81285120000
71663616
160526499840
27216
5555329920
4536
743178240
9
5832
311098475520
15931883520
1574640
1088640
576108288
81
179233689600
4608
888852787200
131220000
15876000
5160960
729
8164800
141120
81
129048256512
5832
7962624000
81
5832
3674160
1463132160
729
540101520
648
9331200
81
55553299200
1417766490
105019740
648
32262064128
522547200
734832000
2006581248
208176611328
36288
1040449536
86802030
23814
1285956000
4320812160
116640
1156055040
56435097600
39680928
81
1066867200
5016453120
3901685760
17640
37035532800
604800
362387865600
261273600
734832000
20412
186624
648
15362887680
514382400
12802406400
81
47029248
9
81
81
5832
711082229760
504
2286144
51209625600
658409472
1959552
9
183708
9
81
22680
137168640
829440
181398528
5184
682795008
244944
360067680
1672151040
57610828800
217728
7112448
14886548145
28224
3528
6270566400
1020600
72
4536
893025
395136000
81
7962624000
924844032
3779136
298722816
24690355200
842764124160
4082400
648
205752960
11757312
9
729
45927
155520
4938071040
648
1194891264
32920473600
32256
4536
9
1741824
24192
81
19267584
9
117573120
8062156800
75600
248832
317447424000
3809369088
81
32805
2287096560
217728
44789760
96424655040
9
5225472
6172588800
952342272
1728324864
842764124160
163296
81
734832
8641624320
5184
464486400000
43698880512
10802030400
5184
23328
648
1959552
81
4536
147483721728
35271936
81
240045120
774144
729
4032
2601123840
170698752000
5184
504
51849745920
81
4032
4608
81
22759833600
9
2520
9
45927
4978713600
3919104
6322176000
49601160
505774080
45927
4032
889056
207360
5103
5225472
24696
85349376
493807104000
40824
52497867744
1185137049600
26671680
1700611200
5103
881798400
842764124160
61751607120
197568
7372800
81
115248
78382080
56010528
184320
8164800
9
157464
25920
5832
181440
81
17777055744
81
8001504
31104
40824
9
169940090880
171460800
224737099776
1889568
13226976000
81
1950842880
1161216
9144576
729
925888320
2204496
22394880
18579456
5184
9
11573604000
105840
496011600
36288
134369280
111132
25920
648
992023200
217728
30481920000
859963392
40327580160
20483850240
90720000
52488
8817984
22044960
9
984150
1548288
1763596800
13610558304
40824
69657034752
81
3674160000
4702924800
115221657600
1632960
341397504
133358400
416745
729
967861923840
158760
729
746496
746807040
27648
1587237120
184354652160
1851776640
134369280
81
36288
81
423263232000
2539579392
81
1600300800
72013536000
5184
255091680
648
58549671936
35721
9072
960180480
9
32659200
20003760
38102400
32920473600
4572288
163296000
1580544
5184
1658880
648
81
163296
181440
12802406400
9
1080203040
5103
81
1377810
823011840
81
680400
806215680
1959552
401316249600
67722117120
691488
7873200
309657600
81
5184
414892800
1306069401600
9
73383542784
576
5184
895795200
38887309440
8401579200
5832
40824
635040
122472000
4572288
7348320
576
13377208320
81
426649337856
4536
390168576
4536
567
256048128
105345515520
36288
204120
3333960
127545840
5832
567
9
91854
9
217728
1111320
41472
29628426240
183742537104
39016857600
81
24580620288
688905
81
411505920
423360
45008460
5103
95591301120
75600
81
46656
14999390784
48009024000
6998400
244944
2777664960
6773760
10534551552
9
266716800
1088844664320
58786560
13547520
88179840
15876000
81
5715360
29160
72
8712748800
1371686400
5555329920
16131032064
1658880
177770557440
627056640
5852528640
85349376
117622108800
34992
88200
81
648
4032
9
4408992
9374619240
250047
303464448000
27216
81
79361856
25920
23147208
9447840
846526464000
23514624
70808371200
81
43208121600
10158317568
81
729
186624
40831674912
5715360
221225582592
32248627200
32262064128
399983754240
5184
1285956
51438240
729
9
96768
729
60963840
9
9
740710656
5878656
81
11428107264
14332723200
290304
518616000
576
29393280000
5000940
2240421120
4536
2592487296
6561
4536
27216
61222003200
9
391910400
52907904
4536
3265920
3402000
134369280
504
8817984
3810240
56458612224
13996800
290304
122903101440
345664972800
648
48988800
8332994880
1254635827200
125411328000
41472
7348320
1316818944
70560
69120
26138246400
81
6019743744
25924872960
648
466647713280
161280
493807104000
595350
72
36288
2903040
4877107200
13934592000
6584094720
37340352
40824
81
3869835264
17643316320
258048
4536
68584320
1720320
10701766656
3174474240
27783
648
9
576
14696640
24690355200
806215680
39813120
2133734400
93312
92177326080
81
9
81
648
12002256000
6827950080
398297088000
2032128000
648
1382976
1451520
1137731567616
4133430000
9
45722880
1071630000
81
881798400
246903552000
290304
508032
2469035520
174960
1458274104
48157949952
111974400
203212800
1344252672
9
1224720
6913299456
137137287168
176359680
2480058
290304000
729
576
44089920
244944
217728
864162432
4644864000
9
3174474240
38407219200
9
36288
5184
172032
199991877120
198404640
457228800
185177664000
284497920
3457440
139968
81
846720
81629337600
9
9
9
648
370355328
52509870000
9
41150592
1105920
729
4608
157529610000
4335206400
55319040
576
36741600
308629440
81
5832
1185408
124416
352719360
17643316320
254016
2099520
27216
39366
27648
1020600
60761421000
9
5832
210691031040
33861058560
9
648
648
368709304320
10241925120
81
27216
3888
48157949952
870912
4536
4536
179233689600
33443020800
5080320
9
54867456
2032128
1658880
12700800
609638400
4572288
907200
7561421280
204120
952560
17702092800
1088640
29635200
5267275776
174960
9
3265920
78746801616
4515840
1481421312
3048765060096
4064256
544320
27216
3402
56899584
244944
22221319680
771573600
7900913664
34681651200
7144200
2592487296
199148544
1088640
9001692000
9
5952139200
2449440
512096256
4608
5184
125411328
604661760
54867456
725760
259308000
648
3499200
18816
365783040
5806080
9
648
3200601600
4938071040
979776
9
45927
576
225792
21337344
4514807808
129048256512
15362887680
9
81
9
35271936
36126720
9
81
4354560
279936
27216
5832
1410877440
57153600
421382062080
50982027264
266716800
296284262400
81
3762339840
479980505088
27993600
20901888
32248627200
49380710400
17280
5832
5832
729000
4608
90699264
729
451480780800
4032
5184
1632960
648
169305292800
682795008
829785600
61725888000
658409472000
5080320
105345515520
18144000
83607552
50791587840
540101520
906992640
387072
267846264
139314069504
1327104
5832
9
8847360
145152000
25719120
9
548674560
720135360
914457600
192036096
1806336
729
503884800
81
29160
9
5832
5832
604800
311040
1889568
81
7681443840
48988800
171460800
70230343680
81
648
244944
870912000
10585989792
81
23808556800
1658880
6666395904
65345616
729
254016
1889568
648
257191200000
22680
1541406720
725896442880
448
46820229120
38102400
1410877440
123451776
47405481984
81
7431782400
2540160
23044331520
5184
127008
72
80655160320
48771072000
72236924928
9
81
114307200
9408
5225472
29160
241864704
163296
10581580800
40265318400
3645
21504
9
829785600
5832
65840947200
58060800
22394880
1148175
158018273280
729
67722117120
85349376
5832
979776
5225472
81
148635648
3072
90699264
52488
36578304
81
846879183360
161280
979776
3439853568
829595934720
13440
72
4032
74317824
81
81
221225582592
29160
24192000
576
16464
34292160
3456
2314720800
9
13934592
5832
81
45148078080
4536
729
75866112
144027072000
13934592
781218270
30862944
166698000
2560481280
648
192036096
5555329920
31752
4032
4536
19051200
14696640
184320
2100394800000
5806080
30618
6001128
94058496
5689958400
61725888
81
324060912
9957427200
72
36288
9
7200
5759766061056
576
72
8401579200
72
31352832
85349376
648
19756800
322486272
25092716544
457228800
216760320
5225472
12597120
22680
46656
11907000
9
648
25920
9
4536
76204800
853298675712
46656
648
1338278215680
1580544
322486272
3292047360
17418240
9
1088640
1632960
43893964800
518400
81
5103000
963158999040
9
9
74401740000
9
585252864
516678750
4500846
1445068800
3969
29160
203166351360
14338695168
2508226560
308629440000
285768
15049359360
1999918771200
13544423424
69984
9289728000
9
9
9
117573120
56687040
81
248832000
14288400
81
23328
642978
154314720
11757312
7348320
299649466368
1000188
11337408
891813888
81
4536
165888000
460886630400
648
648
6858432
12644352
81
81
233377200
648
711082229760
2624400
5804752896
8778792960
81
648
9
118513704960
31352832
504
4536
604800
1481421312
81
1672151040
430160855040
1469664
2688505344
254016
8398080
31352832000
648
191102976
2709504000
3456
164602368000
2449440
6531840
19203609600
4608
3317760
4608
40824
68584320
52672757760
45875200
161280000
358467379200
104976
3161088
1451520
9
198404640
729
95591301120
225792
81
285768
9
5971968
1463132160
4960116000
240045120
138240
4779565056
320060160
1469664
81
1166886
4374
81
1975228416
352719360
72
3528
25204737600
799967508480
9
24192
31752
501854330880
27216
81663349824
4608
156067430400
493920
261213880320
2976069600
435537865728
4608
729
81
314928
81
36288
171460800
56010528000
9
193536
714420
576
1322697600
906992640
105815808000
100352000
1000188
4536
4425523200
285768
10450944
1016064000
408146688
6613488000
72576
1658880
25604812800
2645395200
2322432
108020304000
81
54623600640
440899200
1337720832
165957120
7348320
17418240
313528320
648
138915
9
16257024000
139968000
1007769600
4032
644972544
6827950080
185794560
97955205120
987840000
501645312
6561
26873856
895795200
729
120558375
3919104
81
4837294080
5832
69132994560
4374
125411328000
181440
28570268160
1037232
2560481280
32256
5643509760
4609920
86400000
18579456
22221319680
47029248000
3225600
81
139345920
16257024
9797760
1066623344640
729
1016064
331914240
108380160
1543147200
4572288000
3969
28098560
9
648
136048896
207446400
5120962560
25920
290304
952560
18147411072
4608
238085568000
24192
6561
3556224000
11287019520
41990400
81
248832000
81
1088391168
1377810
5184
107520
2890137600
27745320960
648
72
1371686400
81
118540800
9
348509952
87787929600
110224800
2015539200
1354752
38578680
7024640
22680
1851776640
162533081088
9
8128512
7225344
3048192
731566080
235146240
476171136
1769472
5832
27648
10973491200
82959593472
11573604
33075000
9674588160
1134213192
99225000
5290790400
45927
96768
537477120
7777461888
4300800
4354560
567
1016064000
9
476171136
5184
9
4374
979776
4536
183708
4536
10621255680
45722880000
17640
9
816480
83607552
149361408
480090240
36288
2508226560
648
81
158723712
1837080
39366
32805
25509168000
648
23702740992
2963520
23514624
816293376
729
632217600
81
567
48393096192
5832
5101833600
8465264640
7620480
4536
55553299200
1741824
5079158784
92177326080
36288
3024
46656
81
592704
237027409920
60466176
221184
567
520224768
230443315200
40967700480
4032
729
41472
27648
1088640
1088844664320
648
1950842880
81
18147411072
3456
311098475520
64210599936
9
217728000
561842749440
295034880
5016453120
3200601600
81
729
100018800
729
3888
36578304
7681443840
6069288960
5184
2633637888
3780710640
244944
839808000
136080
2880
346816512
29393280
2987228160
9797760
9
4761711360
184320
9
81
729
4536
44255232
648
18966528
57153600
889056
31104
1223568654336
49787136000
123451776
365783040
1680315840
2125764
6858432000
107163
54419558400
612360
12962436480
156764160
32256
30233088
918540
288054144
1851776640
243855360
6613488
1111065984
81648000
729
5184
90316800
567
23887872
38050725888
648
4374
790091366400
423263232
81
400075200
6561
11379916800
81
41150592000
77760
504
9
553063956480
320060160
58320
9
27433728
609638400
27095040
457228800
19440
9405849600
5832
158760
271063296000
6772211712
331776
914457600
12002256
24883200
9
373248000
45722880000
81
729
12042240
50388480
69120
6804000
10973491200
81
24192
52488
2257403904
1327104
5103
5350883328
39366
244944
6270566400
9
432000000
32256
4032
35271936
186624
1646023680
587865600
34992
648
79009136640
729
436988805120
31752
9
20321280
979776
5103
5832
81
9
2612736
233280
34292160
6561
9
158760
4166497440
429981696
612360
914457600
5160960
592704
3483648
6249746160
1088640
2025380700
106686720
514382400
107138505600
96424655040
66382848
576
174142586880
3950456832
2370274099200
4032
237027409920
9
195084288
576
367416
12192768
1280240640
27088846848
72
30618
933295426560
292626432
81
4608
36288
5184
3528
9
436988805120
9
52488
41472
279936
13996800
762048
9
6858432
27216
151732224
8128512
52907904
107540213760
5079158784
81
3292047360
1128960
80621568000
341397504
141087744000
146313216
8571080448
32256
5878656
293932800
1580544
122903101440
3969
2939328
14929920
81
277830000
164025
23808556800
42147840
6123600
38723328
9
4114118615040
39366
11010048
362797056000
12541132800
36864
5786802000
3793305600
81
22221319680
36288
193536
705600
81
648
5184
1365590016000
1828915200
4032
95256
9
40824
48009024
449474199552
648
1179648
5184
3762339840
97542144
423360
1399943139840
34992
9
111476736
1259712
11757312000
870912
2304960000
963158999040
576
6688604160
2720977920
15752961
2675441664
1333584
10668672
5103
171421608960
1960368480
4013162496
1296243648000
112870195200
67184640
209952
1778112000
3969
7681443840
83607552
115736040
303464448
2987228160
40824
2407897497600
648
5832
21946982400
81
5202247680
10032906240
4536
81
4374000
9
5227649280
9
376233984000
648
3645
9
4572288
3528
2100394800
5927040
9
419904
5103
4608
2438553600
1306368
81
22680
28224
1866240
46656
165888
5248800
648
1469664
9676800
1037232
9
120932352000
104044953600
235146240
82978560
81
176947200
5832
195084288
3745618329600
5143824
793618560
30618
729
94832640
127008
34992
98784
6350400
9
320060160
165337200
329204736000
15116544000
20832487200
260112384
1111320
497871360
1504935936
36288
204120
729
169344
1417176
81
313528320
81
62233920
26244
787320
21233664000
1542794480640
729
35721
5184
74071065600
2411167500
2176782336
25930800
9601804800
26873856
125411328
81
524386566144
3888
648
96745881600
5103
17781120
19595520
54867456000
1959552
25920
1270080
576
11854080
372008700
1306368
23044331520
1264146186240
526727577600
22394880
81
5806080
2048385024
21427701120
2709504
81
5832
217728000
266655836160
81
25082265600
1806336
331776
648
234101145600
3968092800
4608
81
48372940800
175616
1568294784
186624
5184
27648
1088640
90720
174960
81
5184
7962624
564350976
9
2786918400
81
2976069600
567
27216
2962842624
725760
329204736000
81
1837080
4608
4478976
4374
123451776
729
1612431360
729
1106127912960
6967296
12700800
5832
93312
2006581248
1612431360
22674816
189665280
19595520
29160
3810240000
560105280
21233664000
183708
9
39366
262440
408316749120
13716864000
62705664
22394880
2257920
36578304
3584
4608
4032758016
81
132269760
4900921200
1053455155200
1333584
30618
5103
28576800
81
60466176000
81
557383680
18579456
46656
172872000
94517766
4536
4374
9
1200225600
1814741107200
2834352
10716300
9
32256
81
15606743040
4762800
1128960
12252303
31603654656
52488
81
90720
40824
729
128994508800
165957120
68584320000
1371686400
2229534720
28005264
147483721728
5598720
1219276800
136080
1769472000
729
10287648
729
9
72
72
9
81
1088640
81
285768
81
130636800
2926264320
51438240
352719360
3763200
537477120
2721600
576
5689958400
163870801920
9216000
13226976
1270080
17557585920
4032
325140480
648
31744742400
9
7112448
45148078080
210039480
61931520
23049600
28449792
254016
250927165440
106686720
3034644480
38093690880
81
292626432
320060160
26127360
35554111488
36288
337563450
129624364800
7144200
79996750848
167215104
209952
11522165760
34992
219469824
145118822400
215080427520
729
2844979200
121927680000
12541132800
1088640
27209779200
81
22044960000
88885278720
725760
3240
23702740992
81
3919104
1128701952000
46820229120
81
237817036800
36006768000
14814213120
81
112870195200
522547200
34836480
1238347284480
406425600
5832
933120
3023308800
46656
81
24106163760
404983551168
729
88179840
367416
5832
648
81
9
9
3429216
729
1975680
81
4536
740880000
567
39504568320
4608
4374
1003520
31603654656
17635968
567
576
526727577600
30618
729
729
2100394800
220449600
4536
1548579078144
3901685760
435456000
18728091648
793800
743178240
81
60011280
81
816480
979776
9
8503056
23328
4702924800
493807104
8230118400
3483648
567
31752
63221760
164602368
4954521600
9
43535646720
41990400
66134880000
6773760
1200225600000
576
17557585920
9
60480
13436928
118513704960
260406090000
823011840
13716864
8467200
7962624000
81
27216
630118440
1555848
5143824
2275983360
22861440
2926264320
244944
629856
184354652160
120022560
3386880
10287648000
1128960
3024
15752961
6348948480
250047
175032900
3645
729
428554022400
9
81
23814
3344302080
729
731566080
1270080
853493760
172032000
22039921152
546750
1354442342400
1410877440
2016379008
9644670
9
576
122903101440
729
48771072
5103
132765696
729
648
2275983360
115221657600
4608
3024
4130488320
729
183708
81
22861440
9
290304
11379916800
918540
159252480
132710400
226748160
9
6193152000
266655836160
6401203200
33606316800
648
1224720
190512
4536
11943936
9633792
816293376000
8534937600
7620480000
46820229120
18728091648
373248
40824
7524679680
576
737280
9
1224720
34992
1219784832
24696
3292047360
4032
729
20321280
32920473600
5334336
2571912000
1365590016
512
1200225600
109247201280
1097349120
1306368
729
62705664000
358467379200
4410829080
5486745600
38093690880
58060800
153090
248832
39680928
46656
36288
4354560
348364800
19508428800
108864
5184
143386951680
40007520
59521392
32805
66134880
81
2799360
3810240
576
15801827328
43535646720
54432000
5715360
27216
23814
32248627200
3840721920
7618738176
481579499520
13271040
529200
80621568
696570347520
9
27216
95551488
5832
262193283072
995328
10077696
1984046400
20321280
729
7431782400
9
412782428160
5103
81
729
73156608
501645312
11612160000
114661785600
1290240
6584094720
2204496
2765952
4285540224
9674588160
292626432
1224720
12400290000
3999837542400
699840
188956800
806551603200
9
172872000
36279705600
112896
5184
2362944150
94080
66134880
4608
48009024000
391910400
370355328
13713728716800
28672
399983754240
5573836800
100329062400
118098
648
9
2322432
205752960
6531840
3386105856
49941577728
9
5184
136080
81
349985784960
334430208
1451520
1399680
27216
648
25401600
4608
7348320
9
6348948480
81
1587237120
48393096192
2916000
16665989760
7348320
14288400000
729
3085588961280
5832
120932352
729
614515507200
5832
68584320
36288
9
457124290560
81
67512690
5878656
136080000
3645685260
16203045600
29628426240
6998400
9
518400
2057529600
13226976000
3584
535692528
244944
2916548208000
81
117573120
9
881798400
13124466936
9680832
124416
8573040
15240960
2090188800
81
79394923440
75246796800
9
17496
124416
3888
9
729
217728
576
156067430400
9
225792
81
81
44089920
516096
583309641600
5832
226842638400
122472
81
648
1653372
146313216
1806336
3888
9
81
4608
609638400
157464
9
105840
3888000
81
1360488960
6096384
54190080
5184
663552
7681443840
9
9953280
288054144
81
9
1632960
23814
648
6531840
155520
960180480
5103
3499200
9
81
393289924608
2786918400
648
24580620288
729
729
9
3968092800
222264
98761420800
261273600
729
36288
345600
243855360
20901888000
238085568000
1244160
648
9
11904278400
32406091200
236196
9
313528320
81
3344302080
81
9674588160
878080
8641624320
2612736000
262440
7257600
43208121600
144027072
5103
308629440
8503056
5103
979776
10886400
22295347200
4374
1120210560
163296
24494400
450084600
244944
729
31104
19752284160
81
15240960
21870
146932807680
112368549888
648
128024064
64210599936
81
81
21870
648
9
3110984755200
105345515520
197522841600
6561
204073344
729
9405849600
1543147200
406332702720
839808
81
5761082880
219469824
9
81
16329600
7524679680
6144
47029248
600112800
3174474240
4898880
7348320
1105920
14332723200
14402707200
1003520
3402
225792
39191040
677376
81
604661760000
313528320
60491370240
2099520
9
9
13716864
648
1024192512
225792
729
46088663040
5511240
194217246720
19349176320
1248539443200
63207309312
9
101606400
81
6584094720
81
25401600
6050520
79009136640
81
6721263360
49161240576
196830
20483850240
9
729
15116544
38102400
419904000
4536
25088
64225280
88179840
12600
6096384000
1032192
658409472
9289728
411505920
19752284160
20736
85349376000
4536
16257024000
1828497162240
15552
81
9
1469664000
472392
27869184
31752
81
29393280
248832
7558272000
2613824640
81
648
17280
20736
729
9
5184
108020304000
1111065984
169344
1672151040
7838208
81
23040
81
19999187712
45158400
6561
576
180033840
4608
5668704
21499084800
5832000
9
14696640
648
9
846720
223205220
382365204480
729
25719120
36288
24580620288
860160
1215228420
20321280
1881169920
752467968
109734912000
216040608
110592
244944
17557585920
22680
208324872000
27216
25920
23328
9
2592
147456
567
1959552
4608
4877107200
190512
1560674304
5334336
34406400
23814
6635520
729
39366
181440
3528
4032
1128701952
3024
1904684544000
9
175575859200
54867456
7348320
9
9
4232632320
145152
5832
46088663040
9
9447840
165957120
9289728
1524096
170061120
9
81
23219011584
4096770048
576
729
768144384
18895680
1950842880
7524679680
50803200
29628426240
81
72
567
81
9
81
163296
5443200
5531904
505774080
18144
9
3456
163870801920
567
235200
6531840
10160640
40642560
7054387200
648
36288
107495424
81
81
9
337105649664
3214890
2000376
28805414400
62705664000
24690355200
30618
44590694400
31752
1469664000
165888
15801827328
9073705536
14285134080
3024
201553920
648
3483648
36288
442368
24192
23702740992
648
3174474240
55306395648
9
4032
15552
5103
40824
651015225
2381400
648
29160
3969
19349176320
2985984
20739898368
217728
3110400
648
2560481280
81
1111065984
178605
496125
40824
3072577536
6688604160
3950456832
20575296
203166351360
17283248640
181440
254016
9
27005076
729
648
793618560
4013162496
7085880
653184
254016
870912000
50388480
889056000
777600
77774618880
23328
3161088
244944
740710656000
336000
1959552
5184
1714608
186624
3951360
201600
20160
174182400
88159684608
13226976
189621927936
1128701952
53343360
74996953920
198404640
6561
4536
22127616
65840947200
14696640
648
1088640
1028764800
81
188116992
5103
36288000
5832
81
53084160
120022560
1755758592
65856
81
26127360
187280916480
3657830400
4898880
1224720000
40814668800
4536
9
27783
9
331776
1920360960
6881280
46656
2032128
199148544
1000188000
783820800
729
174795522048
9
163870801920
81
3359232000
6944162400
1285956
4976640
145152
9
31752
729
71693475840
4445280
10973491200
4608
9
9
13655900160
81
4374822312
36288
81
144506880
16257024
9
109734912000
5832
6889050
45927
4898880
81
10001880
67212633600
648
32256
884902330368
36288
317447424
11907
169869312
46656
4514807808
729
128024064
226842638400
29030400
3136
89616844800
244944000
68584320
65318400
81
3511517184
13824000
1574640
303464448
9
4032
4723920
1492992
1218998108160
150493593600
2654208
9
33606316800
3969
190512
15116544
82575360
2519424
9
72
27648000
816480
7620480
648
510183360
1114767360
228614400
20163790080
54867456
4608
501645312
487710720
142884
15049359360
4286520
1857945600
816480
6773760
22680
846526464
38887309440
109734912
141120
36288
81
2612736
9
3344302080
740710656000
16934400
1119744
3703553280
373248
18144
399983754240
25804800
5225472
648
81
526848
81
544320000
209952
9
3674160
22861440
6667920
3657830400
3810240
4644864000
79009136640
576
158760
7873200
165888
7620480
40824
5184
125411328
1327104
520224768
648
963379200
17142160896
10160640
729
2073989836800
81
406425600
15482880
7558272
326592
16934400
238878720
783820800
839808
81
9
806736
9
2449440
81
120960
1289945088000
4938071040
75582720
1280240640
40824
5103
548674560
13232487240
81
81
729
136080000
123863040
98784
13996800
602225197056
3121348608
193536
28224
81
9
9
230496000
9
729
28224
440899200
41167738080
9
3919104
5184
284432891904
1120210560
24192
799967508480
21504
186624
3888
783820800
5120962560
81
167215104
5806080
1306368
3528
878080
15801827328
23040
9
1306368
35831808000
390168576000
6613488
1260236880
6220800
35721
290304
47416320
254016
161280
648
9
23708160
1119744
44089920
263363788800
4374
32514048
1225230300
4133430
81
23040
468202291200
1259712
81
1333584
21946982400
729
41472
23708160
90720
5806080
51438240
3024
4762800
3023308800
648
3645
3333960
4374
81
13226976
729
61451550720
156764160
217728000
20575296000
995328
4115059200
487710720
870912000
365783040
313528320
4425523200
2645395200
23044331520
65318400
244944
221184
14929920
567
4976640
3265920
81
9
179159040
4408992
9
71108222976
470292480
11287019520
81
48771072
118540800
81
576
451584
376233984
921984
6049137024
466560
8257536
5786802
470292480
4644864
156764160
35721000
648
14929920
457228800
3000564000
296284262400
285768
15049359360
34992
12093235200
9
55112400
960180480
78382080
666792000
9
207360
81
32514048000
5715360
27216
34992
81
273118003200
262440
648
237027409920
106686720000
10192158720
8890560
81
918540
648
81
5184
27216
41472
107520
82978560
81
729
38578680
672126336
9
41664974400
73156608
31744742400
35831808
857304
45722880
3969
5974456320
1080203040
9
4761711360
4286520
4232632320
46656
133358400
9
292626432
37035532800
45722880
250822656
25088
160030080000
37639074816
5103
47029248
729
81
56435097600
81
32006016
6561
648
18895680
52672757760
153090
24488801280
11202105600
14406
2239488
14285134080
7255941120
34992
302330880
619872782400
69132994560
9
81
81
9
729
81
27745320960
729
94058496
16460236800
81
9
72
9
729
275562
5184
4032
15362887680
1462797729792
9
45148078080
2926264320
3888
318504960
46675440
52254720
211631616
81
98784
73728
96315899904
6889050
15240960000
1800338400
419904
1741824
98322481152
163296
7715736
207360
4032
4032
8455716864
19443654720
9
5184
11063808
46820229120
9957427200
30611001600
36288
10973491200
158760
329204736000
10160640
3571283520
31352832000
381024000
1693052928
347208120
136105583040
3969
195955200
7838208000
326592
129048256512
580608
888852787200
118540800
1959552
120960
5184
2560481280
174960
130636800
3456
729
4478976
22320522
107520
254016
60466176
1024192512
5971968
13934592
376233984
27648
281302875
81
729
544320
3870720000
21781872
146966400
9
106686720
41150592
154828800
32006016
86704128
5377010688
79626240
499979692800
139968
1224720
81
9
59006976
378071064
72
81
81
22574039040
81
793618560
81
4354560
6561
12597120
9
1672151040
374561832960
25088
617400
1469664
4286520
729
81
705600
74071065600
178605
1990656
217728
81
1152216576
1470276360
2508226560
568865783808
3024
81
17010
860160
96018048000
174182400
648
56899584000
4214784
11197440
7841473920
6561000
902961561600
4199040
81
648
81
41472
190512
81
2212255825920
367416
729
903168
714420
9
385786800
5952139200
81
9
1763596800
290304
9
504
238878720
39366
23514624
338610585600
72
1741824
3483648
2821754880
10455298560
137749507200
209952
31104
19840464
11202105600
60963840
217728
9
783820800
254016
12345177600
376233984
81
123451776
153628876800
3981312
20163790080
34998578496
41472
9876142080
290304
81
24580620288
52907904
194436547200
29262643200
992023200
4478976
5832
31104
121385779200
2116800
1270080
81
758661120
5080320
729
31104
4032
28224
9
9
157464
6123600000
34992
81
6998400
181440
5267275776
199148544
110612791296
11612160
290304
146966400
9483264
81
648
28224
46294416
204120
396809280
9
31104
564350976000
13436928
426746880
98433502020
94080000
127008
34992
889056
373248
37158912
18895680
1003290624
60011280
209952
4723920
5143824
1806336
81
5832
250047
243855360
1587237120
9
68584320
4445280
6561
476280000
1016064000
27648
233280
1224720
193536
9
320060160
2267481600
648
1322697600
112870195200
46088663040
1387266048
132269760
32256
155520
3527193600
4536
27648
92588832
196830
7938000
418037760
3402
201637900800
391910400
25515
5310627840
1102248
5225472
933120
587865600
304749527040
10321920
25515
4478976
76187381760
32148900000
5832
870912000
428652000
17640
5832
56010528000
228614400
648
15606743040
9
470292480
7201353600
110592
840157920
9
40824
5927040
52081218000
357277155480
906992640
11757312
23814
40824
5184
1376256
81
823011840
144473849856
1119744
165919186944
10077696
1354752
20160
1428840
5832
343985356800
5599772559360
9
27783
15122842560
18517766400
5832
9
189665280
1306912320
219469824
52672757760
44789760
512096256000
9
9
85349376
41150592000
41150592
240789749760
1016064
229635
2177280
32006016000
31104
169375836672
734832
121978483200
57610828800
25491013632
1152216576000
5832
60491370240
321052999680
9
48009024000
5184
225740390400
36288
3780710640
171992678400
576
952560
648
4536
152409600
158760
15479341056
589824
148635648
188116992
9
5103
8778792960
167215104
7144200
81015228000
648
196608
9
374561832960
308629440
96745881600
4900921200
17557585920
11287019520
648
3413194702848
55553299200
221184
4534963200
4702924800
345664972800
57140536320
5184
80640
63489484800
278691840
103680
2880541440
2048385024
533433600
6451200
3429216000
42865200
1016064
743178240
576240
21168
853493760
9
115736040
10716300000
27648
746496
587865600
3779136
111476736
81
4478976000
1306368
14175
3241350
9
200658124800
5878656000
24192
9
81
5555329920
4536
29160
430160855040
729
5832
1280240640
9
233280
1036994918400
1813985280
20155392
87808
352719360
9
9
373318170624
241965480960
448084224
367416
3950456832
4536
296284262400
9
128024064
4762800
729
36288
19051200000
1119744
7257600000
3096576000
648
411505920000
729
118513704960
9878400
81
169344
4374
9
81
5184
73741860864
16721510400
122495024736
53747712000
25204737600
367416
816480
13377208320
5832
790272
9
152374763520
79361856000
66382848
39680928
146313216
9
238085568
240789749760
846526464000
27776649600
729
6635520
4761711360
25082265600
384072192000
729
81
31744742400
1209323520
3386105856
1354752000
1593188352
11287019520
9
1050197400
8641624320
150556299264
3584673792
56435097600
5103
1928934
120982740480
1339231320
7681443840
186624
9
472480809696
17777055744
128024064
729
595350
61451550720
806400
17781120
576
307257753600
81
81
81
7715736
6688604160
5806080
217728
48771072
6879707136
3444525000
4478976
32805
3584
165888
182891520
2418647040
81
5832
80048379600
30481920
155520
9
4608
17496
489776025600
83235962880
812851200
6914880
6223392
17069875200
141120
15052800
4233600
5184
108380160
796594176000
130691232
5598720
1190923851600
9
39191040
12441600
6561
5377010688
944784
216710774784
2194698240
7681443840
56710659600
432
27216
288947699712
169344
9
248832
9
9
4536
24696
9
1259712
2323399680
9
648
77760
24696
81
3763200
476280
64297800
163296
13716864
261273600
326517350400
806400
30474952704
508032000
9
81
38093690880
1088640
4608
81
7838208
26244
158018273280
39504568320
9
5832
114817500
41803776
9
103680
4374
1714608
196608
553063956480
12541132800
70230343680
1270080
152409600
237081600
244944
87091200
41803776
36118462464
430080
18517766400
46656
1260236880
327741603840
214326
612360
43893964800
9
5878656
624269721600
17287200
7524679680
243855360
188116992
326592
1959552
29262643200
10241925120
487710720000
746807040
7225344
9
8534937600
508032
27216
41803776
30474952704
648
6967296
161310320640
81
81
81
63221760
52488
35721000
81
1500282
241864704
81
5184
41472
4608
677376
94058496
357128352
8493465600
5184
61751607120
17283248640
4032
648
729
2821754880
2116316160
995742720
504
35721000
1097349120
9
243855360
729
311040
9
35846737920
44609273856
17860500
4500846
25604812800
1399680
40310784
4536
38102400
190512
567
190512
1114512556032
248935680
3359232000
3571283520
292626432
40327580160
34992
3009871872
54623600640
32105299968
40642560
5184
11943936
1714608
192036096
648
244944
414720
874800
5644800
2880
7464960
99574272
123451776
121899810816
67184640
9
2645395200
97108623360
24192
9920232
5184
4032
277766496000
9
72
9
9185400
81
81
191182602240
5080320
193536
1066867200
81
72
959961010176
250047
1481421312
25082265600
81
762048000
5184
318637670400
1161216
40824
884736
4608866304
136080
43545600
648
9
11289600
583200
285768
522547200
81
9
127008000
72576
846720
5443200
163296
161280
40824
5832
20412
2150804275200
5832
26127360
6251175
29160
6827950080
81
81
13063680
81
78382080
604661760
8778792960
823011840
81
9
10032906240
81
729
341397504
576
7618738176
26460000
8128512
42674688
30618
24192
26127360
25930800
576
69657034752
9
1524096
9
222264000
81
30618
132765696
28343520
1481421312
120960
4096770048000
3809369088
1984046400
666639590400
30618
281974669312
49380710400
235146240
13271040
587865600
177020928
81
263473523712
5184
181440
12098274048
81
4608
512096256000
81
507915878400
470292480
23224320000
127455068160
49787136
162570240
139345920
2351462400
3645
12859560
10584
806215680
111106598400
4032
441000
4233600
123480
2508226560
40824
5103
147483721728
9
27648
4536
5038848
648
1327656960
34992
7112448
408146688
313658956800
4960116
9
268850534400
708083712
285768
729
31104
2322432
4354560
2916
426746880
40824
1959552
1071385056
10450944
846720
62731791360
53747712
36578304
14515200
36288
15872371200
274274574336
1088640
540101520000
124416
31752
10754021376
6667920
9
296352000
2400451200
1189085184
174142586880
1700611200
634894848
829440
1244678400
600112800
1517322240
94832640
279936
17146080
1653372
148176
648
2571912000
81
4064256000
35271936000
648
27216
5671065960
9411920
3240
81
6249746160
480090240
634894848
158760
8890560
34992
38896200
548674560
18139852800
37340352
576
729
193536
653184
12138577920
729
34992
274337280
81
585252864
274337280000
414797967360
3174474240
1244393902080
219469824
116640
81
4536
1097349120
4032
116640
95591301120
3715891200
139968
729
648
81
540101520
7936185600
11287019520
2419200
81
24192
75582720
1120210560
81
214326
322620641280
104509440
14114653056
9001692000
81
6096384
174960
5832
19051200
98784
22861440
9
190512
41479796736
5103
8266860
5310627840
35846737920
1587237120
81
214326
5715360
1451520
729
903168
92610
5080320
3359232
190512
2449440000
5184
13655900160
3186376704
139345920
134369280
11022480
144636982560
79009136640
5202247680
9
264539520
1143072
491612405760
21956126976
4877107200
403107840
116095057920
4515840
2916
19595520
13716864000
729
576
2903040
648
114688
9289728
313528320
6449725440
31352832
174254976
81
150528
40824
459270000
391910400
155520
648
3888000
1959920395776
5103
780337152
648
31104
729
948109639680
169344
130056192000
40824
729
9
9
1209323520
7962624000
354294
28224
576
82301184
233280
119070
829595934720
326653399296
903168
4536
97977600
81
573308928
729
588110544000
23708160
729
252887040
81
81
1524096
196830
32256
376233984000
46656
1653372
504
2073600
432
279936
729
166698
648
18522000
12899450880
3251404800
9
466560
35721
31752
190512
31752
10160640
1836660096
653034700800
266655836160
846526464
43545600
308629440
3888
729
81
32514048
35562240
5832
57868020
648
1463132160
25088
648
648
4608
152409600
1417176
36864
10581580800
2571912
2352
236027904
1714608
292626432
9
330225942528
677221171200
1333584
69997156992
235146240
1920
72
268850534400
5832
11851370496
325066162176
4480842240
567
4064256
5715360
31752
466560
81
85730400
42865200
13069123200
20065812480
54890317440
81
29160
5103
979776
2351462400
193536
81
2731180032
680400
406425600
729
81
9
708588000
9
729
9
5000940
9
648
74401740
1664719257600
158723712000
448084224
3087000
31610880
592704
9
3072000
2286144
1944365472
50164531200
9920232
15872371200
6021120
54623600640
5143824
1469664
367416
529079040
1770209280
940584960
217728
567
125411328
729
165337200
64283103360
34992
81
188116992
32256
729
4586471424
9
3240
329204736
59256852480
314928
4741632
648
793800
18059231232
729
81
81
6220800
6970199040
541776936960
49401285696
5184
571536
6584094720
6270566400
3072
870912
1911029760
122903101440
15801827328
182891520
17777055744
81
9
7348320
67722117120
453496320
729
1806336
8398080
36288
81
28805414400
720135360
3034644480
648
12485394432
1111320
326592
18289152000
5832
93640458240
7936185600
4608
238878720
299649466368
2744
13168189440
4976640
34681651200
63207309312
38578680
45368527680
729
387144769536
54177693696
45722880
300056400
9405849600
174254976000
5952139200
81
1530550080
81
9
47029248
9
387144769536
1179648
9
81
31104
135025380
940584960000
1857945600
41664974400
362797056
16460236800
7558272
120394874880
325140480
158760
27648
11197440
26244
9217732608
21168
1354752000
725760
5184000
26665583616
6635520
209952
28224
9
31352832
6561
204120
34992
81
3186376704
39504568320
133327918080
152409600
19361664
9
8128512
50430479148
26244
411505920
204120
137168640
254063755008
56687040
10287648
26254935000
9
16467095232
8164800
25092716544
940584960
1440270720
3072577536
457228800
470488435200
118380036096
2149908480
81
13377208320
39504568320
27433728
29132587008
43545600
33868800
4267468800
576
4096
243855360
2239488
1742151462912
221276160000
81
57610828800
7900913664
26873856
12192768
23514624
3969
81
41150592
7838208
65028096000
258048
9
38407219200
729
171992678400
176359680
46656
1088640000
486
5643509760
117573120
648
4536
3456
729
12602368800
27783
24004512000
1672847769600
9
648
24998984640
9
81
244944
81
1828915200
3174474240
1119744000
661348800
142884000
20483850240
93312
280921374720
81
3136
3096576
3919104
21163161600
12002256
25515
81
29160
60197437440
762191265024
53331167232
138240
5184
2821754880
7524679680
32659200
258048
1224720
22394880
816480
151732224
81
8817984
1061683200
9
61725888
10158317568
40824
729
1270080
5573836800
52254720
461078666496
41472
9
4536
5832
1523747635200
5103
258048
31752
26127360
1548288
24998984640
11757312
5184
5103
9
53581500
3317760
8398080
70543872000
30481920
25798901760
9
3888
3950456832000
3556224
637875
81
729
416179814400
48554311680
4976640
4536
163296
29172150
1088640
2880
1555848000
1343692800
81
11430720
21266497350
4032
477956505600
933120
331776
31752
1659571200
326592
68052791520
1016064
597196800
21069103104
1778112
266355081216
1632960
300056400
1469664
75614212800
26244
9
155520
1074954240
81
576
1377810
648
423439591680
881798400
46656
25920
254016
154828800
617258880
34992
41472
81
250822656
81
648
391910400
4032
1134213192
81
63207309312
278691840
1469664
266655836160
81
1020600
9
27648
729
174960
1259712
109247201280
246903552
699840
256048128
1161216
541900800
20065812480
9
1481421312
41664974400
23814000
11943936000
313528320
9
648
1653372
2699890341120
496011600
201553920
81
2296350
719970757632
1166886
729
28224
6350400
400075200
32256
5227649280
193536
81
86016
483840
648
9
3265920
31752
254016
4860913680
716934758400
7618738176
81
9
47029248000
9
12602368800
20321280
28672
8817984
9
154314720000
3645
648
729
10584000
17781120
20483850240
1422164459520
244944
780337152000
3600676800
9
917676490752
2821754880
526727577600
4389396480
31610880
7257600
627056640
729
3888
186624
78066229248
30005640
729
3024
25920
88905600
7431782400
81
25920
9
9
881798400
9
7348320
470292480
2073989836800
5103
21772800
2893401000
1120210560
648
355541114880
8817984
7900913664
64297800
39652687872
244944
345664972800
49380710400
147517440
648
3456
2000376
139968
10973491200
5832
648
135444234240
648
31603654656
17640
729
9
69132994560
9
9
158760
1166400
648
2064384
36578304000
9797760000
5832
4032
9
2064384
164602368
14936140800
19289340
31104
9
508032000
7558272
5832
9
81
1388832480
279936
398131200
729
26011238400
4232632320
1632960
1567641600
645241282560
567
6613488
729
166698
4032
58525286400
6667920
2381400
5184
81
40824
666792000
1680315840000
2469035520
9
119070
9
734832
4938071040
518400
9
36288
391910400
25604812800
39829708800
9
26244
81
35721
18600435
648
52907904000
8709120
10749542400
52488
2962842624
877879296000
6967296
4374
81
373248000
504
729
193536
81
173408256
448084224000
9
55306395648
131220
9
28224
1254113280
46656
121927680
963158999040
2015539200
4354560
5832
1666598976
199148544
129048256512
4389396480
462944160
143360
1806336
9
66134880000
1417766490
9
6881280
5103
1498247331840
42007896000
258048
52488
84015792
413343
214326
2194698240
531062784
41334300
73741860864
81
81
9
205752960
9
87787929600
81
65548320768
4032
265531392
2571912000
832359628800
29262643200
3528
9
352719360
19906560
12192768
480090240
446410440
35721
9031680
648
435637440
729
138265989120
193536000
133327918080
5184
250047000
2073989836800
40814668800
5103
17635968
32256
1185408
181440
6200145000
2204496
1763596800
22680
419904
23410114560
1567641600
36288
9
1984046400
6688604160
2419200
46448640
275562
81
314928
81
125411328
23814
20321280
13226976
9
12290310144
7348320
15431472
557383680
5761082880
34566497280
23044331520
640120320
3456649728
81
2579890176
5832
207360
729
10534551552
3072577536
1837080
31752
4115059200
1031956070400
250822656
4374
0
729
435637440000
729
37623398400
96768
236196
82575360
54867456
9
1058158080
1417176
250047
81
10077696
1143072
9
648
2000376
2821754880
154314720
12345177600
244944
451480780800
20736
46656
320060160
2057529600
54177693696
17283248640
40824
377913600
34292160000
66663959040
81
125411328
4572288
119995126272
396900
9
6172588800
1469664
8888527872
648
82959593472
2821754880
6827950080
81
35721
1399680
648
5184
23814
5421265920
27216
1189085184
3657830400
329204736
729
43208121600
30105600
163296
9
648
6998400
729
274337280
9
3584
972405
298722816
5184
1741824
20662426080
217728
98761420800
288054144
5143824
83329948800
367416
796594176000
9185400
729
5103
40824
27869184000
62233920
16934400
1890000
26127360
8817984000
9751984865280
217728
568995840
8398080
6145155072
1828915200
9
6718464000
2469035520
272273400
77396705280
9447840
567
1143072
376233984
464679936
7620480
61725888000
29023764480
28224
24883200
823011840
156764160
35554111488
5832
387144769536
5184
250822656
1377810
1632960
18579456
583200
20253807000
7348320
12192768000
8026324992
729
648
31248730800
186624
190512
1088844664320
1205583750
889056000
32659200
8128512
576
81
22680
711244800
729
322486272
48988800
10668672
40633270272
4536
9
148176
14515200
9
3762339840
326592
9
81
187280916480
107495424
6220800
379330560000
168552824832
4608
4534963200
9
1837080
14175
4536
979776
1058158080
81
1800338400
248878780416
4115059200
170100
54867456
9601804800
13063680
90720
387144769536
729
23702740992
9
1058400
46088663040
2000376
81
141087744
17283248640
4608
3471287581440
5832
1058158080
5103
1333584
204838502400
5689958400
24192
30862944
10838016
296352000
2560481280
493807104
495452160
384072192
81
793618560
1679616
2821754880
5852528640
81
6046617600
81
207360
163296
2743372800
12192768000
81
2604060900
4032
10416243600
1463132160
28449792
41472
504
40824
2399902525440
168031584000
8957952
12859560
1327104
30618
36864
2400451200
435456000
17360406000
81
6721263360
438939648
4536
195955200
877879296000
2469035520
81
729
648
734832
1111320
262440
9
149993907840
244944
73156608
214035333120
576
113799168
244944
5184
729
41803776000
27209779200
2239909023744
54190080
1259712
379758881250
326592
411600000
5832
823011840
13377208320
4374
46467993600
614515507200
44808422400
137168640
83329948800
9
81
9
171460800
22649241600
231419172096
3429216
80353879200
104044953600
3888
2939328
59256852480
699840
17010
9
5945425920
81
112870195200
158760
209952
9217732608
19508428800
46656
285768000
222264
6172588800
45360
3584
553063956480
308629440
1024192512
3240609120
4536
9
1102248
24192
22574039040
116530348032
3265920
595213920
3135283200
4478976
560105280
445906944
20739898368
87787929600
1428840
31492800
1504935936
4032758016
729
4536
5334336
3888
2286144
141146530560
3969
10081895040
161310320640
81
109247201280
43893964800
6001128000
387072
9
2143260
24696
648
275562
81
204838502400
284497920
31104
3024
3600676800
229635000
453685276800
174960
447897600
7838208
223948800
842764124160
1567641600
3822059520
5184
3200601600
1492992
237027409920
660602880
81
9
9
178605
11430720
5441955840
258048
9
74680704000
914457600
21168
118513704960
1249949232
3087
34292160
648
17557585920
576
216760320
9
7166361600
44442639360
81
9
28677390336
648
18289152000
31104
648
3136589568
13502538
57140536320
1741824
186659085312
3265920
23708160000
245046060
82301184000
251942400
352719360
13332791808
567
81
81
28217548800
648
1778112
777600
145152
648
459270000
627056640
134369280
9
47029248
17635968
31603654656
5184
1679616
13226976000
121927680
648
34292160
81
81285120
9
12485394432
663676747776
9
64012032000
648
648
174960
37324800
4374
1312200
13168189440
14285134080
112368549888
14108774400
123451776
4032
274274574336
40131624960
9
142216445952
140460687360
36288
31752
4536
81
4608
9405849600
217728
5184
27648
67722117120
28224
648
52242776064
209952
2571912
25194240
120960
191102976
5225472
15682947840
729
9
17777055744
1653372
648
246903552
4285540224
729
31104
5462360064
81
65840947200
34292160
162000
1143072
799967508480
7900913664
4536
9
104509440
432
41150592000
81
164602368
8037225
227598336
32514048
440899200
9
8890560
26336378880
1666598976
4536
22861440
163296
29393280
648
11428107264
79009136640
2592
1889568000
28677390336
22143375000
14108774400
63700992
176359680
9
1646023680
153090
107520
34992
9
2571912
741019285440
36118462464
197568
13996800
1244160
256048128
40327580160
7965941760
81
437482231200
66663959040
32256
6561
10158317568
81
266716800
64012032
209952
504
5804752896
340263957600
9
9
622080
4536
895795200
290304
81
729
268850534400
729
72
734832
1327104
104044953600
50164531200
28224
124467840
3292047360
64012032000
7618738176
648
254016
153090
729
4837294080
61236000
79659417600
1728
132710400
93640458240
4572288
9
81
1632960
40824
358318080
36288
648
22226400
139968
18144
964467000
81
1706987520000
3528
5878656
367416000
870912
81
36578304000
13436928
111106598400
4629441600
72589644288
874800
4608
4050761400
546236006400
648
46656
4898880
4536
31850496
9
9
120982740480
36578304
41150592000
15554923776
9
109734912
682795008
258048
34566497280
17499289248
483840
1143072
32406091200
71663616
370355328000
163296
187492384800
9
5184
8001504
163296
205752960000
11757312
207360
1175731200
1524096
1486356480
4374
729
5573836800
10032906240
3870720
5832
27216
72
5832
5225472
297395159040
5225472
163296
987614208
1990656
145152
31850496
27648
81
674211299328
40824000
7348320000
2314191720960
4837294080
671846400
26873856
487710720
9405849600
61236000
5832
9
771573600
87787929600
720135360
137168640
1959552
836075520
139345920
36288
14521248
9523422720
54419558400
157529610
27433728
9
48009024
36288
1161216
86032171008
4032
9
35271936
432081216
576
30098718720
2177280
2352000
729
81
816480
1270080
576
81
81
648
18144
9797760
9
871274880
36288
17557585920
1371686400
4500846
7407106560
653184000
648
148176
244944
29160
979776
580608
25924872960
9
81
1244160000
34292160
533311672320
4536
460886630400
2194698240
2322432000
398131200
147483721728
143327232
1399680
81
15240960
40824
81
1049760
1327104
4032
25515
629856
129624364800
648
81
501645312
54010152
8534937600
42515280000
302330880
81
4608
8465264640
3429216000
9
1166886
16387080192
3317760000
7681443840
81
9
3359232
72
648
243855360
650132324352
36288
3061800
1333584000
81
90699264
979776
109734912000
1524096
2987228160
261273600
648
81
648
81
13716864
466647713280
63727534080
1580544000
5184
984150
40824
157286400
48771072
2520
81
9
774144000
204838502400
2099520
30618
145152
3483648000
1143072
81
11252115000
4608
33592320
69148800
27216
5832
1269789696
31104
489888000
5832
1574640
9
729
0
2857680
504
81
5486745600
163296
183708
28005264
161847705600
424850227200
980184240
285768
36288
55112400
5643509760
19203609600
576
103195607040
225792
944784
1410877440
21073920
81
37791360
1428840
92177326080
6772211712
81
25082265600
729
91445760
10754021376
761873817600
9
9
9
192036096
9
9
40824
14814213120
42185786580
318637670400
1632960
12541132800
81
34992
758661120
148176
4374
10450944
27648
1511654400
548674560
20736
5832
251942400
2972712960
9409768704
108864
110592
27216000
69672960
5103
729
41324852160
1387266048000
261273600
108045
6298560
16003008
116640
139968000
27648
729
94058496
9
9
84652646400
440899200
5925685248
31850496000
2469035520
139968000
1285956
190512
163296
143327232
62705664
82301184000
178605
11430720
5225472
63
1382976
123480
31352832
81
23514624
14046068736
1088640
243799621632
1290482565120
51438240
729
155520
9
81
9
6019743744
1658880
648
5103
217728
75246796800
4740548198400
5761082880
9
63
26244
9
28672
79626240
163296
648
648
7112448
9
567
1632960
6584094720
677376
2939328
8266860
17010
2916000
648
46438023168
5184
6401203200
28672
979776
31752
217728
384072192
31104
81
3386880
15431472
82301184
81
186624
9876142080
696570347520
28005264
5878656
2667168
157464
26244
480090240
3919104
32805
1185408
81
15925248
20065812480
35006580000
183708
1088640
9
5832
27776649600
3265920
81
60491370240
81
518400
702464
279936
42326323200
22404211200
360067680
725760
3584
120982740480
9
9
783820800
504
9
1857945600
5832
729
81
1003520
2612736
117573120
36288
1045094400
28224
136080
246903552
61931520
462944160
9
2519424
979776
40824
197522841600
81
190512
3499200
153090
6270566400
336063168000
25920
5184
16052649984
870912
5832
316036546560
731566080
7440174
81
30862944000
81
6718464000
580717154304
576
81
1143072
229635
274337280
11479125600
5971968000
213373440
28576800000
143386951680
2743372800
729
17360406000
462422016
274337280
40824
1224720
32256
109734912000
28449792
4514807808
729
185177664000
445906944
4608
504
44808422400
640120320
648
33067440
12192768
5511240
67200
470292480
6561
113799168000
648
729
114688
322486272
1440270720
237027409920
925888320
1944365472
59256852480
2449440000
50791587840
81
81
6913299456
7375872
6249746160
46656
12597120000
3527193600
7681443840
5184974592
145152
9
567
756142128
6914880
3810240
31752
22680
14696640
163870801920
102060
729
648
20155392
9
833299488
90720
10701766656
576
648
367416
729
4999796928
45722880
116640
8890560
7225344
1111065984
38407219200
9
648
609638400
1889568
3333197952
165957120
141146530560
2612736
426649337856
2194698240
414797967360
6889050
15240960
3124873080
1548288
5927040
225792
0
114661785600
9405849600
857304000
729
217728
2080899072
282175488000
3528
9
1469664
244944
8101522800
16930529280
32256
7501410
13063680
933120
9
9
1607445
7620480
326592
26453952000
313528320
25515
9
3888
81
15431472
226748160
81
14696640
26127360
504
58060800
1111320
122903101440
812851200
205752960
1143072
28576800
648
167215104
22574039040
36578304
5832
729
729
89579520000
9
8573040
217728
44089920
10160640
655483207680
41479796736
249989846400
182891520000
3645
244944
41472
81
2679075
95551488
31505922
39366
103680
3528
250047
2073600
9
13547520
729
3888
163296
3888730944
426746880
188956800
1306368
368709304320
3810240
13888324800
9
9
60480
1959552
81
432
3641573376
592815428352
200658124800
20901888000
9
868020300
5080320
81
147456
222213196800
2083248720
2240421120
9258883200
51438240
279936
4898880
5761082880
40824
983224811520
648
5184
537701068800
2370816000
26671680
3732480
167215104
6561
266655836160
1646023680
9
5832
609499054080
421382062080
729
388434493440
41472
46656
81
9
576
3023308800
102876480
207360
391910400
729
648
529079040
960180480
5832
36288
81
31752
729
52488
34992
81
672126336
89996344704
81
9
7257600
160030080
483729408000
48212327520
5832
9
746496000
74912366592
987614208
73741860864
2000376000
244944
800150400
2032128
3456
729
23044331520
28217548800
65856
702303436800
8493465600
7348320
9
846526464
5832
540101520
204120
9795520512
41479796736
320060160
36864
1296243648000
109734912
2015539200
960180480
944784
190512
81
2194698240
1371686400
167215104
3810240
81
23514624
37340352000
20483850240
81
100329062400
81
33443020800
1180980
193572384768
10158317568
1058158080
34992
254016
7936185600
4032
155584800
4608
8429568
5184
437482231200
833490
4608
34992
82301184
81
9
3265920
7803371520
138240
468202291200
627056640
816480
3657830400
127575
6561
635040
7838208
5898240
9
35562240
792723456
5184
9
10581580800
125440
23040
1306368
1270080
576
3888
357128352
2032128
444528
340122240
31104
4898880
576
61740
52488
118513704960
729
29386561536
501645312
796262400
1080203040
30618
419904000
50388480
210691031040
8360755200
24576
31104
1828915200
134873088
870912
512
161310320640
14108774400
81
81
6666395904
81
81
9
921773260800
2090188800
153090
38698352640
26453952
1088640
529200
1612431360
222264
21337344
694416240
9
5832
217728
46656
14288400
4128768
1805923123200
3888
512
9
17777055744
9
81
9
390168576
5832
685843200
127401984
26754416640
83642388480
729
233280
580608
174960
716800
4840416000
36288
9
204120000
21767823360
4096
81
9
12597120
8573040
37324800
9
313528320
4536
68584320
9
96768
729
51849745920
9
89181388800
24192
1209827404800
1270080
172872
81
54867456
6561
648
35271936
1920360960
18966528000
183708
32256
17503290
184320
81
42674688
25604812800
51840
160526499840
376233984000
23328
3888
100818950400
839808000
9
729
9
31752
56687040
729
1574640
26244
7315660800
40824000
1180980
9
270888468480
3048192
11948912640
123451776000
367416
14171760
213373440
14224896
80015040
62208000
405076140
648
25088
809238528
81
31752
1632960
81
27216
9
119995126272
9
233280
27216
39813120000
177770557440
112896
39016857600
34992
9
254016
113799168000
248832
4032
687970713600
293932800
208089907200
1769472
2654208
81
445906944
1451520
487710720
145152
37815750
1493614080
5715360
338610585600
9447840
155520
326517350400
414797967360
20901888000
648
20736000
122472
45712429056
729
364568526000
89579520
414720
414797967360
576108288
4032
81
38887309440
4536
209018880
1037232000
21257640
31213486080
1714608
5974456320
129600
2985984000
19203609600
2083248720
9
1706987520
899963447040
914457600
76814438400
1481421312
80655160320
1049760
4608
81
3584
341397504
529079040
4536
384072192
2275983360
7838208
32256
1451520
81
145800
1259712
81
155520
9
1600300800
1312200
714420000
5308416
248832
438939648
308629440
160526499840
48223350
13063680
77760
246903552
1143072
5832
46467993600
32651735040
2080899072
46294416
81
17557585920
13226976
4374
264539520
30862944000
5103
7407106560
3840721920
5184
6001128000
21508042752
48988800
114307200
3629482214400
193536
17777055744
9
925888320000
3583180800
1959552
648
90296156160
24385536000
196830
9
729
648
26336378880
72
729
81
248832
1343692800
28224
81
17640
17280
163296
5184
4838400
27659520
81
458838245376
98761420800
3888
370355328
1306368
9
7841473920
4032
81
2777664960
141087744000
504
696729600
80015040
14580
7962624
7838208
45927
6096384
5806080
81
510183360
3072
12802406400
81
193536
284497920
261273600
3161088
254016
8709120
1259712
85730400
4374
14155776
6561
2700507600
6001128
107520
407686348800
87127488000
870912000
29491200
1024192512
151732224
2799360
571536
15309
164602368000
26127360
11796480
1128960
5184
