258048
3528
390168576
5184
70560
5832
1813985280
4464104400
23702740992
151228425600
127575
5268480
5103
47029248000
148176
4459069440
627317913600
812851200
9
81
5443200
84687918336
4960116
81
20901888
810152280
40824
18063360
1698693120
648
9797760
3086294400
952560
2176782336
729
81
5184
51438240
81
731566080
1296243648000
5832
3344302080
119439360
176359680
9
2211840
195084288
282175488
19440
3629482214400
9
285768
229323571200
648
358318080
5184
81
46448640
1306368
161280
729
2322432
23619600
4536
36006768
2268000
2400451200
146932807680
81
7841473920
1190427840
277766496
81
5576159232
1524096
2560481280
5441955840
576
9
222264
27549901440
244944
293932800
31104
9
423263232000
81
2821754880
9217732608
274274574336
32256
45519667200
5080320
21432600000
9
9
36288
16533720
4536
432
23328
8257536
1851776640
9364045824
240789749760
403107840
62233920
5832
41472
9
658409472
53343360
75614212800
5832
61987278240
8065516032
1088391168
1646023680
729
746807040
5184
240844800
41990400
11757312
109734912
236294415
7841473920
2257403904000
1224720000
212576400
5832
6531840
9
1306368
122903101440
10126903500
1756160
169344
9
447897600
11904278400
729
97977600
9876142080
1327656960
3386880
9
190512
4536
193536
39998375424
153090
666792000
81
2800526400
576
5184
185794560
157464
31104
21870
56899584
857304
4032
1280240640
47029248000
5184
567
81
533433600
241965480960
40824
7777461888
685843200
380936908800
81
28576800
286654464
149361408
9
88885278720
262440
9
81
31752
648
28224
10973491200
355622400
42674688
9
790272000
462944160000
5184
823011840
6298560
89579520
12802406400
2592
1088640
14224896
700131600
729
1666598976
289340100
4536
2257403904
71932313600
5103
576
725760
6096384
37623398400
4233600
167215104
210691031040
235146240
365783040
36578304000
174960
4032
8928208800
81
97542144000
627056640
7777461888
141120
81
115605504
290304
81
7741440000
13335840
9
40824
10802030400
4096
1410877440
11612160
21870
373248
18662400
213373440
9072000
9
933120
81
81
220449600
1469664
648
15558480
16460236800
20575296
81
860160
9
187535250
9
158826150
1492992
9364045824
1102248
50409475200
27216
426649337856
8778792960
9
1016064
45368527680
45927
483930961920
9
341397504000
26754416640
9
164602368
20155392
5103
6718464
1285956
9
9
81
52907904
81
5832
357210000
4515840
2687385600
4032
148142131200
12093235200
342921600
2926264320
183708
3857868
81
8641624320
13230
1524096
5184
28005264
169344
729
1482038570880
19840464
9
1905120
2314720800
32256
225792
9
1350253800
483840
597445632
24696
4032
257191200
311040
5601052800
2962842624
1410877440
46664771328
32256
5832
81
72
68568643584
2675441664
666639590400
81
4032
81
244944
50009400
430160855040
2275983360
40824
81
81
9
17640
398131200
81
12602368800
81
19752284160
729
3265920
13544423424
4536
1714608
217728
12541132800
476280
110612791296
1000188000
28805414400
45722880
27216
21168
13436928000
1244678400
155520
3456
7348320
83607552
154793410560
4354560
1851776640
648
193536
281302875
70230343680
9
172832486400
648
1016064
81
13778100
6561
77414400
1806336
648
507915878400
790091366400
9
889056
694416240
27869184
648
21781872
729
21403533312
81
729
19440
111132
81
1486356480
1234517760
36864
648
49997969280
685843200
210691031040
33067440
25194240000
4536
6613488000
257989017600
2720977920
11609505792
215080427520
81
54190080
4572288000
1536288768
40824
5184
34836480000
51849745920
29160
23708160
6635520
81
663552
4976640
18579456
729
91445760
116640
3468165120
118513704960
28588707000
20901888000
81
15240960
15676416
1170505728
81
230443315200
2057529600
3251404800
81
54623600640
729
29160
16595712000
403107840
26244
13063680000
4608
81
82959593472
229635
567
3732480
193536000
249707888640
25088
9
321126400
6613488
9
209952
3110400
16721510400
11948912640
17915904
55319040
52488000
5334336
15431472000
734832
8573040
5184
907370553600
143386951680
81
6096384
58786560
17146080
46656
207398983680
197522841600
32256
5598720
5184
1714608000
4032
1469664
2250423
3429216
81
21432600
555532992
648
131681894400
729
1120210560
4032
5531904
81
221184
99574272
1620304560
1700611200
5832
514382400
16203045600
648
5734400
737418608640
5103
1476225
648
729
13063680
11197440
141146530560
207360
9
52488
14171760
41472
81
200037600
81
46294416000
3762339840
207360
16796160
186701760
148697579520
82301184
1088640
9405849600
373403520
2438553600
9
648
1007769600
1084253184
145152
480090240
62705664
233280
984150
438939648
29023764480
144506880
729
22680
648
341397504
44089920
1959552
6914880
16003008000
188116992
144506880000
18811699200
1058598979200
504
299649466368
161280
729
278691840
233323856640
288054144
17557585920
11197440
4779565056
9
645241282560
451480780800
729
7838208
12600
161280
9
163296
217728
9
81
699840
3161088
156764160
7524679680
729
149299200
403275801600
432
23328
22221319680
576
32256
373248
36578304000
9
87480
1323000
275499014400
7023034368
28224
81
3888
32514048000
81
761873817600
19046845440
130636800
1440270720
27095040
8778792960
1417766490
81
156764160
20160
1102248
5184
46438023168
31752
491612405760
8961684480
2194698240
7023034368
9
987614208
903168
81
81
9
35562240
9
979776
648
41150592000
418037760
9
81
1587237120
895795200
5184
4536
27433728
40824
5184
4167450
81
812851200
172872000
9031680
11757312
1337720832
1088640
181398528
30005640
16540609050
979776
8164800
1194891264
1714608
14112
38236520448
576
46656
729
1111320
24580620288
6561
3528
9
177770557440
10241925120
576
9
20995200
648
7225344
20065812480
139994313984
4536
5555329920
2370816000
108864
627056640
1300561920
81
5184
576
729
290304
31752
1194891264
580475289600
734832000
47029248
1562436540
81
41150592000
846720
11907000
3628800
4032
5103
75866112
58047528960
102419251200
9
98761420800
6718464000
2400451200
18432
65318400
185794560
9
871274880
648
4536
137168640
12192768
663552
1270080
14511882240
1928934
7112448000
1300264648704
27433728000
13996800000
81
5248800
10450944
52488
10207918728
5184
265531392
161243136
81
248832000
504
1904684544
6401203200
81
567
51609600
7803371520
5184
9
10754021376
4608
46294416
10287648
118513704960
68024448000
23897825280
430080
24192
5290790400
169344
580608000
381024000
69132994560
51438240
129024
8266860000
81
5715360
81
26244
9
23808556800
4608
9
46820229120
9
5184
3703553280
32256
261382464
81
9999593856
648
9
40327580160
13332791808
12802406400
32659200
23040
42147840
774144
116688600000
229323571200
9
15606743040
23332385664
214326
9
3600676800
384072192
3840721920
128595600
30481920
19118260224
3344302080
81
9
34012224
11022480
533311672320
567
6502809600
81
46820229120
81
16329600
4608
290304
1224440064
1536288768
42138206208
435456
5184
12386304
65548320768
987614208
648
622080
384072192
9
9
21772800
870912
149361408
99995938560
250047
258048
37035532800
483930961920
7779240
314928
13226976000
1161216
4032
31752
1175731200
138240
4536
7077888
5103
190512
81
36733201920
54685278900
7348320
3888
648
40642560
81
31744742400
63700992
70543872
315059220
34720812
195084288
61725888000
183708
290304
1270080
5202247680
984335020200
9
4608
2341011456
40824
5184
918540
217728
31603654656
46656
1185408
40824
14046068736
30481920
9
6772211712
17496
373403520
46656
1504935936
20412
8401579200
31603654656
63
14580
1218998108160
81285120
24192
4032
9
81
81
3810240
35271936
925888320
273118003200
3888
13655900160
81
9
32920473600
4032
80655160320
4389396480
9
2857680
3413194702848
6773760
34992
36578304
132710400
62705664
158760
812665405440
9
5103
8957952
813189888
221184
274337280
5832
634894848000
9
42326323200
8601600000
122880
396809280
81
1548288000
81
5715360
9
4148928
66679200
100018800
3009871872
96018048000
94058496
105815808
2040733440
3456649728
2185854418944
12192768000
26754416640
449981723520
70543872000
4233600
284616460800
84687918336
729
35562240
81
308629440
96745881600
1714608
81
3888
81
9
326592
15801827328
3810240
14936140800
1984046400
2592487296
145800
648
14046068736
50176
39680928000
752467968000
100776960
1778112
13722579360
8641624320
9
47029248
63221760000
23814
81
9955151216640
11022480
2389782528
6667920000
5248800
734832
326592
648
729
4536
113400
36303120
9920232000
25004700
31863767040
116661928320
439040
418037760
2057529600000
22680
81
2722111660800
13332791808
9
447897600
43748223120
5184
352719360
6123600
5184
635040
81
650132324352
36288
153055008
87808
169344
648
4536
729
1128701952
5103
186624
13608
483930961920
217728
682795008
7257600
42865200
290304
32768
30618
147456
4536
4285540224
11430720000
258048
9483264
81
79659417600
29262643200
41990400
4081466880
81
2592487296
6531840
5184
567
5878656
313528320
9
8778792960
31104
9
29160
285768
729
15362887680
6772211712
119070000
81
27088846848
79361856
44089920000
32768
85996339200
3072
1270080
9072000
106686720000
15431472000
1333584000
587865600
1028764800
6751269
60963840
225740390400
31104
9
130056192
648
648
81
352719360
2032510040064
2821754880
1088640
130636800
567
1516975423488
20253807000
152374763520
2073600
4536
5832
131681894400
152946081792
158723712
4897760256
81
4032
419904
7838208
729
61451550720
61725888
802632499200
5832
12800
1857945600
1080203040
38236520448
1306368
36415733760
30005640
342843217920
548903174400
1209600
8001504000
6667920
952560
36288
3572100
81
1270080
3528
31352832
5952139200
29393280
3456649728
497664
178605
131096641536
161280
145179288576
39191040
81
1568294784
195084288
108355387392
1348422598656
729
148635648
9
803538792000
955514880
155520
148176
77774618880
81
32805
35721
5040947520
40824
4199040
4478976
5878656
8817984
28224
729
47185920
9
81
115221657600
81
1463132160
9
516096
729
14224896
204120
186701760
254016
254016
178605
9144576
7144200
4608
627056640
384
217818720
81
1337720832
567
729
4161798144
9797760
81
2397195730944
5443200
430080
3318383738880
9
307385777664
648
81
975421440
1285956
34992
81
162533081088
663828480
5057740800
317447424
668860416
4032
34992
31752
9144576
1881169920
1316818944
680400
5878656000
635040
2799360
81
648
1904684544
1244393902080
3600676800
729
648
619173642240
115736040
9
1344252672
26342400
13888324800
80353879200
4536
42674688
36741600
27433728000
1399680
156764160
5904900
505774080
81
3024
78121827000
987840
928972800
7838208
7739670528
648
86704128
14751744
81
22295347200
20412
81
81
9
46656
81
45927
5103
40824
34992
729
874800
226748160
4032
9
234101145600
1365590016
54867456000
141087744
1720320000
1044855521280
5103
3528
3456649728
648
11890851840
4032
247726080
1119744
1829677248
254016
1020600
648
734832
9
6613488
2469600
36288
81
11520
282175488
9
81
10450944
1828497162240
5333116723200
112870195200
22044960
316036546560
571536000
1512284256
81
648
3402
9
34012224000
1741824000
771397240320
81
1161216
1990656
25088
19752284160
9
158760
20901888000
145152
9
9
1028764800
81
648
28224
648
9
40310784000
4032
6322176
9
2032128
104509440
555532992
1185408
19440
552960
17640
9
2057529600
1837080
11705057280
39191040
20163790080
9
587865600
6561
433520640
81
32105299968
9
1254113280
275562
9
1225230300
7620480
2304433152
952560
5184
4572288
648
338751673344
4389396480
9
20160
9876142080
9
72
1524096
3265920
2268
9876142080
9
59256852480
24192
165888
58786560
15872371200
4608
26244
16257024
98784
275562
27648
648
4536
7741440
1161216
8398080
31752
553063956480
783820800
4180377600
964246550400
379243855872
81
41472
1290240
9
1849688064
7620480
1742549760
31352832
423263232000
55553299200
9
580717154304
37791360000
311098475520
35115171840
1428840
945177660
6220800
270950400
7962624
2057059307520
174960
9920232
13544423424
10287648
1587237120
6613488
122472
472392
63727534080
592568524800
1224720
86416243200
106686720000
190512
812851200
292626432
116169984
1881169920
6561
81
70573265280
209952
512
31610880
57802752
914457600
373248000
352719360
648
27216
948326400
73483200
1749928924800
648
474054819840
4115059200
6193152
365783040
812851200
729
45008460
119995126272
24186470400
729
34836480
114281072640
81
3038071050
9
3793305600
1075402137600
20160
1693052928
127008
81
129024
195084288
1244160
567
567106596000
25920
6322176
153628876800
479980505088
13544423424
128024064000
11197440
204120
108380160
258048
5832
3240609120
5832
1024192512
28224
98761420800
457228800
81
648
34992
1959552
96018048
23328
226748160
529079040
9
42138206208
9
31104
2239488
28217548800
1306368
89579520
81
81
11479125600
145827410400
27745320960
1458274104000
1134213192
9144576
576
4608
165337200
17414258688
25082265600
1312200
9
81
254016
71442
13332791808
9
46294416000
81
81
141087744
58060800
1605632
576
10158317568
56899584
9
9
3888
286654464
576
58786560
458752
158760
4536
129024
8503056
2902376448
9
98761420800
52488
27648
7777461888
648
1213857792
64512000
136048896
653184
2370816
6858432
8398080
12697896960
36288
207398983680
4374
1469664000
537701068800
48609136800
23328
36864
729
9
1088640
9
4374
285768
576
3734035200
81
526848
648
163296
3413975040
9
9
104509440
9
23814
648
5832
22861440
2286144
3200601600
9
244944
2222131968
181440
6561000
9
1143072
774466560
1959552
38535168
995328
81935400960
8401579200
829440
100018800
648
103195607040
1778112
25515
1763596800
9
4353564672000
1469664
4408992
214990848000
9
1524096
16930529280
174960
7900913664
148176
81
34992
244944
141087744
5103
46448640
4976640
7620480
133827821568
81
5208121800
918540
235146240
5832
5184
30474952704
15676416000
233280
133827821568
1524096
1111320
487710720
18819537408
2880
4032
32659200
97542144
648
60011280
74996953920
720135360
48771072
20575296
3628800
1719926784
53343360
34998578496
81
9103933440
81
870912
15173222400
41803776
10369949184
28355329800
533311672320
30725775360
9
3969
493807104000
285768
1959552000
585252864
729
97200
524880
3333960
5184
9
10372320000
62705664
51849745920
15431472
24385536
11428107264
699840
139968
34992
9
34398535680
40824
5184
73156608
729
823011840
812665405440
2560481280
229582512000
355541114880
81
81
940584960
725896442880
793618560
648
81
783820800
9
1088640
4682022912
5143824
19203609600
27216
1049760
729
25088
31104
329280
25924872960
19914854400
9
11337408
3387516733440
81
729
57153600
4938071040
2986545364992
5103
5080320
42674688
406425600
544195584
81
77157360
2032128000
87091200
4572288
188956800
79626240
648
1280240640
995328
101245887792
1741824
178564176
9
493807104
31104
81
483729408000
1837080
316108800
81
10886400
108020304
648
13168189440
242020800
1693440
699840
244944
10319560704
1306368
2592
3584
5971968
81285120
6772211712
479980505088
4667544
42467328
160707758400
31104
2275983360
5103
1372257936
68040
102060
104044953600
243855360
648
576
729
7348320
648
81
9
40824
342921600
2939328
4608
426746880
418037760
49545216
81
1016064
444426393600
60466176000
529079040
193536
6561
22861440
25920
40824
9
32256
325140480
648
504
2116316160
9
13436928000
387144769536
7315660800
648
9
11202105600
737280
162533081088
37623398400
21504
7620480000
507915878400
3344302080
16662180390912
9
181440
278691840
1306368
81
408146688
34992
4032
648
13442526720
9
83607552000
122472
490092120
4199040
30618
254016
13608
31104
2239488000
729
41990400
165150720
552960
408410100
9405849600
25515
54010152
987614208
577895399424
1837080
983224811520
152946081792
9
2880541440
109734912
45927
576
5080320
9644670
196608
1053696
13544423424
16329600
19203609600
81
567106596
83607552000
78732
65345616000
317447424000
54454680
278691840
3919104000
28224
1016064
497664000
31104
9
9
967458816
3456
215080427520
7900913664
729
16003008
81
23147208000
457124290560
19353600
169344
30618
258048
15309
4389396480
2419200
5832
5103
7315660800
81
576
13934592
6561
28576800
86416243200
3840721920
81
238878720
648
164602368
6561
31104
387072000
81
1080203040
161280
240045120
648
190512
10581580800
4032
674365440
1451520
1204224
1851776640
430160855040
244944
1016064
5184
68279500800
42326323200
1393459200
10973491200
12400290
81
3024
27869184
16124313600
30005640
370355328
5184
5927040
81
85730400
5925685248
925888320
92588832000
9
533433600
609638400
9
142248960
105345515520
288054144
47048843520
40507614000
600112800
6561
729
9
729
4762800
46656
38093690880
699840
325140480
81
2370274099200
1524096
50791587840
9
139968
9
1975228416
81
9
133358400
474054819840
5832
648
144473849856
1377810
11197440
496011600000
326592
84652646400
2926264320
52081218
9
6561
28224
857304
414720
612475123680
729
34292160
18579456
8957952
19508428800
4032
729
26244
81
35554111488
81
406425600
158760
183708
1224720
10838016
914457600
112368549888
964467
4050761400
118513704960
205752960
729
40824
28224
9
4286520
14999390784
3840721920
4608
4608
9
5290790400
30862944000
729
1224720
5832
71108222976
12446784000
81
9
1322697600
161280
54867456
729
70230343680
23814
13826598912
423360
190512
296284262400
15431472
729
36864
22404211200
3780710640
119439360
9
12290310144
3641573376
952342272
571536
522547200
9
20995200
9876142080
9
1333584000
81
9
5832
17923368960
32256
4536
20901888
729
96446700
409677004800
81
1580544
9483264000
81
812665405440
235146240
91445760
211631616000
27556200
2880541440
729
35831808
9
23814
11757312
648
567
648
56010528
9
39504568320
170698752
31752
86416243200
576
5832
1058158080
108380160
9
364568526000
50409475200
49161240576
1354752
777600
3969
69672960
648
9
1058158080
42326323200
9
9
153628876800
9
9
81
81
35721
9
1488034800
4536
209018880
9
2267481600
36864
9920232
729
3888
580608000
110592
39337984
497757560832
233280
504094752
123451776
28665446400
81266540544
25719120
768144384
40327580160
512
6372753408
81
2539579392
39680928
1451188224
648
308629440
81
9797760
110592
790091366400
10241925120
181440
96018048
31752
1036994918400
69132994560
1371686400
233280
2116316160
3087
5832
35831808000
261273600
336063168
5103
92588832
39016857600
141120
7054387200
279936
1185408
38707200
48988800
81
64524128256
81
30618
6172588800
1350253800
59049
5103
64012032
1451188224
9
3919104
1244160
37324800
1587237120
229635
1400263200
217728
6298560
34992
9
75246796800
94058496
120422400
81
2940552720
1224720
45927
73156608
1600300800
7144200
52672757760
648
32659200
455196672000
6667920000
1028764800
9797760
31104
32805
85710804480
9335088
4267468800
36288
29030400
2976069600
32256
19591041024
5184
4286520
4536
9
4032758016
8778792960
9
23044331520
145152
81
27869184
12899450880
23410114560
25004700
4500846
81
9
169344
486
81
326592
193536
174142586880
56184274944
9
326592
204120
1224720
27648
163870801920
5184
70230343680
150528
1857945600
65318400
23814
241965480960
6913299456
650280960
514382400
24580620288
31863767040
71124480
1492992
864162432
3645
72013536000
1119744000
604661760
24304568400
4408992
32256
30233088
181440
81
1492992
13005619200
8709120
207360
567
81
9
9
5832
9
141120
79996750848
7965941760
14631321600
7644119040
4536
5668704000
39366
281238577200
9
45722880
8001504000
40824
9
2821754880
8230118400
9
145212480000
476171136
729
451480780800
47029248
1714608
457228800
2654208
933120
729
6298560
1089093600
81
27216
197568
1469664
142884
864162432
2418647040
5184
81
32256
903168
127008
36741600000
81
24385536
73156608000
248832
169344
43535646720
2903040
207360
40824
9
34292160
9
29628426240
1542794480640
9
254016
1837080
81
384072192
81
1016064
46656
8817984
73466403840
5184
10802030400
94478400
2133734400
244944
156764160
40327580160
141120
221225582592
70013160
9
151165440
136080
648
92588832
5184
9
188195374080
5184974592
729
1264146186240
5832
72
9
9
76814438400
466647713280
54867456000
131712
7464960
3584673792
2592
229635
4608
10754021376
288947699712
619573248
81
13716864
4096
27216
127455068160
648
6858432000
11287019520
2333238566400
140026320
33456955392
2799360
264539520
1088640
81
65028096
9
34992
209018880
1990656000
658409472
3645
589824
31104
5878656000
20230963200
167215104
3386105856
729
874800
1244160
648
6773760
9
648
23328
28224
81
648
142884
46656
5225472000
567
4423680
340122240
729
9
102060
387072
132765696
729
648
1580544
972405
81
133358400
19595520
729
7056000
648
9
9
6561
81
79626240000
156764160
4536
209018880
9
322620641280
130636800
286773903360
428652000
181440
1066867200
285768
677376000
26336378880
32514048
3009871872
5184
1084777369200
6098924160
157464
36288
729
694416240
1646023680
2519897651712
16128
9
2903585771520
1102248000
46088663040
3888
35721
4374
3483648000
9
355622400000
166698
9
24576
186624
9144576
81
5945425920
122444006400
314928
9
12859560
81
1905478162560
6145155072
98761420800
174960
497871360
81
125411328000
5184
28224
27216
20160
5832
42007896
141087744
55306395648
9
95234227200
9
4536
126443520
172872
640120320000
15431472
36288
15240960
740880
34992
648
3211867717632
729
269989034112
88885278720
27216
225834448896
24494400
648
45008460
9
9
489888
1000188
72
1632960
1778112
132324872400
9797760
111106598400
248935680
81
10032906240
81
4756340736
3087
914457600
81
42007896000
190512
176359680
365783040
668860416
552960
729
729
225792
2468471169024
8641624320
19051200
193536
9
107540213760
4741632
6613488
4682022912
1612431360
3950456832
1429435350
93640458240
52907904
31752
64
120394874880
5103
27227340
697019904000
541776936960
1837080
6172588800
9
571536
979776
77774618880
47775744
68584320
2939328000
9144576
4166497440
13716864
190468454400
1080203040
81
92160
7902720
3402
6858432000
25194240
9
1463132160
398297088
20744640
3810240000
12740198400
144506880
576
1469664
9
765450
648
190512
1382976
729
648
131681894400
1365590016
9
87127488
24192
7558272000
20995200
60011280
648
117573120
4536
20163790080
729
20901888000
31603654656
26453952
648
17781120000
286773903360
390168576
503884800
36288
58786560
635040
3200601600
4374
5971968
5184
6635520
11113200
150028200
13888324800
9
9
180033840000
123451776
52907904
170698752
4032
5103
31752
5782683648
2835
127008000
1306368
567
1024192512
1959552
35562240
25604812800
290304
4286520
504094752
29160
979776
5878656
139314069504
341397504
31752
14814213120
165888
9
81
45916502400
141087744000
24580620288
21163161600
4408992000
729
1270080
338610585600
81
4608
2939328
648
285768
214326
6667920
28665446400
2987228160
2985984
31752
81
225792
648
5832
11379916800
82575360
2160406080
648
1728324864
81
9
9
449981723520
967680
1000188
30725775360
5184
39504568320
15362887680
160030080
298598400
4536
1881169920
81
7315660800
59535
1111320
284497920
5971968
576
576
729
3136
729
719323136
207398983680
356874190848
244944
1161216
10287648
313528320
9335088
9
1224720
777746188800
36456852600
186624
15606743040
9
171460800
13168189440
5715360
81
9
72
169375836672
9
2646
4148928000
9
37807106400
9
72
370355328
648
11110659840
44789760
256048128
531441
491612405760
132765696
21772800
181440
5832
20412
5184
80015040
2032128
43698880512
6858432
18517766400
6298560
4536
9
1680315840
6200145
1024192512
5419008
4115059200
3265920
144027072000
31752
2667168
750141000
53747712000
5443200
26127360
3659354496
54358179840
5143824
299649466368
20316635136
9
9
729
729
81
1062125568
19353600
11340
634894848
4032
5184
94058496
7054387200
81
284497920
1410877440
81
105840
233280
250822656
5715360
9
694705580100
38407219200
25401600
145152
20995200
2116316160
1306368
108380160
9
52672757760
1837080
4551966720
1580544
648
142884
153628876800
81
4572288
288054144
272160
987840
34992
1016064
119439360
9
2962842624
648
648
5103
9
73156608
150528
40824
16665989760
576
6098924160
81
35721
53770106880
729
580608
31104
2239488
4299816960
244944
9601804800
32256
29635200
63207309312
13888324800
64012032
632073093120
27095040
729
6688604160
1548933120
7803371520
4976640
41150592000
216760320
81
11252115
259308000
462944160
11851370496
846526464
26127360
3657830400
3969
5184974592
514382400000
30481920
1058158080
4536
3540418560
9
3703553280
2469600
729
576
10241925120
19840464
4408992
1333584
125971200
81
81
648
161310320640
29386561536
729
46656
3292047360
72
282175488
81
189621927936
1170505728
9876142080
81
3149280000
74071065600
9
877879296
28217548800
16257024
480090240
648
81
81
9
36159245640
20575296
304819200
5832
81
5267275776
1088640
3699376128
81
568995840
81
5832
9
296352000
115605504
81
983224811520
164602368
31752
940584960
265420800
50791587840
96768
5184
9
3919104
819354009600
146313216000
121927680
3645685260
17777055744
29859840
9
9
343064484
313528320
729
13063680000
504
21233664000
57600
5080320
77760
9
100370866176
440899200
9
4536
18144
729
3224862720
2048385024
9
2821754880
13716864
276531978240
81
31104
81
644972544
205752960
81
5184
4608
9
113400
5806080
81
150028200
151732224
925888320
148176
2015539200
63000
7524679680
18966528
1259712
7902720
8817984
8709120
93329542656
107017666560
5184
81
55553299200
22680
16387080192
2304433152
4608
2571912000
38698352640
5103
44452800
73156608
4897760256
12597120
5832
12859560000
314928
39366
967680
93329542656
4608
975198486528
81
73383542784
729
979776
5377010688
210691031040
1028764800
5184
729
30618
1080203040
318637670400
72
729
1016064
729
9
26127360
104509440
7112448
36288
9
285768
1333279180800
504
1170505728
4898880
118540800
648
257191200
27216
1422489600
648
5878656
10287648
3527193600
351151718400
70543872
1049760
3969
209952
81
8961684480
85730400
161280
217728
1399680
729
5143824000
32105299968
576
648
1280240640
9797760
975421440
12644352000
648
648
10321920
69997156992
95551488
214326
5184
663552
576
290304
34992
4500846000
1137991680
19845
5832
1123685498880
8001504000
65028096
9957427200
85349376000
1763596800
40824
81
5601052800
33592320
45571065750
11705057280
81
1504935936
9
612360
5184
1128701952
4031078400
131681894400
5103
729
780337152
31104
507915878400
10032906240
648
1500282
244944
31492800000
9
67184640
9
13335840000
4374
217728
648
195084288
207398983680
699840
144473849856
918540
6613488
16070775840
725760
45722880
5374771200
729
35271936
925888320
7001316000
914457600
9
4161798144
740880
81
4389396480
9
1806336
50791587840
2963520
9
392073696
23328
162030456000
1764331632
9525600
81
729
42515280
648
5643509760
979776000
648
116095057920
86400
367416
9
635040000
45722880
576
85030560
118908518400
2091059712
3888
5832
108477736920
186624
81
114307200
31752
771573600
1254113280
17146080
72
27216
6635520
685843200
9
5832
76236552
245806202880
729
135444234240
4320812160
1000188
5103
89616844800
259248729600
40824
729
648
10749542400
331776
32369541120
5715360
983224811520
1074954240
123451776
9409768704
1382976
672126336000
14814213120
5184
1224720
3981312
1259712
729
111476736
3402
648
1791590400
1991485440
1763596800
81
1119744
175575859200
479980505088
27783
9
10077696
1469664
7054387200
9
278628139008
4536
127008000
11197440
4800902400
12802406400
68584320
476280
185177664
16796160
233280
27993600000
9
81
123451776
204120
13502538
39366
514382400
20575296000
2902376448
3888
3499200
2400451200
32514048
81
81
729
39366
2438553600
3951360
9
1404606873600
19353600
74680704
486
548674560
2204496
6967296
7023034368
653184
36006768000
39366
4536
530841600
752467968000
1371686400
2592487296
21772800
55112400
72559411200
1049760
2116316160
512
609499054080
729
729
587865600
9144576
9
81
9
3429216
576
29042496
6773760
81
729
57610828800
6827950080
4608
378071064
63011844000
629856
5225472
30098718720
5832
165888
81
10287648000
81
564350976
56010528
5598720
57153600
9
9
3135283200
4536
9
648
40824
52488
73156608
648
5184
9
1928934000
1679616
18144
1058158080
2519424
17777055744
729
325140480
857304
4536
2351462400
9
2528870400
2508226560
2099520
123451776000
217728
5334336
341397504
1322697600
1016064
28449792
567
1469664
115221657600
1316818944
560105280
285768
857304
489888000
22044960
51438240
29628426240
12096000
729
16934400
22680
197522841600
9
9
1612431360
82301184
37340352
2149908480
26671680
85349376
648
3810240
169344
17781120000
81285120
4032
81
6666395904
2275983360
729
729
20575296000
2985984
3240
648
9
7620480
9
3572100
648
222264
81
597445632
81
9
211631616
321489
6193152
7838208
9
1411465305600
2743372800
3810240
193536
8230118400
33339600
81
352719360
275188285440
136080
8427641241600
59521392
23514624
907200000
39366
9
6242697216
1404606873600
11612160
14693280768
81
9
76832
36578304
578680200
9
81
92177326080
41472
9
35846737920
9
36288
368709304320
158760
114307200000
3888
87480
19752284160
81
254016
64512
604800
576
205752960
19595520
1950842880
648
21772800
34992
9
211631616
20736
44789760
9029615616
648
31603654656
15752961
32256
648
1851776640
9
203212800
857304
632073093120
4644864
3528
142248960000
3292047360
23514624
16329600000
31752
1632960
131072
220449600
81
11428107264
2222131968
45158400
28672
571536
729
10287648000
4536
81
900169200
158760
279936
893192888700
40824
46656
31752
1170505728
4032
2488320
18811699200
221184
1037232
19845
117649000
729
1587600000
145152
15676416000
9
86704128
648
371743948800
384072192
81
27880796160
34992
39513600
32256
4014080
101583175680
43698880512
85030560
5184
648
30618
9
9
8778792960
609638400
5925685248
81
81
46656
20065812480
36006768000
35721
25798901760
10937055780
680527915200
55738368
3528
6858432
3240
177770557440
36288
5184
9
182891520
9
4032
903168
23328
81
9876142080
1050197400
26040609
8573040
7681443840
279936
9797760
28224
419904
9
137137287168
64283103360
9
4898880
4536
444426393600
135444234240
19840464
6019743744
9
325140480
6827950080
1493614080
648
4536
81
282240
62731791360
648
181440
21874111560
31352832
123480000
219469824
3888
489888
81
576
5103
669139107840
9
367416
9
6967296
19508428800
480090240000
235146240
604800
7142567040
186624
33294385152
5184
648
60480
1867017600
9029615616
1783627776
101154816
25515
83329948800
85730400
40824
51209625600
9
30233088
3528
81
9
9
117573120
5103
217728
10668672
46656
163296
254016
839808
125463582720
4608
1632960
25920
714420
6193152
40310784
557383680
1333584
420078960
9
27783000000
83886080
56010528000
4608
34992
169344
7225344
141120
270888468480
729
82649704320
567
729
81
203212800
2268
1919922020352
762048
1185408
45927
34566497280
8957952
236196000
6584094720
4536
1741824000
9
470488435200
16930529280
762048000
41472
188116992
165888
14814213120
225792
17283248640
81
1234517760
576
3762339840
7681443840
222213196800
81
126414618624
6322176
177811200
378071064
16203045600
9720
36288
13442526720
3359232
648
64012032
9
648
77157360
19118260224
729
514382400
9
1706987520
1161216
39382402500
1700611200
23514624
9
121927680
222264
6720
243045684000
2633637888
1607445
648
648
881798400
54432
26453952000
9
41821194240
399983754240
217728
637009920
5971968
23410114560
104509440
170698752
45927
39504568320
5103
13608
2099520
1344000
321052999680
4536
1714608
3670016
329204736
2834352
119070
4609920
6561
39680928000
53770106880
1200225600
81
466647713280
58786560
81
576
95234227200
84652646400
69132994560
5103
9
62985600
36578304
1333584
71108222976
6635520
648
46438023168
34992
81
648
39366
1837080
9
648
6827950080
48988800
157464
130636800
81
81
357128352
567
164602368000
17142160896
96018048
92160
3859475445
41150592000
42865200
250822656
447897600
952560
391910400
6561
214326
8817984
3511517184
119489126400
4572288
6936330240
3556224
17360406000
1672151040
100818950400
918540
881798400
30618
768144384
238085568
133358400000
1498247331840
80640
826686
31752
172064342016
81
3413975040
648
152473104000
1920360960
329204736
207398983680
55987200
152409600
31752
81
98322481152
233280
204120
30618
9
46675440
81
158760
274337280
648
518400
181398528000
304749527040
56687040
576
648
219469824
1097349120
1959552
72589644288
576
190512000
677221171200
81
2204496
156764160
15122842560
21504
9
576
1813985280
2835
816480
215080427520
290304
490092120
544320
278691840
192893400
5852528640
4096770048
81
1990656
10581580800
15240960
81
5184
1128960
839808
12192768000
20160
637729200
14112
1343692800
88905600
9
2205
1492992
729
81
45927
51438240000
142884
9
677376
31752
3810240
677376
44089920
952560
839808
135475200
4877107200
108864000
18063360
38102400
20736
4536
349985784960
729
48393096192
933120
26127360
2449440000
9
6429780
40824
648
154793410560
30005640
1920360960
24696
178564176
125411328
5832
1646023680
1524096000
81
3763200
653184
9
9
55306395648
2571912
595461925800
10802030400
476280
6270566400
69984
5832
81
504094752
81
81648
217728
729
729
22861440
252047376000
5103
1806336
3429216
12096000
81
41821194240
148176
111974400
648
2352442176000
729
197522841600
4374
987614208
26244
9
3528
77414400
1950842880
81
81
17635968000
9
8957952000
2048385024
214326
81
88885278720
5832
2160
209952
11287019520
57330892800
437482231200
4464104400
28449792
40824
4608
10001880
29859840
19440
9
9
33339600
6348948480
3086294400
5486745600
571536000
285768
31352832
428070666240
8670412800
1128960
10404495360
42998169600
4702924800
81
5419008
72
6001128
136559001600
8360755200
13440
4536
846526464
81
1653372000
1119744
243855360
52488
1036800
49545216000
36288
3511517184
348364800
3969
81
81
1249949232
8778792960
1934917632
729
725760
38578680
37035532800
40824
740880
22394880
1792336896
64524128256
396809280
1680315840
6561
133327918080
158760
167961600
1270080
326653399296
493807104
136080
351151718400
26665583616
4320812160
3888000
9
592568524800
1693440
31213486080
15676416
151200000
24696
729
225792
240045120
8001504
10160640
48009024
3888
288054144
163296
526848
5715360
746807040
752467968
1143072
15801827328
9405849600
285768
95126814720
179159040
9876142080
1428840
5832
2064384
648
9
31104
23814
244944
17635968000
4838400
30481920
6096384
6249746160
272160
599975631360
175575859200
2000376
729
35271936000
19595520
580608
5786802000
142851340800
32406091200
14631321600
182891520
648
31850496
37035532800
48771072000
81
81
93312
729
1234517760
15606743040
9
262440
1778112
16253308108800
6298560
1433272320
648
6635520
2857026816
12096000
6584094720
28005264
145152
9
5555329920
14515200
81
1445068800
476280000
124467840
7838208
9
29160
41803776
25515000
9920232
27216
9
1185630856704
9
4374
4300800
151200
26127360
9
81
169344
81
9
96018048000
150528
11757312
10032906240
73483200
256048128
2880
22295347200
145800
81
20160
952560
7681443840
20412
41472
13716864000
6481218240
81
81
228614400
9
45158400
66382848000
1382976
11705057280
8001504000
81
81
3840721920
81
334430208
2419200
27216
658409472
1128701952
91445760000
4838400
49545216
567
22394880
169344
27445158720
42138206208
81
4608
72
285768
4898880000
2285621452800
453600
882165816
729
17142160896
1881169920
102876480
124416
5486745600
12960
205752960
27648
41150592
192036096000
5733089280
1290240
2880541440
35721
9
69148800
1053696
69441624000
27216
3225600
5103
9
2548039680
121927680
29872281600
9
81
585496719360
479980505088
1316818944
1254113280
648
12039487488
81
77686898688
648
88885278720
15049359360
576
4644864
504094752000
25515
9
4233600
5832
1679616
2880541440
416649744
6341787648
9
9
17418240
9523422720
31365895680
32920473600
9
600112800
231472080
140460687360
36288
1504935936
52488
315059220
34992
127008
32256
5248800
3628800
7715736000
7464960
1041624360
5832
9
576
474054819840
1990656
729
504
9
2549101363200
576
4444263936
2032128
1524096
1959552
576
967680
16329600
352866326400
169344
783641640960
11147673600
4536
9
90720
714256704000
1672847769600
729
67722117120
4976640
2268426384
81
729
291325870080
32805
9
102876480
80655160320
972405
734832
9
276531978240
81
13271040
125411328
648
4267468800
40824
34992
1161216
81
172032
4536
762048
9
24192
907200
244944
72253440
376233984
254910136320
1016064
1806336
7348320
7620480
914838624
2844979200
694416240
45360
222264
580608
4148928
119070
403107840
648
348364800
729
274337280
409677004800
169344
180633600
81
189665280
9
46656
9
16329600000
39191040
1016064
533311672320
127455068160
81
4702924800
5103
81
311098475520
4629441600
2133734400
131220
5511240000
576
648
5952139200
5668704
8961684480
54867456
26665583616
606928896
9
9
729
729
5184
746496000
16796160
2032128000
264539520
61451550720
4032
16387080192
232190115840
130636800
3086294400
390331146240
81
35123200000
3429216
26553139200
567
81
1020366720
526727577600
8230118400
48212327520
40824
5832
4536
2903040
5000940
7142567040
115200
367416
90016920
84672
10450944
3762339840
504
78121827000
5733089280
1137991680
3401222400
9
147456
648
9
10287648
170698752
70543872
451480780800
8817984000
279936
1828915200
5184
24192
221225582592
197568
41472
648
4032
648
7838208000
6561
921600
1234517760
564350976
14631321600
9
10628820
648
648
648
39366
9
5598720
9644670
116661928320
200037600
9
12899450880
233280
1778112
100818950400
39366
648
9
23337720
24494400
18435465216
2869781400
270888468480
2962842624
35554111488
21168
36288
9
12002256
214326
81
1045094400
112870195200
648
964467000
81
9
244944
24192
729
4063327027200
489888
18144
35554111488
72
1049760
5832
83607552
81
28224
960180480
146313216
24192
14046068736
77157360
9
209952
5103
9
75866112
21870
1224720
6827950080
9
567
81
49545216
648
4232632320
37791360
5832
67184640
365783040
47029248000
81
204120
9
17777055744
4050761400
752467968
81
729
491612405760
531062784
870912
81
576
165888
321052999680
4354560
108864
9335088000
4536
522547200
5832
4064256000
9
67184640
3024
52254720
889056
3456
170698752
648
83607552
92588832
1190427840
1371686400
6718464
10585989792
81
164602368
70013160
5103
13226976
373403520
900169200
23147208
122472
9
404619264
9
9
1166400
5184
9
81
81
870912
4147200
4536
693633024
186624
9
729
81
1322697600
4536
720135360
7524679680
132269760
571536
61451550720
43352064
9
40824
81
9953280
24696
15676416
5184
648
9408
121927680
9
9
729
411411861504
9
512
11757312
17781120
5103
648
229376
648
300056400
35115171840
293865615360
373248000
13872660480
153664
995328
729
9
648
9
190468454400
1365590016
204838502400
25920
342921600
32256
186624
6270566400
9
2709504
9
3584673792
16796160
9
3583180800
7169347584
9
51840000
26336378880
480090240
6688604160
648
19845
9
101964054528
81
81
81
1959552
576
25088
786579849216
622080
6242697216
4608
15237476352
81
200704
6096384000
12093235200
7257600
9
634894848
5103
2449440000
20736
116095057920
1049760
62705664
426746880
81
9
30725775360
51438240
4938071040
11943936
453600
3969
8641624320
46656000
9
1814400
31104
276531978240
81
6273179136
395045683200
93312
285768
81
9258883200
8957952
30098718720
9
60963840000
4096770048
9
331776
729
9
158018273280
28343520000
6827950080
6967296
32006016000
81
634894848
274337280
3645
1141521776640
199991877120
16052649984
761873817600
9258883200
27556200
25719120
7169347584
72930375
9
14580
850305600
18289152
14814213120
167215104
1451520
699840
1137991680
7348320
4064256
12290310144
4741632000
426746880
2612736
729
54623600640
648
933508800
995742720
9
9
1102248
3919104
340122240
729
197568
9
81
1306368
10203667200
9
729
3888
102876480
384072192
81
13759414272
190512
576
529079040
31104
7971615000
118513704960
648
4608866304
3857868000
81
1714608
28576800
1573519360
4608
5103
2257403904
23619600000
9
4777574400
186624
451480780800
165888
81
32006016
4592700
279936
892185477120
648
145152
99225000
460800
4032
145152
2688
81
9
4536
10616832
9
186624
164602368
207398983680
140460687360
169344
31752
5184
2184944025600
70543872000
40824
648
5184
9451776600
186624
209952
62705664
1828915200
81
26127360
5225472
5832
1128960
9
61725888
34992
69363302400
6688604160
174182400
3265920
1128701952
5184
1714608
4536
21168
3674160000
108884466432
81
903168
60949905408
9
1244160
9
390168576000
421382062080
28901376
729
28224
648
2612736
391910400
3511517184
8001504
35721
28224
816480
5184
16131032064
54867456
877879296
169305292800
3086294400
829440
7315660800
17915904
42138206208
8888527872
85349376
9
4320812160
5000940
240045120
36288
82959593472
141120
8230118400
35115171840
1536288768
31104
514382400
504
5832
81
6561
9
9
806215680
648
81
7054387200
73156608
1984046400
30725775360
648
4536
12597120000
42326323200
720135360
4478976
2286144
37623398400
12247200
81
97218273600
740880
5103
9261000
1133740800
3888
10077696
648
131681894400
9797760
20995200
34292160
58786560
21069103104
294912
175616
226842638400
685843200
60692889600
123451776000
576
81
1016064
14880348000
648
6858432
81
91483862400
4374
158760
648
204120
3528
729
144670050
419904
6635520
4938071040
3703553280
2268426384
32256
81
653184
173604060000
7225344
870912
11943936000
81
5852528640
576
10850253750
413343
39504568320
8193540096
836075520
11430720
933120
2438553600
3224862720
9
486
17923368960
367416
867402547200
12700800
115736040
576108288000
282175488
240045120
244944000
81
1755758592
34992
26121388032
27216
9
11705057280
1020600
9
4536
9
9
40824
158760
4374
1672151040
520224768000
77414400
9
49766400
37035532800
1750329
246903552
839808
9
648
1049760
9289728
81
5334336
9
472392000
21337344
29160
729
9797760
7077888000
8599633920
2539579392
290304
27216
152409600
98415
9
92177326080
81
360067680000
200704
204120
16930529280
903168
43208121600
10287648
52488
5878656
648
3919104
81
104995735488
39998375424
52488
829440
64538880
258048
11757312
1486356480
28224
33067440
31752
1365590016000
1016064
768144384
81
223948800
22044960
10077696
94832640
17920
1469664
6772211712
5103
77774618880
9
8398080
36864
9
67512690
567
285768
1653372
696729600
268738560
648
81
648
9144576
762048
12602368800
309657600
576108288
1574640
5000940000
216710774784
30245685120
113400
112021056000
5832
195955200
129024
2159912272896
5292000
81
9258883200
9
4960116000
18139852800
225792
3969
5103
2352
24192
466754400
217728
153090
729
48771072
1399680
1000188
39016857600
725760
1587600
40007520000
11113200000
209018880
8266860
91445760
5184
74348789760
91854
1422164459520
244944000
128595600
70858800
235146240
648
8266860
1755758592
680400
57140536320
320060160
5016453120
1567641600
118098000
30481920
63207309312
41472
209952
81
729
677376
124416
501645312
3214890
81
174182400
433520640
365783040
729
222264
81
338610585600
5184
5832
3703553280
38578680000
11287019520
4032
188116992
81
34992
5184
274337280
719970757632
81
27783000
135444234240
149361408000
321489
81
5832
246903552000
85730400
1935360
9
10628820
3584
979776
27648
384072192000
55738368
58786560
14108774400
137168640
13716864
9
38102400
46088663040
47416320
26138246400
81
4096
1020600
9953280
173604060
37340352
3840721920
544320
984150
729
5184
348364800
15362887680
297271296000
1653372
81
290237644800
282175488
124416
567
9
19440
270050760
13716864
58591370250
648
5761082880
52672757760
1410877440
6967296000
3627970560
13442526720
370440
2275983360
583200
1388832480
761873817600
5598720
2520
2032128
63727534080
240789749760
40642560
1327104
9
9
987840
501645312
2074464
3096576000
1037232
5832
3135283200
1741824
195955200
729
4536
41472
225792
22044960
29132587008
40824
1736040600
11851370496
216710774784
1620304560
81
131712
9144576
217728
233280
15801827328
617258880
231472080000
5103
3224862720
79361856000
43208121600
731566080
2893401000
2939328
61152952320
5225472
219469824
13377208320
81
18811699200
30481920
24192
9
510183360
3703553280
68584320
14046068736
1928934
1354752
27216
746807040
6377292000
729
423263232
648
5103
70888324500
284432891904
8641624320
648
9
81
29727129600
97542144000
96018048
729
1714608000
634894848
9
648
26453952000
20088469800
1481421312000
81
127575
3441286840320
604661760
734832
21168
47795650560
44651250
4374
1190427840000
33067440000
113374080
121927680
81
729
1580544
645241282560
181440
5184974592
4536
2469035520
81
438939648
4032
660602880
5184
282175488
21676032
275562
9
5832
2222640
84276412416
940584960
44442639360
81
24192
340122240000
207360
232243200
812851200
43352064
979776
4608
81
148176
37035532800
2952450
729
18225
36288
648
396809280
6298560
139968
5000940
729
1290482565120
81
81
121927680
9
9
4978713600
36006768
173408256
46656
9
20412000
27216
5419008
4644864000
33067440
725760
9
1999918771200
1813985280
137137287168
734832
423263232
2720977920
260112384
9409768704
648
81
4536
24576
1524096
3540418560
9
4608
3457440
9103933440
8817984
14046068736
32256
1728324864
214990848000
81
23814
28224
1185408
682795008
236196
23328
98761420800
9
9
85730400
300987187200
254803968
67722117120
6449725440
729
729
846720
729
81
5184
3571283520
155520
2090188800
124994923200
705438720
81
183708
9
740880
19752284160
244944
3969
31752
123451776
44255232000
31752
9
5832
147027636000
29160
729
169344
69120
145152
25088
648
430160855040
9
2016000
464486400
9
5832
4478976
9029615616
5184
705438720
9
5103
677376000
729
32369541120
45368527680
35554111488
157464
5832
10080
235244217600
21163161600
2519424
28224
248935680
11851370496
9
27216
5832
314928
2370816000
35721
8573040
2539579392
53747712
119042784000
181440
2322432000
326592
406332702720
103723200
576
729
5186160
203166351360
1156055040
163296
486
209952
11757312
23887872
1045094400
46656
3456649728
5761082880
236196
56899584
351151718400
9
155520
81
329204736000
2743372800
9
41150592
9
1053455155200
81
23514624000
1024192512
2835
8128512
438939648
24385536
1157360400
952739081280
81
1555848
81
4536852768
4082400000
36288
5377010688
1492992
10924720128
967680
975198486528
21337344000
75264
34574400
7620480
81
729
5832
81
518400000
81
98784
10287648
799967508480
16460236800
2400451200
13442526720
170698752
729
9
15676416
3528
4536
6172588800
544320
648
130636800
52488
185177664
548674560
12597120
5080320
4536
9
96768000
740880
9
526848
272097792
648
30132704700
282175488
1354752
11757312
136080
9
62426972160
90699264000
6561
217728
4536
326592
2688
279936
81
69441624000
729
277766496000
486091368000
420078960
27216
3528
169344
853493760
130636800
64
70230343680
729
1166400
9
648
244944
1463132160
31752
1270080
114709561344
60491370240
1080203040
9
3402
109734912
49161240576
849346560
9
290304
729
254016
85349376000
1481421312000
81
595213920
17199267840
418211942400
292626432000
4536
20739898368
81
35721
555532992
459270
9
4645737234432
59719680
3901685760
414797967360
314928
648
5103
7962624
816480
94058496
716934758400
5971968
9
1102248
20483850240
9
52022476800
11022480
626913312768
6322176
7620480
81
557383680
23808556800
4536
9
9
72559411200
18811699200
32256
46656
42674688000
567
3135283200
331776
240045120
3809369088
594542592
4608
1244160
4408992
1991030243328
81
4608
125971200
56010528
685843200
121010400
677376
78382080
9
9674588160
5358150
5079158784000
257191200
3888
41472
987840
1428840
8890560
163296
104976
6967296
520224768
729
5832
30725775360
1693052928
567
8497004544
9
149361408
21870
544422332160
1032192
18144
91424858112
74401740
1097349120
233280
47795650560
72
2000376
285768
209952
27216
729
2916
768144384
9
9
8957952
4536
101964054528
5184
30481920
81
42336000
4682022912
899963447040
5832
81
9
617258880
567
34828517376
729
236196
567
196830
4536
2667168000
3333960
186624
729
9
41472
537701068800
201553920
9
6220800
60963840
648
36879360
264539520
186624
4800902400
5832
15876000
5184
729
132269760000
9
10973491200
2176782336
9
5080320
193536
75614212800
121978483200
81648000
5120962560
1959552
3136
729
31104
1928934
36578304
648
41150592000
89181388800
729
81
16460236800
65548320768
113400
5184
5103
13716864
374561832960
245806202880
1224720
75614212800
260112384
203212800
72
73156608
28224
254016
9
90699264
829440000
29635200
32105299968
27648
24696
30618
648
28672
64012032
214326
4608
345600
112021056
1344252672
72013536000
635040
3111696000
10319560704
5184
21168
6021120
3762339840
2939328
53343360
37623398400
4536
81
209952
648
83607552
53569252800
2612736
81
604661760
967680
43535646720
9
903168
81
192036096
72
5184
4838400
142884000
136080
322486272
9
81
648
470292480
2167603200
5103
266716800
4723920
699840
31752
39366
68584320
285768
23436548100
648
6561
81
88179840
19906560
9
13826598912
729
246903552
4064256000
1119954511872
504
2469035520
648
2099520
25194240
9
918540
9
1580544000
22394880
1289945088
79361856
9
177147000
15362887680
12386304
648
279936
387072
57610828800
4860913680
44089920
314928
9
5184
8164800
2016379008
9
13168189440
1632960
81
6401203200
141717600000
3306744
648
5103
5290790400
4536
1693052928
8778792960
729
81
81
648
3456
8890560
9
9
1799926894080
28224
729
152374763520
3645
31744742400
24883200
889056
5103
31752
376233984
729
81
6428310336
1120210560
9
6858432
57634833312
386983526400
13436928
53343360
68279500800
9
3901685760
504
136080
9
1504935936
5878656000
8957952000
282175488000
81
729
35846737920
430160855040
127008
196830
207360
81
232339968000
205752960
9
16721510400
6429780
30618
1741824
893025
729
35721
20575296
131220
1607445
122472
81
239990252544
6561000
2560
648
25401600000
12902400
5103
2351462400
6967296
36288
37200870
504
8534937600
191182602240
267846264
34566497280
97977600
2239488
381024
9
211719795840
361184624640
97108623360
38578680
36006768
160030080
9
1146617856
209018880
819354009600
9
120022560
1755758592
81
5184
9
2286144000
5143824
9
9
1254113280
152409600000
23814
344064000
995328
17280
576
110612791296
20736
4608
35271936
18522
41472
648
67184640
9
136559001600
326592
9
576
8230118400
19349176320
457228800
32659200
11948912640
438939648
200704
37933056000
81
2023096320
29998781568
81
41472
648
4536
81
27783
13442526720
100018800
26244
14402707200
50791587840
17006112
13934592
81
70230343680
1003290624
5184
81
233280
10668672000
31752
193536
33592320
116640
1679616
121927680
244944
234101145600
1264146186240
11573604
192036096
176359680
44442639360
138265989120
4702924800
225042300
952739081280
32256
648
107540213760
81
2240421120
648
27648
5509980288
729
92588832
24004512000
40814668800
729
2904249600
9144576
5184
81
648
3265920000
142851340800
373248
648
729
284432891904
81
548674560
1097349120
40824
441
8573040000
81
729
6172588800
9408
30245685120
31104
111106598400
9029615616
9
102060
4354560
81
30618
504
756142128
81
254016
1428840
63207309312
81
2857680
2654208
348364800
2646000
4148928
648
1587237120
24192
4179422085120
43893964800
167215104000
222213196800
580608000
89579520
222213196800
729
129048256512
35721
472392
99202320000
448
171421608960
31104
5103
2633637888
172872
60963840
18063360
8001504000
129624364800
58786560
9
31752
426746880
9
36288
933508800
81
5103
9
31752
1306368
55319040
4032
72253440000
10450944
592704000
12541132800
18811699200
648
12192768
512
729
81
629856
168031584000
5184
3386105856
4816896
4032
75246796800
5103
161243136
35115171840
9
113246208
4608
62731791360
54010152000
81
3703553280
3702706753536
201553920
71425670400
3919104
4536
645241282560
4032
27783
228614400
7558272000
44286750
3429216
9
81
729
30862944
209952
1280240640
70543872
13604889600
31752
12247200
729
40824
648
729
39513600
9
36288
285768
81
24893568000
6858432
21772800
20316635136
95591301120
1119744000
119439360
354294000
8890560
94832640000
1224720
5160960
762048
2722111660800
677221171200
1469664
42674688
12247200
111974400
5925685248
92177326080
5832
17781120
87480
5184
9
4320812160
16003008
729
6193152
66679200
2821754880
24304568400
4572288
666792000
35115171840
2194698240
1653372
4572288000
290304
81
172872
30618
81
23147208
9
535692528
34992
136080
870912
3511517184
5103
197605142784
79361856000
18517766400
13716864000
52022476800
9
7201353600
4608
5832
2066715
8128512
250047
1410877440
648
81
89616844800
540101520
648
1049760
172872
3703553280
3224862720
44442639360
132269760
1327104
9
1492992
142216445952
3240
18289152000
68584320
51209625600
26127360000
3009871872
1837080
1741824000
190512
448084224
9
403107840
27227340
5832
186624
81
648
891813888
1719926784
611784327168
60963840
3645
510300
18517766400
177147
81
405
251942400
41472
11379916800
41489280
9
331776
2962842624
81
4536
906992640
1428840
891813888
806215680
28672
81
4032
1806336
1646023680
1881169920
7838208
648
81
648
9
10621255680
6561
40007520
7558272
846720
27216000
685686435840
59719680
15676416000
331776
4096
5184
31109847552
285768
260220764160
5184
4938071040
9
81
609638400
9
2821754880
40824
4608
544320
9797760
8534937600
42138206208
3888
183708
1254113280
217728
3174474240
7348320
81
7501410
96745881600
9
40007520
40007520
138265989120
81
9
81
50388480
10321920
81
1254113280
5531904
367416
4718592
648
2268000
3456
4536
77760
737280
648
9
393734008080
41472
376233984
233377200
37158912000
153090
35554111488
648
3280500
115736040
9
891813888000
248832
9
71108222976
5832
1376256
576
4898880
5832
62985600000
6193152
18207866880
73728
9
8573040
81
990677827584
82301184
72
81
209952
823011840
474054819840
4536
18579456
23328
81
261213880320
49161240576
474163200
9
81
81
165150720
4536
9
1492992
3429216000
11430720
3869835264
9
9144576
22394880
81
648
96315899904
7558272
4960116
111476736
4898880
9
35115171840
1128960
70560
729
59049
224042112
4682022912
9
80655160320
399983754240
161280
6718464
240045120
103680
29773096290
348509952000
229635
367416
10241925120
279936
729
21676032
4644864
648
10372320
567
5832
4232632320
4032
2880000
694416240
9
351151718400
22680
1102248
32920473600
4536
4877107200
640120320
5184
292626432
148803480
489888
189665280
30481920
290304
5952139200
24192
20736000
81
9
22044960
2194698240
26671680
238978252800
3251404800
4536
1555848
9876142080
5804752896
2508226560
648
248832
1259712
661348800
81
711082229760
449981723520
18144
2204496
5832
9
19845
81
1700611200
40007520
44089920
6122200320
648
77686898688
9
9
9920232000
46675440000
24576
158760
555532992000
7681443840
77760
9
38093690880
53770106880
81
1451188224
1511654400
787320
648
196830
116640
1567641600
27216
25920
648
9
367416
81
110612791296
31213486080
5184
6348948480
81
648
184354652160
590490
38896200
52488
19051200
2090188800
18522
568995840
648
209018880
34992
280921374720
995328000
22044960
705438720
81
31104
97108623360
1000188000
27433728
1219276800
337486292640
39366
81
729
52488
21499084800
3969
292626432000
497757560832
72
3888
1102248
23224320
367416
7620480
5103
729137052000
36288
9364045824
46656
729
5832
72236924928
26040609
1322697600
9
9
4374
30618
344064000
2107392000
20575296
12541132800
140460687360
178564176
204120
388800
4536
46656
3145728
29030400
69441624
5832
391910400
10973491200
36288
77070336
32805
205752960
576
101583175680
411505920
1344252672000
1714608
729
6019743744
96786192384
112495430880
31104
11110659840
9
5184
270888468480
71108222976
9073705536
790272
98761420800
5580130500
5184
81
967680
9
729
14582741040
5832
27095040
5184
489888000
595350
24192
648
9
290304
1032386052096
3869835264000
10749542400
81
3645
13716864000
9
680400
10497600
4572288
6804000
4702924800
729
39366
45722880
10890936
32256
1088640
17425497600
979776
262440
36288
19440
81
12899450880
81
9
587865600
50803200
648
3024
111476736
81
107017666560
3556224
259200
1632960
19752284160
24893568
576
80640
130606940160
5511240
9
3097866240
635159387520
34992
27216
27653197824
23897825280
9
580717154304
31104
14402707200
3951360
1102248
2438553600
622196951040
16052649984
119995126272
1049957354880
254016
81
4536
39191040
10241925120
233280
4536
1990656
149993907840
181440
19289340000
13824
144506880
9
729
1646023680
4354560000
10701766656
6773760
4608
8573040
3888
5038848
266655836160
21427701120
524880
758661120
5832
3919104
34284321792
17640
1741824
74088000
28672
186624
438939648
23040
765450
632073093120
9
7965941760
2721600
41472
155520
5103
729
14108774400
9
40824
685686435840
576
18003384
1905120
9
189035532000
658409472
29172150
146966400
2322432
16128
15872371200
648
81
72
9
9797760
9
113799168000
6858432
4572288000
29160
860160
729
72589644288
81
5184
81
22674816000
174960
32256
16329600
952342272
94080
952342272
2469035520
1259712
32256
25719120
145152
806215680
590601012120
233280
197568
285768
729
3061800
32256
31352832
31752
275562
12244400640
11110659840
35721
11428107264
15479341056
729
267655643136
729
5248800
81
9
2322432000
51438240
26244
64283103360
6298560
346816512
164025
790272
135444234240
9
204120
1828915200
147483721728
211719795840
5832
9
104509440
54867456000
201553920
31104
826686
270950400
9
4081466880
6773760
9
11762210880
1950842880
20736
22221319680
10450944
1250235
1469664
9
64812182400
244944
22680
186624
729
3969
5103
81
1143072
14288400
5225472
5806080
1080203040
15676416
22674816
204120
50960793600
58811054400
9644670
46656
740880
37340352
1200225600
6193152000
81
685843200
9
1036800
27993600
262440
3584
5225472
51018336
40824
1504935936
36288
42865200000
109734912
9
62233920
9
337105649664
800150400
19508428800
274337280000
936404582400
36864
155520
1049760
113421319200
925888320000
36288
3888
487710720
293932800
81
1337720832
31752
254016
20321280
138240
648
19440
24696
222264
10450944000
86032171008
9
20744640
8001504
5832
36288
729
28224
1800338400
254016
9
729
23328
32256
13655900160
18579456
295034880
5120962560
1523747635200
81
156764160
81
71663616000
108020304
10081895040
155549237760
32920473600
576
5443200
8065516032
81
185177664
5103
5598720
5971968
28224
219469824
648
33456955392
71693475840
9
409677004800
40007520
51438240
49997969280
46656
5290790400
9
205752960000
34992
34992
393379840
576
164602368
28570268160
241864704000
729
209952
35562240000
254016
648
9
105815808000
72
145152
9
4374
5184
42674688
2646
9
3969
2903040
99995938560
52488
81
81
5184
3888
29042496
17418240
27216
62731791360
217728
3200601600
7644119040
2497078886400
248832
81
3135283200
261273600
135475200
504
233280
145152000
4536
36288
9
648
925676688384
567
94080
9601804800
175616
4608
10404495360
648
9
31492800
22680
5761082880
2090188800
24696
3402
278691840
5832
31104
1143072
9
20321280
540101520
648
86704128
131244669360
145152
2709504000
472588830000
272273400
1714608
47795650560
705438720
244944
9
49380710400
9
1728324864
259248729600
189035532000
576
24192
9
24192
4354560
18144
24192
729
189665280
9795520512
612360
4536
9
441
564480000
5103
81
1125211500
51438240
1371686400
729
81
4032
12602368800
729
24998984640
64812182400
4000752000
1306368
32805
1036994918400
13063680
9
81
9
2857680000
60466176
228614400
76814438400
31213486080
142884
355541114880
368709304320
10450944000
5103
31104
39207369600
35554111488
400075200
2286144
592704000
6193152
6531840
88885278720
597196800
729
466560
26885053440
53770106880
46656
27653197824
81
225042300
2964077141760
9
295245
244944000
81
54190080
729
227598336
2257403904
5184
2645395200
36288
128024064
12386304
5832
729
3919104
20163790080
5267275776
2160406080
153090
65548320768
1800338400
740710656
9
161310320640
45722880
27433728000
10077696
729
92177326080
806215680
81
331776
235146240
9
9
43352064
729
6584094720
3483648
290304
52254720
50164531200
1778112
39191040
41150592
8465264640
3936600
81
9289728
648
429981696000
7838208
1399680000
81
9
367416
648
617258880
3810240
4032
874964462400
9999593856
47029248
19421724672
648
36578304000
3857868
244944
31104
1511654400000
4536
5143824
5103
1058158080
648
2048385024
754974720
138240
81
2032128000
9523422720
3969
37791360
81
120530818800
105815808
46448640
9
524880
40824
17777055744
640120320000
14696640
117573120
81
190512
81
81
685843200
117573120
4389396480
63
1524096
10973491200
60491370240
31116960
5184
5103
81
53747712
81
81
9
9
4608
1119744
116640
244944
9
2709504
1632960
480090240
56899584
5184
6115295232
282175488
9
143327232
81
60466176
576
32920473600
9
3888
19508428800
5184
235146240
37807106400
120960
106686720
9
229323571200
5832
1658880
648
188116992
13226976
870912
92897280
27648
81
290237644800
4572288
70013160
9
1866590853120
35006580
9
907578
648
206438400
215080427520
32256
585252864000
4536
39680928
50388480
30481920
7741440000
53747712
7501410
85349376
36288
3840721920
3919104
9
150528
26127360
52488
28665446400
5832
5925685248
1512284256
25515
31104
576108288
2962842624
81
162030456
648
504
4536
126023688
11757312000
2032128
34292160
365783040
13436928
5184
493807104
31752
86740254720
297606960
30725775360
4838400
81
23224320
11287019520
12247200
3413975040
5832
4761711360
648
124416
5184
9
86416243200
490092120
142248960
158723712000
9
335923200
27216
9
176359680
9
88179840
1322697600
9
81
21676032000
25395793920
214326
60197437440
1143072
170061120
35721
5832
9
648
537600
38093690880
17635968
9
197568
7464960
9
9
19110297600
9
81
5184
1037232
351151718400
108864
41150592
117050572800
31752
324060912000
81
680244480
1679616
864162432
14224896
6561
1209323520
46656
9
2633637888
9
54867456
644972544
4032
7965941760
40814668800
33606316800
46088663040
8398080
51018336
4536
27993600
31492800
576
18059231232
11612160
15552000
233280
197568
9920232
92588832
34292160
568995840
5120962560
9601804800
81
28224
648
13063680
3048192
5832
7715736
597445632
2177280
9
3500658000
87091200
337105649664
73728
419904
2926264320
62705664
5184
1175731200
29030400
8398080
3810240
93312
2469035520
9
592704
77157360
9
4536
128595600
9
9364045824
1354442342400
21870
3061800
36741600
23514624
5832
691329945600
9
617258880
181440
81
9
729
729
81
576
40824
648
213462345600
444426393600
8817984
648
25088
658409472
1568
290304
4536
1728324864
470292480
62705664
38102400
29998781568
571536
138883248000
81
4608866304
28901376
5878656
81
238085568
4644864
13547520000
186659085312
731398864896
979776
34836480
367416
648
396809280
121927680
318504960
3888
9
4032
7838208
740710656
6772211712
4536
671846400
526727577600
81
4608
20160
51018336000
62705664
13271040
10890936
81
3225600
26127360
5184
23121100800
1224720
326592
6561
11287019520
81
720135360000
576
229678171380
1778112
44789760
9
145152
81
459165024
740880
14450688000
6561
1600300800
30725775360
648
81
81
139994313984
13716864000
174960
9797760
486091368
222264
648
3527193600
5184
9
9
2926264320
26244
7620480
39813120
648
6688604160
1536288768
22680
181440
81
238978252800
5832
81
699840
14814213120
1008189504
30576476160
1417176000
81
900169200
81
97108623360
9
39191040
144473849856
44442639360
20736
3732480
1714608
5806080
177147000
7257600
881798400
23514624000
907200
326592
198404640
7079218642944
4877107200
36870930432
9
462944160
217728
746496
595213920
317447424000
4608
10160640
324
729
94810963968
75582720
36288
81
81
1015831756800
3627970560
9
34566497280
10668672
9
729
4898880000
717233481216
141087744
7803371520
725760
228614400
1492992000
648
1388832480
357277155480
3528
663828480
81
1736040600
2612736
81
430080
163296000
72
70778880
16003008000
567
46448640
139968
5573836800
32006016
567
3240
2194698240
4032
31352832
31752
139314069504
9
63207309312
9
9144576
3439853568
11573604
6561
127401984
10032906240
40824
164602368000
979776
290304
4761711360000
1234517760
81
168031584
21504
2700507600
889056
5016453120
5103
5806080
118513704960
1574640
853493760
6399740067840
30862944
729
645241282560
9
245806202880
239990252544
195084288
5184
1244160
445906944
259248729600
254016
648
1244678400
128595600
72236924928
99090432000
9
464486400
48771072
5184
72
26127360
43352064000
9
155520
16203045600
62705664
297606960
995742720
156764160
5852528640
1161216
9
4536
40310784
24004512000
233377200
34836480
914838624000
81
44089920
78033715200
81
30618
1219276800
26244
12290310144
1306368
185794560
711082229760
4536
2150804275200
470292480
161280
33339600
729
1088640
7023034368
65318400
544195584
41472
81
29165482080
42007896
729
142884
106686720
31752000
41150592
925888320000
26244
5103
158760
6827950080
9144576
23514624
3599853788160
9
27216
15305500800
69672960
149361408
81
9
81935400960
23514624
238085568
9876142080
952739081280
14108774400
9
13332791808
2378170368
5643509760
9
41472
81
9
3612672
3386105856
137225793600
9
497664
28576800
504
89282088
14224896
168552824832
806400
193536
81
729
9
1209323520
648
1028764800
648
81
35721
1481421312
2257920000
164602368000
74912366592
61931520
81920
2149908480
3969
2469035520
74401740
169344
4115059200
933120
197568
211631616000
6561
5664669696
23044331520
19756800
32006016000
345664972800
41472
1219276800
1469664
139345920
114661785600
91729428480
8817984
952560
5804752896
648
4536
1354442342400
11757312
28217548800
9
326592
10713850560
857304
4572288
128994508800
7558272
4898880
1719926784
1036800
7166361600
1219276800
23044331520
3402
4032
100329062400
1049760
592568524800
5806080
58525286400
9
6721263360
81
7257600
81
56010528
5832
155549237760
648
7838208
2430
881798400
6049137024
72
14046068736
1888223232
4459069440
729
311040
1170505728000
3397386240
32006016
24186470400
81
236196
96315899904
27216
6123600
857304
952560
4536
9185400
244944
1143072
51209625600
1469664
8026324992
10032906240
12800
129654
1161216
123863040
325066162176
8065516032
944784
81
796594176
5184
2167107747840
158018273280
4032
967680
12443939020800
254016
4180377600
729
9
31752
3542940
20163790080
729
9
1114767360
729
9
648
4536
81
406332702720
31752
81
31104
995328
1417176
8193540096
145800
686128968000
81
9
4032
69672960
13608
3981312000
9
109247201280
729
5486745600
354294
648
774144000
81
9
7231849128
9
39813120
81
2099520
10973491200
145800
1889568
51438240
7962624
57802752
1143072
1066623344640
573547806720
11342131920
597445632
648
9
648
81648
8037225
4445280
81
16329600
648
729
221184
5832
62705664
81
26885053440
70013160
508127510016
181398528
32256
6348948480
1290240
9
5184
81
5715360
197568
139968
81
5806080
4374
714420
3292047360
933120
160030080
9
2267481600
1254113280
13888324800
8164800
145152
9
30862944
13824000
2000376
237081600000
19683
5143824
385786800
2508226560
2560481280
1428840
1316818944
9
1693052928
9
17923368960
650132324352
7348320
1270080
90699264000
268850534400
9
729
81285120
1285956000
98784
145662935040
520224768
2267481600
2007040
37623398400
26754416640
67512690000
9
889056
20483850240
9
321489
158760
61725888000
1306368
81
567
67184640
2286144
28224
152374763520
9
6998400
183708
729
155549237760
30618
648
9
3292047360
1244160
11337408
83607552
274337280
630118440
1714608
44089920
163296
1037232
705438720
871274880
648
72
172032
9
1097349120
205752960
648
1270080
1049760
2520
576
355622400
23044331520
729
7902720
325140480
4536
24883200
34992
148142131200
293932800
648
81285120
8573040
79305375744
648
4536
8918138880
648
81
925888320
14814213120
108425318400
116661928320
5103
426649337856
729
39366
438939648
5225472
5225472
2539579392
193536
40007520
254016
68584320
4374
1866240
22861440
871075731456
21168
1354752000
4494741995520
1137991680
39366
251942400
466560
1741824
81
3950456832
124416
9
9
170698752
81
5184
27216
576
239990252544
1270080
81
4032
496011600
526727577600
74317824
758661120000
9
9
96745881600
41472
56687040
5143824
81
90737055360
9
81
24893568
46664771328
9559130112
5486745600
5103
9
457228800
19752284160
40824
243799621632
10241925120
81
3969
462944160
5184
81
2194698240
314928
12093235200
7225344
391910400
3857868000
81
10497600
23814
81
36288
97200
40824
36288
1399680
197568
16402500
29042496
40824
264539520
5832
32256
61236000
105840
9
729
103680
9
60466176
193536
20739898368
648
576
81
113400
81
1049760
648
428070666240
81
374984769600
40824
15359376162816
29628426240
6350400
702303436800
138240
11612160
14108774400
18144
1185137049600
729
729
729
40824
81
1792336896
11904278400
42674688000
81
285768
36288
503884800
1679616
35846737920
17418240
9405849600
504
617258880
576
197568
224042112000
3950456832
522764928
504
71425670400
146313216
9
729
33339600
544320
41472
8266860
119070
3888
729
6096384
29393280
81
40633270272
12192768000
5832
729
9
76187381760
24192
84652646400
13547520
21609
944784
2579890176
81
28224
3869835264
1843200
3456649728
4608
27783
5184
166698
52907904000
7023034368
734832
4608
186624
5806080
20003760
81
81
18662400
648
7812182700
3527193600
544546800
115221657600
2025380700
857304000
98761420800
648
107163000
22680
10668672
648
101583175680
105859897920
5601052800
1180980
130203045
24696000
81
9
3511517184
1536288768
5555329920
23044331520
81
9
4782969
9
1003520
648
5225472
568995840
9
163296
41472
214326
81
22861440
5103
40824
4032
2293235712
51438240
5225472
209018880000
1481421312
142851340800
81
648
3687093043200
704643072
6123600
648
5184
9
7741440
81
13716864
36578304
81
38102400
139968
32256
9
122472
70573265280
783820800
17414258688
153118780920
729
9876142080
36288
50577408
1416167424
635040
96768
806215680
44089920
881798400000
486091368000
2755620
86416243200
46820229120
10241925120
6561
317447424000
9
206391214080
61222003200
585252864
9
648
413343
18370800
1625702400
11110659840
952560
41472
45148078080
81
2381400
729
1361055830400
497871360
178564176
4572288000
648
729
81
5832
81
80640
9069926400
45722880
3402
3969
105815808
4976640
9
9
9
567
36288
566870400
1137991680
88179840
211631616000
3072
20412
6298560
9
975421440
152409600000
648
13829760
729137052000
129600
648
209018880
9
729
81
282175488000
52488
41803776
6666395904
19914854400
40824
729
1111320
1451520
1143072
729
729
9
41472
61725888000
169344
66134880
81
952560
653184
2880541440
576
165957120
1928934
729
5000940
13655900160
5832
10206000
22394880
9
127008
16128
178605
2438553600
512
16595712
186624
729
39829708800
24192
92522938368
214326
9
257132413440
36741600000
22118400
31104
4608
4478976
24488801280
432
24192
25491013632
81
62219695104
9
81
729
9483264000
27311800320
48988800
122472
9
1259712
285768
22932357120
648
6718464
13934592
6481218240
4682022912
5103
9
635040
1097349120
17635968
9
31752
933120
731398864896
8360755200
133358400
22680
2257403904
26244000
12859560
648
158789846880
37933056
10032906240
677376
161280
81
17010
5103
5852528640
4444263936
98650030080
163296
11342131920
648
3584673792
423263232000
9
3048192000
11252115000
27869184000
15482880
44998172352
13226976
81
39366
249989846400
243045684000
555532992
764411904
1306368
258048
85050
266716800000
120960
1058158080
432081216
5184
9
1049760
43208121600
5184
24192
257191200
10584000
232190115840
1244160
5103
648
3888
39504568320
10077696
1679616
20736
9
24690355200
9
9
17781120
37340352000
5103
161280
19845
729
27216
5103
5103
308629440
9289728
9
2857680
207360
1599935016960
1219276800
54867456
13502538000
82335476160
29160
38407219200
81
1170505728
15554923776
2322432
9
1234517760
81
729
11202105600
4536
233280
1354752
914838624
81
81
5878656000
5832
4032
884902330368
9
367416
16329600
648
183708
4032
11110659840
19440000
81
16003008
4064256
46656
35721
3732480
169344
190512
14338695168
2601123840
740880
9185400
216760320
1306368
880803840
889056
23524421760
24192
22680
81
36288
453496320
9953280
881798400
66134880
9
122903101440
44789760
61725888000
648
370355328
145152
40824
127008
2194698240
41664974400
699971569920
225792
32920473600
5184
35721
1524096
9
4480842240
5832
197568
9
53569252800
2032128
113421319200
81
2025000
512096256000
1814400
261213880320
31104
72
9
518400
7620480
81
90720
3969
9
81
216760320
576
52254720
56899584000
1680315840
16200
648
648
2176782336
48988800000
81
23328
284497920
190512000
17006112
27648
55099802880
412876800
14631321600
54623600640
9
81
81
197568
104044953600
146313216
9
5832
190512
5184
4608
23224320
81
9
696729600
771573600
205752960
30481920
244944
193536
188116992
40310784
729
4032
201600
729
1049760
4374
9
302330880
81
2612736000
3919104
36288
7440174
5556600
12446784
25920
129048256512
729
183708
9
21946982400
81
245806202880
1706987520
322620641280
729
7803371520
3024
31104
648
104162436
84687918336
54419558400
1440270720
5184
5184
81
7803371520
81
9
602112
285768
43893964800
666639590400
10668672
342843217920
729
28224
104976000
1928934
109734912
576
36864
60466176
9
113400
26784626400
9
4536
7962624
22394880
41472
290304
161243136
4032
9
188195374080
632073093120
80621568000
161280
4536
163870801920
32256
729
15362887680
420078960
4898880
1536288768
14999390784
933508800
118513704960
81
81
107495424
4608
5184
18811699200
2539579392
81
50791587840
816480
27783
729137052000
1143072
576
504
933120
1306368
4608
648
895795200
24106163760
7407106560
6249746160
2985984
729
65028096000
1524096
648
81
41617981440
81
81648
2048385024
40824
5186160
81
117050572800
5832
551124000
9
9
282175488
4335206400
129624364800
9
2500470000
15676416
7501410
71345111040
188956800000
165888
96018048
9
9
398297088
648
592704
30862944
918540
885104640
88885278720
81
3584673792
329204736
25515
120932352000
573308928
15431472000
21604060800
653184
297271296
10287648
118513704960
2194698240
52488
512
40131624960
729
18600435
12802406400
29160
2322432
648
2304
5038848
9
84276412416
677376
36288
348364800
967680
2286144
54190080
123451776000
25092716544
204120
70543872000
648
94058496
24192
9
522547200
246903552
88885278720
729
13716864
1741824000
729
648
258048
31104
29760696
3359232
9
9
31104
648
9
5832
22574039040
1032192
62720
254016
81
3429216000
30862944000
677376
24998984640
576
97200
78364164096
787320
1679616000
15049359360
20321280
11379916800
25395793920
51209625600
243855360
81
432081216000
8266860000
18895680
7166361600
1000188
96786192384
40131624960
63
325140480
4133430
16052649984
7315660800
197568
9
289340100
130056192
7524679680
6350400
5184
729
729
285768
9
2580480
27216
4374
81
487710720
6350400
2361960
156764160
68040
10450944
435637440
17010
640120320000
81
31104
648
7225344
729
81
580608
169344
41664974400
2240421120
729
31752
40824
22680
4837294080
2080899072
217728
447897600
729
56435097600
47617113600
240045120
32262064128
39998375424
81
79009136640
648
19906560
129624364800
30474952704
4064256
2149908480
111132000000
33606316800
42865200000
90016920
12859560
1511654400
122472000
90296156160
4180377600
81
32805
583200
444528
1714608
285768
714420
14929920
149299200
278691840
266655836160
254016
1959552
568865783808
580717154304
2286144
933508800
15309000
13824000
2667168
1620304560
81
1410877440
5184
1354752
9
203166351360
82944
17557585920
385786800
9
5103
5184
9
648
1111320
533311672320
165957120
648
19440
448
497664
23514624
32805
355541114880
9
3024
220449600
617258880
81
9
529079040
172872
571405363200
67737600
15682947840
2939328
103699491840
5080320
5833096416
453496320
12597120000
806551603200
5225472
13335840000
2709504
9
9
9
729
104976
53569252800
648
261382464000
729
648
622339200
164602368
169344
81
9
81
497664
308629440
504094752
142248960
9
1567641600
729
1016064
334430208
185794560
3528
81
30862944
9
833490
8064000
648
155549237760
6967296
108020304000
257191200
81
9
233280
2645395200
34292160
379243855872
40824
253957939200
94080
9
8037225
36870930432
86416243200
122472000
51849745920
72
7620480
6858432
75866112
313528320
1280240640
326592
24192
4114118615040
26453952
2341011456
9
19110297600
813189888
846720
17781120
4013162496
29160
53747712000
22680
5103
881596846080
5832
57153600
29160
12345177600
158760
5184
9
1959552
23514624
619573248
42343959168
648
648
40824
9
576
5184
254016
576
81
1959552
729
373248
648
45927
2239488
5184
3674160
160030080
46656
303807105
25515
648
211631616000
1028764800
4081466880
81
384072192
2571912
58525286400
24192
729
136080
21168000
38578680
102876480
5248800
983224811520
555660
1234517760
398297088
5184
229376
1734082560
3265920
839808
9
648
48372940800
5601052800
518497459200
30725775360
450084600
31104
22226400
4536
9
5290790400
7407106560
514382400
175616
18432
80263249920
5184
5643509760
9
604913702400
4898880
112870195200
64012032
43545600
1393459200
9
1028529653760
432081216
12192768
46656
98304
81
4536
10001880
46656
288054144
4762800
648
6096384000
82335476160
81
57610828800
1143072
8957952
30618
729
9
27783
36288
254016
81
9
4608
1428840
857304
143327232000
37200870000
9001692
5103
12859560
221184
23514624
54432000
72
5832
81
277453209600
6773760
190512
680400
9
9
6348948480
8817984
648
81
746496000
78364164096
2799360000
148176
41287680000
14696640
10886400
91854000
9
31752
6531840
9
648
8001504000
5832
128024064
914248581120
170698752
648
230443315200
9
9
46656
5184
153090
9
3888
1179648
453496320
33592320
272097792
4115059200
81
263363788800
426746880
24893568
35712835200
9144576000
907200
9
540101520
564350976
183708
6123600
9
53343360
250047
32262064128
88179840
10077696
79027200
45519667200
72
17146080
648
162030456000
118013952000
26244000
228614400
1722262500
9
8398080
293865615360
576
8817984000
44590694400
105345515520
4536
648
2032128
278691840
829595934720
121927680
8609344200
3749847696
166698
1045094400
236294415000
32006016000
39191040
98761420800
4032
19508428800
1147912560
944784
6429780
186701760
18496880640
5832
9
264539520
88179840
181398528
648
972405
18966528
5806080
81
4608
30005640
4374
59256852480
9
129024
226748160
653184
1049760
69672960
7558272
166698000
729
17280
5184
2519424
35271936000
393216
1000188
640120320
41150592
1289945088
5374771200
2612736
377913600
729
4064256000
787320000
714256704000
27783
7838208
9
4032
5184
648
2821754880
2835532980
4536852768
10287648
81
27783
1542794480640
21946982400
1959552
161310320640
729
729
256842399744
81
592568524800
127008
73741860864
4161798144
729
29160
81
9
5184
632073093120
1451520
34992
3968092800
161310320640
9
7962624
771573600
217818720000
49997969280
3292047360
238978252800
193536
849346560
158760
2438553600
4608
25604812800
4032
81
94058496
81
9
648
4536
5832
5881105440
3901685760
42674688
81
81
952342272
362797056
13226976
94478400
162030456
14046068736
42674688
9
411411861504
81
225792
9
5878656
46656
1607445
139968
138883248000
17836277760
5511240
5184
41803776
29160
56899584
73156608000
419904
648000
1339231320
81
109734912000
138915
1097349120
948326400
32006016
1032192000
1991485440
66913910784
576108288
81
365783040
186624
5832
41472
666792
13547520
81
81
1741824
217728
47405481984
933508800
4608
362880
81
81
81
205752960000
800150400
6561
176359680
3950456832
6667920
576
9
762048
207398983680
14402707200
12446784
81
648
567
110224800
2520473760
4608
399983754240
96018048
4761711360
11022480
729
12644352
37623398400
61725888
933120
3499200
2519424000
648
9
15116544
2835
705600
21069103104
514382400
1741824
81
3888
79626240
177770557440
31752
6913299456
81
36288
81
81
5184
7085880
72
846526464
286978140
4374
133327918080
47405481984
81
1428513408
6096384000
885735
70888324500
146313216000
125440
33592320
8465264640
5184
35721
729
9
729
9
1417176
308629440
2449440
42865200
5290790400
705600
9
560105280
474054819840
39998375424
558013050
5103
299987815680
141087744
40310784000
51438240
567
7001316000
21168
1269789696
20003760
576
648
5878656
52672757760
1114767360
41821194240
149824733184
648
648
190512000
740710656
314928
296352000
30725775360
799967508480
31752
183708
3810240
9
266716800000
9
103699491840
5103
1548288
5103
81
6967296
16387080192
31104
4572288
470400
11668860
648
972182736000
264539520
81
86016
124416
2786918400
22221319680
36288
126978969600
81
2133246689280
640120320
680244480
235092492288
46448640
40824
31104
4761711360
207398983680
9
116640
113374080
5334336
548674560000
217728
1102248
10749542400
16052649984
9
29760696
52254720
661348800
682795008000
16803158400
266716800
1229312
137168640
6858432
175616
75278149632
10534551552
70013160
153090
3468165120
30481920
933120
81
7112448000
9
729
113799168000
648
5806080
5143824
5878656
4444263936
326592
9144576000
1244160
504
7440174
19999187712
40824
84672
648
1128701952
5184
648
136080
7644119040
587865600
23044331520
1428840
26127360
190512
648
1990656000
65318400
13276569600
5186160
9
20412
13271040
1587237120
2520
729
12802406400
9
30481920
836075520
21772800
177770557440
4000752
154314720
41150592
209952
816480
31752
870912
81
105345515520
45712429056
32256
5103
320060160
116530348032
107540213760
61451550720
8164800
372008700
168591360
16128
8930250000
2204496000
21168
34992
214326000
71425670400
17557585920
816480
84672000
12152284200
2548039680
648
18895680
50409475200
81
9
3483648
12345177600
729
2322432
81
5184
10501974
10158317568
9
4032
648
31104
81
81
285768
248878780416
729
81
81
5035261952
51039593640
468202291200
38707200
1259712
448
46448640
408316749120
60963840
31104
9
3969
486
16796160000
46820229120
4536
714420
648
107017666560
17635968
1469664
729
20163790080
30618
2777664960
729
1218998108160
648
250047
3969
25920
70543872
33339600000
22680
1587237120
81
783820800
648
81
2675441664
3919104
3584673792
81
10369949184
141087744
4682022912
180592312320
10534551552
31752
123451776
52672757760
729
4115059200
31752
5486745600
1049760
455196672
617258880
43008
164602368
14696640
720135360
1161216
34992
793618560
9
1137991680
576
648
13608000
10368
1322697600
360067680
729
193536
81
257989017600
