PE 895: Goldbach's Other Comet / 哥德巴赫的另一彗星

=== Goldbach partitions for 2n (standard comet) ===
  G( 4) =  1 : 2+2
  G( 6) =  1 : 3+3
  G( 8) =  1 : 3+5
  G(10) =  2 : 3+7 5+5
  G(12) =  1 : 5+7
  G(14) =  2 : 3+11 7+7
  G(16) =  2 : 3+13 5+11
  G(18) =  2 : 5+13 7+11
  G(20) =  2 : 3+17 7+13
  G(22) =  3 : 3+19 5+17 11+11
  G(24) =  3 : 5+19 7+17 11+13
  G(26) =  3 : 3+23 7+19 13+13
  G(28) =  2 : 5+23 11+17
  G(30) =  3 : 7+23 11+19 13+17
  G(32) =  2
  G(34) =  4
  G(36) =  4
  G(38) =  2
  G(40) =  3
  G(42) =  4
  G(44) =  3
  G(46) =  4
  G(48) =  5
  G(50) =  4

=== Variation: p + 2q = n ===
  G_2(10) = 0
  G_2(12) = 1 : 2+2*5
  G_2(14) = 0
  G_2(16) = 1 : 2+2*7
  G_2(18) = 0
  G_2(20) = 0
  G_2(22) = 0
  G_2(24) = 1 : 2+2*11
  G_2(26) = 0
  G_2(28) = 1 : 2+2*13
  G_2(30) = 0
  G_2(32) = 0
  G_2(34) = 0
  G_2(36) = 1 : 2+2*17
  G_2(38) = 0
  G_2(40) = 1 : 2+2*19

=== Variation: p + 3q = n ===
  G_3(10) = 0
  G_3(12) = 1
  G_3(14) = 1
  G_3(16) = 1
  G_3(18) = 1
  G_3(20) = 2
  G_3(22) = 2
  G_3(24) = 1
  G_3(26) = 3
  G_3(28) = 3
  G_3(30) = 0
  G_3(32) = 3
  G_3(34) = 2
  G_3(36) = 1
  G_3(38) = 4
  G_3(40) = 3

=== Sum of G(2n) for n ≤ N ===
  N=10: ΣG=14
  N=20: ΣG=43
  N=50: ΣG=188
  N=100: ΣG=580

=== Goldbach's other comet (G² sum) ===
  N=10: ΣG²=24
  N=20: ΣG²=113
  N=50: ΣG²=886
  N=100: ΣG²=4314

=== Goldbach comet statistics (N=100) ===
  n range: 2 to 100
  Max G(2n): 14
  Distribution of G values:
    G=1: 4 numbers
    G=2: 9 numbers
    G=3: 11 numbers
    G=4: 11 numbers
    G=5: 16 numbers
    G=6: 13 numbers
    G=7: 8 numbers
    G=8: 10 numbers
    G=9: 4 numbers
    G=10: 3 numbers

=== PE Answer ===
670785433
