official answers for 140 problems, 1 conflicts
  ... 50/968 (21s)
  ... 100/968 (41s)
  ... 150/968 (62s)
  ... 200/968 (87s)
  ... 250/968 (112s)
  ... 300/968 (133s)
  ... 350/968 (158s)
  ... 400/968 (178s)
  ... 450/968 (197s)
  ... 500/968 (220s)
  ... 550/968 (244s)
  ... 600/968 (264s)
  ... 650/968 (284s)
  ... 700/968 (309s)
  ... 750/968 (331s)
  ... 800/968 (352s)
  ... 850/968 (374s)
  ... 900/968 (395s)
  ... 950/968 (418s)
  ... 968/968 (427s)

===== 汇总（001-968）=====
OK: 968  [001,002,003,004,005,006,007,008,009,010,011,012,013,014,015,016,017,018,019,020,021,022,023,024,025,026,027,028,029,030,031,032,033,034,035,036,037,038,039,040 ...共968]
NO_SAMPLE: 617  [018,019,020,041,042,043,172,173,174,175,244,245,252,253,254,255,256,257,258,259,260,268,269,270,273,274,275,276,277,278,279,280,297,298,300,308,309,310,311,312 ...共617]
NO_EMBEDDED: 62  [180,184,244,245,267,270,317,323,369,391,392,393,394,395,439,440,458,459,460,461,462,463,547,562,564,565,584,716,717,718,719,720,723,726,727,728,729,736,737,751 ...共62]
DATA_BAD: 18  [007,015,024,096,124,126,166,175,207,249,282,318,320,356,446,514,824,938]
EMBED_MISMATCH: 8  [284,592,683,687,714,722,815,855]
PROBE_SLOW: 4  [184,461,927,931]
NO_CONSTRAINTS: 1  [006]
JSON -> F:\Project\PE_problem_sets\_tools\audit\result_001-968.json
