targets: 565
added>=2: 315  added==1: 135  added==0: 115
  NONE 004: ['no_valid_point']
  NONE 024: ['[1 1 1]empty0', '[10 100 1000]TLE_RC3221225620', '[1000 10000 100000]TLE_RC3221225477']
  NONE 032: ['[1]empty0', '[10]empty0', '[1000]TLE_RC-1']
  NONE 033: ['no_valid_point']
  NONE 037: ['no_valid_point']
  NONE 038: ['[1 1]empty0', '[10 100]empty0', '[1000 10000]empty0']
  NONE 041: ['no_valid_point']
  NONE 043: ['no_valid_point']
  NONE 045: ['[10]TLE_RC-1', '[1000]TLE_RC-1', 'no_valid_point']
  NONE 046: ['[10]TLE_RC-1', '[1000]TLE_RC-1', 'no_valid_point']
  NONE 047: ['[10]empty0', '[1000]empty0', 'no_valid_point']
  NONE 049: ['[1]empty0', '[10]TLE_RC-1', '[1000]TLE_RC3221225477']
  NONE 051: ['[10 100]TLE_RC-1', '[1000 10000]TLE_RC-1', 'no_valid_point']
  NONE 052: ['[10]TLE_RC-1', '[1000]TLE_RC-1', 'no_valid_point']
  NONE 059: ['[1]empty0', '[10]empty0', '[1000]empty0']
  NONE 060: ['no_valid_point']
  NONE 063: ['no_valid_point']
  NONE 068: ['no_valid_point']
  NONE 090: ['no_valid_point']
  NONE 093: ['no_valid_point']
  NONE 098: ['[1]empty0', '[10]empty0', '[1000]empty0']
  NONE 099: ['no_valid_point']
  NONE 104: ['no_valid_point']
  NONE 107: ['[1 1]empty0', '[10 100]TLE_RC3221226505', '[1000 10000]TLE_RC3221226505']
  NONE 118: ['[1]empty0', '[10]TLE_RC-1', '[1000]TLE_RC-1']
  NONE 135: ['[1 1]empty0', '[10 100]empty0', '[1000 10000]empty0']
  NONE 151: ['no_valid_point']
  NONE 152: ['[1]empty0', '[10]empty0', '[1000]empty0']
  NONE 156: ['no_valid_point']
  NONE 158: ['no_valid_point']
  NONE 161: ['[1 1]empty0', '[10 100]empty0', '[1000 10000]empty0']
  NONE 166: ['no_valid_point']
  NONE 170: ['[1]TLE_RC3221226505', '[10]TLE_RC3221226505', '[1000]TLE_RC3221226505']
  NONE 185: ['no_valid_point']
  NONE 189: ['no_valid_point']
  NONE 194: ['[1 1 1]empty0', '[10 100 1000]TLE_RC-1', '[1000 10000 100000]TLE_RC-1']
  NONE 214: ['[1 1]empty0', '[10 100]empty0', '[1000 10000]empty0']
  NONE 218: ['[1]empty0', '[10]empty0', '[1000]empty0']
  NONE 231: ['[1 1]empty0', '[10 100]empty0', '[1000 10000]empty0']
  NONE 236: ['[10]empty0', '[1000]empty0', '[100000]empty0']
