total=257 match=0 mismatch=257 err=0
--- mismatches ---
[439] got='968697378680021' official='968697378'
[458] got='4233418411752484521' official='423341841'
[460] got='129825214491545105' official='18.420738199'
[468] got='852950321297' official='852950321'
[493] got='6.458740616' official='6.818741802'
[494] got='28800671344' official='2880067194446832666'
[496] got='666577909' official='2042473533769142717'
[498] got='4722948372011400' official='472294837'
[499] got='0.00097874' official='0.8660312'
[502] got='1201932627' official='749485217'
[512] got='5066059188205026' official='50660591862310323'
[515] got='448552909' official='2422639000800'
[517] got='581468882950687' official='581468882'
[520] got='238413705354785' official='238413705'
[524] got='560744502' official='2432925835413407847'
[525] got='30.22902550' official='44.69921807'
[526] got='496011842867' official='49601160286750947'
[527] got='11.49284729' official='11.92412011'
[529] got='23624465366' official='23624465'
[530] got='258416372748' official='207366437157977206'
[532] got='8130374923' official='827306.56'
[533] got='45374713' official='789453601'
[536] got='75874595' official='3557005261906288'
[538] got='224728253679477182' official='22472871503401097'
[539] got='134426190' official='426334056'
[540] got='500000000210' official='500000000002845'
[542] got='85867114' official='697586734240314852'
[543] got='1990075970818614370' official='199007746081234640'
[548] got='121440001719294385' official='12144044603581281'
[549] got='2926823600' official='476001479068717'
[551] got='73567276' official='73597483551591773'
[556] got='52121385' official='52126939292957'
[557] got='108878932306682434' official='2699929328'
[559] got='684463067' official='684724920'
[561] got='45248099998823554' official='452480999988235494'
[562] got='51208711' official='51208732914368'
[565] got='29924808519531668' official='2992480851924313898'
[566] got='238736755204627' official='329569369413585'
[569] got='21079460' official='21025060'
[570] got='271197030' official='271197444'
[571] got='3051039070197896' official='30510390701978'
[572] got='197376647192681' official='19737656'
[574] got='57804459920512' official='5780447552057000454'
[576] got='398149376813293' official='344457.5871'
[578] got='345972989065552' official='9219696799346'
[579] got='380552632087080' official='3805524'
[582] got='199029329684864' official='19903'
[583] got='11741372990012608' official='1174137929000'
[585] got='177144240686192069' official='17714439395932'
[588] got='11651914152793763' official='11651930052'
[591] got='526007984592979520' official='526007984625966'
[592] got='1343142131621850738' official='13415DF2BE9C'
[597] got='372810188163.3615' official='0.5001817828'
[598] got='543194779342233060' official='543194779059'
[599] got='26032424610' official='12395526079546335'
[600] got='7105371060687586' official='2668608479740672'
[604] got='1170060' official='1398582231101'
[619] got='3268573801' official='857810883'
[620] got='1470339999' official='1470337306'
[623] got='3999787880' official='3679796'
[624] got='984568441' official='984524441'
[626] got='6955777866634773' official='695577663'
[627] got='1619163' official='220196142'
[636] got='888315' official='888316'
[637] got='490006329594' official='49000634845039'
[639] got='806257' official='797866893'
[642] got='631499044201325' official='631499044'
[644] got='20.21203679' official='20.11208767'
[645] got='488895204' official='48894.2174'
[647] got='563132994' official='563132994232918611'
[648] got='30148308' official='301483197'
[652] got='983358497' official='983924497'
[653] got='1130671207' official='1130658687'
[656] got='8888730' official='888873503555187'
[659] got='796144972' official='238518915714422000'
[660] got='400107221768' official='474766783'
[661] got='64623107552738' official='646231.2177'
[663] got='1884138010064755360' official='1884138010064752'
[665] got='11541685717053880' official='11541685709674'
[666] got='480641715' official='0.48023168'
[667] got='4982.199083' official='1.5276527928'
[669] got='197912312715' official='56342087360542122'
[670] got='480040715688783' official='551055065'
[673] got='70032538033373' official='700325380'
[675] got='41653068862124600' official='416146418'
[676] got='2668608479740672' official='3562668074339584'
[680] got='563420605084' official='563917241'
[681] got='26112239' official='2611227421428'
[687] got='3285320869' official='0.3285320869'
[696] got='437639930612237491' official='436944244'
[697] got='4344921.87255719' official='4343871.06'
[702] got='62230560818495448' official='622305608172525546'
[704] got='501985601188027' official='501985601490518144'
[712] got='4130210' official='413876461'
[716] got='23817519' official='238948623'
[718] got='228490116' official='228579116'
[720] got='688394659003509' official='688081048'
[722] got='3.376792776' official='3.376792776502e132'
[723] got='1390820171' official='1395793419248'
[724] got='18128201710' official='18128250110'
[726] got='57804030' official='578040951'
[727] got='3.64026184' official='3.64039141'
[728] got='709537650' official='709874991'
[729] got='3085833.7242' official='308896374.2502'
[731] got='2.12685887' official='6086371427'
[734] got='128088830560082' official='557988060'
[735] got='21295121502511' official='174848216767932'
[737] got='75779467' official='757794899'
[738] got='143155974' official='143091030'
[739] got='7113990164573665086' official='711399016'
[740] got='0.01887408' official='0.0189581208'
[744] got='8.56605648' official='0.0001999600'
[746] got='8671505' official='867150922'
[751] got='2.18922322' official='2.223561019313554106173177'
[752] got='56158650' official='5610899769745488'
[754] got='1999092' official='785845900'
[766] got='26137442150' official='2613742'
[768] got='789215551' official='14655308696436060'
[769] got='0.53568305' official='14246712611506'
[770] got='1273112231728726740' official='127311223'
[771] got='205836930055736842' official='398803409'
[773] got='55620670' official='556206950'
[774] got='1064883765' official='459155763'
[776] got='201773590' official='9.627509725002e33'
[777] got='0.000238077' official='2.533018434e23'
[780] got='314079.9802' official='613979935'
[781] got='322512059' official='162450870'
[782] got='325499120' official='318313204'
[783] got='506132494' official='136666597'
[784] got='5834231041212316' official='5833303012576429231'
[785] got='295269766' official='29526986315080920'
[786] got='18999616' official='45594532839912702'
[787] got='202676543' official='202642367520564145'
[789] got='174047818579065' official='13431419535872807040'
[790] got='73597483551591773' official='16585056588495119'
[791] got='40454087' official='404890862'
[792] got='475019340' official='2500500025183626'
[793] got='4758086501311202972' official='475808650131120'
[794] got='56375722' official='8.146681749623'
[796] got='42.52546609' official='43.20649061'
[797] got='16436913' official='47722272'
[798] got='19.16212503' official='132996198'
[799] got='209566086' official='1096910149053902'
[801] got='7937995' official='638129754'
[802] got='139786440370676700' official='973873727'
[803] got='150056452701858318' official='9300900470636'
[804] got='721014409585053' official='4921370551019052'
[805] got='7007143846988468270' official='119719335'
[806] got='773410946' official='94394343'
[807] got='240.6377473' official='0.1091523673'
[808] got='380750427699465' official='3807504276997394'
[809] got='152246599' official='75353432948733'
[810] got='12413689438106832' official='124136381'
[811] got='268760823' official='327287526'
[812] got='979856593' official='986262698'
[813] got='42867443257356715' official='14063639'
[814] got='5432077145175621' official='307159326'
[815] got='2.63959319' official='54.12691621'
[817] got='253868223968' official='93158936107011'
[818] got='17423445763272143' official='11871909492066000'
[819] got='336745654331992' official='1995.975556'
[821] got='139851300873331129' official='9219661511328178'
[822] got='1098139348878744681' official='950591530'
[823] got='5610899769.176' official='865849519'
[824] got='0.624433075018' official='26532152736197'
[825] got='963329187' official='32.34481054'
[826] got='23.77311635' official='0.3889014797'
[827] got='34981821048' official='397289979'
[828] got='764545780025915' official='148693670'
[829] got='883344930' official='41768797657018024'
[830] got='6822681719333421' official='254179446930484376'
[831] got='223153684303778' official='5226432553'
[832] got='595318643547' official='552839586'
[833] got='928306910' official='43884302'
[834] got='151813236553797599' official='1254404167198752370'
[835] got='636431039' official='1050923942'
[836] got='apr2024' official='aprilfoolsjoke'
[837] got='572410.960905' official='428074856'
[838] got='3610283147900864' official='250591.442792'
[839] got='229260851949018' official='150893234438294408'
[840] got='0.277319553' official='194396971'
[841] got='540610990902316' official='381.7860132854'
[842] got='299724841336576' official='885226002'
[843] got='1591033983566' official='2816775424692'
[844] got='280245879518483' official='101805206'
[845] got='15705580991' official='45009328011709400'
[846] got='159410499132' official='9851175623'
[847] got='5090123' official='381868244'
[848] got='50500744' official='188.45503259'
[849] got='68321107' official='936203459'
[850] got='21469108' official='878255725'
[851] got='169796973644' official='726358482'
[852] got='544106376' official='130.313496'
[854] got='566225932' official='29894398'
[855] got='999998093600' official='6.8827571976e-57'
[856] got='2.59149127' official='17.09661501'
[857] got='697354363' official='966332096'
[858] got='930235231314' official='973077199'
[859] got='18989964' official='1527162658488196'
[860] got='71743330777707' official='958666903'
[861] got='1940527636228617032' official='672623540591'
[862] got='380463671' official='6111397420935766740'
[863] got='264577536823' official='3862.871397'
[864] got='779724178' official='110572936177'
[865] got='0.776767313' official='761181918'
[866] got='370223510432700' official='492401720'
[867] got='631682239' official='870557257'
[868] got='636384916' official='3832914911887589'
[870] got='84618346' official='229.9129353234'
[871] got='497300941' official='2848790'
[872] got='622370484708689' official='2903144925319290239'
[873] got='644288016' official='735131856'
[874] got='75640242' official='4992775389'
[875] got='130702327' official='79645946'
[876] got='316086996128331296' official='457019806569269'
[877] got='178741697' official='336785000760344621'
[878] got='741406445589310' official='23707109'
[879] got='395147478' official='4350069824940'
[880] got='0.587259697' official='522095328'
[881] got='183182007700' official='205702861096933200'
[882] got='245143924' official='15800662276'
[883] got='196246694' official='14854003484704'
[884] got='966580193' official='1105985795684653500'
[885] got='827759707' official='827850196'
[886] got='178245463' official='5570163'
[887] got='60.9112535' official='39896187138661622'
[888] got='350608994' official='227429102'
[889] got='0.00801483' official='424315113'
[890] got='120592557' official='820442179'
[891] got='7541783' official='1541414'
[892] got='34683298' official='469137427'
[893] got='0.99993832' official='26688208'
[894] got='85516249' official='0.7718678168'
[895] got='66687705' official='670785433'
[896] got='0.04860463' official='274229635640'
[897] got='460088576432531620' official='1.599827123'
[898] got='0.69233750' official='0.9861343531'
[899] got='0.13790397' official='10784223938983273'
[900] got='840282274715517044' official='646900900'
[903] got='3.87342933' official='128553191'
[904] got='795638489' official='880652522278760'
[905] got='40489374' official='70228218'
[907] got='31875000' official='196808901'
[908] got='898438666' official='451822602'
[909] got='463372544' official='399885292'
[910] got='128811200' official='547480666'
[911] got='21.303979' official='5679.934966'
[912] got='562685338' official='674045136'
[914] got='66514746' official='414213562371805310'
[915] got='60112743' official='55601924'
[916] got='17636154' official='877789135'
[917] got='836245588' official='9986212680734636'
[920] got='35060524' official='1154027691000533893'
[922] got='76068739' official='858945298'
[923] got='337906707' official='740759929'
[924] got='468465968' official='811141860'
[925] got='275586123' official='400034379'
