total=968 with_issues=90
issue types: {'SAMPLE1': 77, 'SAMPLE2': 23, 'SAMPLE3': 3, 'SAMPLE4': 1}
[008] SAMPLE1_WRONG: '378' vs '126'
[011] SAMPLE1_WRONG: '256' vs '24'
[054] SAMPLE1_WRONG: '2' vs '3'
[059] SAMPLE1_WRONG: token count 0 vs 1
[077] SAMPLE1_WRONG: '11' vs '10'
[081] SAMPLE1_WRONG: '498' vs '580'
[082] SAMPLE1_WRONG: '217' vs '263'
[083] SAMPLE1_WRONG: '498' vs '397'
[092] SAMPLE1_WRONG: '80' vs '18'
[109] SAMPLE1_WRONG: '22' vs '11'
[111] SAMPLE2_WRONG: '0' vs '17'
[133] SAMPLE1_WRONG: '915' vs '942'
[134] SAMPLE1_WRONG: '69155' vs '488356'
[135] SAMPLE1_WRONG: '8' vs '6'
[136] SAMPLE1_WRONG: '25' vs '10'
[139] SAMPLE1_WRONG: '9' vs '8'
[149] SAMPLE1_WRONG: '486722' vs '（待验证）'
[150] SAMPLE1_WRONG: '-153582' vs '（待验证）'
[152] SAMPLE1_WRONG: '0' vs '301'
[153] SAMPLE1_WRONG: '33' vs '35' | SAMPLE2_WRONG: '16233770548333779' vs '17971254122360698165'
[155] SAMPLE2_TLE
[157] SAMPLE2_WRONG: token count 1 vs 3
[159] SAMPLE1_WRONG: token count 1 vs 4
[161] SAMPLE1_WRONG: '3' vs '11'
[162] SAMPLE2_WRONG: '106' vs '10C'
[164] SAMPLE2_WRONG: '5445' vs '2079'
[165] SAMPLE1_WRONG: '0' vs '1' | SAMPLE2_WRONG: '5' vs '14'
[167] SAMPLE1_WRONG: '256' vs '731' | SAMPLE2_TLE
[168] SAMPLE1_WRONG: '0' vs '87491'
[169] SAMPLE2_WRONG: '19' vs '788'
[170] SAMPLE1_RUNTIME_FAIL rc=3221226505
[178] SAMPLE1_WRONG: '1' vs '0'
[192] SAMPLE1_WRONG: '0' vs '57060635927998347'
[194] SAMPLE1_TLE
[195] SAMPLE3_TLE
[197] SAMPLE1_WRONG: '-0.290000000' vs '...'
[200] SAMPLE1_WRONG: '200' vs '1992008'
[201] SAMPLE1_WRONG: '910' vs '156'
[206] SAMPLE1_WRONG: '0' vs '11' | SAMPLE2_WRONG: '140' vs '40'
[207] SAMPLE1_WRONG: '30' vs '6'
[211] SAMPLE1_WRONG: '43' vs '287'
[213] SAMPLE1_WRONG: '1.000000' vs '0.500000'
[216] SAMPLE1_WRONG: '7' vs '4'
[217] SAMPLE3_WRONG: '4771029' vs '334795890'
[223] SAMPLE1_WRONG: '547' vs '11'
[224] SAMPLE1_WRONG: '188' vs '12'
[232] SAMPLE1_WRONG: '0.82787644' vs '0.83648566'
[234] SAMPLE1_WRONG: '30' vs '0'
[237] SAMPLE1_WRONG: '0' vs '2329'
[239] SAMPLE1_WRONG: '0.001887854841' vs '0.001750680826'
[241] SAMPLE1_WRONG: '2' vs '246'
[246] SAMPLE1_WRONG: '109911446' vs '46342844' | SAMPLE2_WRONG: '295598856' vs '810834388'
[247] SAMPLE2_WRONG: '48551' vs '782252'
[261] SAMPLE1_WRONG: '61' vs '49' | SAMPLE2_WRONG: '587' vs '159'
[262] SAMPLE1_WRONG: '2769.753' vs '721.326' | SAMPLE2_WRONG: '2767.820' vs '738.945'
[263] SAMPLE1_TLE | SAMPLE2_TLE
[264] SAMPLE1_WRONG: '116.2732' vs '291.0089' | SAMPLE2_WRONG: '245.7159' vs '1563.0658'
[272] SAMPLE1_WRONG: '154' vs '91'
[283] SAMPLE1_WRONG: '2796' vs '162'
[284] SAMPLE1_WRONG: '61' vs '18'
[287] SAMPLE1_WRONG: '30' vs '16'
[288] SAMPLE1_WRONG: token count 1 vs 4
[290] SAMPLE1_WRONG: token count 1 vs 8
[296] SAMPLE1_WRONG: '77' vs '45'
[301] SAMPLE1_WRONG: '7' vs '2' | SAMPLE2_WRONG: '33' vs '5'
[304] SAMPLE1_WRONG: token count 1 vs 5
[305] SAMPLE1_WRONG: '2414' vs '（依赖实际搜索结果）'
[307] SAMPLE2_WRONG: '0.0972853583' vs '0.0008590669'
[317] SAMPLE2_WRONG: '0.3537' vs '0.3533' | SAMPLE3_WRONG: '38733073.6335' vs '80304836.5633'
[318] SAMPLE1_WRONG: '0' vs '1' | SAMPLE2_WRONG: '4' vs '8'
[322] SAMPLE1_TLE
[323] SAMPLE1_WRONG: '2.0000000000' vs '1.0000000000'
[324] SAMPLE4_WRONG: '6120780' vs '24806056'
[341] SAMPLE1_WRONG: '14' vs '10'
[342] SAMPLE1_WRONG: '158' vs '50'
[344] SAMPLE1_WRONG: '252' vs '324'
[371] SAMPLE1_WRONG: '40.66368097' vs '5.92603501'
[377] SAMPLE1_WRONG: '856884757' vs '383'
[379] SAMPLE1_WRONG: '29' vs '32'
[381] SAMPLE1_WRONG: '0' vs '480'
[384] SAMPLE1_WRONG: '1' vs '29'
[391] SAMPLE1_WRONG: '0' vs '8150'
[392] SAMPLE1_WRONG: '0' vs '3.3469640797'
[393] SAMPLE1_WRONG: '0' vs '88'
[394] SAMPLE1_WRONG: '0' vs '1.2676536759' | SAMPLE2_WRONG: '0' vs '2.1215732071'
[398] SAMPLE1_WRONG: '0.00000' vs '2.00000' | SAMPLE2_WRONG: '0.00000' vs '2.28571'
[400] SAMPLE2_WRONG: token count 5 vs 1
[562] SAMPLE1_WRONG: '5' vs '20'
[563] SAMPLE1_RUNTIME_FAIL rc=3221225477
[565] SAMPLE1_WRONG: '0' vs '150850429'
skeletons=623 with_data_but_no_sample=622
