=== PE 877: XOR Problem Analysis ===

--- XOR-product Table (small) ---
       0   1   2   3   4   5   6   7   8   9  10  11  12  13  14  15
 0:   0   0   0   0   0   0   0   0   0   0   0   0   0   0   0   0
 1:   0   1   2   3   4   5   6   7   8   9  10  11  12  13  14  15
 2:   0   2   4   6   8  10  12  14  16  18  20  22  24  26  28  30
 3:   0   3   6   5  12  15  10   9  24  27  30  29  20  23  18  17
 4:   0   4   8  12  16  20  24  28  32  36  40  44  48  52  56  60
 5:   0   5  10  15  20  17  30  27  40  45  34  39  60  57  54  51
 6:   0   6  12  10  24  30  20  18  48  54  60  58  40  46  36  34
 7:   0   7  14   9  28  27  18  21  56  63  54  49  36  35  42  45
 8:   0   8  16  24  32  40  48  56  64  72  80  88  96 104 112 120
 9:   0   9  18  27  36  45  54  63  72  65  90  83 108 101 126 119
10:   0  10  20  30  40  34  60  54  80  90  68  78 120 114 108 102
11:   0  11  22  29  44  39  58  49  88  83  78  69 116 127  98 105
12:   0  12  24  20  48  60  40  36  96 108 120 116  80  92  72  68
13:   0  13  26  23  52  57  46  35 104 101 114 127  92  81  70  75
14:   0  14  28  18  56  54  36  42 112 126 108  98  72  70  84  90
15:   0  15  30  17  60  51  34  45 120 119 102 105  68  75  90  85

--- Equation: (a⊗a) ⊕ (2⊗a⊗b) ⊕ (b⊗b) ===
LHS table (a=0..15, b=0..15):
       0   1   2   3   4   5   6   7   8   9  10  11  12  13  14  15
 0:   0   1   4   5  16  17  20  21  64  65  68  69  80  81  84  85
 1:   1   2   1   2  25  26  25  26  81  82  81  82  73  74  73  74
 2:   4   1   8  13   4   1   8  13 100  97 104 109 100  97 104 109
 3:   5   2  13  10  13  10   5   2 117 114 125 122 125 122 117 114
 4:  16  25   4  13  32  41  52  61  16  25   4  13  32  41  52  61
 5:  17  26   1  10  41  34  57  50   1  10  17  26  57  50  41  34
 6:  20  25   8   5  52  57  40  37  52  57  40  37  20  25   8   5
 7:  21  26  13   2  61  50  37  42  37  42  61  50  13   2  21  26
 8:  64  81 100 117  16   1  52  37 128 145 164 181 208 193 244 229
 9:  65  82  97 114  25  10  57  42 145 130 177 162 201 218 233 250
10:  68  81 104 125   4  17  40  61 164 177 136 157 228 241 200 221
11:  69  82 109 122  13  26  37  50 181 162 157 138 253 234 213 194
12:  80  73 100 125  32  57  20  13 208 201 228 253 160 185 148 141
13:  81  74  97 122  41  50  25   2 193 218 241 234 185 162 137 146
14:  84  73 104 117  52  41   8  21 244 233 200 213 148 137 168 181
15:  85  74 109 114  61  34   5  26 229 250 221 194 141 146 181 170

--- GF(2) Polynomial Interpretation ---

PE answer: 336785000760344621
