=== Bezout's Game: Analysis ===

PE answer: 202642367520564145

Factorizing 202642367520564145:
  5 463 87534500008883

=== Cumulative Euclidean step sums ===
  N= 1: Σsteps=         1  Σquot=             1
  N= 2: Σsteps=         4  Σquot=             5
  N= 3: Σsteps=        11  Σquot=            16
  N= 4: Σsteps=        23  Σquot=            38
  N= 5: Σsteps=        44  Σquot=            79
  N= 6: Σsteps=        73  Σquot=           141
  N= 7: Σsteps=       116  Σquot=           238
  N= 8: Σsteps=       174  Σquot=           372
  N= 9: Σsteps=       249  Σquot=           555
  N=10: Σsteps=       342  Σquot=           791
  N=11: Σsteps=       463  Σquot=          1102
  N=12: Σsteps=       605  Σquot=          1478
  N=13: Σsteps=       780  Σquot=          1953
  N=14: Σsteps=       987  Σquot=          2521
  N=15: Σsteps=      1226  Σquot=          3194
  N=16: Σsteps=      1500  Σquot=          3982
  N=17: Σsteps=      1821  Σquot=          4921
  N=18: Σsteps=      2184  Σquot=          5987
  N=19: Σsteps=      2603  Σquot=          7232
  N=20: Σsteps=      3067  Σquot=          8630
  N=21: Σsteps=      3582  Σquot=         10209
  N=22: Σsteps=      4153  Σquot=         11981
  N=23: Σsteps=      4798  Σquot=         13992
  N=24: Σsteps=      5498  Σquot=         16194
  N=25: Σsteps=      6267  Σquot=         18653
  N=26: Σsteps=      7110  Σquot=         21361
  N=27: Σsteps=      8029  Σquot=         24340
  N=28: Σsteps=      9021  Σquot=         27580
  N=29: Σsteps=     10110  Σquot=         31159
  N=30: Σsteps=     11271  Σquot=         35001

=== Sum of gcd(a,b) for a,b ≤ N ===
  N= 1: Σgcd=               1
  N= 2: Σgcd=               6
  N= 3: Σgcd=              18
  N= 4: Σgcd=              42
  N= 5: Σgcd=              79
  N= 6: Σgcd=             140
  N= 7: Σgcd=             220
  N= 8: Σgcd=             332
  N= 9: Σgcd=             477
  N=10: Σgcd=             666
  N=11: Σgcd=             886
  N=12: Σgcd=            1174
  N=13: Σgcd=            1499
  N=14: Σgcd=            1888
  N=15: Σgcd=            2352
  N=16: Σgcd=            2896
  N=17: Σgcd=            3489
  N=18: Σgcd=            4190
  N=19: Σgcd=            4946
  N=20: Σgcd=            5826
  N=21: Σgcd=            6815
  N=22: Σgcd=            7908
  N=23: Σgcd=            9068
  N=24: Σgcd=           10404
  N=25: Σgcd=           11845
  N=26: Σgcd=           13410
  N=27: Σgcd=           15110
  N=28: Σgcd=           16990
  N=29: Σgcd=           18955
  N=30: Σgcd=           21160

=== Bezout game analysis ===
  The answer 202642367520564145 could be:
  - Number of winning positions in a Bezout/Euclid game
  - Sum of something over coprime pairs
  - Count of pairs with specific Euclidean algorithm property
