Verifying known values:
P_3(1) = 12/49 (expected 12/49)
M_3(1) = 588 (expected 588)

P_6(2) = 368/1323 (expected 368/1323)
M_6(2) = 486864 (expected 486864)

All P_3:
P_3(1) = 12/49 = 0.244898
P_3(2) = 20/49 = 0.408163
P_3(3) = 17/49 = 0.346939

All P_4:
P_4(1) = 32/225 = 0.142222
P_4(2) = 76/225 = 0.337778
P_4(3) = 68/225 = 0.302222
P_4(4) = 49/225 = 0.217778

All P_5:
P_5(1) = 80/961 = 0.0832466
P_5(2) = 288/961 = 0.299688
P_5(3) = 268/961 = 0.278876
P_5(4) = 196/961 = 0.203954
P_5(5) = 129/961 = 0.134235
