PE 894: Spiral of Theodorus / 泰奥多勒斯螺线

=== First 15 spiral points ===
  n |     x    |     y    | radius | angle(°)
  ---|----------|----------|--------|---------
   0 |   1.0000 |   0.0000 | 1.0000 |  0.0000
   1 |   1.0000 |   1.0000 | 1.4142 | 45.0000
   2 |   0.2929 |   1.7071 | 1.7321 | 80.2644
   3 |  -0.6927 |   1.8762 | 2.0000 | 110.2644
   4 |  -1.6308 |   1.5299 | 2.2361 | 136.8294
   5 |  -2.3150 |   0.8005 | 2.4495 | 160.9243
   6 |  -2.6418 |  -0.1446 | 2.6458 | 183.1319
   7 |  -2.5872 |  -1.1431 | 2.8284 | 203.8367
   8 |  -2.1830 |  -2.0578 | 3.0000 | 223.3080
   9 |  -1.4971 |  -2.7854 | 3.1623 | 241.7429
  10 |  -0.6163 |  -3.2589 | 3.3166 | 259.2913
  11 |   0.3663 |  -3.4447 | 3.4641 | 276.0700
  12 |   1.3607 |  -3.3389 | 3.6056 | 292.1721
  13 |   2.2868 |  -2.9615 | 3.7417 | 307.6734
  14 |   3.0783 |  -2.3504 | 3.8730 | 322.6367
  15 |   3.6851 |  -1.5556 | 4.0000 | 337.1142

=== Number of windings ===
  N=  10: windings=0.7203 (approx=1.0066)
  N=  50: windings=1.9335 (approx=2.2508)
  N= 100: windings=2.8582 (approx=3.1831)
  N= 200: windings=4.1713 (approx=4.5016)
  N= 500: windings=6.7825 (approx=7.1176)
  N=1000: windings=9.7283 (approx=10.0658)

=== Lattice points inside (small N) ===
  N= 5: 4 lattice points
  N=10: 11 lattice points
  N=15: 21 lattice points

=== Asymptotic angle growth ===
  φ_N ≈ 2√N  for large N
  φ_N - 2√N → C (constant ≈ -1.46...)

=== PE Answer ===
0.7718678168
