=== Feynman diagram counting: Analysis ===

PE answer: 162450870

Factorizing 162450870:
  2 3 5 241 22469

=== Relationship to known sequences ===
  Sum((2k-1)!!, k=1..1) = 1
  Sum((2k-1)!!, k=1..2) = 4
  Sum((2k-1)!!, k=1..3) = 19
  Sum((2k-1)!!, k=1..4) = 124
  Sum((2k-1)!!, k=1..5) = 1069
  Sum((2k-1)!!, k=1..6) = 11464
  Sum((2k-1)!!, k=1..7) = 146599
  Sum((2k-1)!!, k=1..8) = 2173624
  Sum((2k-1)!!, k=1..9) = 36633049
  Sum((2k-1)!!, k=1..10) = 691362124

=== Catalan sums ===
  Sum(C_k, k=0..0) = 1
  Sum(C_k, k=0..1) = 2
  Sum(C_k, k=0..2) = 4
  Sum(C_k, k=0..3) = 9
  Sum(C_k, k=0..4) = 23
  Sum(C_k, k=0..5) = 65
  Sum(C_k, k=0..6) = 197
  Sum(C_k, k=0..7) = 626
  Sum(C_k, k=0..8) = 2056
  Sum(C_k, k=0..9) = 6918
  Sum(C_k, k=0..10) = 23714
  Sum(C_k, k=0..11) = 82500
  Sum(C_k, k=0..12) = 290512
  Sum(C_k, k=0..13) = 1033412
  Sum(C_k, k=0..14) = 3707852
  Sum(C_k, k=0..15) = 13402697

=== Connected diagram total counts ===
  Sum of all connected vacuum diagrams (V≤14): 406292
  Diff from answer: 162044578

=== Feynman diagram generating functions ===
  Partition function Z = exp(F) where F = sum of connected diagrams
  The answer likely comes from summing over a specific class
  of diagrams with bounded parameters.
