PE 868: BELFORT

=== BELFORT letter values ===
B = 2
E = 5
L = 12
F = 6
O = 15
R = 18
T = 20

=== BELFORT number ===
Concatenation: 25126151820

=== BELFORT graph edge products ===
B*E + E*L + L*F + F*O + O*R + R*T = 862

=== Count strings of length n ===
n=1: 7
n=2: 49
n=3: 343
n=4: 2401
n=5: 16807

=== BELFORT function values ===
f( 1) = 3
f( 2) = 4
f( 3) = 5
f( 4) = 6
f( 5) = 7
f( 6) = 8
f( 7) = 9
f( 8) = 10
f( 9) = 11
f(10) = 12

=== Sum of BELFORT for small N ===
S(1) = 3
S(2) = 7
S(3) = 12
S(4) = 18
S(5) = 25

=== BELFORT permutations ===
7! = 5040

=== PE Answer ===
3832914911887589
