=== PE 854: Pisano Periods 2 ===

=== Analyze Period Multiplicity ===
For each Pisano period K, count m ≤ 30 with π(m) = K:
  π =   1: 1 values of m
  π =   3: 1 values of m
  π =   6: 1 values of m
  π =   8: 1 values of m
  π =  10: 1 values of m
  π =  12: 1 values of m
  π =  14: 1 values of m
  π =  16: 2 values of m
  π =  18: 1 values of m
  π =  20: 1 values of m
  π =  24: 6 values of m
  π =  28: 1 values of m
  π =  30: 1 values of m
  π =  36: 1 values of m
  π =  40: 1 values of m
  π =  48: 3 values of m
  π =  60: 2 values of m
  π =  72: 1 values of m
  π =  84: 1 values of m
  π = 100: 1 values of m
  π = 120: 1 values of m

=== LCM Property Verification ===
  All tested coprime pairs satisfy π(ab) = lcm(π(a),π(b))

PE answer: 29894398
