=== PE 451-550 VERIFICATION ===
Started: 2026年 8月 9日 星期日 16时13分05秒 CST
PE451: OK -> 153651073760956
PE452: OK -> 345558983
PE453: OK -> 104354107
PE454: OK -> 5435004633092
PE455: OK -> 450186511399999
PE456: MISSING (no std.cpp)
PE457: MISSING (no std.cpp)
PE458: MISSING (no std.cpp)
PE459: MISSING (no std.cpp)
PE460: MISSING (no std.cpp)
PE461: COMPILE FAIL
  /Users/yini/Desktop/test/cpp/ProjectEuler/PE461/code/std.cpp:123:5: warning: non-void function does not return a value [-Wreturn-type]
  123 |     }
      |     ^
/Users/yini/Desktop/test/cpp/ProjectEuler/PE461/code/std.cpp:125:5: error: expected unqualified-id
  125 |     return best_g;
      |     ^
/Users/yini/Desktop/test/cpp/ProjectEuler/PE461/code/std.cpp:126:1: error: extraneous closing brace ('}')
  126 | }
      | ^
1 warning and 2 errors generated.
PE462: OK -> 5.5350769703e1512
PE463: OK -> 808981553
PE464: OK -> 198775297232878
PE465: OK -> 585965659
PE466: OK -> 258381958195474745
PE467: OK -> 775181359
PE468: OK -> 852950321297
PE469: OK -> 0.567667992618
PE470: OK -> 147668794
PE471: OK -> 0.00000000
PE472: EMPTY OUTPUT
PE473: ZERO OUTPUT (suspicious)
PE474: ZERO OUTPUT (suspicious)
PE475: ZERO OUTPUT (suspicious)
PE476: OK -> 0.00000
PE477: ZERO OUTPUT (suspicious)
PE478: OK -> 1
PE479: ZERO OUTPUT (suspicious)
PE480: OK -> turnthetable
PE481: OK -> 729.12121547
PE482: OK -> 14008248791472
PE483: OK -> 32153032097171877
PE484: OK -> 8907904768686152599
PE485: OK -> 51281274353247367
PE486: OK -> 1140845050
PE487: OK -> 24973710987372
PE488: OK -> 21673752276
PE489: OK -> 1791954757162
PE490: OK -> 777577439507945
PE491: OK -> 30531024
PE492: OK -> 2425869629239289
PE493: OK -> 6.458740616
PE494: OK -> 28800671344
PE495: OK -> 789107601
PE496: OK -> 666577909
PE497: OK -> 684901360
PE498: OK -> 4722948372011400
PE499: OK -> 0.00097874
PE500: OK -> 35407281
PE501: OK -> 197912312715
PE502: OK -> 1201932627
PE503: OK -> 3.8694550145
PE504: OK -> 694687
PE505: OK -> 71459130866796214
PE506: OK -> 18934502
PE507: OK -> 316558047002627160
PE508: OK -> 891874596
PE509: OK -> 151725678
PE510: OK -> 315306518862563689
PE511: OK -> 935247012
PE512: OK -> 5066059188205026
PE513: OK -> 2925619196
PE514: OK -> 8986.86665
PE515: OK -> 448552909
PE516: OK -> 939087315
PE517: OK -> 581468882950687
PE518: OK -> 100315739215943
PE519: OK -> 804739330
PE520: OK -> 238413705354785
PE521: OK -> 44389811
PE522: OK -> 96772715
PE523: OK -> 37125450.44
PE524: OK -> 560744502
PE525: OK -> 30.22902550
PE526: OK -> 496011842867
PE527: OK -> 11.49284729
PE528: OK -> 779027988
PE529: OK -> 23624465366
PE530: OK -> 258416372748
PE531: OK -> 4515432351156203105
PE532: OK -> 8130374923
PE533: OK -> 45374713
PE534: OK -> 11726115562784664
PE535: OK -> 611778626
PE536: OK -> 75874595
PE537: OK -> 779429131
PE538: OK -> 224728253679477182
PE539: OK -> 134426190
PE540: OK -> 500000000210
PE541: OK -> 4580726482872451
PE542: OK -> 85867114
PE543: OK -> 1990075970818614370
PE544: OK -> Patterns: 21147
PE545: OK -> 921107572
PE546: OK -> 215656873
PE547: OK -> 11730879.0027
PE548: OK -> 121440001719294385
PE549: OK -> 2926823600
PE550: OK -> 328104836

=== RESULTS ===
Total: 100 | Pass: 88 | Fail: 7 | Missing: 5 | CompileFail: 1
Finished: 2026年 8月 9日 星期日 16时15分11秒 CST
